Archive member included to satisfy reference by file (symbol)

/home/fsw/rep/tasa/lib/bcc-2.2.3-gcc/bin/../sparc-gaisler-elf/bsp/leon3/leon3/mfix-gr712rc/flat/libbcc.a(reset_trap_mvt.S.o)
                              /home/fsw/rep/tasa/lib/bcc-2.2.3-gcc/bin/../sparc-gaisler-elf/bsp/leon3/leon3/mfix-gr712rc/flat/trap_table_mvt_tn0018.S.o (__bcc_trap_reset_mvt)
/home/fsw/rep/tasa/lib/bcc-2.2.3-gcc/bin/../sparc-gaisler-elf/bsp/leon3/leon3/mfix-gr712rc/flat/libbcc.a(sw_trap_set_pil.S.o)
                              /home/fsw/rep/tasa/lib/bcc-2.2.3-gcc/bin/../sparc-gaisler-elf/bsp/leon3/leon3/mfix-gr712rc/flat/trap_table_mvt_tn0018.S.o (__bcc_trap_sw_set_pil)
/home/fsw/rep/tasa/lib/bcc-2.2.3-gcc/bin/../sparc-gaisler-elf/bsp/leon3/leon3/mfix-gr712rc/flat/libbcc.a(init.S.o)
                              /home/fsw/rep/tasa/lib/bcc-2.2.3-gcc/bin/../sparc-gaisler-elf/bsp/leon3/leon3/mfix-gr712rc/flat/libbcc.a(reset_trap_mvt.S.o) (__bcc_init40)
/home/fsw/rep/tasa/lib/bcc-2.2.3-gcc/bin/../sparc-gaisler-elf/bsp/leon3/leon3/mfix-gr712rc/flat/libbcc.a(leon_info.S.o)
                              /home/fsw/rep/tasa/lib/bcc-2.2.3-gcc/bin/../sparc-gaisler-elf/bsp/leon3/leon3/mfix-gr712rc/flat/crt0.S.o (__bcc_get_leon_info)
/home/fsw/rep/tasa/lib/bcc-2.2.3-gcc/bin/../sparc-gaisler-elf/bsp/leon3/leon3/mfix-gr712rc/flat/libbcc.a(dwzero.S.o)
                              /home/fsw/rep/tasa/lib/bcc-2.2.3-gcc/bin/../sparc-gaisler-elf/bsp/leon3/leon3/mfix-gr712rc/flat/crt0.S.o (bcc_dwzero)
/home/fsw/rep/tasa/lib/bcc-2.2.3-gcc/bin/../sparc-gaisler-elf/bsp/leon3/leon3/mfix-gr712rc/flat/libbcc.a(copy_data.c.o)
                              /home/fsw/rep/tasa/lib/bcc-2.2.3-gcc/bin/../sparc-gaisler-elf/bsp/leon3/leon3/mfix-gr712rc/flat/crt0.S.o (__bcc_copy_data)
/home/fsw/rep/tasa/lib/bcc-2.2.3-gcc/bin/../sparc-gaisler-elf/bsp/leon3/leon3/mfix-gr712rc/flat/libbcc.a(argv.c.o)
                              /home/fsw/rep/tasa/lib/bcc-2.2.3-gcc/bin/../sparc-gaisler-elf/bsp/leon3/leon3/mfix-gr712rc/flat/crt0.S.o (__bcc_argvp)
/home/fsw/rep/tasa/lib/bcc-2.2.3-gcc/bin/../sparc-gaisler-elf/bsp/leon3/leon3/mfix-gr712rc/flat/libbcc.a(interrupt_trap_flat_tn0018.S.o)
                              /home/fsw/rep/tasa/lib/bcc-2.2.3-gcc/bin/../sparc-gaisler-elf/bsp/leon3/leon3/mfix-gr712rc/flat/trap_table_mvt_tn0018.S.o (__bcc_trap_interrupt_flat_tn0018)
/home/fsw/rep/tasa/lib/bcc-2.2.3-gcc/bin/../sparc-gaisler-elf/bsp/leon3/leon3/mfix-gr712rc/flat/libbcc.a(int_irqmp_get_source.c.o)
                              /home/fsw/rep/tasa/lib/bcc-2.2.3-gcc/bin/../sparc-gaisler-elf/bsp/leon3/leon3/mfix-gr712rc/flat/libbcc.a(interrupt_trap_flat_tn0018.S.o) (__bcc_int_get_source)
/home/fsw/rep/tasa/lib/bcc-2.2.3-gcc/bin/../sparc-gaisler-elf/bsp/leon3/leon3/mfix-gr712rc/flat/libbcc.a(int_irqmp_mp.c.o)
                              /tmp/ccoCRLoD.o (bcc_get_cpu_count)
/home/fsw/rep/tasa/lib/bcc-2.2.3-gcc/bin/../sparc-gaisler-elf/bsp/leon3/leon3/mfix-gr712rc/flat/libbcc.a(int_irqmp_init.c.o)
                              /home/fsw/rep/tasa/lib/bcc-2.2.3-gcc/bin/../sparc-gaisler-elf/bsp/leon3/leon3/mfix-gr712rc/flat/crt0.S.o (__bcc_int_init)
/home/fsw/rep/tasa/lib/bcc-2.2.3-gcc/bin/../sparc-gaisler-elf/bsp/leon3/leon3/mfix-gr712rc/flat/libbcc.a(con_apbuart_init.c.o)
                              /home/fsw/rep/tasa/lib/bcc-2.2.3-gcc/bin/../sparc-gaisler-elf/bsp/leon3/leon3/mfix-gr712rc/flat/crt0.S.o (__bcc_con_init)
/home/fsw/rep/tasa/lib/bcc-2.2.3-gcc/bin/../sparc-gaisler-elf/bsp/leon3/leon3/mfix-gr712rc/flat/libbcc.a(timer_gptimer_init.c.o)
                              /home/fsw/rep/tasa/lib/bcc-2.2.3-gcc/bin/../sparc-gaisler-elf/bsp/leon3/leon3/mfix-gr712rc/flat/crt0.S.o (__bcc_timer_init)
/home/fsw/rep/tasa/lib/bcc-2.2.3-gcc/bin/../sparc-gaisler-elf/bsp/leon3/leon3/mfix-gr712rc/flat/libbcc.a(isr.c.o)
                              /home/fsw/rep/tasa/lib/bcc-2.2.3-gcc/bin/../sparc-gaisler-elf/bsp/leon3/leon3/mfix-gr712rc/flat/libbcc.a(interrupt_trap_flat_tn0018.S.o) (__bcc_isr_list)
/home/fsw/rep/tasa/lib/bcc-2.2.3-gcc/bin/../sparc-gaisler-elf/bsp/leon3/leon3/mfix-gr712rc/flat/libbcc.a(int_nest.c.o)
                              /home/fsw/rep/tasa/lib/bcc-2.2.3-gcc/bin/../sparc-gaisler-elf/bsp/leon3/leon3/mfix-gr712rc/flat/libbcc.a(interrupt_trap_flat_tn0018.S.o) (__bcc_int_nest)
/home/fsw/rep/tasa/lib/bcc-2.2.3-gcc/bin/../sparc-gaisler-elf/bsp/leon3/leon3/mfix-gr712rc/flat/libbcc.a(ambapp.c.o)
                              /home/fsw/rep/tasa/lib/bcc-2.2.3-gcc/bin/../sparc-gaisler-elf/bsp/leon3/leon3/mfix-gr712rc/flat/libbcc.a(int_irqmp_init.c.o) (ambapp_visit)
/home/fsw/rep/tasa/lib/bcc-2.2.3-gcc/bin/../sparc-gaisler-elf/bsp/leon3/leon3/mfix-gr712rc/flat/libbcc.a(ambapp_findfirst_fn.c.o)
                              /home/fsw/rep/tasa/lib/bcc-2.2.3-gcc/bin/../sparc-gaisler-elf/bsp/leon3/leon3/mfix-gr712rc/flat/libbcc.a(int_irqmp_init.c.o) (ambapp_findfirst_fn)
[...]
Memory Configuration

Name             Origin             Length             Attributes
rom              0x0000000000000000 0x0000000020000000
ram              0x0000000040000000 0x0000000040000000
*default*        0x0000000000000000 0xffffffffffffffff

Linker script and memory map

LOAD /home/fsw/rep/tasa/lib/bcc-2.2.3-gcc/bin/../sparc-gaisler-elf/bsp/leon3/leon3/mfix-gr712rc/flat/trap_table_mvt_tn0018.S.o
LOAD /home/fsw/rep/tasa/lib/bcc-2.2.3-gcc/bin/../sparc-gaisler-elf/bsp/leon3/leon3/mfix-gr712rc/flat/crt0.S.o
LOAD /home/fsw/rep/tasa/lib/bcc-2.2.3-gcc/bin/../lib/gcc/sparc-gaisler-elf/10.2.0/leon3/mfix-gr712rc/flat/crti.o
LOAD /home/fsw/rep/tasa/lib/bcc-2.2.3-gcc/bin/../lib/gcc/sparc-gaisler-elf/10.2.0/leon3/mfix-gr712rc/flat/crtbegin.o
LOAD /tmp/ccoCRLoD.o
                0x0000000000000000                PROVIDE (__bcc_cfg_skip_clear_bss = 0x0)

.text           0x0000000040000000    0x10280
 CREATE_OBJECT_SYMBOLS
                0x0000000040000000                __text_start = .
                0x0000000040000000                . = ALIGN (0x1000)
 *(.text.traptable)
 .text.traptable
                0x0000000040000000     0x1000 /home/fsw/rep/tasa/lib/bcc-2.2.3-gcc/bin/../sparc-gaisler-elf/bsp/leon3/leon3/mfix-gr712rc/flat/trap_table_mvt_tn0018.S.o
                0x0000000040000000                __bcc_trap_table
                0x0000000040000000                __bcc_entry_point
 *(.text .text.*)
 .text          0x0000000040001000        0x0 /home/fsw/rep/tasa/lib/bcc-2.2.3-gcc/bin/../sparc-gaisler-elf/bsp/leon3/leon3/mfix-gr712rc/flat/trap_table_mvt_tn0018.S.o
 .text          0x0000000040001000       0xc8 /home/fsw/rep/tasa/lib/bcc-2.2.3-gcc/bin/../sparc-gaisler-elf/bsp/leon3/leon3/mfix-gr712rc/flat/crt0.S.o
                0x0000000040001000                __bcc_crt0
 .text          0x00000000400010c8        0x0 /home/fsw/rep/tasa/lib/bcc-2.2.3-gcc/bin/../lib/gcc/sparc-gaisler-elf/10.2.0/leon3/mfix-gr712rc/flat/crti.o
 .text          0x00000000400010c8      0x200 /home/fsw/rep/tasa/lib/bcc-2.2.3-gcc/bin/../lib/gcc/sparc-gaisler-elf/10.2.0/leon3/mfix-gr712rc/flat/crtbegin.o
 .text          0x00000000400012c8        0x0 /tmp/ccoCRLoD.o
 .text.startup  0x00000000400012c8      0x170 /tmp/ccoCRLoD.o
                0x00000000400012c8                main
 .text          0x0000000040001438       0x90 /home/fsw/rep/tasa/lib/bcc-2.2.3-gcc/bin/../sparc-gaisler-elf/bsp/leon3/leon3/mfix-gr712rc/flat/libbcc.a(reset_trap_mvt.S.o)
                0x0000000040001438                __bcc_trap_reset_mvt
 .text          0x00000000400014c8       0x2c /home/fsw/rep/tasa/lib/bcc-2.2.3-gcc/bin/../sparc-gaisler-elf/bsp/leon3/leon3/mfix-gr712rc/flat/libbcc.a(sw_trap_set_pil.S.o)
                0x00000000400014c8                __bcc_trap_sw_set_pil
 .text          0x00000000400014f4        0x8 /home/fsw/rep/tasa/lib/bcc-2.2.3-gcc/bin/../sparc-gaisler-elf/bsp/leon3/leon3/mfix-gr712rc/flat/libbcc.a(init.S.o)
                0x00000000400014f4                __bcc_init50
                0x00000000400014f4                __bcc_init40
                0x00000000400014f4                __bcc_init70
                0x00000000400014f4                __bcc_init60
 .text          0x00000000400014fc       0x98 /home/fsw/rep/tasa/lib/bcc-2.2.3-gcc/bin/../sparc-gaisler-elf/bsp/leon3/leon3/mfix-gr712rc/flat/libbcc.a(leon_info.S.o)
                0x00000000400014fc                __bcc_get_leon_info
                0x0000000040001584                bcc_get_cpuid
 .text          0x0000000040001594       0x2c /home/fsw/rep/tasa/lib/bcc-2.2.3-gcc/bin/../sparc-gaisler-elf/bsp/leon3/leon3/mfix-gr712rc/flat/libbcc.a(dwzero.S.o)
                0x0000000040001594                bcc_dwzero
 .text          0x00000000400015c0       0x78 /home/fsw/rep/tasa/lib/bcc-2.2.3-gcc/bin/../sparc-gaisler-elf/bsp/leon3/leon3/mfix-gr712rc/flat/libbcc.a(copy_data.c.o)
                0x00000000400015c0                __bcc_copy_data
 .text          0x0000000040001638        0x0 /home/fsw/rep/tasa/lib/bcc-2.2.3-gcc/bin/../sparc-gaisler-elf/bsp/leon3/leon3/mfix-gr712rc/flat/libbcc.a(argv.c.o)
 *fill*         0x0000000040001638        0x8 
 .text          0x0000000040001640      0x1a0 /home/fsw/rep/tasa/lib/bcc-2.2.3-gcc/bin/../sparc-gaisler-elf/bsp/leon3/leon3/mfix-gr712rc/flat/libbcc.a(interrupt_trap_flat_tn0018.S.o)
                0x0000000040001640                __bcc_trap_interrupt_flat_svt_tn0018
                0x0000000040001644                __bcc_trap_interrupt_flat_tn0018
 .text          0x00000000400017e0       0x48 /home/fsw/rep/tasa/lib/bcc-2.2.3-gcc/bin/../sparc-gaisler-elf/bsp/leon3/leon3/mfix-gr712rc/flat/libbcc.a(int_irqmp_get_source.c.o)
                0x00000000400017e0                __bcc_int_get_source
 .text          0x0000000040001828       0xa0 /home/fsw/rep/tasa/lib/bcc-2.2.3-gcc/bin/../sparc-gaisler-elf/bsp/leon3/leon3/mfix-gr712rc/flat/libbcc.a(int_irqmp_mp.c.o)
                0x0000000040001828                bcc_send_interrupt
                0x0000000040001868                bcc_get_cpu_count
                0x0000000040001894                bcc_start_processor
 .text          0x00000000400018c8      0x1e4 /home/fsw/rep/tasa/lib/bcc-2.2.3-gcc/bin/../sparc-gaisler-elf/bsp/leon3/leon3/mfix-gr712rc/flat/libbcc.a(int_irqmp_init.c.o)
                0x00000000400018c8                __bcc_int_init
 .text          0x0000000040001aac       0x6c /home/fsw/rep/tasa/lib/bcc-2.2.3-gcc/bin/../sparc-gaisler-elf/bsp/leon3/leon3/mfix-gr712rc/flat/libbcc.a(con_apbuart_init.c.o)
                0x0000000040001aac                __bcc_con_init
 .text          0x0000000040001b18       0x9c /home/fsw/rep/tasa/lib/bcc-2.2.3-gcc/bin/../sparc-gaisler-elf/bsp/leon3/leon3/mfix-gr712rc/flat/libbcc.a(timer_gptimer_init.c.o)
                0x0000000040001b18                __bcc_timer_init
 .text          0x0000000040001bb4        0x0 /home/fsw/rep/tasa/lib/bcc-2.2.3-gcc/bin/../sparc-gaisler-elf/bsp/leon3/leon3/mfix-gr712rc/flat/libbcc.a(isr.c.o)
 .text          0x0000000040001bb4        0x0 /home/fsw/rep/tasa/lib/bcc-2.2.3-gcc/bin/../sparc-gaisler-elf/bsp/leon3/leon3/mfix-gr712rc/flat/libbcc.a(int_nest.c.o)
 .text          0x0000000040001bb4      0x7fc /home/fsw/rep/tasa/lib/bcc-2.2.3-gcc/bin/../sparc-gaisler-elf/bsp/leon3/leon3/mfix-gr712rc/flat/libbcc.a(ambapp.c.o)
                0x0000000040001bb4                ambapp_get_ahbinfo
                0x00000000400022c8                ambapp_get_apbinfo
                0x0000000040002378                ambapp_visit
 .text          0x00000000400023b0       0xac /home/fsw/rep/tasa/lib/bcc-2.2.3-gcc/bin/../sparc-gaisler-elf/bsp/leon3/leon3/mfix-gr712rc/flat/libbcc.a(ambapp_findfirst_fn.c.o)
                0x00000000400023b0                ambapp_findfirst_fn
 .text          0x000000004000245c        0x0 /home/fsw/rep/tasa/lib/bcc-2.2.3-gcc/bin/../sparc-gaisler-elf/bsp/leon3/leon3/mfix-gr712rc/flat/libbcc.a(int_irqmp_handle.c.o)
 .text          0x000000004000245c        0x0 /home/fsw/rep/tasa/lib/bcc-2.2.3-gcc/bin/../sparc-gaisler-elf/bsp/leon3/leon3/mfix-gr712rc/flat/libbcc.a(con_handle.c.o)
 .text          0x000000004000245c        0x0 /home/fsw/rep/tasa/lib/bcc-2.2.3-gcc/bin/../sparc-gaisler-elf/bsp/leon3/leon3/mfix-gr712rc/flat/libbcc.a(timer_handle.c.o)
 .text          0x000000004000245c       0x1c /home/fsw/rep/tasa/lib/bcc-2.2.3-gcc/bin/../lib/gcc/sparc-gaisler-elf/10.2.0/../../../../sparc-gaisler-elf/lib/leon3/mfix-gr712rc/flat/libc.a(lib_a-atexit.o)
                0x000000004000245c                atexit
 .text          0x0000000040002478       0x50 /home/fsw/rep/tasa/lib/bcc-2.2.3-gcc/bin/../lib/gcc/sparc-gaisler-elf/10.2.0/../../../../sparc-gaisler-elf/lib/leon3/mfix-gr712rc/flat/libc.a(lib_a-exit.o)
                0x0000000040002478                exit
 .text          0x00000000400024c8        0x0 /home/fsw/rep/tasa/lib/bcc-2.2.3-gcc/bin/../lib/gcc/sparc-gaisler-elf/10.2.0/../../../../sparc-gaisler-elf/lib/leon3/mfix-gr712rc/flat/libc.a(lib_a-impure.o)
 .text          0x00000000400024c8      0x1d8 /home/fsw/rep/tasa/lib/bcc-2.2.3-gcc/bin/../lib/gcc/sparc-gaisler-elf/10.2.0/../../../../sparc-gaisler-elf/lib/leon3/mfix-gr712rc/flat/libc.a(lib_a-memcpy.o)
                0x00000000400024c8                memcpy
 .text          0x00000000400026a0      0x160 /home/fsw/rep/tasa/lib/bcc-2.2.3-gcc/bin/../lib/gcc/sparc-gaisler-elf/10.2.0/../../../../sparc-gaisler-elf/lib/leon3/mfix-gr712rc/flat/libc.a(lib_a-printf.o)
                0x00000000400026a0                _printf_r
                0x0000000040002750                printf
 .text          0x0000000040002800      0x114 /home/fsw/rep/tasa/lib/bcc-2.2.3-gcc/bin/../lib/gcc/sparc-gaisler-elf/10.2.0/../../../../sparc-gaisler-elf/lib/leon3/mfix-gr712rc/flat/libc.a(lib_a-putchar.o)
                0x0000000040002800                _putchar_r
                0x0000000040002884                putchar
 .text          0x0000000040002914      0x2a8 /home/fsw/rep/tasa/lib/bcc-2.2.3-gcc/bin/../lib/gcc/sparc-gaisler-elf/10.2.0/../../../../sparc-gaisler-elf/lib/leon3/mfix-gr712rc/flat/libc.a(lib_a-puts.o)
                0x0000000040002914                _puts_r
                0x0000000040002a68                puts
 .text          0x0000000040002bbc       0xc4 /home/fsw/rep/tasa/lib/bcc-2.2.3-gcc/bin/../lib/gcc/sparc-gaisler-elf/10.2.0/../../../../sparc-gaisler-elf/lib/leon3/mfix-gr712rc/flat/libc.a(lib_a-strlen.o)
                0x0000000040002bbc                strlen
 .text          0x0000000040002c80     0x2f30 /home/fsw/rep/tasa/lib/bcc-2.2.3-gcc/bin/../lib/gcc/sparc-gaisler-elf/10.2.0/../../../../sparc-gaisler-elf/lib/leon3/mfix-gr712rc/flat/libc.a(lib_a-vfprintf.o)
                0x0000000040002dec                _vfprintf_r
                0x0000000040005ab8                vfprintf
 .text          0x0000000040005bb0      0x200 /home/fsw/rep/tasa/lib/bcc-2.2.3-gcc/bin/../lib/gcc/sparc-gaisler-elf/10.2.0/../../../../sparc-gaisler-elf/lib/leon3/mfix-gr712rc/flat/libc.a(lib_a-wsetup.o)
                0x0000000040005bb0                __swsetup_r
 .text          0x0000000040005db0      0x19c /home/fsw/rep/tasa/lib/bcc-2.2.3-gcc/bin/../lib/gcc/sparc-gaisler-elf/10.2.0/../../../../sparc-gaisler-elf/lib/leon3/mfix-gr712rc/flat/libc.a(lib_a-__atexit.o)
                0x0000000040005db0                __register_exitproc
 .text          0x0000000040005f4c      0x30c /home/fsw/rep/tasa/lib/bcc-2.2.3-gcc/bin/../lib/gcc/sparc-gaisler-elf/10.2.0/../../../../sparc-gaisler-elf/lib/leon3/mfix-gr712rc/flat/libc.a(lib_a-__call_atexit.o)
                0x0000000040005f4c                __call_exitprocs
 .text          0x0000000040006258     0x15f8 /home/fsw/rep/tasa/lib/bcc-2.2.3-gcc/bin/../lib/gcc/sparc-gaisler-elf/10.2.0/../../../../sparc-gaisler-elf/lib/leon3/mfix-gr712rc/flat/libc.a(lib_a-dtoa.o)
                0x000000004000647c                _dtoa_r
 .text          0x0000000040007850      0x4b8 /home/fsw/rep/tasa/lib/bcc-2.2.3-gcc/bin/../lib/gcc/sparc-gaisler-elf/10.2.0/../../../../sparc-gaisler-elf/lib/leon3/mfix-gr712rc/flat/libc.a(lib_a-fflush.o)
                0x0000000040007850                __sflush_r
                0x0000000040007b00                _fflush_r
                0x0000000040007be0                fflush
 .text          0x0000000040007d08      0x418 /home/fsw/rep/tasa/lib/bcc-2.2.3-gcc/bin/../lib/gcc/sparc-gaisler-elf/10.2.0/../../../../sparc-gaisler-elf/lib/leon3/mfix-gr712rc/flat/libc.a(lib_a-findfp.o)
                0x0000000040007d08                _cleanup_r
                0x0000000040007d1c                __sfmoreglue
                0x0000000040007d88                __sfp
                0x00000000400080e0                _cleanup
                0x00000000400080fc                __sinit
 .text          0x0000000040008120      0x4c0 /home/fsw/rep/tasa/lib/bcc-2.2.3-gcc/bin/../lib/gcc/sparc-gaisler-elf/10.2.0/../../../../sparc-gaisler-elf/lib/leon3/mfix-gr712rc/flat/libc.a(lib_a-freer.o)
                0x0000000040008120                _malloc_trim_r
                0x0000000040008240                _free_r
 .text          0x00000000400085e0      0x580 /home/fsw/rep/tasa/lib/bcc-2.2.3-gcc/bin/../lib/gcc/sparc-gaisler-elf/10.2.0/../../../../sparc-gaisler-elf/lib/leon3/mfix-gr712rc/flat/libc.a(lib_a-fvwrite.o)
                0x00000000400085e0                __sfvwrite_r
 .text          0x0000000040008b60      0x150 /home/fsw/rep/tasa/lib/bcc-2.2.3-gcc/bin/../lib/gcc/sparc-gaisler-elf/10.2.0/../../../../sparc-gaisler-elf/lib/leon3/mfix-gr712rc/flat/libc.a(lib_a-fwalk.o)
                0x0000000040008b60                _fwalk
                0x0000000040008c08                _fwalk_reent
 .text          0x0000000040008cb0       0x60 /home/fsw/rep/tasa/lib/bcc-2.2.3-gcc/bin/../lib/gcc/sparc-gaisler-elf/10.2.0/../../../../sparc-gaisler-elf/lib/leon3/mfix-gr712rc/flat/libc.a(lib_a-localeconv.o)
                0x0000000040008cb0                __localeconv_l
                0x0000000040008cb8                _localeconv_r
                0x0000000040008ce4                localeconv
 .text          0x0000000040008d10      0x2a4 /home/fsw/rep/tasa/lib/bcc-2.2.3-gcc/bin/../lib/gcc/sparc-gaisler-elf/10.2.0/../../../../sparc-gaisler-elf/lib/leon3/mfix-gr712rc/flat/libc.a(lib_a-makebuf.o)
                0x0000000040008d10                __smakebuf_r
                0x0000000040008ed4                __swhatbuf_r
 .text          0x0000000040008fb4       0x30 /home/fsw/rep/tasa/lib/bcc-2.2.3-gcc/bin/../lib/gcc/sparc-gaisler-elf/10.2.0/../../../../sparc-gaisler-elf/lib/leon3/mfix-gr712rc/flat/libc.a(lib_a-malloc.o)
                0x0000000040008fb4                malloc
                0x0000000040008fcc                free
 .text          0x0000000040008fe4      0x8ac /home/fsw/rep/tasa/lib/bcc-2.2.3-gcc/bin/../lib/gcc/sparc-gaisler-elf/10.2.0/../../../../sparc-gaisler-elf/lib/leon3/mfix-gr712rc/flat/libc.a(lib_a-mallocr.o)
                0x0000000040008fe4                _malloc_r
 .text          0x0000000040009890      0x120 /home/fsw/rep/tasa/lib/bcc-2.2.3-gcc/bin/../lib/gcc/sparc-gaisler-elf/10.2.0/../../../../sparc-gaisler-elf/lib/leon3/mfix-gr712rc/flat/libc.a(lib_a-memchr.o)
                0x0000000040009890                memchr
 .text          0x00000000400099b0      0x22c /home/fsw/rep/tasa/lib/bcc-2.2.3-gcc/bin/../lib/gcc/sparc-gaisler-elf/10.2.0/../../../../sparc-gaisler-elf/lib/leon3/mfix-gr712rc/flat/libc.a(lib_a-memmove.o)
                0x00000000400099b0                memmove
 .text          0x0000000040009bdc      0x144 /home/fsw/rep/tasa/lib/bcc-2.2.3-gcc/bin/../lib/gcc/sparc-gaisler-elf/10.2.0/../../../../sparc-gaisler-elf/lib/leon3/mfix-gr712rc/flat/libc.a(lib_a-memset.o)
                0x0000000040009bdc                memset
 .text          0x0000000040009d20       0x10 /home/fsw/rep/tasa/lib/bcc-2.2.3-gcc/bin/../lib/gcc/sparc-gaisler-elf/10.2.0/../../../../sparc-gaisler-elf/lib/leon3/mfix-gr712rc/flat/libc.a(lib_a-mlock.o)
                0x0000000040009d20                __malloc_lock
                0x0000000040009d28                __malloc_unlock
 .text          0x0000000040009d30     0x1a18 /home/fsw/rep/tasa/lib/bcc-2.2.3-gcc/bin/../lib/gcc/sparc-gaisler-elf/10.2.0/../../../../sparc-gaisler-elf/lib/leon3/mfix-gr712rc/flat/libc.a(lib_a-mprec.o)
                0x0000000040009d30                _Balloc
                0x0000000040009e2c                _Bfree
                0x0000000040009eac                __multadd
                0x000000004000a000                __s2b
                0x000000004000a130                __hi0bits
                0x000000004000a1c4                __lo0bits
                0x000000004000a29c                __i2b
                0x000000004000a3c8                __multiply
                0x000000004000a630                __pow5mult
                0x000000004000a7fc                __lshift
                0x000000004000aa2c                __mcmp
                0x000000004000aab4                __mdiff
                0x000000004000ad18                __ulp
                0x000000004000ada8                __b2d
                0x000000004000af60                __d2b
                0x000000004000b384                __ratio
                0x000000004000b5f0                _mprec_log10
                0x000000004000b630                __copybits
                0x000000004000b6c4                __any_on
 .text          0x000000004000b748      0x260 /home/fsw/rep/tasa/lib/bcc-2.2.3-gcc/bin/../lib/gcc/sparc-gaisler-elf/10.2.0/../../../../sparc-gaisler-elf/lib/leon3/mfix-gr712rc/flat/libc.a(lib_a-putc.o)
                0x000000004000b748                _putc_r
                0x000000004000b868                putc
 .text          0x000000004000b9a8      0x5ec /home/fsw/rep/tasa/lib/bcc-2.2.3-gcc/bin/../lib/gcc/sparc-gaisler-elf/10.2.0/../../../../sparc-gaisler-elf/lib/leon3/mfix-gr712rc/flat/libc.a(lib_a-reallocr.o)
                0x000000004000b9a8                _realloc_r
 .text          0x000000004000bf94       0xbc /home/fsw/rep/tasa/lib/bcc-2.2.3-gcc/bin/../lib/gcc/sparc-gaisler-elf/10.2.0/../../../../sparc-gaisler-elf/lib/leon3/mfix-gr712rc/flat/libc.a(lib_a-s_frexp.o)
                0x000000004000bf94                frexp
 .text          0x000000004000c050       0x68 /home/fsw/rep/tasa/lib/bcc-2.2.3-gcc/bin/../lib/gcc/sparc-gaisler-elf/10.2.0/../../../../sparc-gaisler-elf/lib/leon3/mfix-gr712rc/flat/libc.a(lib_a-sbrkr.o)
                0x000000004000c050                _sbrk_r
 .text          0x000000004000c0b8      0x1b0 /home/fsw/rep/tasa/lib/bcc-2.2.3-gcc/bin/../lib/gcc/sparc-gaisler-elf/10.2.0/../../../../sparc-gaisler-elf/lib/leon3/mfix-gr712rc/flat/libc.a(lib_a-stdio.o)
                0x000000004000c0b8                __sread
                0x000000004000c124                __seofread
                0x000000004000c12c                __swrite
                0x000000004000c1e4                __sseek
                0x000000004000c258                __sclose
 .text          0x000000004000c268      0x1d0 /home/fsw/rep/tasa/lib/bcc-2.2.3-gcc/bin/../lib/gcc/sparc-gaisler-elf/10.2.0/../../../../sparc-gaisler-elf/lib/leon3/mfix-gr712rc/flat/libc.a(lib_a-strncpy.o)
                0x000000004000c268                strncpy
 .text          0x000000004000c438     0x2060 /home/fsw/rep/tasa/lib/bcc-2.2.3-gcc/bin/../lib/gcc/sparc-gaisler-elf/10.2.0/../../../../sparc-gaisler-elf/lib/leon3/mfix-gr712rc/flat/libc.a(lib_a-vfiprintf.o)
                0x000000004000c5a4                __sprint_r
                0x000000004000c6c0                _vfiprintf_r
                0x000000004000e3a0                vfiprintf
 .text          0x000000004000e498      0x3b4 /home/fsw/rep/tasa/lib/bcc-2.2.3-gcc/bin/../lib/gcc/sparc-gaisler-elf/10.2.0/../../../../sparc-gaisler-elf/lib/leon3/mfix-gr712rc/flat/libc.a(lib_a-wbuf.o)
                0x000000004000e498                __swbuf_r
                0x000000004000e670                __swbuf
 .text          0x000000004000e84c       0x70 /home/fsw/rep/tasa/lib/bcc-2.2.3-gcc/bin/../lib/gcc/sparc-gaisler-elf/10.2.0/../../../../sparc-gaisler-elf/lib/leon3/mfix-gr712rc/flat/libc.a(lib_a-writer.o)
                0x000000004000e84c                _write_r
 .text          0x000000004000e8bc       0xc8 /home/fsw/rep/tasa/lib/bcc-2.2.3-gcc/bin/../lib/gcc/sparc-gaisler-elf/10.2.0/../../../../sparc-gaisler-elf/lib/leon3/mfix-gr712rc/flat/libc.a(lib_a-callocr.o)
                0x000000004000e8bc                _calloc_r
 .text          0x000000004000e984       0x68 /home/fsw/rep/tasa/lib/bcc-2.2.3-gcc/bin/../lib/gcc/sparc-gaisler-elf/10.2.0/../../../../sparc-gaisler-elf/lib/leon3/mfix-gr712rc/flat/libc.a(lib_a-closer.o)
                0x000000004000e984                _close_r
 .text          0x000000004000e9ec      0x324 /home/fsw/rep/tasa/lib/bcc-2.2.3-gcc/bin/../lib/gcc/sparc-gaisler-elf/10.2.0/../../../../sparc-gaisler-elf/lib/leon3/mfix-gr712rc/flat/libc.a(lib_a-fclose.o)
                0x000000004000e9ec                _fclose_r
                0x000000004000eb7c                fclose
 .text          0x000000004000ed10      0x258 /home/fsw/rep/tasa/lib/bcc-2.2.3-gcc/bin/../lib/gcc/sparc-gaisler-elf/10.2.0/../../../../sparc-gaisler-elf/lib/leon3/mfix-gr712rc/flat/libc.a(lib_a-fputwc.o)
                0x000000004000ed10                __fputwc
                0x000000004000ee48                _fputwc_r
                0x000000004000ee78                fputwc
 .text          0x000000004000ef68       0x6c /home/fsw/rep/tasa/lib/bcc-2.2.3-gcc/bin/../lib/gcc/sparc-gaisler-elf/10.2.0/../../../../sparc-gaisler-elf/lib/leon3/mfix-gr712rc/flat/libc.a(lib_a-fstatr.o)
                0x000000004000ef68                _fstat_r
 .text          0x000000004000efd4       0x68 /home/fsw/rep/tasa/lib/bcc-2.2.3-gcc/bin/../lib/gcc/sparc-gaisler-elf/10.2.0/../../../../sparc-gaisler-elf/lib/leon3/mfix-gr712rc/flat/libc.a(lib_a-isattyr.o)
                0x000000004000efd4                _isatty_r
 .text          0x000000004000f03c      0x180 /home/fsw/rep/tasa/lib/bcc-2.2.3-gcc/bin/../lib/gcc/sparc-gaisler-elf/10.2.0/../../../../sparc-gaisler-elf/lib/leon3/mfix-gr712rc/flat/libc.a(lib_a-locale.o)
                0x000000004000f03c                _setlocale_r
                0x000000004000f0cc                __locale_mb_cur_max
                0x000000004000f0f8                __locale_ctype_ptr_l
                0x000000004000f100                __locale_ctype_ptr
                0x000000004000f12c                setlocale
 .text          0x000000004000f1bc       0x70 /home/fsw/rep/tasa/lib/bcc-2.2.3-gcc/bin/../lib/gcc/sparc-gaisler-elf/10.2.0/../../../../sparc-gaisler-elf/lib/leon3/mfix-gr712rc/flat/libc.a(lib_a-lseekr.o)
                0x000000004000f1bc                _lseek_r
 .text          0x000000004000f22c       0xb4 /home/fsw/rep/tasa/lib/bcc-2.2.3-gcc/bin/../lib/gcc/sparc-gaisler-elf/10.2.0/../../../../sparc-gaisler-elf/lib/leon3/mfix-gr712rc/flat/libc.a(lib_a-mbtowc_r.o)
                0x000000004000f22c                _mbtowc_r
                0x000000004000f28c                __ascii_mbtowc
 .text          0x000000004000f2e0       0x70 /home/fsw/rep/tasa/lib/bcc-2.2.3-gcc/bin/../lib/gcc/sparc-gaisler-elf/10.2.0/../../../../sparc-gaisler-elf/lib/leon3/mfix-gr712rc/flat/libc.a(lib_a-readr.o)
                0x000000004000f2e0                _read_r
 .text          0x000000004000f350      0x3cc /home/fsw/rep/tasa/lib/bcc-2.2.3-gcc/bin/../lib/gcc/sparc-gaisler-elf/10.2.0/../../../../sparc-gaisler-elf/lib/leon3/mfix-gr712rc/flat/libc.a(lib_a-reent.o)
                0x000000004000f350                cleanup_glue
                0x000000004000f40c                _reclaim_reent
 .text          0x000000004000f71c       0xc8 /home/fsw/rep/tasa/lib/bcc-2.2.3-gcc/bin/../lib/gcc/sparc-gaisler-elf/10.2.0/../../../../sparc-gaisler-elf/lib/leon3/mfix-gr712rc/flat/libc.a(lib_a-strcmp.o)
                0x000000004000f71c                strcmp
 .text          0x000000004000f7e4      0x19c /home/fsw/rep/tasa/lib/bcc-2.2.3-gcc/bin/../lib/gcc/sparc-gaisler-elf/10.2.0/../../../../sparc-gaisler-elf/lib/leon3/mfix-gr712rc/flat/libc.a(lib_a-wcrtomb.o)
                0x000000004000f7e4                _wcrtomb_r
                0x000000004000f8b0                wcrtomb
 .text          0x000000004000f980       0x98 /home/fsw/rep/tasa/lib/bcc-2.2.3-gcc/bin/../lib/gcc/sparc-gaisler-elf/10.2.0/../../../../sparc-gaisler-elf/lib/leon3/mfix-gr712rc/flat/libc.a(lib_a-wctomb_r.o)
                0x000000004000f980                _wctomb_r
                0x000000004000f9e0                __ascii_wctomb
 .text          0x000000004000fa18        0x0 /home/fsw/rep/tasa/lib/bcc-2.2.3-gcc/bin/../lib/gcc/sparc-gaisler-elf/10.2.0/../../../../sparc-gaisler-elf/lib/leon3/mfix-gr712rc/flat/libc.a(lib_a-ctype_.o)
 .text          0x000000004000fa18       0x10 /home/fsw/rep/tasa/lib/bcc-2.2.3-gcc/bin/../sparc-gaisler-elf/bsp/leon3/leon3/mfix-gr712rc/flat/libbcc.a(_exit.S.o)
                0x000000004000fa18                _exit
 .text          0x000000004000fa28       0x80 /home/fsw/rep/tasa/lib/bcc-2.2.3-gcc/bin/../sparc-gaisler-elf/bsp/leon3/leon3/mfix-gr712rc/flat/libbcc.a(read.c.o)
                0x000000004000fa28                read
 .text          0x000000004000faa8       0xd0 /home/fsw/rep/tasa/lib/bcc-2.2.3-gcc/bin/../sparc-gaisler-elf/bsp/leon3/leon3/mfix-gr712rc/flat/libbcc.a(sbrk.c.o)
                0x000000004000faa8                sbrk
 .text          0x000000004000fb78        0x0 /home/fsw/rep/tasa/lib/bcc-2.2.3-gcc/bin/../sparc-gaisler-elf/bsp/leon3/leon3/mfix-gr712rc/flat/libbcc.a(heap.c.o)
 .text          0x000000004000fb78       0xa4 /home/fsw/rep/tasa/lib/bcc-2.2.3-gcc/bin/../sparc-gaisler-elf/bsp/leon3/leon3/mfix-gr712rc/flat/libbcc.a(write.c.o)
                0x000000004000fb78                write
 .text          0x000000004000fc1c       0x20 /home/fsw/rep/tasa/lib/bcc-2.2.3-gcc/bin/../sparc-gaisler-elf/bsp/leon3/leon3/mfix-gr712rc/flat/libbcc.a(stubs.S.o)
                0x000000004000fc1c                execve
                0x000000004000fc1c                lseek
                0x000000004000fc1c                fstat
                0x000000004000fc1c                kill
                0x000000004000fc1c                wait
                0x000000004000fc1c                unlink
                0x000000004000fc1c                fork
                0x000000004000fc1c                stat
                0x000000004000fc1c                link
                0x000000004000fc1c                open
                0x000000004000fc1c                close
                0x000000004000fc34                getpid
                0x000000004000fc34                isatty
 .text          0x000000004000fc3c       0xc4 /home/fsw/rep/tasa/lib/bcc-2.2.3-gcc/bin/../sparc-gaisler-elf/bsp/leon3/leon3/mfix-gr712rc/flat/libbcc.a(con_apbuart.c.o)
                0x000000004000fc3c                __bcc_con_outbyte
                0x000000004000fccc                __bcc_con_inbyte
 .text          0x000000004000fd00      0x1fc /home/fsw/rep/tasa/lib/bcc-2.2.3-gcc/bin/../lib/gcc/sparc-gaisler-elf/10.2.0/leon3/mfix-gr712rc/flat/libgcc.a(_udivdi3.o)
                0x000000004000fd00                __udivdi3
 .text          0x000000004000fefc      0x21c /home/fsw/rep/tasa/lib/bcc-2.2.3-gcc/bin/../lib/gcc/sparc-gaisler-elf/10.2.0/leon3/mfix-gr712rc/flat/libgcc.a(_umoddi3.o)
                0x000000004000fefc                __umoddi3
 .text          0x0000000040010118        0x0 /home/fsw/rep/tasa/lib/bcc-2.2.3-gcc/bin/../lib/gcc/sparc-gaisler-elf/10.2.0/leon3/mfix-gr712rc/flat/libgcc.a(_clz.o)
 .text          0x0000000040010118       0x74 /home/fsw/rep/tasa/lib/bcc-2.2.3-gcc/bin/../lib/gcc/sparc-gaisler-elf/10.2.0/leon3/mfix-gr712rc/flat/crtend.o
 .text          0x000000004001018c        0x0 /home/fsw/rep/tasa/lib/bcc-2.2.3-gcc/bin/../lib/gcc/sparc-gaisler-elf/10.2.0/leon3/mfix-gr712rc/flat/crtn.o
                0x0000000040010190                . = ALIGN (0x10)
 *fill*         0x000000004001018c        0x4 
 *(.eh_frame)
 .eh_frame      0x0000000040010190        0x0 /home/fsw/rep/tasa/lib/bcc-2.2.3-gcc/bin/../lib/gcc/sparc-gaisler-elf/10.2.0/leon3/mfix-gr712rc/flat/crtbegin.o
 .eh_frame      0x0000000040010190       0x30 /home/fsw/rep/tasa/lib/bcc-2.2.3-gcc/bin/../lib/gcc/sparc-gaisler-elf/10.2.0/leon3/mfix-gr712rc/flat/libgcc.a(_udivdi3.o)
 .eh_frame      0x00000000400101c0       0x30 /home/fsw/rep/tasa/lib/bcc-2.2.3-gcc/bin/../lib/gcc/sparc-gaisler-elf/10.2.0/leon3/mfix-gr712rc/flat/libgcc.a(_umoddi3.o)
 .eh_frame      0x00000000400101f0        0x4 /home/fsw/rep/tasa/lib/bcc-2.2.3-gcc/bin/../lib/gcc/sparc-gaisler-elf/10.2.0/leon3/mfix-gr712rc/flat/crtend.o
                0x0000000040010200                . = ALIGN (0x10)
 *fill*         0x00000000400101f4        0xc 
 *(.gnu.linkonce.t*)
                0x0000000040010200                ___CTOR_LIST__ = .
                0x0000000040010200        0x4 LONG 0x2 (((___CTOR_END__ - ___CTOR_LIST__) / 0x4) - 0x2)
 *(SORT_BY_NAME(.ctors.*))
 *(.ctors)
 .ctors         0x0000000040010204        0x4 /home/fsw/rep/tasa/lib/bcc-2.2.3-gcc/bin/../lib/gcc/sparc-gaisler-elf/10.2.0/leon3/mfix-gr712rc/flat/crtbegin.o
 .ctors         0x0000000040010208        0x4 /home/fsw/rep/tasa/lib/bcc-2.2.3-gcc/bin/../lib/gcc/sparc-gaisler-elf/10.2.0/leon3/mfix-gr712rc/flat/crtend.o
                0x000000004001020c        0x4 LONG 0x0
                0x0000000040010210                ___CTOR_END__ = .
                0x0000000040010210                ___DTOR_LIST__ = .
                0x0000000040010210        0x4 LONG 0x2 (((___DTOR_END__ - ___DTOR_LIST__) / 0x4) - 0x2)
 *(SORT_BY_NAME(.dtors.*))
 *(.dtors)
 .dtors         0x0000000040010214        0x4 /home/fsw/rep/tasa/lib/bcc-2.2.3-gcc/bin/../lib/gcc/sparc-gaisler-elf/10.2.0/leon3/mfix-gr712rc/flat/crtbegin.o
 .dtors         0x0000000040010218        0x4 /home/fsw/rep/tasa/lib/bcc-2.2.3-gcc/bin/../lib/gcc/sparc-gaisler-elf/10.2.0/leon3/mfix-gr712rc/flat/crtend.o
                0x0000000040010218                __DTOR_END__
                0x000000004001021c        0x4 LONG 0x0
                0x0000000040010220                ___DTOR_END__ = .
 *(.gnu.linkonce*)
 *(.init)
 .init          0x0000000040010220        0xc /home/fsw/rep/tasa/lib/bcc-2.2.3-gcc/bin/../lib/gcc/sparc-gaisler-elf/10.2.0/leon3/mfix-gr712rc/flat/crti.o
                0x0000000040010220                _init
 .init          0x000000004001022c        0x8 /home/fsw/rep/tasa/lib/bcc-2.2.3-gcc/bin/../lib/gcc/sparc-gaisler-elf/10.2.0/leon3/mfix-gr712rc/flat/crtbegin.o
 .init          0x0000000040010234        0x8 /home/fsw/rep/tasa/lib/bcc-2.2.3-gcc/bin/../lib/gcc/sparc-gaisler-elf/10.2.0/leon3/mfix-gr712rc/flat/crtend.o
 .init          0x000000004001023c       0x14 /home/fsw/rep/tasa/lib/bcc-2.2.3-gcc/bin/../lib/gcc/sparc-gaisler-elf/10.2.0/leon3/mfix-gr712rc/flat/crtn.o
 *(.fini)
 .fini          0x0000000040010250        0xc /home/fsw/rep/tasa/lib/bcc-2.2.3-gcc/bin/../lib/gcc/sparc-gaisler-elf/10.2.0/leon3/mfix-gr712rc/flat/crti.o
                0x0000000040010250                _fini
 .fini          0x000000004001025c        0x8 /home/fsw/rep/tasa/lib/bcc-2.2.3-gcc/bin/../lib/gcc/sparc-gaisler-elf/10.2.0/leon3/mfix-gr712rc/flat/crtbegin.o
 .fini          0x0000000040010264       0x14 /home/fsw/rep/tasa/lib/bcc-2.2.3-gcc/bin/../lib/gcc/sparc-gaisler-elf/10.2.0/leon3/mfix-gr712rc/flat/crtn.o
 *(.lit)
 *(.shdata)
                0x0000000040010280                . = ALIGN (0x10)
 *fill*         0x0000000040010278        0x8 
                0x0000000040010280                __text_end = .

.gcc_except_table
 *(.gcc_except_table.*)

.rodata         0x0000000040010280      0x740
                0x0000000040010280                __rodata_start = .
 *(.rodata*)
 .rodata.str1.8
                0x0000000040010280       0xcf /tmp/ccoCRLoD.o
 *fill*         0x000000004001034f        0x1 
 .rodata        0x0000000040010350        0x5 /tmp/ccoCRLoD.o
 *fill*         0x0000000040010355        0x3 
 .rodata        0x0000000040010358        0x4 /home/fsw/rep/tasa/lib/bcc-2.2.3-gcc/bin/../lib/gcc/sparc-gaisler-elf/10.2.0/../../../../sparc-gaisler-elf/lib/leon3/mfix-gr712rc/flat/libc.a(lib_a-impure.o)
                0x0000000040010358                _global_impure_ptr
 *fill*         0x000000004001035c        0x4 
 .rodata.str1.8
                0x0000000040010360        0x2 /home/fsw/rep/tasa/lib/bcc-2.2.3-gcc/bin/../lib/gcc/sparc-gaisler-elf/10.2.0/../../../../sparc-gaisler-elf/lib/leon3/mfix-gr712rc/flat/libc.a(lib_a-puts.o)
 *fill*         0x0000000040010362        0x6 
 .rodata.str1.8
                0x0000000040010368       0x5a /home/fsw/rep/tasa/lib/bcc-2.2.3-gcc/bin/../lib/gcc/sparc-gaisler-elf/10.2.0/../../../../sparc-gaisler-elf/lib/leon3/mfix-gr712rc/flat/libc.a(lib_a-vfprintf.o)
 *fill*         0x00000000400103c2        0x6 
 .rodata.cst8   0x00000000400103c8       0x28 /home/fsw/rep/tasa/lib/bcc-2.2.3-gcc/bin/../lib/gcc/sparc-gaisler-elf/10.2.0/../../../../sparc-gaisler-elf/lib/leon3/mfix-gr712rc/flat/libc.a(lib_a-vfprintf.o)
 .rodata        0x00000000400103f0       0x20 /home/fsw/rep/tasa/lib/bcc-2.2.3-gcc/bin/../lib/gcc/sparc-gaisler-elf/10.2.0/../../../../sparc-gaisler-elf/lib/leon3/mfix-gr712rc/flat/libc.a(lib_a-vfprintf.o)
 .rodata.str1.8
                0x0000000040010410       0x14 /home/fsw/rep/tasa/lib/bcc-2.2.3-gcc/bin/../lib/gcc/sparc-gaisler-elf/10.2.0/../../../../sparc-gaisler-elf/lib/leon3/mfix-gr712rc/flat/libc.a(lib_a-dtoa.o)
                                         0x1a (size before relaxing)
 *fill*         0x0000000040010424        0x4 
 .rodata.cst8   0x0000000040010428       0x48 /home/fsw/rep/tasa/lib/bcc-2.2.3-gcc/bin/../lib/gcc/sparc-gaisler-elf/10.2.0/../../../../sparc-gaisler-elf/lib/leon3/mfix-gr712rc/flat/libc.a(lib_a-dtoa.o)
                                         0x58 (size before relaxing)
 .rodata        0x0000000040010470       0x60 /home/fsw/rep/tasa/lib/bcc-2.2.3-gcc/bin/../lib/gcc/sparc-gaisler-elf/10.2.0/../../../../sparc-gaisler-elf/lib/leon3/mfix-gr712rc/flat/libc.a(lib_a-findfp.o)
                0x0000000040010470                __sf_fake_stderr
                0x0000000040010490                __sf_fake_stdout
                0x00000000400104b0                __sf_fake_stdin
 .rodata.cst8   0x00000000400104d0       0x10 /home/fsw/rep/tasa/lib/bcc-2.2.3-gcc/bin/../lib/gcc/sparc-gaisler-elf/10.2.0/../../../../sparc-gaisler-elf/lib/leon3/mfix-gr712rc/flat/libc.a(lib_a-mprec.o)
 .rodata        0x00000000400104d0      0x128 /home/fsw/rep/tasa/lib/bcc-2.2.3-gcc/bin/../lib/gcc/sparc-gaisler-elf/10.2.0/../../../../sparc-gaisler-elf/lib/leon3/mfix-gr712rc/flat/libc.a(lib_a-mprec.o)
                0x00000000400104e0                __mprec_tinytens
                0x0000000040010508                __mprec_bigtens
                0x0000000040010530                __mprec_tens
 .rodata.cst8   0x00000000400105f8        0x8 /home/fsw/rep/tasa/lib/bcc-2.2.3-gcc/bin/../lib/gcc/sparc-gaisler-elf/10.2.0/../../../../sparc-gaisler-elf/lib/leon3/mfix-gr712rc/flat/libc.a(lib_a-s_frexp.o)
 .rodata.str1.8
                0x0000000040010600       0x37 /home/fsw/rep/tasa/lib/bcc-2.2.3-gcc/bin/../lib/gcc/sparc-gaisler-elf/10.2.0/../../../../sparc-gaisler-elf/lib/leon3/mfix-gr712rc/flat/libc.a(lib_a-vfiprintf.o)
 .rodata        0x0000000040010600       0x20 /home/fsw/rep/tasa/lib/bcc-2.2.3-gcc/bin/../lib/gcc/sparc-gaisler-elf/10.2.0/../../../../sparc-gaisler-elf/lib/leon3/mfix-gr712rc/flat/libc.a(lib_a-vfiprintf.o)
 .rodata.str1.8
                0x0000000040010620       0x12 /home/fsw/rep/tasa/lib/bcc-2.2.3-gcc/bin/../lib/gcc/sparc-gaisler-elf/10.2.0/../../../../sparc-gaisler-elf/lib/leon3/mfix-gr712rc/flat/libc.a(lib_a-locale.o)
                                         0x1a (size before relaxing)
 *fill*         0x0000000040010632        0x6 
 .rodata        0x0000000040010638      0x288 /home/fsw/rep/tasa/lib/bcc-2.2.3-gcc/bin/../lib/gcc/sparc-gaisler-elf/10.2.0/../../../../sparc-gaisler-elf/lib/leon3/mfix-gr712rc/flat/libc.a(lib_a-ctype_.o)
                0x0000000040010638                _ctype_
                0x0000000040010740                _ctype_b
 .rodata        0x00000000400108c0      0x100 /home/fsw/rep/tasa/lib/bcc-2.2.3-gcc/bin/../lib/gcc/sparc-gaisler-elf/10.2.0/leon3/mfix-gr712rc/flat/libgcc.a(_clz.o)
                0x00000000400108c0                __clz_tab
 *(.gnu.linkonce.r*)
                0x00000000400109c0                . = ALIGN (0x10)
                0x00000000400109c0                __rodata_end = .

.rela.dyn       0x00000000400109c0        0x0
 .rela.iplt     0x00000000400109c0        0x0 /home/fsw/rep/tasa/lib/bcc-2.2.3-gcc/bin/../sparc-gaisler-elf/bsp/leon3/leon3/mfix-gr712rc/flat/trap_table_mvt_tn0018.S.o
 .rela.text.traptable
                0x00000000400109c0        0x0 /home/fsw/rep/tasa/lib/bcc-2.2.3-gcc/bin/../sparc-gaisler-elf/bsp/leon3/leon3/mfix-gr712rc/flat/trap_table_mvt_tn0018.S.o
 .rela.text     0x00000000400109c0        0x0 /home/fsw/rep/tasa/lib/bcc-2.2.3-gcc/bin/../sparc-gaisler-elf/bsp/leon3/leon3/mfix-gr712rc/flat/trap_table_mvt_tn0018.S.o

.ext.data       0x00000000400109c0        0x0
                0x00000000400109c0                . = ALIGN (0x8)
                0x00000000400109c0                __extdata_start = .
 *(.data.ext)
                0x00000000400109c0                . = ALIGN (0x8)
                0x00000000400109c0                __extdata_end = .
                0x00000000400109c0                __extdata_start_lma = LOADADDR (.ext.data)
                0x0000000000000000                __extdata_size = SIZEOF (.ext.data)

.data           0x00000000400109c0      0x608
                0x00000000400109c0                . = ALIGN (0x8)
                0x00000000400109c0                __data_start = .
 *(.data .data.*)
 .data          0x00000000400109c0        0x0 /home/fsw/rep/tasa/lib/bcc-2.2.3-gcc/bin/../sparc-gaisler-elf/bsp/leon3/leon3/mfix-gr712rc/flat/trap_table_mvt_tn0018.S.o
 .data          0x00000000400109c0        0x0 /home/fsw/rep/tasa/lib/bcc-2.2.3-gcc/bin/../sparc-gaisler-elf/bsp/leon3/leon3/mfix-gr712rc/flat/crt0.S.o
 .data          0x00000000400109c0        0x0 /home/fsw/rep/tasa/lib/bcc-2.2.3-gcc/bin/../lib/gcc/sparc-gaisler-elf/10.2.0/leon3/mfix-gr712rc/flat/crti.o
 .data          0x00000000400109c0        0x4 /home/fsw/rep/tasa/lib/bcc-2.2.3-gcc/bin/../lib/gcc/sparc-gaisler-elf/10.2.0/leon3/mfix-gr712rc/flat/crtbegin.o
                0x00000000400109c0                __dso_handle
 .data          0x00000000400109c4        0x0 /tmp/ccoCRLoD.o
 .data          0x00000000400109c4        0x0 /home/fsw/rep/tasa/lib/bcc-2.2.3-gcc/bin/../sparc-gaisler-elf/bsp/leon3/leon3/mfix-gr712rc/flat/libbcc.a(reset_trap_mvt.S.o)
 .data          0x00000000400109c4        0x0 /home/fsw/rep/tasa/lib/bcc-2.2.3-gcc/bin/../sparc-gaisler-elf/bsp/leon3/leon3/mfix-gr712rc/flat/libbcc.a(sw_trap_set_pil.S.o)
 .data          0x00000000400109c4        0x0 /home/fsw/rep/tasa/lib/bcc-2.2.3-gcc/bin/../sparc-gaisler-elf/bsp/leon3/leon3/mfix-gr712rc/flat/libbcc.a(init.S.o)
 .data          0x00000000400109c4       0x10 /home/fsw/rep/tasa/lib/bcc-2.2.3-gcc/bin/../sparc-gaisler-elf/bsp/leon3/leon3/mfix-gr712rc/flat/libbcc.a(leon_info.S.o)
                0x00000000400109c4                __bcc_leon_version
                0x00000000400109c8                __bcc_nwindows_min1
                0x00000000400109cc                __bcc_nwindows
                0x00000000400109d0                __bcc_cpuid
 .data          0x00000000400109d4        0x0 /home/fsw/rep/tasa/lib/bcc-2.2.3-gcc/bin/../sparc-gaisler-elf/bsp/leon3/leon3/mfix-gr712rc/flat/libbcc.a(dwzero.S.o)
 .data          0x00000000400109d4        0x0 /home/fsw/rep/tasa/lib/bcc-2.2.3-gcc/bin/../sparc-gaisler-elf/bsp/leon3/leon3/mfix-gr712rc/flat/libbcc.a(copy_data.c.o)
 .data          0x00000000400109d4        0x4 /home/fsw/rep/tasa/lib/bcc-2.2.3-gcc/bin/../sparc-gaisler-elf/bsp/leon3/leon3/mfix-gr712rc/flat/libbcc.a(argv.c.o)
                0x00000000400109d4                __bcc_argvp
 .data          0x00000000400109d8        0x0 /home/fsw/rep/tasa/lib/bcc-2.2.3-gcc/bin/../sparc-gaisler-elf/bsp/leon3/leon3/mfix-gr712rc/flat/libbcc.a(interrupt_trap_flat_tn0018.S.o)
 .data          0x00000000400109d8        0x0 /home/fsw/rep/tasa/lib/bcc-2.2.3-gcc/bin/../sparc-gaisler-elf/bsp/leon3/leon3/mfix-gr712rc/flat/libbcc.a(int_irqmp_get_source.c.o)
 .data          0x00000000400109d8        0x0 /home/fsw/rep/tasa/lib/bcc-2.2.3-gcc/bin/../sparc-gaisler-elf/bsp/leon3/leon3/mfix-gr712rc/flat/libbcc.a(int_irqmp_mp.c.o)
 .data          0x00000000400109d8        0x0 /home/fsw/rep/tasa/lib/bcc-2.2.3-gcc/bin/../sparc-gaisler-elf/bsp/leon3/leon3/mfix-gr712rc/flat/libbcc.a(int_irqmp_init.c.o)
 .data          0x00000000400109d8        0x0 /home/fsw/rep/tasa/lib/bcc-2.2.3-gcc/bin/../sparc-gaisler-elf/bsp/leon3/leon3/mfix-gr712rc/flat/libbcc.a(con_apbuart_init.c.o)
 .data          0x00000000400109d8        0x0 /home/fsw/rep/tasa/lib/bcc-2.2.3-gcc/bin/../sparc-gaisler-elf/bsp/leon3/leon3/mfix-gr712rc/flat/libbcc.a(timer_gptimer_init.c.o)
 .data          0x00000000400109d8        0x0 /home/fsw/rep/tasa/lib/bcc-2.2.3-gcc/bin/../sparc-gaisler-elf/bsp/leon3/leon3/mfix-gr712rc/flat/libbcc.a(isr.c.o)
 .data          0x00000000400109d8       0x10 /home/fsw/rep/tasa/lib/bcc-2.2.3-gcc/bin/../sparc-gaisler-elf/bsp/leon3/leon3/mfix-gr712rc/flat/libbcc.a(int_nest.c.o)
                0x00000000400109d8                __bcc_int_nest
 .data          0x00000000400109e8        0x0 /home/fsw/rep/tasa/lib/bcc-2.2.3-gcc/bin/../sparc-gaisler-elf/bsp/leon3/leon3/mfix-gr712rc/flat/libbcc.a(ambapp.c.o)
 .data          0x00000000400109e8        0x0 /home/fsw/rep/tasa/lib/bcc-2.2.3-gcc/bin/../sparc-gaisler-elf/bsp/leon3/leon3/mfix-gr712rc/flat/libbcc.a(ambapp_findfirst_fn.c.o)
 .data          0x00000000400109e8        0x0 /home/fsw/rep/tasa/lib/bcc-2.2.3-gcc/bin/../sparc-gaisler-elf/bsp/leon3/leon3/mfix-gr712rc/flat/libbcc.a(int_irqmp_handle.c.o)
 .data          0x00000000400109e8        0x0 /home/fsw/rep/tasa/lib/bcc-2.2.3-gcc/bin/../sparc-gaisler-elf/bsp/leon3/leon3/mfix-gr712rc/flat/libbcc.a(con_handle.c.o)
 .data          0x00000000400109e8        0x0 /home/fsw/rep/tasa/lib/bcc-2.2.3-gcc/bin/../sparc-gaisler-elf/bsp/leon3/leon3/mfix-gr712rc/flat/libbcc.a(timer_handle.c.o)
 .data          0x00000000400109e8        0x0 /home/fsw/rep/tasa/lib/bcc-2.2.3-gcc/bin/../lib/gcc/sparc-gaisler-elf/10.2.0/../../../../sparc-gaisler-elf/lib/leon3/mfix-gr712rc/flat/libc.a(lib_a-atexit.o)
 .data          0x00000000400109e8        0x0 /home/fsw/rep/tasa/lib/bcc-2.2.3-gcc/bin/../lib/gcc/sparc-gaisler-elf/10.2.0/../../../../sparc-gaisler-elf/lib/leon3/mfix-gr712rc/flat/libc.a(lib_a-exit.o)
 .data          0x00000000400109e8       0x64 /home/fsw/rep/tasa/lib/bcc-2.2.3-gcc/bin/../lib/gcc/sparc-gaisler-elf/10.2.0/../../../../sparc-gaisler-elf/lib/leon3/mfix-gr712rc/flat/libc.a(lib_a-impure.o)
                0x00000000400109e8                _impure_ptr
 .data          0x0000000040010a4c        0x0 /home/fsw/rep/tasa/lib/bcc-2.2.3-gcc/bin/../lib/gcc/sparc-gaisler-elf/10.2.0/../../../../sparc-gaisler-elf/lib/leon3/mfix-gr712rc/flat/libc.a(lib_a-memcpy.o)
 .data          0x0000000040010a4c        0x0 /home/fsw/rep/tasa/lib/bcc-2.2.3-gcc/bin/../lib/gcc/sparc-gaisler-elf/10.2.0/../../../../sparc-gaisler-elf/lib/leon3/mfix-gr712rc/flat/libc.a(lib_a-printf.o)
 .data          0x0000000040010a4c        0x0 /home/fsw/rep/tasa/lib/bcc-2.2.3-gcc/bin/../lib/gcc/sparc-gaisler-elf/10.2.0/../../../../sparc-gaisler-elf/lib/leon3/mfix-gr712rc/flat/libc.a(lib_a-putchar.o)
 .data          0x0000000040010a4c        0x0 /home/fsw/rep/tasa/lib/bcc-2.2.3-gcc/bin/../lib/gcc/sparc-gaisler-elf/10.2.0/../../../../sparc-gaisler-elf/lib/leon3/mfix-gr712rc/flat/libc.a(lib_a-puts.o)
 .data          0x0000000040010a4c        0x0 /home/fsw/rep/tasa/lib/bcc-2.2.3-gcc/bin/../lib/gcc/sparc-gaisler-elf/10.2.0/../../../../sparc-gaisler-elf/lib/leon3/mfix-gr712rc/flat/libc.a(lib_a-strlen.o)
 .data          0x0000000040010a4c        0x0 /home/fsw/rep/tasa/lib/bcc-2.2.3-gcc/bin/../lib/gcc/sparc-gaisler-elf/10.2.0/../../../../sparc-gaisler-elf/lib/leon3/mfix-gr712rc/flat/libc.a(lib_a-vfprintf.o)
 .data          0x0000000040010a4c        0x0 /home/fsw/rep/tasa/lib/bcc-2.2.3-gcc/bin/../lib/gcc/sparc-gaisler-elf/10.2.0/../../../../sparc-gaisler-elf/lib/leon3/mfix-gr712rc/flat/libc.a(lib_a-wsetup.o)
 .data          0x0000000040010a4c        0x0 /home/fsw/rep/tasa/lib/bcc-2.2.3-gcc/bin/../lib/gcc/sparc-gaisler-elf/10.2.0/../../../../sparc-gaisler-elf/lib/leon3/mfix-gr712rc/flat/libc.a(lib_a-__atexit.o)
 .data          0x0000000040010a4c        0x0 /home/fsw/rep/tasa/lib/bcc-2.2.3-gcc/bin/../lib/gcc/sparc-gaisler-elf/10.2.0/../../../../sparc-gaisler-elf/lib/leon3/mfix-gr712rc/flat/libc.a(lib_a-__call_atexit.o)
 .data          0x0000000040010a4c        0x0 /home/fsw/rep/tasa/lib/bcc-2.2.3-gcc/bin/../lib/gcc/sparc-gaisler-elf/10.2.0/../../../../sparc-gaisler-elf/lib/leon3/mfix-gr712rc/flat/libc.a(lib_a-dtoa.o)
 .data          0x0000000040010a4c        0x0 /home/fsw/rep/tasa/lib/bcc-2.2.3-gcc/bin/../lib/gcc/sparc-gaisler-elf/10.2.0/../../../../sparc-gaisler-elf/lib/leon3/mfix-gr712rc/flat/libc.a(lib_a-fflush.o)
 .data          0x0000000040010a4c        0x0 /home/fsw/rep/tasa/lib/bcc-2.2.3-gcc/bin/../lib/gcc/sparc-gaisler-elf/10.2.0/../../../../sparc-gaisler-elf/lib/leon3/mfix-gr712rc/flat/libc.a(lib_a-findfp.o)
 .data          0x0000000040010a4c        0x0 /home/fsw/rep/tasa/lib/bcc-2.2.3-gcc/bin/../lib/gcc/sparc-gaisler-elf/10.2.0/../../../../sparc-gaisler-elf/lib/leon3/mfix-gr712rc/flat/libc.a(lib_a-freer.o)
 .data          0x0000000040010a4c        0x0 /home/fsw/rep/tasa/lib/bcc-2.2.3-gcc/bin/../lib/gcc/sparc-gaisler-elf/10.2.0/../../../../sparc-gaisler-elf/lib/leon3/mfix-gr712rc/flat/libc.a(lib_a-fvwrite.o)
 .data          0x0000000040010a4c        0x0 /home/fsw/rep/tasa/lib/bcc-2.2.3-gcc/bin/../lib/gcc/sparc-gaisler-elf/10.2.0/../../../../sparc-gaisler-elf/lib/leon3/mfix-gr712rc/flat/libc.a(lib_a-fwalk.o)
 .data          0x0000000040010a4c        0x0 /home/fsw/rep/tasa/lib/bcc-2.2.3-gcc/bin/../lib/gcc/sparc-gaisler-elf/10.2.0/../../../../sparc-gaisler-elf/lib/leon3/mfix-gr712rc/flat/libc.a(lib_a-localeconv.o)
 .data          0x0000000040010a4c        0x0 /home/fsw/rep/tasa/lib/bcc-2.2.3-gcc/bin/../lib/gcc/sparc-gaisler-elf/10.2.0/../../../../sparc-gaisler-elf/lib/leon3/mfix-gr712rc/flat/libc.a(lib_a-makebuf.o)
 .data          0x0000000040010a4c        0x0 /home/fsw/rep/tasa/lib/bcc-2.2.3-gcc/bin/../lib/gcc/sparc-gaisler-elf/10.2.0/../../../../sparc-gaisler-elf/lib/leon3/mfix-gr712rc/flat/libc.a(lib_a-malloc.o)
 .data          0x0000000040010a4c      0x410 /home/fsw/rep/tasa/lib/bcc-2.2.3-gcc/bin/../lib/gcc/sparc-gaisler-elf/10.2.0/../../../../sparc-gaisler-elf/lib/leon3/mfix-gr712rc/flat/libc.a(lib_a-mallocr.o)
                0x0000000040010a4c                __malloc_sbrk_base
                0x0000000040010a50                __malloc_trim_threshold
                0x0000000040010a54                __malloc_av_
 .data          0x0000000040010e5c        0x0 /home/fsw/rep/tasa/lib/bcc-2.2.3-gcc/bin/../lib/gcc/sparc-gaisler-elf/10.2.0/../../../../sparc-gaisler-elf/lib/leon3/mfix-gr712rc/flat/libc.a(lib_a-memchr.o)
 .data          0x0000000040010e5c        0x0 /home/fsw/rep/tasa/lib/bcc-2.2.3-gcc/bin/../lib/gcc/sparc-gaisler-elf/10.2.0/../../../../sparc-gaisler-elf/lib/leon3/mfix-gr712rc/flat/libc.a(lib_a-memmove.o)
 .data          0x0000000040010e5c        0x0 /home/fsw/rep/tasa/lib/bcc-2.2.3-gcc/bin/../lib/gcc/sparc-gaisler-elf/10.2.0/../../../../sparc-gaisler-elf/lib/leon3/mfix-gr712rc/flat/libc.a(lib_a-memset.o)
 .data          0x0000000040010e5c        0x0 /home/fsw/rep/tasa/lib/bcc-2.2.3-gcc/bin/../lib/gcc/sparc-gaisler-elf/10.2.0/../../../../sparc-gaisler-elf/lib/leon3/mfix-gr712rc/flat/libc.a(lib_a-mlock.o)
 .data          0x0000000040010e5c        0x0 /home/fsw/rep/tasa/lib/bcc-2.2.3-gcc/bin/../lib/gcc/sparc-gaisler-elf/10.2.0/../../../../sparc-gaisler-elf/lib/leon3/mfix-gr712rc/flat/libc.a(lib_a-mprec.o)
 .data          0x0000000040010e5c        0x0 /home/fsw/rep/tasa/lib/bcc-2.2.3-gcc/bin/../lib/gcc/sparc-gaisler-elf/10.2.0/../../../../sparc-gaisler-elf/lib/leon3/mfix-gr712rc/flat/libc.a(lib_a-putc.o)
 .data          0x0000000040010e5c        0x0 /home/fsw/rep/tasa/lib/bcc-2.2.3-gcc/bin/../lib/gcc/sparc-gaisler-elf/10.2.0/../../../../sparc-gaisler-elf/lib/leon3/mfix-gr712rc/flat/libc.a(lib_a-reallocr.o)
 .data          0x0000000040010e5c        0x0 /home/fsw/rep/tasa/lib/bcc-2.2.3-gcc/bin/../lib/gcc/sparc-gaisler-elf/10.2.0/../../../../sparc-gaisler-elf/lib/leon3/mfix-gr712rc/flat/libc.a(lib_a-s_frexp.o)
 .data          0x0000000040010e5c        0x0 /home/fsw/rep/tasa/lib/bcc-2.2.3-gcc/bin/../lib/gcc/sparc-gaisler-elf/10.2.0/../../../../sparc-gaisler-elf/lib/leon3/mfix-gr712rc/flat/libc.a(lib_a-sbrkr.o)
 .data          0x0000000040010e5c        0x0 /home/fsw/rep/tasa/lib/bcc-2.2.3-gcc/bin/../lib/gcc/sparc-gaisler-elf/10.2.0/../../../../sparc-gaisler-elf/lib/leon3/mfix-gr712rc/flat/libc.a(lib_a-stdio.o)
 .data          0x0000000040010e5c        0x0 /home/fsw/rep/tasa/lib/bcc-2.2.3-gcc/bin/../lib/gcc/sparc-gaisler-elf/10.2.0/../../../../sparc-gaisler-elf/lib/leon3/mfix-gr712rc/flat/libc.a(lib_a-strncpy.o)
 .data          0x0000000040010e5c        0x0 /home/fsw/rep/tasa/lib/bcc-2.2.3-gcc/bin/../lib/gcc/sparc-gaisler-elf/10.2.0/../../../../sparc-gaisler-elf/lib/leon3/mfix-gr712rc/flat/libc.a(lib_a-vfiprintf.o)
 .data          0x0000000040010e5c        0x0 /home/fsw/rep/tasa/lib/bcc-2.2.3-gcc/bin/../lib/gcc/sparc-gaisler-elf/10.2.0/../../../../sparc-gaisler-elf/lib/leon3/mfix-gr712rc/flat/libc.a(lib_a-wbuf.o)
 .data          0x0000000040010e5c        0x0 /home/fsw/rep/tasa/lib/bcc-2.2.3-gcc/bin/../lib/gcc/sparc-gaisler-elf/10.2.0/../../../../sparc-gaisler-elf/lib/leon3/mfix-gr712rc/flat/libc.a(lib_a-writer.o)
 .data          0x0000000040010e5c        0x0 /home/fsw/rep/tasa/lib/bcc-2.2.3-gcc/bin/../lib/gcc/sparc-gaisler-elf/10.2.0/../../../../sparc-gaisler-elf/lib/leon3/mfix-gr712rc/flat/libc.a(lib_a-callocr.o)
 .data          0x0000000040010e5c        0x0 /home/fsw/rep/tasa/lib/bcc-2.2.3-gcc/bin/../lib/gcc/sparc-gaisler-elf/10.2.0/../../../../sparc-gaisler-elf/lib/leon3/mfix-gr712rc/flat/libc.a(lib_a-closer.o)
 .data          0x0000000040010e5c        0x0 /home/fsw/rep/tasa/lib/bcc-2.2.3-gcc/bin/../lib/gcc/sparc-gaisler-elf/10.2.0/../../../../sparc-gaisler-elf/lib/leon3/mfix-gr712rc/flat/libc.a(lib_a-fclose.o)
 .data          0x0000000040010e5c        0x0 /home/fsw/rep/tasa/lib/bcc-2.2.3-gcc/bin/../lib/gcc/sparc-gaisler-elf/10.2.0/../../../../sparc-gaisler-elf/lib/leon3/mfix-gr712rc/flat/libc.a(lib_a-fputwc.o)
 .data          0x0000000040010e5c        0x0 /home/fsw/rep/tasa/lib/bcc-2.2.3-gcc/bin/../lib/gcc/sparc-gaisler-elf/10.2.0/../../../../sparc-gaisler-elf/lib/leon3/mfix-gr712rc/flat/libc.a(lib_a-fstatr.o)
 .data          0x0000000040010e5c        0x0 /home/fsw/rep/tasa/lib/bcc-2.2.3-gcc/bin/../lib/gcc/sparc-gaisler-elf/10.2.0/../../../../sparc-gaisler-elf/lib/leon3/mfix-gr712rc/flat/libc.a(lib_a-isattyr.o)
 .data          0x0000000040010e5c      0x16c /home/fsw/rep/tasa/lib/bcc-2.2.3-gcc/bin/../lib/gcc/sparc-gaisler-elf/10.2.0/../../../../sparc-gaisler-elf/lib/leon3/mfix-gr712rc/flat/libc.a(lib_a-locale.o)
                0x0000000040010e5c                __global_locale
 .data          0x0000000040010fc8        0x0 /home/fsw/rep/tasa/lib/bcc-2.2.3-gcc/bin/../lib/gcc/sparc-gaisler-elf/10.2.0/../../../../sparc-gaisler-elf/lib/leon3/mfix-gr712rc/flat/libc.a(lib_a-lseekr.o)
 .data          0x0000000040010fc8        0x0 /home/fsw/rep/tasa/lib/bcc-2.2.3-gcc/bin/../lib/gcc/sparc-gaisler-elf/10.2.0/../../../../sparc-gaisler-elf/lib/leon3/mfix-gr712rc/flat/libc.a(lib_a-mbtowc_r.o)
 .data          0x0000000040010fc8        0x0 /home/fsw/rep/tasa/lib/bcc-2.2.3-gcc/bin/../lib/gcc/sparc-gaisler-elf/10.2.0/../../../../sparc-gaisler-elf/lib/leon3/mfix-gr712rc/flat/libc.a(lib_a-readr.o)
 .data          0x0000000040010fc8        0x0 /home/fsw/rep/tasa/lib/bcc-2.2.3-gcc/bin/../lib/gcc/sparc-gaisler-elf/10.2.0/../../../../sparc-gaisler-elf/lib/leon3/mfix-gr712rc/flat/libc.a(lib_a-reent.o)
 .data          0x0000000040010fc8        0x0 /home/fsw/rep/tasa/lib/bcc-2.2.3-gcc/bin/../lib/gcc/sparc-gaisler-elf/10.2.0/../../../../sparc-gaisler-elf/lib/leon3/mfix-gr712rc/flat/libc.a(lib_a-strcmp.o)
 .data          0x0000000040010fc8        0x0 /home/fsw/rep/tasa/lib/bcc-2.2.3-gcc/bin/../lib/gcc/sparc-gaisler-elf/10.2.0/../../../../sparc-gaisler-elf/lib/leon3/mfix-gr712rc/flat/libc.a(lib_a-wcrtomb.o)
 .data          0x0000000040010fc8        0x0 /home/fsw/rep/tasa/lib/bcc-2.2.3-gcc/bin/../lib/gcc/sparc-gaisler-elf/10.2.0/../../../../sparc-gaisler-elf/lib/leon3/mfix-gr712rc/flat/libc.a(lib_a-wctomb_r.o)
 .data          0x0000000040010fc8        0x0 /home/fsw/rep/tasa/lib/bcc-2.2.3-gcc/bin/../lib/gcc/sparc-gaisler-elf/10.2.0/../../../../sparc-gaisler-elf/lib/leon3/mfix-gr712rc/flat/libc.a(lib_a-ctype_.o)
 .data          0x0000000040010fc8        0x0 /home/fsw/rep/tasa/lib/bcc-2.2.3-gcc/bin/../sparc-gaisler-elf/bsp/leon3/leon3/mfix-gr712rc/flat/libbcc.a(_exit.S.o)
 .data          0x0000000040010fc8        0x0 /home/fsw/rep/tasa/lib/bcc-2.2.3-gcc/bin/../sparc-gaisler-elf/bsp/leon3/leon3/mfix-gr712rc/flat/libbcc.a(read.c.o)
 .data          0x0000000040010fc8        0x0 /home/fsw/rep/tasa/lib/bcc-2.2.3-gcc/bin/../sparc-gaisler-elf/bsp/leon3/leon3/mfix-gr712rc/flat/libbcc.a(sbrk.c.o)
 .data          0x0000000040010fc8        0x0 /home/fsw/rep/tasa/lib/bcc-2.2.3-gcc/bin/../sparc-gaisler-elf/bsp/leon3/leon3/mfix-gr712rc/flat/libbcc.a(heap.c.o)
 .data          0x0000000040010fc8        0x0 /home/fsw/rep/tasa/lib/bcc-2.2.3-gcc/bin/../sparc-gaisler-elf/bsp/leon3/leon3/mfix-gr712rc/flat/libbcc.a(write.c.o)
 .data          0x0000000040010fc8        0x0 /home/fsw/rep/tasa/lib/bcc-2.2.3-gcc/bin/../sparc-gaisler-elf/bsp/leon3/leon3/mfix-gr712rc/flat/libbcc.a(stubs.S.o)
 .data          0x0000000040010fc8        0x0 /home/fsw/rep/tasa/lib/bcc-2.2.3-gcc/bin/../sparc-gaisler-elf/bsp/leon3/leon3/mfix-gr712rc/flat/libbcc.a(con_apbuart.c.o)
 .data          0x0000000040010fc8        0x0 /home/fsw/rep/tasa/lib/bcc-2.2.3-gcc/bin/../lib/gcc/sparc-gaisler-elf/10.2.0/leon3/mfix-gr712rc/flat/libgcc.a(_udivdi3.o)
 .data          0x0000000040010fc8        0x0 /home/fsw/rep/tasa/lib/bcc-2.2.3-gcc/bin/../lib/gcc/sparc-gaisler-elf/10.2.0/leon3/mfix-gr712rc/flat/libgcc.a(_umoddi3.o)
 .data          0x0000000040010fc8        0x0 /home/fsw/rep/tasa/lib/bcc-2.2.3-gcc/bin/../lib/gcc/sparc-gaisler-elf/10.2.0/leon3/mfix-gr712rc/flat/libgcc.a(_clz.o)
 .data          0x0000000040010fc8        0x0 /home/fsw/rep/tasa/lib/bcc-2.2.3-gcc/bin/../lib/gcc/sparc-gaisler-elf/10.2.0/leon3/mfix-gr712rc/flat/crtend.o
 .data          0x0000000040010fc8        0x0 /home/fsw/rep/tasa/lib/bcc-2.2.3-gcc/bin/../lib/gcc/sparc-gaisler-elf/10.2.0/leon3/mfix-gr712rc/flat/crtn.o
                0x0000000040010fc8                . = ALIGN (0x8)
                0x0000000040010fc8                __data_end = .
                0x00000000400109c0                __data_start_lma = LOADADDR (.data)
                0x0000000000000608                __data_size = SIZEOF (.data)

.iplt           0x0000000040010fc8        0x0
 .iplt          0x0000000040010fc8        0x0 /home/fsw/rep/tasa/lib/bcc-2.2.3-gcc/bin/../sparc-gaisler-elf/bsp/leon3/leon3/mfix-gr712rc/flat/trap_table_mvt_tn0018.S.o

.tm_clone_table
                0x0000000040010fc8        0x0
 .tm_clone_table
                0x0000000040010fc8        0x0 /home/fsw/rep/tasa/lib/bcc-2.2.3-gcc/bin/../lib/gcc/sparc-gaisler-elf/10.2.0/leon3/mfix-gr712rc/flat/crtbegin.o
 .tm_clone_table
                0x0000000040010fc8        0x0 /home/fsw/rep/tasa/lib/bcc-2.2.3-gcc/bin/../lib/gcc/sparc-gaisler-elf/10.2.0/leon3/mfix-gr712rc/flat/crtend.o

.bss            0x0000000040010fc8      0x1a8
                0x0000000040010fc8                . = ALIGN (0x8)
                0x0000000040010fc8                __bss_start = .
 *(.bss .bss.*)
 .bss           0x0000000040010fc8        0x0 /home/fsw/rep/tasa/lib/bcc-2.2.3-gcc/bin/../sparc-gaisler-elf/bsp/leon3/leon3/mfix-gr712rc/flat/trap_table_mvt_tn0018.S.o
 .bss           0x0000000040010fc8        0x4 /home/fsw/rep/tasa/lib/bcc-2.2.3-gcc/bin/../sparc-gaisler-elf/bsp/leon3/leon3/mfix-gr712rc/flat/crt0.S.o
                0x0000000040010fc8                __bcc_sp_at_entry
 .bss           0x0000000040010fcc        0x0 /home/fsw/rep/tasa/lib/bcc-2.2.3-gcc/bin/../lib/gcc/sparc-gaisler-elf/10.2.0/leon3/mfix-gr712rc/flat/crti.o
 .bss           0x0000000040010fcc       0x20 /home/fsw/rep/tasa/lib/bcc-2.2.3-gcc/bin/../lib/gcc/sparc-gaisler-elf/10.2.0/leon3/mfix-gr712rc/flat/crtbegin.o
 .bss           0x0000000040010fec        0x0 /tmp/ccoCRLoD.o
 .bss           0x0000000040010fec        0x0 /home/fsw/rep/tasa/lib/bcc-2.2.3-gcc/bin/../sparc-gaisler-elf/bsp/leon3/leon3/mfix-gr712rc/flat/libbcc.a(reset_trap_mvt.S.o)
 .bss           0x0000000040010fec        0x0 /home/fsw/rep/tasa/lib/bcc-2.2.3-gcc/bin/../sparc-gaisler-elf/bsp/leon3/leon3/mfix-gr712rc/flat/libbcc.a(sw_trap_set_pil.S.o)
 .bss           0x0000000040010fec        0x0 /home/fsw/rep/tasa/lib/bcc-2.2.3-gcc/bin/../sparc-gaisler-elf/bsp/leon3/leon3/mfix-gr712rc/flat/libbcc.a(init.S.o)
 .bss           0x0000000040010fec        0x0 /home/fsw/rep/tasa/lib/bcc-2.2.3-gcc/bin/../sparc-gaisler-elf/bsp/leon3/leon3/mfix-gr712rc/flat/libbcc.a(leon_info.S.o)
 .bss           0x0000000040010fec        0x0 /home/fsw/rep/tasa/lib/bcc-2.2.3-gcc/bin/../sparc-gaisler-elf/bsp/leon3/leon3/mfix-gr712rc/flat/libbcc.a(dwzero.S.o)
 .bss           0x0000000040010fec        0x0 /home/fsw/rep/tasa/lib/bcc-2.2.3-gcc/bin/../sparc-gaisler-elf/bsp/leon3/leon3/mfix-gr712rc/flat/libbcc.a(copy_data.c.o)
 .bss           0x0000000040010fec        0x8 /home/fsw/rep/tasa/lib/bcc-2.2.3-gcc/bin/../sparc-gaisler-elf/bsp/leon3/leon3/mfix-gr712rc/flat/libbcc.a(argv.c.o)
                0x0000000040010ff0                __bcc_argc
 .bss           0x0000000040010ff4        0x0 /home/fsw/rep/tasa/lib/bcc-2.2.3-gcc/bin/../sparc-gaisler-elf/bsp/leon3/leon3/mfix-gr712rc/flat/libbcc.a(interrupt_trap_flat_tn0018.S.o)
 .bss           0x0000000040010ff4        0x0 /home/fsw/rep/tasa/lib/bcc-2.2.3-gcc/bin/../sparc-gaisler-elf/bsp/leon3/leon3/mfix-gr712rc/flat/libbcc.a(int_irqmp_get_source.c.o)
 .bss           0x0000000040010ff4        0x0 /home/fsw/rep/tasa/lib/bcc-2.2.3-gcc/bin/../sparc-gaisler-elf/bsp/leon3/leon3/mfix-gr712rc/flat/libbcc.a(int_irqmp_mp.c.o)
 .bss           0x0000000040010ff4        0x0 /home/fsw/rep/tasa/lib/bcc-2.2.3-gcc/bin/../sparc-gaisler-elf/bsp/leon3/leon3/mfix-gr712rc/flat/libbcc.a(int_irqmp_init.c.o)
 .bss           0x0000000040010ff4        0x0 /home/fsw/rep/tasa/lib/bcc-2.2.3-gcc/bin/../sparc-gaisler-elf/bsp/leon3/leon3/mfix-gr712rc/flat/libbcc.a(con_apbuart_init.c.o)
 .bss           0x0000000040010ff4        0x0 /home/fsw/rep/tasa/lib/bcc-2.2.3-gcc/bin/../sparc-gaisler-elf/bsp/leon3/leon3/mfix-gr712rc/flat/libbcc.a(timer_gptimer_init.c.o)
 .bss           0x0000000040010ff4       0x80 /home/fsw/rep/tasa/lib/bcc-2.2.3-gcc/bin/../sparc-gaisler-elf/bsp/leon3/leon3/mfix-gr712rc/flat/libbcc.a(isr.c.o)
                0x0000000040010ff4                __bcc_isr_list
 .bss           0x0000000040011074        0x0 /home/fsw/rep/tasa/lib/bcc-2.2.3-gcc/bin/../sparc-gaisler-elf/bsp/leon3/leon3/mfix-gr712rc/flat/libbcc.a(int_nest.c.o)
 .bss           0x0000000040011074        0x0 /home/fsw/rep/tasa/lib/bcc-2.2.3-gcc/bin/../sparc-gaisler-elf/bsp/leon3/leon3/mfix-gr712rc/flat/libbcc.a(ambapp.c.o)
 .bss           0x0000000040011074        0x0 /home/fsw/rep/tasa/lib/bcc-2.2.3-gcc/bin/../sparc-gaisler-elf/bsp/leon3/leon3/mfix-gr712rc/flat/libbcc.a(ambapp_findfirst_fn.c.o)
 .bss           0x0000000040011074       0x10 /home/fsw/rep/tasa/lib/bcc-2.2.3-gcc/bin/../sparc-gaisler-elf/bsp/leon3/leon3/mfix-gr712rc/flat/libbcc.a(int_irqmp_handle.c.o)
                0x0000000040011074                __bcc_int_irqmp_nts
                0x0000000040011078                __bcc_int_irqmp_map
                0x000000004001107c                __bcc_int_irqmp_eirq
                0x0000000040011080                __bcc_int_handle
 .bss           0x0000000040011084        0x4 /home/fsw/rep/tasa/lib/bcc-2.2.3-gcc/bin/../sparc-gaisler-elf/bsp/leon3/leon3/mfix-gr712rc/flat/libbcc.a(con_handle.c.o)
                0x0000000040011084                __bcc_con_handle
 .bss           0x0000000040011088        0x8 /home/fsw/rep/tasa/lib/bcc-2.2.3-gcc/bin/../sparc-gaisler-elf/bsp/leon3/leon3/mfix-gr712rc/flat/libbcc.a(timer_handle.c.o)
                0x0000000040011088                __bcc_timer_interrupt
                0x000000004001108c                __bcc_timer_handle
 .bss           0x0000000040011090        0x0 /home/fsw/rep/tasa/lib/bcc-2.2.3-gcc/bin/../lib/gcc/sparc-gaisler-elf/10.2.0/../../../../sparc-gaisler-elf/lib/leon3/mfix-gr712rc/flat/libc.a(lib_a-atexit.o)
 .bss           0x0000000040011090        0x0 /home/fsw/rep/tasa/lib/bcc-2.2.3-gcc/bin/../lib/gcc/sparc-gaisler-elf/10.2.0/../../../../sparc-gaisler-elf/lib/leon3/mfix-gr712rc/flat/libc.a(lib_a-exit.o)
 .bss           0x0000000040011090        0x0 /home/fsw/rep/tasa/lib/bcc-2.2.3-gcc/bin/../lib/gcc/sparc-gaisler-elf/10.2.0/../../../../sparc-gaisler-elf/lib/leon3/mfix-gr712rc/flat/libc.a(lib_a-impure.o)
 .bss           0x0000000040011090        0x0 /home/fsw/rep/tasa/lib/bcc-2.2.3-gcc/bin/../lib/gcc/sparc-gaisler-elf/10.2.0/../../../../sparc-gaisler-elf/lib/leon3/mfix-gr712rc/flat/libc.a(lib_a-memcpy.o)
 .bss           0x0000000040011090        0x0 /home/fsw/rep/tasa/lib/bcc-2.2.3-gcc/bin/../lib/gcc/sparc-gaisler-elf/10.2.0/../../../../sparc-gaisler-elf/lib/leon3/mfix-gr712rc/flat/libc.a(lib_a-printf.o)
 .bss           0x0000000040011090        0x0 /home/fsw/rep/tasa/lib/bcc-2.2.3-gcc/bin/../lib/gcc/sparc-gaisler-elf/10.2.0/../../../../sparc-gaisler-elf/lib/leon3/mfix-gr712rc/flat/libc.a(lib_a-putchar.o)
 .bss           0x0000000040011090        0x0 /home/fsw/rep/tasa/lib/bcc-2.2.3-gcc/bin/../lib/gcc/sparc-gaisler-elf/10.2.0/../../../../sparc-gaisler-elf/lib/leon3/mfix-gr712rc/flat/libc.a(lib_a-puts.o)
 .bss           0x0000000040011090        0x0 /home/fsw/rep/tasa/lib/bcc-2.2.3-gcc/bin/../lib/gcc/sparc-gaisler-elf/10.2.0/../../../../sparc-gaisler-elf/lib/leon3/mfix-gr712rc/flat/libc.a(lib_a-strlen.o)
 .bss           0x0000000040011090        0x0 /home/fsw/rep/tasa/lib/bcc-2.2.3-gcc/bin/../lib/gcc/sparc-gaisler-elf/10.2.0/../../../../sparc-gaisler-elf/lib/leon3/mfix-gr712rc/flat/libc.a(lib_a-vfprintf.o)
 .bss           0x0000000040011090        0x0 /home/fsw/rep/tasa/lib/bcc-2.2.3-gcc/bin/../lib/gcc/sparc-gaisler-elf/10.2.0/../../../../sparc-gaisler-elf/lib/leon3/mfix-gr712rc/flat/libc.a(lib_a-wsetup.o)
 .bss           0x0000000040011090       0x8c /home/fsw/rep/tasa/lib/bcc-2.2.3-gcc/bin/../lib/gcc/sparc-gaisler-elf/10.2.0/../../../../sparc-gaisler-elf/lib/leon3/mfix-gr712rc/flat/libc.a(lib_a-__atexit.o)
 .bss           0x000000004001111c        0x4 /home/fsw/rep/tasa/lib/bcc-2.2.3-gcc/bin/../lib/gcc/sparc-gaisler-elf/10.2.0/../../../../sparc-gaisler-elf/lib/leon3/mfix-gr712rc/flat/libc.a(lib_a-__call_atexit.o)
                0x000000004001111c                _global_atexit
 .bss           0x0000000040011120        0x0 /home/fsw/rep/tasa/lib/bcc-2.2.3-gcc/bin/../lib/gcc/sparc-gaisler-elf/10.2.0/../../../../sparc-gaisler-elf/lib/leon3/mfix-gr712rc/flat/libc.a(lib_a-dtoa.o)
 .bss           0x0000000040011120        0x0 /home/fsw/rep/tasa/lib/bcc-2.2.3-gcc/bin/../lib/gcc/sparc-gaisler-elf/10.2.0/../../../../sparc-gaisler-elf/lib/leon3/mfix-gr712rc/flat/libc.a(lib_a-fflush.o)
 .bss           0x0000000040011120        0x0 /home/fsw/rep/tasa/lib/bcc-2.2.3-gcc/bin/../lib/gcc/sparc-gaisler-elf/10.2.0/../../../../sparc-gaisler-elf/lib/leon3/mfix-gr712rc/flat/libc.a(lib_a-findfp.o)
 .bss           0x0000000040011120        0x0 /home/fsw/rep/tasa/lib/bcc-2.2.3-gcc/bin/../lib/gcc/sparc-gaisler-elf/10.2.0/../../../../sparc-gaisler-elf/lib/leon3/mfix-gr712rc/flat/libc.a(lib_a-freer.o)
 .bss           0x0000000040011120        0x0 /home/fsw/rep/tasa/lib/bcc-2.2.3-gcc/bin/../lib/gcc/sparc-gaisler-elf/10.2.0/../../../../sparc-gaisler-elf/lib/leon3/mfix-gr712rc/flat/libc.a(lib_a-fvwrite.o)
 .bss           0x0000000040011120        0x0 /home/fsw/rep/tasa/lib/bcc-2.2.3-gcc/bin/../lib/gcc/sparc-gaisler-elf/10.2.0/../../../../sparc-gaisler-elf/lib/leon3/mfix-gr712rc/flat/libc.a(lib_a-fwalk.o)
 .bss           0x0000000040011120        0x0 /home/fsw/rep/tasa/lib/bcc-2.2.3-gcc/bin/../lib/gcc/sparc-gaisler-elf/10.2.0/../../../../sparc-gaisler-elf/lib/leon3/mfix-gr712rc/flat/libc.a(lib_a-localeconv.o)
 .bss           0x0000000040011120        0x0 /home/fsw/rep/tasa/lib/bcc-2.2.3-gcc/bin/../lib/gcc/sparc-gaisler-elf/10.2.0/../../../../sparc-gaisler-elf/lib/leon3/mfix-gr712rc/flat/libc.a(lib_a-makebuf.o)
 .bss           0x0000000040011120        0x0 /home/fsw/rep/tasa/lib/bcc-2.2.3-gcc/bin/../lib/gcc/sparc-gaisler-elf/10.2.0/../../../../sparc-gaisler-elf/lib/leon3/mfix-gr712rc/flat/libc.a(lib_a-malloc.o)
 .bss           0x0000000040011120       0x34 /home/fsw/rep/tasa/lib/bcc-2.2.3-gcc/bin/../lib/gcc/sparc-gaisler-elf/10.2.0/../../../../sparc-gaisler-elf/lib/leon3/mfix-gr712rc/flat/libc.a(lib_a-mallocr.o)
                0x0000000040011120                __malloc_current_mallinfo
                0x0000000040011148                __malloc_max_total_mem
                0x000000004001114c                __malloc_max_sbrked_mem
                0x0000000040011150                __malloc_top_pad
 .bss           0x0000000040011154        0x0 /home/fsw/rep/tasa/lib/bcc-2.2.3-gcc/bin/../lib/gcc/sparc-gaisler-elf/10.2.0/../../../../sparc-gaisler-elf/lib/leon3/mfix-gr712rc/flat/libc.a(lib_a-memchr.o)
 .bss           0x0000000040011154        0x0 /home/fsw/rep/tasa/lib/bcc-2.2.3-gcc/bin/../lib/gcc/sparc-gaisler-elf/10.2.0/../../../../sparc-gaisler-elf/lib/leon3/mfix-gr712rc/flat/libc.a(lib_a-memmove.o)
 .bss           0x0000000040011154        0x0 /home/fsw/rep/tasa/lib/bcc-2.2.3-gcc/bin/../lib/gcc/sparc-gaisler-elf/10.2.0/../../../../sparc-gaisler-elf/lib/leon3/mfix-gr712rc/flat/libc.a(lib_a-memset.o)
 .bss           0x0000000040011154        0x0 /home/fsw/rep/tasa/lib/bcc-2.2.3-gcc/bin/../lib/gcc/sparc-gaisler-elf/10.2.0/../../../../sparc-gaisler-elf/lib/leon3/mfix-gr712rc/flat/libc.a(lib_a-mlock.o)
 .bss           0x0000000040011154        0x0 /home/fsw/rep/tasa/lib/bcc-2.2.3-gcc/bin/../lib/gcc/sparc-gaisler-elf/10.2.0/../../../../sparc-gaisler-elf/lib/leon3/mfix-gr712rc/flat/libc.a(lib_a-mprec.o)
 .bss           0x0000000040011154        0x0 /home/fsw/rep/tasa/lib/bcc-2.2.3-gcc/bin/../lib/gcc/sparc-gaisler-elf/10.2.0/../../../../sparc-gaisler-elf/lib/leon3/mfix-gr712rc/flat/libc.a(lib_a-putc.o)
 .bss           0x0000000040011154        0x0 /home/fsw/rep/tasa/lib/bcc-2.2.3-gcc/bin/../lib/gcc/sparc-gaisler-elf/10.2.0/../../../../sparc-gaisler-elf/lib/leon3/mfix-gr712rc/flat/libc.a(lib_a-reallocr.o)
 .bss           0x0000000040011154        0x0 /home/fsw/rep/tasa/lib/bcc-2.2.3-gcc/bin/../lib/gcc/sparc-gaisler-elf/10.2.0/../../../../sparc-gaisler-elf/lib/leon3/mfix-gr712rc/flat/libc.a(lib_a-s_frexp.o)
 .bss           0x0000000040011154        0x0 /home/fsw/rep/tasa/lib/bcc-2.2.3-gcc/bin/../lib/gcc/sparc-gaisler-elf/10.2.0/../../../../sparc-gaisler-elf/lib/leon3/mfix-gr712rc/flat/libc.a(lib_a-sbrkr.o)
 .bss           0x0000000040011154        0x0 /home/fsw/rep/tasa/lib/bcc-2.2.3-gcc/bin/../lib/gcc/sparc-gaisler-elf/10.2.0/../../../../sparc-gaisler-elf/lib/leon3/mfix-gr712rc/flat/libc.a(lib_a-stdio.o)
 .bss           0x0000000040011154        0x0 /home/fsw/rep/tasa/lib/bcc-2.2.3-gcc/bin/../lib/gcc/sparc-gaisler-elf/10.2.0/../../../../sparc-gaisler-elf/lib/leon3/mfix-gr712rc/flat/libc.a(lib_a-strncpy.o)
 .bss           0x0000000040011154        0x0 /home/fsw/rep/tasa/lib/bcc-2.2.3-gcc/bin/../lib/gcc/sparc-gaisler-elf/10.2.0/../../../../sparc-gaisler-elf/lib/leon3/mfix-gr712rc/flat/libc.a(lib_a-vfiprintf.o)
 .bss           0x0000000040011154        0x0 /home/fsw/rep/tasa/lib/bcc-2.2.3-gcc/bin/../lib/gcc/sparc-gaisler-elf/10.2.0/../../../../sparc-gaisler-elf/lib/leon3/mfix-gr712rc/flat/libc.a(lib_a-wbuf.o)
 .bss           0x0000000040011154        0x0 /home/fsw/rep/tasa/lib/bcc-2.2.3-gcc/bin/../lib/gcc/sparc-gaisler-elf/10.2.0/../../../../sparc-gaisler-elf/lib/leon3/mfix-gr712rc/flat/libc.a(lib_a-writer.o)
 .bss           0x0000000040011154        0x0 /home/fsw/rep/tasa/lib/bcc-2.2.3-gcc/bin/../lib/gcc/sparc-gaisler-elf/10.2.0/../../../../sparc-gaisler-elf/lib/leon3/mfix-gr712rc/flat/libc.a(lib_a-callocr.o)
 .bss           0x0000000040011154        0x0 /home/fsw/rep/tasa/lib/bcc-2.2.3-gcc/bin/../lib/gcc/sparc-gaisler-elf/10.2.0/../../../../sparc-gaisler-elf/lib/leon3/mfix-gr712rc/flat/libc.a(lib_a-closer.o)
 .bss           0x0000000040011154        0x0 /home/fsw/rep/tasa/lib/bcc-2.2.3-gcc/bin/../lib/gcc/sparc-gaisler-elf/10.2.0/../../../../sparc-gaisler-elf/lib/leon3/mfix-gr712rc/flat/libc.a(lib_a-fclose.o)
 .bss           0x0000000040011154        0x0 /home/fsw/rep/tasa/lib/bcc-2.2.3-gcc/bin/../lib/gcc/sparc-gaisler-elf/10.2.0/../../../../sparc-gaisler-elf/lib/leon3/mfix-gr712rc/flat/libc.a(lib_a-fputwc.o)
 .bss           0x0000000040011154        0x0 /home/fsw/rep/tasa/lib/bcc-2.2.3-gcc/bin/../lib/gcc/sparc-gaisler-elf/10.2.0/../../../../sparc-gaisler-elf/lib/leon3/mfix-gr712rc/flat/libc.a(lib_a-fstatr.o)
 .bss           0x0000000040011154        0x0 /home/fsw/rep/tasa/lib/bcc-2.2.3-gcc/bin/../lib/gcc/sparc-gaisler-elf/10.2.0/../../../../sparc-gaisler-elf/lib/leon3/mfix-gr712rc/flat/libc.a(lib_a-isattyr.o)
 .bss           0x0000000040011154        0x4 /home/fsw/rep/tasa/lib/bcc-2.2.3-gcc/bin/../lib/gcc/sparc-gaisler-elf/10.2.0/../../../../sparc-gaisler-elf/lib/leon3/mfix-gr712rc/flat/libc.a(lib_a-locale.o)
                0x0000000040011154                _PathLocale
 .bss           0x0000000040011158        0x0 /home/fsw/rep/tasa/lib/bcc-2.2.3-gcc/bin/../lib/gcc/sparc-gaisler-elf/10.2.0/../../../../sparc-gaisler-elf/lib/leon3/mfix-gr712rc/flat/libc.a(lib_a-lseekr.o)
 .bss           0x0000000040011158        0x0 /home/fsw/rep/tasa/lib/bcc-2.2.3-gcc/bin/../lib/gcc/sparc-gaisler-elf/10.2.0/../../../../sparc-gaisler-elf/lib/leon3/mfix-gr712rc/flat/libc.a(lib_a-mbtowc_r.o)
 .bss           0x0000000040011158        0x0 /home/fsw/rep/tasa/lib/bcc-2.2.3-gcc/bin/../lib/gcc/sparc-gaisler-elf/10.2.0/../../../../sparc-gaisler-elf/lib/leon3/mfix-gr712rc/flat/libc.a(lib_a-readr.o)
 .bss           0x0000000040011158        0x4 /home/fsw/rep/tasa/lib/bcc-2.2.3-gcc/bin/../lib/gcc/sparc-gaisler-elf/10.2.0/../../../../sparc-gaisler-elf/lib/leon3/mfix-gr712rc/flat/libc.a(lib_a-reent.o)
                0x0000000040011158                errno
 .bss           0x000000004001115c        0x0 /home/fsw/rep/tasa/lib/bcc-2.2.3-gcc/bin/../lib/gcc/sparc-gaisler-elf/10.2.0/../../../../sparc-gaisler-elf/lib/leon3/mfix-gr712rc/flat/libc.a(lib_a-strcmp.o)
 .bss           0x000000004001115c        0x0 /home/fsw/rep/tasa/lib/bcc-2.2.3-gcc/bin/../lib/gcc/sparc-gaisler-elf/10.2.0/../../../../sparc-gaisler-elf/lib/leon3/mfix-gr712rc/flat/libc.a(lib_a-wcrtomb.o)
 .bss           0x000000004001115c        0x0 /home/fsw/rep/tasa/lib/bcc-2.2.3-gcc/bin/../lib/gcc/sparc-gaisler-elf/10.2.0/../../../../sparc-gaisler-elf/lib/leon3/mfix-gr712rc/flat/libc.a(lib_a-wctomb_r.o)
 .bss           0x000000004001115c        0x0 /home/fsw/rep/tasa/lib/bcc-2.2.3-gcc/bin/../lib/gcc/sparc-gaisler-elf/10.2.0/../../../../sparc-gaisler-elf/lib/leon3/mfix-gr712rc/flat/libc.a(lib_a-ctype_.o)
 .bss           0x000000004001115c        0x0 /home/fsw/rep/tasa/lib/bcc-2.2.3-gcc/bin/../sparc-gaisler-elf/bsp/leon3/leon3/mfix-gr712rc/flat/libbcc.a(_exit.S.o)
 .bss           0x000000004001115c        0x0 /home/fsw/rep/tasa/lib/bcc-2.2.3-gcc/bin/../sparc-gaisler-elf/bsp/leon3/leon3/mfix-gr712rc/flat/libbcc.a(read.c.o)
 .bss           0x000000004001115c        0x4 /home/fsw/rep/tasa/lib/bcc-2.2.3-gcc/bin/../sparc-gaisler-elf/bsp/leon3/leon3/mfix-gr712rc/flat/libbcc.a(sbrk.c.o)
 .bss           0x0000000040011160        0x8 /home/fsw/rep/tasa/lib/bcc-2.2.3-gcc/bin/../sparc-gaisler-elf/bsp/leon3/leon3/mfix-gr712rc/flat/libbcc.a(heap.c.o)
                0x0000000040011160                __bcc_heap_max
                0x0000000040011164                __bcc_heap_min
 .bss           0x0000000040011168        0x0 /home/fsw/rep/tasa/lib/bcc-2.2.3-gcc/bin/../sparc-gaisler-elf/bsp/leon3/leon3/mfix-gr712rc/flat/libbcc.a(write.c.o)
 .bss           0x0000000040011168        0x0 /home/fsw/rep/tasa/lib/bcc-2.2.3-gcc/bin/../sparc-gaisler-elf/bsp/leon3/leon3/mfix-gr712rc/flat/libbcc.a(stubs.S.o)
 .bss           0x0000000040011168        0x4 /home/fsw/rep/tasa/lib/bcc-2.2.3-gcc/bin/../sparc-gaisler-elf/bsp/leon3/leon3/mfix-gr712rc/flat/libbcc.a(con_apbuart.c.o)
 .bss           0x000000004001116c        0x0 /home/fsw/rep/tasa/lib/bcc-2.2.3-gcc/bin/../lib/gcc/sparc-gaisler-elf/10.2.0/leon3/mfix-gr712rc/flat/libgcc.a(_udivdi3.o)
 .bss           0x000000004001116c        0x0 /home/fsw/rep/tasa/lib/bcc-2.2.3-gcc/bin/../lib/gcc/sparc-gaisler-elf/10.2.0/leon3/mfix-gr712rc/flat/libgcc.a(_umoddi3.o)
 .bss           0x000000004001116c        0x0 /home/fsw/rep/tasa/lib/bcc-2.2.3-gcc/bin/../lib/gcc/sparc-gaisler-elf/10.2.0/leon3/mfix-gr712rc/flat/libgcc.a(_clz.o)
 .bss           0x000000004001116c        0x0 /home/fsw/rep/tasa/lib/bcc-2.2.3-gcc/bin/../lib/gcc/sparc-gaisler-elf/10.2.0/leon3/mfix-gr712rc/flat/crtend.o
 .bss           0x000000004001116c        0x0 /home/fsw/rep/tasa/lib/bcc-2.2.3-gcc/bin/../lib/gcc/sparc-gaisler-elf/10.2.0/leon3/mfix-gr712rc/flat/crtn.o
 *(COMMON)
                0x0000000040011170                . = ALIGN (0x8)
 *fill*         0x000000004001116c        0x4 
                0x0000000040011170                __bss_end = .
                0x0000000040011170                __heap_min = .
                0x0000000040011170                . = ALIGN (0x8)

.jcr
 *(.jcr)

.stab
 *(.stab)

.stabstr
 *(.stabstr)

.debug
 *(.debug)

.line
 *(.line)

.debug_srcinfo
 *(.debug_srcinfo)

.debug_sfnames
 *(.debug_sfnames)

.debug_aranges  0x0000000000000000      0xa30
 *(.debug_aranges)
 .debug_aranges
                0x0000000000000000       0x20 /home/fsw/rep/tasa/lib/bcc-2.2.3-gcc/bin/../sparc-gaisler-elf/bsp/leon3/leon3/mfix-gr712rc/flat/trap_table_mvt_tn0018.S.o
 .debug_aranges
                0x0000000000000020       0x20 /home/fsw/rep/tasa/lib/bcc-2.2.3-gcc/bin/../sparc-gaisler-elf/bsp/leon3/leon3/mfix-gr712rc/flat/crt0.S.o
 .debug_aranges
                0x0000000000000040       0x20 /tmp/ccoCRLoD.o
 .debug_aranges
                0x0000000000000060       0x20 /home/fsw/rep/tasa/lib/bcc-2.2.3-gcc/bin/../sparc-gaisler-elf/bsp/leon3/leon3/mfix-gr712rc/flat/libbcc.a(reset_trap_mvt.S.o)
 .debug_aranges
                0x0000000000000080       0x20 /home/fsw/rep/tasa/lib/bcc-2.2.3-gcc/bin/../sparc-gaisler-elf/bsp/leon3/leon3/mfix-gr712rc/flat/libbcc.a(sw_trap_set_pil.S.o)
 .debug_aranges
                0x00000000000000a0       0x20 /home/fsw/rep/tasa/lib/bcc-2.2.3-gcc/bin/../sparc-gaisler-elf/bsp/leon3/leon3/mfix-gr712rc/flat/libbcc.a(init.S.o)
 .debug_aranges
                0x00000000000000c0       0x20 /home/fsw/rep/tasa/lib/bcc-2.2.3-gcc/bin/../sparc-gaisler-elf/bsp/leon3/leon3/mfix-gr712rc/flat/libbcc.a(leon_info.S.o)
 .debug_aranges
                0x00000000000000e0       0x20 /home/fsw/rep/tasa/lib/bcc-2.2.3-gcc/bin/../sparc-gaisler-elf/bsp/leon3/leon3/mfix-gr712rc/flat/libbcc.a(dwzero.S.o)
 .debug_aranges
                0x0000000000000100       0x20 /home/fsw/rep/tasa/lib/bcc-2.2.3-gcc/bin/../sparc-gaisler-elf/bsp/leon3/leon3/mfix-gr712rc/flat/libbcc.a(copy_data.c.o)
 .debug_aranges
                0x0000000000000120       0x18 /home/fsw/rep/tasa/lib/bcc-2.2.3-gcc/bin/../sparc-gaisler-elf/bsp/leon3/leon3/mfix-gr712rc/flat/libbcc.a(argv.c.o)
 .debug_aranges
                0x0000000000000138       0x20 /home/fsw/rep/tasa/lib/bcc-2.2.3-gcc/bin/../sparc-gaisler-elf/bsp/leon3/leon3/mfix-gr712rc/flat/libbcc.a(interrupt_trap_flat_tn0018.S.o)
 .debug_aranges
                0x0000000000000158       0x20 /home/fsw/rep/tasa/lib/bcc-2.2.3-gcc/bin/../sparc-gaisler-elf/bsp/leon3/leon3/mfix-gr712rc/flat/libbcc.a(int_irqmp_get_source.c.o)
 .debug_aranges
                0x0000000000000178       0x20 /home/fsw/rep/tasa/lib/bcc-2.2.3-gcc/bin/../sparc-gaisler-elf/bsp/leon3/leon3/mfix-gr712rc/flat/libbcc.a(int_irqmp_mp.c.o)
 .debug_aranges
                0x0000000000000198       0x20 /home/fsw/rep/tasa/lib/bcc-2.2.3-gcc/bin/../sparc-gaisler-elf/bsp/leon3/leon3/mfix-gr712rc/flat/libbcc.a(int_irqmp_init.c.o)
 .debug_aranges
                0x00000000000001b8       0x20 /home/fsw/rep/tasa/lib/bcc-2.2.3-gcc/bin/../sparc-gaisler-elf/bsp/leon3/leon3/mfix-gr712rc/flat/libbcc.a(con_apbuart_init.c.o)
 .debug_aranges
                0x00000000000001d8       0x20 /home/fsw/rep/tasa/lib/bcc-2.2.3-gcc/bin/../sparc-gaisler-elf/bsp/leon3/leon3/mfix-gr712rc/flat/libbcc.a(timer_gptimer_init.c.o)
 .debug_aranges
                0x00000000000001f8       0x18 /home/fsw/rep/tasa/lib/bcc-2.2.3-gcc/bin/../sparc-gaisler-elf/bsp/leon3/leon3/mfix-gr712rc/flat/libbcc.a(isr.c.o)
 .debug_aranges
                0x0000000000000210       0x18 /home/fsw/rep/tasa/lib/bcc-2.2.3-gcc/bin/../sparc-gaisler-elf/bsp/leon3/leon3/mfix-gr712rc/flat/libbcc.a(int_nest.c.o)
 .debug_aranges
                0x0000000000000228       0x20 /home/fsw/rep/tasa/lib/bcc-2.2.3-gcc/bin/../sparc-gaisler-elf/bsp/leon3/leon3/mfix-gr712rc/flat/libbcc.a(ambapp.c.o)
 .debug_aranges
                0x0000000000000248       0x20 /home/fsw/rep/tasa/lib/bcc-2.2.3-gcc/bin/../sparc-gaisler-elf/bsp/leon3/leon3/mfix-gr712rc/flat/libbcc.a(ambapp_findfirst_fn.c.o)
 .debug_aranges
                0x0000000000000268       0x18 /home/fsw/rep/tasa/lib/bcc-2.2.3-gcc/bin/../sparc-gaisler-elf/bsp/leon3/leon3/mfix-gr712rc/flat/libbcc.a(int_irqmp_handle.c.o)
 .debug_aranges
                0x0000000000000280       0x18 /home/fsw/rep/tasa/lib/bcc-2.2.3-gcc/bin/../sparc-gaisler-elf/bsp/leon3/leon3/mfix-gr712rc/flat/libbcc.a(con_handle.c.o)
 .debug_aranges
                0x0000000000000298       0x18 /home/fsw/rep/tasa/lib/bcc-2.2.3-gcc/bin/../sparc-gaisler-elf/bsp/leon3/leon3/mfix-gr712rc/flat/libbcc.a(timer_handle.c.o)
 .debug_aranges
                0x00000000000002b0       0x20 /home/fsw/rep/tasa/lib/bcc-2.2.3-gcc/bin/../lib/gcc/sparc-gaisler-elf/10.2.0/../../../../sparc-gaisler-elf/lib/leon3/mfix-gr712rc/flat/libc.a(lib_a-atexit.o)
 .debug_aranges
                0x00000000000002d0       0x20 /home/fsw/rep/tasa/lib/bcc-2.2.3-gcc/bin/../lib/gcc/sparc-gaisler-elf/10.2.0/../../../../sparc-gaisler-elf/lib/leon3/mfix-gr712rc/flat/libc.a(lib_a-exit.o)
 .debug_aranges
                0x00000000000002f0       0x18 /home/fsw/rep/tasa/lib/bcc-2.2.3-gcc/bin/../lib/gcc/sparc-gaisler-elf/10.2.0/../../../../sparc-gaisler-elf/lib/leon3/mfix-gr712rc/flat/libc.a(lib_a-impure.o)
 .debug_aranges
                0x0000000000000308       0x20 /home/fsw/rep/tasa/lib/bcc-2.2.3-gcc/bin/../lib/gcc/sparc-gaisler-elf/10.2.0/../../../../sparc-gaisler-elf/lib/leon3/mfix-gr712rc/flat/libc.a(lib_a-memcpy.o)
 .debug_aranges
                0x0000000000000328       0x20 /home/fsw/rep/tasa/lib/bcc-2.2.3-gcc/bin/../lib/gcc/sparc-gaisler-elf/10.2.0/../../../../sparc-gaisler-elf/lib/leon3/mfix-gr712rc/flat/libc.a(lib_a-printf.o)
 .debug_aranges
                0x0000000000000348       0x20 /home/fsw/rep/tasa/lib/bcc-2.2.3-gcc/bin/../lib/gcc/sparc-gaisler-elf/10.2.0/../../../../sparc-gaisler-elf/lib/leon3/mfix-gr712rc/flat/libc.a(lib_a-putchar.o)
 .debug_aranges
                0x0000000000000368       0x20 /home/fsw/rep/tasa/lib/bcc-2.2.3-gcc/bin/../lib/gcc/sparc-gaisler-elf/10.2.0/../../../../sparc-gaisler-elf/lib/leon3/mfix-gr712rc/flat/libc.a(lib_a-puts.o)
 .debug_aranges
                0x0000000000000388       0x20 /home/fsw/rep/tasa/lib/bcc-2.2.3-gcc/bin/../lib/gcc/sparc-gaisler-elf/10.2.0/../../../../sparc-gaisler-elf/lib/leon3/mfix-gr712rc/flat/libc.a(lib_a-strlen.o)
 .debug_aranges
                0x00000000000003a8       0x20 /home/fsw/rep/tasa/lib/bcc-2.2.3-gcc/bin/../lib/gcc/sparc-gaisler-elf/10.2.0/../../../../sparc-gaisler-elf/lib/leon3/mfix-gr712rc/flat/libc.a(lib_a-vfprintf.o)
 .debug_aranges
                0x00000000000003c8       0x20 /home/fsw/rep/tasa/lib/bcc-2.2.3-gcc/bin/../lib/gcc/sparc-gaisler-elf/10.2.0/../../../../sparc-gaisler-elf/lib/leon3/mfix-gr712rc/flat/libc.a(lib_a-wsetup.o)
 .debug_aranges
                0x00000000000003e8       0x20 /home/fsw/rep/tasa/lib/bcc-2.2.3-gcc/bin/../lib/gcc/sparc-gaisler-elf/10.2.0/../../../../sparc-gaisler-elf/lib/leon3/mfix-gr712rc/flat/libc.a(lib_a-__atexit.o)
 .debug_aranges
                0x0000000000000408       0x20 /home/fsw/rep/tasa/lib/bcc-2.2.3-gcc/bin/../lib/gcc/sparc-gaisler-elf/10.2.0/../../../../sparc-gaisler-elf/lib/leon3/mfix-gr712rc/flat/libc.a(lib_a-__call_atexit.o)
 .debug_aranges
                0x0000000000000428       0x20 /home/fsw/rep/tasa/lib/bcc-2.2.3-gcc/bin/../lib/gcc/sparc-gaisler-elf/10.2.0/../../../../sparc-gaisler-elf/lib/leon3/mfix-gr712rc/flat/libc.a(lib_a-dtoa.o)
 .debug_aranges
                0x0000000000000448       0x20 /home/fsw/rep/tasa/lib/bcc-2.2.3-gcc/bin/../lib/gcc/sparc-gaisler-elf/10.2.0/../../../../sparc-gaisler-elf/lib/leon3/mfix-gr712rc/flat/libc.a(lib_a-fflush.o)
 .debug_aranges
                0x0000000000000468       0x20 /home/fsw/rep/tasa/lib/bcc-2.2.3-gcc/bin/../lib/gcc/sparc-gaisler-elf/10.2.0/../../../../sparc-gaisler-elf/lib/leon3/mfix-gr712rc/flat/libc.a(lib_a-findfp.o)
 .debug_aranges
                0x0000000000000488       0x20 /home/fsw/rep/tasa/lib/bcc-2.2.3-gcc/bin/../lib/gcc/sparc-gaisler-elf/10.2.0/../../../../sparc-gaisler-elf/lib/leon3/mfix-gr712rc/flat/libc.a(lib_a-freer.o)
 .debug_aranges
                0x00000000000004a8       0x20 /home/fsw/rep/tasa/lib/bcc-2.2.3-gcc/bin/../lib/gcc/sparc-gaisler-elf/10.2.0/../../../../sparc-gaisler-elf/lib/leon3/mfix-gr712rc/flat/libc.a(lib_a-fvwrite.o)
 .debug_aranges
                0x00000000000004c8       0x20 /home/fsw/rep/tasa/lib/bcc-2.2.3-gcc/bin/../lib/gcc/sparc-gaisler-elf/10.2.0/../../../../sparc-gaisler-elf/lib/leon3/mfix-gr712rc/flat/libc.a(lib_a-fwalk.o)
 .debug_aranges
                0x00000000000004e8       0x20 /home/fsw/rep/tasa/lib/bcc-2.2.3-gcc/bin/../lib/gcc/sparc-gaisler-elf/10.2.0/../../../../sparc-gaisler-elf/lib/leon3/mfix-gr712rc/flat/libc.a(lib_a-localeconv.o)
 .debug_aranges
                0x0000000000000508       0x20 /home/fsw/rep/tasa/lib/bcc-2.2.3-gcc/bin/../lib/gcc/sparc-gaisler-elf/10.2.0/../../../../sparc-gaisler-elf/lib/leon3/mfix-gr712rc/flat/libc.a(lib_a-makebuf.o)
 .debug_aranges
                0x0000000000000528       0x20 /home/fsw/rep/tasa/lib/bcc-2.2.3-gcc/bin/../lib/gcc/sparc-gaisler-elf/10.2.0/../../../../sparc-gaisler-elf/lib/leon3/mfix-gr712rc/flat/libc.a(lib_a-malloc.o)
 .debug_aranges
                0x0000000000000548       0x20 /home/fsw/rep/tasa/lib/bcc-2.2.3-gcc/bin/../lib/gcc/sparc-gaisler-elf/10.2.0/../../../../sparc-gaisler-elf/lib/leon3/mfix-gr712rc/flat/libc.a(lib_a-mallocr.o)
 .debug_aranges
                0x0000000000000568       0x20 /home/fsw/rep/tasa/lib/bcc-2.2.3-gcc/bin/../lib/gcc/sparc-gaisler-elf/10.2.0/../../../../sparc-gaisler-elf/lib/leon3/mfix-gr712rc/flat/libc.a(lib_a-memchr.o)
 .debug_aranges
                0x0000000000000588       0x20 /home/fsw/rep/tasa/lib/bcc-2.2.3-gcc/bin/../lib/gcc/sparc-gaisler-elf/10.2.0/../../../../sparc-gaisler-elf/lib/leon3/mfix-gr712rc/flat/libc.a(lib_a-memmove.o)
 .debug_aranges
                0x00000000000005a8       0x20 /home/fsw/rep/tasa/lib/bcc-2.2.3-gcc/bin/../lib/gcc/sparc-gaisler-elf/10.2.0/../../../../sparc-gaisler-elf/lib/leon3/mfix-gr712rc/flat/libc.a(lib_a-memset.o)
 .debug_aranges
                0x00000000000005c8       0x20 /home/fsw/rep/tasa/lib/bcc-2.2.3-gcc/bin/../lib/gcc/sparc-gaisler-elf/10.2.0/../../../../sparc-gaisler-elf/lib/leon3/mfix-gr712rc/flat/libc.a(lib_a-mlock.o)
 .debug_aranges
                0x00000000000005e8       0x20 /home/fsw/rep/tasa/lib/bcc-2.2.3-gcc/bin/../lib/gcc/sparc-gaisler-elf/10.2.0/../../../../sparc-gaisler-elf/lib/leon3/mfix-gr712rc/flat/libc.a(lib_a-mprec.o)
 .debug_aranges
                0x0000000000000608       0x20 /home/fsw/rep/tasa/lib/bcc-2.2.3-gcc/bin/../lib/gcc/sparc-gaisler-elf/10.2.0/../../../../sparc-gaisler-elf/lib/leon3/mfix-gr712rc/flat/libc.a(lib_a-putc.o)
 .debug_aranges
                0x0000000000000628       0x20 /home/fsw/rep/tasa/lib/bcc-2.2.3-gcc/bin/../lib/gcc/sparc-gaisler-elf/10.2.0/../../../../sparc-gaisler-elf/lib/leon3/mfix-gr712rc/flat/libc.a(lib_a-reallocr.o)
 .debug_aranges
                0x0000000000000648       0x20 /home/fsw/rep/tasa/lib/bcc-2.2.3-gcc/bin/../lib/gcc/sparc-gaisler-elf/10.2.0/../../../../sparc-gaisler-elf/lib/leon3/mfix-gr712rc/flat/libc.a(lib_a-s_frexp.o)
 .debug_aranges
                0x0000000000000668       0x20 /home/fsw/rep/tasa/lib/bcc-2.2.3-gcc/bin/../lib/gcc/sparc-gaisler-elf/10.2.0/../../../../sparc-gaisler-elf/lib/leon3/mfix-gr712rc/flat/libc.a(lib_a-sbrkr.o)
 .debug_aranges
                0x0000000000000688       0x20 /home/fsw/rep/tasa/lib/bcc-2.2.3-gcc/bin/../lib/gcc/sparc-gaisler-elf/10.2.0/../../../../sparc-gaisler-elf/lib/leon3/mfix-gr712rc/flat/libc.a(lib_a-stdio.o)
 .debug_aranges
                0x00000000000006a8       0x20 /home/fsw/rep/tasa/lib/bcc-2.2.3-gcc/bin/../lib/gcc/sparc-gaisler-elf/10.2.0/../../../../sparc-gaisler-elf/lib/leon3/mfix-gr712rc/flat/libc.a(lib_a-strncpy.o)
 .debug_aranges
                0x00000000000006c8       0x20 /home/fsw/rep/tasa/lib/bcc-2.2.3-gcc/bin/../lib/gcc/sparc-gaisler-elf/10.2.0/../../../../sparc-gaisler-elf/lib/leon3/mfix-gr712rc/flat/libc.a(lib_a-vfiprintf.o)
 .debug_aranges
                0x00000000000006e8       0x20 /home/fsw/rep/tasa/lib/bcc-2.2.3-gcc/bin/../lib/gcc/sparc-gaisler-elf/10.2.0/../../../../sparc-gaisler-elf/lib/leon3/mfix-gr712rc/flat/libc.a(lib_a-wbuf.o)
 .debug_aranges
                0x0000000000000708       0x20 /home/fsw/rep/tasa/lib/bcc-2.2.3-gcc/bin/../lib/gcc/sparc-gaisler-elf/10.2.0/../../../../sparc-gaisler-elf/lib/leon3/mfix-gr712rc/flat/libc.a(lib_a-writer.o)
 .debug_aranges
                0x0000000000000728       0x20 /home/fsw/rep/tasa/lib/bcc-2.2.3-gcc/bin/../lib/gcc/sparc-gaisler-elf/10.2.0/../../../../sparc-gaisler-elf/lib/leon3/mfix-gr712rc/flat/libc.a(lib_a-callocr.o)
 .debug_aranges
                0x0000000000000748       0x20 /home/fsw/rep/tasa/lib/bcc-2.2.3-gcc/bin/../lib/gcc/sparc-gaisler-elf/10.2.0/../../../../sparc-gaisler-elf/lib/leon3/mfix-gr712rc/flat/libc.a(lib_a-closer.o)
 .debug_aranges
                0x0000000000000768       0x20 /home/fsw/rep/tasa/lib/bcc-2.2.3-gcc/bin/../lib/gcc/sparc-gaisler-elf/10.2.0/../../../../sparc-gaisler-elf/lib/leon3/mfix-gr712rc/flat/libc.a(lib_a-fclose.o)
 .debug_aranges
                0x0000000000000788       0x20 /home/fsw/rep/tasa/lib/bcc-2.2.3-gcc/bin/../lib/gcc/sparc-gaisler-elf/10.2.0/../../../../sparc-gaisler-elf/lib/leon3/mfix-gr712rc/flat/libc.a(lib_a-fputwc.o)
 .debug_aranges
                0x00000000000007a8       0x20 /home/fsw/rep/tasa/lib/bcc-2.2.3-gcc/bin/../lib/gcc/sparc-gaisler-elf/10.2.0/../../../../sparc-gaisler-elf/lib/leon3/mfix-gr712rc/flat/libc.a(lib_a-fstatr.o)
 .debug_aranges
                0x00000000000007c8       0x20 /home/fsw/rep/tasa/lib/bcc-2.2.3-gcc/bin/../lib/gcc/sparc-gaisler-elf/10.2.0/../../../../sparc-gaisler-elf/lib/leon3/mfix-gr712rc/flat/libc.a(lib_a-isattyr.o)
 .debug_aranges
                0x00000000000007e8       0x20 /home/fsw/rep/tasa/lib/bcc-2.2.3-gcc/bin/../lib/gcc/sparc-gaisler-elf/10.2.0/../../../../sparc-gaisler-elf/lib/leon3/mfix-gr712rc/flat/libc.a(lib_a-locale.o)
 .debug_aranges
                0x0000000000000808       0x20 /home/fsw/rep/tasa/lib/bcc-2.2.3-gcc/bin/../lib/gcc/sparc-gaisler-elf/10.2.0/../../../../sparc-gaisler-elf/lib/leon3/mfix-gr712rc/flat/libc.a(lib_a-lseekr.o)
 .debug_aranges
                0x0000000000000828       0x20 /home/fsw/rep/tasa/lib/bcc-2.2.3-gcc/bin/../lib/gcc/sparc-gaisler-elf/10.2.0/../../../../sparc-gaisler-elf/lib/leon3/mfix-gr712rc/flat/libc.a(lib_a-mbtowc_r.o)
 .debug_aranges
                0x0000000000000848       0x20 /home/fsw/rep/tasa/lib/bcc-2.2.3-gcc/bin/../lib/gcc/sparc-gaisler-elf/10.2.0/../../../../sparc-gaisler-elf/lib/leon3/mfix-gr712rc/flat/libc.a(lib_a-readr.o)
 .debug_aranges
                0x0000000000000868       0x20 /home/fsw/rep/tasa/lib/bcc-2.2.3-gcc/bin/../lib/gcc/sparc-gaisler-elf/10.2.0/../../../../sparc-gaisler-elf/lib/leon3/mfix-gr712rc/flat/libc.a(lib_a-reent.o)
 .debug_aranges
                0x0000000000000888       0x20 /home/fsw/rep/tasa/lib/bcc-2.2.3-gcc/bin/../lib/gcc/sparc-gaisler-elf/10.2.0/../../../../sparc-gaisler-elf/lib/leon3/mfix-gr712rc/flat/libc.a(lib_a-strcmp.o)
 .debug_aranges
                0x00000000000008a8       0x20 /home/fsw/rep/tasa/lib/bcc-2.2.3-gcc/bin/../lib/gcc/sparc-gaisler-elf/10.2.0/../../../../sparc-gaisler-elf/lib/leon3/mfix-gr712rc/flat/libc.a(lib_a-wcrtomb.o)
 .debug_aranges
                0x00000000000008c8       0x20 /home/fsw/rep/tasa/lib/bcc-2.2.3-gcc/bin/../lib/gcc/sparc-gaisler-elf/10.2.0/../../../../sparc-gaisler-elf/lib/leon3/mfix-gr712rc/flat/libc.a(lib_a-wctomb_r.o)
 .debug_aranges
                0x00000000000008e8       0x18 /home/fsw/rep/tasa/lib/bcc-2.2.3-gcc/bin/../lib/gcc/sparc-gaisler-elf/10.2.0/../../../../sparc-gaisler-elf/lib/leon3/mfix-gr712rc/flat/libc.a(lib_a-ctype_.o)
 .debug_aranges
                0x0000000000000900       0x20 /home/fsw/rep/tasa/lib/bcc-2.2.3-gcc/bin/../sparc-gaisler-elf/bsp/leon3/leon3/mfix-gr712rc/flat/libbcc.a(_exit.S.o)
 .debug_aranges
                0x0000000000000920       0x20 /home/fsw/rep/tasa/lib/bcc-2.2.3-gcc/bin/../sparc-gaisler-elf/bsp/leon3/leon3/mfix-gr712rc/flat/libbcc.a(read.c.o)
 .debug_aranges
                0x0000000000000940       0x20 /home/fsw/rep/tasa/lib/bcc-2.2.3-gcc/bin/../sparc-gaisler-elf/bsp/leon3/leon3/mfix-gr712rc/flat/libbcc.a(sbrk.c.o)
 .debug_aranges
                0x0000000000000960       0x18 /home/fsw/rep/tasa/lib/bcc-2.2.3-gcc/bin/../sparc-gaisler-elf/bsp/leon3/leon3/mfix-gr712rc/flat/libbcc.a(heap.c.o)
 .debug_aranges
                0x0000000000000978       0x20 /home/fsw/rep/tasa/lib/bcc-2.2.3-gcc/bin/../sparc-gaisler-elf/bsp/leon3/leon3/mfix-gr712rc/flat/libbcc.a(write.c.o)
 .debug_aranges
                0x0000000000000998       0x20 /home/fsw/rep/tasa/lib/bcc-2.2.3-gcc/bin/../sparc-gaisler-elf/bsp/leon3/leon3/mfix-gr712rc/flat/libbcc.a(stubs.S.o)
 .debug_aranges
                0x00000000000009b8       0x20 /home/fsw/rep/tasa/lib/bcc-2.2.3-gcc/bin/../sparc-gaisler-elf/bsp/leon3/leon3/mfix-gr712rc/flat/libbcc.a(con_apbuart.c.o)
 .debug_aranges
                0x00000000000009d8       0x20 /home/fsw/rep/tasa/lib/bcc-2.2.3-gcc/bin/../lib/gcc/sparc-gaisler-elf/10.2.0/leon3/mfix-gr712rc/flat/libgcc.a(_udivdi3.o)
 .debug_aranges
                0x00000000000009f8       0x20 /home/fsw/rep/tasa/lib/bcc-2.2.3-gcc/bin/../lib/gcc/sparc-gaisler-elf/10.2.0/leon3/mfix-gr712rc/flat/libgcc.a(_umoddi3.o)
 .debug_aranges
                0x0000000000000a18       0x18 /home/fsw/rep/tasa/lib/bcc-2.2.3-gcc/bin/../lib/gcc/sparc-gaisler-elf/10.2.0/leon3/mfix-gr712rc/flat/libgcc.a(_clz.o)

.debug_pubnames
 *(.debug_pubnames)

.debug_info     0x0000000000000000    0x21e22
 *(.debug_info)
 .debug_info    0x0000000000000000       0x26 /home/fsw/rep/tasa/lib/bcc-2.2.3-gcc/bin/../sparc-gaisler-elf/bsp/leon3/leon3/mfix-gr712rc/flat/trap_table_mvt_tn0018.S.o
 .debug_info    0x0000000000000026       0x26 /home/fsw/rep/tasa/lib/bcc-2.2.3-gcc/bin/../sparc-gaisler-elf/bsp/leon3/leon3/mfix-gr712rc/flat/crt0.S.o
 .debug_info    0x000000000000004c      0x368 /tmp/ccoCRLoD.o
 .debug_info    0x00000000000003b4       0x26 /home/fsw/rep/tasa/lib/bcc-2.2.3-gcc/bin/../sparc-gaisler-elf/bsp/leon3/leon3/mfix-gr712rc/flat/libbcc.a(reset_trap_mvt.S.o)
 .debug_info    0x00000000000003da       0x26 /home/fsw/rep/tasa/lib/bcc-2.2.3-gcc/bin/../sparc-gaisler-elf/bsp/leon3/leon3/mfix-gr712rc/flat/libbcc.a(sw_trap_set_pil.S.o)
 .debug_info    0x0000000000000400       0x26 /home/fsw/rep/tasa/lib/bcc-2.2.3-gcc/bin/../sparc-gaisler-elf/bsp/leon3/leon3/mfix-gr712rc/flat/libbcc.a(init.S.o)
 .debug_info    0x0000000000000426       0x26 /home/fsw/rep/tasa/lib/bcc-2.2.3-gcc/bin/../sparc-gaisler-elf/bsp/leon3/leon3/mfix-gr712rc/flat/libbcc.a(leon_info.S.o)
 .debug_info    0x000000000000044c       0x26 /home/fsw/rep/tasa/lib/bcc-2.2.3-gcc/bin/../sparc-gaisler-elf/bsp/leon3/leon3/mfix-gr712rc/flat/libbcc.a(dwzero.S.o)
 .debug_info    0x0000000000000472       0xe8 /home/fsw/rep/tasa/lib/bcc-2.2.3-gcc/bin/../sparc-gaisler-elf/bsp/leon3/leon3/mfix-gr712rc/flat/libbcc.a(copy_data.c.o)
 .debug_info    0x000000000000055a       0xd9 /home/fsw/rep/tasa/lib/bcc-2.2.3-gcc/bin/../sparc-gaisler-elf/bsp/leon3/leon3/mfix-gr712rc/flat/libbcc.a(argv.c.o)
 .debug_info    0x0000000000000633       0x26 /home/fsw/rep/tasa/lib/bcc-2.2.3-gcc/bin/../sparc-gaisler-elf/bsp/leon3/leon3/mfix-gr712rc/flat/libbcc.a(interrupt_trap_flat_tn0018.S.o)
 .debug_info    0x0000000000000659      0x2db /home/fsw/rep/tasa/lib/bcc-2.2.3-gcc/bin/../sparc-gaisler-elf/bsp/leon3/leon3/mfix-gr712rc/flat/libbcc.a(int_irqmp_get_source.c.o)
 .debug_info    0x0000000000000934      0x3a6 /home/fsw/rep/tasa/lib/bcc-2.2.3-gcc/bin/../sparc-gaisler-elf/bsp/leon3/leon3/mfix-gr712rc/flat/libbcc.a(int_irqmp_mp.c.o)
 .debug_info    0x0000000000000cda      0x5d4 /home/fsw/rep/tasa/lib/bcc-2.2.3-gcc/bin/../sparc-gaisler-elf/bsp/leon3/leon3/mfix-gr712rc/flat/libbcc.a(int_irqmp_init.c.o)
 .debug_info    0x00000000000012ae      0x121 /home/fsw/rep/tasa/lib/bcc-2.2.3-gcc/bin/../sparc-gaisler-elf/bsp/leon3/leon3/mfix-gr712rc/flat/libbcc.a(con_apbuart_init.c.o)
 .debug_info    0x00000000000013cf      0x1d6 /home/fsw/rep/tasa/lib/bcc-2.2.3-gcc/bin/../sparc-gaisler-elf/bsp/leon3/leon3/mfix-gr712rc/flat/libbcc.a(timer_gptimer_init.c.o)
 .debug_info    0x00000000000015a5       0xf5 /home/fsw/rep/tasa/lib/bcc-2.2.3-gcc/bin/../sparc-gaisler-elf/bsp/leon3/leon3/mfix-gr712rc/flat/libbcc.a(isr.c.o)
 .debug_info    0x000000000000169a       0xcd /home/fsw/rep/tasa/lib/bcc-2.2.3-gcc/bin/../sparc-gaisler-elf/bsp/leon3/leon3/mfix-gr712rc/flat/libbcc.a(int_nest.c.o)
 .debug_info    0x0000000000001767      0x8ee /home/fsw/rep/tasa/lib/bcc-2.2.3-gcc/bin/../sparc-gaisler-elf/bsp/leon3/leon3/mfix-gr712rc/flat/libbcc.a(ambapp.c.o)
 .debug_info    0x0000000000002055      0x337 /home/fsw/rep/tasa/lib/bcc-2.2.3-gcc/bin/../sparc-gaisler-elf/bsp/leon3/leon3/mfix-gr712rc/flat/libbcc.a(ambapp_findfirst_fn.c.o)
 .debug_info    0x000000000000238c       0xeb /home/fsw/rep/tasa/lib/bcc-2.2.3-gcc/bin/../sparc-gaisler-elf/bsp/leon3/leon3/mfix-gr712rc/flat/libbcc.a(int_irqmp_handle.c.o)
 .debug_info    0x0000000000002477       0x9d /home/fsw/rep/tasa/lib/bcc-2.2.3-gcc/bin/../sparc-gaisler-elf/bsp/leon3/leon3/mfix-gr712rc/flat/libbcc.a(con_handle.c.o)
 .debug_info    0x0000000000002514       0xb7 /home/fsw/rep/tasa/lib/bcc-2.2.3-gcc/bin/../sparc-gaisler-elf/bsp/leon3/leon3/mfix-gr712rc/flat/libbcc.a(timer_handle.c.o)
 .debug_info    0x00000000000025cb      0x100 /home/fsw/rep/tasa/lib/bcc-2.2.3-gcc/bin/../lib/gcc/sparc-gaisler-elf/10.2.0/../../../../sparc-gaisler-elf/lib/leon3/mfix-gr712rc/flat/libc.a(lib_a-atexit.o)