Archive member included to satisfy reference by file (symbol)

/home/fsw/rep/tasa/lib/bcc-2.2.3-gcc/bin/../sparc-gaisler-elf/bsp/leon3/soft/flat/libbcc.a(reset_trap_mvt.S.o)
                              /home/fsw/rep/tasa/lib/bcc-2.2.3-gcc/bin/../sparc-gaisler-elf/bsp/leon3/soft/flat/trap_table_mvt.S.o (__bcc_trap_reset_mvt)
/home/fsw/rep/tasa/lib/bcc-2.2.3-gcc/bin/../sparc-gaisler-elf/bsp/leon3/soft/flat/libbcc.a(interrupt_trap_flat.S.o)
                              /home/fsw/rep/tasa/lib/bcc-2.2.3-gcc/bin/../sparc-gaisler-elf/bsp/leon3/soft/flat/trap_table_mvt.S.o (__bcc_trap_interrupt_flat)
/home/fsw/rep/tasa/lib/bcc-2.2.3-gcc/bin/../sparc-gaisler-elf/bsp/leon3/soft/flat/libbcc.a(sw_trap_set_pil.S.o)
                              /home/fsw/rep/tasa/lib/bcc-2.2.3-gcc/bin/../sparc-gaisler-elf/bsp/leon3/soft/flat/trap_table_mvt.S.o (__bcc_trap_sw_set_pil)
/home/fsw/rep/tasa/lib/bcc-2.2.3-gcc/bin/../sparc-gaisler-elf/bsp/leon3/soft/flat/libbcc.a(isr.c.o)
                              /home/fsw/rep/tasa/lib/bcc-2.2.3-gcc/bin/../sparc-gaisler-elf/bsp/leon3/soft/flat/libbcc.a(interrupt_trap_flat.S.o) (__bcc_isr_list)
/home/fsw/rep/tasa/lib/bcc-2.2.3-gcc/bin/../sparc-gaisler-elf/bsp/leon3/soft/flat/libbcc.a(int_nest.c.o)
                              /home/fsw/rep/tasa/lib/bcc-2.2.3-gcc/bin/../sparc-gaisler-elf/bsp/leon3/soft/flat/libbcc.a(interrupt_trap_flat.S.o) (__bcc_int_nest)
/home/fsw/rep/tasa/lib/bcc-2.2.3-gcc/bin/../sparc-gaisler-elf/bsp/leon3/soft/flat/libbcc.a(init.S.o)
                              /home/fsw/rep/tasa/lib/bcc-2.2.3-gcc/bin/../sparc-gaisler-elf/bsp/leon3/soft/flat/libbcc.a(reset_trap_mvt.S.o) (__bcc_init40)
/home/fsw/rep/tasa/lib/bcc-2.2.3-gcc/bin/../sparc-gaisler-elf/bsp/leon3/soft/flat/libbcc.a(leon_info.S.o)
                              /home/fsw/rep/tasa/lib/bcc-2.2.3-gcc/bin/../sparc-gaisler-elf/bsp/leon3/soft/flat/crt0.S.o (__bcc_get_leon_info)
/home/fsw/rep/tasa/lib/bcc-2.2.3-gcc/bin/../sparc-gaisler-elf/bsp/leon3/soft/flat/libbcc.a(dwzero.S.o)
                              /home/fsw/rep/tasa/lib/bcc-2.2.3-gcc/bin/../sparc-gaisler-elf/bsp/leon3/soft/flat/crt0.S.o (bcc_dwzero)
/home/fsw/rep/tasa/lib/bcc-2.2.3-gcc/bin/../sparc-gaisler-elf/bsp/leon3/soft/flat/libbcc.a(copy_data.c.o)
                              /home/fsw/rep/tasa/lib/bcc-2.2.3-gcc/bin/../sparc-gaisler-elf/bsp/leon3/soft/flat/crt0.S.o (__bcc_copy_data)
/home/fsw/rep/tasa/lib/bcc-2.2.3-gcc/bin/../sparc-gaisler-elf/bsp/leon3/soft/flat/libbcc.a(argv.c.o)
                              /home/fsw/rep/tasa/lib/bcc-2.2.3-gcc/bin/../sparc-gaisler-elf/bsp/leon3/soft/flat/crt0.S.o (__bcc_argvp)
/home/fsw/rep/tasa/lib/bcc-2.2.3-gcc/bin/../sparc-gaisler-elf/bsp/leon3/soft/flat/libbcc.a(int_irqmp_get_source.c.o)
                              /home/fsw/rep/tasa/lib/bcc-2.2.3-gcc/bin/../sparc-gaisler-elf/bsp/leon3/soft/flat/libbcc.a(interrupt_trap_flat.S.o) (__bcc_int_get_source)
/home/fsw/rep/tasa/lib/bcc-2.2.3-gcc/bin/../sparc-gaisler-elf/bsp/leon3/soft/flat/libbcc.a(int_irqmp_mp.c.o)
                              /tmp/ccjGjKjp.o (bcc_get_cpu_count)
/home/fsw/rep/tasa/lib/bcc-2.2.3-gcc/bin/../sparc-gaisler-elf/bsp/leon3/soft/flat/libbcc.a(int_irqmp_init.c.o)
                              /home/fsw/rep/tasa/lib/bcc-2.2.3-gcc/bin/../sparc-gaisler-elf/bsp/leon3/soft/flat/crt0.S.o (__bcc_int_init)
/home/fsw/rep/tasa/lib/bcc-2.2.3-gcc/bin/../sparc-gaisler-elf/bsp/leon3/soft/flat/libbcc.a(con_apbuart_init.c.o)
                              /home/fsw/rep/tasa/lib/bcc-2.2.3-gcc/bin/../sparc-gaisler-elf/bsp/leon3/soft/flat/crt0.S.o (__bcc_con_init)
/home/fsw/rep/tasa/lib/bcc-2.2.3-gcc/bin/../sparc-gaisler-elf/bsp/leon3/soft/flat/libbcc.a(timer_gptimer_init.c.o)
                              /home/fsw/rep/tasa/lib/bcc-2.2.3-gcc/bin/../sparc-gaisler-elf/bsp/leon3/soft/flat/crt0.S.o (__bcc_timer_init)
/home/fsw/rep/tasa/lib/bcc-2.2.3-gcc/bin/../sparc-gaisler-elf/bsp/leon3/soft/flat/libbcc.a(ambapp.c.o)
                              /home/fsw/rep/tasa/lib/bcc-2.2.3-gcc/bin/../sparc-gaisler-elf/bsp/leon3/soft/flat/libbcc.a(int_irqmp_init.c.o) (ambapp_visit)
/home/fsw/rep/tasa/lib/bcc-2.2.3-gcc/bin/../sparc-gaisler-elf/bsp/leon3/soft/flat/libbcc.a(ambapp_findfirst_fn.c.o)
                              /home/fsw/rep/tasa/lib/bcc-2.2.3-gcc/bin/../sparc-gaisler-elf/bsp/leon3/soft/flat/libbcc.a(int_irqmp_init.c.o) (ambapp_findfirst_fn)
/home/fsw/rep/tasa/lib/bcc-2.2.3-gcc/bin/../sparc-gaisler-elf/bsp/leon3/soft/flat/libbcc.a(int_irqmp_handle.c.o)
                              /home/fsw/rep/tasa/lib/bcc-2.2.3-gcc/bin/../sparc-gaisler-elf/bsp/leon3/soft/flat/libbcc.a(int_irqmp_init.c.o) (__bcc_int_irqmp_nts)
/home/fsw/rep/tasa/lib/bcc-2.2.3-gcc/bin/../sparc-gaisler-elf/bsp/leon3/soft/flat/libbcc.a(con_handle.c.o)
                              /home/fsw/rep/tasa/lib/bcc-2.2.3-gcc/bin/../sparc-gaisler-elf/bsp/leon3/soft/flat/libbcc.a(con_apbuart_init.c.o) (__bcc_con_handle)
[...]
Memory Configuration

Name             Origin             Length             Attributes
rom              0x0000000000000000 0x0000000020000000
ram              0x0000000040000000 0x0000000040000000
*default*        0x0000000000000000 0xffffffffffffffff

Linker script and memory map

LOAD /home/fsw/rep/tasa/lib/bcc-2.2.3-gcc/bin/../sparc-gaisler-elf/bsp/leon3/soft/flat/trap_table_mvt.S.o
LOAD /home/fsw/rep/tasa/lib/bcc-2.2.3-gcc/bin/../sparc-gaisler-elf/bsp/leon3/soft/flat/crt0.S.o
LOAD /home/fsw/rep/tasa/lib/bcc-2.2.3-gcc/bin/../lib/gcc/sparc-gaisler-elf/10.2.0/soft/flat/crti.o
LOAD /home/fsw/rep/tasa/lib/bcc-2.2.3-gcc/bin/../lib/gcc/sparc-gaisler-elf/10.2.0/soft/flat/crtbegin.o
LOAD /tmp/ccjGjKjp.o
                0x0000000000000000                PROVIDE (__bcc_cfg_skip_clear_bss = 0x0)

.text           0x0000000040000000    0x12300
 CREATE_OBJECT_SYMBOLS
                0x0000000040000000                __text_start = .
                0x0000000040000000                . = ALIGN (0x1000)
 *(.text.traptable)
 .text.traptable
                0x0000000040000000     0x1000 /home/fsw/rep/tasa/lib/bcc-2.2.3-gcc/bin/../sparc-gaisler-elf/bsp/leon3/soft/flat/trap_table_mvt.S.o
                0x0000000040000000                __bcc_trap_table
                0x0000000040000000                __bcc_entry_point
 *(.text .text.*)
 .text          0x0000000040001000        0x0 /home/fsw/rep/tasa/lib/bcc-2.2.3-gcc/bin/../sparc-gaisler-elf/bsp/leon3/soft/flat/trap_table_mvt.S.o
 .text          0x0000000040001000       0xc8 /home/fsw/rep/tasa/lib/bcc-2.2.3-gcc/bin/../sparc-gaisler-elf/bsp/leon3/soft/flat/crt0.S.o
                0x0000000040001000                __bcc_crt0
 .text          0x00000000400010c8        0x0 /home/fsw/rep/tasa/lib/bcc-2.2.3-gcc/bin/../lib/gcc/sparc-gaisler-elf/10.2.0/soft/flat/crti.o
 .text          0x00000000400010c8      0x200 /home/fsw/rep/tasa/lib/bcc-2.2.3-gcc/bin/../lib/gcc/sparc-gaisler-elf/10.2.0/soft/flat/crtbegin.o
 .text          0x00000000400012c8        0x0 /tmp/ccjGjKjp.o
 .text.startup  0x00000000400012c8      0x16c /tmp/ccjGjKjp.o
                0x00000000400012c8                main
 .text          0x0000000040001434       0x90 /home/fsw/rep/tasa/lib/bcc-2.2.3-gcc/bin/../sparc-gaisler-elf/bsp/leon3/soft/flat/libbcc.a(reset_trap_mvt.S.o)
                0x0000000040001434                __bcc_trap_reset_mvt
 .text          0x00000000400014c4      0x15c /home/fsw/rep/tasa/lib/bcc-2.2.3-gcc/bin/../sparc-gaisler-elf/bsp/leon3/soft/flat/libbcc.a(interrupt_trap_flat.S.o)
                0x00000000400014c4                __bcc_trap_interrupt_flat_svt
                0x00000000400014c8                __bcc_trap_interrupt_flat
 .text          0x0000000040001620       0x2c /home/fsw/rep/tasa/lib/bcc-2.2.3-gcc/bin/../sparc-gaisler-elf/bsp/leon3/soft/flat/libbcc.a(sw_trap_set_pil.S.o)
                0x0000000040001620                __bcc_trap_sw_set_pil
 .text          0x000000004000164c        0x0 /home/fsw/rep/tasa/lib/bcc-2.2.3-gcc/bin/../sparc-gaisler-elf/bsp/leon3/soft/flat/libbcc.a(isr.c.o)
 .text          0x000000004000164c        0x0 /home/fsw/rep/tasa/lib/bcc-2.2.3-gcc/bin/../sparc-gaisler-elf/bsp/leon3/soft/flat/libbcc.a(int_nest.c.o)
 .text          0x000000004000164c        0x8 /home/fsw/rep/tasa/lib/bcc-2.2.3-gcc/bin/../sparc-gaisler-elf/bsp/leon3/soft/flat/libbcc.a(init.S.o)
                0x000000004000164c                __bcc_init50
                0x000000004000164c                __bcc_init40
                0x000000004000164c                __bcc_init70
                0x000000004000164c                __bcc_init60
 .text          0x0000000040001654       0x98 /home/fsw/rep/tasa/lib/bcc-2.2.3-gcc/bin/../sparc-gaisler-elf/bsp/leon3/soft/flat/libbcc.a(leon_info.S.o)
                0x0000000040001654                __bcc_get_leon_info
                0x00000000400016dc                bcc_get_cpuid
 .text          0x00000000400016ec       0x2c /home/fsw/rep/tasa/lib/bcc-2.2.3-gcc/bin/../sparc-gaisler-elf/bsp/leon3/soft/flat/libbcc.a(dwzero.S.o)
                0x00000000400016ec                bcc_dwzero
 .text          0x0000000040001718       0x78 /home/fsw/rep/tasa/lib/bcc-2.2.3-gcc/bin/../sparc-gaisler-elf/bsp/leon3/soft/flat/libbcc.a(copy_data.c.o)
                0x0000000040001718                __bcc_copy_data
 .text          0x0000000040001790        0x0 /home/fsw/rep/tasa/lib/bcc-2.2.3-gcc/bin/../sparc-gaisler-elf/bsp/leon3/soft/flat/libbcc.a(argv.c.o)
 .text          0x0000000040001790       0x48 /home/fsw/rep/tasa/lib/bcc-2.2.3-gcc/bin/../sparc-gaisler-elf/bsp/leon3/soft/flat/libbcc.a(int_irqmp_get_source.c.o)
                0x0000000040001790                __bcc_int_get_source
 .text          0x00000000400017d8       0xa4 /home/fsw/rep/tasa/lib/bcc-2.2.3-gcc/bin/../sparc-gaisler-elf/bsp/leon3/soft/flat/libbcc.a(int_irqmp_mp.c.o)
                0x00000000400017d8                bcc_send_interrupt
                0x0000000040001818                bcc_get_cpu_count
                0x0000000040001844                bcc_start_processor
 .text          0x000000004000187c      0x1d4 /home/fsw/rep/tasa/lib/bcc-2.2.3-gcc/bin/../sparc-gaisler-elf/bsp/leon3/soft/flat/libbcc.a(int_irqmp_init.c.o)
                0x000000004000187c                __bcc_int_init
 .text          0x0000000040001a50       0x68 /home/fsw/rep/tasa/lib/bcc-2.2.3-gcc/bin/../sparc-gaisler-elf/bsp/leon3/soft/flat/libbcc.a(con_apbuart_init.c.o)
                0x0000000040001a50                __bcc_con_init
 .text          0x0000000040001ab8       0x98 /home/fsw/rep/tasa/lib/bcc-2.2.3-gcc/bin/../sparc-gaisler-elf/bsp/leon3/soft/flat/libbcc.a(timer_gptimer_init.c.o)
                0x0000000040001ab8                __bcc_timer_init
 .text          0x0000000040001b50      0x7e0 /home/fsw/rep/tasa/lib/bcc-2.2.3-gcc/bin/../sparc-gaisler-elf/bsp/leon3/soft/flat/libbcc.a(ambapp.c.o)
                0x0000000040001b50                ambapp_get_ahbinfo
                0x0000000040002254                ambapp_get_apbinfo
                0x00000000400022fc                ambapp_visit
 .text          0x0000000040002330       0xa8 /home/fsw/rep/tasa/lib/bcc-2.2.3-gcc/bin/../sparc-gaisler-elf/bsp/leon3/soft/flat/libbcc.a(ambapp_findfirst_fn.c.o)
                0x0000000040002330                ambapp_findfirst_fn
 .text          0x00000000400023d8        0x0 /home/fsw/rep/tasa/lib/bcc-2.2.3-gcc/bin/../sparc-gaisler-elf/bsp/leon3/soft/flat/libbcc.a(int_irqmp_handle.c.o)
 .text          0x00000000400023d8        0x0 /home/fsw/rep/tasa/lib/bcc-2.2.3-gcc/bin/../sparc-gaisler-elf/bsp/leon3/soft/flat/libbcc.a(con_handle.c.o)
 .text          0x00000000400023d8        0x0 /home/fsw/rep/tasa/lib/bcc-2.2.3-gcc/bin/../sparc-gaisler-elf/bsp/leon3/soft/flat/libbcc.a(timer_handle.c.o)
 .text          0x00000000400023d8       0x1c /home/fsw/rep/tasa/lib/bcc-2.2.3-gcc/bin/../lib/gcc/sparc-gaisler-elf/10.2.0/../../../../sparc-gaisler-elf/lib/soft/flat/libc.a(lib_a-atexit.o)
                0x00000000400023d8                atexit
 .text          0x00000000400023f4       0x48 /home/fsw/rep/tasa/lib/bcc-2.2.3-gcc/bin/../lib/gcc/sparc-gaisler-elf/10.2.0/../../../../sparc-gaisler-elf/lib/soft/flat/libc.a(lib_a-exit.o)
                0x00000000400023f4                exit
 .text          0x000000004000243c        0x0 /home/fsw/rep/tasa/lib/bcc-2.2.3-gcc/bin/../lib/gcc/sparc-gaisler-elf/10.2.0/../../../../sparc-gaisler-elf/lib/soft/flat/libc.a(lib_a-impure.o)
 .text          0x000000004000243c      0x1cc /home/fsw/rep/tasa/lib/bcc-2.2.3-gcc/bin/../lib/gcc/sparc-gaisler-elf/10.2.0/../../../../sparc-gaisler-elf/lib/soft/flat/libc.a(lib_a-memcpy.o)
                0x000000004000243c                memcpy
 .text          0x0000000040002608      0x130 /home/fsw/rep/tasa/lib/bcc-2.2.3-gcc/bin/../lib/gcc/sparc-gaisler-elf/10.2.0/../../../../sparc-gaisler-elf/lib/soft/flat/libc.a(lib_a-printf.o)
                0x0000000040002608                _printf_r
                0x00000000400026a4                printf
 .text          0x0000000040002738       0xf4 /home/fsw/rep/tasa/lib/bcc-2.2.3-gcc/bin/../lib/gcc/sparc-gaisler-elf/10.2.0/../../../../sparc-gaisler-elf/lib/soft/flat/libc.a(lib_a-putchar.o)
                0x0000000040002738                _putchar_r
                0x00000000400027b4                putchar
 .text          0x000000004000282c      0x288 /home/fsw/rep/tasa/lib/bcc-2.2.3-gcc/bin/../lib/gcc/sparc-gaisler-elf/10.2.0/../../../../sparc-gaisler-elf/lib/soft/flat/libc.a(lib_a-puts.o)
                0x000000004000282c                _puts_r
                0x0000000040002970                puts
 .text          0x0000000040002ab4       0xd0 /home/fsw/rep/tasa/lib/bcc-2.2.3-gcc/bin/../lib/gcc/sparc-gaisler-elf/10.2.0/../../../../sparc-gaisler-elf/lib/soft/flat/libc.a(lib_a-strlen.o)
                0x0000000040002ab4                strlen
 .text          0x0000000040002b84     0x2e2c /home/fsw/rep/tasa/lib/bcc-2.2.3-gcc/bin/../lib/gcc/sparc-gaisler-elf/10.2.0/../../../../sparc-gaisler-elf/lib/soft/flat/libc.a(lib_a-vfprintf.o)
                0x0000000040002cf0                _vfprintf_r
                0x00000000400058c8                vfprintf
 .text          0x00000000400059b0      0x1f8 /home/fsw/rep/tasa/lib/bcc-2.2.3-gcc/bin/../lib/gcc/sparc-gaisler-elf/10.2.0/../../../../sparc-gaisler-elf/lib/soft/flat/libc.a(lib_a-wsetup.o)
                0x00000000400059b0                __swsetup_r
 .text          0x0000000040005ba8      0x18c /home/fsw/rep/tasa/lib/bcc-2.2.3-gcc/bin/../lib/gcc/sparc-gaisler-elf/10.2.0/../../../../sparc-gaisler-elf/lib/soft/flat/libc.a(lib_a-__atexit.o)
                0x0000000040005ba8                __register_exitproc
 .text          0x0000000040005d34      0x304 /home/fsw/rep/tasa/lib/bcc-2.2.3-gcc/bin/../lib/gcc/sparc-gaisler-elf/10.2.0/../../../../sparc-gaisler-elf/lib/soft/flat/libc.a(lib_a-__call_atexit.o)
                0x0000000040005d34                __call_exitprocs
 .text          0x0000000040006038     0x1a1c /home/fsw/rep/tasa/lib/bcc-2.2.3-gcc/bin/../lib/gcc/sparc-gaisler-elf/10.2.0/../../../../sparc-gaisler-elf/lib/soft/flat/libc.a(lib_a-dtoa.o)
                0x0000000040006288                _dtoa_r
 .text          0x0000000040007a54      0x488 /home/fsw/rep/tasa/lib/bcc-2.2.3-gcc/bin/../lib/gcc/sparc-gaisler-elf/10.2.0/../../../../sparc-gaisler-elf/lib/soft/flat/libc.a(lib_a-fflush.o)
                0x0000000040007a54                __sflush_r
                0x0000000040007ce0                _fflush_r
                0x0000000040007db8                fflush
 .text          0x0000000040007edc      0x3b4 /home/fsw/rep/tasa/lib/bcc-2.2.3-gcc/bin/../lib/gcc/sparc-gaisler-elf/10.2.0/../../../../sparc-gaisler-elf/lib/soft/flat/libc.a(lib_a-findfp.o)
                0x0000000040007edc                _cleanup_r
                0x0000000040007ef0                __sfmoreglue
                0x0000000040007f68                __sfp
                0x0000000040008250                _cleanup
                0x000000004000826c                __sinit
 .text          0x0000000040008290      0x484 /home/fsw/rep/tasa/lib/bcc-2.2.3-gcc/bin/../lib/gcc/sparc-gaisler-elf/10.2.0/../../../../sparc-gaisler-elf/lib/soft/flat/libc.a(lib_a-freer.o)
                0x0000000040008290                _malloc_trim_r
                0x00000000400083b0                _free_r
 .text          0x0000000040008714      0x560 /home/fsw/rep/tasa/lib/bcc-2.2.3-gcc/bin/../lib/gcc/sparc-gaisler-elf/10.2.0/../../../../sparc-gaisler-elf/lib/soft/flat/libc.a(lib_a-fvwrite.o)
                0x0000000040008714                __sfvwrite_r
 .text          0x0000000040008c74      0x144 /home/fsw/rep/tasa/lib/bcc-2.2.3-gcc/bin/../lib/gcc/sparc-gaisler-elf/10.2.0/../../../../sparc-gaisler-elf/lib/soft/flat/libc.a(lib_a-fwalk.o)
                0x0000000040008c74                _fwalk
                0x0000000040008d14                _fwalk_reent
 .text          0x0000000040008db8       0x60 /home/fsw/rep/tasa/lib/bcc-2.2.3-gcc/bin/../lib/gcc/sparc-gaisler-elf/10.2.0/../../../../sparc-gaisler-elf/lib/soft/flat/libc.a(lib_a-localeconv.o)
                0x0000000040008db8                __localeconv_l
                0x0000000040008dc0                _localeconv_r
                0x0000000040008dec                localeconv
 .text          0x0000000040008e18      0x27c /home/fsw/rep/tasa/lib/bcc-2.2.3-gcc/bin/../lib/gcc/sparc-gaisler-elf/10.2.0/../../../../sparc-gaisler-elf/lib/soft/flat/libc.a(lib_a-makebuf.o)
                0x0000000040008e18                __smakebuf_r
                0x0000000040008fbc                __swhatbuf_r
 .text          0x0000000040009094       0x30 /home/fsw/rep/tasa/lib/bcc-2.2.3-gcc/bin/../lib/gcc/sparc-gaisler-elf/10.2.0/../../../../sparc-gaisler-elf/lib/soft/flat/libc.a(lib_a-malloc.o)
                0x0000000040009094                malloc
                0x00000000400090ac                free
 .text          0x00000000400090c4      0x840 /home/fsw/rep/tasa/lib/bcc-2.2.3-gcc/bin/../lib/gcc/sparc-gaisler-elf/10.2.0/../../../../sparc-gaisler-elf/lib/soft/flat/libc.a(lib_a-mallocr.o)
                0x00000000400090c4                _malloc_r
 .text          0x0000000040009904      0x120 /home/fsw/rep/tasa/lib/bcc-2.2.3-gcc/bin/../lib/gcc/sparc-gaisler-elf/10.2.0/../../../../sparc-gaisler-elf/lib/soft/flat/libc.a(lib_a-memchr.o)
                0x0000000040009904                memchr
 .text          0x0000000040009a24      0x224 /home/fsw/rep/tasa/lib/bcc-2.2.3-gcc/bin/../lib/gcc/sparc-gaisler-elf/10.2.0/../../../../sparc-gaisler-elf/lib/soft/flat/libc.a(lib_a-memmove.o)
                0x0000000040009a24                memmove
 .text          0x0000000040009c48      0x138 /home/fsw/rep/tasa/lib/bcc-2.2.3-gcc/bin/../lib/gcc/sparc-gaisler-elf/10.2.0/../../../../sparc-gaisler-elf/lib/soft/flat/libc.a(lib_a-memset.o)
                0x0000000040009c48                memset
 .text          0x0000000040009d80       0x10 /home/fsw/rep/tasa/lib/bcc-2.2.3-gcc/bin/../lib/gcc/sparc-gaisler-elf/10.2.0/../../../../sparc-gaisler-elf/lib/soft/flat/libc.a(lib_a-mlock.o)
                0x0000000040009d80                __malloc_lock
                0x0000000040009d88                __malloc_unlock
 .text          0x0000000040009d90     0x19e4 /home/fsw/rep/tasa/lib/bcc-2.2.3-gcc/bin/../lib/gcc/sparc-gaisler-elf/10.2.0/../../../../sparc-gaisler-elf/lib/soft/flat/libc.a(lib_a-mprec.o)
                0x0000000040009d90                _Balloc
                0x0000000040009e84                _Bfree
                0x0000000040009f04                __multadd
                0x000000004000a068                __s2b
                0x000000004000a184                __hi0bits
                0x000000004000a218                __lo0bits
                0x000000004000a2f0                __i2b
                0x000000004000a404                __multiply
                0x000000004000a6a8                __pow5mult
                0x000000004000a864                __lshift
                0x000000004000aa84                __mcmp
                0x000000004000ab0c                __mdiff
                0x000000004000ad68                __ulp
                0x000000004000add0                __b2d
                0x000000004000af7c                __d2b
                0x000000004000b388                __ratio
                0x000000004000b5cc                _mprec_log10
                0x000000004000b658                __copybits
                0x000000004000b6f0                __any_on
 .text          0x000000004000b774      0x238 /home/fsw/rep/tasa/lib/bcc-2.2.3-gcc/bin/../lib/gcc/sparc-gaisler-elf/10.2.0/../../../../sparc-gaisler-elf/lib/soft/flat/libc.a(lib_a-putc.o)
                0x000000004000b774                _putc_r
                0x000000004000b880                putc
 .text          0x000000004000b9ac      0x5b0 /home/fsw/rep/tasa/lib/bcc-2.2.3-gcc/bin/../lib/gcc/sparc-gaisler-elf/10.2.0/../../../../sparc-gaisler-elf/lib/soft/flat/libc.a(lib_a-reallocr.o)
                0x000000004000b9ac                _realloc_r
 .text          0x000000004000bf5c       0xb4 /home/fsw/rep/tasa/lib/bcc-2.2.3-gcc/bin/../lib/gcc/sparc-gaisler-elf/10.2.0/../../../../sparc-gaisler-elf/lib/soft/flat/libc.a(lib_a-s_frexp.o)
                0x000000004000bf5c                frexp
 .text          0x000000004000c010       0x68 /home/fsw/rep/tasa/lib/bcc-2.2.3-gcc/bin/../lib/gcc/sparc-gaisler-elf/10.2.0/../../../../sparc-gaisler-elf/lib/soft/flat/libc.a(lib_a-sbrkr.o)
                0x000000004000c010                _sbrk_r
 .text          0x000000004000c078      0x1a4 /home/fsw/rep/tasa/lib/bcc-2.2.3-gcc/bin/../lib/gcc/sparc-gaisler-elf/10.2.0/../../../../sparc-gaisler-elf/lib/soft/flat/libc.a(lib_a-stdio.o)
                0x000000004000c078                __sread
                0x000000004000c0e0                __seofread
                0x000000004000c0e8                __swrite
                0x000000004000c1a0                __sseek
                0x000000004000c20c                __sclose
 .text          0x000000004000c21c      0x1cc /home/fsw/rep/tasa/lib/bcc-2.2.3-gcc/bin/../lib/gcc/sparc-gaisler-elf/10.2.0/../../../../sparc-gaisler-elf/lib/soft/flat/libc.a(lib_a-strncpy.o)
                0x000000004000c21c                strncpy
 .text          0x000000004000c3e8     0x1f3c /home/fsw/rep/tasa/lib/bcc-2.2.3-gcc/bin/../lib/gcc/sparc-gaisler-elf/10.2.0/../../../../sparc-gaisler-elf/lib/soft/flat/libc.a(lib_a-vfiprintf.o)
                0x000000004000c554                __sprint_r
                0x000000004000c66c                _vfiprintf_r
                0x000000004000e23c                vfiprintf
 .text          0x000000004000e324      0x3ac /home/fsw/rep/tasa/lib/bcc-2.2.3-gcc/bin/../lib/gcc/sparc-gaisler-elf/10.2.0/../../../../sparc-gaisler-elf/lib/soft/flat/libc.a(lib_a-wbuf.o)
                0x000000004000e324                __swbuf_r
                0x000000004000e4f8                __swbuf
 .text          0x000000004000e6d0       0x70 /home/fsw/rep/tasa/lib/bcc-2.2.3-gcc/bin/../lib/gcc/sparc-gaisler-elf/10.2.0/../../../../sparc-gaisler-elf/lib/soft/flat/libc.a(lib_a-writer.o)
                0x000000004000e6d0                _write_r
 .text          0x000000004000e740       0xd4 /home/fsw/rep/tasa/lib/bcc-2.2.3-gcc/bin/../lib/gcc/sparc-gaisler-elf/10.2.0/../../../../sparc-gaisler-elf/lib/soft/flat/libc.a(lib_a-callocr.o)
                0x000000004000e740                _calloc_r
 .text          0x000000004000e814       0x68 /home/fsw/rep/tasa/lib/bcc-2.2.3-gcc/bin/../lib/gcc/sparc-gaisler-elf/10.2.0/../../../../sparc-gaisler-elf/lib/soft/flat/libc.a(lib_a-closer.o)
                0x000000004000e814                _close_r
 .text          0x000000004000e87c      0x314 /home/fsw/rep/tasa/lib/bcc-2.2.3-gcc/bin/../lib/gcc/sparc-gaisler-elf/10.2.0/../../../../sparc-gaisler-elf/lib/soft/flat/libc.a(lib_a-fclose.o)
                0x000000004000e87c                _fclose_r
                0x000000004000ea04                fclose
 .text          0x000000004000eb90      0x230 /home/fsw/rep/tasa/lib/bcc-2.2.3-gcc/bin/../lib/gcc/sparc-gaisler-elf/10.2.0/../../../../sparc-gaisler-elf/lib/soft/flat/libc.a(lib_a-fputwc.o)
                0x000000004000eb90                __fputwc
                0x000000004000ecb0                _fputwc_r
                0x000000004000ece0                fputwc
 .text          0x000000004000edc0       0x6c /home/fsw/rep/tasa/lib/bcc-2.2.3-gcc/bin/../lib/gcc/sparc-gaisler-elf/10.2.0/../../../../sparc-gaisler-elf/lib/soft/flat/libc.a(lib_a-fstatr.o)
                0x000000004000edc0                _fstat_r
 .text          0x000000004000ee2c       0x68 /home/fsw/rep/tasa/lib/bcc-2.2.3-gcc/bin/../lib/gcc/sparc-gaisler-elf/10.2.0/../../../../sparc-gaisler-elf/lib/soft/flat/libc.a(lib_a-isattyr.o)
                0x000000004000ee2c                _isatty_r
 .text          0x000000004000ee94      0x180 /home/fsw/rep/tasa/lib/bcc-2.2.3-gcc/bin/../lib/gcc/sparc-gaisler-elf/10.2.0/../../../../sparc-gaisler-elf/lib/soft/flat/libc.a(lib_a-locale.o)
                0x000000004000ee94                _setlocale_r
                0x000000004000ef24                __locale_mb_cur_max
                0x000000004000ef50                __locale_ctype_ptr_l
                0x000000004000ef58                __locale_ctype_ptr
                0x000000004000ef84                setlocale
 .text          0x000000004000f014       0x70 /home/fsw/rep/tasa/lib/bcc-2.2.3-gcc/bin/../lib/gcc/sparc-gaisler-elf/10.2.0/../../../../sparc-gaisler-elf/lib/soft/flat/libc.a(lib_a-lseekr.o)
                0x000000004000f014                _lseek_r
 .text          0x000000004000f084       0xb4 /home/fsw/rep/tasa/lib/bcc-2.2.3-gcc/bin/../lib/gcc/sparc-gaisler-elf/10.2.0/../../../../sparc-gaisler-elf/lib/soft/flat/libc.a(lib_a-mbtowc_r.o)
                0x000000004000f084                _mbtowc_r
                0x000000004000f0e4                __ascii_mbtowc
 .text          0x000000004000f138       0x70 /home/fsw/rep/tasa/lib/bcc-2.2.3-gcc/bin/../lib/gcc/sparc-gaisler-elf/10.2.0/../../../../sparc-gaisler-elf/lib/soft/flat/libc.a(lib_a-readr.o)
                0x000000004000f138                _read_r
 .text          0x000000004000f1a8      0x3bc /home/fsw/rep/tasa/lib/bcc-2.2.3-gcc/bin/../lib/gcc/sparc-gaisler-elf/10.2.0/../../../../sparc-gaisler-elf/lib/soft/flat/libc.a(lib_a-reent.o)
                0x000000004000f1a8                cleanup_glue
                0x000000004000f25c                _reclaim_reent
 .text          0x000000004000f564       0xc0 /home/fsw/rep/tasa/lib/bcc-2.2.3-gcc/bin/../lib/gcc/sparc-gaisler-elf/10.2.0/../../../../sparc-gaisler-elf/lib/soft/flat/libc.a(lib_a-strcmp.o)
                0x000000004000f564                strcmp
 .text          0x000000004000f624      0x194 /home/fsw/rep/tasa/lib/bcc-2.2.3-gcc/bin/../lib/gcc/sparc-gaisler-elf/10.2.0/../../../../sparc-gaisler-elf/lib/soft/flat/libc.a(lib_a-wcrtomb.o)
                0x000000004000f624                _wcrtomb_r
                0x000000004000f6ec                wcrtomb
 .text          0x000000004000f7b8       0x98 /home/fsw/rep/tasa/lib/bcc-2.2.3-gcc/bin/../lib/gcc/sparc-gaisler-elf/10.2.0/../../../../sparc-gaisler-elf/lib/soft/flat/libc.a(lib_a-wctomb_r.o)
                0x000000004000f7b8                _wctomb_r
                0x000000004000f818                __ascii_wctomb
 .text          0x000000004000f850        0x0 /home/fsw/rep/tasa/lib/bcc-2.2.3-gcc/bin/../lib/gcc/sparc-gaisler-elf/10.2.0/../../../../sparc-gaisler-elf/lib/soft/flat/libc.a(lib_a-ctype_.o)
 .text          0x000000004000f850       0x10 /home/fsw/rep/tasa/lib/bcc-2.2.3-gcc/bin/../sparc-gaisler-elf/bsp/leon3/soft/flat/libbcc.a(_exit.S.o)
                0x000000004000f850                _exit
 .text          0x000000004000f860       0x7c /home/fsw/rep/tasa/lib/bcc-2.2.3-gcc/bin/../sparc-gaisler-elf/bsp/leon3/soft/flat/libbcc.a(read.c.o)
                0x000000004000f860                read
 .text          0x000000004000f8dc       0xd0 /home/fsw/rep/tasa/lib/bcc-2.2.3-gcc/bin/../sparc-gaisler-elf/bsp/leon3/soft/flat/libbcc.a(sbrk.c.o)
                0x000000004000f8dc                sbrk
 .text          0x000000004000f9ac        0x0 /home/fsw/rep/tasa/lib/bcc-2.2.3-gcc/bin/../sparc-gaisler-elf/bsp/leon3/soft/flat/libbcc.a(heap.c.o)
 .text          0x000000004000f9ac       0xa0 /home/fsw/rep/tasa/lib/bcc-2.2.3-gcc/bin/../sparc-gaisler-elf/bsp/leon3/soft/flat/libbcc.a(write.c.o)
                0x000000004000f9ac                write
 .text          0x000000004000fa4c       0x20 /home/fsw/rep/tasa/lib/bcc-2.2.3-gcc/bin/../sparc-gaisler-elf/bsp/leon3/soft/flat/libbcc.a(stubs.S.o)
                0x000000004000fa4c                execve
                0x000000004000fa4c                lseek
                0x000000004000fa4c                fstat
                0x000000004000fa4c                kill
                0x000000004000fa4c                wait
                0x000000004000fa4c                unlink
                0x000000004000fa4c                fork
                0x000000004000fa4c                stat
                0x000000004000fa4c                link
                0x000000004000fa4c                open
                0x000000004000fa4c                close
                0x000000004000fa64                getpid
                0x000000004000fa64                isatty
 .text          0x000000004000fa6c       0xc4 /home/fsw/rep/tasa/lib/bcc-2.2.3-gcc/bin/../sparc-gaisler-elf/bsp/leon3/soft/flat/libbcc.a(con_apbuart.c.o)
                0x000000004000fa6c                __bcc_con_outbyte
                0x000000004000fafc                __bcc_con_inbyte
 .text          0x000000004000fb30       0xe8 /home/fsw/rep/tasa/lib/bcc-2.2.3-gcc/bin/../lib/gcc/sparc-gaisler-elf/10.2.0/soft/flat/libgcc.a(_mulsi3.o)
                0x000000004000fb30                .umul
 .text          0x000000004000fc18      0x2b0 /home/fsw/rep/tasa/lib/bcc-2.2.3-gcc/bin/../lib/gcc/sparc-gaisler-elf/10.2.0/soft/flat/libgcc.a(_divsi3.o)
                0x000000004000fc18                .udiv
                0x000000004000fc20                .div
 .text          0x000000004000fec8      0x2b0 /home/fsw/rep/tasa/lib/bcc-2.2.3-gcc/bin/../lib/gcc/sparc-gaisler-elf/10.2.0/soft/flat/libgcc.a(_modsi3.o)
                0x000000004000fec8                .urem
                0x000000004000fed0                .rem
 .text          0x0000000040010178      0x37c /home/fsw/rep/tasa/lib/bcc-2.2.3-gcc/bin/../lib/gcc/sparc-gaisler-elf/10.2.0/soft/flat/libgcc.a(_udivdi3.o)
                0x0000000040010178                __udivdi3
 .text          0x00000000400104f4      0x36c /home/fsw/rep/tasa/lib/bcc-2.2.3-gcc/bin/../lib/gcc/sparc-gaisler-elf/10.2.0/soft/flat/libgcc.a(_umoddi3.o)
                0x00000000400104f4                __umoddi3
 .text          0x0000000040010860      0x7a4 /home/fsw/rep/tasa/lib/bcc-2.2.3-gcc/bin/../lib/gcc/sparc-gaisler-elf/10.2.0/soft/flat/libgcc.a(_addsub_df.o)
                0x0000000040010860                __adddf3
                0x0000000040010c34                __subdf3
 .text          0x0000000040011004      0x374 /home/fsw/rep/tasa/lib/bcc-2.2.3-gcc/bin/../lib/gcc/sparc-gaisler-elf/10.2.0/soft/flat/libgcc.a(_mul_df.o)
                0x0000000040011004                __muldf3
 .text          0x0000000040011378      0x228 /home/fsw/rep/tasa/lib/bcc-2.2.3-gcc/bin/../lib/gcc/sparc-gaisler-elf/10.2.0/soft/flat/libgcc.a(_div_df.o)
                0x0000000040011378                __divdf3
 .text          0x00000000400115a0       0x7c /home/fsw/rep/tasa/lib/bcc-2.2.3-gcc/bin/../lib/gcc/sparc-gaisler-elf/10.2.0/soft/flat/libgcc.a(_eq_df.o)
                0x00000000400115a0                __eqdf2
 .text          0x000000004001161c       0x7c /home/fsw/rep/tasa/lib/bcc-2.2.3-gcc/bin/../lib/gcc/sparc-gaisler-elf/10.2.0/soft/flat/libgcc.a(_ne_df.o)
                0x000000004001161c                __nedf2
 .text          0x0000000040011698       0x7c /home/fsw/rep/tasa/lib/bcc-2.2.3-gcc/bin/../lib/gcc/sparc-gaisler-elf/10.2.0/soft/flat/libgcc.a(_gt_df.o)
                0x0000000040011698                __gtdf2
 .text          0x0000000040011714       0x7c /home/fsw/rep/tasa/lib/bcc-2.2.3-gcc/bin/../lib/gcc/sparc-gaisler-elf/10.2.0/soft/flat/libgcc.a(_lt_df.o)
                0x0000000040011714                __ltdf2
 .text          0x0000000040011790       0x7c /home/fsw/rep/tasa/lib/bcc-2.2.3-gcc/bin/../lib/gcc/sparc-gaisler-elf/10.2.0/soft/flat/libgcc.a(_le_df.o)
                0x0000000040011790                __ledf2
 .text          0x000000004001180c       0x70 /home/fsw/rep/tasa/lib/bcc-2.2.3-gcc/bin/../lib/gcc/sparc-gaisler-elf/10.2.0/soft/flat/libgcc.a(_unord_df.o)
                0x000000004001180c                __unorddf2
 .text          0x000000004001187c       0xbc /home/fsw/rep/tasa/lib/bcc-2.2.3-gcc/bin/../lib/gcc/sparc-gaisler-elf/10.2.0/soft/flat/libgcc.a(_si_to_df.o)
                0x000000004001187c                __floatsidf
 .text          0x0000000040011938       0xe8 /home/fsw/rep/tasa/lib/bcc-2.2.3-gcc/bin/../lib/gcc/sparc-gaisler-elf/10.2.0/soft/flat/libgcc.a(_df_to_si.o)
                0x0000000040011938                __fixdfsi
 .text          0x0000000040011a20        0x0 /home/fsw/rep/tasa/lib/bcc-2.2.3-gcc/bin/../lib/gcc/sparc-gaisler-elf/10.2.0/soft/flat/libgcc.a(_thenan_df.o)
 .text          0x0000000040011a20       0x8c /home/fsw/rep/tasa/lib/bcc-2.2.3-gcc/bin/../lib/gcc/sparc-gaisler-elf/10.2.0/soft/flat/libgcc.a(_usi_to_df.o)
                0x0000000040011a20                __floatunsidf
 .text          0x0000000040011aac       0xf8 /home/fsw/rep/tasa/lib/bcc-2.2.3-gcc/bin/../lib/gcc/sparc-gaisler-elf/10.2.0/soft/flat/libgcc.a(_muldi3.o)
                0x0000000040011aac                __muldi3
 .text          0x0000000040011ba4        0x0 /home/fsw/rep/tasa/lib/bcc-2.2.3-gcc/bin/../lib/gcc/sparc-gaisler-elf/10.2.0/soft/flat/libgcc.a(_clz.o)
 .text          0x0000000040011ba4       0x94 /home/fsw/rep/tasa/lib/bcc-2.2.3-gcc/bin/../lib/gcc/sparc-gaisler-elf/10.2.0/soft/flat/libgcc.a(_clzsi2.o)
                0x0000000040011ba4                __clzsi2
 .text          0x0000000040011c38      0x294 /home/fsw/rep/tasa/lib/bcc-2.2.3-gcc/bin/../lib/gcc/sparc-gaisler-elf/10.2.0/soft/flat/libgcc.a(_pack_df.o)
                0x0000000040011c38                __pack_d
 .text          0x0000000040011ecc      0x13c /home/fsw/rep/tasa/lib/bcc-2.2.3-gcc/bin/../lib/gcc/sparc-gaisler-elf/10.2.0/soft/flat/libgcc.a(_unpack_df.o)
                0x0000000040011ecc                __unpack_d
 .text          0x0000000040012008      0x188 /home/fsw/rep/tasa/lib/bcc-2.2.3-gcc/bin/../lib/gcc/sparc-gaisler-elf/10.2.0/soft/flat/libgcc.a(_fpcmp_parts_df.o)
                0x0000000040012008                __fpcmp_parts_d
 .text          0x0000000040012190       0x70 /home/fsw/rep/tasa/lib/bcc-2.2.3-gcc/bin/../lib/gcc/sparc-gaisler-elf/10.2.0/soft/flat/crtend.o
 .text          0x0000000040012200        0x0 /home/fsw/rep/tasa/lib/bcc-2.2.3-gcc/bin/../lib/gcc/sparc-gaisler-elf/10.2.0/soft/flat/crtn.o
                0x0000000040012200                . = ALIGN (0x10)
 *(.eh_frame)
 .eh_frame      0x0000000040012200        0x0 /home/fsw/rep/tasa/lib/bcc-2.2.3-gcc/bin/../lib/gcc/sparc-gaisler-elf/10.2.0/soft/flat/crtbegin.o
 .eh_frame      0x0000000040012200       0x38 /home/fsw/rep/tasa/lib/bcc-2.2.3-gcc/bin/../lib/gcc/sparc-gaisler-elf/10.2.0/soft/flat/libgcc.a(_udivdi3.o)
 .eh_frame      0x0000000040012238       0x38 /home/fsw/rep/tasa/lib/bcc-2.2.3-gcc/bin/../lib/gcc/sparc-gaisler-elf/10.2.0/soft/flat/libgcc.a(_umoddi3.o)
 .eh_frame      0x0000000040012270        0x4 /home/fsw/rep/tasa/lib/bcc-2.2.3-gcc/bin/../lib/gcc/sparc-gaisler-elf/10.2.0/soft/flat/crtend.o
                0x0000000040012280                . = ALIGN (0x10)
 *fill*         0x0000000040012274        0xc 
 *(.gnu.linkonce.t*)
                0x0000000040012280                ___CTOR_LIST__ = .
                0x0000000040012280        0x4 LONG 0x2 (((___CTOR_END__ - ___CTOR_LIST__) / 0x4) - 0x2)
 *(SORT_BY_NAME(.ctors.*))
 *(.ctors)
 .ctors         0x0000000040012284        0x4 /home/fsw/rep/tasa/lib/bcc-2.2.3-gcc/bin/../lib/gcc/sparc-gaisler-elf/10.2.0/soft/flat/crtbegin.o
 .ctors         0x0000000040012288        0x4 /home/fsw/rep/tasa/lib/bcc-2.2.3-gcc/bin/../lib/gcc/sparc-gaisler-elf/10.2.0/soft/flat/crtend.o
                0x000000004001228c        0x4 LONG 0x0
                0x0000000040012290                ___CTOR_END__ = .
                0x0000000040012290                ___DTOR_LIST__ = .
                0x0000000040012290        0x4 LONG 0x2 (((___DTOR_END__ - ___DTOR_LIST__) / 0x4) - 0x2)
 *(SORT_BY_NAME(.dtors.*))
 *(.dtors)
 .dtors         0x0000000040012294        0x4 /home/fsw/rep/tasa/lib/bcc-2.2.3-gcc/bin/../lib/gcc/sparc-gaisler-elf/10.2.0/soft/flat/crtbegin.o
 .dtors         0x0000000040012298        0x4 /home/fsw/rep/tasa/lib/bcc-2.2.3-gcc/bin/../lib/gcc/sparc-gaisler-elf/10.2.0/soft/flat/crtend.o
                0x0000000040012298                __DTOR_END__
                0x000000004001229c        0x4 LONG 0x0
                0x00000000400122a0                ___DTOR_END__ = .
 *(.gnu.linkonce*)
 *(.init)
 .init          0x00000000400122a0        0xc /home/fsw/rep/tasa/lib/bcc-2.2.3-gcc/bin/../lib/gcc/sparc-gaisler-elf/10.2.0/soft/flat/crti.o
                0x00000000400122a0                _init
 .init          0x00000000400122ac        0x8 /home/fsw/rep/tasa/lib/bcc-2.2.3-gcc/bin/../lib/gcc/sparc-gaisler-elf/10.2.0/soft/flat/crtbegin.o
 .init          0x00000000400122b4        0x8 /home/fsw/rep/tasa/lib/bcc-2.2.3-gcc/bin/../lib/gcc/sparc-gaisler-elf/10.2.0/soft/flat/crtend.o
 .init          0x00000000400122bc       0x14 /home/fsw/rep/tasa/lib/bcc-2.2.3-gcc/bin/../lib/gcc/sparc-gaisler-elf/10.2.0/soft/flat/crtn.o
 *(.fini)
 .fini          0x00000000400122d0        0xc /home/fsw/rep/tasa/lib/bcc-2.2.3-gcc/bin/../lib/gcc/sparc-gaisler-elf/10.2.0/soft/flat/crti.o
                0x00000000400122d0                _fini
 .fini          0x00000000400122dc        0x8 /home/fsw/rep/tasa/lib/bcc-2.2.3-gcc/bin/../lib/gcc/sparc-gaisler-elf/10.2.0/soft/flat/crtbegin.o
 .fini          0x00000000400122e4       0x14 /home/fsw/rep/tasa/lib/bcc-2.2.3-gcc/bin/../lib/gcc/sparc-gaisler-elf/10.2.0/soft/flat/crtn.o
 *(.lit)
 *(.shdata)
                0x0000000040012300                . = ALIGN (0x10)
 *fill*         0x00000000400122f8        0x8 
                0x0000000040012300                __text_end = .

.gcc_except_table
 *(.gcc_except_table.*)

.rodata         0x0000000040012300      0x6f0
                0x0000000040012300                __rodata_start = .
 *(.rodata*)
 .rodata.str1.8
                0x0000000040012300       0xcf /tmp/ccjGjKjp.o
 *fill*         0x00000000400123cf        0x1 
 .rodata        0x00000000400123d0        0x5 /tmp/ccjGjKjp.o
 *fill*         0x00000000400123d5        0x3 
 .rodata        0x00000000400123d8        0x4 /home/fsw/rep/tasa/lib/bcc-2.2.3-gcc/bin/../lib/gcc/sparc-gaisler-elf/10.2.0/../../../../sparc-gaisler-elf/lib/soft/flat/libc.a(lib_a-impure.o)
                0x00000000400123d8                _global_impure_ptr
 *fill*         0x00000000400123dc        0x4 
 .rodata.str1.8
                0x00000000400123e0        0x2 /home/fsw/rep/tasa/lib/bcc-2.2.3-gcc/bin/../lib/gcc/sparc-gaisler-elf/10.2.0/../../../../sparc-gaisler-elf/lib/soft/flat/libc.a(lib_a-puts.o)
 *fill*         0x00000000400123e2        0x6 
 .rodata.str1.8
                0x00000000400123e8       0x5a /home/fsw/rep/tasa/lib/bcc-2.2.3-gcc/bin/../lib/gcc/sparc-gaisler-elf/10.2.0/../../../../sparc-gaisler-elf/lib/soft/flat/libc.a(lib_a-vfprintf.o)
 *fill*         0x0000000040012442        0x6 
 .rodata.cst8   0x0000000040012448        0x8 /home/fsw/rep/tasa/lib/bcc-2.2.3-gcc/bin/../lib/gcc/sparc-gaisler-elf/10.2.0/../../../../sparc-gaisler-elf/lib/soft/flat/libc.a(lib_a-vfprintf.o)
 .rodata        0x0000000040012450       0x20 /home/fsw/rep/tasa/lib/bcc-2.2.3-gcc/bin/../lib/gcc/sparc-gaisler-elf/10.2.0/../../../../sparc-gaisler-elf/lib/soft/flat/libc.a(lib_a-vfprintf.o)
 .rodata.str1.8
                0x0000000040012470       0x14 /home/fsw/rep/tasa/lib/bcc-2.2.3-gcc/bin/../lib/gcc/sparc-gaisler-elf/10.2.0/../../../../sparc-gaisler-elf/lib/soft/flat/libc.a(lib_a-dtoa.o)
                                         0x1a (size before relaxing)
 .rodata        0x0000000040012484       0x60 /home/fsw/rep/tasa/lib/bcc-2.2.3-gcc/bin/../lib/gcc/sparc-gaisler-elf/10.2.0/../../../../sparc-gaisler-elf/lib/soft/flat/libc.a(lib_a-findfp.o)
                0x0000000040012484                __sf_fake_stderr
                0x00000000400124a4                __sf_fake_stdout
                0x00000000400124c4                __sf_fake_stdin
 *fill*         0x00000000400124e4        0x4 
 .rodata        0x00000000400124e8      0x128 /home/fsw/rep/tasa/lib/bcc-2.2.3-gcc/bin/../lib/gcc/sparc-gaisler-elf/10.2.0/../../../../sparc-gaisler-elf/lib/soft/flat/libc.a(lib_a-mprec.o)
                0x00000000400124f8                __mprec_tinytens
                0x0000000040012520                __mprec_bigtens
                0x0000000040012548                __mprec_tens
 .rodata.str1.8
                0x0000000040012610       0x37 /home/fsw/rep/tasa/lib/bcc-2.2.3-gcc/bin/../lib/gcc/sparc-gaisler-elf/10.2.0/../../../../sparc-gaisler-elf/lib/soft/flat/libc.a(lib_a-vfiprintf.o)
 .rodata        0x0000000040012610       0x20 /home/fsw/rep/tasa/lib/bcc-2.2.3-gcc/bin/../lib/gcc/sparc-gaisler-elf/10.2.0/../../../../sparc-gaisler-elf/lib/soft/flat/libc.a(lib_a-vfiprintf.o)
 .rodata.str1.8
                0x0000000040012630       0x12 /home/fsw/rep/tasa/lib/bcc-2.2.3-gcc/bin/../lib/gcc/sparc-gaisler-elf/10.2.0/../../../../sparc-gaisler-elf/lib/soft/flat/libc.a(lib_a-locale.o)
                                         0x1a (size before relaxing)
 *fill*         0x0000000040012642        0x6 
 .rodata        0x0000000040012648      0x288 /home/fsw/rep/tasa/lib/bcc-2.2.3-gcc/bin/../lib/gcc/sparc-gaisler-elf/10.2.0/../../../../sparc-gaisler-elf/lib/soft/flat/libc.a(lib_a-ctype_.o)
                0x0000000040012648                _ctype_
                0x0000000040012750                _ctype_b
 .rodata        0x00000000400128d0       0x18 /home/fsw/rep/tasa/lib/bcc-2.2.3-gcc/bin/../lib/gcc/sparc-gaisler-elf/10.2.0/soft/flat/libgcc.a(_thenan_df.o)
                0x00000000400128d0                __thenan_df
 .rodata        0x00000000400128e8      0x100 /home/fsw/rep/tasa/lib/bcc-2.2.3-gcc/bin/../lib/gcc/sparc-gaisler-elf/10.2.0/soft/flat/libgcc.a(_clz.o)
                0x00000000400128e8                __clz_tab
 *(.gnu.linkonce.r*)
                0x00000000400129f0                . = ALIGN (0x10)
 *fill*         0x00000000400129e8        0x8 
                0x00000000400129f0                __rodata_end = .

.rela.dyn       0x00000000400129f0        0x0
 .rela.iplt     0x00000000400129f0        0x0 /home/fsw/rep/tasa/lib/bcc-2.2.3-gcc/bin/../sparc-gaisler-elf/bsp/leon3/soft/flat/trap_table_mvt.S.o
 .rela.text.traptable
                0x00000000400129f0        0x0 /home/fsw/rep/tasa/lib/bcc-2.2.3-gcc/bin/../sparc-gaisler-elf/bsp/leon3/soft/flat/trap_table_mvt.S.o
 .rela.text     0x00000000400129f0        0x0 /home/fsw/rep/tasa/lib/bcc-2.2.3-gcc/bin/../sparc-gaisler-elf/bsp/leon3/soft/flat/trap_table_mvt.S.o

.ext.data       0x00000000400129f0        0x0
                0x00000000400129f0                . = ALIGN (0x8)
                0x00000000400129f0                __extdata_start = .
 *(.data.ext)
                0x00000000400129f0                . = ALIGN (0x8)
                0x00000000400129f0                __extdata_end = .
                0x00000000400129f0                __extdata_start_lma = LOADADDR (.ext.data)
                0x0000000000000000                __extdata_size = SIZEOF (.ext.data)

.data           0x00000000400129f0      0x610
                0x00000000400129f0                . = ALIGN (0x8)
                0x00000000400129f0                __data_start = .
 *(.data .data.*)
 .data          0x00000000400129f0        0x0 /home/fsw/rep/tasa/lib/bcc-2.2.3-gcc/bin/../sparc-gaisler-elf/bsp/leon3/soft/flat/trap_table_mvt.S.o
 .data          0x00000000400129f0        0x0 /home/fsw/rep/tasa/lib/bcc-2.2.3-gcc/bin/../sparc-gaisler-elf/bsp/leon3/soft/flat/crt0.S.o
 .data          0x00000000400129f0        0x0 /home/fsw/rep/tasa/lib/bcc-2.2.3-gcc/bin/../lib/gcc/sparc-gaisler-elf/10.2.0/soft/flat/crti.o
 .data          0x00000000400129f0        0x4 /home/fsw/rep/tasa/lib/bcc-2.2.3-gcc/bin/../lib/gcc/sparc-gaisler-elf/10.2.0/soft/flat/crtbegin.o
                0x00000000400129f0                __dso_handle
 .data          0x00000000400129f4        0x0 /tmp/ccjGjKjp.o
 .data          0x00000000400129f4        0x0 /home/fsw/rep/tasa/lib/bcc-2.2.3-gcc/bin/../sparc-gaisler-elf/bsp/leon3/soft/flat/libbcc.a(reset_trap_mvt.S.o)
 .data          0x00000000400129f4        0x0 /home/fsw/rep/tasa/lib/bcc-2.2.3-gcc/bin/../sparc-gaisler-elf/bsp/leon3/soft/flat/libbcc.a(interrupt_trap_flat.S.o)
 .data          0x00000000400129f4        0x0 /home/fsw/rep/tasa/lib/bcc-2.2.3-gcc/bin/../sparc-gaisler-elf/bsp/leon3/soft/flat/libbcc.a(sw_trap_set_pil.S.o)
 .data          0x00000000400129f4        0x0 /home/fsw/rep/tasa/lib/bcc-2.2.3-gcc/bin/../sparc-gaisler-elf/bsp/leon3/soft/flat/libbcc.a(isr.c.o)
 *fill*         0x00000000400129f4        0x4 
 .data          0x00000000400129f8       0x10 /home/fsw/rep/tasa/lib/bcc-2.2.3-gcc/bin/../sparc-gaisler-elf/bsp/leon3/soft/flat/libbcc.a(int_nest.c.o)
                0x00000000400129f8                __bcc_int_nest
 .data          0x0000000040012a08        0x0 /home/fsw/rep/tasa/lib/bcc-2.2.3-gcc/bin/../sparc-gaisler-elf/bsp/leon3/soft/flat/libbcc.a(init.S.o)
 .data          0x0000000040012a08       0x10 /home/fsw/rep/tasa/lib/bcc-2.2.3-gcc/bin/../sparc-gaisler-elf/bsp/leon3/soft/flat/libbcc.a(leon_info.S.o)
                0x0000000040012a08                __bcc_leon_version
                0x0000000040012a0c                __bcc_nwindows_min1
                0x0000000040012a10                __bcc_nwindows
                0x0000000040012a14                __bcc_cpuid
 .data          0x0000000040012a18        0x0 /home/fsw/rep/tasa/lib/bcc-2.2.3-gcc/bin/../sparc-gaisler-elf/bsp/leon3/soft/flat/libbcc.a(dwzero.S.o)
 .data          0x0000000040012a18        0x0 /home/fsw/rep/tasa/lib/bcc-2.2.3-gcc/bin/../sparc-gaisler-elf/bsp/leon3/soft/flat/libbcc.a(copy_data.c.o)
 .data          0x0000000040012a18        0x4 /home/fsw/rep/tasa/lib/bcc-2.2.3-gcc/bin/../sparc-gaisler-elf/bsp/leon3/soft/flat/libbcc.a(argv.c.o)
                0x0000000040012a18                __bcc_argvp
 .data          0x0000000040012a1c        0x0 /home/fsw/rep/tasa/lib/bcc-2.2.3-gcc/bin/../sparc-gaisler-elf/bsp/leon3/soft/flat/libbcc.a(int_irqmp_get_source.c.o)
 .data          0x0000000040012a1c        0x0 /home/fsw/rep/tasa/lib/bcc-2.2.3-gcc/bin/../sparc-gaisler-elf/bsp/leon3/soft/flat/libbcc.a(int_irqmp_mp.c.o)
 .data          0x0000000040012a1c        0x0 /home/fsw/rep/tasa/lib/bcc-2.2.3-gcc/bin/../sparc-gaisler-elf/bsp/leon3/soft/flat/libbcc.a(int_irqmp_init.c.o)
 .data          0x0000000040012a1c        0x0 /home/fsw/rep/tasa/lib/bcc-2.2.3-gcc/bin/../sparc-gaisler-elf/bsp/leon3/soft/flat/libbcc.a(con_apbuart_init.c.o)
 .data          0x0000000040012a1c        0x0 /home/fsw/rep/tasa/lib/bcc-2.2.3-gcc/bin/../sparc-gaisler-elf/bsp/leon3/soft/flat/libbcc.a(timer_gptimer_init.c.o)
 .data          0x0000000040012a1c        0x0 /home/fsw/rep/tasa/lib/bcc-2.2.3-gcc/bin/../sparc-gaisler-elf/bsp/leon3/soft/flat/libbcc.a(ambapp.c.o)
 .data          0x0000000040012a1c        0x0 /home/fsw/rep/tasa/lib/bcc-2.2.3-gcc/bin/../sparc-gaisler-elf/bsp/leon3/soft/flat/libbcc.a(ambapp_findfirst_fn.c.o)
 .data          0x0000000040012a1c        0x0 /home/fsw/rep/tasa/lib/bcc-2.2.3-gcc/bin/../sparc-gaisler-elf/bsp/leon3/soft/flat/libbcc.a(int_irqmp_handle.c.o)
 .data          0x0000000040012a1c        0x0 /home/fsw/rep/tasa/lib/bcc-2.2.3-gcc/bin/../sparc-gaisler-elf/bsp/leon3/soft/flat/libbcc.a(con_handle.c.o)
 .data          0x0000000040012a1c        0x0 /home/fsw/rep/tasa/lib/bcc-2.2.3-gcc/bin/../sparc-gaisler-elf/bsp/leon3/soft/flat/libbcc.a(timer_handle.c.o)
 .data          0x0000000040012a1c        0x0 /home/fsw/rep/tasa/lib/bcc-2.2.3-gcc/bin/../lib/gcc/sparc-gaisler-elf/10.2.0/../../../../sparc-gaisler-elf/lib/soft/flat/libc.a(lib_a-atexit.o)
 .data          0x0000000040012a1c        0x0 /home/fsw/rep/tasa/lib/bcc-2.2.3-gcc/bin/../lib/gcc/sparc-gaisler-elf/10.2.0/../../../../sparc-gaisler-elf/lib/soft/flat/libc.a(lib_a-exit.o)
 .data          0x0000000040012a1c       0x64 /home/fsw/rep/tasa/lib/bcc-2.2.3-gcc/bin/../lib/gcc/sparc-gaisler-elf/10.2.0/../../../../sparc-gaisler-elf/lib/soft/flat/libc.a(lib_a-impure.o)
                0x0000000040012a1c                _impure_ptr
 .data          0x0000000040012a80        0x0 /home/fsw/rep/tasa/lib/bcc-2.2.3-gcc/bin/../lib/gcc/sparc-gaisler-elf/10.2.0/../../../../sparc-gaisler-elf/lib/soft/flat/libc.a(lib_a-memcpy.o)
 .data          0x0000000040012a80        0x0 /home/fsw/rep/tasa/lib/bcc-2.2.3-gcc/bin/../lib/gcc/sparc-gaisler-elf/10.2.0/../../../../sparc-gaisler-elf/lib/soft/flat/libc.a(lib_a-printf.o)
 .data          0x0000000040012a80        0x0 /home/fsw/rep/tasa/lib/bcc-2.2.3-gcc/bin/../lib/gcc/sparc-gaisler-elf/10.2.0/../../../../sparc-gaisler-elf/lib/soft/flat/libc.a(lib_a-putchar.o)
 .data          0x0000000040012a80        0x0 /home/fsw/rep/tasa/lib/bcc-2.2.3-gcc/bin/../lib/gcc/sparc-gaisler-elf/10.2.0/../../../../sparc-gaisler-elf/lib/soft/flat/libc.a(lib_a-puts.o)
 .data          0x0000000040012a80        0x0 /home/fsw/rep/tasa/lib/bcc-2.2.3-gcc/bin/../lib/gcc/sparc-gaisler-elf/10.2.0/../../../../sparc-gaisler-elf/lib/soft/flat/libc.a(lib_a-strlen.o)
 .data          0x0000000040012a80        0x0 /home/fsw/rep/tasa/lib/bcc-2.2.3-gcc/bin/../lib/gcc/sparc-gaisler-elf/10.2.0/../../../../sparc-gaisler-elf/lib/soft/flat/libc.a(lib_a-vfprintf.o)
 .data          0x0000000040012a80        0x0 /home/fsw/rep/tasa/lib/bcc-2.2.3-gcc/bin/../lib/gcc/sparc-gaisler-elf/10.2.0/../../../../sparc-gaisler-elf/lib/soft/flat/libc.a(lib_a-wsetup.o)
 .data          0x0000000040012a80        0x0 /home/fsw/rep/tasa/lib/bcc-2.2.3-gcc/bin/../lib/gcc/sparc-gaisler-elf/10.2.0/../../../../sparc-gaisler-elf/lib/soft/flat/libc.a(lib_a-__atexit.o)
 .data          0x0000000040012a80        0x0 /home/fsw/rep/tasa/lib/bcc-2.2.3-gcc/bin/../lib/gcc/sparc-gaisler-elf/10.2.0/../../../../sparc-gaisler-elf/lib/soft/flat/libc.a(lib_a-__call_atexit.o)
 .data          0x0000000040012a80        0x0 /home/fsw/rep/tasa/lib/bcc-2.2.3-gcc/bin/../lib/gcc/sparc-gaisler-elf/10.2.0/../../../../sparc-gaisler-elf/lib/soft/flat/libc.a(lib_a-dtoa.o)
 .data          0x0000000040012a80        0x0 /home/fsw/rep/tasa/lib/bcc-2.2.3-gcc/bin/../lib/gcc/sparc-gaisler-elf/10.2.0/../../../../sparc-gaisler-elf/lib/soft/flat/libc.a(lib_a-fflush.o)
 .data          0x0000000040012a80        0x0 /home/fsw/rep/tasa/lib/bcc-2.2.3-gcc/bin/../lib/gcc/sparc-gaisler-elf/10.2.0/../../../../sparc-gaisler-elf/lib/soft/flat/libc.a(lib_a-findfp.o)
 .data          0x0000000040012a80        0x0 /home/fsw/rep/tasa/lib/bcc-2.2.3-gcc/bin/../lib/gcc/sparc-gaisler-elf/10.2.0/../../../../sparc-gaisler-elf/lib/soft/flat/libc.a(lib_a-freer.o)
 .data          0x0000000040012a80        0x0 /home/fsw/rep/tasa/lib/bcc-2.2.3-gcc/bin/../lib/gcc/sparc-gaisler-elf/10.2.0/../../../../sparc-gaisler-elf/lib/soft/flat/libc.a(lib_a-fvwrite.o)
 .data          0x0000000040012a80        0x0 /home/fsw/rep/tasa/lib/bcc-2.2.3-gcc/bin/../lib/gcc/sparc-gaisler-elf/10.2.0/../../../../sparc-gaisler-elf/lib/soft/flat/libc.a(lib_a-fwalk.o)
 .data          0x0000000040012a80        0x0 /home/fsw/rep/tasa/lib/bcc-2.2.3-gcc/bin/../lib/gcc/sparc-gaisler-elf/10.2.0/../../../../sparc-gaisler-elf/lib/soft/flat/libc.a(lib_a-localeconv.o)
 .data          0x0000000040012a80        0x0 /home/fsw/rep/tasa/lib/bcc-2.2.3-gcc/bin/../lib/gcc/sparc-gaisler-elf/10.2.0/../../../../sparc-gaisler-elf/lib/soft/flat/libc.a(lib_a-makebuf.o)
 .data          0x0000000040012a80        0x0 /home/fsw/rep/tasa/lib/bcc-2.2.3-gcc/bin/../lib/gcc/sparc-gaisler-elf/10.2.0/../../../../sparc-gaisler-elf/lib/soft/flat/libc.a(lib_a-malloc.o)
 .data          0x0000000040012a80      0x410 /home/fsw/rep/tasa/lib/bcc-2.2.3-gcc/bin/../lib/gcc/sparc-gaisler-elf/10.2.0/../../../../sparc-gaisler-elf/lib/soft/flat/libc.a(lib_a-mallocr.o)
                0x0000000040012a80                __malloc_sbrk_base
                0x0000000040012a84                __malloc_trim_threshold
                0x0000000040012a88                __malloc_av_
 .data          0x0000000040012e90        0x0 /home/fsw/rep/tasa/lib/bcc-2.2.3-gcc/bin/../lib/gcc/sparc-gaisler-elf/10.2.0/../../../../sparc-gaisler-elf/lib/soft/flat/libc.a(lib_a-memchr.o)
 .data          0x0000000040012e90        0x0 /home/fsw/rep/tasa/lib/bcc-2.2.3-gcc/bin/../lib/gcc/sparc-gaisler-elf/10.2.0/../../../../sparc-gaisler-elf/lib/soft/flat/libc.a(lib_a-memmove.o)
 .data          0x0000000040012e90        0x0 /home/fsw/rep/tasa/lib/bcc-2.2.3-gcc/bin/../lib/gcc/sparc-gaisler-elf/10.2.0/../../../../sparc-gaisler-elf/lib/soft/flat/libc.a(lib_a-memset.o)
 .data          0x0000000040012e90        0x0 /home/fsw/rep/tasa/lib/bcc-2.2.3-gcc/bin/../lib/gcc/sparc-gaisler-elf/10.2.0/../../../../sparc-gaisler-elf/lib/soft/flat/libc.a(lib_a-mlock.o)
 .data          0x0000000040012e90        0x0 /home/fsw/rep/tasa/lib/bcc-2.2.3-gcc/bin/../lib/gcc/sparc-gaisler-elf/10.2.0/../../../../sparc-gaisler-elf/lib/soft/flat/libc.a(lib_a-mprec.o)
 .data          0x0000000040012e90        0x0 /home/fsw/rep/tasa/lib/bcc-2.2.3-gcc/bin/../lib/gcc/sparc-gaisler-elf/10.2.0/../../../../sparc-gaisler-elf/lib/soft/flat/libc.a(lib_a-putc.o)
 .data          0x0000000040012e90        0x0 /home/fsw/rep/tasa/lib/bcc-2.2.3-gcc/bin/../lib/gcc/sparc-gaisler-elf/10.2.0/../../../../sparc-gaisler-elf/lib/soft/flat/libc.a(lib_a-reallocr.o)
 .data          0x0000000040012e90        0x0 /home/fsw/rep/tasa/lib/bcc-2.2.3-gcc/bin/../lib/gcc/sparc-gaisler-elf/10.2.0/../../../../sparc-gaisler-elf/lib/soft/flat/libc.a(lib_a-s_frexp.o)
 .data          0x0000000040012e90        0x0 /home/fsw/rep/tasa/lib/bcc-2.2.3-gcc/bin/../lib/gcc/sparc-gaisler-elf/10.2.0/../../../../sparc-gaisler-elf/lib/soft/flat/libc.a(lib_a-sbrkr.o)
 .data          0x0000000040012e90        0x0 /home/fsw/rep/tasa/lib/bcc-2.2.3-gcc/bin/../lib/gcc/sparc-gaisler-elf/10.2.0/../../../../sparc-gaisler-elf/lib/soft/flat/libc.a(lib_a-stdio.o)
 .data          0x0000000040012e90        0x0 /home/fsw/rep/tasa/lib/bcc-2.2.3-gcc/bin/../lib/gcc/sparc-gaisler-elf/10.2.0/../../../../sparc-gaisler-elf/lib/soft/flat/libc.a(lib_a-strncpy.o)
 .data          0x0000000040012e90        0x0 /home/fsw/rep/tasa/lib/bcc-2.2.3-gcc/bin/../lib/gcc/sparc-gaisler-elf/10.2.0/../../../../sparc-gaisler-elf/lib/soft/flat/libc.a(lib_a-vfiprintf.o)
 .data          0x0000000040012e90        0x0 /home/fsw/rep/tasa/lib/bcc-2.2.3-gcc/bin/../lib/gcc/sparc-gaisler-elf/10.2.0/../../../../sparc-gaisler-elf/lib/soft/flat/libc.a(lib_a-wbuf.o)
 .data          0x0000000040012e90        0x0 /home/fsw/rep/tasa/lib/bcc-2.2.3-gcc/bin/../lib/gcc/sparc-gaisler-elf/10.2.0/../../../../sparc-gaisler-elf/lib/soft/flat/libc.a(lib_a-writer.o)
 .data          0x0000000040012e90        0x0 /home/fsw/rep/tasa/lib/bcc-2.2.3-gcc/bin/../lib/gcc/sparc-gaisler-elf/10.2.0/../../../../sparc-gaisler-elf/lib/soft/flat/libc.a(lib_a-callocr.o)
 .data          0x0000000040012e90        0x0 /home/fsw/rep/tasa/lib/bcc-2.2.3-gcc/bin/../lib/gcc/sparc-gaisler-elf/10.2.0/../../../../sparc-gaisler-elf/lib/soft/flat/libc.a(lib_a-closer.o)
 .data          0x0000000040012e90        0x0 /home/fsw/rep/tasa/lib/bcc-2.2.3-gcc/bin/../lib/gcc/sparc-gaisler-elf/10.2.0/../../../../sparc-gaisler-elf/lib/soft/flat/libc.a(lib_a-fclose.o)
 .data          0x0000000040012e90        0x0 /home/fsw/rep/tasa/lib/bcc-2.2.3-gcc/bin/../lib/gcc/sparc-gaisler-elf/10.2.0/../../../../sparc-gaisler-elf/lib/soft/flat/libc.a(lib_a-fputwc.o)
 .data          0x0000000040012e90        0x0 /home/fsw/rep/tasa/lib/bcc-2.2.3-gcc/bin/../lib/gcc/sparc-gaisler-elf/10.2.0/../../../../sparc-gaisler-elf/lib/soft/flat/libc.a(lib_a-fstatr.o)
 .data          0x0000000040012e90        0x0 /home/fsw/rep/tasa/lib/bcc-2.2.3-gcc/bin/../lib/gcc/sparc-gaisler-elf/10.2.0/../../../../sparc-gaisler-elf/lib/soft/flat/libc.a(lib_a-isattyr.o)
 .data          0x0000000040012e90      0x16c /home/fsw/rep/tasa/lib/bcc-2.2.3-gcc/bin/../lib/gcc/sparc-gaisler-elf/10.2.0/../../../../sparc-gaisler-elf/lib/soft/flat/libc.a(lib_a-locale.o)
                0x0000000040012e90                __global_locale
 .data          0x0000000040012ffc        0x0 /home/fsw/rep/tasa/lib/bcc-2.2.3-gcc/bin/../lib/gcc/sparc-gaisler-elf/10.2.0/../../../../sparc-gaisler-elf/lib/soft/flat/libc.a(lib_a-lseekr.o)
 .data          0x0000000040012ffc        0x0 /home/fsw/rep/tasa/lib/bcc-2.2.3-gcc/bin/../lib/gcc/sparc-gaisler-elf/10.2.0/../../../../sparc-gaisler-elf/lib/soft/flat/libc.a(lib_a-mbtowc_r.o)
 .data          0x0000000040012ffc        0x0 /home/fsw/rep/tasa/lib/bcc-2.2.3-gcc/bin/../lib/gcc/sparc-gaisler-elf/10.2.0/../../../../sparc-gaisler-elf/lib/soft/flat/libc.a(lib_a-readr.o)
 .data          0x0000000040012ffc        0x0 /home/fsw/rep/tasa/lib/bcc-2.2.3-gcc/bin/../lib/gcc/sparc-gaisler-elf/10.2.0/../../../../sparc-gaisler-elf/lib/soft/flat/libc.a(lib_a-reent.o)
 .data          0x0000000040012ffc        0x0 /home/fsw/rep/tasa/lib/bcc-2.2.3-gcc/bin/../lib/gcc/sparc-gaisler-elf/10.2.0/../../../../sparc-gaisler-elf/lib/soft/flat/libc.a(lib_a-strcmp.o)
 .data          0x0000000040012ffc        0x0 /home/fsw/rep/tasa/lib/bcc-2.2.3-gcc/bin/../lib/gcc/sparc-gaisler-elf/10.2.0/../../../../sparc-gaisler-elf/lib/soft/flat/libc.a(lib_a-wcrtomb.o)
 .data          0x0000000040012ffc        0x0 /home/fsw/rep/tasa/lib/bcc-2.2.3-gcc/bin/../lib/gcc/sparc-gaisler-elf/10.2.0/../../../../sparc-gaisler-elf/lib/soft/flat/libc.a(lib_a-wctomb_r.o)
 .data          0x0000000040012ffc        0x0 /home/fsw/rep/tasa/lib/bcc-2.2.3-gcc/bin/../lib/gcc/sparc-gaisler-elf/10.2.0/../../../../sparc-gaisler-elf/lib/soft/flat/libc.a(lib_a-ctype_.o)
 .data          0x0000000040012ffc        0x0 /home/fsw/rep/tasa/lib/bcc-2.2.3-gcc/bin/../sparc-gaisler-elf/bsp/leon3/soft/flat/libbcc.a(_exit.S.o)
 .data          0x0000000040012ffc        0x0 /home/fsw/rep/tasa/lib/bcc-2.2.3-gcc/bin/../sparc-gaisler-elf/bsp/leon3/soft/flat/libbcc.a(read.c.o)
 .data          0x0000000040012ffc        0x0 /home/fsw/rep/tasa/lib/bcc-2.2.3-gcc/bin/../sparc-gaisler-elf/bsp/leon3/soft/flat/libbcc.a(sbrk.c.o)
 .data          0x0000000040012ffc        0x0 /home/fsw/rep/tasa/lib/bcc-2.2.3-gcc/bin/../sparc-gaisler-elf/bsp/leon3/soft/flat/libbcc.a(heap.c.o)
 .data          0x0000000040012ffc        0x0 /home/fsw/rep/tasa/lib/bcc-2.2.3-gcc/bin/../sparc-gaisler-elf/bsp/leon3/soft/flat/libbcc.a(write.c.o)
 .data          0x0000000040012ffc        0x0 /home/fsw/rep/tasa/lib/bcc-2.2.3-gcc/bin/../sparc-gaisler-elf/bsp/leon3/soft/flat/libbcc.a(stubs.S.o)
 .data          0x0000000040012ffc        0x0 /home/fsw/rep/tasa/lib/bcc-2.2.3-gcc/bin/../sparc-gaisler-elf/bsp/leon3/soft/flat/libbcc.a(con_apbuart.c.o)
 .data          0x0000000040012ffc        0x0 /home/fsw/rep/tasa/lib/bcc-2.2.3-gcc/bin/../lib/gcc/sparc-gaisler-elf/10.2.0/soft/flat/libgcc.a(_mulsi3.o)
 .data          0x0000000040012ffc        0x0 /home/fsw/rep/tasa/lib/bcc-2.2.3-gcc/bin/../lib/gcc/sparc-gaisler-elf/10.2.0/soft/flat/libgcc.a(_divsi3.o)
 .data          0x0000000040012ffc        0x0 /home/fsw/rep/tasa/lib/bcc-2.2.3-gcc/bin/../lib/gcc/sparc-gaisler-elf/10.2.0/soft/flat/libgcc.a(_modsi3.o)
 .data          0x0000000040012ffc        0x0 /home/fsw/rep/tasa/lib/bcc-2.2.3-gcc/bin/../lib/gcc/sparc-gaisler-elf/10.2.0/soft/flat/libgcc.a(_udivdi3.o)
 .data          0x0000000040012ffc        0x0 /home/fsw/rep/tasa/lib/bcc-2.2.3-gcc/bin/../lib/gcc/sparc-gaisler-elf/10.2.0/soft/flat/libgcc.a(_umoddi3.o)
 .data          0x0000000040012ffc        0x0 /home/fsw/rep/tasa/lib/bcc-2.2.3-gcc/bin/../lib/gcc/sparc-gaisler-elf/10.2.0/soft/flat/libgcc.a(_addsub_df.o)
 .data          0x0000000040012ffc        0x0 /home/fsw/rep/tasa/lib/bcc-2.2.3-gcc/bin/../lib/gcc/sparc-gaisler-elf/10.2.0/soft/flat/libgcc.a(_mul_df.o)
 .data          0x0000000040012ffc        0x0 /home/fsw/rep/tasa/lib/bcc-2.2.3-gcc/bin/../lib/gcc/sparc-gaisler-elf/10.2.0/soft/flat/libgcc.a(_div_df.o)
 .data          0x0000000040012ffc        0x0 /home/fsw/rep/tasa/lib/bcc-2.2.3-gcc/bin/../lib/gcc/sparc-gaisler-elf/10.2.0/soft/flat/libgcc.a(_eq_df.o)
 .data          0x0000000040012ffc        0x0 /home/fsw/rep/tasa/lib/bcc-2.2.3-gcc/bin/../lib/gcc/sparc-gaisler-elf/10.2.0/soft/flat/libgcc.a(_ne_df.o)
 .data          0x0000000040012ffc        0x0 /home/fsw/rep/tasa/lib/bcc-2.2.3-gcc/bin/../lib/gcc/sparc-gaisler-elf/10.2.0/soft/flat/libgcc.a(_gt_df.o)
 .data          0x0000000040012ffc        0x0 /home/fsw/rep/tasa/lib/bcc-2.2.3-gcc/bin/../lib/gcc/sparc-gaisler-elf/10.2.0/soft/flat/libgcc.a(_lt_df.o)
 .data          0x0000000040012ffc        0x0 /home/fsw/rep/tasa/lib/bcc-2.2.3-gcc/bin/../lib/gcc/sparc-gaisler-elf/10.2.0/soft/flat/libgcc.a(_le_df.o)
 .data          0x0000000040012ffc        0x0 /home/fsw/rep/tasa/lib/bcc-2.2.3-gcc/bin/../lib/gcc/sparc-gaisler-elf/10.2.0/soft/flat/libgcc.a(_unord_df.o)
 .data          0x0000000040012ffc        0x0 /home/fsw/rep/tasa/lib/bcc-2.2.3-gcc/bin/../lib/gcc/sparc-gaisler-elf/10.2.0/soft/flat/libgcc.a(_si_to_df.o)
 .data          0x0000000040012ffc        0x0 /home/fsw/rep/tasa/lib/bcc-2.2.3-gcc/bin/../lib/gcc/sparc-gaisler-elf/10.2.0/soft/flat/libgcc.a(_df_to_si.o)
 .data          0x0000000040012ffc        0x0 /home/fsw/rep/tasa/lib/bcc-2.2.3-gcc/bin/../lib/gcc/sparc-gaisler-elf/10.2.0/soft/flat/libgcc.a(_thenan_df.o)
 .data          0x0000000040012ffc        0x0 /home/fsw/rep/tasa/lib/bcc-2.2.3-gcc/bin/../lib/gcc/sparc-gaisler-elf/10.2.0/soft/flat/libgcc.a(_usi_to_df.o)
 .data          0x0000000040012ffc        0x0 /home/fsw/rep/tasa/lib/bcc-2.2.3-gcc/bin/../lib/gcc/sparc-gaisler-elf/10.2.0/soft/flat/libgcc.a(_muldi3.o)
 .data          0x0000000040012ffc        0x0 /home/fsw/rep/tasa/lib/bcc-2.2.3-gcc/bin/../lib/gcc/sparc-gaisler-elf/10.2.0/soft/flat/libgcc.a(_clz.o)
 .data          0x0000000040012ffc        0x0 /home/fsw/rep/tasa/lib/bcc-2.2.3-gcc/bin/../lib/gcc/sparc-gaisler-elf/10.2.0/soft/flat/libgcc.a(_clzsi2.o)
 .data          0x0000000040012ffc        0x0 /home/fsw/rep/tasa/lib/bcc-2.2.3-gcc/bin/../lib/gcc/sparc-gaisler-elf/10.2.0/soft/flat/libgcc.a(_pack_df.o)
 .data          0x0000000040012ffc        0x0 /home/fsw/rep/tasa/lib/bcc-2.2.3-gcc/bin/../lib/gcc/sparc-gaisler-elf/10.2.0/soft/flat/libgcc.a(_unpack_df.o)
 .data          0x0000000040012ffc        0x0 /home/fsw/rep/tasa/lib/bcc-2.2.3-gcc/bin/../lib/gcc/sparc-gaisler-elf/10.2.0/soft/flat/libgcc.a(_fpcmp_parts_df.o)
 .data          0x0000000040012ffc        0x0 /home/fsw/rep/tasa/lib/bcc-2.2.3-gcc/bin/../lib/gcc/sparc-gaisler-elf/10.2.0/soft/flat/crtend.o
 .data          0x0000000040012ffc        0x0 /home/fsw/rep/tasa/lib/bcc-2.2.3-gcc/bin/../lib/gcc/sparc-gaisler-elf/10.2.0/soft/flat/crtn.o
                0x0000000040013000                . = ALIGN (0x8)
 *fill*         0x0000000040012ffc        0x4 
                0x0000000040013000                __data_end = .
                0x00000000400129f0                __data_start_lma = LOADADDR (.data)
                0x0000000000000610                __data_size = SIZEOF (.data)

.iplt           0x0000000040013000        0x0
 .iplt          0x0000000040013000        0x0 /home/fsw/rep/tasa/lib/bcc-2.2.3-gcc/bin/../sparc-gaisler-elf/bsp/leon3/soft/flat/trap_table_mvt.S.o

.tm_clone_table
                0x0000000040013000        0x0
 .tm_clone_table
                0x0000000040013000        0x0 /home/fsw/rep/tasa/lib/bcc-2.2.3-gcc/bin/../lib/gcc/sparc-gaisler-elf/10.2.0/soft/flat/crtbegin.o
 .tm_clone_table
                0x0000000040013000        0x0 /home/fsw/rep/tasa/lib/bcc-2.2.3-gcc/bin/../lib/gcc/sparc-gaisler-elf/10.2.0/soft/flat/crtend.o

.bss            0x0000000040013000      0x1a8
                0x0000000040013000                . = ALIGN (0x8)
                0x0000000040013000                __bss_start = .
 *(.bss .bss.*)
 .bss           0x0000000040013000        0x0 /home/fsw/rep/tasa/lib/bcc-2.2.3-gcc/bin/../sparc-gaisler-elf/bsp/leon3/soft/flat/trap_table_mvt.S.o
 .bss           0x0000000040013000        0x4 /home/fsw/rep/tasa/lib/bcc-2.2.3-gcc/bin/../sparc-gaisler-elf/bsp/leon3/soft/flat/crt0.S.o
                0x0000000040013000                __bcc_sp_at_entry
 .bss           0x0000000040013004        0x0 /home/fsw/rep/tasa/lib/bcc-2.2.3-gcc/bin/../lib/gcc/sparc-gaisler-elf/10.2.0/soft/flat/crti.o
 .bss           0x0000000040013004       0x20 /home/fsw/rep/tasa/lib/bcc-2.2.3-gcc/bin/../lib/gcc/sparc-gaisler-elf/10.2.0/soft/flat/crtbegin.o
 .bss           0x0000000040013024        0x0 /tmp/ccjGjKjp.o
 .bss           0x0000000040013024        0x0 /home/fsw/rep/tasa/lib/bcc-2.2.3-gcc/bin/../sparc-gaisler-elf/bsp/leon3/soft/flat/libbcc.a(reset_trap_mvt.S.o)
 .bss           0x0000000040013024        0x0 /home/fsw/rep/tasa/lib/bcc-2.2.3-gcc/bin/../sparc-gaisler-elf/bsp/leon3/soft/flat/libbcc.a(interrupt_trap_flat.S.o)
 .bss           0x0000000040013024        0x0 /home/fsw/rep/tasa/lib/bcc-2.2.3-gcc/bin/../sparc-gaisler-elf/bsp/leon3/soft/flat/libbcc.a(sw_trap_set_pil.S.o)
 .bss           0x0000000040013024       0x80 /home/fsw/rep/tasa/lib/bcc-2.2.3-gcc/bin/../sparc-gaisler-elf/bsp/leon3/soft/flat/libbcc.a(isr.c.o)
                0x0000000040013024                __bcc_isr_list
 .bss           0x00000000400130a4        0x0 /home/fsw/rep/tasa/lib/bcc-2.2.3-gcc/bin/../sparc-gaisler-elf/bsp/leon3/soft/flat/libbcc.a(int_nest.c.o)
 .bss           0x00000000400130a4        0x0 /home/fsw/rep/tasa/lib/bcc-2.2.3-gcc/bin/../sparc-gaisler-elf/bsp/leon3/soft/flat/libbcc.a(init.S.o)
 .bss           0x00000000400130a4        0x0 /home/fsw/rep/tasa/lib/bcc-2.2.3-gcc/bin/../sparc-gaisler-elf/bsp/leon3/soft/flat/libbcc.a(leon_info.S.o)
 .bss           0x00000000400130a4        0x0 /home/fsw/rep/tasa/lib/bcc-2.2.3-gcc/bin/../sparc-gaisler-elf/bsp/leon3/soft/flat/libbcc.a(dwzero.S.o)
 .bss           0x00000000400130a4        0x0 /home/fsw/rep/tasa/lib/bcc-2.2.3-gcc/bin/../sparc-gaisler-elf/bsp/leon3/soft/flat/libbcc.a(copy_data.c.o)
 .bss           0x00000000400130a4        0x8 /home/fsw/rep/tasa/lib/bcc-2.2.3-gcc/bin/../sparc-gaisler-elf/bsp/leon3/soft/flat/libbcc.a(argv.c.o)
                0x00000000400130a8                __bcc_argc
 .bss           0x00000000400130ac        0x0 /home/fsw/rep/tasa/lib/bcc-2.2.3-gcc/bin/../sparc-gaisler-elf/bsp/leon3/soft/flat/libbcc.a(int_irqmp_get_source.c.o)
 .bss           0x00000000400130ac        0x0 /home/fsw/rep/tasa/lib/bcc-2.2.3-gcc/bin/../sparc-gaisler-elf/bsp/leon3/soft/flat/libbcc.a(int_irqmp_mp.c.o)
 .bss           0x00000000400130ac        0x0 /home/fsw/rep/tasa/lib/bcc-2.2.3-gcc/bin/../sparc-gaisler-elf/bsp/leon3/soft/flat/libbcc.a(int_irqmp_init.c.o)
 .bss           0x00000000400130ac        0x0 /home/fsw/rep/tasa/lib/bcc-2.2.3-gcc/bin/../sparc-gaisler-elf/bsp/leon3/soft/flat/libbcc.a(con_apbuart_init.c.o)
 .bss           0x00000000400130ac        0x0 /home/fsw/rep/tasa/lib/bcc-2.2.3-gcc/bin/../sparc-gaisler-elf/bsp/leon3/soft/flat/libbcc.a(timer_gptimer_init.c.o)
 .bss           0x00000000400130ac        0x0 /home/fsw/rep/tasa/lib/bcc-2.2.3-gcc/bin/../sparc-gaisler-elf/bsp/leon3/soft/flat/libbcc.a(ambapp.c.o)
 .bss           0x00000000400130ac        0x0 /home/fsw/rep/tasa/lib/bcc-2.2.3-gcc/bin/../sparc-gaisler-elf/bsp/leon3/soft/flat/libbcc.a(ambapp_findfirst_fn.c.o)
 .bss           0x00000000400130ac       0x10 /home/fsw/rep/tasa/lib/bcc-2.2.3-gcc/bin/../sparc-gaisler-elf/bsp/leon3/soft/flat/libbcc.a(int_irqmp_handle.c.o)
                0x00000000400130ac                __bcc_int_irqmp_nts
                0x00000000400130b0                __bcc_int_irqmp_map
                0x00000000400130b4                __bcc_int_irqmp_eirq
                0x00000000400130b8                __bcc_int_handle
 .bss           0x00000000400130bc        0x4 /home/fsw/rep/tasa/lib/bcc-2.2.3-gcc/bin/../sparc-gaisler-elf/bsp/leon3/soft/flat/libbcc.a(con_handle.c.o)
                0x00000000400130bc                __bcc_con_handle
 .bss           0x00000000400130c0        0x8 /home/fsw/rep/tasa/lib/bcc-2.2.3-gcc/bin/../sparc-gaisler-elf/bsp/leon3/soft/flat/libbcc.a(timer_handle.c.o)
                0x00000000400130c0                __bcc_timer_interrupt
                0x00000000400130c4                __bcc_timer_handle
 .bss           0x00000000400130c8        0x0 /home/fsw/rep/tasa/lib/bcc-2.2.3-gcc/bin/../lib/gcc/sparc-gaisler-elf/10.2.0/../../../../sparc-gaisler-elf/lib/soft/flat/libc.a(lib_a-atexit.o)
 .bss           0x00000000400130c8        0x0 /home/fsw/rep/tasa/lib/bcc-2.2.3-gcc/bin/../lib/gcc/sparc-gaisler-elf/10.2.0/../../../../sparc-gaisler-elf/lib/soft/flat/libc.a(lib_a-exit.o)
 .bss           0x00000000400130c8        0x0 /home/fsw/rep/tasa/lib/bcc-2.2.3-gcc/bin/../lib/gcc/sparc-gaisler-elf/10.2.0/../../../../sparc-gaisler-elf/lib/soft/flat/libc.a(lib_a-impure.o)
 .bss           0x00000000400130c8        0x0 /home/fsw/rep/tasa/lib/bcc-2.2.3-gcc/bin/../lib/gcc/sparc-gaisler-elf/10.2.0/../../../../sparc-gaisler-elf/lib/soft/flat/libc.a(lib_a-memcpy.o)
 .bss           0x00000000400130c8        0x0 /home/fsw/rep/tasa/lib/bcc-2.2.3-gcc/bin/../lib/gcc/sparc-gaisler-elf/10.2.0/../../../../sparc-gaisler-elf/lib/soft/flat/libc.a(lib_a-printf.o)
 .bss           0x00000000400130c8        0x0 /home/fsw/rep/tasa/lib/bcc-2.2.3-gcc/bin/../lib/gcc/sparc-gaisler-elf/10.2.0/../../../../sparc-gaisler-elf/lib/soft/flat/libc.a(lib_a-putchar.o)
 .bss           0x00000000400130c8        0x0 /home/fsw/rep/tasa/lib/bcc-2.2.3-gcc/bin/../lib/gcc/sparc-gaisler-elf/10.2.0/../../../../sparc-gaisler-elf/lib/soft/flat/libc.a(lib_a-puts.o)
 .bss           0x00000000400130c8        0x0 /home/fsw/rep/tasa/lib/bcc-2.2.3-gcc/bin/../lib/gcc/sparc-gaisler-elf/10.2.0/../../../../sparc-gaisler-elf/lib/soft/flat/libc.a(lib_a-strlen.o)
 .bss           0x00000000400130c8        0x0 /home/fsw/rep/tasa/lib/bcc-2.2.3-gcc/bin/../lib/gcc/sparc-gaisler-elf/10.2.0/../../../../sparc-gaisler-elf/lib/soft/flat/libc.a(lib_a-vfprintf.o)
 .bss           0x00000000400130c8        0x0 /home/fsw/rep/tasa/lib/bcc-2.2.3-gcc/bin/../lib/gcc/sparc-gaisler-elf/10.2.0/../../../../sparc-gaisler-elf/lib/soft/flat/libc.a(lib_a-wsetup.o)
 .bss           0x00000000400130c8       0x8c /home/fsw/rep/tasa/lib/bcc-2.2.3-gcc/bin/../lib/gcc/sparc-gaisler-elf/10.2.0/../../../../sparc-gaisler-elf/lib/soft/flat/libc.a(lib_a-__atexit.o)
 .bss           0x0000000040013154        0x4 /home/fsw/rep/tasa/lib/bcc-2.2.3-gcc/bin/../lib/gcc/sparc-gaisler-elf/10.2.0/../../../../sparc-gaisler-elf/lib/soft/flat/libc.a(lib_a-__call_atexit.o)
                0x0000000040013154                _global_atexit
 .bss           0x0000000040013158        0x0 /home/fsw/rep/tasa/lib/bcc-2.2.3-gcc/bin/../lib/gcc/sparc-gaisler-elf/10.2.0/../../../../sparc-gaisler-elf/lib/soft/flat/libc.a(lib_a-dtoa.o)
 .bss           0x0000000040013158        0x0 /home/fsw/rep/tasa/lib/bcc-2.2.3-gcc/bin/../lib/gcc/sparc-gaisler-elf/10.2.0/../../../../sparc-gaisler-elf/lib/soft/flat/libc.a(lib_a-fflush.o)
 .bss           0x0000000040013158        0x0 /home/fsw/rep/tasa/lib/bcc-2.2.3-gcc/bin/../lib/gcc/sparc-gaisler-elf/10.2.0/../../../../sparc-gaisler-elf/lib/soft/flat/libc.a(lib_a-findfp.o)
 .bss           0x0000000040013158        0x0 /home/fsw/rep/tasa/lib/bcc-2.2.3-gcc/bin/../lib/gcc/sparc-gaisler-elf/10.2.0/../../../../sparc-gaisler-elf/lib/soft/flat/libc.a(lib_a-freer.o)
 .bss           0x0000000040013158        0x0 /home/fsw/rep/tasa/lib/bcc-2.2.3-gcc/bin/../lib/gcc/sparc-gaisler-elf/10.2.0/../../../../sparc-gaisler-elf/lib/soft/flat/libc.a(lib_a-fvwrite.o)
 .bss           0x0000000040013158        0x0 /home/fsw/rep/tasa/lib/bcc-2.2.3-gcc/bin/../lib/gcc/sparc-gaisler-elf/10.2.0/../../../../sparc-gaisler-elf/lib/soft/flat/libc.a(lib_a-fwalk.o)
 .bss           0x0000000040013158        0x0 /home/fsw/rep/tasa/lib/bcc-2.2.3-gcc/bin/../lib/gcc/sparc-gaisler-elf/10.2.0/../../../../sparc-gaisler-elf/lib/soft/flat/libc.a(lib_a-localeconv.o)
 .bss           0x0000000040013158        0x0 /home/fsw/rep/tasa/lib/bcc-2.2.3-gcc/bin/../lib/gcc/sparc-gaisler-elf/10.2.0/../../../../sparc-gaisler-elf/lib/soft/flat/libc.a(lib_a-makebuf.o)
 .bss           0x0000000040013158        0x0 /home/fsw/rep/tasa/lib/bcc-2.2.3-gcc/bin/../lib/gcc/sparc-gaisler-elf/10.2.0/../../../../sparc-gaisler-elf/lib/soft/flat/libc.a(lib_a-malloc.o)
 .bss           0x0000000040013158       0x34 /home/fsw/rep/tasa/lib/bcc-2.2.3-gcc/bin/../lib/gcc/sparc-gaisler-elf/10.2.0/../../../../sparc-gaisler-elf/lib/soft/flat/libc.a(lib_a-mallocr.o)
                0x0000000040013158                __malloc_current_mallinfo
                0x0000000040013180                __malloc_max_total_mem
                0x0000000040013184                __malloc_max_sbrked_mem
                0x0000000040013188                __malloc_top_pad
 .bss           0x000000004001318c        0x0 /home/fsw/rep/tasa/lib/bcc-2.2.3-gcc/bin/../lib/gcc/sparc-gaisler-elf/10.2.0/../../../../sparc-gaisler-elf/lib/soft/flat/libc.a(lib_a-memchr.o)
 .bss           0x000000004001318c        0x0 /home/fsw/rep/tasa/lib/bcc-2.2.3-gcc/bin/../lib/gcc/sparc-gaisler-elf/10.2.0/../../../../sparc-gaisler-elf/lib/soft/flat/libc.a(lib_a-memmove.o)
 .bss           0x000000004001318c        0x0 /home/fsw/rep/tasa/lib/bcc-2.2.3-gcc/bin/../lib/gcc/sparc-gaisler-elf/10.2.0/../../../../sparc-gaisler-elf/lib/soft/flat/libc.a(lib_a-memset.o)
 .bss           0x000000004001318c        0x0 /home/fsw/rep/tasa/lib/bcc-2.2.3-gcc/bin/../lib/gcc/sparc-gaisler-elf/10.2.0/../../../../sparc-gaisler-elf/lib/soft/flat/libc.a(lib_a-mlock.o)
 .bss           0x000000004001318c        0x0 /home/fsw/rep/tasa/lib/bcc-2.2.3-gcc/bin/../lib/gcc/sparc-gaisler-elf/10.2.0/../../../../sparc-gaisler-elf/lib/soft/flat/libc.a(lib_a-mprec.o)
 .bss           0x000000004001318c        0x0 /home/fsw/rep/tasa/lib/bcc-2.2.3-gcc/bin/../lib/gcc/sparc-gaisler-elf/10.2.0/../../../../sparc-gaisler-elf/lib/soft/flat/libc.a(lib_a-putc.o)
 .bss           0x000000004001318c        0x0 /home/fsw/rep/tasa/lib/bcc-2.2.3-gcc/bin/../lib/gcc/sparc-gaisler-elf/10.2.0/../../../../sparc-gaisler-elf/lib/soft/flat/libc.a(lib_a-reallocr.o)
 .bss           0x000000004001318c        0x0 /home/fsw/rep/tasa/lib/bcc-2.2.3-gcc/bin/../lib/gcc/sparc-gaisler-elf/10.2.0/../../../../sparc-gaisler-elf/lib/soft/flat/libc.a(lib_a-s_frexp.o)
 .bss           0x000000004001318c        0x0 /home/fsw/rep/tasa/lib/bcc-2.2.3-gcc/bin/../lib/gcc/sparc-gaisler-elf/10.2.0/../../../../sparc-gaisler-elf/lib/soft/flat/libc.a(lib_a-sbrkr.o)
 .bss           0x000000004001318c        0x0 /home/fsw/rep/tasa/lib/bcc-2.2.3-gcc/bin/../lib/gcc/sparc-gaisler-elf/10.2.0/../../../../sparc-gaisler-elf/lib/soft/flat/libc.a(lib_a-stdio.o)
 .bss           0x000000004001318c        0x0 /home/fsw/rep/tasa/lib/bcc-2.2.3-gcc/bin/../lib/gcc/sparc-gaisler-elf/10.2.0/../../../../sparc-gaisler-elf/lib/soft/flat/libc.a(lib_a-strncpy.o)
 .bss           0x000000004001318c        0x0 /home/fsw/rep/tasa/lib/bcc-2.2.3-gcc/bin/../lib/gcc/sparc-gaisler-elf/10.2.0/../../../../sparc-gaisler-elf/lib/soft/flat/libc.a(lib_a-vfiprintf.o)
 .bss           0x000000004001318c        0x0 /home/fsw/rep/tasa/lib/bcc-2.2.3-gcc/bin/../lib/gcc/sparc-gaisler-elf/10.2.0/../../../../sparc-gaisler-elf/lib/soft/flat/libc.a(lib_a-wbuf.o)
 .bss           0x000000004001318c        0x0 /home/fsw/rep/tasa/lib/bcc-2.2.3-gcc/bin/../lib/gcc/sparc-gaisler-elf/10.2.0/../../../../sparc-gaisler-elf/lib/soft/flat/libc.a(lib_a-writer.o)
 .bss           0x000000004001318c        0x0 /home/fsw/rep/tasa/lib/bcc-2.2.3-gcc/bin/../lib/gcc/sparc-gaisler-elf/10.2.0/../../../../sparc-gaisler-elf/lib/soft/flat/libc.a(lib_a-callocr.o)
 .bss           0x000000004001318c        0x0 /home/fsw/rep/tasa/lib/bcc-2.2.3-gcc/bin/../lib/gcc/sparc-gaisler-elf/10.2.0/../../../../sparc-gaisler-elf/lib/soft/flat/libc.a(lib_a-closer.o)
 .bss           0x000000004001318c        0x0 /home/fsw/rep/tasa/lib/bcc-2.2.3-gcc/bin/../lib/gcc/sparc-gaisler-elf/10.2.0/../../../../sparc-gaisler-elf/lib/soft/flat/libc.a(lib_a-fclose.o)
 .bss           0x000000004001318c        0x0 /home/fsw/rep/tasa/lib/bcc-2.2.3-gcc/bin/../lib/gcc/sparc-gaisler-elf/10.2.0/../../../../sparc-gaisler-elf/lib/soft/flat/libc.a(lib_a-fputwc.o)
 .bss           0x000000004001318c        0x0 /home/fsw/rep/tasa/lib/bcc-2.2.3-gcc/bin/../lib/gcc/sparc-gaisler-elf/10.2.0/../../../../sparc-gaisler-elf/lib/soft/flat/libc.a(lib_a-fstatr.o)
 .bss           0x000000004001318c        0x0 /home/fsw/rep/tasa/lib/bcc-2.2.3-gcc/bin/../lib/gcc/sparc-gaisler-elf/10.2.0/../../../../sparc-gaisler-elf/lib/soft/flat/libc.a(lib_a-isattyr.o)
 .bss           0x000000004001318c        0x4 /home/fsw/rep/tasa/lib/bcc-2.2.3-gcc/bin/../lib/gcc/sparc-gaisler-elf/10.2.0/../../../../sparc-gaisler-elf/lib/soft/flat/libc.a(lib_a-locale.o)
                0x000000004001318c                _PathLocale
 .bss           0x0000000040013190        0x0 /home/fsw/rep/tasa/lib/bcc-2.2.3-gcc/bin/../lib/gcc/sparc-gaisler-elf/10.2.0/../../../../sparc-gaisler-elf/lib/soft/flat/libc.a(lib_a-lseekr.o)
 .bss           0x0000000040013190        0x0 /home/fsw/rep/tasa/lib/bcc-2.2.3-gcc/bin/../lib/gcc/sparc-gaisler-elf/10.2.0/../../../../sparc-gaisler-elf/lib/soft/flat/libc.a(lib_a-mbtowc_r.o)
 .bss           0x0000000040013190        0x0 /home/fsw/rep/tasa/lib/bcc-2.2.3-gcc/bin/../lib/gcc/sparc-gaisler-elf/10.2.0/../../../../sparc-gaisler-elf/lib/soft/flat/libc.a(lib_a-readr.o)
 .bss           0x0000000040013190        0x4 /home/fsw/rep/tasa/lib/bcc-2.2.3-gcc/bin/../lib/gcc/sparc-gaisler-elf/10.2.0/../../../../sparc-gaisler-elf/lib/soft/flat/libc.a(lib_a-reent.o)
                0x0000000040013190                errno
 .bss           0x0000000040013194        0x0 /home/fsw/rep/tasa/lib/bcc-2.2.3-gcc/bin/../lib/gcc/sparc-gaisler-elf/10.2.0/../../../../sparc-gaisler-elf/lib/soft/flat/libc.a(lib_a-strcmp.o)
 .bss           0x0000000040013194        0x0 /home/fsw/rep/tasa/lib/bcc-2.2.3-gcc/bin/../lib/gcc/sparc-gaisler-elf/10.2.0/../../../../sparc-gaisler-elf/lib/soft/flat/libc.a(lib_a-wcrtomb.o)
 .bss           0x0000000040013194        0x0 /home/fsw/rep/tasa/lib/bcc-2.2.3-gcc/bin/../lib/gcc/sparc-gaisler-elf/10.2.0/../../../../sparc-gaisler-elf/lib/soft/flat/libc.a(lib_a-wctomb_r.o)
 .bss           0x0000000040013194        0x0 /home/fsw/rep/tasa/lib/bcc-2.2.3-gcc/bin/../lib/gcc/sparc-gaisler-elf/10.2.0/../../../../sparc-gaisler-elf/lib/soft/flat/libc.a(lib_a-ctype_.o)
 .bss           0x0000000040013194        0x0 /home/fsw/rep/tasa/lib/bcc-2.2.3-gcc/bin/../sparc-gaisler-elf/bsp/leon3/soft/flat/libbcc.a(_exit.S.o)
 .bss           0x0000000040013194        0x0 /home/fsw/rep/tasa/lib/bcc-2.2.3-gcc/bin/../sparc-gaisler-elf/bsp/leon3/soft/flat/libbcc.a(read.c.o)
 .bss           0x0000000040013194        0x4 /home/fsw/rep/tasa/lib/bcc-2.2.3-gcc/bin/../sparc-gaisler-elf/bsp/leon3/soft/flat/libbcc.a(sbrk.c.o)
 .bss           0x0000000040013198        0x8 /home/fsw/rep/tasa/lib/bcc-2.2.3-gcc/bin/../sparc-gaisler-elf/bsp/leon3/soft/flat/libbcc.a(heap.c.o)
                0x0000000040013198                __bcc_heap_max
                0x000000004001319c                __bcc_heap_min
 .bss           0x00000000400131a0        0x0 /home/fsw/rep/tasa/lib/bcc-2.2.3-gcc/bin/../sparc-gaisler-elf/bsp/leon3/soft/flat/libbcc.a(write.c.o)
 .bss           0x00000000400131a0        0x0 /home/fsw/rep/tasa/lib/bcc-2.2.3-gcc/bin/../sparc-gaisler-elf/bsp/leon3/soft/flat/libbcc.a(stubs.S.o)
 .bss           0x00000000400131a0        0x4 /home/fsw/rep/tasa/lib/bcc-2.2.3-gcc/bin/../sparc-gaisler-elf/bsp/leon3/soft/flat/libbcc.a(con_apbuart.c.o)
 .bss           0x00000000400131a4        0x0 /home/fsw/rep/tasa/lib/bcc-2.2.3-gcc/bin/../lib/gcc/sparc-gaisler-elf/10.2.0/soft/flat/libgcc.a(_mulsi3.o)
 .bss           0x00000000400131a4        0x0 /home/fsw/rep/tasa/lib/bcc-2.2.3-gcc/bin/../lib/gcc/sparc-gaisler-elf/10.2.0/soft/flat/libgcc.a(_divsi3.o)
 .bss           0x00000000400131a4        0x0 /home/fsw/rep/tasa/lib/bcc-2.2.3-gcc/bin/../lib/gcc/sparc-gaisler-elf/10.2.0/soft/flat/libgcc.a(_modsi3.o)
 .bss           0x00000000400131a4        0x0 /home/fsw/rep/tasa/lib/bcc-2.2.3-gcc/bin/../lib/gcc/sparc-gaisler-elf/10.2.0/soft/flat/libgcc.a(_udivdi3.o)
 .bss           0x00000000400131a4        0x0 /home/fsw/rep/tasa/lib/bcc-2.2.3-gcc/bin/../lib/gcc/sparc-gaisler-elf/10.2.0/soft/flat/libgcc.a(_umoddi3.o)
 .bss           0x00000000400131a4        0x0 /home/fsw/rep/tasa/lib/bcc-2.2.3-gcc/bin/../lib/gcc/sparc-gaisler-elf/10.2.0/soft/flat/libgcc.a(_addsub_df.o)
 .bss           0x00000000400131a4        0x0 /home/fsw/rep/tasa/lib/bcc-2.2.3-gcc/bin/../lib/gcc/sparc-gaisler-elf/10.2.0/soft/flat/libgcc.a(_mul_df.o)
 .bss           0x00000000400131a4        0x0 /home/fsw/rep/tasa/lib/bcc-2.2.3-gcc/bin/../lib/gcc/sparc-gaisler-elf/10.2.0/soft/flat/libgcc.a(_div_df.o)
 .bss           0x00000000400131a4        0x0 /home/fsw/rep/tasa/lib/bcc-2.2.3-gcc/bin/../lib/gcc/sparc-gaisler-elf/10.2.0/soft/flat/libgcc.a(_eq_df.o)
 .bss           0x00000000400131a4        0x0 /home/fsw/rep/tasa/lib/bcc-2.2.3-gcc/bin/../lib/gcc/sparc-gaisler-elf/10.2.0/soft/flat/libgcc.a(_ne_df.o)
 .bss           0x00000000400131a4        0x0 /home/fsw/rep/tasa/lib/bcc-2.2.3-gcc/bin/../lib/gcc/sparc-gaisler-elf/10.2.0/soft/flat/libgcc.a(_gt_df.o)
 .bss           0x00000000400131a4        0x0 /home/fsw/rep/tasa/lib/bcc-2.2.3-gcc/bin/../lib/gcc/sparc-gaisler-elf/10.2.0/soft/flat/libgcc.a(_lt_df.o)
 .bss           0x00000000400131a4        0x0 /home/fsw/rep/tasa/lib/bcc-2.2.3-gcc/bin/../lib/gcc/sparc-gaisler-elf/10.2.0/soft/flat/libgcc.a(_le_df.o)
 .bss           0x00000000400131a4        0x0 /home/fsw/rep/tasa/lib/bcc-2.2.3-gcc/bin/../lib/gcc/sparc-gaisler-elf/10.2.0/soft/flat/libgcc.a(_unord_df.o)
 .bss           0x00000000400131a4        0x0 /home/fsw/rep/tasa/lib/bcc-2.2.3-gcc/bin/../lib/gcc/sparc-gaisler-elf/10.2.0/soft/flat/libgcc.a(_si_to_df.o)
 .bss           0x00000000400131a4        0x0 /home/fsw/rep/tasa/lib/bcc-2.2.3-gcc/bin/../lib/gcc/sparc-gaisler-elf/10.2.0/soft/flat/libgcc.a(_df_to_si.o)
 .bss           0x00000000400131a4        0x0 /home/fsw/rep/tasa/lib/bcc-2.2.3-gcc/bin/../lib/gcc/sparc-gaisler-elf/10.2.0/soft/flat/libgcc.a(_thenan_df.o)
 .bss           0x00000000400131a4        0x0 /home/fsw/rep/tasa/lib/bcc-2.2.3-gcc/bin/../lib/gcc/sparc-gaisler-elf/10.2.0/soft/flat/libgcc.a(_usi_to_df.o)
 .bss           0x00000000400131a4        0x0 /home/fsw/rep/tasa/lib/bcc-2.2.3-gcc/bin/../lib/gcc/sparc-gaisler-elf/10.2.0/soft/flat/libgcc.a(_muldi3.o)
 .bss           0x00000000400131a4        0x0 /home/fsw/rep/tasa/lib/bcc-2.2.3-gcc/bin/../lib/gcc/sparc-gaisler-elf/10.2.0/soft/flat/libgcc.a(_clz.o)
 .bss           0x00000000400131a4        0x0 /home/fsw/rep/tasa/lib/bcc-2.2.3-gcc/bin/../lib/gcc/sparc-gaisler-elf/10.2.0/soft/flat/libgcc.a(_clzsi2.o)
 .bss           0x00000000400131a4        0x0 /home/fsw/rep/tasa/lib/bcc-2.2.3-gcc/bin/../lib/gcc/sparc-gaisler-elf/10.2.0/soft/flat/libgcc.a(_pack_df.o)
 .bss           0x00000000400131a4        0x0 /home/fsw/rep/tasa/lib/bcc-2.2.3-gcc/bin/../lib/gcc/sparc-gaisler-elf/10.2.0/soft/flat/libgcc.a(_unpack_df.o)
 .bss           0x00000000400131a4        0x0 /home/fsw/rep/tasa/lib/bcc-2.2.3-gcc/bin/../lib/gcc/sparc-gaisler-elf/10.2.0/soft/flat/libgcc.a(_fpcmp_parts_df.o)
 .bss           0x00000000400131a4        0x0 /home/fsw/rep/tasa/lib/bcc-2.2.3-gcc/bin/../lib/gcc/sparc-gaisler-elf/10.2.0/soft/flat/crtend.o
 .bss           0x00000000400131a4        0x0 /home/fsw/rep/tasa/lib/bcc-2.2.3-gcc/bin/../lib/gcc/sparc-gaisler-elf/10.2.0/soft/flat/crtn.o
 *(COMMON)
                0x00000000400131a8                . = ALIGN (0x8)
 *fill*         0x00000000400131a4        0x4 
                0x00000000400131a8                __bss_end = .
                0x00000000400131a8                __heap_min = .
                0x00000000400131a8                . = ALIGN (0x8)

.jcr
 *(.jcr)

.stab
 *(.stab)

.stabstr
 *(.stabstr)

.debug
 *(.debug)

.line
 *(.line)

.debug_srcinfo
 *(.debug_srcinfo)

.debug_sfnames
 *(.debug_sfnames)

.debug_aranges  0x0000000000000000      0xcc8
 *(.debug_aranges)
 .debug_aranges
                0x0000000000000000       0x20 /home/fsw/rep/tasa/lib/bcc-2.2.3-gcc/bin/../sparc-gaisler-elf/bsp/leon3/soft/flat/trap_table_mvt.S.o
 .debug_aranges
                0x0000000000000020       0x20 /home/fsw/rep/tasa/lib/bcc-2.2.3-gcc/bin/../sparc-gaisler-elf/bsp/leon3/soft/flat/crt0.S.o
 .debug_aranges
                0x0000000000000040       0x20 /tmp/ccjGjKjp.o
 .debug_aranges
                0x0000000000000060       0x20 /home/fsw/rep/tasa/lib/bcc-2.2.3-gcc/bin/../sparc-gaisler-elf/bsp/leon3/soft/flat/libbcc.a(reset_trap_mvt.S.o)
 .debug_aranges
                0x0000000000000080       0x20 /home/fsw/rep/tasa/lib/bcc-2.2.3-gcc/bin/../sparc-gaisler-elf/bsp/leon3/soft/flat/libbcc.a(interrupt_trap_flat.S.o)
 .debug_aranges
                0x00000000000000a0       0x20 /home/fsw/rep/tasa/lib/bcc-2.2.3-gcc/bin/../sparc-gaisler-elf/bsp/leon3/soft/flat/libbcc.a(sw_trap_set_pil.S.o)
 .debug_aranges
                0x00000000000000c0       0x18 /home/fsw/rep/tasa/lib/bcc-2.2.3-gcc/bin/../sparc-gaisler-elf/bsp/leon3/soft/flat/libbcc.a(isr.c.o)
 .debug_aranges
                0x00000000000000d8       0x18 /home/fsw/rep/tasa/lib/bcc-2.2.3-gcc/bin/../sparc-gaisler-elf/bsp/leon3/soft/flat/libbcc.a(int_nest.c.o)
 .debug_aranges
                0x00000000000000f0       0x20 /home/fsw/rep/tasa/lib/bcc-2.2.3-gcc/bin/../sparc-gaisler-elf/bsp/leon3/soft/flat/libbcc.a(init.S.o)
 .debug_aranges
                0x0000000000000110       0x20 /home/fsw/rep/tasa/lib/bcc-2.2.3-gcc/bin/../sparc-gaisler-elf/bsp/leon3/soft/flat/libbcc.a(leon_info.S.o)
 .debug_aranges
                0x0000000000000130       0x20 /home/fsw/rep/tasa/lib/bcc-2.2.3-gcc/bin/../sparc-gaisler-elf/bsp/leon3/soft/flat/libbcc.a(dwzero.S.o)
 .debug_aranges
                0x0000000000000150       0x20 /home/fsw/rep/tasa/lib/bcc-2.2.3-gcc/bin/../sparc-gaisler-elf/bsp/leon3/soft/flat/libbcc.a(copy_data.c.o)
 .debug_aranges
                0x0000000000000170       0x18 /home/fsw/rep/tasa/lib/bcc-2.2.3-gcc/bin/../sparc-gaisler-elf/bsp/leon3/soft/flat/libbcc.a(argv.c.o)
 .debug_aranges
                0x0000000000000188       0x20 /home/fsw/rep/tasa/lib/bcc-2.2.3-gcc/bin/../sparc-gaisler-elf/bsp/leon3/soft/flat/libbcc.a(int_irqmp_get_source.c.o)
 .debug_aranges
                0x00000000000001a8       0x20 /home/fsw/rep/tasa/lib/bcc-2.2.3-gcc/bin/../sparc-gaisler-elf/bsp/leon3/soft/flat/libbcc.a(int_irqmp_mp.c.o)
 .debug_aranges
                0x00000000000001c8       0x20 /home/fsw/rep/tasa/lib/bcc-2.2.3-gcc/bin/../sparc-gaisler-elf/bsp/leon3/soft/flat/libbcc.a(int_irqmp_init.c.o)
 .debug_aranges
                0x00000000000001e8       0x20 /home/fsw/rep/tasa/lib/bcc-2.2.3-gcc/bin/../sparc-gaisler-elf/bsp/leon3/soft/flat/libbcc.a(con_apbuart_init.c.o)
 .debug_aranges
                0x0000000000000208       0x20 /home/fsw/rep/tasa/lib/bcc-2.2.3-gcc/bin/../sparc-gaisler-elf/bsp/leon3/soft/flat/libbcc.a(timer_gptimer_init.c.o)
 .debug_aranges
                0x0000000000000228       0x20 /home/fsw/rep/tasa/lib/bcc-2.2.3-gcc/bin/../sparc-gaisler-elf/bsp/leon3/soft/flat/libbcc.a(ambapp.c.o)
 .debug_aranges
                0x0000000000000248       0x20 /home/fsw/rep/tasa/lib/bcc-2.2.3-gcc/bin/../sparc-gaisler-elf/bsp/leon3/soft/flat/libbcc.a(ambapp_findfirst_fn.c.o)
 .debug_aranges
                0x0000000000000268       0x18 /home/fsw/rep/tasa/lib/bcc-2.2.3-gcc/bin/../sparc-gaisler-elf/bsp/leon3/soft/flat/libbcc.a(int_irqmp_handle.c.o)
 .debug_aranges
                0x0000000000000280       0x18 /home/fsw/rep/tasa/lib/bcc-2.2.3-gcc/bin/../sparc-gaisler-elf/bsp/leon3/soft/flat/libbcc.a(con_handle.c.o)
 .debug_aranges
                0x0000000000000298       0x18 /home/fsw/rep/tasa/lib/bcc-2.2.3-gcc/bin/../sparc-gaisler-elf/bsp/leon3/soft/flat/libbcc.a(timer_handle.c.o)
 .debug_aranges
                0x00000000000002b0       0x20 /home/fsw/rep/tasa/lib/bcc-2.2.3-gcc/bin/../lib/gcc/sparc-gaisler-elf/10.2.0/../../../../sparc-gaisler-elf/lib/soft/flat/libc.a(lib_a-atexit.o)
 .debug_aranges
                0x00000000000002d0       0x20 /home/fsw/rep/tasa/lib/bcc-2.2.3-gcc/bin/../lib/gcc/sparc-gaisler-elf/10.2.0/../../../../sparc-gaisler-elf/lib/soft/flat/libc.a(lib_a-exit.o)
 .debug_aranges
                0x00000000000002f0       0x18 /home/fsw/rep/tasa/lib/bcc-2.2.3-gcc/bin/../lib/gcc/sparc-gaisler-elf/10.2.0/../../../../sparc-gaisler-elf/lib/soft/flat/libc.a(lib_a-impure.o)
 .debug_aranges
                0x0000000000000308       0x20 /home/fsw/rep/tasa/lib/bcc-2.2.3-gcc/bin/../lib/gcc/sparc-gaisler-elf/10.2.0/../../../../sparc-gaisler-elf/lib/soft/flat/libc.a(lib_a-memcpy.o)
 .debug_aranges
                0x0000000000000328       0x20 /home/fsw/rep/tasa/lib/bcc-2.2.3-gcc/bin/../lib/gcc/sparc-gaisler-elf/10.2.0/../../../../sparc-gaisler-elf/lib/soft/flat/libc.a(lib_a-printf.o)
 .debug_aranges
                0x0000000000000348       0x20 /home/fsw/rep/tasa/lib/bcc-2.2.3-gcc/bin/../lib/gcc/sparc-gaisler-elf/10.2.0/../../../../sparc-gaisler-elf/lib/soft/flat/libc.a(lib_a-putchar.o)
 .debug_aranges
                0x0000000000000368       0x20 /home/fsw/rep/tasa/lib/bcc-2.2.3-gcc/bin/../lib/gcc/sparc-gaisler-elf/10.2.0/../../../../sparc-gaisler-elf/lib/soft/flat/libc.a(lib_a-puts.o)
 .debug_aranges
                0x0000000000000388       0x20 /home/fsw/rep/tasa/lib/bcc-2.2.3-gcc/bin/../lib/gcc/sparc-gaisler-elf/10.2.0/../../../../sparc-gaisler-elf/lib/soft/flat/libc.a(lib_a-strlen.o)
 .debug_aranges
                0x00000000000003a8       0x20 /home/fsw/rep/tasa/lib/bcc-2.2.3-gcc/bin/../lib/gcc/sparc-gaisler-elf/10.2.0/../../../../sparc-gaisler-elf/lib/soft/flat/libc.a(lib_a-vfprintf.o)
 .debug_aranges
                0x00000000000003c8       0x20 /home/fsw/rep/tasa/lib/bcc-2.2.3-gcc/bin/../lib/gcc/sparc-gaisler-elf/10.2.0/../../../../sparc-gaisler-elf/lib/soft/flat/libc.a(lib_a-wsetup.o)
 .debug_aranges
                0x00000000000003e8       0x20 /home/fsw/rep/tasa/lib/bcc-2.2.3-gcc/bin/../lib/gcc/sparc-gaisler-elf/10.2.0/../../../../sparc-gaisler-elf/lib/soft/flat/libc.a(lib_a-__atexit.o)
 .debug_aranges
                0x0000000000000408       0x20 /home/fsw/rep/tasa/lib/bcc-2.2.3-gcc/bin/../lib/gcc/sparc-gaisler-elf/10.2.0/../../../../sparc-gaisler-elf/lib/soft/flat/libc.a(lib_a-__call_atexit.o)
 .debug_aranges
                0x0000000000000428       0x20 /home/fsw/rep/tasa/lib/bcc-2.2.3-gcc/bin/../lib/gcc/sparc-gaisler-elf/10.2.0/../../../../sparc-gaisler-elf/lib/soft/flat/libc.a(lib_a-dtoa.o)
 .debug_aranges
                0x0000000000000448       0x20 /home/fsw/rep/tasa/lib/bcc-2.2.3-gcc/bin/../lib/gcc/sparc-gaisler-elf/10.2.0/../../../../sparc-gaisler-elf/lib/soft/flat/libc.a(lib_a-fflush.o)
 .debug_aranges
                0x0000000000000468       0x20 /home/fsw/rep/tasa/lib/bcc-2.2.3-gcc/bin/../lib/gcc/sparc-gaisler-elf/10.2.0/../../../../sparc-gaisler-elf/lib/soft/flat/libc.a(lib_a-findfp.o)
 .debug_aranges
                0x0000000000000488       0x20 /home/fsw/rep/tasa/lib/bcc-2.2.3-gcc/bin/../lib/gcc/sparc-gaisler-elf/10.2.0/../../../../sparc-gaisler-elf/lib/soft/flat/libc.a(lib_a-freer.o)
 .debug_aranges
                0x00000000000004a8       0x20 /home/fsw/rep/tasa/lib/bcc-2.2.3-gcc/bin/../lib/gcc/sparc-gaisler-elf/10.2.0/../../../../sparc-gaisler-elf/lib/soft/flat/libc.a(lib_a-fvwrite.o)
 .debug_aranges
                0x00000000000004c8       0x20 /home/fsw/rep/tasa/lib/bcc-2.2.3-gcc/bin/../lib/gcc/sparc-gaisler-elf/10.2.0/../../../../sparc-gaisler-elf/lib/soft/flat/libc.a(lib_a-fwalk.o)
 .debug_aranges
                0x00000000000004e8       0x20 /home/fsw/rep/tasa/lib/bcc-2.2.3-gcc/bin/../lib/gcc/sparc-gaisler-elf/10.2.0/../../../../sparc-gaisler-elf/lib/soft/flat/libc.a(lib_a-localeconv.o)
 .debug_aranges
                0x0000000000000508       0x20 /home/fsw/rep/tasa/lib/bcc-2.2.3-gcc/bin/../lib/gcc/sparc-gaisler-elf/10.2.0/../../../../sparc-gaisler-elf/lib/soft/flat/libc.a(lib_a-makebuf.o)
 .debug_aranges
                0x0000000000000528       0x20 /home/fsw/rep/tasa/lib/bcc-2.2.3-gcc/bin/../lib/gcc/sparc-gaisler-elf/10.2.0/../../../../sparc-gaisler-elf/lib/soft/flat/libc.a(lib_a-malloc.o)
 .debug_aranges
                0x0000000000000548       0x20 /home/fsw/rep/tasa/lib/bcc-2.2.3-gcc/bin/../lib/gcc/sparc-gaisler-elf/10.2.0/../../../../sparc-gaisler-elf/lib/soft/flat/libc.a(lib_a-mallocr.o)
 .debug_aranges
                0x0000000000000568       0x20 /home/fsw/rep/tasa/lib/bcc-2.2.3-gcc/bin/../lib/gcc/sparc-gaisler-elf/10.2.0/../../../../sparc-gaisler-elf/lib/soft/flat/libc.a(lib_a-memchr.o)
 .debug_aranges
                0x0000000000000588       0x20 /home/fsw/rep/tasa/lib/bcc-2.2.3-gcc/bin/../lib/gcc/sparc-gaisler-elf/10.2.0/../../../../sparc-gaisler-elf/lib/soft/flat/libc.a(lib_a-memmove.o)
 .debug_aranges
                0x00000000000005a8       0x20 /home/fsw/rep/tasa/lib/bcc-2.2.3-gcc/bin/../lib/gcc/sparc-gaisler-elf/10.2.0/../../../../sparc-gaisler-elf/lib/soft/flat/libc.a(lib_a-memset.o)
 .debug_aranges
                0x00000000000005c8       0x20 /home/fsw/rep/tasa/lib/bcc-2.2.3-gcc/bin/../lib/gcc/sparc-gaisler-elf/10.2.0/../../../../sparc-gaisler-elf/lib/soft/flat/libc.a(lib_a-mlock.o)
 .debug_aranges
                0x00000000000005e8       0x20 /home/fsw/rep/tasa/lib/bcc-2.2.3-gcc/bin/../lib/gcc/sparc-gaisler-elf/10.2.0/../../../../sparc-gaisler-elf/lib/soft/flat/libc.a(lib_a-mprec.o)
 .debug_aranges
                0x0000000000000608       0x20 /home/fsw/rep/tasa/lib/bcc-2.2.3-gcc/bin/../lib/gcc/sparc-gaisler-elf/10.2.0/../../../../sparc-gaisler-elf/lib/soft/flat/libc.a(lib_a-putc.o)
 .debug_aranges
                0x0000000000000628       0x20 /home/fsw/rep/tasa/lib/bcc-2.2.3-gcc/bin/../lib/gcc/sparc-gaisler-elf/10.2.0/../../../../sparc-gaisler-elf/lib/soft/flat/libc.a(lib_a-reallocr.o)
 .debug_aranges
                0x0000000000000648       0x20 /home/fsw/rep/tasa/lib/bcc-2.2.3-gcc/bin/../lib/gcc/sparc-gaisler-elf/10.2.0/../../../../sparc-gaisler-elf/lib/soft/flat/libc.a(lib_a-s_frexp.o)
 .debug_aranges
                0x0000000000000668       0x20 /home/fsw/rep/tasa/lib/bcc-2.2.3-gcc/bin/../lib/gcc/sparc-gaisler-elf/10.2.0/../../../../sparc-gaisler-elf/lib/soft/flat/libc.a(lib_a-sbrkr.o)
 .debug_aranges
                0x0000000000000688       0x20 /home/fsw/rep/tasa/lib/bcc-2.2.3-gcc/bin/../lib/gcc/sparc-gaisler-elf/10.2.0/../../../../sparc-gaisler-elf/lib/soft/flat/libc.a(lib_a-stdio.o)
 .debug_aranges
                0x00000000000006a8       0x20 /home/fsw/rep/tasa/lib/bcc-2.2.3-gcc/bin/../lib/gcc/sparc-gaisler-elf/10.2.0/../../../../sparc-gaisler-elf/lib/soft/flat/libc.a(lib_a-strncpy.o)
 .debug_aranges
                0x00000000000006c8       0x20 /home/fsw/rep/tasa/lib/bcc-2.2.3-gcc/bin/../lib/gcc/sparc-gaisler-elf/10.2.0/../../../../sparc-gaisler-elf/lib/soft/flat/libc.a(lib_a-vfiprintf.o)
 .debug_aranges
                0x00000000000006e8       0x20 /home/fsw/rep/tasa/lib/bcc-2.2.3-gcc/bin/../lib/gcc/sparc-gaisler-elf/10.2.0/../../../../sparc-gaisler-elf/lib/soft/flat/libc.a(lib_a-wbuf.o)
 .debug_aranges
                0x0000000000000708       0x20 /home/fsw/rep/tasa/lib/bcc-2.2.3-gcc/bin/../lib/gcc/sparc-gaisler-elf/10.2.0/../../../../sparc-gaisler-elf/lib/soft/flat/libc.a(lib_a-writer.o)
 .debug_aranges
                0x0000000000000728       0x20 /home/fsw/rep/tasa/lib/bcc-2.2.3-gcc/bin/../lib/gcc/sparc-gaisler-elf/10.2.0/../../../../sparc-gaisler-elf/lib/soft/flat/libc.a(lib_a-callocr.o)
 .debug_aranges
                0x0000000000000748       0x20 /home/fsw/rep/tasa/lib/bcc-2.2.3-gcc/bin/../lib/gcc/sparc-gaisler-elf/10.2.0/../../../../sparc-gaisler-elf/lib/soft/flat/libc.a(lib_a-closer.o)
 .debug_aranges
                0x0000000000000768       0x20 /home/fsw/rep/tasa/lib/bcc-2.2.3-gcc/bin/../lib/gcc/sparc-gaisler-elf/10.2.0/../../../../sparc-gaisler-elf/lib/soft/flat/libc.a(lib_a-fclose.o)
 .debug_aranges
                0x0000000000000788       0x20 /home/fsw/rep/tasa/lib/bcc-2.2.3-gcc/bin/../lib/gcc/sparc-gaisler-elf/10.2.0/../../../../sparc-gaisler-elf/lib/soft/flat/libc.a(lib_a-fputwc.o)
 .debug_aranges
                0x00000000000007a8       0x20 /home/fsw/rep/tasa/lib/bcc-2.2.3-gcc/bin/../lib/gcc/sparc-gaisler-elf/10.2.0/../../../../sparc-gaisler-elf/lib/soft/flat/libc.a(lib_a-fstatr.o)
 .debug_aranges
                0x00000000000007c8       0x20 /home/fsw/rep/tasa/lib/bcc-2.2.3-gcc/bin/../lib/gcc/sparc-gaisler-elf/10.2.0/../../../../sparc-gaisler-elf/lib/soft/flat/libc.a(lib_a-isattyr.o)
 .debug_aranges
                0x00000000000007e8       0x20 /home/fsw/rep/tasa/lib/bcc-2.2.3-gcc/bin/../lib/gcc/sparc-gaisler-elf/10.2.0/../../../../sparc-gaisler-elf/lib/soft/flat/libc.a(lib_a-locale.o)
 .debug_aranges
                0x0000000000000808       0x20 /home/fsw/rep/tasa/lib/bcc-2.2.3-gcc/bin/../lib/gcc/sparc-gaisler-elf/10.2.0/../../../../sparc-gaisler-elf/lib/soft/flat/libc.a(lib_a-lseekr.o)
 .debug_aranges
                0x0000000000000828       0x20 /home/fsw/rep/tasa/lib/bcc-2.2.3-gcc/bin/../lib/gcc/sparc-gaisler-elf/10.2.0/../../../../sparc-gaisler-elf/lib/soft/flat/libc.a(lib_a-mbtowc_r.o)
 .debug_aranges
                0x0000000000000848       0x20 /home/fsw/rep/tasa/lib/bcc-2.2.3-gcc/bin/../lib/gcc/sparc-gaisler-elf/10.2.0/../../../../sparc-gaisler-elf/lib/soft/flat/libc.a(lib_a-readr.o)
 .debug_aranges
                0x0000000000000868       0x20 /home/fsw/rep/tasa/lib/bcc-2.2.3-gcc/bin/../lib/gcc/sparc-gaisler-elf/10.2.0/../../../../sparc-gaisler-elf/lib/soft/flat/libc.a(lib_a-reent.o)
 .debug_aranges
                0x0000000000000888       0x20 /home/fsw/rep/tasa/lib/bcc-2.2.3-gcc/bin/../lib/gcc/sparc-gaisler-elf/10.2.0/../../../../sparc-gaisler-elf/lib/soft/flat/libc.a(lib_a-strcmp.o)
 .debug_aranges
                0x00000000000008a8       0x20 /home/fsw/rep/tasa/lib/bcc-2.2.3-gcc/bin/../lib/gcc/sparc-gaisler-elf/10.2.0/../../../../sparc-gaisler-elf/lib/soft/flat/libc.a(lib_a-wcrtomb.o)
 .debug_aranges
                0x00000000000008c8       0x20 /home/fsw/rep/tasa/lib/bcc-2.2.3-gcc/bin/../lib/gcc/sparc-gaisler-elf/10.2.0/../../../../sparc-gaisler-elf/lib/soft/flat/libc.a(lib_a-wctomb_r.o)
 .debug_aranges
                0x00000000000008e8       0x18 /home/fsw/rep/tasa/lib/bcc-2.2.3-gcc/bin/../lib/gcc/sparc-gaisler-elf/10.2.0/../../../../sparc-gaisler-elf/lib/soft/flat/libc.a(lib_a-ctype_.o)
 .debug_aranges
                0x0000000000000900       0x20 /home/fsw/rep/tasa/lib/bcc-2.2.3-gcc/bin/../sparc-gaisler-elf/bsp/leon3/soft/flat/libbcc.a(_exit.S.o)
 .debug_aranges
                0x0000000000000920       0x20 /home/fsw/rep/tasa/lib/bcc-2.2.3-gcc/bin/../sparc-gaisler-elf/bsp/leon3/soft/flat/libbcc.a(read.c.o)
 .debug_aranges
                0x0000000000000940       0x20 /home/fsw/rep/tasa/lib/bcc-2.2.3-gcc/bin/../sparc-gaisler-elf/bsp/leon3/soft/flat/libbcc.a(sbrk.c.o)
 .debug_aranges
                0x0000000000000960       0x18 /home/fsw/rep/tasa/lib/bcc-2.2.3-gcc/bin/../sparc-gaisler-elf/bsp/leon3/soft/flat/libbcc.a(heap.c.o)
 .debug_aranges