Archive member included to satisfy reference by file (symbol)

/home/fsw/rep/tasa/lib/bcc-2.2.3-gcc/bin/../sparc-gaisler-elf/bsp/leon3/leon3/mfix-ut700/libbcc.a(reset_trap_mvt.S.o)
                              /home/fsw/rep/tasa/lib/bcc-2.2.3-gcc/bin/../sparc-gaisler-elf/bsp/leon3/leon3/mfix-ut700/trap_table_mvt_tn0018.S.o (__bcc_trap_reset_mvt)
/home/fsw/rep/tasa/lib/bcc-2.2.3-gcc/bin/../sparc-gaisler-elf/bsp/leon3/leon3/mfix-ut700/libbcc.a(window_trap.S.o)
                              /home/fsw/rep/tasa/lib/bcc-2.2.3-gcc/bin/../sparc-gaisler-elf/bsp/leon3/leon3/mfix-ut700/trap_table_mvt_tn0018.S.o (__bcc_trap_window_overflow)
/home/fsw/rep/tasa/lib/bcc-2.2.3-gcc/bin/../sparc-gaisler-elf/bsp/leon3/leon3/mfix-ut700/libbcc.a(flush_windows_trap.S.o)
                              /home/fsw/rep/tasa/lib/bcc-2.2.3-gcc/bin/../sparc-gaisler-elf/bsp/leon3/leon3/mfix-ut700/trap_table_mvt_tn0018.S.o (__bcc_trap_flush_windows)
/home/fsw/rep/tasa/lib/bcc-2.2.3-gcc/bin/../sparc-gaisler-elf/bsp/leon3/leon3/mfix-ut700/libbcc.a(sw_trap_set_pil.S.o)
                              /home/fsw/rep/tasa/lib/bcc-2.2.3-gcc/bin/../sparc-gaisler-elf/bsp/leon3/leon3/mfix-ut700/trap_table_mvt_tn0018.S.o (__bcc_trap_sw_set_pil)
/home/fsw/rep/tasa/lib/bcc-2.2.3-gcc/bin/../sparc-gaisler-elf/bsp/leon3/leon3/mfix-ut700/libbcc.a(init.S.o)
                              /home/fsw/rep/tasa/lib/bcc-2.2.3-gcc/bin/../sparc-gaisler-elf/bsp/leon3/leon3/mfix-ut700/libbcc.a(reset_trap_mvt.S.o) (__bcc_init40)
/home/fsw/rep/tasa/lib/bcc-2.2.3-gcc/bin/../sparc-gaisler-elf/bsp/leon3/leon3/mfix-ut700/libbcc.a(leon_info.S.o)
                              /home/fsw/rep/tasa/lib/bcc-2.2.3-gcc/bin/../sparc-gaisler-elf/bsp/leon3/leon3/mfix-ut700/crt0.S.o (__bcc_get_leon_info)
/home/fsw/rep/tasa/lib/bcc-2.2.3-gcc/bin/../sparc-gaisler-elf/bsp/leon3/leon3/mfix-ut700/libbcc.a(dwzero.S.o)
                              /home/fsw/rep/tasa/lib/bcc-2.2.3-gcc/bin/../sparc-gaisler-elf/bsp/leon3/leon3/mfix-ut700/crt0.S.o (bcc_dwzero)
/home/fsw/rep/tasa/lib/bcc-2.2.3-gcc/bin/../sparc-gaisler-elf/bsp/leon3/leon3/mfix-ut700/libbcc.a(copy_data.c.o)
                              /home/fsw/rep/tasa/lib/bcc-2.2.3-gcc/bin/../sparc-gaisler-elf/bsp/leon3/leon3/mfix-ut700/crt0.S.o (__bcc_copy_data)
/home/fsw/rep/tasa/lib/bcc-2.2.3-gcc/bin/../sparc-gaisler-elf/bsp/leon3/leon3/mfix-ut700/libbcc.a(argv.c.o)
                              /home/fsw/rep/tasa/lib/bcc-2.2.3-gcc/bin/../sparc-gaisler-elf/bsp/leon3/leon3/mfix-ut700/crt0.S.o (__bcc_argvp)
/home/fsw/rep/tasa/lib/bcc-2.2.3-gcc/bin/../sparc-gaisler-elf/bsp/leon3/leon3/mfix-ut700/libbcc.a(interrupt_trap_tn0018.S.o)
                              /home/fsw/rep/tasa/lib/bcc-2.2.3-gcc/bin/../sparc-gaisler-elf/bsp/leon3/leon3/mfix-ut700/trap_table_mvt_tn0018.S.o (__bcc_trap_interrupt_tn0018)
/home/fsw/rep/tasa/lib/bcc-2.2.3-gcc/bin/../sparc-gaisler-elf/bsp/leon3/leon3/mfix-ut700/libbcc.a(int_irqmp_get_source.c.o)
                              /home/fsw/rep/tasa/lib/bcc-2.2.3-gcc/bin/../sparc-gaisler-elf/bsp/leon3/leon3/mfix-ut700/libbcc.a(interrupt_trap_tn0018.S.o) (__bcc_int_get_source)
/home/fsw/rep/tasa/lib/bcc-2.2.3-gcc/bin/../sparc-gaisler-elf/bsp/leon3/leon3/mfix-ut700/libbcc.a(int_irqmp_mp.c.o)
                              /tmp/cclsrlZs.o (bcc_get_cpu_count)
/home/fsw/rep/tasa/lib/bcc-2.2.3-gcc/bin/../sparc-gaisler-elf/bsp/leon3/leon3/mfix-ut700/libbcc.a(int_irqmp_init.c.o)
                              /home/fsw/rep/tasa/lib/bcc-2.2.3-gcc/bin/../sparc-gaisler-elf/bsp/leon3/leon3/mfix-ut700/crt0.S.o (__bcc_int_init)
/home/fsw/rep/tasa/lib/bcc-2.2.3-gcc/bin/../sparc-gaisler-elf/bsp/leon3/leon3/mfix-ut700/libbcc.a(con_apbuart_init.c.o)
                              /home/fsw/rep/tasa/lib/bcc-2.2.3-gcc/bin/../sparc-gaisler-elf/bsp/leon3/leon3/mfix-ut700/crt0.S.o (__bcc_con_init)
/home/fsw/rep/tasa/lib/bcc-2.2.3-gcc/bin/../sparc-gaisler-elf/bsp/leon3/leon3/mfix-ut700/libbcc.a(timer_gptimer_init.c.o)
                              /home/fsw/rep/tasa/lib/bcc-2.2.3-gcc/bin/../sparc-gaisler-elf/bsp/leon3/leon3/mfix-ut700/crt0.S.o (__bcc_timer_init)
/home/fsw/rep/tasa/lib/bcc-2.2.3-gcc/bin/../sparc-gaisler-elf/bsp/leon3/leon3/mfix-ut700/libbcc.a(isr.c.o)
                              /home/fsw/rep/tasa/lib/bcc-2.2.3-gcc/bin/../sparc-gaisler-elf/bsp/leon3/leon3/mfix-ut700/libbcc.a(interrupt_trap_tn0018.S.o) (__bcc_isr_list)
/home/fsw/rep/tasa/lib/bcc-2.2.3-gcc/bin/../sparc-gaisler-elf/bsp/leon3/leon3/mfix-ut700/libbcc.a(int_nest.c.o)
                              /home/fsw/rep/tasa/lib/bcc-2.2.3-gcc/bin/../sparc-gaisler-elf/bsp/leon3/leon3/mfix-ut700/libbcc.a(interrupt_trap_tn0018.S.o) (__bcc_int_nest)
/home/fsw/rep/tasa/lib/bcc-2.2.3-gcc/bin/../sparc-gaisler-elf/bsp/leon3/leon3/mfix-ut700/libbcc.a(ambapp.c.o)
                              /home/fsw/rep/tasa/lib/bcc-2.2.3-gcc/bin/../sparc-gaisler-elf/bsp/leon3/leon3/mfix-ut700/libbcc.a(int_irqmp_init.c.o) (ambapp_visit)
[...]
Memory Configuration

Name             Origin             Length             Attributes
rom              0x0000000000000000 0x0000000020000000
ram              0x0000000040000000 0x0000000040000000
*default*        0x0000000000000000 0xffffffffffffffff

Linker script and memory map

LOAD /home/fsw/rep/tasa/lib/bcc-2.2.3-gcc/bin/../sparc-gaisler-elf/bsp/leon3/leon3/mfix-ut700/trap_table_mvt_tn0018.S.o
LOAD /home/fsw/rep/tasa/lib/bcc-2.2.3-gcc/bin/../sparc-gaisler-elf/bsp/leon3/leon3/mfix-ut700/crt0.S.o
LOAD /home/fsw/rep/tasa/lib/bcc-2.2.3-gcc/bin/../lib/gcc/sparc-gaisler-elf/10.2.0/leon3/mfix-ut700/crti.o
LOAD /home/fsw/rep/tasa/lib/bcc-2.2.3-gcc/bin/../lib/gcc/sparc-gaisler-elf/10.2.0/leon3/mfix-ut700/crtbegin.o
LOAD /tmp/cclsrlZs.o
                0x0000000000000000                PROVIDE (__bcc_cfg_skip_clear_bss = 0x0)

.text           0x0000000040000000     0xef50
 CREATE_OBJECT_SYMBOLS
                0x0000000040000000                __text_start = .
                0x0000000040000000                . = ALIGN (0x1000)
 *(.text.traptable)
 .text.traptable
                0x0000000040000000     0x1000 /home/fsw/rep/tasa/lib/bcc-2.2.3-gcc/bin/../sparc-gaisler-elf/bsp/leon3/leon3/mfix-ut700/trap_table_mvt_tn0018.S.o
                0x0000000040000000                __bcc_trap_table
                0x0000000040000000                __bcc_entry_point
 *(.text .text.*)
 .text          0x0000000040001000        0x0 /home/fsw/rep/tasa/lib/bcc-2.2.3-gcc/bin/../sparc-gaisler-elf/bsp/leon3/leon3/mfix-ut700/trap_table_mvt_tn0018.S.o
 .text          0x0000000040001000       0xc8 /home/fsw/rep/tasa/lib/bcc-2.2.3-gcc/bin/../sparc-gaisler-elf/bsp/leon3/leon3/mfix-ut700/crt0.S.o
                0x0000000040001000                __bcc_crt0
 .text          0x00000000400010c8        0x0 /home/fsw/rep/tasa/lib/bcc-2.2.3-gcc/bin/../lib/gcc/sparc-gaisler-elf/10.2.0/leon3/mfix-ut700/crti.o
 .text          0x00000000400010c8      0x184 /home/fsw/rep/tasa/lib/bcc-2.2.3-gcc/bin/../lib/gcc/sparc-gaisler-elf/10.2.0/leon3/mfix-ut700/crtbegin.o
 .text          0x000000004000124c        0x0 /tmp/cclsrlZs.o
 .text.startup  0x000000004000124c      0x14c /tmp/cclsrlZs.o
                0x000000004000124c                main
 .text          0x0000000040001398       0x90 /home/fsw/rep/tasa/lib/bcc-2.2.3-gcc/bin/../sparc-gaisler-elf/bsp/leon3/leon3/mfix-ut700/libbcc.a(reset_trap_mvt.S.o)
                0x0000000040001398                __bcc_trap_reset_mvt
 .text          0x0000000040001428       0xb0 /home/fsw/rep/tasa/lib/bcc-2.2.3-gcc/bin/../sparc-gaisler-elf/bsp/leon3/leon3/mfix-ut700/libbcc.a(window_trap.S.o)
                0x0000000040001428                __bcc_trap_window_overflow
                0x0000000040001478                __bcc_trap_window_underflow
 .text          0x00000000400014d8       0x8c /home/fsw/rep/tasa/lib/bcc-2.2.3-gcc/bin/../sparc-gaisler-elf/bsp/leon3/leon3/mfix-ut700/libbcc.a(flush_windows_trap.S.o)
                0x00000000400014d8                __bcc_trap_flush_windows
 .text          0x0000000040001564       0x2c /home/fsw/rep/tasa/lib/bcc-2.2.3-gcc/bin/../sparc-gaisler-elf/bsp/leon3/leon3/mfix-ut700/libbcc.a(sw_trap_set_pil.S.o)
                0x0000000040001564                __bcc_trap_sw_set_pil
 .text          0x0000000040001590        0x8 /home/fsw/rep/tasa/lib/bcc-2.2.3-gcc/bin/../sparc-gaisler-elf/bsp/leon3/leon3/mfix-ut700/libbcc.a(init.S.o)
                0x0000000040001590                __bcc_init50
                0x0000000040001590                __bcc_init40
                0x0000000040001590                __bcc_init70
                0x0000000040001590                __bcc_init60
 .text          0x0000000040001598       0x98 /home/fsw/rep/tasa/lib/bcc-2.2.3-gcc/bin/../sparc-gaisler-elf/bsp/leon3/leon3/mfix-ut700/libbcc.a(leon_info.S.o)
                0x0000000040001598                __bcc_get_leon_info
                0x0000000040001620                bcc_get_cpuid
 .text          0x0000000040001630       0x2c /home/fsw/rep/tasa/lib/bcc-2.2.3-gcc/bin/../sparc-gaisler-elf/bsp/leon3/leon3/mfix-ut700/libbcc.a(dwzero.S.o)
                0x0000000040001630                bcc_dwzero
 .text          0x000000004000165c       0x5c /home/fsw/rep/tasa/lib/bcc-2.2.3-gcc/bin/../sparc-gaisler-elf/bsp/leon3/leon3/mfix-ut700/libbcc.a(copy_data.c.o)
                0x000000004000165c                __bcc_copy_data
 .text          0x00000000400016b8        0x0 /home/fsw/rep/tasa/lib/bcc-2.2.3-gcc/bin/../sparc-gaisler-elf/bsp/leon3/leon3/mfix-ut700/libbcc.a(argv.c.o)
 *fill*         0x00000000400016b8        0x8 
 .text          0x00000000400016c0      0x200 /home/fsw/rep/tasa/lib/bcc-2.2.3-gcc/bin/../sparc-gaisler-elf/bsp/leon3/leon3/mfix-ut700/libbcc.a(interrupt_trap_tn0018.S.o)
                0x00000000400016c0                __bcc_trap_interrupt_svt_tn0018
                0x00000000400016c4                __bcc_trap_interrupt_tn0018
 .text          0x00000000400018c0       0x48 /home/fsw/rep/tasa/lib/bcc-2.2.3-gcc/bin/../sparc-gaisler-elf/bsp/leon3/leon3/mfix-ut700/libbcc.a(int_irqmp_get_source.c.o)
                0x00000000400018c0                __bcc_int_get_source
 .text          0x0000000040001908       0x9c /home/fsw/rep/tasa/lib/bcc-2.2.3-gcc/bin/../sparc-gaisler-elf/bsp/leon3/leon3/mfix-ut700/libbcc.a(int_irqmp_mp.c.o)
                0x0000000040001908                bcc_send_interrupt
                0x0000000040001944                bcc_get_cpu_count
                0x0000000040001970                bcc_start_processor
 .text          0x00000000400019a4      0x1c0 /home/fsw/rep/tasa/lib/bcc-2.2.3-gcc/bin/../sparc-gaisler-elf/bsp/leon3/leon3/mfix-ut700/libbcc.a(int_irqmp_init.c.o)
                0x00000000400019a4                __bcc_int_init
 .text          0x0000000040001b64       0x50 /home/fsw/rep/tasa/lib/bcc-2.2.3-gcc/bin/../sparc-gaisler-elf/bsp/leon3/leon3/mfix-ut700/libbcc.a(con_apbuart_init.c.o)
                0x0000000040001b64                __bcc_con_init
 .text          0x0000000040001bb4       0x6c /home/fsw/rep/tasa/lib/bcc-2.2.3-gcc/bin/../sparc-gaisler-elf/bsp/leon3/leon3/mfix-ut700/libbcc.a(timer_gptimer_init.c.o)
                0x0000000040001bb4                __bcc_timer_init
 .text          0x0000000040001c20        0x0 /home/fsw/rep/tasa/lib/bcc-2.2.3-gcc/bin/../sparc-gaisler-elf/bsp/leon3/leon3/mfix-ut700/libbcc.a(isr.c.o)
 .text          0x0000000040001c20        0x0 /home/fsw/rep/tasa/lib/bcc-2.2.3-gcc/bin/../sparc-gaisler-elf/bsp/leon3/leon3/mfix-ut700/libbcc.a(int_nest.c.o)
 .text          0x0000000040001c20      0x744 /home/fsw/rep/tasa/lib/bcc-2.2.3-gcc/bin/../sparc-gaisler-elf/bsp/leon3/leon3/mfix-ut700/libbcc.a(ambapp.c.o)
                0x0000000040001c20                ambapp_get_ahbinfo
                0x00000000400022a4                ambapp_get_apbinfo
                0x000000004000232c                ambapp_visit
 .text          0x0000000040002364       0x74 /home/fsw/rep/tasa/lib/bcc-2.2.3-gcc/bin/../sparc-gaisler-elf/bsp/leon3/leon3/mfix-ut700/libbcc.a(ambapp_findfirst_fn.c.o)
                0x0000000040002364                ambapp_findfirst_fn
 .text          0x00000000400023d8        0x0 /home/fsw/rep/tasa/lib/bcc-2.2.3-gcc/bin/../sparc-gaisler-elf/bsp/leon3/leon3/mfix-ut700/libbcc.a(int_irqmp_handle.c.o)
 .text          0x00000000400023d8        0x0 /home/fsw/rep/tasa/lib/bcc-2.2.3-gcc/bin/../sparc-gaisler-elf/bsp/leon3/leon3/mfix-ut700/libbcc.a(con_handle.c.o)
 .text          0x00000000400023d8        0x0 /home/fsw/rep/tasa/lib/bcc-2.2.3-gcc/bin/../sparc-gaisler-elf/bsp/leon3/leon3/mfix-ut700/libbcc.a(timer_handle.c.o)
 .text          0x00000000400023d8       0x1c /home/fsw/rep/tasa/lib/bcc-2.2.3-gcc/bin/../lib/gcc/sparc-gaisler-elf/10.2.0/../../../../sparc-gaisler-elf/lib/leon3/mfix-ut700/libc.a(lib_a-atexit.o)
                0x00000000400023d8                atexit
 .text          0x00000000400023f4       0x3c /home/fsw/rep/tasa/lib/bcc-2.2.3-gcc/bin/../lib/gcc/sparc-gaisler-elf/10.2.0/../../../../sparc-gaisler-elf/lib/leon3/mfix-ut700/libc.a(lib_a-exit.o)
                0x00000000400023f4                exit
 .text          0x0000000040002430        0x0 /home/fsw/rep/tasa/lib/bcc-2.2.3-gcc/bin/../lib/gcc/sparc-gaisler-elf/10.2.0/../../../../sparc-gaisler-elf/lib/leon3/mfix-ut700/libc.a(lib_a-impure.o)
 .text          0x0000000040002430      0x1bc /home/fsw/rep/tasa/lib/bcc-2.2.3-gcc/bin/../lib/gcc/sparc-gaisler-elf/10.2.0/../../../../sparc-gaisler-elf/lib/leon3/mfix-ut700/libc.a(lib_a-memcpy.o)
                0x0000000040002430                memcpy
 .text          0x00000000400025ec      0x104 /home/fsw/rep/tasa/lib/bcc-2.2.3-gcc/bin/../lib/gcc/sparc-gaisler-elf/10.2.0/../../../../sparc-gaisler-elf/lib/leon3/mfix-ut700/libc.a(lib_a-printf.o)
                0x00000000400025ec                _printf_r
                0x0000000040002668                printf
 .text          0x00000000400026f0       0x88 /home/fsw/rep/tasa/lib/bcc-2.2.3-gcc/bin/../lib/gcc/sparc-gaisler-elf/10.2.0/../../../../sparc-gaisler-elf/lib/leon3/mfix-ut700/libc.a(lib_a-putchar.o)
                0x00000000400026f0                _putchar_r
                0x0000000040002730                putchar
 .text          0x0000000040002778      0x270 /home/fsw/rep/tasa/lib/bcc-2.2.3-gcc/bin/../lib/gcc/sparc-gaisler-elf/10.2.0/../../../../sparc-gaisler-elf/lib/leon3/mfix-ut700/libc.a(lib_a-puts.o)
                0x0000000040002778                _puts_r
                0x00000000400028ac                puts
 .text          0x00000000400029e8       0xa8 /home/fsw/rep/tasa/lib/bcc-2.2.3-gcc/bin/../lib/gcc/sparc-gaisler-elf/10.2.0/../../../../sparc-gaisler-elf/lib/leon3/mfix-ut700/libc.a(lib_a-strlen.o)
                0x00000000400029e8                strlen
 .text          0x0000000040002a90     0x2eec /home/fsw/rep/tasa/lib/bcc-2.2.3-gcc/bin/../lib/gcc/sparc-gaisler-elf/10.2.0/../../../../sparc-gaisler-elf/lib/leon3/mfix-ut700/libc.a(lib_a-vfprintf.o)
                0x0000000040002bfc                _vfprintf_r
                0x00000000400058a4                vfprintf
 .text          0x000000004000597c      0x1cc /home/fsw/rep/tasa/lib/bcc-2.2.3-gcc/bin/../lib/gcc/sparc-gaisler-elf/10.2.0/../../../../sparc-gaisler-elf/lib/leon3/mfix-ut700/libc.a(lib_a-wsetup.o)
                0x000000004000597c                __swsetup_r
 .text          0x0000000040005b48      0x170 /home/fsw/rep/tasa/lib/bcc-2.2.3-gcc/bin/../lib/gcc/sparc-gaisler-elf/10.2.0/../../../../sparc-gaisler-elf/lib/leon3/mfix-ut700/libc.a(lib_a-__atexit.o)
                0x0000000040005b48                __register_exitproc
 .text          0x0000000040005cb8      0x2bc /home/fsw/rep/tasa/lib/bcc-2.2.3-gcc/bin/../lib/gcc/sparc-gaisler-elf/10.2.0/../../../../sparc-gaisler-elf/lib/leon3/mfix-ut700/libc.a(lib_a-__call_atexit.o)
                0x0000000040005cb8                __call_exitprocs
 .text          0x0000000040005f74     0x14fc /home/fsw/rep/tasa/lib/bcc-2.2.3-gcc/bin/../lib/gcc/sparc-gaisler-elf/10.2.0/../../../../sparc-gaisler-elf/lib/leon3/mfix-ut700/libc.a(lib_a-dtoa.o)
                0x0000000040006168                _dtoa_r
 .text          0x0000000040007470      0x3f4 /home/fsw/rep/tasa/lib/bcc-2.2.3-gcc/bin/../lib/gcc/sparc-gaisler-elf/10.2.0/../../../../sparc-gaisler-elf/lib/leon3/mfix-ut700/libc.a(lib_a-fflush.o)
                0x0000000040007470                __sflush_r
                0x00000000400076e4                _fflush_r
                0x0000000040007784                fflush
 .text          0x0000000040007864      0x394 /home/fsw/rep/tasa/lib/bcc-2.2.3-gcc/bin/../lib/gcc/sparc-gaisler-elf/10.2.0/../../../../sparc-gaisler-elf/lib/leon3/mfix-ut700/libc.a(lib_a-findfp.o)
                0x0000000040007864                _cleanup_r
                0x0000000040007878                __sfmoreglue
                0x00000000400078c0                __sfp
                0x0000000040007bb8                _cleanup
                0x0000000040007bd4                __sinit
 .text          0x0000000040007bf8      0x424 /home/fsw/rep/tasa/lib/bcc-2.2.3-gcc/bin/../lib/gcc/sparc-gaisler-elf/10.2.0/../../../../sparc-gaisler-elf/lib/leon3/mfix-ut700/libc.a(lib_a-freer.o)
                0x0000000040007bf8                _malloc_trim_r
                0x0000000040007cec                _free_r
 .text          0x000000004000801c      0x50c /home/fsw/rep/tasa/lib/bcc-2.2.3-gcc/bin/../lib/gcc/sparc-gaisler-elf/10.2.0/../../../../sparc-gaisler-elf/lib/leon3/mfix-ut700/libc.a(lib_a-fvwrite.o)
                0x000000004000801c                __sfvwrite_r
 .text          0x0000000040008528       0xe0 /home/fsw/rep/tasa/lib/bcc-2.2.3-gcc/bin/../lib/gcc/sparc-gaisler-elf/10.2.0/../../../../sparc-gaisler-elf/lib/leon3/mfix-ut700/libc.a(lib_a-fwalk.o)
                0x0000000040008528                _fwalk
                0x0000000040008598                _fwalk_reent
 .text          0x0000000040008608       0x60 /home/fsw/rep/tasa/lib/bcc-2.2.3-gcc/bin/../lib/gcc/sparc-gaisler-elf/10.2.0/../../../../sparc-gaisler-elf/lib/leon3/mfix-ut700/libc.a(lib_a-localeconv.o)
                0x0000000040008608                __localeconv_l
                0x0000000040008610                _localeconv_r
                0x000000004000863c                localeconv
 .text          0x0000000040008668      0x1f8 /home/fsw/rep/tasa/lib/bcc-2.2.3-gcc/bin/../lib/gcc/sparc-gaisler-elf/10.2.0/../../../../sparc-gaisler-elf/lib/leon3/mfix-ut700/libc.a(lib_a-makebuf.o)
                0x0000000040008668                __smakebuf_r
                0x00000000400087d8                __swhatbuf_r
 .text          0x0000000040008860       0x30 /home/fsw/rep/tasa/lib/bcc-2.2.3-gcc/bin/../lib/gcc/sparc-gaisler-elf/10.2.0/../../../../sparc-gaisler-elf/lib/leon3/mfix-ut700/libc.a(lib_a-malloc.o)
                0x0000000040008860                malloc
                0x0000000040008878                free
 .text          0x0000000040008890      0x82c /home/fsw/rep/tasa/lib/bcc-2.2.3-gcc/bin/../lib/gcc/sparc-gaisler-elf/10.2.0/../../../../sparc-gaisler-elf/lib/leon3/mfix-ut700/libc.a(lib_a-mallocr.o)
                0x0000000040008890                _malloc_r
 .text          0x00000000400090bc       0xf8 /home/fsw/rep/tasa/lib/bcc-2.2.3-gcc/bin/../lib/gcc/sparc-gaisler-elf/10.2.0/../../../../sparc-gaisler-elf/lib/leon3/mfix-ut700/libc.a(lib_a-memchr.o)
                0x00000000400090bc                memchr
 .text          0x00000000400091b4      0x210 /home/fsw/rep/tasa/lib/bcc-2.2.3-gcc/bin/../lib/gcc/sparc-gaisler-elf/10.2.0/../../../../sparc-gaisler-elf/lib/leon3/mfix-ut700/libc.a(lib_a-memmove.o)
                0x00000000400091b4                memmove
 .text          0x00000000400093c4      0x134 /home/fsw/rep/tasa/lib/bcc-2.2.3-gcc/bin/../lib/gcc/sparc-gaisler-elf/10.2.0/../../../../sparc-gaisler-elf/lib/leon3/mfix-ut700/libc.a(lib_a-memset.o)
                0x00000000400093c4                memset
 .text          0x00000000400094f8       0x10 /home/fsw/rep/tasa/lib/bcc-2.2.3-gcc/bin/../lib/gcc/sparc-gaisler-elf/10.2.0/../../../../sparc-gaisler-elf/lib/leon3/mfix-ut700/libc.a(lib_a-mlock.o)
                0x00000000400094f8                __malloc_lock
                0x0000000040009500                __malloc_unlock
 .text          0x0000000040009508     0x1724 /home/fsw/rep/tasa/lib/bcc-2.2.3-gcc/bin/../lib/gcc/sparc-gaisler-elf/10.2.0/../../../../sparc-gaisler-elf/lib/leon3/mfix-ut700/libc.a(lib_a-mprec.o)
                0x0000000040009508                _Balloc
                0x00000000400095dc                _Bfree
                0x0000000040009640                __multadd
                0x0000000040009758                __s2b
                0x0000000040009844                __hi0bits
                0x00000000400098d4                __lo0bits
                0x00000000400099b0                __i2b
                0x0000000040009aa0                __multiply
                0x0000000040009cd0                __pow5mult
                0x0000000040009e68                __lshift
                0x000000004000a030                __mcmp
                0x000000004000a098                __mdiff
                0x000000004000a2b8                __ulp
                0x000000004000a348                __b2d
                0x000000004000a4e8                __d2b
                0x000000004000a8c4                __ratio
                0x000000004000aae4                _mprec_log10
                0x000000004000ab24                __copybits
                0x000000004000aba8                __any_on
 .text          0x000000004000ac2c      0x1d4 /home/fsw/rep/tasa/lib/bcc-2.2.3-gcc/bin/../lib/gcc/sparc-gaisler-elf/10.2.0/../../../../sparc-gaisler-elf/lib/leon3/mfix-ut700/libc.a(lib_a-putc.o)
                0x000000004000ac2c                _putc_r
                0x000000004000ad0c                putc
 .text          0x000000004000ae00      0x53c /home/fsw/rep/tasa/lib/bcc-2.2.3-gcc/bin/../lib/gcc/sparc-gaisler-elf/10.2.0/../../../../sparc-gaisler-elf/lib/leon3/mfix-ut700/libc.a(lib_a-reallocr.o)
                0x000000004000ae00                _realloc_r
 .text          0x000000004000b33c       0x98 /home/fsw/rep/tasa/lib/bcc-2.2.3-gcc/bin/../lib/gcc/sparc-gaisler-elf/10.2.0/../../../../sparc-gaisler-elf/lib/leon3/mfix-ut700/libc.a(lib_a-s_frexp.o)
                0x000000004000b33c                frexp
 .text          0x000000004000b3d4       0x40 /home/fsw/rep/tasa/lib/bcc-2.2.3-gcc/bin/../lib/gcc/sparc-gaisler-elf/10.2.0/../../../../sparc-gaisler-elf/lib/leon3/mfix-ut700/libc.a(lib_a-sbrkr.o)
                0x000000004000b3d4                _sbrk_r
 .text          0x000000004000b414      0x118 /home/fsw/rep/tasa/lib/bcc-2.2.3-gcc/bin/../lib/gcc/sparc-gaisler-elf/10.2.0/../../../../sparc-gaisler-elf/lib/leon3/mfix-ut700/libc.a(lib_a-stdio.o)
                0x000000004000b414                __sread
                0x000000004000b460                __seofread
                0x000000004000b468                __swrite
                0x000000004000b4c4                __sseek
                0x000000004000b51c                __sclose
 .text          0x000000004000b52c      0x1c0 /home/fsw/rep/tasa/lib/bcc-2.2.3-gcc/bin/../lib/gcc/sparc-gaisler-elf/10.2.0/../../../../sparc-gaisler-elf/lib/leon3/mfix-ut700/libc.a(lib_a-strncpy.o)
                0x000000004000b52c                strncpy
 .text          0x000000004000b6ec     0x1f70 /home/fsw/rep/tasa/lib/bcc-2.2.3-gcc/bin/../lib/gcc/sparc-gaisler-elf/10.2.0/../../../../sparc-gaisler-elf/lib/leon3/mfix-ut700/libc.a(lib_a-vfiprintf.o)
                0x000000004000b858                __sprint_r
                0x000000004000b924                _vfiprintf_r
                0x000000004000d584                vfiprintf
 .text          0x000000004000d65c      0x35c /home/fsw/rep/tasa/lib/bcc-2.2.3-gcc/bin/../lib/gcc/sparc-gaisler-elf/10.2.0/../../../../sparc-gaisler-elf/lib/leon3/mfix-ut700/libc.a(lib_a-wbuf.o)
                0x000000004000d65c                __swbuf_r
                0x000000004000d804                __swbuf
 .text          0x000000004000d9b8       0x48 /home/fsw/rep/tasa/lib/bcc-2.2.3-gcc/bin/../lib/gcc/sparc-gaisler-elf/10.2.0/../../../../sparc-gaisler-elf/lib/leon3/mfix-ut700/libc.a(lib_a-writer.o)
                0x000000004000d9b8                _write_r
 .text          0x000000004000da00       0x98 /home/fsw/rep/tasa/lib/bcc-2.2.3-gcc/bin/../lib/gcc/sparc-gaisler-elf/10.2.0/../../../../sparc-gaisler-elf/lib/leon3/mfix-ut700/libc.a(lib_a-callocr.o)
                0x000000004000da00                _calloc_r
 .text          0x000000004000da98       0x40 /home/fsw/rep/tasa/lib/bcc-2.2.3-gcc/bin/../lib/gcc/sparc-gaisler-elf/10.2.0/../../../../sparc-gaisler-elf/lib/leon3/mfix-ut700/libc.a(lib_a-closer.o)
                0x000000004000da98                _close_r
 .text          0x000000004000dad8      0x294 /home/fsw/rep/tasa/lib/bcc-2.2.3-gcc/bin/../lib/gcc/sparc-gaisler-elf/10.2.0/../../../../sparc-gaisler-elf/lib/leon3/mfix-ut700/libc.a(lib_a-fclose.o)
                0x000000004000dad8                _fclose_r
                0x000000004000dc20                fclose
 .text          0x000000004000dd6c      0x1e0 /home/fsw/rep/tasa/lib/bcc-2.2.3-gcc/bin/../lib/gcc/sparc-gaisler-elf/10.2.0/../../../../sparc-gaisler-elf/lib/leon3/mfix-ut700/libc.a(lib_a-fputwc.o)
                0x000000004000dd6c                __fputwc
                0x000000004000de60                _fputwc_r
                0x000000004000de90                fputwc
 .text          0x000000004000df4c       0x44 /home/fsw/rep/tasa/lib/bcc-2.2.3-gcc/bin/../lib/gcc/sparc-gaisler-elf/10.2.0/../../../../sparc-gaisler-elf/lib/leon3/mfix-ut700/libc.a(lib_a-fstatr.o)
                0x000000004000df4c                _fstat_r
 .text          0x000000004000df90       0x40 /home/fsw/rep/tasa/lib/bcc-2.2.3-gcc/bin/../lib/gcc/sparc-gaisler-elf/10.2.0/../../../../sparc-gaisler-elf/lib/leon3/mfix-ut700/libc.a(lib_a-isattyr.o)
                0x000000004000df90                _isatty_r
 .text          0x000000004000dfd0      0x148 /home/fsw/rep/tasa/lib/bcc-2.2.3-gcc/bin/../lib/gcc/sparc-gaisler-elf/10.2.0/../../../../sparc-gaisler-elf/lib/leon3/mfix-ut700/libc.a(lib_a-locale.o)
                0x000000004000dfd0                _setlocale_r
                0x000000004000e044                __locale_mb_cur_max
                0x000000004000e070                __locale_ctype_ptr_l
                0x000000004000e078                __locale_ctype_ptr
                0x000000004000e0a4                setlocale
 .text          0x000000004000e118       0x48 /home/fsw/rep/tasa/lib/bcc-2.2.3-gcc/bin/../lib/gcc/sparc-gaisler-elf/10.2.0/../../../../sparc-gaisler-elf/lib/leon3/mfix-ut700/libc.a(lib_a-lseekr.o)
                0x000000004000e118                _lseek_r
 .text          0x000000004000e160       0xb8 /home/fsw/rep/tasa/lib/bcc-2.2.3-gcc/bin/../lib/gcc/sparc-gaisler-elf/10.2.0/../../../../sparc-gaisler-elf/lib/leon3/mfix-ut700/libc.a(lib_a-mbtowc_r.o)
                0x000000004000e160                _mbtowc_r
                0x000000004000e1c4                __ascii_mbtowc
 .text          0x000000004000e218       0x48 /home/fsw/rep/tasa/lib/bcc-2.2.3-gcc/bin/../lib/gcc/sparc-gaisler-elf/10.2.0/../../../../sparc-gaisler-elf/lib/leon3/mfix-ut700/libc.a(lib_a-readr.o)
                0x000000004000e218                _read_r
 .text          0x000000004000e260      0x31c /home/fsw/rep/tasa/lib/bcc-2.2.3-gcc/bin/../lib/gcc/sparc-gaisler-elf/10.2.0/../../../../sparc-gaisler-elf/lib/leon3/mfix-ut700/libc.a(lib_a-reent.o)
                0x000000004000e260                cleanup_glue
                0x000000004000e2d8                _reclaim_reent
 .text          0x000000004000e57c       0xc8 /home/fsw/rep/tasa/lib/bcc-2.2.3-gcc/bin/../lib/gcc/sparc-gaisler-elf/10.2.0/../../../../sparc-gaisler-elf/lib/leon3/mfix-ut700/libc.a(lib_a-strcmp.o)
                0x000000004000e57c                strcmp
 .text          0x000000004000e644      0x140 /home/fsw/rep/tasa/lib/bcc-2.2.3-gcc/bin/../lib/gcc/sparc-gaisler-elf/10.2.0/../../../../sparc-gaisler-elf/lib/leon3/mfix-ut700/libc.a(lib_a-wcrtomb.o)
                0x000000004000e644                _wcrtomb_r
                0x000000004000e6ec                wcrtomb
 .text          0x000000004000e784       0x9c /home/fsw/rep/tasa/lib/bcc-2.2.3-gcc/bin/../lib/gcc/sparc-gaisler-elf/10.2.0/../../../../sparc-gaisler-elf/lib/leon3/mfix-ut700/libc.a(lib_a-wctomb_r.o)
                0x000000004000e784                _wctomb_r
                0x000000004000e7e0                __ascii_wctomb
 .text          0x000000004000e820        0x0 /home/fsw/rep/tasa/lib/bcc-2.2.3-gcc/bin/../lib/gcc/sparc-gaisler-elf/10.2.0/../../../../sparc-gaisler-elf/lib/leon3/mfix-ut700/libc.a(lib_a-ctype_.o)
 .text          0x000000004000e820       0x10 /home/fsw/rep/tasa/lib/bcc-2.2.3-gcc/bin/../sparc-gaisler-elf/bsp/leon3/leon3/mfix-ut700/libbcc.a(_exit.S.o)
                0x000000004000e820                _exit
 .text          0x000000004000e830       0x4c /home/fsw/rep/tasa/lib/bcc-2.2.3-gcc/bin/../sparc-gaisler-elf/bsp/leon3/leon3/mfix-ut700/libbcc.a(read.c.o)
                0x000000004000e830                read
 .text          0x000000004000e87c       0xb0 /home/fsw/rep/tasa/lib/bcc-2.2.3-gcc/bin/../sparc-gaisler-elf/bsp/leon3/leon3/mfix-ut700/libbcc.a(sbrk.c.o)
                0x000000004000e87c                sbrk
 .text          0x000000004000e92c        0x0 /home/fsw/rep/tasa/lib/bcc-2.2.3-gcc/bin/../sparc-gaisler-elf/bsp/leon3/leon3/mfix-ut700/libbcc.a(heap.c.o)
 .text          0x000000004000e92c       0x64 /home/fsw/rep/tasa/lib/bcc-2.2.3-gcc/bin/../sparc-gaisler-elf/bsp/leon3/leon3/mfix-ut700/libbcc.a(write.c.o)
                0x000000004000e92c                write
 .text          0x000000004000e990       0x20 /home/fsw/rep/tasa/lib/bcc-2.2.3-gcc/bin/../sparc-gaisler-elf/bsp/leon3/leon3/mfix-ut700/libbcc.a(stubs.S.o)
                0x000000004000e990                execve
                0x000000004000e990                lseek
                0x000000004000e990                fstat
                0x000000004000e990                kill
                0x000000004000e990                wait
                0x000000004000e990                unlink
                0x000000004000e990                fork
                0x000000004000e990                stat
                0x000000004000e990                link
                0x000000004000e990                open
                0x000000004000e990                close
                0x000000004000e9a8                getpid
                0x000000004000e9a8                isatty
 .text          0x000000004000e9b0       0xc4 /home/fsw/rep/tasa/lib/bcc-2.2.3-gcc/bin/../sparc-gaisler-elf/bsp/leon3/leon3/mfix-ut700/libbcc.a(con_apbuart.c.o)
                0x000000004000e9b0                __bcc_con_outbyte
                0x000000004000ea40                __bcc_con_inbyte
 .text          0x000000004000ea74      0x1d0 /home/fsw/rep/tasa/lib/bcc-2.2.3-gcc/bin/../lib/gcc/sparc-gaisler-elf/10.2.0/leon3/mfix-ut700/libgcc.a(_udivdi3.o)
                0x000000004000ea74                __udivdi3
 .text          0x000000004000ec44      0x1fc /home/fsw/rep/tasa/lib/bcc-2.2.3-gcc/bin/../lib/gcc/sparc-gaisler-elf/10.2.0/leon3/mfix-ut700/libgcc.a(_umoddi3.o)
                0x000000004000ec44                __umoddi3
 .text          0x000000004000ee40        0x0 /home/fsw/rep/tasa/lib/bcc-2.2.3-gcc/bin/../lib/gcc/sparc-gaisler-elf/10.2.0/leon3/mfix-ut700/libgcc.a(_clz.o)
 .text          0x000000004000ee40       0x48 /home/fsw/rep/tasa/lib/bcc-2.2.3-gcc/bin/../lib/gcc/sparc-gaisler-elf/10.2.0/leon3/mfix-ut700/crtend.o
 .text          0x000000004000ee88        0x0 /home/fsw/rep/tasa/lib/bcc-2.2.3-gcc/bin/../lib/gcc/sparc-gaisler-elf/10.2.0/leon3/mfix-ut700/crtn.o
                0x000000004000ee90                . = ALIGN (0x10)
 *fill*         0x000000004000ee88        0x8 
 *(.eh_frame)
 .eh_frame      0x000000004000ee90        0x0 /home/fsw/rep/tasa/lib/bcc-2.2.3-gcc/bin/../lib/gcc/sparc-gaisler-elf/10.2.0/leon3/mfix-ut700/crtbegin.o
 .eh_frame      0x000000004000ee90       0x28 /home/fsw/rep/tasa/lib/bcc-2.2.3-gcc/bin/../lib/gcc/sparc-gaisler-elf/10.2.0/leon3/mfix-ut700/libgcc.a(_udivdi3.o)
 .eh_frame      0x000000004000eeb8       0x2c /home/fsw/rep/tasa/lib/bcc-2.2.3-gcc/bin/../lib/gcc/sparc-gaisler-elf/10.2.0/leon3/mfix-ut700/libgcc.a(_umoddi3.o)
 .eh_frame      0x000000004000eee4        0x4 /home/fsw/rep/tasa/lib/bcc-2.2.3-gcc/bin/../lib/gcc/sparc-gaisler-elf/10.2.0/leon3/mfix-ut700/crtend.o
                0x000000004000eef0                . = ALIGN (0x10)
 *fill*         0x000000004000eee8        0x8 
 *(.gnu.linkonce.t*)
                0x000000004000eef0                ___CTOR_LIST__ = .
                0x000000004000eef0        0x4 LONG 0x2 (((___CTOR_END__ - ___CTOR_LIST__) / 0x4) - 0x2)
 *(SORT_BY_NAME(.ctors.*))
 *(.ctors)
 .ctors         0x000000004000eef4        0x4 /home/fsw/rep/tasa/lib/bcc-2.2.3-gcc/bin/../lib/gcc/sparc-gaisler-elf/10.2.0/leon3/mfix-ut700/crtbegin.o
 .ctors         0x000000004000eef8        0x4 /home/fsw/rep/tasa/lib/bcc-2.2.3-gcc/bin/../lib/gcc/sparc-gaisler-elf/10.2.0/leon3/mfix-ut700/crtend.o
                0x000000004000eefc        0x4 LONG 0x0
                0x000000004000ef00                ___CTOR_END__ = .
                0x000000004000ef00                ___DTOR_LIST__ = .
                0x000000004000ef00        0x4 LONG 0x2 (((___DTOR_END__ - ___DTOR_LIST__) / 0x4) - 0x2)
 *(SORT_BY_NAME(.dtors.*))
 *(.dtors)
 .dtors         0x000000004000ef04        0x4 /home/fsw/rep/tasa/lib/bcc-2.2.3-gcc/bin/../lib/gcc/sparc-gaisler-elf/10.2.0/leon3/mfix-ut700/crtbegin.o
 .dtors         0x000000004000ef08        0x4 /home/fsw/rep/tasa/lib/bcc-2.2.3-gcc/bin/../lib/gcc/sparc-gaisler-elf/10.2.0/leon3/mfix-ut700/crtend.o
                0x000000004000ef08                __DTOR_END__
                0x000000004000ef0c        0x4 LONG 0x0
                0x000000004000ef10                ___DTOR_END__ = .
 *(.gnu.linkonce*)
 *(.init)
 .init          0x000000004000ef10        0x4 /home/fsw/rep/tasa/lib/bcc-2.2.3-gcc/bin/../lib/gcc/sparc-gaisler-elf/10.2.0/leon3/mfix-ut700/crti.o
                0x000000004000ef10                _init
 .init          0x000000004000ef14        0x8 /home/fsw/rep/tasa/lib/bcc-2.2.3-gcc/bin/../lib/gcc/sparc-gaisler-elf/10.2.0/leon3/mfix-ut700/crtbegin.o
 .init          0x000000004000ef1c        0x8 /home/fsw/rep/tasa/lib/bcc-2.2.3-gcc/bin/../lib/gcc/sparc-gaisler-elf/10.2.0/leon3/mfix-ut700/crtend.o
 .init          0x000000004000ef24        0xc /home/fsw/rep/tasa/lib/bcc-2.2.3-gcc/bin/../lib/gcc/sparc-gaisler-elf/10.2.0/leon3/mfix-ut700/crtn.o
 *(.fini)
 .fini          0x000000004000ef30        0x4 /home/fsw/rep/tasa/lib/bcc-2.2.3-gcc/bin/../lib/gcc/sparc-gaisler-elf/10.2.0/leon3/mfix-ut700/crti.o
                0x000000004000ef30                _fini
 .fini          0x000000004000ef34        0x8 /home/fsw/rep/tasa/lib/bcc-2.2.3-gcc/bin/../lib/gcc/sparc-gaisler-elf/10.2.0/leon3/mfix-ut700/crtbegin.o
 .fini          0x000000004000ef3c        0xc /home/fsw/rep/tasa/lib/bcc-2.2.3-gcc/bin/../lib/gcc/sparc-gaisler-elf/10.2.0/leon3/mfix-ut700/crtn.o
 *(.lit)
 *(.shdata)
                0x000000004000ef50                . = ALIGN (0x10)
 *fill*         0x000000004000ef48        0x8 
                0x000000004000ef50                __text_end = .

.gcc_except_table
 *(.gcc_except_table.*)

.rodata         0x000000004000ef50      0x740
                0x000000004000ef50                __rodata_start = .
 *(.rodata*)
 .rodata.str1.8
                0x000000004000ef50       0xcf /tmp/cclsrlZs.o
 *fill*         0x000000004000f01f        0x1 
 .rodata        0x000000004000f020        0x5 /tmp/cclsrlZs.o
 *fill*         0x000000004000f025        0x3 
 .rodata        0x000000004000f028        0x4 /home/fsw/rep/tasa/lib/bcc-2.2.3-gcc/bin/../lib/gcc/sparc-gaisler-elf/10.2.0/../../../../sparc-gaisler-elf/lib/leon3/mfix-ut700/libc.a(lib_a-impure.o)
                0x000000004000f028                _global_impure_ptr
 *fill*         0x000000004000f02c        0x4 
 .rodata.str1.8
                0x000000004000f030        0x2 /home/fsw/rep/tasa/lib/bcc-2.2.3-gcc/bin/../lib/gcc/sparc-gaisler-elf/10.2.0/../../../../sparc-gaisler-elf/lib/leon3/mfix-ut700/libc.a(lib_a-puts.o)
 *fill*         0x000000004000f032        0x6 
 .rodata.str1.8
                0x000000004000f038       0x5a /home/fsw/rep/tasa/lib/bcc-2.2.3-gcc/bin/../lib/gcc/sparc-gaisler-elf/10.2.0/../../../../sparc-gaisler-elf/lib/leon3/mfix-ut700/libc.a(lib_a-vfprintf.o)
 *fill*         0x000000004000f092        0x6 
 .rodata.cst8   0x000000004000f098       0x28 /home/fsw/rep/tasa/lib/bcc-2.2.3-gcc/bin/../lib/gcc/sparc-gaisler-elf/10.2.0/../../../../sparc-gaisler-elf/lib/leon3/mfix-ut700/libc.a(lib_a-vfprintf.o)
 .rodata        0x000000004000f0c0       0x20 /home/fsw/rep/tasa/lib/bcc-2.2.3-gcc/bin/../lib/gcc/sparc-gaisler-elf/10.2.0/../../../../sparc-gaisler-elf/lib/leon3/mfix-ut700/libc.a(lib_a-vfprintf.o)
 .rodata.str1.8
                0x000000004000f0e0       0x14 /home/fsw/rep/tasa/lib/bcc-2.2.3-gcc/bin/../lib/gcc/sparc-gaisler-elf/10.2.0/../../../../sparc-gaisler-elf/lib/leon3/mfix-ut700/libc.a(lib_a-dtoa.o)
                                         0x1a (size before relaxing)
 *fill*         0x000000004000f0f4        0x4 
 .rodata.cst8   0x000000004000f0f8       0x48 /home/fsw/rep/tasa/lib/bcc-2.2.3-gcc/bin/../lib/gcc/sparc-gaisler-elf/10.2.0/../../../../sparc-gaisler-elf/lib/leon3/mfix-ut700/libc.a(lib_a-dtoa.o)
                                         0x58 (size before relaxing)
 .rodata        0x000000004000f140       0x60 /home/fsw/rep/tasa/lib/bcc-2.2.3-gcc/bin/../lib/gcc/sparc-gaisler-elf/10.2.0/../../../../sparc-gaisler-elf/lib/leon3/mfix-ut700/libc.a(lib_a-findfp.o)
                0x000000004000f140                __sf_fake_stderr
                0x000000004000f160                __sf_fake_stdout
                0x000000004000f180                __sf_fake_stdin
 .rodata.cst8   0x000000004000f1a0       0x10 /home/fsw/rep/tasa/lib/bcc-2.2.3-gcc/bin/../lib/gcc/sparc-gaisler-elf/10.2.0/../../../../sparc-gaisler-elf/lib/leon3/mfix-ut700/libc.a(lib_a-mprec.o)
 .rodata        0x000000004000f1a0      0x128 /home/fsw/rep/tasa/lib/bcc-2.2.3-gcc/bin/../lib/gcc/sparc-gaisler-elf/10.2.0/../../../../sparc-gaisler-elf/lib/leon3/mfix-ut700/libc.a(lib_a-mprec.o)
                0x000000004000f1b0                __mprec_tinytens
                0x000000004000f1d8                __mprec_bigtens
                0x000000004000f200                __mprec_tens
 .rodata.cst8   0x000000004000f2c8        0x8 /home/fsw/rep/tasa/lib/bcc-2.2.3-gcc/bin/../lib/gcc/sparc-gaisler-elf/10.2.0/../../../../sparc-gaisler-elf/lib/leon3/mfix-ut700/libc.a(lib_a-s_frexp.o)
 .rodata.str1.8
                0x000000004000f2d0       0x37 /home/fsw/rep/tasa/lib/bcc-2.2.3-gcc/bin/../lib/gcc/sparc-gaisler-elf/10.2.0/../../../../sparc-gaisler-elf/lib/leon3/mfix-ut700/libc.a(lib_a-vfiprintf.o)
 .rodata        0x000000004000f2d0       0x20 /home/fsw/rep/tasa/lib/bcc-2.2.3-gcc/bin/../lib/gcc/sparc-gaisler-elf/10.2.0/../../../../sparc-gaisler-elf/lib/leon3/mfix-ut700/libc.a(lib_a-vfiprintf.o)
 .rodata.str1.8
                0x000000004000f2f0       0x12 /home/fsw/rep/tasa/lib/bcc-2.2.3-gcc/bin/../lib/gcc/sparc-gaisler-elf/10.2.0/../../../../sparc-gaisler-elf/lib/leon3/mfix-ut700/libc.a(lib_a-locale.o)
                                         0x1a (size before relaxing)
 *fill*         0x000000004000f302        0x6 
 .rodata        0x000000004000f308      0x288 /home/fsw/rep/tasa/lib/bcc-2.2.3-gcc/bin/../lib/gcc/sparc-gaisler-elf/10.2.0/../../../../sparc-gaisler-elf/lib/leon3/mfix-ut700/libc.a(lib_a-ctype_.o)
                0x000000004000f308                _ctype_
                0x000000004000f410                _ctype_b
 .rodata        0x000000004000f590      0x100 /home/fsw/rep/tasa/lib/bcc-2.2.3-gcc/bin/../lib/gcc/sparc-gaisler-elf/10.2.0/leon3/mfix-ut700/libgcc.a(_clz.o)
                0x000000004000f590                __clz_tab
 *(.gnu.linkonce.r*)
                0x000000004000f690                . = ALIGN (0x10)
                0x000000004000f690                __rodata_end = .

.rela.dyn       0x000000004000f690        0x0
 .rela.iplt     0x000000004000f690        0x0 /home/fsw/rep/tasa/lib/bcc-2.2.3-gcc/bin/../sparc-gaisler-elf/bsp/leon3/leon3/mfix-ut700/trap_table_mvt_tn0018.S.o
 .rela.text.traptable
                0x000000004000f690        0x0 /home/fsw/rep/tasa/lib/bcc-2.2.3-gcc/bin/../sparc-gaisler-elf/bsp/leon3/leon3/mfix-ut700/trap_table_mvt_tn0018.S.o
 .rela.text     0x000000004000f690        0x0 /home/fsw/rep/tasa/lib/bcc-2.2.3-gcc/bin/../sparc-gaisler-elf/bsp/leon3/leon3/mfix-ut700/trap_table_mvt_tn0018.S.o

.ext.data       0x000000004000f690        0x0
                0x000000004000f690                . = ALIGN (0x8)
                0x000000004000f690                __extdata_start = .
 *(.data.ext)
                0x000000004000f690                . = ALIGN (0x8)
                0x000000004000f690                __extdata_end = .
                0x000000004000f690                __extdata_start_lma = LOADADDR (.ext.data)
                0x0000000000000000                __extdata_size = SIZEOF (.ext.data)

.data           0x000000004000f690      0x608
                0x000000004000f690                . = ALIGN (0x8)
                0x000000004000f690                __data_start = .
 *(.data .data.*)
 .data          0x000000004000f690        0x0 /home/fsw/rep/tasa/lib/bcc-2.2.3-gcc/bin/../sparc-gaisler-elf/bsp/leon3/leon3/mfix-ut700/trap_table_mvt_tn0018.S.o
 .data          0x000000004000f690        0x0 /home/fsw/rep/tasa/lib/bcc-2.2.3-gcc/bin/../sparc-gaisler-elf/bsp/leon3/leon3/mfix-ut700/crt0.S.o
 .data          0x000000004000f690        0x0 /home/fsw/rep/tasa/lib/bcc-2.2.3-gcc/bin/../lib/gcc/sparc-gaisler-elf/10.2.0/leon3/mfix-ut700/crti.o
 .data          0x000000004000f690        0x4 /home/fsw/rep/tasa/lib/bcc-2.2.3-gcc/bin/../lib/gcc/sparc-gaisler-elf/10.2.0/leon3/mfix-ut700/crtbegin.o
                0x000000004000f690                __dso_handle
 .data          0x000000004000f694        0x0 /tmp/cclsrlZs.o
 .data          0x000000004000f694        0x0 /home/fsw/rep/tasa/lib/bcc-2.2.3-gcc/bin/../sparc-gaisler-elf/bsp/leon3/leon3/mfix-ut700/libbcc.a(reset_trap_mvt.S.o)
 .data          0x000000004000f694        0x0 /home/fsw/rep/tasa/lib/bcc-2.2.3-gcc/bin/../sparc-gaisler-elf/bsp/leon3/leon3/mfix-ut700/libbcc.a(window_trap.S.o)
 .data          0x000000004000f694        0x0 /home/fsw/rep/tasa/lib/bcc-2.2.3-gcc/bin/../sparc-gaisler-elf/bsp/leon3/leon3/mfix-ut700/libbcc.a(flush_windows_trap.S.o)
 .data          0x000000004000f694        0x0 /home/fsw/rep/tasa/lib/bcc-2.2.3-gcc/bin/../sparc-gaisler-elf/bsp/leon3/leon3/mfix-ut700/libbcc.a(sw_trap_set_pil.S.o)
 .data          0x000000004000f694        0x0 /home/fsw/rep/tasa/lib/bcc-2.2.3-gcc/bin/../sparc-gaisler-elf/bsp/leon3/leon3/mfix-ut700/libbcc.a(init.S.o)
 .data          0x000000004000f694       0x10 /home/fsw/rep/tasa/lib/bcc-2.2.3-gcc/bin/../sparc-gaisler-elf/bsp/leon3/leon3/mfix-ut700/libbcc.a(leon_info.S.o)
                0x000000004000f694                __bcc_leon_version
                0x000000004000f698                __bcc_nwindows_min1
                0x000000004000f69c                __bcc_nwindows
                0x000000004000f6a0                __bcc_cpuid
 .data          0x000000004000f6a4        0x0 /home/fsw/rep/tasa/lib/bcc-2.2.3-gcc/bin/../sparc-gaisler-elf/bsp/leon3/leon3/mfix-ut700/libbcc.a(dwzero.S.o)
 .data          0x000000004000f6a4        0x0 /home/fsw/rep/tasa/lib/bcc-2.2.3-gcc/bin/../sparc-gaisler-elf/bsp/leon3/leon3/mfix-ut700/libbcc.a(copy_data.c.o)
 .data          0x000000004000f6a4        0x4 /home/fsw/rep/tasa/lib/bcc-2.2.3-gcc/bin/../sparc-gaisler-elf/bsp/leon3/leon3/mfix-ut700/libbcc.a(argv.c.o)
                0x000000004000f6a4                __bcc_argvp
 .data          0x000000004000f6a8        0x0 /home/fsw/rep/tasa/lib/bcc-2.2.3-gcc/bin/../sparc-gaisler-elf/bsp/leon3/leon3/mfix-ut700/libbcc.a(interrupt_trap_tn0018.S.o)
 .data          0x000000004000f6a8        0x0 /home/fsw/rep/tasa/lib/bcc-2.2.3-gcc/bin/../sparc-gaisler-elf/bsp/leon3/leon3/mfix-ut700/libbcc.a(int_irqmp_get_source.c.o)
 .data          0x000000004000f6a8        0x0 /home/fsw/rep/tasa/lib/bcc-2.2.3-gcc/bin/../sparc-gaisler-elf/bsp/leon3/leon3/mfix-ut700/libbcc.a(int_irqmp_mp.c.o)
 .data          0x000000004000f6a8        0x0 /home/fsw/rep/tasa/lib/bcc-2.2.3-gcc/bin/../sparc-gaisler-elf/bsp/leon3/leon3/mfix-ut700/libbcc.a(int_irqmp_init.c.o)
 .data          0x000000004000f6a8        0x0 /home/fsw/rep/tasa/lib/bcc-2.2.3-gcc/bin/../sparc-gaisler-elf/bsp/leon3/leon3/mfix-ut700/libbcc.a(con_apbuart_init.c.o)
 .data          0x000000004000f6a8        0x0 /home/fsw/rep/tasa/lib/bcc-2.2.3-gcc/bin/../sparc-gaisler-elf/bsp/leon3/leon3/mfix-ut700/libbcc.a(timer_gptimer_init.c.o)
 .data          0x000000004000f6a8        0x0 /home/fsw/rep/tasa/lib/bcc-2.2.3-gcc/bin/../sparc-gaisler-elf/bsp/leon3/leon3/mfix-ut700/libbcc.a(isr.c.o)
 .data          0x000000004000f6a8       0x10 /home/fsw/rep/tasa/lib/bcc-2.2.3-gcc/bin/../sparc-gaisler-elf/bsp/leon3/leon3/mfix-ut700/libbcc.a(int_nest.c.o)
                0x000000004000f6a8                __bcc_int_nest
 .data          0x000000004000f6b8        0x0 /home/fsw/rep/tasa/lib/bcc-2.2.3-gcc/bin/../sparc-gaisler-elf/bsp/leon3/leon3/mfix-ut700/libbcc.a(ambapp.c.o)
 .data          0x000000004000f6b8        0x0 /home/fsw/rep/tasa/lib/bcc-2.2.3-gcc/bin/../sparc-gaisler-elf/bsp/leon3/leon3/mfix-ut700/libbcc.a(ambapp_findfirst_fn.c.o)
 .data          0x000000004000f6b8        0x0 /home/fsw/rep/tasa/lib/bcc-2.2.3-gcc/bin/../sparc-gaisler-elf/bsp/leon3/leon3/mfix-ut700/libbcc.a(int_irqmp_handle.c.o)
 .data          0x000000004000f6b8        0x0 /home/fsw/rep/tasa/lib/bcc-2.2.3-gcc/bin/../sparc-gaisler-elf/bsp/leon3/leon3/mfix-ut700/libbcc.a(con_handle.c.o)
 .data          0x000000004000f6b8        0x0 /home/fsw/rep/tasa/lib/bcc-2.2.3-gcc/bin/../sparc-gaisler-elf/bsp/leon3/leon3/mfix-ut700/libbcc.a(timer_handle.c.o)
 .data          0x000000004000f6b8        0x0 /home/fsw/rep/tasa/lib/bcc-2.2.3-gcc/bin/../lib/gcc/sparc-gaisler-elf/10.2.0/../../../../sparc-gaisler-elf/lib/leon3/mfix-ut700/libc.a(lib_a-atexit.o)
 .data          0x000000004000f6b8        0x0 /home/fsw/rep/tasa/lib/bcc-2.2.3-gcc/bin/../lib/gcc/sparc-gaisler-elf/10.2.0/../../../../sparc-gaisler-elf/lib/leon3/mfix-ut700/libc.a(lib_a-exit.o)
 .data          0x000000004000f6b8       0x64 /home/fsw/rep/tasa/lib/bcc-2.2.3-gcc/bin/../lib/gcc/sparc-gaisler-elf/10.2.0/../../../../sparc-gaisler-elf/lib/leon3/mfix-ut700/libc.a(lib_a-impure.o)
                0x000000004000f6b8                _impure_ptr
 .data          0x000000004000f71c        0x0 /home/fsw/rep/tasa/lib/bcc-2.2.3-gcc/bin/../lib/gcc/sparc-gaisler-elf/10.2.0/../../../../sparc-gaisler-elf/lib/leon3/mfix-ut700/libc.a(lib_a-memcpy.o)
 .data          0x000000004000f71c        0x0 /home/fsw/rep/tasa/lib/bcc-2.2.3-gcc/bin/../lib/gcc/sparc-gaisler-elf/10.2.0/../../../../sparc-gaisler-elf/lib/leon3/mfix-ut700/libc.a(lib_a-printf.o)
 .data          0x000000004000f71c        0x0 /home/fsw/rep/tasa/lib/bcc-2.2.3-gcc/bin/../lib/gcc/sparc-gaisler-elf/10.2.0/../../../../sparc-gaisler-elf/lib/leon3/mfix-ut700/libc.a(lib_a-putchar.o)
 .data          0x000000004000f71c        0x0 /home/fsw/rep/tasa/lib/bcc-2.2.3-gcc/bin/../lib/gcc/sparc-gaisler-elf/10.2.0/../../../../sparc-gaisler-elf/lib/leon3/mfix-ut700/libc.a(lib_a-puts.o)
 .data          0x000000004000f71c        0x0 /home/fsw/rep/tasa/lib/bcc-2.2.3-gcc/bin/../lib/gcc/sparc-gaisler-elf/10.2.0/../../../../sparc-gaisler-elf/lib/leon3/mfix-ut700/libc.a(lib_a-strlen.o)
 .data          0x000000004000f71c        0x0 /home/fsw/rep/tasa/lib/bcc-2.2.3-gcc/bin/../lib/gcc/sparc-gaisler-elf/10.2.0/../../../../sparc-gaisler-elf/lib/leon3/mfix-ut700/libc.a(lib_a-vfprintf.o)
 .data          0x000000004000f71c        0x0 /home/fsw/rep/tasa/lib/bcc-2.2.3-gcc/bin/../lib/gcc/sparc-gaisler-elf/10.2.0/../../../../sparc-gaisler-elf/lib/leon3/mfix-ut700/libc.a(lib_a-wsetup.o)
 .data          0x000000004000f71c        0x0 /home/fsw/rep/tasa/lib/bcc-2.2.3-gcc/bin/../lib/gcc/sparc-gaisler-elf/10.2.0/../../../../sparc-gaisler-elf/lib/leon3/mfix-ut700/libc.a(lib_a-__atexit.o)
 .data          0x000000004000f71c        0x0 /home/fsw/rep/tasa/lib/bcc-2.2.3-gcc/bin/../lib/gcc/sparc-gaisler-elf/10.2.0/../../../../sparc-gaisler-elf/lib/leon3/mfix-ut700/libc.a(lib_a-__call_atexit.o)
 .data          0x000000004000f71c        0x0 /home/fsw/rep/tasa/lib/bcc-2.2.3-gcc/bin/../lib/gcc/sparc-gaisler-elf/10.2.0/../../../../sparc-gaisler-elf/lib/leon3/mfix-ut700/libc.a(lib_a-dtoa.o)
 .data          0x000000004000f71c        0x0 /home/fsw/rep/tasa/lib/bcc-2.2.3-gcc/bin/../lib/gcc/sparc-gaisler-elf/10.2.0/../../../../sparc-gaisler-elf/lib/leon3/mfix-ut700/libc.a(lib_a-fflush.o)
 .data          0x000000004000f71c        0x0 /home/fsw/rep/tasa/lib/bcc-2.2.3-gcc/bin/../lib/gcc/sparc-gaisler-elf/10.2.0/../../../../sparc-gaisler-elf/lib/leon3/mfix-ut700/libc.a(lib_a-findfp.o)
 .data          0x000000004000f71c        0x0 /home/fsw/rep/tasa/lib/bcc-2.2.3-gcc/bin/../lib/gcc/sparc-gaisler-elf/10.2.0/../../../../sparc-gaisler-elf/lib/leon3/mfix-ut700/libc.a(lib_a-freer.o)
 .data          0x000000004000f71c        0x0 /home/fsw/rep/tasa/lib/bcc-2.2.3-gcc/bin/../lib/gcc/sparc-gaisler-elf/10.2.0/../../../../sparc-gaisler-elf/lib/leon3/mfix-ut700/libc.a(lib_a-fvwrite.o)
 .data          0x000000004000f71c        0x0 /home/fsw/rep/tasa/lib/bcc-2.2.3-gcc/bin/../lib/gcc/sparc-gaisler-elf/10.2.0/../../../../sparc-gaisler-elf/lib/leon3/mfix-ut700/libc.a(lib_a-fwalk.o)
 .data          0x000000004000f71c        0x0 /home/fsw/rep/tasa/lib/bcc-2.2.3-gcc/bin/../lib/gcc/sparc-gaisler-elf/10.2.0/../../../../sparc-gaisler-elf/lib/leon3/mfix-ut700/libc.a(lib_a-localeconv.o)
 .data          0x000000004000f71c        0x0 /home/fsw/rep/tasa/lib/bcc-2.2.3-gcc/bin/../lib/gcc/sparc-gaisler-elf/10.2.0/../../../../sparc-gaisler-elf/lib/leon3/mfix-ut700/libc.a(lib_a-makebuf.o)
 .data          0x000000004000f71c        0x0 /home/fsw/rep/tasa/lib/bcc-2.2.3-gcc/bin/../lib/gcc/sparc-gaisler-elf/10.2.0/../../../../sparc-gaisler-elf/lib/leon3/mfix-ut700/libc.a(lib_a-malloc.o)
 .data          0x000000004000f71c      0x410 /home/fsw/rep/tasa/lib/bcc-2.2.3-gcc/bin/../lib/gcc/sparc-gaisler-elf/10.2.0/../../../../sparc-gaisler-elf/lib/leon3/mfix-ut700/libc.a(lib_a-mallocr.o)
                0x000000004000f71c                __malloc_sbrk_base
                0x000000004000f720                __malloc_trim_threshold
                0x000000004000f724                __malloc_av_
 .data          0x000000004000fb2c        0x0 /home/fsw/rep/tasa/lib/bcc-2.2.3-gcc/bin/../lib/gcc/sparc-gaisler-elf/10.2.0/../../../../sparc-gaisler-elf/lib/leon3/mfix-ut700/libc.a(lib_a-memchr.o)
 .data          0x000000004000fb2c        0x0 /home/fsw/rep/tasa/lib/bcc-2.2.3-gcc/bin/../lib/gcc/sparc-gaisler-elf/10.2.0/../../../../sparc-gaisler-elf/lib/leon3/mfix-ut700/libc.a(lib_a-memmove.o)
 .data          0x000000004000fb2c        0x0 /home/fsw/rep/tasa/lib/bcc-2.2.3-gcc/bin/../lib/gcc/sparc-gaisler-elf/10.2.0/../../../../sparc-gaisler-elf/lib/leon3/mfix-ut700/libc.a(lib_a-memset.o)
 .data          0x000000004000fb2c        0x0 /home/fsw/rep/tasa/lib/bcc-2.2.3-gcc/bin/../lib/gcc/sparc-gaisler-elf/10.2.0/../../../../sparc-gaisler-elf/lib/leon3/mfix-ut700/libc.a(lib_a-mlock.o)
 .data          0x000000004000fb2c        0x0 /home/fsw/rep/tasa/lib/bcc-2.2.3-gcc/bin/../lib/gcc/sparc-gaisler-elf/10.2.0/../../../../sparc-gaisler-elf/lib/leon3/mfix-ut700/libc.a(lib_a-mprec.o)
 .data          0x000000004000fb2c        0x0 /home/fsw/rep/tasa/lib/bcc-2.2.3-gcc/bin/../lib/gcc/sparc-gaisler-elf/10.2.0/../../../../sparc-gaisler-elf/lib/leon3/mfix-ut700/libc.a(lib_a-putc.o)
 .data          0x000000004000fb2c        0x0 /home/fsw/rep/tasa/lib/bcc-2.2.3-gcc/bin/../lib/gcc/sparc-gaisler-elf/10.2.0/../../../../sparc-gaisler-elf/lib/leon3/mfix-ut700/libc.a(lib_a-reallocr.o)
 .data          0x000000004000fb2c        0x0 /home/fsw/rep/tasa/lib/bcc-2.2.3-gcc/bin/../lib/gcc/sparc-gaisler-elf/10.2.0/../../../../sparc-gaisler-elf/lib/leon3/mfix-ut700/libc.a(lib_a-s_frexp.o)
 .data          0x000000004000fb2c        0x0 /home/fsw/rep/tasa/lib/bcc-2.2.3-gcc/bin/../lib/gcc/sparc-gaisler-elf/10.2.0/../../../../sparc-gaisler-elf/lib/leon3/mfix-ut700/libc.a(lib_a-sbrkr.o)
 .data          0x000000004000fb2c        0x0 /home/fsw/rep/tasa/lib/bcc-2.2.3-gcc/bin/../lib/gcc/sparc-gaisler-elf/10.2.0/../../../../sparc-gaisler-elf/lib/leon3/mfix-ut700/libc.a(lib_a-stdio.o)
 .data          0x000000004000fb2c        0x0 /home/fsw/rep/tasa/lib/bcc-2.2.3-gcc/bin/../lib/gcc/sparc-gaisler-elf/10.2.0/../../../../sparc-gaisler-elf/lib/leon3/mfix-ut700/libc.a(lib_a-strncpy.o)
 .data          0x000000004000fb2c        0x0 /home/fsw/rep/tasa/lib/bcc-2.2.3-gcc/bin/../lib/gcc/sparc-gaisler-elf/10.2.0/../../../../sparc-gaisler-elf/lib/leon3/mfix-ut700/libc.a(lib_a-vfiprintf.o)
 .data          0x000000004000fb2c        0x0 /home/fsw/rep/tasa/lib/bcc-2.2.3-gcc/bin/../lib/gcc/sparc-gaisler-elf/10.2.0/../../../../sparc-gaisler-elf/lib/leon3/mfix-ut700/libc.a(lib_a-wbuf.o)
 .data          0x000000004000fb2c        0x0 /home/fsw/rep/tasa/lib/bcc-2.2.3-gcc/bin/../lib/gcc/sparc-gaisler-elf/10.2.0/../../../../sparc-gaisler-elf/lib/leon3/mfix-ut700/libc.a(lib_a-writer.o)
 .data          0x000000004000fb2c        0x0 /home/fsw/rep/tasa/lib/bcc-2.2.3-gcc/bin/../lib/gcc/sparc-gaisler-elf/10.2.0/../../../../sparc-gaisler-elf/lib/leon3/mfix-ut700/libc.a(lib_a-callocr.o)
 .data          0x000000004000fb2c        0x0 /home/fsw/rep/tasa/lib/bcc-2.2.3-gcc/bin/../lib/gcc/sparc-gaisler-elf/10.2.0/../../../../sparc-gaisler-elf/lib/leon3/mfix-ut700/libc.a(lib_a-closer.o)
 .data          0x000000004000fb2c        0x0 /home/fsw/rep/tasa/lib/bcc-2.2.3-gcc/bin/../lib/gcc/sparc-gaisler-elf/10.2.0/../../../../sparc-gaisler-elf/lib/leon3/mfix-ut700/libc.a(lib_a-fclose.o)
 .data          0x000000004000fb2c        0x0 /home/fsw/rep/tasa/lib/bcc-2.2.3-gcc/bin/../lib/gcc/sparc-gaisler-elf/10.2.0/../../../../sparc-gaisler-elf/lib/leon3/mfix-ut700/libc.a(lib_a-fputwc.o)
 .data          0x000000004000fb2c        0x0 /home/fsw/rep/tasa/lib/bcc-2.2.3-gcc/bin/../lib/gcc/sparc-gaisler-elf/10.2.0/../../../../sparc-gaisler-elf/lib/leon3/mfix-ut700/libc.a(lib_a-fstatr.o)
 .data          0x000000004000fb2c        0x0 /home/fsw/rep/tasa/lib/bcc-2.2.3-gcc/bin/../lib/gcc/sparc-gaisler-elf/10.2.0/../../../../sparc-gaisler-elf/lib/leon3/mfix-ut700/libc.a(lib_a-isattyr.o)
 .data          0x000000004000fb2c      0x16c /home/fsw/rep/tasa/lib/bcc-2.2.3-gcc/bin/../lib/gcc/sparc-gaisler-elf/10.2.0/../../../../sparc-gaisler-elf/lib/leon3/mfix-ut700/libc.a(lib_a-locale.o)
                0x000000004000fb2c                __global_locale
 .data          0x000000004000fc98        0x0 /home/fsw/rep/tasa/lib/bcc-2.2.3-gcc/bin/../lib/gcc/sparc-gaisler-elf/10.2.0/../../../../sparc-gaisler-elf/lib/leon3/mfix-ut700/libc.a(lib_a-lseekr.o)
 .data          0x000000004000fc98        0x0 /home/fsw/rep/tasa/lib/bcc-2.2.3-gcc/bin/../lib/gcc/sparc-gaisler-elf/10.2.0/../../../../sparc-gaisler-elf/lib/leon3/mfix-ut700/libc.a(lib_a-mbtowc_r.o)
 .data          0x000000004000fc98        0x0 /home/fsw/rep/tasa/lib/bcc-2.2.3-gcc/bin/../lib/gcc/sparc-gaisler-elf/10.2.0/../../../../sparc-gaisler-elf/lib/leon3/mfix-ut700/libc.a(lib_a-readr.o)
 .data          0x000000004000fc98        0x0 /home/fsw/rep/tasa/lib/bcc-2.2.3-gcc/bin/../lib/gcc/sparc-gaisler-elf/10.2.0/../../../../sparc-gaisler-elf/lib/leon3/mfix-ut700/libc.a(lib_a-reent.o)
 .data          0x000000004000fc98        0x0 /home/fsw/rep/tasa/lib/bcc-2.2.3-gcc/bin/../lib/gcc/sparc-gaisler-elf/10.2.0/../../../../sparc-gaisler-elf/lib/leon3/mfix-ut700/libc.a(lib_a-strcmp.o)
 .data          0x000000004000fc98        0x0 /home/fsw/rep/tasa/lib/bcc-2.2.3-gcc/bin/../lib/gcc/sparc-gaisler-elf/10.2.0/../../../../sparc-gaisler-elf/lib/leon3/mfix-ut700/libc.a(lib_a-wcrtomb.o)
 .data          0x000000004000fc98        0x0 /home/fsw/rep/tasa/lib/bcc-2.2.3-gcc/bin/../lib/gcc/sparc-gaisler-elf/10.2.0/../../../../sparc-gaisler-elf/lib/leon3/mfix-ut700/libc.a(lib_a-wctomb_r.o)
 .data          0x000000004000fc98        0x0 /home/fsw/rep/tasa/lib/bcc-2.2.3-gcc/bin/../lib/gcc/sparc-gaisler-elf/10.2.0/../../../../sparc-gaisler-elf/lib/leon3/mfix-ut700/libc.a(lib_a-ctype_.o)
 .data          0x000000004000fc98        0x0 /home/fsw/rep/tasa/lib/bcc-2.2.3-gcc/bin/../sparc-gaisler-elf/bsp/leon3/leon3/mfix-ut700/libbcc.a(_exit.S.o)
 .data          0x000000004000fc98        0x0 /home/fsw/rep/tasa/lib/bcc-2.2.3-gcc/bin/../sparc-gaisler-elf/bsp/leon3/leon3/mfix-ut700/libbcc.a(read.c.o)
 .data          0x000000004000fc98        0x0 /home/fsw/rep/tasa/lib/bcc-2.2.3-gcc/bin/../sparc-gaisler-elf/bsp/leon3/leon3/mfix-ut700/libbcc.a(sbrk.c.o)
 .data          0x000000004000fc98        0x0 /home/fsw/rep/tasa/lib/bcc-2.2.3-gcc/bin/../sparc-gaisler-elf/bsp/leon3/leon3/mfix-ut700/libbcc.a(heap.c.o)
 .data          0x000000004000fc98        0x0 /home/fsw/rep/tasa/lib/bcc-2.2.3-gcc/bin/../sparc-gaisler-elf/bsp/leon3/leon3/mfix-ut700/libbcc.a(write.c.o)
 .data          0x000000004000fc98        0x0 /home/fsw/rep/tasa/lib/bcc-2.2.3-gcc/bin/../sparc-gaisler-elf/bsp/leon3/leon3/mfix-ut700/libbcc.a(stubs.S.o)
 .data          0x000000004000fc98        0x0 /home/fsw/rep/tasa/lib/bcc-2.2.3-gcc/bin/../sparc-gaisler-elf/bsp/leon3/leon3/mfix-ut700/libbcc.a(con_apbuart.c.o)
 .data          0x000000004000fc98        0x0 /home/fsw/rep/tasa/lib/bcc-2.2.3-gcc/bin/../lib/gcc/sparc-gaisler-elf/10.2.0/leon3/mfix-ut700/libgcc.a(_udivdi3.o)
 .data          0x000000004000fc98        0x0 /home/fsw/rep/tasa/lib/bcc-2.2.3-gcc/bin/../lib/gcc/sparc-gaisler-elf/10.2.0/leon3/mfix-ut700/libgcc.a(_umoddi3.o)
 .data          0x000000004000fc98        0x0 /home/fsw/rep/tasa/lib/bcc-2.2.3-gcc/bin/../lib/gcc/sparc-gaisler-elf/10.2.0/leon3/mfix-ut700/libgcc.a(_clz.o)
 .data          0x000000004000fc98        0x0 /home/fsw/rep/tasa/lib/bcc-2.2.3-gcc/bin/../lib/gcc/sparc-gaisler-elf/10.2.0/leon3/mfix-ut700/crtend.o
 .data          0x000000004000fc98        0x0 /home/fsw/rep/tasa/lib/bcc-2.2.3-gcc/bin/../lib/gcc/sparc-gaisler-elf/10.2.0/leon3/mfix-ut700/crtn.o
                0x000000004000fc98                . = ALIGN (0x8)
                0x000000004000fc98                __data_end = .
                0x000000004000f690                __data_start_lma = LOADADDR (.data)
                0x0000000000000608                __data_size = SIZEOF (.data)

.iplt           0x000000004000fc98        0x0
 .iplt          0x000000004000fc98        0x0 /home/fsw/rep/tasa/lib/bcc-2.2.3-gcc/bin/../sparc-gaisler-elf/bsp/leon3/leon3/mfix-ut700/trap_table_mvt_tn0018.S.o

.tm_clone_table
                0x000000004000fc98        0x0
 .tm_clone_table
                0x000000004000fc98        0x0 /home/fsw/rep/tasa/lib/bcc-2.2.3-gcc/bin/../lib/gcc/sparc-gaisler-elf/10.2.0/leon3/mfix-ut700/crtbegin.o
 .tm_clone_table
                0x000000004000fc98        0x0 /home/fsw/rep/tasa/lib/bcc-2.2.3-gcc/bin/../lib/gcc/sparc-gaisler-elf/10.2.0/leon3/mfix-ut700/crtend.o

.bss            0x000000004000fc98      0x1c0
                0x000000004000fc98                . = ALIGN (0x8)
                0x000000004000fc98                __bss_start = .
 *(.bss .bss.*)
 .bss           0x000000004000fc98        0x0 /home/fsw/rep/tasa/lib/bcc-2.2.3-gcc/bin/../sparc-gaisler-elf/bsp/leon3/leon3/mfix-ut700/trap_table_mvt_tn0018.S.o
 .bss           0x000000004000fc98        0x4 /home/fsw/rep/tasa/lib/bcc-2.2.3-gcc/bin/../sparc-gaisler-elf/bsp/leon3/leon3/mfix-ut700/crt0.S.o
                0x000000004000fc98                __bcc_sp_at_entry
 .bss           0x000000004000fc9c        0x0 /home/fsw/rep/tasa/lib/bcc-2.2.3-gcc/bin/../lib/gcc/sparc-gaisler-elf/10.2.0/leon3/mfix-ut700/crti.o
 .bss           0x000000004000fc9c       0x20 /home/fsw/rep/tasa/lib/bcc-2.2.3-gcc/bin/../lib/gcc/sparc-gaisler-elf/10.2.0/leon3/mfix-ut700/crtbegin.o
 .bss           0x000000004000fcbc        0x0 /tmp/cclsrlZs.o
 .bss           0x000000004000fcbc        0x0 /home/fsw/rep/tasa/lib/bcc-2.2.3-gcc/bin/../sparc-gaisler-elf/bsp/leon3/leon3/mfix-ut700/libbcc.a(reset_trap_mvt.S.o)
 .bss           0x000000004000fcbc        0x0 /home/fsw/rep/tasa/lib/bcc-2.2.3-gcc/bin/../sparc-gaisler-elf/bsp/leon3/leon3/mfix-ut700/libbcc.a(window_trap.S.o)
 *fill*         0x000000004000fcbc        0x4 
 .bss           0x000000004000fcc0       0x14 /home/fsw/rep/tasa/lib/bcc-2.2.3-gcc/bin/../sparc-gaisler-elf/bsp/leon3/leon3/mfix-ut700/libbcc.a(flush_windows_trap.S.o)
 .bss           0x000000004000fcd4        0x0 /home/fsw/rep/tasa/lib/bcc-2.2.3-gcc/bin/../sparc-gaisler-elf/bsp/leon3/leon3/mfix-ut700/libbcc.a(sw_trap_set_pil.S.o)
 .bss           0x000000004000fcd4        0x0 /home/fsw/rep/tasa/lib/bcc-2.2.3-gcc/bin/../sparc-gaisler-elf/bsp/leon3/leon3/mfix-ut700/libbcc.a(init.S.o)
 .bss           0x000000004000fcd4        0x0 /home/fsw/rep/tasa/lib/bcc-2.2.3-gcc/bin/../sparc-gaisler-elf/bsp/leon3/leon3/mfix-ut700/libbcc.a(leon_info.S.o)
 .bss           0x000000004000fcd4        0x0 /home/fsw/rep/tasa/lib/bcc-2.2.3-gcc/bin/../sparc-gaisler-elf/bsp/leon3/leon3/mfix-ut700/libbcc.a(dwzero.S.o)
 .bss           0x000000004000fcd4        0x0 /home/fsw/rep/tasa/lib/bcc-2.2.3-gcc/bin/../sparc-gaisler-elf/bsp/leon3/leon3/mfix-ut700/libbcc.a(copy_data.c.o)
 .bss           0x000000004000fcd4        0x8 /home/fsw/rep/tasa/lib/bcc-2.2.3-gcc/bin/../sparc-gaisler-elf/bsp/leon3/leon3/mfix-ut700/libbcc.a(argv.c.o)
                0x000000004000fcd8                __bcc_argc
 .bss           0x000000004000fcdc        0x0 /home/fsw/rep/tasa/lib/bcc-2.2.3-gcc/bin/../sparc-gaisler-elf/bsp/leon3/leon3/mfix-ut700/libbcc.a(interrupt_trap_tn0018.S.o)
 .bss           0x000000004000fcdc        0x0 /home/fsw/rep/tasa/lib/bcc-2.2.3-gcc/bin/../sparc-gaisler-elf/bsp/leon3/leon3/mfix-ut700/libbcc.a(int_irqmp_get_source.c.o)
 .bss           0x000000004000fcdc        0x0 /home/fsw/rep/tasa/lib/bcc-2.2.3-gcc/bin/../sparc-gaisler-elf/bsp/leon3/leon3/mfix-ut700/libbcc.a(int_irqmp_mp.c.o)
 .bss           0x000000004000fcdc        0x0 /home/fsw/rep/tasa/lib/bcc-2.2.3-gcc/bin/../sparc-gaisler-elf/bsp/leon3/leon3/mfix-ut700/libbcc.a(int_irqmp_init.c.o)
 .bss           0x000000004000fcdc        0x0 /home/fsw/rep/tasa/lib/bcc-2.2.3-gcc/bin/../sparc-gaisler-elf/bsp/leon3/leon3/mfix-ut700/libbcc.a(con_apbuart_init.c.o)
 .bss           0x000000004000fcdc        0x0 /home/fsw/rep/tasa/lib/bcc-2.2.3-gcc/bin/../sparc-gaisler-elf/bsp/leon3/leon3/mfix-ut700/libbcc.a(timer_gptimer_init.c.o)
 .bss           0x000000004000fcdc       0x80 /home/fsw/rep/tasa/lib/bcc-2.2.3-gcc/bin/../sparc-gaisler-elf/bsp/leon3/leon3/mfix-ut700/libbcc.a(isr.c.o)
                0x000000004000fcdc                __bcc_isr_list
 .bss           0x000000004000fd5c        0x0 /home/fsw/rep/tasa/lib/bcc-2.2.3-gcc/bin/../sparc-gaisler-elf/bsp/leon3/leon3/mfix-ut700/libbcc.a(int_nest.c.o)
 .bss           0x000000004000fd5c        0x0 /home/fsw/rep/tasa/lib/bcc-2.2.3-gcc/bin/../sparc-gaisler-elf/bsp/leon3/leon3/mfix-ut700/libbcc.a(ambapp.c.o)
 .bss           0x000000004000fd5c        0x0 /home/fsw/rep/tasa/lib/bcc-2.2.3-gcc/bin/../sparc-gaisler-elf/bsp/leon3/leon3/mfix-ut700/libbcc.a(ambapp_findfirst_fn.c.o)
 .bss           0x000000004000fd5c       0x10 /home/fsw/rep/tasa/lib/bcc-2.2.3-gcc/bin/../sparc-gaisler-elf/bsp/leon3/leon3/mfix-ut700/libbcc.a(int_irqmp_handle.c.o)
                0x000000004000fd5c                __bcc_int_irqmp_nts
                0x000000004000fd60                __bcc_int_irqmp_map
                0x000000004000fd64                __bcc_int_irqmp_eirq
                0x000000004000fd68                __bcc_int_handle
 .bss           0x000000004000fd6c        0x4 /home/fsw/rep/tasa/lib/bcc-2.2.3-gcc/bin/../sparc-gaisler-elf/bsp/leon3/leon3/mfix-ut700/libbcc.a(con_handle.c.o)
                0x000000004000fd6c                __bcc_con_handle
 .bss           0x000000004000fd70        0x8 /home/fsw/rep/tasa/lib/bcc-2.2.3-gcc/bin/../sparc-gaisler-elf/bsp/leon3/leon3/mfix-ut700/libbcc.a(timer_handle.c.o)
                0x000000004000fd70                __bcc_timer_interrupt
                0x000000004000fd74                __bcc_timer_handle
 .bss           0x000000004000fd78        0x0 /home/fsw/rep/tasa/lib/bcc-2.2.3-gcc/bin/../lib/gcc/sparc-gaisler-elf/10.2.0/../../../../sparc-gaisler-elf/lib/leon3/mfix-ut700/libc.a(lib_a-atexit.o)
 .bss           0x000000004000fd78        0x0 /home/fsw/rep/tasa/lib/bcc-2.2.3-gcc/bin/../lib/gcc/sparc-gaisler-elf/10.2.0/../../../../sparc-gaisler-elf/lib/leon3/mfix-ut700/libc.a(lib_a-exit.o)
 .bss           0x000000004000fd78        0x0 /home/fsw/rep/tasa/lib/bcc-2.2.3-gcc/bin/../lib/gcc/sparc-gaisler-elf/10.2.0/../../../../sparc-gaisler-elf/lib/leon3/mfix-ut700/libc.a(lib_a-impure.o)
 .bss           0x000000004000fd78        0x0 /home/fsw/rep/tasa/lib/bcc-2.2.3-gcc/bin/../lib/gcc/sparc-gaisler-elf/10.2.0/../../../../sparc-gaisler-elf/lib/leon3/mfix-ut700/libc.a(lib_a-memcpy.o)
 .bss           0x000000004000fd78        0x0 /home/fsw/rep/tasa/lib/bcc-2.2.3-gcc/bin/../lib/gcc/sparc-gaisler-elf/10.2.0/../../../../sparc-gaisler-elf/lib/leon3/mfix-ut700/libc.a(lib_a-printf.o)
 .bss           0x000000004000fd78        0x0 /home/fsw/rep/tasa/lib/bcc-2.2.3-gcc/bin/../lib/gcc/sparc-gaisler-elf/10.2.0/../../../../sparc-gaisler-elf/lib/leon3/mfix-ut700/libc.a(lib_a-putchar.o)
 .bss           0x000000004000fd78        0x0 /home/fsw/rep/tasa/lib/bcc-2.2.3-gcc/bin/../lib/gcc/sparc-gaisler-elf/10.2.0/../../../../sparc-gaisler-elf/lib/leon3/mfix-ut700/libc.a(lib_a-puts.o)
 .bss           0x000000004000fd78        0x0 /home/fsw/rep/tasa/lib/bcc-2.2.3-gcc/bin/../lib/gcc/sparc-gaisler-elf/10.2.0/../../../../sparc-gaisler-elf/lib/leon3/mfix-ut700/libc.a(lib_a-strlen.o)
 .bss           0x000000004000fd78        0x0 /home/fsw/rep/tasa/lib/bcc-2.2.3-gcc/bin/../lib/gcc/sparc-gaisler-elf/10.2.0/../../../../sparc-gaisler-elf/lib/leon3/mfix-ut700/libc.a(lib_a-vfprintf.o)
 .bss           0x000000004000fd78        0x0 /home/fsw/rep/tasa/lib/bcc-2.2.3-gcc/bin/../lib/gcc/sparc-gaisler-elf/10.2.0/../../../../sparc-gaisler-elf/lib/leon3/mfix-ut700/libc.a(lib_a-wsetup.o)
 .bss           0x000000004000fd78       0x8c /home/fsw/rep/tasa/lib/bcc-2.2.3-gcc/bin/../lib/gcc/sparc-gaisler-elf/10.2.0/../../../../sparc-gaisler-elf/lib/leon3/mfix-ut700/libc.a(lib_a-__atexit.o)
 .bss           0x000000004000fe04        0x4 /home/fsw/rep/tasa/lib/bcc-2.2.3-gcc/bin/../lib/gcc/sparc-gaisler-elf/10.2.0/../../../../sparc-gaisler-elf/lib/leon3/mfix-ut700/libc.a(lib_a-__call_atexit.o)
                0x000000004000fe04                _global_atexit
 .bss           0x000000004000fe08        0x0 /home/fsw/rep/tasa/lib/bcc-2.2.3-gcc/bin/../lib/gcc/sparc-gaisler-elf/10.2.0/../../../../sparc-gaisler-elf/lib/leon3/mfix-ut700/libc.a(lib_a-dtoa.o)
 .bss           0x000000004000fe08        0x0 /home/fsw/rep/tasa/lib/bcc-2.2.3-gcc/bin/../lib/gcc/sparc-gaisler-elf/10.2.0/../../../../sparc-gaisler-elf/lib/leon3/mfix-ut700/libc.a(lib_a-fflush.o)
 .bss           0x000000004000fe08        0x0 /home/fsw/rep/tasa/lib/bcc-2.2.3-gcc/bin/../lib/gcc/sparc-gaisler-elf/10.2.0/../../../../sparc-gaisler-elf/lib/leon3/mfix-ut700/libc.a(lib_a-findfp.o)
 .bss           0x000000004000fe08        0x0 /home/fsw/rep/tasa/lib/bcc-2.2.3-gcc/bin/../lib/gcc/sparc-gaisler-elf/10.2.0/../../../../sparc-gaisler-elf/lib/leon3/mfix-ut700/libc.a(lib_a-freer.o)
 .bss           0x000000004000fe08        0x0 /home/fsw/rep/tasa/lib/bcc-2.2.3-gcc/bin/../lib/gcc/sparc-gaisler-elf/10.2.0/../../../../sparc-gaisler-elf/lib/leon3/mfix-ut700/libc.a(lib_a-fvwrite.o)
 .bss           0x000000004000fe08        0x0 /home/fsw/rep/tasa/lib/bcc-2.2.3-gcc/bin/../lib/gcc/sparc-gaisler-elf/10.2.0/../../../../sparc-gaisler-elf/lib/leon3/mfix-ut700/libc.a(lib_a-fwalk.o)
 .bss           0x000000004000fe08        0x0 /home/fsw/rep/tasa/lib/bcc-2.2.3-gcc/bin/../lib/gcc/sparc-gaisler-elf/10.2.0/../../../../sparc-gaisler-elf/lib/leon3/mfix-ut700/libc.a(lib_a-localeconv.o)
 .bss           0x000000004000fe08        0x0 /home/fsw/rep/tasa/lib/bcc-2.2.3-gcc/bin/../lib/gcc/sparc-gaisler-elf/10.2.0/../../../../sparc-gaisler-elf/lib/leon3/mfix-ut700/libc.a(lib_a-makebuf.o)
 .bss           0x000000004000fe08        0x0 /home/fsw/rep/tasa/lib/bcc-2.2.3-gcc/bin/../lib/gcc/sparc-gaisler-elf/10.2.0/../../../../sparc-gaisler-elf/lib/leon3/mfix-ut700/libc.a(lib_a-malloc.o)
 .bss           0x000000004000fe08       0x34 /home/fsw/rep/tasa/lib/bcc-2.2.3-gcc/bin/../lib/gcc/sparc-gaisler-elf/10.2.0/../../../../sparc-gaisler-elf/lib/leon3/mfix-ut700/libc.a(lib_a-mallocr.o)
                0x000000004000fe08                __malloc_current_mallinfo
                0x000000004000fe30                __malloc_max_total_mem
                0x000000004000fe34                __malloc_max_sbrked_mem
                0x000000004000fe38                __malloc_top_pad
 .bss           0x000000004000fe3c        0x0 /home/fsw/rep/tasa/lib/bcc-2.2.3-gcc/bin/../lib/gcc/sparc-gaisler-elf/10.2.0/../../../../sparc-gaisler-elf/lib/leon3/mfix-ut700/libc.a(lib_a-memchr.o)
 .bss           0x000000004000fe3c        0x0 /home/fsw/rep/tasa/lib/bcc-2.2.3-gcc/bin/../lib/gcc/sparc-gaisler-elf/10.2.0/../../../../sparc-gaisler-elf/lib/leon3/mfix-ut700/libc.a(lib_a-memmove.o)
 .bss           0x000000004000fe3c        0x0 /home/fsw/rep/tasa/lib/bcc-2.2.3-gcc/bin/../lib/gcc/sparc-gaisler-elf/10.2.0/../../../../sparc-gaisler-elf/lib/leon3/mfix-ut700/libc.a(lib_a-memset.o)
 .bss           0x000000004000fe3c        0x0 /home/fsw/rep/tasa/lib/bcc-2.2.3-gcc/bin/../lib/gcc/sparc-gaisler-elf/10.2.0/../../../../sparc-gaisler-elf/lib/leon3/mfix-ut700/libc.a(lib_a-mlock.o)
 .bss           0x000000004000fe3c        0x0 /home/fsw/rep/tasa/lib/bcc-2.2.3-gcc/bin/../lib/gcc/sparc-gaisler-elf/10.2.0/../../../../sparc-gaisler-elf/lib/leon3/mfix-ut700/libc.a(lib_a-mprec.o)
 .bss           0x000000004000fe3c        0x0 /home/fsw/rep/tasa/lib/bcc-2.2.3-gcc/bin/../lib/gcc/sparc-gaisler-elf/10.2.0/../../../../sparc-gaisler-elf/lib/leon3/mfix-ut700/libc.a(lib_a-putc.o)
 .bss           0x000000004000fe3c        0x0 /home/fsw/rep/tasa/lib/bcc-2.2.3-gcc/bin/../lib/gcc/sparc-gaisler-elf/10.2.0/../../../../sparc-gaisler-elf/lib/leon3/mfix-ut700/libc.a(lib_a-reallocr.o)
 .bss           0x000000004000fe3c        0x0 /home/fsw/rep/tasa/lib/bcc-2.2.3-gcc/bin/../lib/gcc/sparc-gaisler-elf/10.2.0/../../../../sparc-gaisler-elf/lib/leon3/mfix-ut700/libc.a(lib_a-s_frexp.o)
 .bss           0x000000004000fe3c        0x0 /home/fsw/rep/tasa/lib/bcc-2.2.3-gcc/bin/../lib/gcc/sparc-gaisler-elf/10.2.0/../../../../sparc-gaisler-elf/lib/leon3/mfix-ut700/libc.a(lib_a-sbrkr.o)
 .bss           0x000000004000fe3c        0x0 /home/fsw/rep/tasa/lib/bcc-2.2.3-gcc/bin/../lib/gcc/sparc-gaisler-elf/10.2.0/../../../../sparc-gaisler-elf/lib/leon3/mfix-ut700/libc.a(lib_a-stdio.o)
 .bss           0x000000004000fe3c        0x0 /home/fsw/rep/tasa/lib/bcc-2.2.3-gcc/bin/../lib/gcc/sparc-gaisler-elf/10.2.0/../../../../sparc-gaisler-elf/lib/leon3/mfix-ut700/libc.a(lib_a-strncpy.o)
 .bss           0x000000004000fe3c        0x0 /home/fsw/rep/tasa/lib/bcc-2.2.3-gcc/bin/../lib/gcc/sparc-gaisler-elf/10.2.0/../../../../sparc-gaisler-elf/lib/leon3/mfix-ut700/libc.a(lib_a-vfiprintf.o)
 .bss           0x000000004000fe3c        0x0 /home/fsw/rep/tasa/lib/bcc-2.2.3-gcc/bin/../lib/gcc/sparc-gaisler-elf/10.2.0/../../../../sparc-gaisler-elf/lib/leon3/mfix-ut700/libc.a(lib_a-wbuf.o)
 .bss           0x000000004000fe3c        0x0 /home/fsw/rep/tasa/lib/bcc-2.2.3-gcc/bin/../lib/gcc/sparc-gaisler-elf/10.2.0/../../../../sparc-gaisler-elf/lib/leon3/mfix-ut700/libc.a(lib_a-writer.o)
 .bss           0x000000004000fe3c        0x0 /home/fsw/rep/tasa/lib/bcc-2.2.3-gcc/bin/../lib/gcc/sparc-gaisler-elf/10.2.0/../../../../sparc-gaisler-elf/lib/leon3/mfix-ut700/libc.a(lib_a-callocr.o)
 .bss           0x000000004000fe3c        0x0 /home/fsw/rep/tasa/lib/bcc-2.2.3-gcc/bin/../lib/gcc/sparc-gaisler-elf/10.2.0/../../../../sparc-gaisler-elf/lib/leon3/mfix-ut700/libc.a(lib_a-closer.o)
 .bss           0x000000004000fe3c        0x0 /home/fsw/rep/tasa/lib/bcc-2.2.3-gcc/bin/../lib/gcc/sparc-gaisler-elf/10.2.0/../../../../sparc-gaisler-elf/lib/leon3/mfix-ut700/libc.a(lib_a-fclose.o)
 .bss           0x000000004000fe3c        0x0 /home/fsw/rep/tasa/lib/bcc-2.2.3-gcc/bin/../lib/gcc/sparc-gaisler-elf/10.2.0/../../../../sparc-gaisler-elf/lib/leon3/mfix-ut700/libc.a(lib_a-fputwc.o)
 .bss           0x000000004000fe3c        0x0 /home/fsw/rep/tasa/lib/bcc-2.2.3-gcc/bin/../lib/gcc/sparc-gaisler-elf/10.2.0/../../../../sparc-gaisler-elf/lib/leon3/mfix-ut700/libc.a(lib_a-fstatr.o)
 .bss           0x000000004000fe3c        0x0 /home/fsw/rep/tasa/lib/bcc-2.2.3-gcc/bin/../lib/gcc/sparc-gaisler-elf/10.2.0/../../../../sparc-gaisler-elf/lib/leon3/mfix-ut700/libc.a(lib_a-isattyr.o)
 .bss           0x000000004000fe3c        0x4 /home/fsw/rep/tasa/lib/bcc-2.2.3-gcc/bin/../lib/gcc/sparc-gaisler-elf/10.2.0/../../../../sparc-gaisler-elf/lib/leon3/mfix-ut700/libc.a(lib_a-locale.o)
                0x000000004000fe3c                _PathLocale
 .bss           0x000000004000fe40        0x0 /home/fsw/rep/tasa/lib/bcc-2.2.3-gcc/bin/../lib/gcc/sparc-gaisler-elf/10.2.0/../../../../sparc-gaisler-elf/lib/leon3/mfix-ut700/libc.a(lib_a-lseekr.o)
 .bss           0x000000004000fe40        0x0 /home/fsw/rep/tasa/lib/bcc-2.2.3-gcc/bin/../lib/gcc/sparc-gaisler-elf/10.2.0/../../../../sparc-gaisler-elf/lib/leon3/mfix-ut700/libc.a(lib_a-mbtowc_r.o)
 .bss           0x000000004000fe40        0x0 /home/fsw/rep/tasa/lib/bcc-2.2.3-gcc/bin/../lib/gcc/sparc-gaisler-elf/10.2.0/../../../../sparc-gaisler-elf/lib/leon3/mfix-ut700/libc.a(lib_a-readr.o)
 .bss           0x000000004000fe40        0x4 /home/fsw/rep/tasa/lib/bcc-2.2.3-gcc/bin/../lib/gcc/sparc-gaisler-elf/10.2.0/../../../../sparc-gaisler-elf/lib/leon3/mfix-ut700/libc.a(lib_a-reent.o)
                0x000000004000fe40                errno
 .bss           0x000000004000fe44        0x0 /home/fsw/rep/tasa/lib/bcc-2.2.3-gcc/bin/../lib/gcc/sparc-gaisler-elf/10.2.0/../../../../sparc-gaisler-elf/lib/leon3/mfix-ut700/libc.a(lib_a-strcmp.o)
 .bss           0x000000004000fe44        0x0 /home/fsw/rep/tasa/lib/bcc-2.2.3-gcc/bin/../lib/gcc/sparc-gaisler-elf/10.2.0/../../../../sparc-gaisler-elf/lib/leon3/mfix-ut700/libc.a(lib_a-wcrtomb.o)
 .bss           0x000000004000fe44        0x0 /home/fsw/rep/tasa/lib/bcc-2.2.3-gcc/bin/../lib/gcc/sparc-gaisler-elf/10.2.0/../../../../sparc-gaisler-elf/lib/leon3/mfix-ut700/libc.a(lib_a-wctomb_r.o)
 .bss           0x000000004000fe44        0x0 /home/fsw/rep/tasa/lib/bcc-2.2.3-gcc/bin/../lib/gcc/sparc-gaisler-elf/10.2.0/../../../../sparc-gaisler-elf/lib/leon3/mfix-ut700/libc.a(lib_a-ctype_.o)
 .bss           0x000000004000fe44        0x0 /home/fsw/rep/tasa/lib/bcc-2.2.3-gcc/bin/../sparc-gaisler-elf/bsp/leon3/leon3/mfix-ut700/libbcc.a(_exit.S.o)
 .bss           0x000000004000fe44        0x0 /home/fsw/rep/tasa/lib/bcc-2.2.3-gcc/bin/../sparc-gaisler-elf/bsp/leon3/leon3/mfix-ut700/libbcc.a(read.c.o)
 .bss           0x000000004000fe44        0x4 /home/fsw/rep/tasa/lib/bcc-2.2.3-gcc/bin/../sparc-gaisler-elf/bsp/leon3/leon3/mfix-ut700/libbcc.a(sbrk.c.o)
 .bss           0x000000004000fe48        0x8 /home/fsw/rep/tasa/lib/bcc-2.2.3-gcc/bin/../sparc-gaisler-elf/bsp/leon3/leon3/mfix-ut700/libbcc.a(heap.c.o)
                0x000000004000fe48                __bcc_heap_max
                0x000000004000fe4c                __bcc_heap_min
 .bss           0x000000004000fe50        0x0 /home/fsw/rep/tasa/lib/bcc-2.2.3-gcc/bin/../sparc-gaisler-elf/bsp/leon3/leon3/mfix-ut700/libbcc.a(write.c.o)
 .bss           0x000000004000fe50        0x0 /home/fsw/rep/tasa/lib/bcc-2.2.3-gcc/bin/../sparc-gaisler-elf/bsp/leon3/leon3/mfix-ut700/libbcc.a(stubs.S.o)
 .bss           0x000000004000fe50        0x4 /home/fsw/rep/tasa/lib/bcc-2.2.3-gcc/bin/../sparc-gaisler-elf/bsp/leon3/leon3/mfix-ut700/libbcc.a(con_apbuart.c.o)
 .bss           0x000000004000fe54        0x0 /home/fsw/rep/tasa/lib/bcc-2.2.3-gcc/bin/../lib/gcc/sparc-gaisler-elf/10.2.0/leon3/mfix-ut700/libgcc.a(_udivdi3.o)
 .bss           0x000000004000fe54        0x0 /home/fsw/rep/tasa/lib/bcc-2.2.3-gcc/bin/../lib/gcc/sparc-gaisler-elf/10.2.0/leon3/mfix-ut700/libgcc.a(_umoddi3.o)
 .bss           0x000000004000fe54        0x0 /home/fsw/rep/tasa/lib/bcc-2.2.3-gcc/bin/../lib/gcc/sparc-gaisler-elf/10.2.0/leon3/mfix-ut700/libgcc.a(_clz.o)
 .bss           0x000000004000fe54        0x0 /home/fsw/rep/tasa/lib/bcc-2.2.3-gcc/bin/../lib/gcc/sparc-gaisler-elf/10.2.0/leon3/mfix-ut700/crtend.o
 .bss           0x000000004000fe54        0x0 /home/fsw/rep/tasa/lib/bcc-2.2.3-gcc/bin/../lib/gcc/sparc-gaisler-elf/10.2.0/leon3/mfix-ut700/crtn.o
 *(COMMON)
                0x000000004000fe58                . = ALIGN (0x8)
 *fill*         0x000000004000fe54        0x4 
                0x000000004000fe58                __bss_end = .
                0x000000004000fe58                __heap_min = .
                0x000000004000fe58                . = ALIGN (0x8)

.jcr
 *(.jcr)

.stab
 *(.stab)

.stabstr
 *(.stabstr)

.debug
 *(.debug)

.line
 *(.line)

.debug_srcinfo
 *(.debug_srcinfo)

.debug_sfnames
 *(.debug_sfnames)

.debug_aranges  0x0000000000000000      0xa70
 *(.debug_aranges)
 .debug_aranges
                0x0000000000000000       0x20 /home/fsw/rep/tasa/lib/bcc-2.2.3-gcc/bin/../sparc-gaisler-elf/bsp/leon3/leon3/mfix-ut700/trap_table_mvt_tn0018.S.o
 .debug_aranges
                0x0000000000000020       0x20 /home/fsw/rep/tasa/lib/bcc-2.2.3-gcc/bin/../sparc-gaisler-elf/bsp/leon3/leon3/mfix-ut700/crt0.S.o
 .debug_aranges
                0x0000000000000040       0x20 /tmp/cclsrlZs.o
 .debug_aranges
                0x0000000000000060       0x20 /home/fsw/rep/tasa/lib/bcc-2.2.3-gcc/bin/../sparc-gaisler-elf/bsp/leon3/leon3/mfix-ut700/libbcc.a(reset_trap_mvt.S.o)
 .debug_aranges
                0x0000000000000080       0x20 /home/fsw/rep/tasa/lib/bcc-2.2.3-gcc/bin/../sparc-gaisler-elf/bsp/leon3/leon3/mfix-ut700/libbcc.a(window_trap.S.o)
 .debug_aranges
                0x00000000000000a0       0x20 /home/fsw/rep/tasa/lib/bcc-2.2.3-gcc/bin/../sparc-gaisler-elf/bsp/leon3/leon3/mfix-ut700/libbcc.a(flush_windows_trap.S.o)
 .debug_aranges
                0x00000000000000c0       0x20 /home/fsw/rep/tasa/lib/bcc-2.2.3-gcc/bin/../sparc-gaisler-elf/bsp/leon3/leon3/mfix-ut700/libbcc.a(sw_trap_set_pil.S.o)
 .debug_aranges
                0x00000000000000e0       0x20 /home/fsw/rep/tasa/lib/bcc-2.2.3-gcc/bin/../sparc-gaisler-elf/bsp/leon3/leon3/mfix-ut700/libbcc.a(init.S.o)
 .debug_aranges
                0x0000000000000100       0x20 /home/fsw/rep/tasa/lib/bcc-2.2.3-gcc/bin/../sparc-gaisler-elf/bsp/leon3/leon3/mfix-ut700/libbcc.a(leon_info.S.o)
 .debug_aranges
                0x0000000000000120       0x20 /home/fsw/rep/tasa/lib/bcc-2.2.3-gcc/bin/../sparc-gaisler-elf/bsp/leon3/leon3/mfix-ut700/libbcc.a(dwzero.S.o)
 .debug_aranges
                0x0000000000000140       0x20 /home/fsw/rep/tasa/lib/bcc-2.2.3-gcc/bin/../sparc-gaisler-elf/bsp/leon3/leon3/mfix-ut700/libbcc.a(copy_data.c.o)
 .debug_aranges
                0x0000000000000160       0x18 /home/fsw/rep/tasa/lib/bcc-2.2.3-gcc/bin/../sparc-gaisler-elf/bsp/leon3/leon3/mfix-ut700/libbcc.a(argv.c.o)
 .debug_aranges
                0x0000000000000178       0x20 /home/fsw/rep/tasa/lib/bcc-2.2.3-gcc/bin/../sparc-gaisler-elf/bsp/leon3/leon3/mfix-ut700/libbcc.a(interrupt_trap_tn0018.S.o)
 .debug_aranges
                0x0000000000000198       0x20 /home/fsw/rep/tasa/lib/bcc-2.2.3-gcc/bin/../sparc-gaisler-elf/bsp/leon3/leon3/mfix-ut700/libbcc.a(int_irqmp_get_source.c.o)
 .debug_aranges
                0x00000000000001b8       0x20 /home/fsw/rep/tasa/lib/bcc-2.2.3-gcc/bin/../sparc-gaisler-elf/bsp/leon3/leon3/mfix-ut700/libbcc.a(int_irqmp_mp.c.o)
 .debug_aranges
                0x00000000000001d8       0x20 /home/fsw/rep/tasa/lib/bcc-2.2.3-gcc/bin/../sparc-gaisler-elf/bsp/leon3/leon3/mfix-ut700/libbcc.a(int_irqmp_init.c.o)
 .debug_aranges
                0x00000000000001f8       0x20 /home/fsw/rep/tasa/lib/bcc-2.2.3-gcc/bin/../sparc-gaisler-elf/bsp/leon3/leon3/mfix-ut700/libbcc.a(con_apbuart_init.c.o)
 .debug_aranges
                0x0000000000000218       0x20 /home/fsw/rep/tasa/lib/bcc-2.2.3-gcc/bin/../sparc-gaisler-elf/bsp/leon3/leon3/mfix-ut700/libbcc.a(timer_gptimer_init.c.o)
 .debug_aranges
                0x0000000000000238       0x18 /home/fsw/rep/tasa/lib/bcc-2.2.3-gcc/bin/../sparc-gaisler-elf/bsp/leon3/leon3/mfix-ut700/libbcc.a(isr.c.o)
 .debug_aranges
                0x0000000000000250       0x18 /home/fsw/rep/tasa/lib/bcc-2.2.3-gcc/bin/../sparc-gaisler-elf/bsp/leon3/leon3/mfix-ut700/libbcc.a(int_nest.c.o)
 .debug_aranges
                0x0000000000000268       0x20 /home/fsw/rep/tasa/lib/bcc-2.2.3-gcc/bin/../sparc-gaisler-elf/bsp/leon3/leon3/mfix-ut700/libbcc.a(ambapp.c.o)
 .debug_aranges
                0x0000000000000288       0x20 /home/fsw/rep/tasa/lib/bcc-2.2.3-gcc/bin/../sparc-gaisler-elf/bsp/leon3/leon3/mfix-ut700/libbcc.a(ambapp_findfirst_fn.c.o)
 .debug_aranges
                0x00000000000002a8       0x18 /home/fsw/rep/tasa/lib/bcc-2.2.3-gcc/bin/../sparc-gaisler-elf/bsp/leon3/leon3/mfix-ut700/libbcc.a(int_irqmp_handle.c.o)
 .debug_aranges
                0x00000000000002c0       0x18 /home/fsw/rep/tasa/lib/bcc-2.2.3-gcc/bin/../sparc-gaisler-elf/bsp/leon3/leon3/mfix-ut700/libbcc.a(con_handle.c.o)
 .debug_aranges
                0x00000000000002d8       0x18 /home/fsw/rep/tasa/lib/bcc-2.2.3-gcc/bin/../sparc-gaisler-elf/bsp/leon3/leon3/mfix-ut700/libbcc.a(timer_handle.c.o)
 .debug_aranges
                0x00000000000002f0       0x20 /home/fsw/rep/tasa/lib/bcc-2.2.3-gcc/bin/../lib/gcc/sparc-gaisler-elf/10.2.0/../../../../sparc-gaisler-elf/lib/leon3/mfix-ut700/libc.a(lib_a-atexit.o)
 .debug_aranges
                0x0000000000000310       0x20 /home/fsw/rep/tasa/lib/bcc-2.2.3-gcc/bin/../lib/gcc/sparc-gaisler-elf/10.2.0/../../../../sparc-gaisler-elf/lib/leon3/mfix-ut700/libc.a(lib_a-exit.o)
 .debug_aranges
                0x0000000000000330       0x18 /home/fsw/rep/tasa/lib/bcc-2.2.3-gcc/bin/../lib/gcc/sparc-gaisler-elf/10.2.0/../../../../sparc-gaisler-elf/lib/leon3/mfix-ut700/libc.a(lib_a-impure.o)
 .debug_aranges
                0x0000000000000348       0x20 /home/fsw/rep/tasa/lib/bcc-2.2.3-gcc/bin/../lib/gcc/sparc-gaisler-elf/10.2.0/../../../../sparc-gaisler-elf/lib/leon3/mfix-ut700/libc.a(lib_a-memcpy.o)
 .debug_aranges
                0x0000000000000368       0x20 /home/fsw/rep/tasa/lib/bcc-2.2.3-gcc/bin/../lib/gcc/sparc-gaisler-elf/10.2.0/../../../../sparc-gaisler-elf/lib/leon3/mfix-ut700/libc.a(lib_a-printf.o)
 .debug_aranges
                0x0000000000000388       0x20 /home/fsw/rep/tasa/lib/bcc-2.2.3-gcc/bin/../lib/gcc/sparc-gaisler-elf/10.2.0/../../../../sparc-gaisler-elf/lib/leon3/mfix-ut700/libc.a(lib_a-putchar.o)
 .debug_aranges
                0x00000000000003a8       0x20 /home/fsw/rep/tasa/lib/bcc-2.2.3-gcc/bin/../lib/gcc/sparc-gaisler-elf/10.2.0/../../../../sparc-gaisler-elf/lib/leon3/mfix-ut700/libc.a(lib_a-puts.o)
 .debug_aranges
                0x00000000000003c8       0x20 /home/fsw/rep/tasa/lib/bcc-2.2.3-gcc/bin/../lib/gcc/sparc-gaisler-elf/10.2.0/../../../../sparc-gaisler-elf/lib/leon3/mfix-ut700/libc.a(lib_a-strlen.o)
 .debug_aranges
                0x00000000000003e8       0x20 /home/fsw/rep/tasa/lib/bcc-2.2.3-gcc/bin/../lib/gcc/sparc-gaisler-elf/10.2.0/../../../../sparc-gaisler-elf/lib/leon3/mfix-ut700/libc.a(lib_a-vfprintf.o)
 .debug_aranges
                0x0000000000000408       0x20 /home/fsw/rep/tasa/lib/bcc-2.2.3-gcc/bin/../lib/gcc/sparc-gaisler-elf/10.2.0/../../../../sparc-gaisler-elf/lib/leon3/mfix-ut700/libc.a(lib_a-wsetup.o)
 .debug_aranges
                0x0000000000000428       0x20 /home/fsw/rep/tasa/lib/bcc-2.2.3-gcc/bin/../lib/gcc/sparc-gaisler-elf/10.2.0/../../../../sparc-gaisler-elf/lib/leon3/mfix-ut700/libc.a(lib_a-__atexit.o)
 .debug_aranges
                0x0000000000000448       0x20 /home/fsw/rep/tasa/lib/bcc-2.2.3-gcc/bin/../lib/gcc/sparc-gaisler-elf/10.2.0/../../../../sparc-gaisler-elf/lib/leon3/mfix-ut700/libc.a(lib_a-__call_atexit.o)
 .debug_aranges
                0x0000000000000468       0x20 /home/fsw/rep/tasa/lib/bcc-2.2.3-gcc/bin/../lib/gcc/sparc-gaisler-elf/10.2.0/../../../../sparc-gaisler-elf/lib/leon3/mfix-ut700/libc.a(lib_a-dtoa.o)
 .debug_aranges
                0x0000000000000488       0x20 /home/fsw/rep/tasa/lib/bcc-2.2.3-gcc/bin/../lib/gcc/sparc-gaisler-elf/10.2.0/../../../../sparc-gaisler-elf/lib/leon3/mfix-ut700/libc.a(lib_a-fflush.o)
 .debug_aranges
                0x00000000000004a8       0x20 /home/fsw/rep/tasa/lib/bcc-2.2.3-gcc/bin/../lib/gcc/sparc-gaisler-elf/10.2.0/../../../../sparc-gaisler-elf/lib/leon3/mfix-ut700/libc.a(lib_a-findfp.o)
 .debug_aranges
                0x00000000000004c8       0x20 /home/fsw/rep/tasa/lib/bcc-2.2.3-gcc/bin/../lib/gcc/sparc-gaisler-elf/10.2.0/../../../../sparc-gaisler-elf/lib/leon3/mfix-ut700/libc.a(lib_a-freer.o)
 .debug_aranges
                0x00000000000004e8       0x20 /home/fsw/rep/tasa/lib/bcc-2.2.3-gcc/bin/../lib/gcc/sparc-gaisler-elf/10.2.0/../../../../sparc-gaisler-elf/lib/leon3/mfix-ut700/libc.a(lib_a-fvwrite.o)
 .debug_aranges
                0x0000000000000508       0x20 /home/fsw/rep/tasa/lib/bcc-2.2.3-gcc/bin/../lib/gcc/sparc-gaisler-elf/10.2.0/../../../../sparc-gaisler-elf/lib/leon3/mfix-ut700/libc.a(lib_a-fwalk.o)
 .debug_aranges
                0x0000000000000528       0x20 /home/fsw/rep/tasa/lib/bcc-2.2.3-gcc/bin/../lib/gcc/sparc-gaisler-elf/10.2.0/../../../../sparc-gaisler-elf/lib/leon3/mfix-ut700/libc.a(lib_a-localeconv.o)
 .debug_aranges
                0x0000000000000548       0x20 /home/fsw/rep/tasa/lib/bcc-2.2.3-gcc/bin/../lib/gcc/sparc-gaisler-elf/10.2.0/../../../../sparc-gaisler-elf/lib/leon3/mfix-ut700/libc.a(lib_a-makebuf.o)
 .debug_aranges
                0x0000000000000568       0x20 /home/fsw/rep/tasa/lib/bcc-2.2.3-gcc/bin/../lib/gcc/sparc-gaisler-elf/10.2.0/../../../../sparc-gaisler-elf/lib/leon3/mfix-ut700/libc.a(lib_a-malloc.o)
 .debug_aranges
                0x0000000000000588       0x20 /home/fsw/rep/tasa/lib/bcc-2.2.3-gcc/bin/../lib/gcc/sparc-gaisler-elf/10.2.0/../../../../sparc-gaisler-elf/lib/leon3/mfix-ut700/libc.a(lib_a-mallocr.o)
 .debug_aranges
                0x00000000000005a8       0x20 /home/fsw/rep/tasa/lib/bcc-2.2.3-gcc/bin/../lib/gcc/sparc-gaisler-elf/10.2.0/../../../../sparc-gaisler-elf/lib/leon3/mfix-ut700/libc.a(lib_a-memchr.o)
 .debug_aranges
                0x00000000000005c8       0x20 /home/fsw/rep/tasa/lib/bcc-2.2.3-gcc/bin/../lib/gcc/sparc-gaisler-elf/10.2.0/../../../../sparc-gaisler-elf/lib/leon3/mfix-ut700/libc.a(lib_a-memmove.o)
 .debug_aranges
                0x00000000000005e8       0x20 /home/fsw/rep/tasa/lib/bcc-2.2.3-gcc/bin/../lib/gcc/sparc-gaisler-elf/10.2.0/../../../../sparc-gaisler-elf/lib/leon3/mfix-ut700/libc.a(lib_a-memset.o)
 .debug_aranges
                0x0000000000000608       0x20 /home/fsw/rep/tasa/lib/bcc-2.2.3-gcc/bin/../lib/gcc/sparc-gaisler-elf/10.2.0/../../../../sparc-gaisler-elf/lib/leon3/mfix-ut700/libc.a(lib_a-mlock.o)
 .debug_aranges
                0x0000000000000628       0x20 /home/fsw/rep/tasa/lib/bcc-2.2.3-gcc/bin/../lib/gcc/sparc-gaisler-elf/10.2.0/../../../../sparc-gaisler-elf/lib/leon3/mfix-ut700/libc.a(lib_a-mprec.o)
 .debug_aranges
                0x0000000000000648       0x20 /home/fsw/rep/tasa/lib/bcc-2.2.3-gcc/bin/../lib/gcc/sparc-gaisler-elf/10.2.0/../../../../sparc-gaisler-elf/lib/leon3/mfix-ut700/libc.a(lib_a-putc.o)
 .debug_aranges
                0x0000000000000668       0x20 /home/fsw/rep/tasa/lib/bcc-2.2.3-gcc/bin/../lib/gcc/sparc-gaisler-elf/10.2.0/../../../../sparc-gaisler-elf/lib/leon3/mfix-ut700/libc.a(lib_a-reallocr.o)
 .debug_aranges
                0x0000000000000688       0x20 /home/fsw/rep/tasa/lib/bcc-2.2.3-gcc/bin/../lib/gcc/sparc-gaisler-elf/10.2.0/../../../../sparc-gaisler-elf/lib/leon3/mfix-ut700/libc.a(lib_a-s_frexp.o)
 .debug_aranges
                0x00000000000006a8       0x20 /home/fsw/rep/tasa/lib/bcc-2.2.3-gcc/bin/../lib/gcc/sparc-gaisler-elf/10.2.0/../../../../sparc-gaisler-elf/lib/leon3/mfix-ut700/libc.a(lib_a-sbrkr.o)
 .debug_aranges
                0x00000000000006c8       0x20 /home/fsw/rep/tasa/lib/bcc-2.2.3-gcc/bin/../lib/gcc/sparc-gaisler-elf/10.2.0/../../../../sparc-gaisler-elf/lib/leon3/mfix-ut700/libc.a(lib_a-stdio.o)
 .debug_aranges
                0x00000000000006e8       0x20 /home/fsw/rep/tasa/lib/bcc-2.2.3-gcc/bin/../lib/gcc/sparc-gaisler-elf/10.2.0/../../../../sparc-gaisler-elf/lib/leon3/mfix-ut700/libc.a(lib_a-strncpy.o)
 .debug_aranges
                0x0000000000000708       0x20 /home/fsw/rep/tasa/lib/bcc-2.2.3-gcc/bin/../lib/gcc/sparc-gaisler-elf/10.2.0/../../../../sparc-gaisler-elf/lib/leon3/mfix-ut700/libc.a(lib_a-vfiprintf.o)
 .debug_aranges
                0x0000000000000728       0x20 /home/fsw/rep/tasa/lib/bcc-2.2.3-gcc/bin/../lib/gcc/sparc-gaisler-elf/10.2.0/../../../../sparc-gaisler-elf/lib/leon3/mfix-ut700/libc.a(lib_a-wbuf.o)
 .debug_aranges
                0x0000000000000748       0x20 /home/fsw/rep/tasa/lib/bcc-2.2.3-gcc/bin/../lib/gcc/sparc-gaisler-elf/10.2.0/../../../../sparc-gaisler-elf/lib/leon3/mfix-ut700/libc.a(lib_a-writer.o)
 .debug_aranges
                0x0000000000000768       0x20 /home/fsw/rep/tasa/lib/bcc-2.2.3-gcc/bin/../lib/gcc/sparc-gaisler-elf/10.2.0/../../../../sparc-gaisler-elf/lib/leon3/mfix-ut700/libc.a(lib_a-callocr.o)
 .debug_aranges
                0x0000000000000788       0x20 /home/fsw/rep/tasa/lib/bcc-2.2.3-gcc/bin/../lib/gcc/sparc-gaisler-elf/10.2.0/../../../../sparc-gaisler-elf/lib/leon3/mfix-ut700/libc.a(lib_a-closer.o)
 .debug_aranges
                0x00000000000007a8       0x20 /home/fsw/rep/tasa/lib/bcc-2.2.3-gcc/bin/../lib/gcc/sparc-gaisler-elf/10.2.0/../../../../sparc-gaisler-elf/lib/leon3/mfix-ut700/libc.a(lib_a-fclose.o)
 .debug_aranges
                0x00000000000007c8       0x20 /home/fsw/rep/tasa/lib/bcc-2.2.3-gcc/bin/../lib/gcc/sparc-gaisler-elf/10.2.0/../../../../sparc-gaisler-elf/lib/leon3/mfix-ut700/libc.a(lib_a-fputwc.o)
 .debug_aranges
                0x00000000000007e8       0x20 /home/fsw/rep/tasa/lib/bcc-2.2.3-gcc/bin/../lib/gcc/sparc-gaisler-elf/10.2.0/../../../../sparc-gaisler-elf/lib/leon3/mfix-ut700/libc.a(lib_a-fstatr.o)
 .debug_aranges
                0x0000000000000808       0x20 /home/fsw/rep/tasa/lib/bcc-2.2.3-gcc/bin/../lib/gcc/sparc-gaisler-elf/10.2.0/../../../../sparc-gaisler-elf/lib/leon3/mfix-ut700/libc.a(lib_a-isattyr.o)
 .debug_aranges
                0x0000000000000828       0x20 /home/fsw/rep/tasa/lib/bcc-2.2.3-gcc/bin/../lib/gcc/sparc-gaisler-elf/10.2.0/../../../../sparc-gaisler-elf/lib/leon3/mfix-ut700/libc.a(lib_a-locale.o)
 .debug_aranges
                0x0000000000000848       0x20 /home/fsw/rep/tasa/lib/bcc-2.2.3-gcc/bin/../lib/gcc/sparc-gaisler-elf/10.2.0/../../../../sparc-gaisler-elf/lib/leon3/mfix-ut700/libc.a(lib_a-lseekr.o)
 .debug_aranges
                0x0000000000000868       0x20 /home/fsw/rep/tasa/lib/bcc-2.2.3-gcc/bin/../lib/gcc/sparc-gaisler-elf/10.2.0/../../../../sparc-gaisler-elf/lib/leon3/mfix-ut700/libc.a(lib_a-mbtowc_r.o)
 .debug_aranges
                0x0000000000000888       0x20 /home/fsw/rep/tasa/lib/bcc-2.2.3-gcc/bin/../lib/gcc/sparc-gaisler-elf/10.2.0/../../../../sparc-gaisler-elf/lib/leon3/mfix-ut700/libc.a(lib_a-readr.o)
 .debug_aranges
                0x00000000000008a8       0x20 /home/fsw/rep/tasa/lib/bcc-2.2.3-gcc/bin/../lib/gcc/sparc-gaisler-elf/10.2.0/../../../../sparc-gaisler-elf/lib/leon3/mfix-ut700/libc.a(lib_a-reent.o)
 .debug_aranges
                0x00000000000008c8       0x20 /home/fsw/rep/tasa/lib/bcc-2.2.3-gcc/bin/../lib/gcc/sparc-gaisler-elf/10.2.0/../../../../sparc-gaisler-elf/lib/leon3/mfix-ut700/libc.a(lib_a-strcmp.o)
 .debug_aranges
                0x00000000000008e8       0x20 /home/fsw/rep/tasa/lib/bcc-2.2.3-gcc/bin/../lib/gcc/sparc-gaisler-elf/10.2.0/../../../../sparc-gaisler-elf/lib/leon3/mfix-ut700/libc.a(lib_a-wcrtomb.o)
 .debug_aranges
                0x0000000000000908       0x20 /home/fsw/rep/tasa/lib/bcc-2.2.3-gcc/bin/../lib/gcc/sparc-gaisler-elf/10.2.0/../../../../sparc-gaisler-elf/lib/leon3/mfix-ut700/libc.a(lib_a-wctomb_r.o)
 .debug_aranges
                0x0000000000000928       0x18 /home/fsw/rep/tasa/lib/bcc-2.2.3-gcc/bin/../lib/gcc/sparc-gaisler-elf/10.2.0/../../../../sparc-gaisler-elf/lib/leon3/mfix-ut700/libc.a(lib_a-ctype_.o)
 .debug_aranges
                0x0000000000000940       0x20 /home/fsw/rep/tasa/lib/bcc-2.2.3-gcc/bin/../sparc-gaisler-elf/bsp/leon3/leon3/mfix-ut700/libbcc.a(_exit.S.o)
 .debug_aranges
                0x0000000000000960       0x20 /home/fsw/rep/tasa/lib/bcc-2.2.3-gcc/bin/../sparc-gaisler-elf/bsp/leon3/leon3/mfix-ut700/libbcc.a(read.c.o)
 .debug_aranges
                0x0000000000000980       0x20 /home/fsw/rep/tasa/lib/bcc-2.2.3-gcc/bin/../sparc-gaisler-elf/bsp/leon3/leon3/mfix-ut700/libbcc.a(sbrk.c.o)
 .debug_aranges
                0x00000000000009a0       0x18 /home/fsw/rep/tasa/lib/bcc-2.2.3-gcc/bin/../sparc-gaisler-elf/bsp/leon3/leon3/mfix-ut700/libbcc.a(heap.c.o)
 .debug_aranges
                0x00000000000009b8       0x20 /home/fsw/rep/tasa/lib/bcc-2.2.3-gcc/bin/../sparc-gaisler-elf/bsp/leon3/leon3/mfix-ut700/libbcc.a(write.c.o)
 .debug_aranges
                0x00000000000009d8       0x20 /home/fsw/rep/tasa/lib/bcc-2.2.3-gcc/bin/../sparc-gaisler-elf/bsp/leon3/leon3/mfix-ut700/libbcc.a(stubs.S.o)
 .debug_aranges
                0x00000000000009f8       0x20 /home/fsw/rep/tasa/lib/bcc-2.2.3-gcc/bin/../sparc-gaisler-elf/bsp/leon3/leon3/mfix-ut700/libbcc.a(con_apbuart.c.o)
 .debug_aranges
                0x0000000000000a18       0x20 /home/fsw/rep/tasa/lib/bcc-2.2.3-gcc/bin/../lib/gcc/sparc-gaisler-elf/10.2.0/leon3/mfix-ut700/libgcc.a(_udivdi3.o)
 .debug_aranges
                0x0000000000000a38       0x20 /home/fsw/rep/tasa/lib/bcc-2.2.3-gcc/bin/../lib/gcc/sparc-gaisler-elf/10.2.0/leon3/mfix-ut700/libgcc.a(_umoddi3.o)
 .debug_aranges
                0x0000000000000a58       0x18 /home/fsw/rep/tasa/lib/bcc-2.2.3-gcc/bin/../lib/gcc/sparc-gaisler-elf/10.2.0/leon3/mfix-ut700/libgcc.a(_clz.o)

.debug_pubnames
 *(.debug_pubnames)

.debug_info     0x0000000000000000    0x21f65
 *(.debug_info)
 .debug_info    0x0000000000000000       0x26 /home/fsw/rep/tasa/lib/bcc-2.2.3-gcc/bin/../sparc-gaisler-elf/bsp/leon3/leon3/mfix-ut700/trap_table_mvt_tn0018.S.o
 .debug_info    0x0000000000000026       0x26 /home/fsw/rep/tasa/lib/bcc-2.2.3-gcc/bin/../sparc-gaisler-elf/bsp/leon3/leon3/mfix-ut700/crt0.S.o
 .debug_info    0x000000000000004c      0x368 /tmp/cclsrlZs.o
 .debug_info    0x00000000000003b4       0x26 /home/fsw/rep/tasa/lib/bcc-2.2.3-gcc/bin/../sparc-gaisler-elf/bsp/leon3/leon3/mfix-ut700/libbcc.a(reset_trap_mvt.S.o)
 .debug_info    0x00000000000003da       0x26 /home/fsw/rep/tasa/lib/bcc-2.2.3-gcc/bin/../sparc-gaisler-elf/bsp/leon3/leon3/mfix-ut700/libbcc.a(window_trap.S.o)
 .debug_info    0x0000000000000400       0x26 /home/fsw/rep/tasa/lib/bcc-2.2.3-gcc/bin/../sparc-gaisler-elf/bsp/leon3/leon3/mfix-ut700/libbcc.a(flush_windows_trap.S.o)
 .debug_info    0x0000000000000426       0x26 /home/fsw/rep/tasa/lib/bcc-2.2.3-gcc/bin/../sparc-gaisler-elf/bsp/leon3/leon3/mfix-ut700/libbcc.a(sw_trap_set_pil.S.o)
 .debug_info    0x000000000000044c       0x26 /home/fsw/rep/tasa/lib/bcc-2.2.3-gcc/bin/../sparc-gaisler-elf/bsp/leon3/leon3/mfix-ut700/libbcc.a(init.S.o)
 .debug_info    0x0000000000000472       0x26 /home/fsw/rep/tasa/lib/bcc-2.2.3-gcc/bin/../sparc-gaisler-elf/bsp/leon3/leon3/mfix-ut700/libbcc.a(leon_info.S.o)
 .debug_info    0x0000000000000498       0x26 /home/fsw/rep/tasa/lib/bcc-2.2.3-gcc/bin/../sparc-gaisler-elf/bsp/leon3/leon3/mfix-ut700/libbcc.a(dwzero.S.o)
 .debug_info    0x00000000000004be       0xe8 /home/fsw/rep/tasa/lib/bcc-2.2.3-gcc/bin/../sparc-gaisler-elf/bsp/leon3/leon3/mfix-ut700/libbcc.a(copy_data.c.o)
 .debug_info    0x00000000000005a6       0xd9 /home/fsw/rep/tasa/lib/bcc-2.2.3-gcc/bin/../sparc-gaisler-elf/bsp/leon3/leon3/mfix-ut700/libbcc.a(argv.c.o)
 .debug_info    0x000000000000067f       0x26 /home/fsw/rep/tasa/lib/bcc-2.2.3-gcc/bin/../sparc-gaisler-elf/bsp/leon3/leon3/mfix-ut700/libbcc.a(interrupt_trap_tn0018.S.o)
 .debug_info    0x00000000000006a5      0x2db /home/fsw/rep/tasa/lib/bcc-2.2.3-gcc/bin/../sparc-gaisler-elf/bsp/leon3/leon3/mfix-ut700/libbcc.a(int_irqmp_get_source.c.o)
 .debug_info    0x0000000000000980      0x3a6 /home/fsw/rep/tasa/lib/bcc-2.2.3-gcc/bin/../sparc-gaisler-elf/bsp/leon3/leon3/mfix-ut700/libbcc.a(int_irqmp_mp.c.o)
 .debug_info    0x0000000000000d26      0x5d5 /home/fsw/rep/tasa/lib/bcc-2.2.3-gcc/bin/../sparc-gaisler-elf/bsp/leon3/leon3/mfix-ut700/libbcc.a(int_irqmp_init.c.o)
 .debug_info    0x00000000000012fb      0x122 /home/fsw/rep/tasa/lib/bcc-2.2.3-gcc/bin/../sparc-gaisler-elf/bsp/leon3/leon3/mfix-ut700/libbcc.a(con_apbuart_init.c.o)
 .debug_info    0x000000000000141d      0x1d6 /home/fsw/rep/tasa/lib/bcc-2.2.3-gcc/bin/../sparc-gaisler-elf/bsp/leon3/leon3/mfix-ut700/libbcc.a(timer_gptimer_init.c.o)
 .debug_info    0x00000000000015f3       0xf5 /home/fsw/rep/tasa/lib/bcc-2.2.3-gcc/bin/../sparc-gaisler-elf/bsp/leon3/leon3/mfix-ut700/libbcc.a(isr.c.o)
 .debug_info    0x00000000000016e8       0xcd /home/fsw/rep/tasa/lib/bcc-2.2.3-gcc/bin/../sparc-gaisler-elf/bsp/leon3/leon3/mfix-ut700/libbcc.a(int_nest.c.o)
 .debug_info    0x00000000000017b5      0x8e0 /home/fsw/rep/tasa/lib/bcc-2.2.3-gcc/bin/../sparc-gaisler-elf/bsp/leon3/leon3/mfix-ut700/libbcc.a(ambapp.c.o)
 .debug_info    0x0000000000002095      0x33a /home/fsw/rep/tasa/lib/bcc-2.2.3-gcc/bin/../sparc-gaisler-elf/bsp/leon3/leon3/mfix-ut700/libbcc.a(ambapp_findfirst_fn.c.o)
 .debug_info    0x00000000000023cf       0xeb /home/fsw/rep/tasa/lib/bcc-2.2.3-gcc/bin/../sparc-gaisler-elf/bsp/leon3/leon3/mfix-ut700/libbcc.a(int_irqmp_handle.c.o)
 .debug_info    0x00000000000024ba       0x9d /home/fsw/rep/tasa/lib/bcc-2.2.3-gcc/bin/../sparc-gaisler-elf/bsp/leon3/leon3/mfix-ut700/libbcc.a(con_handle.c.o)
 .debug_info    0x0000000000002557       0xb7 /home/fsw/rep/tasa/lib/bcc-2.2.3-gcc/bin/../sparc-gaisler-elf/bsp/leon3/leon3/mfix-ut700/libbcc.a(timer_handle.c.o)
 .debug_info    0x000000000000260e      0x102 /home/fsw/rep/tasa/lib/bcc-2.2.3-gcc/bin/../lib/gcc/sparc-gaisler-elf/10.2.0/../../../../sparc-gaisler-elf/lib/leon3/mfix-ut700/libc.a(lib_a-atexit.o)
 .debug_info    0x0000000000002710      0x7de /home/fsw/rep/tasa/lib/bcc-2.2.3-gcc/bin/../lib/gcc/sparc-gaisler-elf/10.2.0/../../../../sparc-gaisler-elf/lib/leon3/mfix-ut700/libc.a(lib_a-exit.o)
 .debug_info    0x0000000000002eee      0x83e /home/fsw/rep/tasa/lib/bcc-2.2.3-gcc/bin/../lib/gcc/sparc-gaisler-elf/10.2.0/../../../../sparc-gaisler-elf/lib/leon3/mfix-ut700/libc.a(lib_a-impure.o)
 .debug_info    0x000000000000372c      0x162 /home/fsw/rep/tasa/lib/bcc-2.2.3-gcc/bin/../lib/gcc/sparc-gaisler-elf/10.2.0/../../../../sparc-gaisler-elf/lib/leon3/mfix-ut700/libc.a(lib_a-memcpy.o)
 .debug_info    0x000000000000388e      0x916 /home/fsw/rep/tasa/lib/bcc-2.2.3-gcc/bin/../lib/gcc/sparc-gaisler-elf/10.2.0/../../../../sparc-gaisler-elf/lib/leon3/mfix-ut700/libc.a(lib_a-printf.o)
 .debug_info    0x00000000000041a4      0x891 /home/fsw/rep/tasa/lib/bcc-2.2.3-gcc/bin/../lib/gcc/sparc-gaisler-elf/10.2.0/../../../../sparc-gaisler-elf/lib/leon3/mfix-ut700/libc.a(lib_a-putchar.o)