Archive member included to satisfy reference by file (symbol)

/home/fsw/rep/tasa/lib/bcc-2.2.3-gcc/bin/../sparc-gaisler-elf/bsp/leon3/leon3/mfix-ut700/soft/flat/libbcc.a(reset_trap_mvt.S.o)
                              /home/fsw/rep/tasa/lib/bcc-2.2.3-gcc/bin/../sparc-gaisler-elf/bsp/leon3/leon3/mfix-ut700/soft/flat/trap_table_mvt_tn0018.S.o (__bcc_trap_reset_mvt)
/home/fsw/rep/tasa/lib/bcc-2.2.3-gcc/bin/../sparc-gaisler-elf/bsp/leon3/leon3/mfix-ut700/soft/flat/libbcc.a(sw_trap_set_pil.S.o)
                              /home/fsw/rep/tasa/lib/bcc-2.2.3-gcc/bin/../sparc-gaisler-elf/bsp/leon3/leon3/mfix-ut700/soft/flat/trap_table_mvt_tn0018.S.o (__bcc_trap_sw_set_pil)
/home/fsw/rep/tasa/lib/bcc-2.2.3-gcc/bin/../sparc-gaisler-elf/bsp/leon3/leon3/mfix-ut700/soft/flat/libbcc.a(init.S.o)
                              /home/fsw/rep/tasa/lib/bcc-2.2.3-gcc/bin/../sparc-gaisler-elf/bsp/leon3/leon3/mfix-ut700/soft/flat/libbcc.a(reset_trap_mvt.S.o) (__bcc_init40)
/home/fsw/rep/tasa/lib/bcc-2.2.3-gcc/bin/../sparc-gaisler-elf/bsp/leon3/leon3/mfix-ut700/soft/flat/libbcc.a(leon_info.S.o)
                              /home/fsw/rep/tasa/lib/bcc-2.2.3-gcc/bin/../sparc-gaisler-elf/bsp/leon3/leon3/mfix-ut700/soft/flat/crt0.S.o (__bcc_get_leon_info)
/home/fsw/rep/tasa/lib/bcc-2.2.3-gcc/bin/../sparc-gaisler-elf/bsp/leon3/leon3/mfix-ut700/soft/flat/libbcc.a(dwzero.S.o)
                              /home/fsw/rep/tasa/lib/bcc-2.2.3-gcc/bin/../sparc-gaisler-elf/bsp/leon3/leon3/mfix-ut700/soft/flat/crt0.S.o (bcc_dwzero)
/home/fsw/rep/tasa/lib/bcc-2.2.3-gcc/bin/../sparc-gaisler-elf/bsp/leon3/leon3/mfix-ut700/soft/flat/libbcc.a(copy_data.c.o)
                              /home/fsw/rep/tasa/lib/bcc-2.2.3-gcc/bin/../sparc-gaisler-elf/bsp/leon3/leon3/mfix-ut700/soft/flat/crt0.S.o (__bcc_copy_data)
/home/fsw/rep/tasa/lib/bcc-2.2.3-gcc/bin/../sparc-gaisler-elf/bsp/leon3/leon3/mfix-ut700/soft/flat/libbcc.a(argv.c.o)
                              /home/fsw/rep/tasa/lib/bcc-2.2.3-gcc/bin/../sparc-gaisler-elf/bsp/leon3/leon3/mfix-ut700/soft/flat/crt0.S.o (__bcc_argvp)
/home/fsw/rep/tasa/lib/bcc-2.2.3-gcc/bin/../sparc-gaisler-elf/bsp/leon3/leon3/mfix-ut700/soft/flat/libbcc.a(interrupt_trap_flat_tn0018.S.o)
                              /home/fsw/rep/tasa/lib/bcc-2.2.3-gcc/bin/../sparc-gaisler-elf/bsp/leon3/leon3/mfix-ut700/soft/flat/trap_table_mvt_tn0018.S.o (__bcc_trap_interrupt_flat_tn0018)
/home/fsw/rep/tasa/lib/bcc-2.2.3-gcc/bin/../sparc-gaisler-elf/bsp/leon3/leon3/mfix-ut700/soft/flat/libbcc.a(int_irqmp_get_source.c.o)
                              /home/fsw/rep/tasa/lib/bcc-2.2.3-gcc/bin/../sparc-gaisler-elf/bsp/leon3/leon3/mfix-ut700/soft/flat/libbcc.a(interrupt_trap_flat_tn0018.S.o) (__bcc_int_get_source)
/home/fsw/rep/tasa/lib/bcc-2.2.3-gcc/bin/../sparc-gaisler-elf/bsp/leon3/leon3/mfix-ut700/soft/flat/libbcc.a(int_irqmp_mp.c.o)
                              /tmp/ccyYqly4.o (bcc_get_cpu_count)
/home/fsw/rep/tasa/lib/bcc-2.2.3-gcc/bin/../sparc-gaisler-elf/bsp/leon3/leon3/mfix-ut700/soft/flat/libbcc.a(int_irqmp_init.c.o)
                              /home/fsw/rep/tasa/lib/bcc-2.2.3-gcc/bin/../sparc-gaisler-elf/bsp/leon3/leon3/mfix-ut700/soft/flat/crt0.S.o (__bcc_int_init)
/home/fsw/rep/tasa/lib/bcc-2.2.3-gcc/bin/../sparc-gaisler-elf/bsp/leon3/leon3/mfix-ut700/soft/flat/libbcc.a(con_apbuart_init.c.o)
                              /home/fsw/rep/tasa/lib/bcc-2.2.3-gcc/bin/../sparc-gaisler-elf/bsp/leon3/leon3/mfix-ut700/soft/flat/crt0.S.o (__bcc_con_init)
/home/fsw/rep/tasa/lib/bcc-2.2.3-gcc/bin/../sparc-gaisler-elf/bsp/leon3/leon3/mfix-ut700/soft/flat/libbcc.a(timer_gptimer_init.c.o)
                              /home/fsw/rep/tasa/lib/bcc-2.2.3-gcc/bin/../sparc-gaisler-elf/bsp/leon3/leon3/mfix-ut700/soft/flat/crt0.S.o (__bcc_timer_init)
/home/fsw/rep/tasa/lib/bcc-2.2.3-gcc/bin/../sparc-gaisler-elf/bsp/leon3/leon3/mfix-ut700/soft/flat/libbcc.a(isr.c.o)
                              /home/fsw/rep/tasa/lib/bcc-2.2.3-gcc/bin/../sparc-gaisler-elf/bsp/leon3/leon3/mfix-ut700/soft/flat/libbcc.a(interrupt_trap_flat_tn0018.S.o) (__bcc_isr_list)
/home/fsw/rep/tasa/lib/bcc-2.2.3-gcc/bin/../sparc-gaisler-elf/bsp/leon3/leon3/mfix-ut700/soft/flat/libbcc.a(int_nest.c.o)
                              /home/fsw/rep/tasa/lib/bcc-2.2.3-gcc/bin/../sparc-gaisler-elf/bsp/leon3/leon3/mfix-ut700/soft/flat/libbcc.a(interrupt_trap_flat_tn0018.S.o) (__bcc_int_nest)
/home/fsw/rep/tasa/lib/bcc-2.2.3-gcc/bin/../sparc-gaisler-elf/bsp/leon3/leon3/mfix-ut700/soft/flat/libbcc.a(ambapp.c.o)
                              /home/fsw/rep/tasa/lib/bcc-2.2.3-gcc/bin/../sparc-gaisler-elf/bsp/leon3/leon3/mfix-ut700/soft/flat/libbcc.a(int_irqmp_init.c.o) (ambapp_visit)
/home/fsw/rep/tasa/lib/bcc-2.2.3-gcc/bin/../sparc-gaisler-elf/bsp/leon3/leon3/mfix-ut700/soft/flat/libbcc.a(ambapp_findfirst_fn.c.o)
                              /home/fsw/rep/tasa/lib/bcc-2.2.3-gcc/bin/../sparc-gaisler-elf/bsp/leon3/leon3/mfix-ut700/soft/flat/libbcc.a(int_irqmp_init.c.o) (ambapp_findfirst_fn)
[...]
Memory Configuration

Name             Origin             Length             Attributes
rom              0x0000000000000000 0x0000000020000000
ram              0x0000000040000000 0x0000000040000000
*default*        0x0000000000000000 0xffffffffffffffff

Linker script and memory map

LOAD /home/fsw/rep/tasa/lib/bcc-2.2.3-gcc/bin/../sparc-gaisler-elf/bsp/leon3/leon3/mfix-ut700/soft/flat/trap_table_mvt_tn0018.S.o
LOAD /home/fsw/rep/tasa/lib/bcc-2.2.3-gcc/bin/../sparc-gaisler-elf/bsp/leon3/leon3/mfix-ut700/soft/flat/crt0.S.o
LOAD /home/fsw/rep/tasa/lib/bcc-2.2.3-gcc/bin/../lib/gcc/sparc-gaisler-elf/10.2.0/leon3/mfix-ut700/soft/flat/crti.o
LOAD /home/fsw/rep/tasa/lib/bcc-2.2.3-gcc/bin/../lib/gcc/sparc-gaisler-elf/10.2.0/leon3/mfix-ut700/soft/flat/crtbegin.o
LOAD /tmp/ccyYqly4.o
                0x0000000000000000                PROVIDE (__bcc_cfg_skip_clear_bss = 0x0)

.text           0x0000000040000000    0x11ed0
 CREATE_OBJECT_SYMBOLS
                0x0000000040000000                __text_start = .
                0x0000000040000000                . = ALIGN (0x1000)
 *(.text.traptable)
 .text.traptable
                0x0000000040000000     0x1000 /home/fsw/rep/tasa/lib/bcc-2.2.3-gcc/bin/../sparc-gaisler-elf/bsp/leon3/leon3/mfix-ut700/soft/flat/trap_table_mvt_tn0018.S.o
                0x0000000040000000                __bcc_trap_table
                0x0000000040000000                __bcc_entry_point
 *(.text .text.*)
 .text          0x0000000040001000        0x0 /home/fsw/rep/tasa/lib/bcc-2.2.3-gcc/bin/../sparc-gaisler-elf/bsp/leon3/leon3/mfix-ut700/soft/flat/trap_table_mvt_tn0018.S.o
 .text          0x0000000040001000       0xc8 /home/fsw/rep/tasa/lib/bcc-2.2.3-gcc/bin/../sparc-gaisler-elf/bsp/leon3/leon3/mfix-ut700/soft/flat/crt0.S.o
                0x0000000040001000                __bcc_crt0
 .text          0x00000000400010c8        0x0 /home/fsw/rep/tasa/lib/bcc-2.2.3-gcc/bin/../lib/gcc/sparc-gaisler-elf/10.2.0/leon3/mfix-ut700/soft/flat/crti.o
 .text          0x00000000400010c8      0x200 /home/fsw/rep/tasa/lib/bcc-2.2.3-gcc/bin/../lib/gcc/sparc-gaisler-elf/10.2.0/leon3/mfix-ut700/soft/flat/crtbegin.o
 .text          0x00000000400012c8        0x0 /tmp/ccyYqly4.o
 .text.startup  0x00000000400012c8      0x170 /tmp/ccyYqly4.o
                0x00000000400012c8                main
 .text          0x0000000040001438       0x90 /home/fsw/rep/tasa/lib/bcc-2.2.3-gcc/bin/../sparc-gaisler-elf/bsp/leon3/leon3/mfix-ut700/soft/flat/libbcc.a(reset_trap_mvt.S.o)
                0x0000000040001438                __bcc_trap_reset_mvt
 .text          0x00000000400014c8       0x2c /home/fsw/rep/tasa/lib/bcc-2.2.3-gcc/bin/../sparc-gaisler-elf/bsp/leon3/leon3/mfix-ut700/soft/flat/libbcc.a(sw_trap_set_pil.S.o)
                0x00000000400014c8                __bcc_trap_sw_set_pil
 .text          0x00000000400014f4        0x8 /home/fsw/rep/tasa/lib/bcc-2.2.3-gcc/bin/../sparc-gaisler-elf/bsp/leon3/leon3/mfix-ut700/soft/flat/libbcc.a(init.S.o)
                0x00000000400014f4                __bcc_init50
                0x00000000400014f4                __bcc_init40
                0x00000000400014f4                __bcc_init70
                0x00000000400014f4                __bcc_init60
 .text          0x00000000400014fc       0x98 /home/fsw/rep/tasa/lib/bcc-2.2.3-gcc/bin/../sparc-gaisler-elf/bsp/leon3/leon3/mfix-ut700/soft/flat/libbcc.a(leon_info.S.o)
                0x00000000400014fc                __bcc_get_leon_info
                0x0000000040001584                bcc_get_cpuid
 .text          0x0000000040001594       0x2c /home/fsw/rep/tasa/lib/bcc-2.2.3-gcc/bin/../sparc-gaisler-elf/bsp/leon3/leon3/mfix-ut700/soft/flat/libbcc.a(dwzero.S.o)
                0x0000000040001594                bcc_dwzero
 .text          0x00000000400015c0       0x78 /home/fsw/rep/tasa/lib/bcc-2.2.3-gcc/bin/../sparc-gaisler-elf/bsp/leon3/leon3/mfix-ut700/soft/flat/libbcc.a(copy_data.c.o)
                0x00000000400015c0                __bcc_copy_data
 .text          0x0000000040001638        0x0 /home/fsw/rep/tasa/lib/bcc-2.2.3-gcc/bin/../sparc-gaisler-elf/bsp/leon3/leon3/mfix-ut700/soft/flat/libbcc.a(argv.c.o)
 *fill*         0x0000000040001638        0x8 
 .text          0x0000000040001640      0x1a0 /home/fsw/rep/tasa/lib/bcc-2.2.3-gcc/bin/../sparc-gaisler-elf/bsp/leon3/leon3/mfix-ut700/soft/flat/libbcc.a(interrupt_trap_flat_tn0018.S.o)
                0x0000000040001640                __bcc_trap_interrupt_flat_svt_tn0018
                0x0000000040001644                __bcc_trap_interrupt_flat_tn0018
 .text          0x00000000400017e0       0x48 /home/fsw/rep/tasa/lib/bcc-2.2.3-gcc/bin/../sparc-gaisler-elf/bsp/leon3/leon3/mfix-ut700/soft/flat/libbcc.a(int_irqmp_get_source.c.o)
                0x00000000400017e0                __bcc_int_get_source
 .text          0x0000000040001828       0xa0 /home/fsw/rep/tasa/lib/bcc-2.2.3-gcc/bin/../sparc-gaisler-elf/bsp/leon3/leon3/mfix-ut700/soft/flat/libbcc.a(int_irqmp_mp.c.o)
                0x0000000040001828                bcc_send_interrupt
                0x0000000040001868                bcc_get_cpu_count
                0x0000000040001894                bcc_start_processor
 .text          0x00000000400018c8      0x1e4 /home/fsw/rep/tasa/lib/bcc-2.2.3-gcc/bin/../sparc-gaisler-elf/bsp/leon3/leon3/mfix-ut700/soft/flat/libbcc.a(int_irqmp_init.c.o)
                0x00000000400018c8                __bcc_int_init
 .text          0x0000000040001aac       0x6c /home/fsw/rep/tasa/lib/bcc-2.2.3-gcc/bin/../sparc-gaisler-elf/bsp/leon3/leon3/mfix-ut700/soft/flat/libbcc.a(con_apbuart_init.c.o)
                0x0000000040001aac                __bcc_con_init
 .text          0x0000000040001b18       0x9c /home/fsw/rep/tasa/lib/bcc-2.2.3-gcc/bin/../sparc-gaisler-elf/bsp/leon3/leon3/mfix-ut700/soft/flat/libbcc.a(timer_gptimer_init.c.o)
                0x0000000040001b18                __bcc_timer_init
 .text          0x0000000040001bb4        0x0 /home/fsw/rep/tasa/lib/bcc-2.2.3-gcc/bin/../sparc-gaisler-elf/bsp/leon3/leon3/mfix-ut700/soft/flat/libbcc.a(isr.c.o)
 .text          0x0000000040001bb4        0x0 /home/fsw/rep/tasa/lib/bcc-2.2.3-gcc/bin/../sparc-gaisler-elf/bsp/leon3/leon3/mfix-ut700/soft/flat/libbcc.a(int_nest.c.o)
 .text          0x0000000040001bb4      0x7f4 /home/fsw/rep/tasa/lib/bcc-2.2.3-gcc/bin/../sparc-gaisler-elf/bsp/leon3/leon3/mfix-ut700/soft/flat/libbcc.a(ambapp.c.o)
                0x0000000040001bb4                ambapp_get_ahbinfo
                0x00000000400022c8                ambapp_get_apbinfo
                0x0000000040002370                ambapp_visit
 .text          0x00000000400023a8       0xac /home/fsw/rep/tasa/lib/bcc-2.2.3-gcc/bin/../sparc-gaisler-elf/bsp/leon3/leon3/mfix-ut700/soft/flat/libbcc.a(ambapp_findfirst_fn.c.o)
                0x00000000400023a8                ambapp_findfirst_fn
 .text          0x0000000040002454        0x0 /home/fsw/rep/tasa/lib/bcc-2.2.3-gcc/bin/../sparc-gaisler-elf/bsp/leon3/leon3/mfix-ut700/soft/flat/libbcc.a(int_irqmp_handle.c.o)
 .text          0x0000000040002454        0x0 /home/fsw/rep/tasa/lib/bcc-2.2.3-gcc/bin/../sparc-gaisler-elf/bsp/leon3/leon3/mfix-ut700/soft/flat/libbcc.a(con_handle.c.o)
 .text          0x0000000040002454        0x0 /home/fsw/rep/tasa/lib/bcc-2.2.3-gcc/bin/../sparc-gaisler-elf/bsp/leon3/leon3/mfix-ut700/soft/flat/libbcc.a(timer_handle.c.o)
 .text          0x0000000040002454       0x1c /home/fsw/rep/tasa/lib/bcc-2.2.3-gcc/bin/../lib/gcc/sparc-gaisler-elf/10.2.0/../../../../sparc-gaisler-elf/lib/leon3/mfix-ut700/soft/flat/libc.a(lib_a-atexit.o)
                0x0000000040002454                atexit
 .text          0x0000000040002470       0x50 /home/fsw/rep/tasa/lib/bcc-2.2.3-gcc/bin/../lib/gcc/sparc-gaisler-elf/10.2.0/../../../../sparc-gaisler-elf/lib/leon3/mfix-ut700/soft/flat/libc.a(lib_a-exit.o)
                0x0000000040002470                exit
 .text          0x00000000400024c0        0x0 /home/fsw/rep/tasa/lib/bcc-2.2.3-gcc/bin/../lib/gcc/sparc-gaisler-elf/10.2.0/../../../../sparc-gaisler-elf/lib/leon3/mfix-ut700/soft/flat/libc.a(lib_a-impure.o)
 .text          0x00000000400024c0      0x1d8 /home/fsw/rep/tasa/lib/bcc-2.2.3-gcc/bin/../lib/gcc/sparc-gaisler-elf/10.2.0/../../../../sparc-gaisler-elf/lib/leon3/mfix-ut700/soft/flat/libc.a(lib_a-memcpy.o)
                0x00000000400024c0                memcpy
 .text          0x0000000040002698      0x160 /home/fsw/rep/tasa/lib/bcc-2.2.3-gcc/bin/../lib/gcc/sparc-gaisler-elf/10.2.0/../../../../sparc-gaisler-elf/lib/leon3/mfix-ut700/soft/flat/libc.a(lib_a-printf.o)
                0x0000000040002698                _printf_r
                0x0000000040002748                printf
 .text          0x00000000400027f8      0x114 /home/fsw/rep/tasa/lib/bcc-2.2.3-gcc/bin/../lib/gcc/sparc-gaisler-elf/10.2.0/../../../../sparc-gaisler-elf/lib/leon3/mfix-ut700/soft/flat/libc.a(lib_a-putchar.o)
                0x00000000400027f8                _putchar_r
                0x000000004000287c                putchar
 .text          0x000000004000290c      0x2a8 /home/fsw/rep/tasa/lib/bcc-2.2.3-gcc/bin/../lib/gcc/sparc-gaisler-elf/10.2.0/../../../../sparc-gaisler-elf/lib/leon3/mfix-ut700/soft/flat/libc.a(lib_a-puts.o)
                0x000000004000290c                _puts_r
                0x0000000040002a60                puts
 .text          0x0000000040002bb4       0xc4 /home/fsw/rep/tasa/lib/bcc-2.2.3-gcc/bin/../lib/gcc/sparc-gaisler-elf/10.2.0/../../../../sparc-gaisler-elf/lib/leon3/mfix-ut700/soft/flat/libc.a(lib_a-strlen.o)
                0x0000000040002bb4                strlen
 .text          0x0000000040002c78     0x3034 /home/fsw/rep/tasa/lib/bcc-2.2.3-gcc/bin/../lib/gcc/sparc-gaisler-elf/10.2.0/../../../../sparc-gaisler-elf/lib/leon3/mfix-ut700/soft/flat/libc.a(lib_a-vfprintf.o)
                0x0000000040002de4                _vfprintf_r
                0x0000000040005bb4                vfprintf
 .text          0x0000000040005cac      0x200 /home/fsw/rep/tasa/lib/bcc-2.2.3-gcc/bin/../lib/gcc/sparc-gaisler-elf/10.2.0/../../../../sparc-gaisler-elf/lib/leon3/mfix-ut700/soft/flat/libc.a(lib_a-wsetup.o)
                0x0000000040005cac                __swsetup_r
 .text          0x0000000040005eac      0x19c /home/fsw/rep/tasa/lib/bcc-2.2.3-gcc/bin/../lib/gcc/sparc-gaisler-elf/10.2.0/../../../../sparc-gaisler-elf/lib/leon3/mfix-ut700/soft/flat/libc.a(lib_a-__atexit.o)
                0x0000000040005eac                __register_exitproc
 .text          0x0000000040006048      0x30c /home/fsw/rep/tasa/lib/bcc-2.2.3-gcc/bin/../lib/gcc/sparc-gaisler-elf/10.2.0/../../../../sparc-gaisler-elf/lib/leon3/mfix-ut700/soft/flat/libc.a(lib_a-__call_atexit.o)
                0x0000000040006048                __call_exitprocs
 .text          0x0000000040006354     0x18fc /home/fsw/rep/tasa/lib/bcc-2.2.3-gcc/bin/../lib/gcc/sparc-gaisler-elf/10.2.0/../../../../sparc-gaisler-elf/lib/leon3/mfix-ut700/soft/flat/libc.a(lib_a-dtoa.o)
                0x0000000040006578                _dtoa_r
 .text          0x0000000040007c50      0x4b8 /home/fsw/rep/tasa/lib/bcc-2.2.3-gcc/bin/../lib/gcc/sparc-gaisler-elf/10.2.0/../../../../sparc-gaisler-elf/lib/leon3/mfix-ut700/soft/flat/libc.a(lib_a-fflush.o)
                0x0000000040007c50                __sflush_r
                0x0000000040007f00                _fflush_r
                0x0000000040007fe0                fflush
 .text          0x0000000040008108      0x418 /home/fsw/rep/tasa/lib/bcc-2.2.3-gcc/bin/../lib/gcc/sparc-gaisler-elf/10.2.0/../../../../sparc-gaisler-elf/lib/leon3/mfix-ut700/soft/flat/libc.a(lib_a-findfp.o)
                0x0000000040008108                _cleanup_r
                0x000000004000811c                __sfmoreglue
                0x0000000040008188                __sfp
                0x00000000400084e0                _cleanup
                0x00000000400084fc                __sinit
 .text          0x0000000040008520      0x4c0 /home/fsw/rep/tasa/lib/bcc-2.2.3-gcc/bin/../lib/gcc/sparc-gaisler-elf/10.2.0/../../../../sparc-gaisler-elf/lib/leon3/mfix-ut700/soft/flat/libc.a(lib_a-freer.o)
                0x0000000040008520                _malloc_trim_r
                0x0000000040008640                _free_r
 .text          0x00000000400089e0      0x580 /home/fsw/rep/tasa/lib/bcc-2.2.3-gcc/bin/../lib/gcc/sparc-gaisler-elf/10.2.0/../../../../sparc-gaisler-elf/lib/leon3/mfix-ut700/soft/flat/libc.a(lib_a-fvwrite.o)
                0x00000000400089e0                __sfvwrite_r
 .text          0x0000000040008f60      0x150 /home/fsw/rep/tasa/lib/bcc-2.2.3-gcc/bin/../lib/gcc/sparc-gaisler-elf/10.2.0/../../../../sparc-gaisler-elf/lib/leon3/mfix-ut700/soft/flat/libc.a(lib_a-fwalk.o)
                0x0000000040008f60                _fwalk
                0x0000000040009008                _fwalk_reent
 .text          0x00000000400090b0       0x60 /home/fsw/rep/tasa/lib/bcc-2.2.3-gcc/bin/../lib/gcc/sparc-gaisler-elf/10.2.0/../../../../sparc-gaisler-elf/lib/leon3/mfix-ut700/soft/flat/libc.a(lib_a-localeconv.o)
                0x00000000400090b0                __localeconv_l
                0x00000000400090b8                _localeconv_r
                0x00000000400090e4                localeconv
 .text          0x0000000040009110      0x2a4 /home/fsw/rep/tasa/lib/bcc-2.2.3-gcc/bin/../lib/gcc/sparc-gaisler-elf/10.2.0/../../../../sparc-gaisler-elf/lib/leon3/mfix-ut700/soft/flat/libc.a(lib_a-makebuf.o)
                0x0000000040009110                __smakebuf_r
                0x00000000400092d4                __swhatbuf_r
 .text          0x00000000400093b4       0x30 /home/fsw/rep/tasa/lib/bcc-2.2.3-gcc/bin/../lib/gcc/sparc-gaisler-elf/10.2.0/../../../../sparc-gaisler-elf/lib/leon3/mfix-ut700/soft/flat/libc.a(lib_a-malloc.o)
                0x00000000400093b4                malloc
                0x00000000400093cc                free
 .text          0x00000000400093e4      0x8ac /home/fsw/rep/tasa/lib/bcc-2.2.3-gcc/bin/../lib/gcc/sparc-gaisler-elf/10.2.0/../../../../sparc-gaisler-elf/lib/leon3/mfix-ut700/soft/flat/libc.a(lib_a-mallocr.o)
                0x00000000400093e4                _malloc_r
 .text          0x0000000040009c90      0x120 /home/fsw/rep/tasa/lib/bcc-2.2.3-gcc/bin/../lib/gcc/sparc-gaisler-elf/10.2.0/../../../../sparc-gaisler-elf/lib/leon3/mfix-ut700/soft/flat/libc.a(lib_a-memchr.o)
                0x0000000040009c90                memchr
 .text          0x0000000040009db0      0x22c /home/fsw/rep/tasa/lib/bcc-2.2.3-gcc/bin/../lib/gcc/sparc-gaisler-elf/10.2.0/../../../../sparc-gaisler-elf/lib/leon3/mfix-ut700/soft/flat/libc.a(lib_a-memmove.o)
                0x0000000040009db0                memmove
 .text          0x0000000040009fdc      0x144 /home/fsw/rep/tasa/lib/bcc-2.2.3-gcc/bin/../lib/gcc/sparc-gaisler-elf/10.2.0/../../../../sparc-gaisler-elf/lib/leon3/mfix-ut700/soft/flat/libc.a(lib_a-memset.o)
                0x0000000040009fdc                memset
 .text          0x000000004000a120       0x10 /home/fsw/rep/tasa/lib/bcc-2.2.3-gcc/bin/../lib/gcc/sparc-gaisler-elf/10.2.0/../../../../sparc-gaisler-elf/lib/leon3/mfix-ut700/soft/flat/libc.a(lib_a-mlock.o)
                0x000000004000a120                __malloc_lock
                0x000000004000a128                __malloc_unlock
 .text          0x000000004000a130     0x1a14 /home/fsw/rep/tasa/lib/bcc-2.2.3-gcc/bin/../lib/gcc/sparc-gaisler-elf/10.2.0/../../../../sparc-gaisler-elf/lib/leon3/mfix-ut700/soft/flat/libc.a(lib_a-mprec.o)
                0x000000004000a130                _Balloc
                0x000000004000a22c                _Bfree
                0x000000004000a2ac                __multadd
                0x000000004000a400                __s2b
                0x000000004000a530                __hi0bits
                0x000000004000a5c4                __lo0bits
                0x000000004000a69c                __i2b
                0x000000004000a7c8                __multiply
                0x000000004000aa30                __pow5mult
                0x000000004000abfc                __lshift
                0x000000004000ae2c                __mcmp
                0x000000004000aeb4                __mdiff
                0x000000004000b118                __ulp
                0x000000004000b180                __b2d
                0x000000004000b328                __d2b
                0x000000004000b74c                __ratio
                0x000000004000b998                _mprec_log10
                0x000000004000ba2c                __copybits
                0x000000004000bac0                __any_on
 .text          0x000000004000bb44      0x260 /home/fsw/rep/tasa/lib/bcc-2.2.3-gcc/bin/../lib/gcc/sparc-gaisler-elf/10.2.0/../../../../sparc-gaisler-elf/lib/leon3/mfix-ut700/soft/flat/libc.a(lib_a-putc.o)
                0x000000004000bb44                _putc_r
                0x000000004000bc64                putc
 .text          0x000000004000bda4      0x5ec /home/fsw/rep/tasa/lib/bcc-2.2.3-gcc/bin/../lib/gcc/sparc-gaisler-elf/10.2.0/../../../../sparc-gaisler-elf/lib/leon3/mfix-ut700/soft/flat/libc.a(lib_a-reallocr.o)
                0x000000004000bda4                _realloc_r
 .text          0x000000004000c390       0xb8 /home/fsw/rep/tasa/lib/bcc-2.2.3-gcc/bin/../lib/gcc/sparc-gaisler-elf/10.2.0/../../../../sparc-gaisler-elf/lib/leon3/mfix-ut700/soft/flat/libc.a(lib_a-s_frexp.o)
                0x000000004000c390                frexp
 .text          0x000000004000c448       0x68 /home/fsw/rep/tasa/lib/bcc-2.2.3-gcc/bin/../lib/gcc/sparc-gaisler-elf/10.2.0/../../../../sparc-gaisler-elf/lib/leon3/mfix-ut700/soft/flat/libc.a(lib_a-sbrkr.o)
                0x000000004000c448                _sbrk_r
 .text          0x000000004000c4b0      0x1b0 /home/fsw/rep/tasa/lib/bcc-2.2.3-gcc/bin/../lib/gcc/sparc-gaisler-elf/10.2.0/../../../../sparc-gaisler-elf/lib/leon3/mfix-ut700/soft/flat/libc.a(lib_a-stdio.o)
                0x000000004000c4b0                __sread
                0x000000004000c51c                __seofread
                0x000000004000c524                __swrite
                0x000000004000c5dc                __sseek
                0x000000004000c650                __sclose
 .text          0x000000004000c660      0x1d0 /home/fsw/rep/tasa/lib/bcc-2.2.3-gcc/bin/../lib/gcc/sparc-gaisler-elf/10.2.0/../../../../sparc-gaisler-elf/lib/leon3/mfix-ut700/soft/flat/libc.a(lib_a-strncpy.o)
                0x000000004000c660                strncpy
 .text          0x000000004000c830     0x2060 /home/fsw/rep/tasa/lib/bcc-2.2.3-gcc/bin/../lib/gcc/sparc-gaisler-elf/10.2.0/../../../../sparc-gaisler-elf/lib/leon3/mfix-ut700/soft/flat/libc.a(lib_a-vfiprintf.o)
                0x000000004000c99c                __sprint_r
                0x000000004000cab8                _vfiprintf_r
                0x000000004000e798                vfiprintf
 .text          0x000000004000e890      0x3b4 /home/fsw/rep/tasa/lib/bcc-2.2.3-gcc/bin/../lib/gcc/sparc-gaisler-elf/10.2.0/../../../../sparc-gaisler-elf/lib/leon3/mfix-ut700/soft/flat/libc.a(lib_a-wbuf.o)
                0x000000004000e890                __swbuf_r
                0x000000004000ea68                __swbuf
 .text          0x000000004000ec44       0x70 /home/fsw/rep/tasa/lib/bcc-2.2.3-gcc/bin/../lib/gcc/sparc-gaisler-elf/10.2.0/../../../../sparc-gaisler-elf/lib/leon3/mfix-ut700/soft/flat/libc.a(lib_a-writer.o)
                0x000000004000ec44                _write_r
 .text          0x000000004000ecb4       0xc8 /home/fsw/rep/tasa/lib/bcc-2.2.3-gcc/bin/../lib/gcc/sparc-gaisler-elf/10.2.0/../../../../sparc-gaisler-elf/lib/leon3/mfix-ut700/soft/flat/libc.a(lib_a-callocr.o)
                0x000000004000ecb4                _calloc_r
 .text          0x000000004000ed7c       0x68 /home/fsw/rep/tasa/lib/bcc-2.2.3-gcc/bin/../lib/gcc/sparc-gaisler-elf/10.2.0/../../../../sparc-gaisler-elf/lib/leon3/mfix-ut700/soft/flat/libc.a(lib_a-closer.o)
                0x000000004000ed7c                _close_r
 .text          0x000000004000ede4      0x324 /home/fsw/rep/tasa/lib/bcc-2.2.3-gcc/bin/../lib/gcc/sparc-gaisler-elf/10.2.0/../../../../sparc-gaisler-elf/lib/leon3/mfix-ut700/soft/flat/libc.a(lib_a-fclose.o)
                0x000000004000ede4                _fclose_r
                0x000000004000ef74                fclose
 .text          0x000000004000f108      0x258 /home/fsw/rep/tasa/lib/bcc-2.2.3-gcc/bin/../lib/gcc/sparc-gaisler-elf/10.2.0/../../../../sparc-gaisler-elf/lib/leon3/mfix-ut700/soft/flat/libc.a(lib_a-fputwc.o)
                0x000000004000f108                __fputwc
                0x000000004000f240                _fputwc_r
                0x000000004000f270                fputwc
 .text          0x000000004000f360       0x6c /home/fsw/rep/tasa/lib/bcc-2.2.3-gcc/bin/../lib/gcc/sparc-gaisler-elf/10.2.0/../../../../sparc-gaisler-elf/lib/leon3/mfix-ut700/soft/flat/libc.a(lib_a-fstatr.o)
                0x000000004000f360                _fstat_r
 .text          0x000000004000f3cc       0x68 /home/fsw/rep/tasa/lib/bcc-2.2.3-gcc/bin/../lib/gcc/sparc-gaisler-elf/10.2.0/../../../../sparc-gaisler-elf/lib/leon3/mfix-ut700/soft/flat/libc.a(lib_a-isattyr.o)
                0x000000004000f3cc                _isatty_r
 .text          0x000000004000f434      0x180 /home/fsw/rep/tasa/lib/bcc-2.2.3-gcc/bin/../lib/gcc/sparc-gaisler-elf/10.2.0/../../../../sparc-gaisler-elf/lib/leon3/mfix-ut700/soft/flat/libc.a(lib_a-locale.o)
                0x000000004000f434                _setlocale_r
                0x000000004000f4c4                __locale_mb_cur_max
                0x000000004000f4f0                __locale_ctype_ptr_l
                0x000000004000f4f8                __locale_ctype_ptr
                0x000000004000f524                setlocale
 .text          0x000000004000f5b4       0x70 /home/fsw/rep/tasa/lib/bcc-2.2.3-gcc/bin/../lib/gcc/sparc-gaisler-elf/10.2.0/../../../../sparc-gaisler-elf/lib/leon3/mfix-ut700/soft/flat/libc.a(lib_a-lseekr.o)
                0x000000004000f5b4                _lseek_r
 .text          0x000000004000f624       0xb4 /home/fsw/rep/tasa/lib/bcc-2.2.3-gcc/bin/../lib/gcc/sparc-gaisler-elf/10.2.0/../../../../sparc-gaisler-elf/lib/leon3/mfix-ut700/soft/flat/libc.a(lib_a-mbtowc_r.o)
                0x000000004000f624                _mbtowc_r
                0x000000004000f684                __ascii_mbtowc
 .text          0x000000004000f6d8       0x70 /home/fsw/rep/tasa/lib/bcc-2.2.3-gcc/bin/../lib/gcc/sparc-gaisler-elf/10.2.0/../../../../sparc-gaisler-elf/lib/leon3/mfix-ut700/soft/flat/libc.a(lib_a-readr.o)
                0x000000004000f6d8                _read_r
 .text          0x000000004000f748      0x3cc /home/fsw/rep/tasa/lib/bcc-2.2.3-gcc/bin/../lib/gcc/sparc-gaisler-elf/10.2.0/../../../../sparc-gaisler-elf/lib/leon3/mfix-ut700/soft/flat/libc.a(lib_a-reent.o)
                0x000000004000f748                cleanup_glue
                0x000000004000f804                _reclaim_reent
 .text          0x000000004000fb14       0xc8 /home/fsw/rep/tasa/lib/bcc-2.2.3-gcc/bin/../lib/gcc/sparc-gaisler-elf/10.2.0/../../../../sparc-gaisler-elf/lib/leon3/mfix-ut700/soft/flat/libc.a(lib_a-strcmp.o)
                0x000000004000fb14                strcmp
 .text          0x000000004000fbdc      0x19c /home/fsw/rep/tasa/lib/bcc-2.2.3-gcc/bin/../lib/gcc/sparc-gaisler-elf/10.2.0/../../../../sparc-gaisler-elf/lib/leon3/mfix-ut700/soft/flat/libc.a(lib_a-wcrtomb.o)
                0x000000004000fbdc                _wcrtomb_r
                0x000000004000fca8                wcrtomb
 .text          0x000000004000fd78       0x98 /home/fsw/rep/tasa/lib/bcc-2.2.3-gcc/bin/../lib/gcc/sparc-gaisler-elf/10.2.0/../../../../sparc-gaisler-elf/lib/leon3/mfix-ut700/soft/flat/libc.a(lib_a-wctomb_r.o)
                0x000000004000fd78                _wctomb_r
                0x000000004000fdd8                __ascii_wctomb
 .text          0x000000004000fe10        0x0 /home/fsw/rep/tasa/lib/bcc-2.2.3-gcc/bin/../lib/gcc/sparc-gaisler-elf/10.2.0/../../../../sparc-gaisler-elf/lib/leon3/mfix-ut700/soft/flat/libc.a(lib_a-ctype_.o)
 .text          0x000000004000fe10       0x10 /home/fsw/rep/tasa/lib/bcc-2.2.3-gcc/bin/../sparc-gaisler-elf/bsp/leon3/leon3/mfix-ut700/soft/flat/libbcc.a(_exit.S.o)
                0x000000004000fe10                _exit
 .text          0x000000004000fe20       0x80 /home/fsw/rep/tasa/lib/bcc-2.2.3-gcc/bin/../sparc-gaisler-elf/bsp/leon3/leon3/mfix-ut700/soft/flat/libbcc.a(read.c.o)
                0x000000004000fe20                read
 .text          0x000000004000fea0       0xd0 /home/fsw/rep/tasa/lib/bcc-2.2.3-gcc/bin/../sparc-gaisler-elf/bsp/leon3/leon3/mfix-ut700/soft/flat/libbcc.a(sbrk.c.o)
                0x000000004000fea0                sbrk
 .text          0x000000004000ff70        0x0 /home/fsw/rep/tasa/lib/bcc-2.2.3-gcc/bin/../sparc-gaisler-elf/bsp/leon3/leon3/mfix-ut700/soft/flat/libbcc.a(heap.c.o)
 .text          0x000000004000ff70       0xa4 /home/fsw/rep/tasa/lib/bcc-2.2.3-gcc/bin/../sparc-gaisler-elf/bsp/leon3/leon3/mfix-ut700/soft/flat/libbcc.a(write.c.o)
                0x000000004000ff70                write
 .text          0x0000000040010014       0x20 /home/fsw/rep/tasa/lib/bcc-2.2.3-gcc/bin/../sparc-gaisler-elf/bsp/leon3/leon3/mfix-ut700/soft/flat/libbcc.a(stubs.S.o)
                0x0000000040010014                execve
                0x0000000040010014                lseek
                0x0000000040010014                fstat
                0x0000000040010014                kill
                0x0000000040010014                wait
                0x0000000040010014                unlink
                0x0000000040010014                fork
                0x0000000040010014                stat
                0x0000000040010014                link
                0x0000000040010014                open
                0x0000000040010014                close
                0x000000004001002c                getpid
                0x000000004001002c                isatty
 .text          0x0000000040010034       0xc4 /home/fsw/rep/tasa/lib/bcc-2.2.3-gcc/bin/../sparc-gaisler-elf/bsp/leon3/leon3/mfix-ut700/soft/flat/libbcc.a(con_apbuart.c.o)
                0x0000000040010034                __bcc_con_outbyte
                0x00000000400100c4                __bcc_con_inbyte
 .text          0x00000000400100f8      0x1f0 /home/fsw/rep/tasa/lib/bcc-2.2.3-gcc/bin/../lib/gcc/sparc-gaisler-elf/10.2.0/leon3/mfix-ut700/soft/flat/libgcc.a(_udivdi3.o)
                0x00000000400100f8                __udivdi3
 .text          0x00000000400102e8      0x21c /home/fsw/rep/tasa/lib/bcc-2.2.3-gcc/bin/../lib/gcc/sparc-gaisler-elf/10.2.0/leon3/mfix-ut700/soft/flat/libgcc.a(_umoddi3.o)
                0x00000000400102e8                __umoddi3
 .text          0x0000000040010504      0x7e8 /home/fsw/rep/tasa/lib/bcc-2.2.3-gcc/bin/../lib/gcc/sparc-gaisler-elf/10.2.0/leon3/mfix-ut700/soft/flat/libgcc.a(_addsub_df.o)
                0x0000000040010504                __adddf3
                0x00000000400108fc                __subdf3
 .text          0x0000000040010cec      0x31c /home/fsw/rep/tasa/lib/bcc-2.2.3-gcc/bin/../lib/gcc/sparc-gaisler-elf/10.2.0/leon3/mfix-ut700/soft/flat/libgcc.a(_mul_df.o)
                0x0000000040010cec                __muldf3
 .text          0x0000000040011008      0x230 /home/fsw/rep/tasa/lib/bcc-2.2.3-gcc/bin/../lib/gcc/sparc-gaisler-elf/10.2.0/leon3/mfix-ut700/soft/flat/libgcc.a(_div_df.o)
                0x0000000040011008                __divdf3
 .text          0x0000000040011238       0x7c /home/fsw/rep/tasa/lib/bcc-2.2.3-gcc/bin/../lib/gcc/sparc-gaisler-elf/10.2.0/leon3/mfix-ut700/soft/flat/libgcc.a(_eq_df.o)
                0x0000000040011238                __eqdf2
 .text          0x00000000400112b4       0x7c /home/fsw/rep/tasa/lib/bcc-2.2.3-gcc/bin/../lib/gcc/sparc-gaisler-elf/10.2.0/leon3/mfix-ut700/soft/flat/libgcc.a(_ne_df.o)
                0x00000000400112b4                __nedf2
 .text          0x0000000040011330       0x7c /home/fsw/rep/tasa/lib/bcc-2.2.3-gcc/bin/../lib/gcc/sparc-gaisler-elf/10.2.0/leon3/mfix-ut700/soft/flat/libgcc.a(_gt_df.o)
                0x0000000040011330                __gtdf2
 .text          0x00000000400113ac       0x7c /home/fsw/rep/tasa/lib/bcc-2.2.3-gcc/bin/../lib/gcc/sparc-gaisler-elf/10.2.0/leon3/mfix-ut700/soft/flat/libgcc.a(_lt_df.o)
                0x00000000400113ac                __ltdf2
 .text          0x0000000040011428       0x7c /home/fsw/rep/tasa/lib/bcc-2.2.3-gcc/bin/../lib/gcc/sparc-gaisler-elf/10.2.0/leon3/mfix-ut700/soft/flat/libgcc.a(_le_df.o)
                0x0000000040011428                __ledf2
 .text          0x00000000400114a4       0x70 /home/fsw/rep/tasa/lib/bcc-2.2.3-gcc/bin/../lib/gcc/sparc-gaisler-elf/10.2.0/leon3/mfix-ut700/soft/flat/libgcc.a(_unord_df.o)
                0x00000000400114a4                __unorddf2
 .text          0x0000000040011514       0xcc /home/fsw/rep/tasa/lib/bcc-2.2.3-gcc/bin/../lib/gcc/sparc-gaisler-elf/10.2.0/leon3/mfix-ut700/soft/flat/libgcc.a(_si_to_df.o)
                0x0000000040011514                __floatsidf
 .text          0x00000000400115e0       0xe4 /home/fsw/rep/tasa/lib/bcc-2.2.3-gcc/bin/../lib/gcc/sparc-gaisler-elf/10.2.0/leon3/mfix-ut700/soft/flat/libgcc.a(_df_to_si.o)
                0x00000000400115e0                __fixdfsi
 .text          0x00000000400116c4        0x0 /home/fsw/rep/tasa/lib/bcc-2.2.3-gcc/bin/../lib/gcc/sparc-gaisler-elf/10.2.0/leon3/mfix-ut700/soft/flat/libgcc.a(_thenan_df.o)
 .text          0x00000000400116c4       0x9c /home/fsw/rep/tasa/lib/bcc-2.2.3-gcc/bin/../lib/gcc/sparc-gaisler-elf/10.2.0/leon3/mfix-ut700/soft/flat/libgcc.a(_usi_to_df.o)
                0x00000000400116c4                __floatunsidf
 .text          0x0000000040011760        0x0 /home/fsw/rep/tasa/lib/bcc-2.2.3-gcc/bin/../lib/gcc/sparc-gaisler-elf/10.2.0/leon3/mfix-ut700/soft/flat/libgcc.a(_clz.o)
 .text          0x0000000040011760       0x94 /home/fsw/rep/tasa/lib/bcc-2.2.3-gcc/bin/../lib/gcc/sparc-gaisler-elf/10.2.0/leon3/mfix-ut700/soft/flat/libgcc.a(_clzsi2.o)
                0x0000000040011760                __clzsi2
 .text          0x00000000400117f4      0x298 /home/fsw/rep/tasa/lib/bcc-2.2.3-gcc/bin/../lib/gcc/sparc-gaisler-elf/10.2.0/leon3/mfix-ut700/soft/flat/libgcc.a(_pack_df.o)
                0x00000000400117f4                __pack_d
 .text          0x0000000040011a8c      0x14c /home/fsw/rep/tasa/lib/bcc-2.2.3-gcc/bin/../lib/gcc/sparc-gaisler-elf/10.2.0/leon3/mfix-ut700/soft/flat/libgcc.a(_unpack_df.o)
                0x0000000040011a8c                __unpack_d
 .text          0x0000000040011bd8      0x188 /home/fsw/rep/tasa/lib/bcc-2.2.3-gcc/bin/../lib/gcc/sparc-gaisler-elf/10.2.0/leon3/mfix-ut700/soft/flat/libgcc.a(_fpcmp_parts_df.o)
                0x0000000040011bd8                __fpcmp_parts_d
 .text          0x0000000040011d60       0x74 /home/fsw/rep/tasa/lib/bcc-2.2.3-gcc/bin/../lib/gcc/sparc-gaisler-elf/10.2.0/leon3/mfix-ut700/soft/flat/crtend.o
 .text          0x0000000040011dd4        0x0 /home/fsw/rep/tasa/lib/bcc-2.2.3-gcc/bin/../lib/gcc/sparc-gaisler-elf/10.2.0/leon3/mfix-ut700/soft/flat/crtn.o
                0x0000000040011de0                . = ALIGN (0x10)
 *fill*         0x0000000040011dd4        0xc 
 *(.eh_frame)
 .eh_frame      0x0000000040011de0        0x0 /home/fsw/rep/tasa/lib/bcc-2.2.3-gcc/bin/../lib/gcc/sparc-gaisler-elf/10.2.0/leon3/mfix-ut700/soft/flat/crtbegin.o
 .eh_frame      0x0000000040011de0       0x30 /home/fsw/rep/tasa/lib/bcc-2.2.3-gcc/bin/../lib/gcc/sparc-gaisler-elf/10.2.0/leon3/mfix-ut700/soft/flat/libgcc.a(_udivdi3.o)
 .eh_frame      0x0000000040011e10       0x30 /home/fsw/rep/tasa/lib/bcc-2.2.3-gcc/bin/../lib/gcc/sparc-gaisler-elf/10.2.0/leon3/mfix-ut700/soft/flat/libgcc.a(_umoddi3.o)
 .eh_frame      0x0000000040011e40        0x4 /home/fsw/rep/tasa/lib/bcc-2.2.3-gcc/bin/../lib/gcc/sparc-gaisler-elf/10.2.0/leon3/mfix-ut700/soft/flat/crtend.o
                0x0000000040011e50                . = ALIGN (0x10)
 *fill*         0x0000000040011e44        0xc 
 *(.gnu.linkonce.t*)
                0x0000000040011e50                ___CTOR_LIST__ = .
                0x0000000040011e50        0x4 LONG 0x2 (((___CTOR_END__ - ___CTOR_LIST__) / 0x4) - 0x2)
 *(SORT_BY_NAME(.ctors.*))
 *(.ctors)
 .ctors         0x0000000040011e54        0x4 /home/fsw/rep/tasa/lib/bcc-2.2.3-gcc/bin/../lib/gcc/sparc-gaisler-elf/10.2.0/leon3/mfix-ut700/soft/flat/crtbegin.o
 .ctors         0x0000000040011e58        0x4 /home/fsw/rep/tasa/lib/bcc-2.2.3-gcc/bin/../lib/gcc/sparc-gaisler-elf/10.2.0/leon3/mfix-ut700/soft/flat/crtend.o
                0x0000000040011e5c        0x4 LONG 0x0
                0x0000000040011e60                ___CTOR_END__ = .
                0x0000000040011e60                ___DTOR_LIST__ = .
                0x0000000040011e60        0x4 LONG 0x2 (((___DTOR_END__ - ___DTOR_LIST__) / 0x4) - 0x2)
 *(SORT_BY_NAME(.dtors.*))
 *(.dtors)
 .dtors         0x0000000040011e64        0x4 /home/fsw/rep/tasa/lib/bcc-2.2.3-gcc/bin/../lib/gcc/sparc-gaisler-elf/10.2.0/leon3/mfix-ut700/soft/flat/crtbegin.o
 .dtors         0x0000000040011e68        0x4 /home/fsw/rep/tasa/lib/bcc-2.2.3-gcc/bin/../lib/gcc/sparc-gaisler-elf/10.2.0/leon3/mfix-ut700/soft/flat/crtend.o
                0x0000000040011e68                __DTOR_END__
                0x0000000040011e6c        0x4 LONG 0x0
                0x0000000040011e70                ___DTOR_END__ = .
 *(.gnu.linkonce*)
 *(.init)
 .init          0x0000000040011e70        0xc /home/fsw/rep/tasa/lib/bcc-2.2.3-gcc/bin/../lib/gcc/sparc-gaisler-elf/10.2.0/leon3/mfix-ut700/soft/flat/crti.o
                0x0000000040011e70                _init
 .init          0x0000000040011e7c        0x8 /home/fsw/rep/tasa/lib/bcc-2.2.3-gcc/bin/../lib/gcc/sparc-gaisler-elf/10.2.0/leon3/mfix-ut700/soft/flat/crtbegin.o
 .init          0x0000000040011e84        0x8 /home/fsw/rep/tasa/lib/bcc-2.2.3-gcc/bin/../lib/gcc/sparc-gaisler-elf/10.2.0/leon3/mfix-ut700/soft/flat/crtend.o
 .init          0x0000000040011e8c       0x14 /home/fsw/rep/tasa/lib/bcc-2.2.3-gcc/bin/../lib/gcc/sparc-gaisler-elf/10.2.0/leon3/mfix-ut700/soft/flat/crtn.o
 *(.fini)
 .fini          0x0000000040011ea0        0xc /home/fsw/rep/tasa/lib/bcc-2.2.3-gcc/bin/../lib/gcc/sparc-gaisler-elf/10.2.0/leon3/mfix-ut700/soft/flat/crti.o
                0x0000000040011ea0                _fini
 .fini          0x0000000040011eac        0x8 /home/fsw/rep/tasa/lib/bcc-2.2.3-gcc/bin/../lib/gcc/sparc-gaisler-elf/10.2.0/leon3/mfix-ut700/soft/flat/crtbegin.o
 .fini          0x0000000040011eb4       0x14 /home/fsw/rep/tasa/lib/bcc-2.2.3-gcc/bin/../lib/gcc/sparc-gaisler-elf/10.2.0/leon3/mfix-ut700/soft/flat/crtn.o
 *(.lit)
 *(.shdata)
                0x0000000040011ed0                . = ALIGN (0x10)
 *fill*         0x0000000040011ec8        0x8 
                0x0000000040011ed0                __text_end = .

.gcc_except_table
 *(.gcc_except_table.*)

.rodata         0x0000000040011ed0      0x750
                0x0000000040011ed0                __rodata_start = .
 *(.rodata*)
 .rodata.str1.8
                0x0000000040011ed0       0xcf /tmp/ccyYqly4.o
 *fill*         0x0000000040011f9f        0x1 
 .rodata        0x0000000040011fa0        0x5 /tmp/ccyYqly4.o
 *fill*         0x0000000040011fa5        0x3 
 .rodata        0x0000000040011fa8        0x4 /home/fsw/rep/tasa/lib/bcc-2.2.3-gcc/bin/../lib/gcc/sparc-gaisler-elf/10.2.0/../../../../sparc-gaisler-elf/lib/leon3/mfix-ut700/soft/flat/libc.a(lib_a-impure.o)
                0x0000000040011fa8                _global_impure_ptr
 *fill*         0x0000000040011fac        0x4 
 .rodata.str1.8
                0x0000000040011fb0        0x2 /home/fsw/rep/tasa/lib/bcc-2.2.3-gcc/bin/../lib/gcc/sparc-gaisler-elf/10.2.0/../../../../sparc-gaisler-elf/lib/leon3/mfix-ut700/soft/flat/libc.a(lib_a-puts.o)
 *fill*         0x0000000040011fb2        0x6 
 .rodata.str1.8
                0x0000000040011fb8       0x5a /home/fsw/rep/tasa/lib/bcc-2.2.3-gcc/bin/../lib/gcc/sparc-gaisler-elf/10.2.0/../../../../sparc-gaisler-elf/lib/leon3/mfix-ut700/soft/flat/libc.a(lib_a-vfprintf.o)
 *fill*         0x0000000040012012        0x6 
 .rodata.cst8   0x0000000040012018       0x18 /home/fsw/rep/tasa/lib/bcc-2.2.3-gcc/bin/../lib/gcc/sparc-gaisler-elf/10.2.0/../../../../sparc-gaisler-elf/lib/leon3/mfix-ut700/soft/flat/libc.a(lib_a-vfprintf.o)
 .rodata        0x0000000040012030       0x20 /home/fsw/rep/tasa/lib/bcc-2.2.3-gcc/bin/../lib/gcc/sparc-gaisler-elf/10.2.0/../../../../sparc-gaisler-elf/lib/leon3/mfix-ut700/soft/flat/libc.a(lib_a-vfprintf.o)
 .rodata.str1.8
                0x0000000040012050       0x14 /home/fsw/rep/tasa/lib/bcc-2.2.3-gcc/bin/../lib/gcc/sparc-gaisler-elf/10.2.0/../../../../sparc-gaisler-elf/lib/leon3/mfix-ut700/soft/flat/libc.a(lib_a-dtoa.o)
                                         0x1a (size before relaxing)
 *fill*         0x0000000040012064        0x4 
 .rodata.cst8   0x0000000040012068       0x48 /home/fsw/rep/tasa/lib/bcc-2.2.3-gcc/bin/../lib/gcc/sparc-gaisler-elf/10.2.0/../../../../sparc-gaisler-elf/lib/leon3/mfix-ut700/soft/flat/libc.a(lib_a-dtoa.o)
 .rodata        0x00000000400120b0       0x60 /home/fsw/rep/tasa/lib/bcc-2.2.3-gcc/bin/../lib/gcc/sparc-gaisler-elf/10.2.0/../../../../sparc-gaisler-elf/lib/leon3/mfix-ut700/soft/flat/libc.a(lib_a-findfp.o)
                0x00000000400120b0                __sf_fake_stderr
                0x00000000400120d0                __sf_fake_stdout
                0x00000000400120f0                __sf_fake_stdin
 .rodata.cst8   0x0000000040012110       0x10 /home/fsw/rep/tasa/lib/bcc-2.2.3-gcc/bin/../lib/gcc/sparc-gaisler-elf/10.2.0/../../../../sparc-gaisler-elf/lib/leon3/mfix-ut700/soft/flat/libc.a(lib_a-mprec.o)
 .rodata        0x0000000040012110      0x128 /home/fsw/rep/tasa/lib/bcc-2.2.3-gcc/bin/../lib/gcc/sparc-gaisler-elf/10.2.0/../../../../sparc-gaisler-elf/lib/leon3/mfix-ut700/soft/flat/libc.a(lib_a-mprec.o)
                0x0000000040012120                __mprec_tinytens
                0x0000000040012148                __mprec_bigtens
                0x0000000040012170                __mprec_tens
 .rodata.cst8   0x0000000040012238        0x8 /home/fsw/rep/tasa/lib/bcc-2.2.3-gcc/bin/../lib/gcc/sparc-gaisler-elf/10.2.0/../../../../sparc-gaisler-elf/lib/leon3/mfix-ut700/soft/flat/libc.a(lib_a-s_frexp.o)
 .rodata.str1.8
                0x0000000040012240       0x37 /home/fsw/rep/tasa/lib/bcc-2.2.3-gcc/bin/../lib/gcc/sparc-gaisler-elf/10.2.0/../../../../sparc-gaisler-elf/lib/leon3/mfix-ut700/soft/flat/libc.a(lib_a-vfiprintf.o)
 .rodata        0x0000000040012240       0x20 /home/fsw/rep/tasa/lib/bcc-2.2.3-gcc/bin/../lib/gcc/sparc-gaisler-elf/10.2.0/../../../../sparc-gaisler-elf/lib/leon3/mfix-ut700/soft/flat/libc.a(lib_a-vfiprintf.o)
 .rodata.str1.8
                0x0000000040012260       0x12 /home/fsw/rep/tasa/lib/bcc-2.2.3-gcc/bin/../lib/gcc/sparc-gaisler-elf/10.2.0/../../../../sparc-gaisler-elf/lib/leon3/mfix-ut700/soft/flat/libc.a(lib_a-locale.o)
                                         0x1a (size before relaxing)
 *fill*         0x0000000040012272        0x6 
 .rodata        0x0000000040012278      0x288 /home/fsw/rep/tasa/lib/bcc-2.2.3-gcc/bin/../lib/gcc/sparc-gaisler-elf/10.2.0/../../../../sparc-gaisler-elf/lib/leon3/mfix-ut700/soft/flat/libc.a(lib_a-ctype_.o)
                0x0000000040012278                _ctype_
                0x0000000040012380                _ctype_b
 .rodata.cst8   0x0000000040012500        0x8 /home/fsw/rep/tasa/lib/bcc-2.2.3-gcc/bin/../lib/gcc/sparc-gaisler-elf/10.2.0/leon3/mfix-ut700/soft/flat/libgcc.a(_si_to_df.o)
 .rodata        0x0000000040012508       0x18 /home/fsw/rep/tasa/lib/bcc-2.2.3-gcc/bin/../lib/gcc/sparc-gaisler-elf/10.2.0/leon3/mfix-ut700/soft/flat/libgcc.a(_thenan_df.o)
                0x0000000040012508                __thenan_df
 .rodata        0x0000000040012520      0x100 /home/fsw/rep/tasa/lib/bcc-2.2.3-gcc/bin/../lib/gcc/sparc-gaisler-elf/10.2.0/leon3/mfix-ut700/soft/flat/libgcc.a(_clz.o)
                0x0000000040012520                __clz_tab
 *(.gnu.linkonce.r*)
                0x0000000040012620                . = ALIGN (0x10)
                0x0000000040012620                __rodata_end = .

.rela.dyn       0x0000000040012620        0x0
 .rela.iplt     0x0000000040012620        0x0 /home/fsw/rep/tasa/lib/bcc-2.2.3-gcc/bin/../sparc-gaisler-elf/bsp/leon3/leon3/mfix-ut700/soft/flat/trap_table_mvt_tn0018.S.o
 .rela.text.traptable
                0x0000000040012620        0x0 /home/fsw/rep/tasa/lib/bcc-2.2.3-gcc/bin/../sparc-gaisler-elf/bsp/leon3/leon3/mfix-ut700/soft/flat/trap_table_mvt_tn0018.S.o
 .rela.text     0x0000000040012620        0x0 /home/fsw/rep/tasa/lib/bcc-2.2.3-gcc/bin/../sparc-gaisler-elf/bsp/leon3/leon3/mfix-ut700/soft/flat/trap_table_mvt_tn0018.S.o

.ext.data       0x0000000040012620        0x0
                0x0000000040012620                . = ALIGN (0x8)
                0x0000000040012620                __extdata_start = .
 *(.data.ext)
                0x0000000040012620                . = ALIGN (0x8)
                0x0000000040012620                __extdata_end = .
                0x0000000040012620                __extdata_start_lma = LOADADDR (.ext.data)
                0x0000000000000000                __extdata_size = SIZEOF (.ext.data)

.data           0x0000000040012620      0x608
                0x0000000040012620                . = ALIGN (0x8)
                0x0000000040012620                __data_start = .
 *(.data .data.*)
 .data          0x0000000040012620        0x0 /home/fsw/rep/tasa/lib/bcc-2.2.3-gcc/bin/../sparc-gaisler-elf/bsp/leon3/leon3/mfix-ut700/soft/flat/trap_table_mvt_tn0018.S.o
 .data          0x0000000040012620        0x0 /home/fsw/rep/tasa/lib/bcc-2.2.3-gcc/bin/../sparc-gaisler-elf/bsp/leon3/leon3/mfix-ut700/soft/flat/crt0.S.o
 .data          0x0000000040012620        0x0 /home/fsw/rep/tasa/lib/bcc-2.2.3-gcc/bin/../lib/gcc/sparc-gaisler-elf/10.2.0/leon3/mfix-ut700/soft/flat/crti.o
 .data          0x0000000040012620        0x4 /home/fsw/rep/tasa/lib/bcc-2.2.3-gcc/bin/../lib/gcc/sparc-gaisler-elf/10.2.0/leon3/mfix-ut700/soft/flat/crtbegin.o
                0x0000000040012620                __dso_handle
 .data          0x0000000040012624        0x0 /tmp/ccyYqly4.o
 .data          0x0000000040012624        0x0 /home/fsw/rep/tasa/lib/bcc-2.2.3-gcc/bin/../sparc-gaisler-elf/bsp/leon3/leon3/mfix-ut700/soft/flat/libbcc.a(reset_trap_mvt.S.o)
 .data          0x0000000040012624        0x0 /home/fsw/rep/tasa/lib/bcc-2.2.3-gcc/bin/../sparc-gaisler-elf/bsp/leon3/leon3/mfix-ut700/soft/flat/libbcc.a(sw_trap_set_pil.S.o)
 .data          0x0000000040012624        0x0 /home/fsw/rep/tasa/lib/bcc-2.2.3-gcc/bin/../sparc-gaisler-elf/bsp/leon3/leon3/mfix-ut700/soft/flat/libbcc.a(init.S.o)
 .data          0x0000000040012624       0x10 /home/fsw/rep/tasa/lib/bcc-2.2.3-gcc/bin/../sparc-gaisler-elf/bsp/leon3/leon3/mfix-ut700/soft/flat/libbcc.a(leon_info.S.o)
                0x0000000040012624                __bcc_leon_version
                0x0000000040012628                __bcc_nwindows_min1
                0x000000004001262c                __bcc_nwindows
                0x0000000040012630                __bcc_cpuid
 .data          0x0000000040012634        0x0 /home/fsw/rep/tasa/lib/bcc-2.2.3-gcc/bin/../sparc-gaisler-elf/bsp/leon3/leon3/mfix-ut700/soft/flat/libbcc.a(dwzero.S.o)
 .data          0x0000000040012634        0x0 /home/fsw/rep/tasa/lib/bcc-2.2.3-gcc/bin/../sparc-gaisler-elf/bsp/leon3/leon3/mfix-ut700/soft/flat/libbcc.a(copy_data.c.o)
 .data          0x0000000040012634        0x4 /home/fsw/rep/tasa/lib/bcc-2.2.3-gcc/bin/../sparc-gaisler-elf/bsp/leon3/leon3/mfix-ut700/soft/flat/libbcc.a(argv.c.o)
                0x0000000040012634                __bcc_argvp
 .data          0x0000000040012638        0x0 /home/fsw/rep/tasa/lib/bcc-2.2.3-gcc/bin/../sparc-gaisler-elf/bsp/leon3/leon3/mfix-ut700/soft/flat/libbcc.a(interrupt_trap_flat_tn0018.S.o)
 .data          0x0000000040012638        0x0 /home/fsw/rep/tasa/lib/bcc-2.2.3-gcc/bin/../sparc-gaisler-elf/bsp/leon3/leon3/mfix-ut700/soft/flat/libbcc.a(int_irqmp_get_source.c.o)
 .data          0x0000000040012638        0x0 /home/fsw/rep/tasa/lib/bcc-2.2.3-gcc/bin/../sparc-gaisler-elf/bsp/leon3/leon3/mfix-ut700/soft/flat/libbcc.a(int_irqmp_mp.c.o)
 .data          0x0000000040012638        0x0 /home/fsw/rep/tasa/lib/bcc-2.2.3-gcc/bin/../sparc-gaisler-elf/bsp/leon3/leon3/mfix-ut700/soft/flat/libbcc.a(int_irqmp_init.c.o)
 .data          0x0000000040012638        0x0 /home/fsw/rep/tasa/lib/bcc-2.2.3-gcc/bin/../sparc-gaisler-elf/bsp/leon3/leon3/mfix-ut700/soft/flat/libbcc.a(con_apbuart_init.c.o)
 .data          0x0000000040012638        0x0 /home/fsw/rep/tasa/lib/bcc-2.2.3-gcc/bin/../sparc-gaisler-elf/bsp/leon3/leon3/mfix-ut700/soft/flat/libbcc.a(timer_gptimer_init.c.o)
 .data          0x0000000040012638        0x0 /home/fsw/rep/tasa/lib/bcc-2.2.3-gcc/bin/../sparc-gaisler-elf/bsp/leon3/leon3/mfix-ut700/soft/flat/libbcc.a(isr.c.o)
 .data          0x0000000040012638       0x10 /home/fsw/rep/tasa/lib/bcc-2.2.3-gcc/bin/../sparc-gaisler-elf/bsp/leon3/leon3/mfix-ut700/soft/flat/libbcc.a(int_nest.c.o)
                0x0000000040012638                __bcc_int_nest
 .data          0x0000000040012648        0x0 /home/fsw/rep/tasa/lib/bcc-2.2.3-gcc/bin/../sparc-gaisler-elf/bsp/leon3/leon3/mfix-ut700/soft/flat/libbcc.a(ambapp.c.o)
 .data          0x0000000040012648        0x0 /home/fsw/rep/tasa/lib/bcc-2.2.3-gcc/bin/../sparc-gaisler-elf/bsp/leon3/leon3/mfix-ut700/soft/flat/libbcc.a(ambapp_findfirst_fn.c.o)
 .data          0x0000000040012648        0x0 /home/fsw/rep/tasa/lib/bcc-2.2.3-gcc/bin/../sparc-gaisler-elf/bsp/leon3/leon3/mfix-ut700/soft/flat/libbcc.a(int_irqmp_handle.c.o)
 .data          0x0000000040012648        0x0 /home/fsw/rep/tasa/lib/bcc-2.2.3-gcc/bin/../sparc-gaisler-elf/bsp/leon3/leon3/mfix-ut700/soft/flat/libbcc.a(con_handle.c.o)
 .data          0x0000000040012648        0x0 /home/fsw/rep/tasa/lib/bcc-2.2.3-gcc/bin/../sparc-gaisler-elf/bsp/leon3/leon3/mfix-ut700/soft/flat/libbcc.a(timer_handle.c.o)
 .data          0x0000000040012648        0x0 /home/fsw/rep/tasa/lib/bcc-2.2.3-gcc/bin/../lib/gcc/sparc-gaisler-elf/10.2.0/../../../../sparc-gaisler-elf/lib/leon3/mfix-ut700/soft/flat/libc.a(lib_a-atexit.o)
 .data          0x0000000040012648        0x0 /home/fsw/rep/tasa/lib/bcc-2.2.3-gcc/bin/../lib/gcc/sparc-gaisler-elf/10.2.0/../../../../sparc-gaisler-elf/lib/leon3/mfix-ut700/soft/flat/libc.a(lib_a-exit.o)
 .data          0x0000000040012648       0x64 /home/fsw/rep/tasa/lib/bcc-2.2.3-gcc/bin/../lib/gcc/sparc-gaisler-elf/10.2.0/../../../../sparc-gaisler-elf/lib/leon3/mfix-ut700/soft/flat/libc.a(lib_a-impure.o)
                0x0000000040012648                _impure_ptr
 .data          0x00000000400126ac        0x0 /home/fsw/rep/tasa/lib/bcc-2.2.3-gcc/bin/../lib/gcc/sparc-gaisler-elf/10.2.0/../../../../sparc-gaisler-elf/lib/leon3/mfix-ut700/soft/flat/libc.a(lib_a-memcpy.o)
 .data          0x00000000400126ac        0x0 /home/fsw/rep/tasa/lib/bcc-2.2.3-gcc/bin/../lib/gcc/sparc-gaisler-elf/10.2.0/../../../../sparc-gaisler-elf/lib/leon3/mfix-ut700/soft/flat/libc.a(lib_a-printf.o)
 .data          0x00000000400126ac        0x0 /home/fsw/rep/tasa/lib/bcc-2.2.3-gcc/bin/../lib/gcc/sparc-gaisler-elf/10.2.0/../../../../sparc-gaisler-elf/lib/leon3/mfix-ut700/soft/flat/libc.a(lib_a-putchar.o)
 .data          0x00000000400126ac        0x0 /home/fsw/rep/tasa/lib/bcc-2.2.3-gcc/bin/../lib/gcc/sparc-gaisler-elf/10.2.0/../../../../sparc-gaisler-elf/lib/leon3/mfix-ut700/soft/flat/libc.a(lib_a-puts.o)
 .data          0x00000000400126ac        0x0 /home/fsw/rep/tasa/lib/bcc-2.2.3-gcc/bin/../lib/gcc/sparc-gaisler-elf/10.2.0/../../../../sparc-gaisler-elf/lib/leon3/mfix-ut700/soft/flat/libc.a(lib_a-strlen.o)
 .data          0x00000000400126ac        0x0 /home/fsw/rep/tasa/lib/bcc-2.2.3-gcc/bin/../lib/gcc/sparc-gaisler-elf/10.2.0/../../../../sparc-gaisler-elf/lib/leon3/mfix-ut700/soft/flat/libc.a(lib_a-vfprintf.o)
 .data          0x00000000400126ac        0x0 /home/fsw/rep/tasa/lib/bcc-2.2.3-gcc/bin/../lib/gcc/sparc-gaisler-elf/10.2.0/../../../../sparc-gaisler-elf/lib/leon3/mfix-ut700/soft/flat/libc.a(lib_a-wsetup.o)
 .data          0x00000000400126ac        0x0 /home/fsw/rep/tasa/lib/bcc-2.2.3-gcc/bin/../lib/gcc/sparc-gaisler-elf/10.2.0/../../../../sparc-gaisler-elf/lib/leon3/mfix-ut700/soft/flat/libc.a(lib_a-__atexit.o)
 .data          0x00000000400126ac        0x0 /home/fsw/rep/tasa/lib/bcc-2.2.3-gcc/bin/../lib/gcc/sparc-gaisler-elf/10.2.0/../../../../sparc-gaisler-elf/lib/leon3/mfix-ut700/soft/flat/libc.a(lib_a-__call_atexit.o)
 .data          0x00000000400126ac        0x0 /home/fsw/rep/tasa/lib/bcc-2.2.3-gcc/bin/../lib/gcc/sparc-gaisler-elf/10.2.0/../../../../sparc-gaisler-elf/lib/leon3/mfix-ut700/soft/flat/libc.a(lib_a-dtoa.o)
 .data          0x00000000400126ac        0x0 /home/fsw/rep/tasa/lib/bcc-2.2.3-gcc/bin/../lib/gcc/sparc-gaisler-elf/10.2.0/../../../../sparc-gaisler-elf/lib/leon3/mfix-ut700/soft/flat/libc.a(lib_a-fflush.o)
 .data          0x00000000400126ac        0x0 /home/fsw/rep/tasa/lib/bcc-2.2.3-gcc/bin/../lib/gcc/sparc-gaisler-elf/10.2.0/../../../../sparc-gaisler-elf/lib/leon3/mfix-ut700/soft/flat/libc.a(lib_a-findfp.o)
 .data          0x00000000400126ac        0x0 /home/fsw/rep/tasa/lib/bcc-2.2.3-gcc/bin/../lib/gcc/sparc-gaisler-elf/10.2.0/../../../../sparc-gaisler-elf/lib/leon3/mfix-ut700/soft/flat/libc.a(lib_a-freer.o)
 .data          0x00000000400126ac        0x0 /home/fsw/rep/tasa/lib/bcc-2.2.3-gcc/bin/../lib/gcc/sparc-gaisler-elf/10.2.0/../../../../sparc-gaisler-elf/lib/leon3/mfix-ut700/soft/flat/libc.a(lib_a-fvwrite.o)
 .data          0x00000000400126ac        0x0 /home/fsw/rep/tasa/lib/bcc-2.2.3-gcc/bin/../lib/gcc/sparc-gaisler-elf/10.2.0/../../../../sparc-gaisler-elf/lib/leon3/mfix-ut700/soft/flat/libc.a(lib_a-fwalk.o)
 .data          0x00000000400126ac        0x0 /home/fsw/rep/tasa/lib/bcc-2.2.3-gcc/bin/../lib/gcc/sparc-gaisler-elf/10.2.0/../../../../sparc-gaisler-elf/lib/leon3/mfix-ut700/soft/flat/libc.a(lib_a-localeconv.o)
 .data          0x00000000400126ac        0x0 /home/fsw/rep/tasa/lib/bcc-2.2.3-gcc/bin/../lib/gcc/sparc-gaisler-elf/10.2.0/../../../../sparc-gaisler-elf/lib/leon3/mfix-ut700/soft/flat/libc.a(lib_a-makebuf.o)
 .data          0x00000000400126ac        0x0 /home/fsw/rep/tasa/lib/bcc-2.2.3-gcc/bin/../lib/gcc/sparc-gaisler-elf/10.2.0/../../../../sparc-gaisler-elf/lib/leon3/mfix-ut700/soft/flat/libc.a(lib_a-malloc.o)
 .data          0x00000000400126ac      0x410 /home/fsw/rep/tasa/lib/bcc-2.2.3-gcc/bin/../lib/gcc/sparc-gaisler-elf/10.2.0/../../../../sparc-gaisler-elf/lib/leon3/mfix-ut700/soft/flat/libc.a(lib_a-mallocr.o)
                0x00000000400126ac                __malloc_sbrk_base
                0x00000000400126b0                __malloc_trim_threshold
                0x00000000400126b4                __malloc_av_
 .data          0x0000000040012abc        0x0 /home/fsw/rep/tasa/lib/bcc-2.2.3-gcc/bin/../lib/gcc/sparc-gaisler-elf/10.2.0/../../../../sparc-gaisler-elf/lib/leon3/mfix-ut700/soft/flat/libc.a(lib_a-memchr.o)
 .data          0x0000000040012abc        0x0 /home/fsw/rep/tasa/lib/bcc-2.2.3-gcc/bin/../lib/gcc/sparc-gaisler-elf/10.2.0/../../../../sparc-gaisler-elf/lib/leon3/mfix-ut700/soft/flat/libc.a(lib_a-memmove.o)
 .data          0x0000000040012abc        0x0 /home/fsw/rep/tasa/lib/bcc-2.2.3-gcc/bin/../lib/gcc/sparc-gaisler-elf/10.2.0/../../../../sparc-gaisler-elf/lib/leon3/mfix-ut700/soft/flat/libc.a(lib_a-memset.o)
 .data          0x0000000040012abc        0x0 /home/fsw/rep/tasa/lib/bcc-2.2.3-gcc/bin/../lib/gcc/sparc-gaisler-elf/10.2.0/../../../../sparc-gaisler-elf/lib/leon3/mfix-ut700/soft/flat/libc.a(lib_a-mlock.o)
 .data          0x0000000040012abc        0x0 /home/fsw/rep/tasa/lib/bcc-2.2.3-gcc/bin/../lib/gcc/sparc-gaisler-elf/10.2.0/../../../../sparc-gaisler-elf/lib/leon3/mfix-ut700/soft/flat/libc.a(lib_a-mprec.o)
 .data          0x0000000040012abc        0x0 /home/fsw/rep/tasa/lib/bcc-2.2.3-gcc/bin/../lib/gcc/sparc-gaisler-elf/10.2.0/../../../../sparc-gaisler-elf/lib/leon3/mfix-ut700/soft/flat/libc.a(lib_a-putc.o)
 .data          0x0000000040012abc        0x0 /home/fsw/rep/tasa/lib/bcc-2.2.3-gcc/bin/../lib/gcc/sparc-gaisler-elf/10.2.0/../../../../sparc-gaisler-elf/lib/leon3/mfix-ut700/soft/flat/libc.a(lib_a-reallocr.o)
 .data          0x0000000040012abc        0x0 /home/fsw/rep/tasa/lib/bcc-2.2.3-gcc/bin/../lib/gcc/sparc-gaisler-elf/10.2.0/../../../../sparc-gaisler-elf/lib/leon3/mfix-ut700/soft/flat/libc.a(lib_a-s_frexp.o)
 .data          0x0000000040012abc        0x0 /home/fsw/rep/tasa/lib/bcc-2.2.3-gcc/bin/../lib/gcc/sparc-gaisler-elf/10.2.0/../../../../sparc-gaisler-elf/lib/leon3/mfix-ut700/soft/flat/libc.a(lib_a-sbrkr.o)
 .data          0x0000000040012abc        0x0 /home/fsw/rep/tasa/lib/bcc-2.2.3-gcc/bin/../lib/gcc/sparc-gaisler-elf/10.2.0/../../../../sparc-gaisler-elf/lib/leon3/mfix-ut700/soft/flat/libc.a(lib_a-stdio.o)
 .data          0x0000000040012abc        0x0 /home/fsw/rep/tasa/lib/bcc-2.2.3-gcc/bin/../lib/gcc/sparc-gaisler-elf/10.2.0/../../../../sparc-gaisler-elf/lib/leon3/mfix-ut700/soft/flat/libc.a(lib_a-strncpy.o)
 .data          0x0000000040012abc        0x0 /home/fsw/rep/tasa/lib/bcc-2.2.3-gcc/bin/../lib/gcc/sparc-gaisler-elf/10.2.0/../../../../sparc-gaisler-elf/lib/leon3/mfix-ut700/soft/flat/libc.a(lib_a-vfiprintf.o)
 .data          0x0000000040012abc        0x0 /home/fsw/rep/tasa/lib/bcc-2.2.3-gcc/bin/../lib/gcc/sparc-gaisler-elf/10.2.0/../../../../sparc-gaisler-elf/lib/leon3/mfix-ut700/soft/flat/libc.a(lib_a-wbuf.o)
 .data          0x0000000040012abc        0x0 /home/fsw/rep/tasa/lib/bcc-2.2.3-gcc/bin/../lib/gcc/sparc-gaisler-elf/10.2.0/../../../../sparc-gaisler-elf/lib/leon3/mfix-ut700/soft/flat/libc.a(lib_a-writer.o)
 .data          0x0000000040012abc        0x0 /home/fsw/rep/tasa/lib/bcc-2.2.3-gcc/bin/../lib/gcc/sparc-gaisler-elf/10.2.0/../../../../sparc-gaisler-elf/lib/leon3/mfix-ut700/soft/flat/libc.a(lib_a-callocr.o)
 .data          0x0000000040012abc        0x0 /home/fsw/rep/tasa/lib/bcc-2.2.3-gcc/bin/../lib/gcc/sparc-gaisler-elf/10.2.0/../../../../sparc-gaisler-elf/lib/leon3/mfix-ut700/soft/flat/libc.a(lib_a-closer.o)
 .data          0x0000000040012abc        0x0 /home/fsw/rep/tasa/lib/bcc-2.2.3-gcc/bin/../lib/gcc/sparc-gaisler-elf/10.2.0/../../../../sparc-gaisler-elf/lib/leon3/mfix-ut700/soft/flat/libc.a(lib_a-fclose.o)
 .data          0x0000000040012abc        0x0 /home/fsw/rep/tasa/lib/bcc-2.2.3-gcc/bin/../lib/gcc/sparc-gaisler-elf/10.2.0/../../../../sparc-gaisler-elf/lib/leon3/mfix-ut700/soft/flat/libc.a(lib_a-fputwc.o)
 .data          0x0000000040012abc        0x0 /home/fsw/rep/tasa/lib/bcc-2.2.3-gcc/bin/../lib/gcc/sparc-gaisler-elf/10.2.0/../../../../sparc-gaisler-elf/lib/leon3/mfix-ut700/soft/flat/libc.a(lib_a-fstatr.o)
 .data          0x0000000040012abc        0x0 /home/fsw/rep/tasa/lib/bcc-2.2.3-gcc/bin/../lib/gcc/sparc-gaisler-elf/10.2.0/../../../../sparc-gaisler-elf/lib/leon3/mfix-ut700/soft/flat/libc.a(lib_a-isattyr.o)
 .data          0x0000000040012abc      0x16c /home/fsw/rep/tasa/lib/bcc-2.2.3-gcc/bin/../lib/gcc/sparc-gaisler-elf/10.2.0/../../../../sparc-gaisler-elf/lib/leon3/mfix-ut700/soft/flat/libc.a(lib_a-locale.o)
                0x0000000040012abc                __global_locale
 .data          0x0000000040012c28        0x0 /home/fsw/rep/tasa/lib/bcc-2.2.3-gcc/bin/../lib/gcc/sparc-gaisler-elf/10.2.0/../../../../sparc-gaisler-elf/lib/leon3/mfix-ut700/soft/flat/libc.a(lib_a-lseekr.o)
 .data          0x0000000040012c28        0x0 /home/fsw/rep/tasa/lib/bcc-2.2.3-gcc/bin/../lib/gcc/sparc-gaisler-elf/10.2.0/../../../../sparc-gaisler-elf/lib/leon3/mfix-ut700/soft/flat/libc.a(lib_a-mbtowc_r.o)
 .data          0x0000000040012c28        0x0 /home/fsw/rep/tasa/lib/bcc-2.2.3-gcc/bin/../lib/gcc/sparc-gaisler-elf/10.2.0/../../../../sparc-gaisler-elf/lib/leon3/mfix-ut700/soft/flat/libc.a(lib_a-readr.o)
 .data          0x0000000040012c28        0x0 /home/fsw/rep/tasa/lib/bcc-2.2.3-gcc/bin/../lib/gcc/sparc-gaisler-elf/10.2.0/../../../../sparc-gaisler-elf/lib/leon3/mfix-ut700/soft/flat/libc.a(lib_a-reent.o)
 .data          0x0000000040012c28        0x0 /home/fsw/rep/tasa/lib/bcc-2.2.3-gcc/bin/../lib/gcc/sparc-gaisler-elf/10.2.0/../../../../sparc-gaisler-elf/lib/leon3/mfix-ut700/soft/flat/libc.a(lib_a-strcmp.o)
 .data          0x0000000040012c28        0x0 /home/fsw/rep/tasa/lib/bcc-2.2.3-gcc/bin/../lib/gcc/sparc-gaisler-elf/10.2.0/../../../../sparc-gaisler-elf/lib/leon3/mfix-ut700/soft/flat/libc.a(lib_a-wcrtomb.o)
 .data          0x0000000040012c28        0x0 /home/fsw/rep/tasa/lib/bcc-2.2.3-gcc/bin/../lib/gcc/sparc-gaisler-elf/10.2.0/../../../../sparc-gaisler-elf/lib/leon3/mfix-ut700/soft/flat/libc.a(lib_a-wctomb_r.o)
 .data          0x0000000040012c28        0x0 /home/fsw/rep/tasa/lib/bcc-2.2.3-gcc/bin/../lib/gcc/sparc-gaisler-elf/10.2.0/../../../../sparc-gaisler-elf/lib/leon3/mfix-ut700/soft/flat/libc.a(lib_a-ctype_.o)
 .data          0x0000000040012c28        0x0 /home/fsw/rep/tasa/lib/bcc-2.2.3-gcc/bin/../sparc-gaisler-elf/bsp/leon3/leon3/mfix-ut700/soft/flat/libbcc.a(_exit.S.o)
 .data          0x0000000040012c28        0x0 /home/fsw/rep/tasa/lib/bcc-2.2.3-gcc/bin/../sparc-gaisler-elf/bsp/leon3/leon3/mfix-ut700/soft/flat/libbcc.a(read.c.o)
 .data          0x0000000040012c28        0x0 /home/fsw/rep/tasa/lib/bcc-2.2.3-gcc/bin/../sparc-gaisler-elf/bsp/leon3/leon3/mfix-ut700/soft/flat/libbcc.a(sbrk.c.o)
 .data          0x0000000040012c28        0x0 /home/fsw/rep/tasa/lib/bcc-2.2.3-gcc/bin/../sparc-gaisler-elf/bsp/leon3/leon3/mfix-ut700/soft/flat/libbcc.a(heap.c.o)
 .data          0x0000000040012c28        0x0 /home/fsw/rep/tasa/lib/bcc-2.2.3-gcc/bin/../sparc-gaisler-elf/bsp/leon3/leon3/mfix-ut700/soft/flat/libbcc.a(write.c.o)
 .data          0x0000000040012c28        0x0 /home/fsw/rep/tasa/lib/bcc-2.2.3-gcc/bin/../sparc-gaisler-elf/bsp/leon3/leon3/mfix-ut700/soft/flat/libbcc.a(stubs.S.o)
 .data          0x0000000040012c28        0x0 /home/fsw/rep/tasa/lib/bcc-2.2.3-gcc/bin/../sparc-gaisler-elf/bsp/leon3/leon3/mfix-ut700/soft/flat/libbcc.a(con_apbuart.c.o)
 .data          0x0000000040012c28        0x0 /home/fsw/rep/tasa/lib/bcc-2.2.3-gcc/bin/../lib/gcc/sparc-gaisler-elf/10.2.0/leon3/mfix-ut700/soft/flat/libgcc.a(_udivdi3.o)
 .data          0x0000000040012c28        0x0 /home/fsw/rep/tasa/lib/bcc-2.2.3-gcc/bin/../lib/gcc/sparc-gaisler-elf/10.2.0/leon3/mfix-ut700/soft/flat/libgcc.a(_umoddi3.o)
 .data          0x0000000040012c28        0x0 /home/fsw/rep/tasa/lib/bcc-2.2.3-gcc/bin/../lib/gcc/sparc-gaisler-elf/10.2.0/leon3/mfix-ut700/soft/flat/libgcc.a(_addsub_df.o)
 .data          0x0000000040012c28        0x0 /home/fsw/rep/tasa/lib/bcc-2.2.3-gcc/bin/../lib/gcc/sparc-gaisler-elf/10.2.0/leon3/mfix-ut700/soft/flat/libgcc.a(_mul_df.o)
 .data          0x0000000040012c28        0x0 /home/fsw/rep/tasa/lib/bcc-2.2.3-gcc/bin/../lib/gcc/sparc-gaisler-elf/10.2.0/leon3/mfix-ut700/soft/flat/libgcc.a(_div_df.o)
 .data          0x0000000040012c28        0x0 /home/fsw/rep/tasa/lib/bcc-2.2.3-gcc/bin/../lib/gcc/sparc-gaisler-elf/10.2.0/leon3/mfix-ut700/soft/flat/libgcc.a(_eq_df.o)
 .data          0x0000000040012c28        0x0 /home/fsw/rep/tasa/lib/bcc-2.2.3-gcc/bin/../lib/gcc/sparc-gaisler-elf/10.2.0/leon3/mfix-ut700/soft/flat/libgcc.a(_ne_df.o)
 .data          0x0000000040012c28        0x0 /home/fsw/rep/tasa/lib/bcc-2.2.3-gcc/bin/../lib/gcc/sparc-gaisler-elf/10.2.0/leon3/mfix-ut700/soft/flat/libgcc.a(_gt_df.o)
 .data          0x0000000040012c28        0x0 /home/fsw/rep/tasa/lib/bcc-2.2.3-gcc/bin/../lib/gcc/sparc-gaisler-elf/10.2.0/leon3/mfix-ut700/soft/flat/libgcc.a(_lt_df.o)
 .data          0x0000000040012c28        0x0 /home/fsw/rep/tasa/lib/bcc-2.2.3-gcc/bin/../lib/gcc/sparc-gaisler-elf/10.2.0/leon3/mfix-ut700/soft/flat/libgcc.a(_le_df.o)
 .data          0x0000000040012c28        0x0 /home/fsw/rep/tasa/lib/bcc-2.2.3-gcc/bin/../lib/gcc/sparc-gaisler-elf/10.2.0/leon3/mfix-ut700/soft/flat/libgcc.a(_unord_df.o)
 .data          0x0000000040012c28        0x0 /home/fsw/rep/tasa/lib/bcc-2.2.3-gcc/bin/../lib/gcc/sparc-gaisler-elf/10.2.0/leon3/mfix-ut700/soft/flat/libgcc.a(_si_to_df.o)
 .data          0x0000000040012c28        0x0 /home/fsw/rep/tasa/lib/bcc-2.2.3-gcc/bin/../lib/gcc/sparc-gaisler-elf/10.2.0/leon3/mfix-ut700/soft/flat/libgcc.a(_df_to_si.o)
 .data          0x0000000040012c28        0x0 /home/fsw/rep/tasa/lib/bcc-2.2.3-gcc/bin/../lib/gcc/sparc-gaisler-elf/10.2.0/leon3/mfix-ut700/soft/flat/libgcc.a(_thenan_df.o)
 .data          0x0000000040012c28        0x0 /home/fsw/rep/tasa/lib/bcc-2.2.3-gcc/bin/../lib/gcc/sparc-gaisler-elf/10.2.0/leon3/mfix-ut700/soft/flat/libgcc.a(_usi_to_df.o)
 .data          0x0000000040012c28        0x0 /home/fsw/rep/tasa/lib/bcc-2.2.3-gcc/bin/../lib/gcc/sparc-gaisler-elf/10.2.0/leon3/mfix-ut700/soft/flat/libgcc.a(_clz.o)
 .data          0x0000000040012c28        0x0 /home/fsw/rep/tasa/lib/bcc-2.2.3-gcc/bin/../lib/gcc/sparc-gaisler-elf/10.2.0/leon3/mfix-ut700/soft/flat/libgcc.a(_clzsi2.o)
 .data          0x0000000040012c28        0x0 /home/fsw/rep/tasa/lib/bcc-2.2.3-gcc/bin/../lib/gcc/sparc-gaisler-elf/10.2.0/leon3/mfix-ut700/soft/flat/libgcc.a(_pack_df.o)
 .data          0x0000000040012c28        0x0 /home/fsw/rep/tasa/lib/bcc-2.2.3-gcc/bin/../lib/gcc/sparc-gaisler-elf/10.2.0/leon3/mfix-ut700/soft/flat/libgcc.a(_unpack_df.o)
 .data          0x0000000040012c28        0x0 /home/fsw/rep/tasa/lib/bcc-2.2.3-gcc/bin/../lib/gcc/sparc-gaisler-elf/10.2.0/leon3/mfix-ut700/soft/flat/libgcc.a(_fpcmp_parts_df.o)
 .data          0x0000000040012c28        0x0 /home/fsw/rep/tasa/lib/bcc-2.2.3-gcc/bin/../lib/gcc/sparc-gaisler-elf/10.2.0/leon3/mfix-ut700/soft/flat/crtend.o
 .data          0x0000000040012c28        0x0 /home/fsw/rep/tasa/lib/bcc-2.2.3-gcc/bin/../lib/gcc/sparc-gaisler-elf/10.2.0/leon3/mfix-ut700/soft/flat/crtn.o
                0x0000000040012c28                . = ALIGN (0x8)
                0x0000000040012c28                __data_end = .
                0x0000000040012620                __data_start_lma = LOADADDR (.data)
                0x0000000000000608                __data_size = SIZEOF (.data)

.iplt           0x0000000040012c28        0x0
 .iplt          0x0000000040012c28        0x0 /home/fsw/rep/tasa/lib/bcc-2.2.3-gcc/bin/../sparc-gaisler-elf/bsp/leon3/leon3/mfix-ut700/soft/flat/trap_table_mvt_tn0018.S.o

.tm_clone_table
                0x0000000040012c28        0x0
 .tm_clone_table
                0x0000000040012c28        0x0 /home/fsw/rep/tasa/lib/bcc-2.2.3-gcc/bin/../lib/gcc/sparc-gaisler-elf/10.2.0/leon3/mfix-ut700/soft/flat/crtbegin.o
 .tm_clone_table
                0x0000000040012c28        0x0 /home/fsw/rep/tasa/lib/bcc-2.2.3-gcc/bin/../lib/gcc/sparc-gaisler-elf/10.2.0/leon3/mfix-ut700/soft/flat/crtend.o

.bss            0x0000000040012c28      0x1a8
                0x0000000040012c28                . = ALIGN (0x8)
                0x0000000040012c28                __bss_start = .
 *(.bss .bss.*)
 .bss           0x0000000040012c28        0x0 /home/fsw/rep/tasa/lib/bcc-2.2.3-gcc/bin/../sparc-gaisler-elf/bsp/leon3/leon3/mfix-ut700/soft/flat/trap_table_mvt_tn0018.S.o
 .bss           0x0000000040012c28        0x4 /home/fsw/rep/tasa/lib/bcc-2.2.3-gcc/bin/../sparc-gaisler-elf/bsp/leon3/leon3/mfix-ut700/soft/flat/crt0.S.o
                0x0000000040012c28                __bcc_sp_at_entry
 .bss           0x0000000040012c2c        0x0 /home/fsw/rep/tasa/lib/bcc-2.2.3-gcc/bin/../lib/gcc/sparc-gaisler-elf/10.2.0/leon3/mfix-ut700/soft/flat/crti.o
 .bss           0x0000000040012c2c       0x20 /home/fsw/rep/tasa/lib/bcc-2.2.3-gcc/bin/../lib/gcc/sparc-gaisler-elf/10.2.0/leon3/mfix-ut700/soft/flat/crtbegin.o
 .bss           0x0000000040012c4c        0x0 /tmp/ccyYqly4.o
 .bss           0x0000000040012c4c        0x0 /home/fsw/rep/tasa/lib/bcc-2.2.3-gcc/bin/../sparc-gaisler-elf/bsp/leon3/leon3/mfix-ut700/soft/flat/libbcc.a(reset_trap_mvt.S.o)
 .bss           0x0000000040012c4c        0x0 /home/fsw/rep/tasa/lib/bcc-2.2.3-gcc/bin/../sparc-gaisler-elf/bsp/leon3/leon3/mfix-ut700/soft/flat/libbcc.a(sw_trap_set_pil.S.o)
 .bss           0x0000000040012c4c        0x0 /home/fsw/rep/tasa/lib/bcc-2.2.3-gcc/bin/../sparc-gaisler-elf/bsp/leon3/leon3/mfix-ut700/soft/flat/libbcc.a(init.S.o)
 .bss           0x0000000040012c4c        0x0 /home/fsw/rep/tasa/lib/bcc-2.2.3-gcc/bin/../sparc-gaisler-elf/bsp/leon3/leon3/mfix-ut700/soft/flat/libbcc.a(leon_info.S.o)
 .bss           0x0000000040012c4c        0x0 /home/fsw/rep/tasa/lib/bcc-2.2.3-gcc/bin/../sparc-gaisler-elf/bsp/leon3/leon3/mfix-ut700/soft/flat/libbcc.a(dwzero.S.o)
 .bss           0x0000000040012c4c        0x0 /home/fsw/rep/tasa/lib/bcc-2.2.3-gcc/bin/../sparc-gaisler-elf/bsp/leon3/leon3/mfix-ut700/soft/flat/libbcc.a(copy_data.c.o)
 .bss           0x0000000040012c4c        0x8 /home/fsw/rep/tasa/lib/bcc-2.2.3-gcc/bin/../sparc-gaisler-elf/bsp/leon3/leon3/mfix-ut700/soft/flat/libbcc.a(argv.c.o)
                0x0000000040012c50                __bcc_argc
 .bss           0x0000000040012c54        0x0 /home/fsw/rep/tasa/lib/bcc-2.2.3-gcc/bin/../sparc-gaisler-elf/bsp/leon3/leon3/mfix-ut700/soft/flat/libbcc.a(interrupt_trap_flat_tn0018.S.o)
 .bss           0x0000000040012c54        0x0 /home/fsw/rep/tasa/lib/bcc-2.2.3-gcc/bin/../sparc-gaisler-elf/bsp/leon3/leon3/mfix-ut700/soft/flat/libbcc.a(int_irqmp_get_source.c.o)
 .bss           0x0000000040012c54        0x0 /home/fsw/rep/tasa/lib/bcc-2.2.3-gcc/bin/../sparc-gaisler-elf/bsp/leon3/leon3/mfix-ut700/soft/flat/libbcc.a(int_irqmp_mp.c.o)
 .bss           0x0000000040012c54        0x0 /home/fsw/rep/tasa/lib/bcc-2.2.3-gcc/bin/../sparc-gaisler-elf/bsp/leon3/leon3/mfix-ut700/soft/flat/libbcc.a(int_irqmp_init.c.o)
 .bss           0x0000000040012c54        0x0 /home/fsw/rep/tasa/lib/bcc-2.2.3-gcc/bin/../sparc-gaisler-elf/bsp/leon3/leon3/mfix-ut700/soft/flat/libbcc.a(con_apbuart_init.c.o)
 .bss           0x0000000040012c54        0x0 /home/fsw/rep/tasa/lib/bcc-2.2.3-gcc/bin/../sparc-gaisler-elf/bsp/leon3/leon3/mfix-ut700/soft/flat/libbcc.a(timer_gptimer_init.c.o)
 .bss           0x0000000040012c54       0x80 /home/fsw/rep/tasa/lib/bcc-2.2.3-gcc/bin/../sparc-gaisler-elf/bsp/leon3/leon3/mfix-ut700/soft/flat/libbcc.a(isr.c.o)
                0x0000000040012c54                __bcc_isr_list
 .bss           0x0000000040012cd4        0x0 /home/fsw/rep/tasa/lib/bcc-2.2.3-gcc/bin/../sparc-gaisler-elf/bsp/leon3/leon3/mfix-ut700/soft/flat/libbcc.a(int_nest.c.o)
 .bss           0x0000000040012cd4        0x0 /home/fsw/rep/tasa/lib/bcc-2.2.3-gcc/bin/../sparc-gaisler-elf/bsp/leon3/leon3/mfix-ut700/soft/flat/libbcc.a(ambapp.c.o)
 .bss           0x0000000040012cd4        0x0 /home/fsw/rep/tasa/lib/bcc-2.2.3-gcc/bin/../sparc-gaisler-elf/bsp/leon3/leon3/mfix-ut700/soft/flat/libbcc.a(ambapp_findfirst_fn.c.o)
 .bss           0x0000000040012cd4       0x10 /home/fsw/rep/tasa/lib/bcc-2.2.3-gcc/bin/../sparc-gaisler-elf/bsp/leon3/leon3/mfix-ut700/soft/flat/libbcc.a(int_irqmp_handle.c.o)
                0x0000000040012cd4                __bcc_int_irqmp_nts
                0x0000000040012cd8                __bcc_int_irqmp_map
                0x0000000040012cdc                __bcc_int_irqmp_eirq
                0x0000000040012ce0                __bcc_int_handle
 .bss           0x0000000040012ce4        0x4 /home/fsw/rep/tasa/lib/bcc-2.2.3-gcc/bin/../sparc-gaisler-elf/bsp/leon3/leon3/mfix-ut700/soft/flat/libbcc.a(con_handle.c.o)
                0x0000000040012ce4                __bcc_con_handle
 .bss           0x0000000040012ce8        0x8 /home/fsw/rep/tasa/lib/bcc-2.2.3-gcc/bin/../sparc-gaisler-elf/bsp/leon3/leon3/mfix-ut700/soft/flat/libbcc.a(timer_handle.c.o)
                0x0000000040012ce8                __bcc_timer_interrupt
                0x0000000040012cec                __bcc_timer_handle
 .bss           0x0000000040012cf0        0x0 /home/fsw/rep/tasa/lib/bcc-2.2.3-gcc/bin/../lib/gcc/sparc-gaisler-elf/10.2.0/../../../../sparc-gaisler-elf/lib/leon3/mfix-ut700/soft/flat/libc.a(lib_a-atexit.o)
 .bss           0x0000000040012cf0        0x0 /home/fsw/rep/tasa/lib/bcc-2.2.3-gcc/bin/../lib/gcc/sparc-gaisler-elf/10.2.0/../../../../sparc-gaisler-elf/lib/leon3/mfix-ut700/soft/flat/libc.a(lib_a-exit.o)
 .bss           0x0000000040012cf0        0x0 /home/fsw/rep/tasa/lib/bcc-2.2.3-gcc/bin/../lib/gcc/sparc-gaisler-elf/10.2.0/../../../../sparc-gaisler-elf/lib/leon3/mfix-ut700/soft/flat/libc.a(lib_a-impure.o)
 .bss           0x0000000040012cf0        0x0 /home/fsw/rep/tasa/lib/bcc-2.2.3-gcc/bin/../lib/gcc/sparc-gaisler-elf/10.2.0/../../../../sparc-gaisler-elf/lib/leon3/mfix-ut700/soft/flat/libc.a(lib_a-memcpy.o)
 .bss           0x0000000040012cf0        0x0 /home/fsw/rep/tasa/lib/bcc-2.2.3-gcc/bin/../lib/gcc/sparc-gaisler-elf/10.2.0/../../../../sparc-gaisler-elf/lib/leon3/mfix-ut700/soft/flat/libc.a(lib_a-printf.o)
 .bss           0x0000000040012cf0        0x0 /home/fsw/rep/tasa/lib/bcc-2.2.3-gcc/bin/../lib/gcc/sparc-gaisler-elf/10.2.0/../../../../sparc-gaisler-elf/lib/leon3/mfix-ut700/soft/flat/libc.a(lib_a-putchar.o)
 .bss           0x0000000040012cf0        0x0 /home/fsw/rep/tasa/lib/bcc-2.2.3-gcc/bin/../lib/gcc/sparc-gaisler-elf/10.2.0/../../../../sparc-gaisler-elf/lib/leon3/mfix-ut700/soft/flat/libc.a(lib_a-puts.o)
 .bss           0x0000000040012cf0        0x0 /home/fsw/rep/tasa/lib/bcc-2.2.3-gcc/bin/../lib/gcc/sparc-gaisler-elf/10.2.0/../../../../sparc-gaisler-elf/lib/leon3/mfix-ut700/soft/flat/libc.a(lib_a-strlen.o)
 .bss           0x0000000040012cf0        0x0 /home/fsw/rep/tasa/lib/bcc-2.2.3-gcc/bin/../lib/gcc/sparc-gaisler-elf/10.2.0/../../../../sparc-gaisler-elf/lib/leon3/mfix-ut700/soft/flat/libc.a(lib_a-vfprintf.o)
 .bss           0x0000000040012cf0        0x0 /home/fsw/rep/tasa/lib/bcc-2.2.3-gcc/bin/../lib/gcc/sparc-gaisler-elf/10.2.0/../../../../sparc-gaisler-elf/lib/leon3/mfix-ut700/soft/flat/libc.a(lib_a-wsetup.o)
 .bss           0x0000000040012cf0       0x8c /home/fsw/rep/tasa/lib/bcc-2.2.3-gcc/bin/../lib/gcc/sparc-gaisler-elf/10.2.0/../../../../sparc-gaisler-elf/lib/leon3/mfix-ut700/soft/flat/libc.a(lib_a-__atexit.o)
 .bss           0x0000000040012d7c        0x4 /home/fsw/rep/tasa/lib/bcc-2.2.3-gcc/bin/../lib/gcc/sparc-gaisler-elf/10.2.0/../../../../sparc-gaisler-elf/lib/leon3/mfix-ut700/soft/flat/libc.a(lib_a-__call_atexit.o)
                0x0000000040012d7c                _global_atexit
 .bss           0x0000000040012d80        0x0 /home/fsw/rep/tasa/lib/bcc-2.2.3-gcc/bin/../lib/gcc/sparc-gaisler-elf/10.2.0/../../../../sparc-gaisler-elf/lib/leon3/mfix-ut700/soft/flat/libc.a(lib_a-dtoa.o)
 .bss           0x0000000040012d80        0x0 /home/fsw/rep/tasa/lib/bcc-2.2.3-gcc/bin/../lib/gcc/sparc-gaisler-elf/10.2.0/../../../../sparc-gaisler-elf/lib/leon3/mfix-ut700/soft/flat/libc.a(lib_a-fflush.o)
 .bss           0x0000000040012d80        0x0 /home/fsw/rep/tasa/lib/bcc-2.2.3-gcc/bin/../lib/gcc/sparc-gaisler-elf/10.2.0/../../../../sparc-gaisler-elf/lib/leon3/mfix-ut700/soft/flat/libc.a(lib_a-findfp.o)
 .bss           0x0000000040012d80        0x0 /home/fsw/rep/tasa/lib/bcc-2.2.3-gcc/bin/../lib/gcc/sparc-gaisler-elf/10.2.0/../../../../sparc-gaisler-elf/lib/leon3/mfix-ut700/soft/flat/libc.a(lib_a-freer.o)
 .bss           0x0000000040012d80        0x0 /home/fsw/rep/tasa/lib/bcc-2.2.3-gcc/bin/../lib/gcc/sparc-gaisler-elf/10.2.0/../../../../sparc-gaisler-elf/lib/leon3/mfix-ut700/soft/flat/libc.a(lib_a-fvwrite.o)
 .bss           0x0000000040012d80        0x0 /home/fsw/rep/tasa/lib/bcc-2.2.3-gcc/bin/../lib/gcc/sparc-gaisler-elf/10.2.0/../../../../sparc-gaisler-elf/lib/leon3/mfix-ut700/soft/flat/libc.a(lib_a-fwalk.o)
 .bss           0x0000000040012d80        0x0 /home/fsw/rep/tasa/lib/bcc-2.2.3-gcc/bin/../lib/gcc/sparc-gaisler-elf/10.2.0/../../../../sparc-gaisler-elf/lib/leon3/mfix-ut700/soft/flat/libc.a(lib_a-localeconv.o)
 .bss           0x0000000040012d80        0x0 /home/fsw/rep/tasa/lib/bcc-2.2.3-gcc/bin/../lib/gcc/sparc-gaisler-elf/10.2.0/../../../../sparc-gaisler-elf/lib/leon3/mfix-ut700/soft/flat/libc.a(lib_a-makebuf.o)
 .bss           0x0000000040012d80        0x0 /home/fsw/rep/tasa/lib/bcc-2.2.3-gcc/bin/../lib/gcc/sparc-gaisler-elf/10.2.0/../../../../sparc-gaisler-elf/lib/leon3/mfix-ut700/soft/flat/libc.a(lib_a-malloc.o)
 .bss           0x0000000040012d80       0x34 /home/fsw/rep/tasa/lib/bcc-2.2.3-gcc/bin/../lib/gcc/sparc-gaisler-elf/10.2.0/../../../../sparc-gaisler-elf/lib/leon3/mfix-ut700/soft/flat/libc.a(lib_a-mallocr.o)
                0x0000000040012d80                __malloc_current_mallinfo
                0x0000000040012da8                __malloc_max_total_mem
                0x0000000040012dac                __malloc_max_sbrked_mem
                0x0000000040012db0                __malloc_top_pad
 .bss           0x0000000040012db4        0x0 /home/fsw/rep/tasa/lib/bcc-2.2.3-gcc/bin/../lib/gcc/sparc-gaisler-elf/10.2.0/../../../../sparc-gaisler-elf/lib/leon3/mfix-ut700/soft/flat/libc.a(lib_a-memchr.o)
 .bss           0x0000000040012db4        0x0 /home/fsw/rep/tasa/lib/bcc-2.2.3-gcc/bin/../lib/gcc/sparc-gaisler-elf/10.2.0/../../../../sparc-gaisler-elf/lib/leon3/mfix-ut700/soft/flat/libc.a(lib_a-memmove.o)
 .bss           0x0000000040012db4        0x0 /home/fsw/rep/tasa/lib/bcc-2.2.3-gcc/bin/../lib/gcc/sparc-gaisler-elf/10.2.0/../../../../sparc-gaisler-elf/lib/leon3/mfix-ut700/soft/flat/libc.a(lib_a-memset.o)
 .bss           0x0000000040012db4        0x0 /home/fsw/rep/tasa/lib/bcc-2.2.3-gcc/bin/../lib/gcc/sparc-gaisler-elf/10.2.0/../../../../sparc-gaisler-elf/lib/leon3/mfix-ut700/soft/flat/libc.a(lib_a-mlock.o)
 .bss           0x0000000040012db4        0x0 /home/fsw/rep/tasa/lib/bcc-2.2.3-gcc/bin/../lib/gcc/sparc-gaisler-elf/10.2.0/../../../../sparc-gaisler-elf/lib/leon3/mfix-ut700/soft/flat/libc.a(lib_a-mprec.o)
 .bss           0x0000000040012db4        0x0 /home/fsw/rep/tasa/lib/bcc-2.2.3-gcc/bin/../lib/gcc/sparc-gaisler-elf/10.2.0/../../../../sparc-gaisler-elf/lib/leon3/mfix-ut700/soft/flat/libc.a(lib_a-putc.o)
 .bss           0x0000000040012db4        0x0 /home/fsw/rep/tasa/lib/bcc-2.2.3-gcc/bin/../lib/gcc/sparc-gaisler-elf/10.2.0/../../../../sparc-gaisler-elf/lib/leon3/mfix-ut700/soft/flat/libc.a(lib_a-reallocr.o)
 .bss           0x0000000040012db4        0x0 /home/fsw/rep/tasa/lib/bcc-2.2.3-gcc/bin/../lib/gcc/sparc-gaisler-elf/10.2.0/../../../../sparc-gaisler-elf/lib/leon3/mfix-ut700/soft/flat/libc.a(lib_a-s_frexp.o)
 .bss           0x0000000040012db4        0x0 /home/fsw/rep/tasa/lib/bcc-2.2.3-gcc/bin/../lib/gcc/sparc-gaisler-elf/10.2.0/../../../../sparc-gaisler-elf/lib/leon3/mfix-ut700/soft/flat/libc.a(lib_a-sbrkr.o)
 .bss           0x0000000040012db4        0x0 /home/fsw/rep/tasa/lib/bcc-2.2.3-gcc/bin/../lib/gcc/sparc-gaisler-elf/10.2.0/../../../../sparc-gaisler-elf/lib/leon3/mfix-ut700/soft/flat/libc.a(lib_a-stdio.o)
 .bss           0x0000000040012db4        0x0 /home/fsw/rep/tasa/lib/bcc-2.2.3-gcc/bin/../lib/gcc/sparc-gaisler-elf/10.2.0/../../../../sparc-gaisler-elf/lib/leon3/mfix-ut700/soft/flat/libc.a(lib_a-strncpy.o)
 .bss           0x0000000040012db4        0x0 /home/fsw/rep/tasa/lib/bcc-2.2.3-gcc/bin/../lib/gcc/sparc-gaisler-elf/10.2.0/../../../../sparc-gaisler-elf/lib/leon3/mfix-ut700/soft/flat/libc.a(lib_a-vfiprintf.o)
 .bss           0x0000000040012db4        0x0 /home/fsw/rep/tasa/lib/bcc-2.2.3-gcc/bin/../lib/gcc/sparc-gaisler-elf/10.2.0/../../../../sparc-gaisler-elf/lib/leon3/mfix-ut700/soft/flat/libc.a(lib_a-wbuf.o)
 .bss           0x0000000040012db4        0x0 /home/fsw/rep/tasa/lib/bcc-2.2.3-gcc/bin/../lib/gcc/sparc-gaisler-elf/10.2.0/../../../../sparc-gaisler-elf/lib/leon3/mfix-ut700/soft/flat/libc.a(lib_a-writer.o)
 .bss           0x0000000040012db4        0x0 /home/fsw/rep/tasa/lib/bcc-2.2.3-gcc/bin/../lib/gcc/sparc-gaisler-elf/10.2.0/../../../../sparc-gaisler-elf/lib/leon3/mfix-ut700/soft/flat/libc.a(lib_a-callocr.o)
 .bss           0x0000000040012db4        0x0 /home/fsw/rep/tasa/lib/bcc-2.2.3-gcc/bin/../lib/gcc/sparc-gaisler-elf/10.2.0/../../../../sparc-gaisler-elf/lib/leon3/mfix-ut700/soft/flat/libc.a(lib_a-closer.o)
 .bss           0x0000000040012db4        0x0 /home/fsw/rep/tasa/lib/bcc-2.2.3-gcc/bin/../lib/gcc/sparc-gaisler-elf/10.2.0/../../../../sparc-gaisler-elf/lib/leon3/mfix-ut700/soft/flat/libc.a(lib_a-fclose.o)
 .bss           0x0000000040012db4        0x0 /home/fsw/rep/tasa/lib/bcc-2.2.3-gcc/bin/../lib/gcc/sparc-gaisler-elf/10.2.0/../../../../sparc-gaisler-elf/lib/leon3/mfix-ut700/soft/flat/libc.a(lib_a-fputwc.o)
 .bss           0x0000000040012db4        0x0 /home/fsw/rep/tasa/lib/bcc-2.2.3-gcc/bin/../lib/gcc/sparc-gaisler-elf/10.2.0/../../../../sparc-gaisler-elf/lib/leon3/mfix-ut700/soft/flat/libc.a(lib_a-fstatr.o)
 .bss           0x0000000040012db4        0x0 /home/fsw/rep/tasa/lib/bcc-2.2.3-gcc/bin/../lib/gcc/sparc-gaisler-elf/10.2.0/../../../../sparc-gaisler-elf/lib/leon3/mfix-ut700/soft/flat/libc.a(lib_a-isattyr.o)
 .bss           0x0000000040012db4        0x4 /home/fsw/rep/tasa/lib/bcc-2.2.3-gcc/bin/../lib/gcc/sparc-gaisler-elf/10.2.0/../../../../sparc-gaisler-elf/lib/leon3/mfix-ut700/soft/flat/libc.a(lib_a-locale.o)
                0x0000000040012db4                _PathLocale
 .bss           0x0000000040012db8        0x0 /home/fsw/rep/tasa/lib/bcc-2.2.3-gcc/bin/../lib/gcc/sparc-gaisler-elf/10.2.0/../../../../sparc-gaisler-elf/lib/leon3/mfix-ut700/soft/flat/libc.a(lib_a-lseekr.o)
 .bss           0x0000000040012db8        0x0 /home/fsw/rep/tasa/lib/bcc-2.2.3-gcc/bin/../lib/gcc/sparc-gaisler-elf/10.2.0/../../../../sparc-gaisler-elf/lib/leon3/mfix-ut700/soft/flat/libc.a(lib_a-mbtowc_r.o)
 .bss           0x0000000040012db8        0x0 /home/fsw/rep/tasa/lib/bcc-2.2.3-gcc/bin/../lib/gcc/sparc-gaisler-elf/10.2.0/../../../../sparc-gaisler-elf/lib/leon3/mfix-ut700/soft/flat/libc.a(lib_a-readr.o)
 .bss           0x0000000040012db8        0x4 /home/fsw/rep/tasa/lib/bcc-2.2.3-gcc/bin/../lib/gcc/sparc-gaisler-elf/10.2.0/../../../../sparc-gaisler-elf/lib/leon3/mfix-ut700/soft/flat/libc.a(lib_a-reent.o)
                0x0000000040012db8                errno
 .bss           0x0000000040012dbc        0x0 /home/fsw/rep/tasa/lib/bcc-2.2.3-gcc/bin/../lib/gcc/sparc-gaisler-elf/10.2.0/../../../../sparc-gaisler-elf/lib/leon3/mfix-ut700/soft/flat/libc.a(lib_a-strcmp.o)
 .bss           0x0000000040012dbc        0x0 /home/fsw/rep/tasa/lib/bcc-2.2.3-gcc/bin/../lib/gcc/sparc-gaisler-elf/10.2.0/../../../../sparc-gaisler-elf/lib/leon3/mfix-ut700/soft/flat/libc.a(lib_a-wcrtomb.o)
 .bss           0x0000000040012dbc        0x0 /home/fsw/rep/tasa/lib/bcc-2.2.3-gcc/bin/../lib/gcc/sparc-gaisler-elf/10.2.0/../../../../sparc-gaisler-elf/lib/leon3/mfix-ut700/soft/flat/libc.a(lib_a-wctomb_r.o)
 .bss           0x0000000040012dbc        0x0 /home/fsw/rep/tasa/lib/bcc-2.2.3-gcc/bin/../lib/gcc/sparc-gaisler-elf/10.2.0/../../../../sparc-gaisler-elf/lib/leon3/mfix-ut700/soft/flat/libc.a(lib_a-ctype_.o)
 .bss           0x0000000040012dbc        0x0 /home/fsw/rep/tasa/lib/bcc-2.2.3-gcc/bin/../sparc-gaisler-elf/bsp/leon3/leon3/mfix-ut700/soft/flat/libbcc.a(_exit.S.o)
 .bss           0x0000000040012dbc        0x0 /home/fsw/rep/tasa/lib/bcc-2.2.3-gcc/bin/../sparc-gaisler-elf/bsp/leon3/leon3/mfix-ut700/soft/flat/libbcc.a(read.c.o)
 .bss           0x0000000040012dbc        0x4 /home/fsw/rep/tasa/lib/bcc-2.2.3-gcc/bin/../sparc-gaisler-elf/bsp/leon3/leon3/mfix-ut700/soft/flat/libbcc.a(sbrk.c.o)
 .bss           0x0000000040012dc0        0x8 /home/fsw/rep/tasa/lib/bcc-2.2.3-gcc/bin/../sparc-gaisler-elf/bsp/leon3/leon3/mfix-ut700/soft/flat/libbcc.a(heap.c.o)
                0x0000000040012dc0                __bcc_heap_max
                0x0000000040012dc4                __bcc_heap_min
 .bss           0x0000000040012dc8        0x0 /home/fsw/rep/tasa/lib/bcc-2.2.3-gcc/bin/../sparc-gaisler-elf/bsp/leon3/leon3/mfix-ut700/soft/flat/libbcc.a(write.c.o)
 .bss           0x0000000040012dc8        0x0 /home/fsw/rep/tasa/lib/bcc-2.2.3-gcc/bin/../sparc-gaisler-elf/bsp/leon3/leon3/mfix-ut700/soft/flat/libbcc.a(stubs.S.o)
 .bss           0x0000000040012dc8        0x4 /home/fsw/rep/tasa/lib/bcc-2.2.3-gcc/bin/../sparc-gaisler-elf/bsp/leon3/leon3/mfix-ut700/soft/flat/libbcc.a(con_apbuart.c.o)
 .bss           0x0000000040012dcc        0x0 /home/fsw/rep/tasa/lib/bcc-2.2.3-gcc/bin/../lib/gcc/sparc-gaisler-elf/10.2.0/leon3/mfix-ut700/soft/flat/libgcc.a(_udivdi3.o)
 .bss           0x0000000040012dcc        0x0 /home/fsw/rep/tasa/lib/bcc-2.2.3-gcc/bin/../lib/gcc/sparc-gaisler-elf/10.2.0/leon3/mfix-ut700/soft/flat/libgcc.a(_umoddi3.o)
 .bss           0x0000000040012dcc        0x0 /home/fsw/rep/tasa/lib/bcc-2.2.3-gcc/bin/../lib/gcc/sparc-gaisler-elf/10.2.0/leon3/mfix-ut700/soft/flat/libgcc.a(_addsub_df.o)
 .bss           0x0000000040012dcc        0x0 /home/fsw/rep/tasa/lib/bcc-2.2.3-gcc/bin/../lib/gcc/sparc-gaisler-elf/10.2.0/leon3/mfix-ut700/soft/flat/libgcc.a(_mul_df.o)
 .bss           0x0000000040012dcc        0x0 /home/fsw/rep/tasa/lib/bcc-2.2.3-gcc/bin/../lib/gcc/sparc-gaisler-elf/10.2.0/leon3/mfix-ut700/soft/flat/libgcc.a(_div_df.o)
 .bss           0x0000000040012dcc        0x0 /home/fsw/rep/tasa/lib/bcc-2.2.3-gcc/bin/../lib/gcc/sparc-gaisler-elf/10.2.0/leon3/mfix-ut700/soft/flat/libgcc.a(_eq_df.o)
 .bss           0x0000000040012dcc        0x0 /home/fsw/rep/tasa/lib/bcc-2.2.3-gcc/bin/../lib/gcc/sparc-gaisler-elf/10.2.0/leon3/mfix-ut700/soft/flat/libgcc.a(_ne_df.o)
 .bss           0x0000000040012dcc        0x0 /home/fsw/rep/tasa/lib/bcc-2.2.3-gcc/bin/../lib/gcc/sparc-gaisler-elf/10.2.0/leon3/mfix-ut700/soft/flat/libgcc.a(_gt_df.o)
 .bss           0x0000000040012dcc        0x0 /home/fsw/rep/tasa/lib/bcc-2.2.3-gcc/bin/../lib/gcc/sparc-gaisler-elf/10.2.0/leon3/mfix-ut700/soft/flat/libgcc.a(_lt_df.o)
 .bss           0x0000000040012dcc        0x0 /home/fsw/rep/tasa/lib/bcc-2.2.3-gcc/bin/../lib/gcc/sparc-gaisler-elf/10.2.0/leon3/mfix-ut700/soft/flat/libgcc.a(_le_df.o)
 .bss           0x0000000040012dcc        0x0 /home/fsw/rep/tasa/lib/bcc-2.2.3-gcc/bin/../lib/gcc/sparc-gaisler-elf/10.2.0/leon3/mfix-ut700/soft/flat/libgcc.a(_unord_df.o)
 .bss           0x0000000040012dcc        0x0 /home/fsw/rep/tasa/lib/bcc-2.2.3-gcc/bin/../lib/gcc/sparc-gaisler-elf/10.2.0/leon3/mfix-ut700/soft/flat/libgcc.a(_si_to_df.o)
 .bss           0x0000000040012dcc        0x0 /home/fsw/rep/tasa/lib/bcc-2.2.3-gcc/bin/../lib/gcc/sparc-gaisler-elf/10.2.0/leon3/mfix-ut700/soft/flat/libgcc.a(_df_to_si.o)
 .bss           0x0000000040012dcc        0x0 /home/fsw/rep/tasa/lib/bcc-2.2.3-gcc/bin/../lib/gcc/sparc-gaisler-elf/10.2.0/leon3/mfix-ut700/soft/flat/libgcc.a(_thenan_df.o)
 .bss           0x0000000040012dcc        0x0 /home/fsw/rep/tasa/lib/bcc-2.2.3-gcc/bin/../lib/gcc/sparc-gaisler-elf/10.2.0/leon3/mfix-ut700/soft/flat/libgcc.a(_usi_to_df.o)
 .bss           0x0000000040012dcc        0x0 /home/fsw/rep/tasa/lib/bcc-2.2.3-gcc/bin/../lib/gcc/sparc-gaisler-elf/10.2.0/leon3/mfix-ut700/soft/flat/libgcc.a(_clz.o)
 .bss           0x0000000040012dcc        0x0 /home/fsw/rep/tasa/lib/bcc-2.2.3-gcc/bin/../lib/gcc/sparc-gaisler-elf/10.2.0/leon3/mfix-ut700/soft/flat/libgcc.a(_clzsi2.o)
 .bss           0x0000000040012dcc        0x0 /home/fsw/rep/tasa/lib/bcc-2.2.3-gcc/bin/../lib/gcc/sparc-gaisler-elf/10.2.0/leon3/mfix-ut700/soft/flat/libgcc.a(_pack_df.o)
 .bss           0x0000000040012dcc        0x0 /home/fsw/rep/tasa/lib/bcc-2.2.3-gcc/bin/../lib/gcc/sparc-gaisler-elf/10.2.0/leon3/mfix-ut700/soft/flat/libgcc.a(_unpack_df.o)
 .bss           0x0000000040012dcc        0x0 /home/fsw/rep/tasa/lib/bcc-2.2.3-gcc/bin/../lib/gcc/sparc-gaisler-elf/10.2.0/leon3/mfix-ut700/soft/flat/libgcc.a(_fpcmp_parts_df.o)
 .bss           0x0000000040012dcc        0x0 /home/fsw/rep/tasa/lib/bcc-2.2.3-gcc/bin/../lib/gcc/sparc-gaisler-elf/10.2.0/leon3/mfix-ut700/soft/flat/crtend.o
 .bss           0x0000000040012dcc        0x0 /home/fsw/rep/tasa/lib/bcc-2.2.3-gcc/bin/../lib/gcc/sparc-gaisler-elf/10.2.0/leon3/mfix-ut700/soft/flat/crtn.o
 *(COMMON)
                0x0000000040012dd0                . = ALIGN (0x8)
 *fill*         0x0000000040012dcc        0x4 
                0x0000000040012dd0                __bss_end = .
                0x0000000040012dd0                __heap_min = .
                0x0000000040012dd0                . = ALIGN (0x8)

.jcr
 *(.jcr)

.stab
 *(.stab)

.stabstr
 *(.stabstr)

.debug
 *(.debug)

.line
 *(.line)

.debug_srcinfo
 *(.debug_srcinfo)

.debug_sfnames
 *(.debug_sfnames)

.debug_aranges  0x0000000000000000      0xc48
 *(.debug_aranges)
 .debug_aranges
                0x0000000000000000       0x20 /home/fsw/rep/tasa/lib/bcc-2.2.3-gcc/bin/../sparc-gaisler-elf/bsp/leon3/leon3/mfix-ut700/soft/flat/trap_table_mvt_tn0018.S.o
 .debug_aranges
                0x0000000000000020       0x20 /home/fsw/rep/tasa/lib/bcc-2.2.3-gcc/bin/../sparc-gaisler-elf/bsp/leon3/leon3/mfix-ut700/soft/flat/crt0.S.o
 .debug_aranges
                0x0000000000000040       0x20 /tmp/ccyYqly4.o
 .debug_aranges
                0x0000000000000060       0x20 /home/fsw/rep/tasa/lib/bcc-2.2.3-gcc/bin/../sparc-gaisler-elf/bsp/leon3/leon3/mfix-ut700/soft/flat/libbcc.a(reset_trap_mvt.S.o)
 .debug_aranges
                0x0000000000000080       0x20 /home/fsw/rep/tasa/lib/bcc-2.2.3-gcc/bin/../sparc-gaisler-elf/bsp/leon3/leon3/mfix-ut700/soft/flat/libbcc.a(sw_trap_set_pil.S.o)
 .debug_aranges
                0x00000000000000a0       0x20 /home/fsw/rep/tasa/lib/bcc-2.2.3-gcc/bin/../sparc-gaisler-elf/bsp/leon3/leon3/mfix-ut700/soft/flat/libbcc.a(init.S.o)
 .debug_aranges
                0x00000000000000c0       0x20 /home/fsw/rep/tasa/lib/bcc-2.2.3-gcc/bin/../sparc-gaisler-elf/bsp/leon3/leon3/mfix-ut700/soft/flat/libbcc.a(leon_info.S.o)
 .debug_aranges
                0x00000000000000e0       0x20 /home/fsw/rep/tasa/lib/bcc-2.2.3-gcc/bin/../sparc-gaisler-elf/bsp/leon3/leon3/mfix-ut700/soft/flat/libbcc.a(dwzero.S.o)
 .debug_aranges
                0x0000000000000100       0x20 /home/fsw/rep/tasa/lib/bcc-2.2.3-gcc/bin/../sparc-gaisler-elf/bsp/leon3/leon3/mfix-ut700/soft/flat/libbcc.a(copy_data.c.o)
 .debug_aranges
                0x0000000000000120       0x18 /home/fsw/rep/tasa/lib/bcc-2.2.3-gcc/bin/../sparc-gaisler-elf/bsp/leon3/leon3/mfix-ut700/soft/flat/libbcc.a(argv.c.o)
 .debug_aranges
                0x0000000000000138       0x20 /home/fsw/rep/tasa/lib/bcc-2.2.3-gcc/bin/../sparc-gaisler-elf/bsp/leon3/leon3/mfix-ut700/soft/flat/libbcc.a(interrupt_trap_flat_tn0018.S.o)
 .debug_aranges
                0x0000000000000158       0x20 /home/fsw/rep/tasa/lib/bcc-2.2.3-gcc/bin/../sparc-gaisler-elf/bsp/leon3/leon3/mfix-ut700/soft/flat/libbcc.a(int_irqmp_get_source.c.o)
 .debug_aranges
                0x0000000000000178       0x20 /home/fsw/rep/tasa/lib/bcc-2.2.3-gcc/bin/../sparc-gaisler-elf/bsp/leon3/leon3/mfix-ut700/soft/flat/libbcc.a(int_irqmp_mp.c.o)
 .debug_aranges
                0x0000000000000198       0x20 /home/fsw/rep/tasa/lib/bcc-2.2.3-gcc/bin/../sparc-gaisler-elf/bsp/leon3/leon3/mfix-ut700/soft/flat/libbcc.a(int_irqmp_init.c.o)
 .debug_aranges
                0x00000000000001b8       0x20 /home/fsw/rep/tasa/lib/bcc-2.2.3-gcc/bin/../sparc-gaisler-elf/bsp/leon3/leon3/mfix-ut700/soft/flat/libbcc.a(con_apbuart_init.c.o)
 .debug_aranges
                0x00000000000001d8       0x20 /home/fsw/rep/tasa/lib/bcc-2.2.3-gcc/bin/../sparc-gaisler-elf/bsp/leon3/leon3/mfix-ut700/soft/flat/libbcc.a(timer_gptimer_init.c.o)
 .debug_aranges
                0x00000000000001f8       0x18 /home/fsw/rep/tasa/lib/bcc-2.2.3-gcc/bin/../sparc-gaisler-elf/bsp/leon3/leon3/mfix-ut700/soft/flat/libbcc.a(isr.c.o)
 .debug_aranges
                0x0000000000000210       0x18 /home/fsw/rep/tasa/lib/bcc-2.2.3-gcc/bin/../sparc-gaisler-elf/bsp/leon3/leon3/mfix-ut700/soft/flat/libbcc.a(int_nest.c.o)
 .debug_aranges
                0x0000000000000228       0x20 /home/fsw/rep/tasa/lib/bcc-2.2.3-gcc/bin/../sparc-gaisler-elf/bsp/leon3/leon3/mfix-ut700/soft/flat/libbcc.a(ambapp.c.o)
 .debug_aranges
                0x0000000000000248       0x20 /home/fsw/rep/tasa/lib/bcc-2.2.3-gcc/bin/../sparc-gaisler-elf/bsp/leon3/leon3/mfix-ut700/soft/flat/libbcc.a(ambapp_findfirst_fn.c.o)
 .debug_aranges
                0x0000000000000268       0x18 /home/fsw/rep/tasa/lib/bcc-2.2.3-gcc/bin/../sparc-gaisler-elf/bsp/leon3/leon3/mfix-ut700/soft/flat/libbcc.a(int_irqmp_handle.c.o)
 .debug_aranges
                0x0000000000000280       0x18 /home/fsw/rep/tasa/lib/bcc-2.2.3-gcc/bin/../sparc-gaisler-elf/bsp/leon3/leon3/mfix-ut700/soft/flat/libbcc.a(con_handle.c.o)
 .debug_aranges
                0x0000000000000298       0x18 /home/fsw/rep/tasa/lib/bcc-2.2.3-gcc/bin/../sparc-gaisler-elf/bsp/leon3/leon3/mfix-ut700/soft/flat/libbcc.a(timer_handle.c.o)
 .debug_aranges
                0x00000000000002b0       0x20 /home/fsw/rep/tasa/lib/bcc-2.2.3-gcc/bin/../lib/gcc/sparc-gaisler-elf/10.2.0/../../../../sparc-gaisler-elf/lib/leon3/mfix-ut700/soft/flat/libc.a(lib_a-atexit.o)
 .debug_aranges
                0x00000000000002d0       0x20 /home/fsw/rep/tasa/lib/bcc-2.2.3-gcc/bin/../lib/gcc/sparc-gaisler-elf/10.2.0/../../../../sparc-gaisler-elf/lib/leon3/mfix-ut700/soft/flat/libc.a(lib_a-exit.o)
 .debug_aranges
                0x00000000000002f0       0x18 /home/fsw/rep/tasa/lib/bcc-2.2.3-gcc/bin/../lib/gcc/sparc-gaisler-elf/10.2.0/../../../../sparc-gaisler-elf/lib/leon3/mfix-ut700/soft/flat/libc.a(lib_a-impure.o)
 .debug_aranges
                0x0000000000000308       0x20 /home/fsw/rep/tasa/lib/bcc-2.2.3-gcc/bin/../lib/gcc/sparc-gaisler-elf/10.2.0/../../../../sparc-gaisler-elf/lib/leon3/mfix-ut700/soft/flat/libc.a(lib_a-memcpy.o)
 .debug_aranges
                0x0000000000000328       0x20 /home/fsw/rep/tasa/lib/bcc-2.2.3-gcc/bin/../lib/gcc/sparc-gaisler-elf/10.2.0/../../../../sparc-gaisler-elf/lib/leon3/mfix-ut700/soft/flat/libc.a(lib_a-printf.o)
 .debug_aranges
                0x0000000000000348       0x20 /home/fsw/rep/tasa/lib/bcc-2.2.3-gcc/bin/../lib/gcc/sparc-gaisler-elf/10.2.0/../../../../sparc-gaisler-elf/lib/leon3/mfix-ut700/soft/flat/libc.a(lib_a-putchar.o)
 .debug_aranges
                0x0000000000000368       0x20 /home/fsw/rep/tasa/lib/bcc-2.2.3-gcc/bin/../lib/gcc/sparc-gaisler-elf/10.2.0/../../../../sparc-gaisler-elf/lib/leon3/mfix-ut700/soft/flat/libc.a(lib_a-puts.o)
 .debug_aranges
                0x0000000000000388       0x20 /home/fsw/rep/tasa/lib/bcc-2.2.3-gcc/bin/../lib/gcc/sparc-gaisler-elf/10.2.0/../../../../sparc-gaisler-elf/lib/leon3/mfix-ut700/soft/flat/libc.a(lib_a-strlen.o)
 .debug_aranges
                0x00000000000003a8       0x20 /home/fsw/rep/tasa/lib/bcc-2.2.3-gcc/bin/../lib/gcc/sparc-gaisler-elf/10.2.0/../../../../sparc-gaisler-elf/lib/leon3/mfix-ut700/soft/flat/libc.a(lib_a-vfprintf.o)
 .debug_aranges
                0x00000000000003c8       0x20 /home/fsw/rep/tasa/lib/bcc-2.2.3-gcc/bin/../lib/gcc/sparc-gaisler-elf/10.2.0/../../../../sparc-gaisler-elf/lib/leon3/mfix-ut700/soft/flat/libc.a(lib_a-wsetup.o)
 .debug_aranges
                0x00000000000003e8       0x20 /home/fsw/rep/tasa/lib/bcc-2.2.3-gcc/bin/../lib/gcc/sparc-gaisler-elf/10.2.0/../../../../sparc-gaisler-elf/lib/leon3/mfix-ut700/soft/flat/libc.a(lib_a-__atexit.o)
 .debug_aranges
                0x0000000000000408       0x20 /home/fsw/rep/tasa/lib/bcc-2.2.3-gcc/bin/../lib/gcc/sparc-gaisler-elf/10.2.0/../../../../sparc-gaisler-elf/lib/leon3/mfix-ut700/soft/flat/libc.a(lib_a-__call_atexit.o)
 .debug_aranges
                0x0000000000000428       0x20 /home/fsw/rep/tasa/lib/bcc-2.2.3-gcc/bin/../lib/gcc/sparc-gaisler-elf/10.2.0/../../../../sparc-gaisler-elf/lib/leon3/mfix-ut700/soft/flat/libc.a(lib_a-dtoa.o)
 .debug_aranges
                0x0000000000000448       0x20 /home/fsw/rep/tasa/lib/bcc-2.2.3-gcc/bin/../lib/gcc/sparc-gaisler-elf/10.2.0/../../../../sparc-gaisler-elf/lib/leon3/mfix-ut700/soft/flat/libc.a(lib_a-fflush.o)
 .debug_aranges
                0x0000000000000468       0x20 /home/fsw/rep/tasa/lib/bcc-2.2.3-gcc/bin/../lib/gcc/sparc-gaisler-elf/10.2.0/../../../../sparc-gaisler-elf/lib/leon3/mfix-ut700/soft/flat/libc.a(lib_a-findfp.o)
 .debug_aranges
                0x0000000000000488       0x20 /home/fsw/rep/tasa/lib/bcc-2.2.3-gcc/bin/../lib/gcc/sparc-gaisler-elf/10.2.0/../../../../sparc-gaisler-elf/lib/leon3/mfix-ut700/soft/flat/libc.a(lib_a-freer.o)
 .debug_aranges
                0x00000000000004a8       0x20 /home/fsw/rep/tasa/lib/bcc-2.2.3-gcc/bin/../lib/gcc/sparc-gaisler-elf/10.2.0/../../../../sparc-gaisler-elf/lib/leon3/mfix-ut700/soft/flat/libc.a(lib_a-fvwrite.o)
 .debug_aranges
                0x00000000000004c8       0x20 /home/fsw/rep/tasa/lib/bcc-2.2.3-gcc/bin/../lib/gcc/sparc-gaisler-elf/10.2.0/../../../../sparc-gaisler-elf/lib/leon3/mfix-ut700/soft/flat/libc.a(lib_a-fwalk.o)
 .debug_aranges
                0x00000000000004e8       0x20 /home/fsw/rep/tasa/lib/bcc-2.2.3-gcc/bin/../lib/gcc/sparc-gaisler-elf/10.2.0/../../../../sparc-gaisler-elf/lib/leon3/mfix-ut700/soft/flat/libc.a(lib_a-localeconv.o)
 .debug_aranges
                0x0000000000000508       0x20 /home/fsw/rep/tasa/lib/bcc-2.2.3-gcc/bin/../lib/gcc/sparc-gaisler-elf/10.2.0/../../../../sparc-gaisler-elf/lib/leon3/mfix-ut700/soft/flat/libc.a(lib_a-makebuf.o)
 .debug_aranges
                0x0000000000000528       0x20 /home/fsw/rep/tasa/lib/bcc-2.2.3-gcc/bin/../lib/gcc/sparc-gaisler-elf/10.2.0/../../../../sparc-gaisler-elf/lib/leon3/mfix-ut700/soft/flat/libc.a(lib_a-malloc.o)
 .debug_aranges
                0x0000000000000548       0x20 /home/fsw/rep/tasa/lib/bcc-2.2.3-gcc/bin/../lib/gcc/sparc-gaisler-elf/10.2.0/../../../../sparc-gaisler-elf/lib/leon3/mfix-ut700/soft/flat/libc.a(lib_a-mallocr.o)
 .debug_aranges
                0x0000000000000568       0x20 /home/fsw/rep/tasa/lib/bcc-2.2.3-gcc/bin/../lib/gcc/sparc-gaisler-elf/10.2.0/../../../../sparc-gaisler-elf/lib/leon3/mfix-ut700/soft/flat/libc.a(lib_a-memchr.o)
 .debug_aranges
                0x0000000000000588       0x20 /home/fsw/rep/tasa/lib/bcc-2.2.3-gcc/bin/../lib/gcc/sparc-gaisler-elf/10.2.0/../../../../sparc-gaisler-elf/lib/leon3/mfix-ut700/soft/flat/libc.a(lib_a-memmove.o)
 .debug_aranges
                0x00000000000005a8       0x20 /home/fsw/rep/tasa/lib/bcc-2.2.3-gcc/bin/../lib/gcc/sparc-gaisler-elf/10.2.0/../../../../sparc-gaisler-elf/lib/leon3/mfix-ut700/soft/flat/libc.a(lib_a-memset.o)
 .debug_aranges
                0x00000000000005c8       0x20 /home/fsw/rep/tasa/lib/bcc-2.2.3-gcc/bin/../lib/gcc/sparc-gaisler-elf/10.2.0/../../../../sparc-gaisler-elf/lib/leon3/mfix-ut700/soft/flat/libc.a(lib_a-mlock.o)
 .debug_aranges
                0x00000000000005e8       0x20 /home/fsw/rep/tasa/lib/bcc-2.2.3-gcc/bin/../lib/gcc/sparc-gaisler-elf/10.2.0/../../../../sparc-gaisler-elf/lib/leon3/mfix-ut700/soft/flat/libc.a(lib_a-mprec.o)
 .debug_aranges