Archive member included to satisfy reference by file (symbol)

/home/fsw/rep/tasa/lib/bcc-2.2.3-gcc/bin/../sparc-gaisler-elf/bsp/leon3/mfix-b2bst/mfix-tn0013/flat/libbcc.a(reset_trap_mvt.S.o)
                              /home/fsw/rep/tasa/lib/bcc-2.2.3-gcc/bin/../sparc-gaisler-elf/bsp/leon3/mfix-b2bst/mfix-tn0013/flat/trap_table_mvt.S.o (__bcc_trap_reset_mvt)
/home/fsw/rep/tasa/lib/bcc-2.2.3-gcc/bin/../sparc-gaisler-elf/bsp/leon3/mfix-b2bst/mfix-tn0013/flat/libbcc.a(interrupt_trap_flat.S.o)
                              /home/fsw/rep/tasa/lib/bcc-2.2.3-gcc/bin/../sparc-gaisler-elf/bsp/leon3/mfix-b2bst/mfix-tn0013/flat/trap_table_mvt.S.o (__bcc_trap_interrupt_flat)
/home/fsw/rep/tasa/lib/bcc-2.2.3-gcc/bin/../sparc-gaisler-elf/bsp/leon3/mfix-b2bst/mfix-tn0013/flat/libbcc.a(sw_trap_set_pil.S.o)
                              /home/fsw/rep/tasa/lib/bcc-2.2.3-gcc/bin/../sparc-gaisler-elf/bsp/leon3/mfix-b2bst/mfix-tn0013/flat/trap_table_mvt.S.o (__bcc_trap_sw_set_pil)
/home/fsw/rep/tasa/lib/bcc-2.2.3-gcc/bin/../sparc-gaisler-elf/bsp/leon3/mfix-b2bst/mfix-tn0013/flat/libbcc.a(isr.c.o)
                              /home/fsw/rep/tasa/lib/bcc-2.2.3-gcc/bin/../sparc-gaisler-elf/bsp/leon3/mfix-b2bst/mfix-tn0013/flat/libbcc.a(interrupt_trap_flat.S.o) (__bcc_isr_list)
/home/fsw/rep/tasa/lib/bcc-2.2.3-gcc/bin/../sparc-gaisler-elf/bsp/leon3/mfix-b2bst/mfix-tn0013/flat/libbcc.a(int_nest.c.o)
                              /home/fsw/rep/tasa/lib/bcc-2.2.3-gcc/bin/../sparc-gaisler-elf/bsp/leon3/mfix-b2bst/mfix-tn0013/flat/libbcc.a(interrupt_trap_flat.S.o) (__bcc_int_nest)
/home/fsw/rep/tasa/lib/bcc-2.2.3-gcc/bin/../sparc-gaisler-elf/bsp/leon3/mfix-b2bst/mfix-tn0013/flat/libbcc.a(init.S.o)
                              /home/fsw/rep/tasa/lib/bcc-2.2.3-gcc/bin/../sparc-gaisler-elf/bsp/leon3/mfix-b2bst/mfix-tn0013/flat/libbcc.a(reset_trap_mvt.S.o) (__bcc_init40)
/home/fsw/rep/tasa/lib/bcc-2.2.3-gcc/bin/../sparc-gaisler-elf/bsp/leon3/mfix-b2bst/mfix-tn0013/flat/libbcc.a(leon_info.S.o)
                              /home/fsw/rep/tasa/lib/bcc-2.2.3-gcc/bin/../sparc-gaisler-elf/bsp/leon3/mfix-b2bst/mfix-tn0013/flat/crt0.S.o (__bcc_get_leon_info)
/home/fsw/rep/tasa/lib/bcc-2.2.3-gcc/bin/../sparc-gaisler-elf/bsp/leon3/mfix-b2bst/mfix-tn0013/flat/libbcc.a(dwzero.S.o)
                              /home/fsw/rep/tasa/lib/bcc-2.2.3-gcc/bin/../sparc-gaisler-elf/bsp/leon3/mfix-b2bst/mfix-tn0013/flat/crt0.S.o (bcc_dwzero)
/home/fsw/rep/tasa/lib/bcc-2.2.3-gcc/bin/../sparc-gaisler-elf/bsp/leon3/mfix-b2bst/mfix-tn0013/flat/libbcc.a(copy_data.c.o)
                              /home/fsw/rep/tasa/lib/bcc-2.2.3-gcc/bin/../sparc-gaisler-elf/bsp/leon3/mfix-b2bst/mfix-tn0013/flat/crt0.S.o (__bcc_copy_data)
/home/fsw/rep/tasa/lib/bcc-2.2.3-gcc/bin/../sparc-gaisler-elf/bsp/leon3/mfix-b2bst/mfix-tn0013/flat/libbcc.a(argv.c.o)
                              /home/fsw/rep/tasa/lib/bcc-2.2.3-gcc/bin/../sparc-gaisler-elf/bsp/leon3/mfix-b2bst/mfix-tn0013/flat/crt0.S.o (__bcc_argvp)
/home/fsw/rep/tasa/lib/bcc-2.2.3-gcc/bin/../sparc-gaisler-elf/bsp/leon3/mfix-b2bst/mfix-tn0013/flat/libbcc.a(int_irqmp_get_source.c.o)
                              /home/fsw/rep/tasa/lib/bcc-2.2.3-gcc/bin/../sparc-gaisler-elf/bsp/leon3/mfix-b2bst/mfix-tn0013/flat/libbcc.a(interrupt_trap_flat.S.o) (__bcc_int_get_source)
/home/fsw/rep/tasa/lib/bcc-2.2.3-gcc/bin/../sparc-gaisler-elf/bsp/leon3/mfix-b2bst/mfix-tn0013/flat/libbcc.a(int_irqmp_mp.c.o)
                              /tmp/ccvGHBjf.o (bcc_get_cpu_count)
/home/fsw/rep/tasa/lib/bcc-2.2.3-gcc/bin/../sparc-gaisler-elf/bsp/leon3/mfix-b2bst/mfix-tn0013/flat/libbcc.a(int_irqmp_init.c.o)
                              /home/fsw/rep/tasa/lib/bcc-2.2.3-gcc/bin/../sparc-gaisler-elf/bsp/leon3/mfix-b2bst/mfix-tn0013/flat/crt0.S.o (__bcc_int_init)
/home/fsw/rep/tasa/lib/bcc-2.2.3-gcc/bin/../sparc-gaisler-elf/bsp/leon3/mfix-b2bst/mfix-tn0013/flat/libbcc.a(con_apbuart_init.c.o)
                              /home/fsw/rep/tasa/lib/bcc-2.2.3-gcc/bin/../sparc-gaisler-elf/bsp/leon3/mfix-b2bst/mfix-tn0013/flat/crt0.S.o (__bcc_con_init)
/home/fsw/rep/tasa/lib/bcc-2.2.3-gcc/bin/../sparc-gaisler-elf/bsp/leon3/mfix-b2bst/mfix-tn0013/flat/libbcc.a(timer_gptimer_init.c.o)
                              /home/fsw/rep/tasa/lib/bcc-2.2.3-gcc/bin/../sparc-gaisler-elf/bsp/leon3/mfix-b2bst/mfix-tn0013/flat/crt0.S.o (__bcc_timer_init)
/home/fsw/rep/tasa/lib/bcc-2.2.3-gcc/bin/../sparc-gaisler-elf/bsp/leon3/mfix-b2bst/mfix-tn0013/flat/libbcc.a(ambapp.c.o)
                              /home/fsw/rep/tasa/lib/bcc-2.2.3-gcc/bin/../sparc-gaisler-elf/bsp/leon3/mfix-b2bst/mfix-tn0013/flat/libbcc.a(int_irqmp_init.c.o) (ambapp_visit)
/home/fsw/rep/tasa/lib/bcc-2.2.3-gcc/bin/../sparc-gaisler-elf/bsp/leon3/mfix-b2bst/mfix-tn0013/flat/libbcc.a(ambapp_findfirst_fn.c.o)
                              /home/fsw/rep/tasa/lib/bcc-2.2.3-gcc/bin/../sparc-gaisler-elf/bsp/leon3/mfix-b2bst/mfix-tn0013/flat/libbcc.a(int_irqmp_init.c.o) (ambapp_findfirst_fn)
[...]
Memory Configuration

Name             Origin             Length             Attributes
rom              0x0000000000000000 0x0000000020000000
ram              0x0000000040000000 0x0000000040000000
*default*        0x0000000000000000 0xffffffffffffffff

Linker script and memory map

LOAD /home/fsw/rep/tasa/lib/bcc-2.2.3-gcc/bin/../sparc-gaisler-elf/bsp/leon3/mfix-b2bst/mfix-tn0013/flat/trap_table_mvt.S.o
LOAD /home/fsw/rep/tasa/lib/bcc-2.2.3-gcc/bin/../sparc-gaisler-elf/bsp/leon3/mfix-b2bst/mfix-tn0013/flat/crt0.S.o
LOAD /home/fsw/rep/tasa/lib/bcc-2.2.3-gcc/bin/../lib/gcc/sparc-gaisler-elf/10.2.0/mfix-b2bst/mfix-tn0013/flat/crti.o
LOAD /home/fsw/rep/tasa/lib/bcc-2.2.3-gcc/bin/../lib/gcc/sparc-gaisler-elf/10.2.0/mfix-b2bst/mfix-tn0013/flat/crtbegin.o
LOAD /tmp/ccvGHBjf.o
                0x0000000000000000                PROVIDE (__bcc_cfg_skip_clear_bss = 0x0)

.text           0x0000000040000000    0x109e0
 CREATE_OBJECT_SYMBOLS
                0x0000000040000000                __text_start = .
                0x0000000040000000                . = ALIGN (0x1000)
 *(.text.traptable)
 .text.traptable
                0x0000000040000000     0x1000 /home/fsw/rep/tasa/lib/bcc-2.2.3-gcc/bin/../sparc-gaisler-elf/bsp/leon3/mfix-b2bst/mfix-tn0013/flat/trap_table_mvt.S.o
                0x0000000040000000                __bcc_trap_table
                0x0000000040000000                __bcc_entry_point
 *(.text .text.*)
 .text          0x0000000040001000        0x0 /home/fsw/rep/tasa/lib/bcc-2.2.3-gcc/bin/../sparc-gaisler-elf/bsp/leon3/mfix-b2bst/mfix-tn0013/flat/trap_table_mvt.S.o
 .text          0x0000000040001000       0xc8 /home/fsw/rep/tasa/lib/bcc-2.2.3-gcc/bin/../sparc-gaisler-elf/bsp/leon3/mfix-b2bst/mfix-tn0013/flat/crt0.S.o
                0x0000000040001000                __bcc_crt0
 .text          0x00000000400010c8        0x0 /home/fsw/rep/tasa/lib/bcc-2.2.3-gcc/bin/../lib/gcc/sparc-gaisler-elf/10.2.0/mfix-b2bst/mfix-tn0013/flat/crti.o
 .text          0x00000000400010c8      0x204 /home/fsw/rep/tasa/lib/bcc-2.2.3-gcc/bin/../lib/gcc/sparc-gaisler-elf/10.2.0/mfix-b2bst/mfix-tn0013/flat/crtbegin.o
 .text          0x00000000400012cc        0x0 /tmp/ccvGHBjf.o
 .text.startup  0x00000000400012cc      0x170 /tmp/ccvGHBjf.o
                0x00000000400012cc                main
 .text          0x000000004000143c       0x90 /home/fsw/rep/tasa/lib/bcc-2.2.3-gcc/bin/../sparc-gaisler-elf/bsp/leon3/mfix-b2bst/mfix-tn0013/flat/libbcc.a(reset_trap_mvt.S.o)
                0x000000004000143c                __bcc_trap_reset_mvt
 .text          0x00000000400014cc      0x15c /home/fsw/rep/tasa/lib/bcc-2.2.3-gcc/bin/../sparc-gaisler-elf/bsp/leon3/mfix-b2bst/mfix-tn0013/flat/libbcc.a(interrupt_trap_flat.S.o)
                0x00000000400014cc                __bcc_trap_interrupt_flat_svt
                0x00000000400014d0                __bcc_trap_interrupt_flat
 .text          0x0000000040001628       0x2c /home/fsw/rep/tasa/lib/bcc-2.2.3-gcc/bin/../sparc-gaisler-elf/bsp/leon3/mfix-b2bst/mfix-tn0013/flat/libbcc.a(sw_trap_set_pil.S.o)
                0x0000000040001628                __bcc_trap_sw_set_pil
 .text          0x0000000040001654        0x0 /home/fsw/rep/tasa/lib/bcc-2.2.3-gcc/bin/../sparc-gaisler-elf/bsp/leon3/mfix-b2bst/mfix-tn0013/flat/libbcc.a(isr.c.o)
 .text          0x0000000040001654        0x0 /home/fsw/rep/tasa/lib/bcc-2.2.3-gcc/bin/../sparc-gaisler-elf/bsp/leon3/mfix-b2bst/mfix-tn0013/flat/libbcc.a(int_nest.c.o)
 .text          0x0000000040001654        0x8 /home/fsw/rep/tasa/lib/bcc-2.2.3-gcc/bin/../sparc-gaisler-elf/bsp/leon3/mfix-b2bst/mfix-tn0013/flat/libbcc.a(init.S.o)
                0x0000000040001654                __bcc_init50
                0x0000000040001654                __bcc_init40
                0x0000000040001654                __bcc_init70
                0x0000000040001654                __bcc_init60
 .text          0x000000004000165c       0x98 /home/fsw/rep/tasa/lib/bcc-2.2.3-gcc/bin/../sparc-gaisler-elf/bsp/leon3/mfix-b2bst/mfix-tn0013/flat/libbcc.a(leon_info.S.o)
                0x000000004000165c                __bcc_get_leon_info
                0x00000000400016e4                bcc_get_cpuid
 .text          0x00000000400016f4       0x2c /home/fsw/rep/tasa/lib/bcc-2.2.3-gcc/bin/../sparc-gaisler-elf/bsp/leon3/mfix-b2bst/mfix-tn0013/flat/libbcc.a(dwzero.S.o)
                0x00000000400016f4                bcc_dwzero
 .text          0x0000000040001720       0x78 /home/fsw/rep/tasa/lib/bcc-2.2.3-gcc/bin/../sparc-gaisler-elf/bsp/leon3/mfix-b2bst/mfix-tn0013/flat/libbcc.a(copy_data.c.o)
                0x0000000040001720                __bcc_copy_data
 .text          0x0000000040001798        0x0 /home/fsw/rep/tasa/lib/bcc-2.2.3-gcc/bin/../sparc-gaisler-elf/bsp/leon3/mfix-b2bst/mfix-tn0013/flat/libbcc.a(argv.c.o)
 .text          0x0000000040001798       0x48 /home/fsw/rep/tasa/lib/bcc-2.2.3-gcc/bin/../sparc-gaisler-elf/bsp/leon3/mfix-b2bst/mfix-tn0013/flat/libbcc.a(int_irqmp_get_source.c.o)
                0x0000000040001798                __bcc_int_get_source
 .text          0x00000000400017e0       0xa4 /home/fsw/rep/tasa/lib/bcc-2.2.3-gcc/bin/../sparc-gaisler-elf/bsp/leon3/mfix-b2bst/mfix-tn0013/flat/libbcc.a(int_irqmp_mp.c.o)
                0x00000000400017e0                bcc_send_interrupt
                0x0000000040001820                bcc_get_cpu_count
                0x000000004000184c                bcc_start_processor
 .text          0x0000000040001884      0x1e0 /home/fsw/rep/tasa/lib/bcc-2.2.3-gcc/bin/../sparc-gaisler-elf/bsp/leon3/mfix-b2bst/mfix-tn0013/flat/libbcc.a(int_irqmp_init.c.o)
                0x0000000040001884                __bcc_int_init
 .text          0x0000000040001a64       0x68 /home/fsw/rep/tasa/lib/bcc-2.2.3-gcc/bin/../sparc-gaisler-elf/bsp/leon3/mfix-b2bst/mfix-tn0013/flat/libbcc.a(con_apbuart_init.c.o)
                0x0000000040001a64                __bcc_con_init
 .text          0x0000000040001acc       0x98 /home/fsw/rep/tasa/lib/bcc-2.2.3-gcc/bin/../sparc-gaisler-elf/bsp/leon3/mfix-b2bst/mfix-tn0013/flat/libbcc.a(timer_gptimer_init.c.o)
                0x0000000040001acc                __bcc_timer_init
 .text          0x0000000040001b64      0x80c /home/fsw/rep/tasa/lib/bcc-2.2.3-gcc/bin/../sparc-gaisler-elf/bsp/leon3/mfix-b2bst/mfix-tn0013/flat/libbcc.a(ambapp.c.o)
                0x0000000040001b64                ambapp_get_ahbinfo
                0x0000000040002294                ambapp_get_apbinfo
                0x000000004000233c                ambapp_visit
 .text          0x0000000040002370       0xa8 /home/fsw/rep/tasa/lib/bcc-2.2.3-gcc/bin/../sparc-gaisler-elf/bsp/leon3/mfix-b2bst/mfix-tn0013/flat/libbcc.a(ambapp_findfirst_fn.c.o)
                0x0000000040002370                ambapp_findfirst_fn
 .text          0x0000000040002418        0x0 /home/fsw/rep/tasa/lib/bcc-2.2.3-gcc/bin/../sparc-gaisler-elf/bsp/leon3/mfix-b2bst/mfix-tn0013/flat/libbcc.a(int_irqmp_handle.c.o)
 .text          0x0000000040002418        0x0 /home/fsw/rep/tasa/lib/bcc-2.2.3-gcc/bin/../sparc-gaisler-elf/bsp/leon3/mfix-b2bst/mfix-tn0013/flat/libbcc.a(con_handle.c.o)
 .text          0x0000000040002418        0x0 /home/fsw/rep/tasa/lib/bcc-2.2.3-gcc/bin/../sparc-gaisler-elf/bsp/leon3/mfix-b2bst/mfix-tn0013/flat/libbcc.a(timer_handle.c.o)
 .text          0x0000000040002418       0x1c /home/fsw/rep/tasa/lib/bcc-2.2.3-gcc/bin/../lib/gcc/sparc-gaisler-elf/10.2.0/../../../../sparc-gaisler-elf/lib/mfix-b2bst/mfix-tn0013/flat/libc.a(lib_a-atexit.o)
                0x0000000040002418                atexit
 .text          0x0000000040002434       0x48 /home/fsw/rep/tasa/lib/bcc-2.2.3-gcc/bin/../lib/gcc/sparc-gaisler-elf/10.2.0/../../../../sparc-gaisler-elf/lib/mfix-b2bst/mfix-tn0013/flat/libc.a(lib_a-exit.o)
                0x0000000040002434                exit
 .text          0x000000004000247c        0x0 /home/fsw/rep/tasa/lib/bcc-2.2.3-gcc/bin/../lib/gcc/sparc-gaisler-elf/10.2.0/../../../../sparc-gaisler-elf/lib/mfix-b2bst/mfix-tn0013/flat/libc.a(lib_a-impure.o)
 .text          0x000000004000247c      0x1d0 /home/fsw/rep/tasa/lib/bcc-2.2.3-gcc/bin/../lib/gcc/sparc-gaisler-elf/10.2.0/../../../../sparc-gaisler-elf/lib/mfix-b2bst/mfix-tn0013/flat/libc.a(lib_a-memcpy.o)
                0x000000004000247c                memcpy
 .text          0x000000004000264c      0x148 /home/fsw/rep/tasa/lib/bcc-2.2.3-gcc/bin/../lib/gcc/sparc-gaisler-elf/10.2.0/../../../../sparc-gaisler-elf/lib/mfix-b2bst/mfix-tn0013/flat/libc.a(lib_a-printf.o)
                0x000000004000264c                _printf_r
                0x00000000400026f0                printf
 .text          0x0000000040002794      0x100 /home/fsw/rep/tasa/lib/bcc-2.2.3-gcc/bin/../lib/gcc/sparc-gaisler-elf/10.2.0/../../../../sparc-gaisler-elf/lib/mfix-b2bst/mfix-tn0013/flat/libc.a(lib_a-putchar.o)
                0x0000000040002794                _putchar_r
                0x0000000040002814                putchar
 .text          0x0000000040002894      0x2a8 /home/fsw/rep/tasa/lib/bcc-2.2.3-gcc/bin/../lib/gcc/sparc-gaisler-elf/10.2.0/../../../../sparc-gaisler-elf/lib/mfix-b2bst/mfix-tn0013/flat/libc.a(lib_a-puts.o)
                0x0000000040002894                _puts_r
                0x00000000400029e8                puts
 .text          0x0000000040002b3c       0xd0 /home/fsw/rep/tasa/lib/bcc-2.2.3-gcc/bin/../lib/gcc/sparc-gaisler-elf/10.2.0/../../../../sparc-gaisler-elf/lib/mfix-b2bst/mfix-tn0013/flat/libc.a(lib_a-strlen.o)
                0x0000000040002b3c                strlen
 .text          0x0000000040002c0c     0x2e04 /home/fsw/rep/tasa/lib/bcc-2.2.3-gcc/bin/../lib/gcc/sparc-gaisler-elf/10.2.0/../../../../sparc-gaisler-elf/lib/mfix-b2bst/mfix-tn0013/flat/libc.a(lib_a-vfprintf.o)
                0x0000000040002d78                _vfprintf_r
                0x0000000040005924                vfprintf
 .text          0x0000000040005a10      0x204 /home/fsw/rep/tasa/lib/bcc-2.2.3-gcc/bin/../lib/gcc/sparc-gaisler-elf/10.2.0/../../../../sparc-gaisler-elf/lib/mfix-b2bst/mfix-tn0013/flat/libc.a(lib_a-wsetup.o)
                0x0000000040005a10                __swsetup_r
 .text          0x0000000040005c14      0x1a4 /home/fsw/rep/tasa/lib/bcc-2.2.3-gcc/bin/../lib/gcc/sparc-gaisler-elf/10.2.0/../../../../sparc-gaisler-elf/lib/mfix-b2bst/mfix-tn0013/flat/libc.a(lib_a-__atexit.o)
                0x0000000040005c14                __register_exitproc
 .text          0x0000000040005db8      0x320 /home/fsw/rep/tasa/lib/bcc-2.2.3-gcc/bin/../lib/gcc/sparc-gaisler-elf/10.2.0/../../../../sparc-gaisler-elf/lib/mfix-b2bst/mfix-tn0013/flat/libc.a(lib_a-__call_atexit.o)
                0x0000000040005db8                __call_exitprocs
 .text          0x00000000400060d8     0x1658 /home/fsw/rep/tasa/lib/bcc-2.2.3-gcc/bin/../lib/gcc/sparc-gaisler-elf/10.2.0/../../../../sparc-gaisler-elf/lib/mfix-b2bst/mfix-tn0013/flat/libc.a(lib_a-dtoa.o)
                0x000000004000633c                _dtoa_r
 .text          0x0000000040007730      0x4a4 /home/fsw/rep/tasa/lib/bcc-2.2.3-gcc/bin/../lib/gcc/sparc-gaisler-elf/10.2.0/../../../../sparc-gaisler-elf/lib/mfix-b2bst/mfix-tn0013/flat/libc.a(lib_a-fflush.o)
                0x0000000040007730                __sflush_r
                0x00000000400079d0                _fflush_r
                0x0000000040007aac                fflush
 .text          0x0000000040007bd4      0x3d8 /home/fsw/rep/tasa/lib/bcc-2.2.3-gcc/bin/../lib/gcc/sparc-gaisler-elf/10.2.0/../../../../sparc-gaisler-elf/lib/mfix-b2bst/mfix-tn0013/flat/libc.a(lib_a-findfp.o)
                0x0000000040007bd4                _cleanup_r
                0x0000000040007be8                __sfmoreglue
                0x0000000040007c60                __sfp
                0x0000000040007f6c                _cleanup
                0x0000000040007f88                __sinit
 .text          0x0000000040007fac      0x4a8 /home/fsw/rep/tasa/lib/bcc-2.2.3-gcc/bin/../lib/gcc/sparc-gaisler-elf/10.2.0/../../../../sparc-gaisler-elf/lib/mfix-b2bst/mfix-tn0013/flat/libc.a(lib_a-freer.o)
                0x0000000040007fac                _malloc_trim_r
                0x00000000400080d4                _free_r
 .text          0x0000000040008454      0x57c /home/fsw/rep/tasa/lib/bcc-2.2.3-gcc/bin/../lib/gcc/sparc-gaisler-elf/10.2.0/../../../../sparc-gaisler-elf/lib/mfix-b2bst/mfix-tn0013/flat/libc.a(lib_a-fvwrite.o)
                0x0000000040008454                __sfvwrite_r
 .text          0x00000000400089d0      0x150 /home/fsw/rep/tasa/lib/bcc-2.2.3-gcc/bin/../lib/gcc/sparc-gaisler-elf/10.2.0/../../../../sparc-gaisler-elf/lib/mfix-b2bst/mfix-tn0013/flat/libc.a(lib_a-fwalk.o)
                0x00000000400089d0                _fwalk
                0x0000000040008a74                _fwalk_reent
 .text          0x0000000040008b20       0x60 /home/fsw/rep/tasa/lib/bcc-2.2.3-gcc/bin/../lib/gcc/sparc-gaisler-elf/10.2.0/../../../../sparc-gaisler-elf/lib/mfix-b2bst/mfix-tn0013/flat/libc.a(lib_a-localeconv.o)
                0x0000000040008b20                __localeconv_l
                0x0000000040008b28                _localeconv_r
                0x0000000040008b54                localeconv
 .text          0x0000000040008b80      0x29c /home/fsw/rep/tasa/lib/bcc-2.2.3-gcc/bin/../lib/gcc/sparc-gaisler-elf/10.2.0/../../../../sparc-gaisler-elf/lib/mfix-b2bst/mfix-tn0013/flat/libc.a(lib_a-makebuf.o)
                0x0000000040008b80                __smakebuf_r
                0x0000000040008d3c                __swhatbuf_r
 .text          0x0000000040008e1c       0x30 /home/fsw/rep/tasa/lib/bcc-2.2.3-gcc/bin/../lib/gcc/sparc-gaisler-elf/10.2.0/../../../../sparc-gaisler-elf/lib/mfix-b2bst/mfix-tn0013/flat/libc.a(lib_a-malloc.o)
                0x0000000040008e1c                malloc
                0x0000000040008e34                free
 .text          0x0000000040008e4c      0x87c /home/fsw/rep/tasa/lib/bcc-2.2.3-gcc/bin/../lib/gcc/sparc-gaisler-elf/10.2.0/../../../../sparc-gaisler-elf/lib/mfix-b2bst/mfix-tn0013/flat/libc.a(lib_a-mallocr.o)
                0x0000000040008e4c                _malloc_r
 .text          0x00000000400096c8      0x120 /home/fsw/rep/tasa/lib/bcc-2.2.3-gcc/bin/../lib/gcc/sparc-gaisler-elf/10.2.0/../../../../sparc-gaisler-elf/lib/mfix-b2bst/mfix-tn0013/flat/libc.a(lib_a-memchr.o)
                0x00000000400096c8                memchr
 .text          0x00000000400097e8      0x22c /home/fsw/rep/tasa/lib/bcc-2.2.3-gcc/bin/../lib/gcc/sparc-gaisler-elf/10.2.0/../../../../sparc-gaisler-elf/lib/mfix-b2bst/mfix-tn0013/flat/libc.a(lib_a-memmove.o)
                0x00000000400097e8                memmove
 .text          0x0000000040009a14      0x13c /home/fsw/rep/tasa/lib/bcc-2.2.3-gcc/bin/../lib/gcc/sparc-gaisler-elf/10.2.0/../../../../sparc-gaisler-elf/lib/mfix-b2bst/mfix-tn0013/flat/libc.a(lib_a-memset.o)
                0x0000000040009a14                memset
 .text          0x0000000040009b50       0x10 /home/fsw/rep/tasa/lib/bcc-2.2.3-gcc/bin/../lib/gcc/sparc-gaisler-elf/10.2.0/../../../../sparc-gaisler-elf/lib/mfix-b2bst/mfix-tn0013/flat/libc.a(lib_a-mlock.o)
                0x0000000040009b50                __malloc_lock
                0x0000000040009b58                __malloc_unlock
 .text          0x0000000040009b60     0x1a90 /home/fsw/rep/tasa/lib/bcc-2.2.3-gcc/bin/../lib/gcc/sparc-gaisler-elf/10.2.0/../../../../sparc-gaisler-elf/lib/mfix-b2bst/mfix-tn0013/flat/libc.a(lib_a-mprec.o)
                0x0000000040009b60                _Balloc
                0x0000000040009c5c                _Bfree
                0x0000000040009cdc                __multadd
                0x0000000040009e58                __s2b
                0x0000000040009f80                __hi0bits
                0x000000004000a014                __lo0bits
                0x000000004000a0ec                __i2b
                0x000000004000a214                __multiply
                0x000000004000a4d8                __pow5mult
                0x000000004000a6a4                __lshift
                0x000000004000a8d0                __mcmp
                0x000000004000a958                __mdiff
                0x000000004000abbc                __ulp
                0x000000004000ac4c                __b2d
                0x000000004000ae04                __d2b
                0x000000004000b238                __ratio
                0x000000004000b498                _mprec_log10
                0x000000004000b4d8                __copybits
                0x000000004000b56c                __any_on
 .text          0x000000004000b5f0      0x24c /home/fsw/rep/tasa/lib/bcc-2.2.3-gcc/bin/../lib/gcc/sparc-gaisler-elf/10.2.0/../../../../sparc-gaisler-elf/lib/mfix-b2bst/mfix-tn0013/flat/libc.a(lib_a-putc.o)
                0x000000004000b5f0                _putc_r
                0x000000004000b708                putc
 .text          0x000000004000b83c      0x5c8 /home/fsw/rep/tasa/lib/bcc-2.2.3-gcc/bin/../lib/gcc/sparc-gaisler-elf/10.2.0/../../../../sparc-gaisler-elf/lib/mfix-b2bst/mfix-tn0013/flat/libc.a(lib_a-reallocr.o)
                0x000000004000b83c                _realloc_r
 .text          0x000000004000be04       0xc0 /home/fsw/rep/tasa/lib/bcc-2.2.3-gcc/bin/../lib/gcc/sparc-gaisler-elf/10.2.0/../../../../sparc-gaisler-elf/lib/mfix-b2bst/mfix-tn0013/flat/libc.a(lib_a-s_frexp.o)
                0x000000004000be04                frexp
 .text          0x000000004000bec4       0x6c /home/fsw/rep/tasa/lib/bcc-2.2.3-gcc/bin/../lib/gcc/sparc-gaisler-elf/10.2.0/../../../../sparc-gaisler-elf/lib/mfix-b2bst/mfix-tn0013/flat/libc.a(lib_a-sbrkr.o)
                0x000000004000bec4                _sbrk_r
 .text          0x000000004000bf30      0x1ac /home/fsw/rep/tasa/lib/bcc-2.2.3-gcc/bin/../lib/gcc/sparc-gaisler-elf/10.2.0/../../../../sparc-gaisler-elf/lib/mfix-b2bst/mfix-tn0013/flat/libc.a(lib_a-stdio.o)
                0x000000004000bf30                __sread
                0x000000004000bf98                __seofread
                0x000000004000bfa0                __swrite
                0x000000004000c060                __sseek
                0x000000004000c0cc                __sclose
 .text          0x000000004000c0dc      0x1d0 /home/fsw/rep/tasa/lib/bcc-2.2.3-gcc/bin/../lib/gcc/sparc-gaisler-elf/10.2.0/../../../../sparc-gaisler-elf/lib/mfix-b2bst/mfix-tn0013/flat/libc.a(lib_a-strncpy.o)
                0x000000004000c0dc                strncpy
 .text          0x000000004000c2ac     0x1ff0 /home/fsw/rep/tasa/lib/bcc-2.2.3-gcc/bin/../lib/gcc/sparc-gaisler-elf/10.2.0/../../../../sparc-gaisler-elf/lib/mfix-b2bst/mfix-tn0013/flat/libc.a(lib_a-vfiprintf.o)
                0x000000004000c418                __sprint_r
                0x000000004000c538                _vfiprintf_r
                0x000000004000e1b0                vfiprintf
 .text          0x000000004000e29c      0x3c4 /home/fsw/rep/tasa/lib/bcc-2.2.3-gcc/bin/../lib/gcc/sparc-gaisler-elf/10.2.0/../../../../sparc-gaisler-elf/lib/mfix-b2bst/mfix-tn0013/flat/libc.a(lib_a-wbuf.o)
                0x000000004000e29c                __swbuf_r
                0x000000004000e47c                __swbuf
 .text          0x000000004000e660       0x74 /home/fsw/rep/tasa/lib/bcc-2.2.3-gcc/bin/../lib/gcc/sparc-gaisler-elf/10.2.0/../../../../sparc-gaisler-elf/lib/mfix-b2bst/mfix-tn0013/flat/libc.a(lib_a-writer.o)
                0x000000004000e660                _write_r
 .text          0x000000004000e6d4       0xd4 /home/fsw/rep/tasa/lib/bcc-2.2.3-gcc/bin/../lib/gcc/sparc-gaisler-elf/10.2.0/../../../../sparc-gaisler-elf/lib/mfix-b2bst/mfix-tn0013/flat/libc.a(lib_a-callocr.o)
                0x000000004000e6d4                _calloc_r
 .text          0x000000004000e7a8       0x6c /home/fsw/rep/tasa/lib/bcc-2.2.3-gcc/bin/../lib/gcc/sparc-gaisler-elf/10.2.0/../../../../sparc-gaisler-elf/lib/mfix-b2bst/mfix-tn0013/flat/libc.a(lib_a-closer.o)
                0x000000004000e7a8                _close_r
 .text          0x000000004000e814      0x31c /home/fsw/rep/tasa/lib/bcc-2.2.3-gcc/bin/../lib/gcc/sparc-gaisler-elf/10.2.0/../../../../sparc-gaisler-elf/lib/mfix-b2bst/mfix-tn0013/flat/libc.a(lib_a-fclose.o)
                0x000000004000e814                _fclose_r
                0x000000004000e9a0                fclose
 .text          0x000000004000eb30      0x24c /home/fsw/rep/tasa/lib/bcc-2.2.3-gcc/bin/../lib/gcc/sparc-gaisler-elf/10.2.0/../../../../sparc-gaisler-elf/lib/mfix-b2bst/mfix-tn0013/flat/libc.a(lib_a-fputwc.o)
                0x000000004000eb30                __fputwc
                0x000000004000ec64                _fputwc_r
                0x000000004000ec94                fputwc
 .text          0x000000004000ed7c       0x70 /home/fsw/rep/tasa/lib/bcc-2.2.3-gcc/bin/../lib/gcc/sparc-gaisler-elf/10.2.0/../../../../sparc-gaisler-elf/lib/mfix-b2bst/mfix-tn0013/flat/libc.a(lib_a-fstatr.o)
                0x000000004000ed7c                _fstat_r
 .text          0x000000004000edec       0x6c /home/fsw/rep/tasa/lib/bcc-2.2.3-gcc/bin/../lib/gcc/sparc-gaisler-elf/10.2.0/../../../../sparc-gaisler-elf/lib/mfix-b2bst/mfix-tn0013/flat/libc.a(lib_a-isattyr.o)
                0x000000004000edec                _isatty_r
 .text          0x000000004000ee58      0x188 /home/fsw/rep/tasa/lib/bcc-2.2.3-gcc/bin/../lib/gcc/sparc-gaisler-elf/10.2.0/../../../../sparc-gaisler-elf/lib/mfix-b2bst/mfix-tn0013/flat/libc.a(lib_a-locale.o)
                0x000000004000ee58                _setlocale_r
                0x000000004000eeec                __locale_mb_cur_max
                0x000000004000ef18                __locale_ctype_ptr_l
                0x000000004000ef20                __locale_ctype_ptr
                0x000000004000ef4c                setlocale
 .text          0x000000004000efe0       0x74 /home/fsw/rep/tasa/lib/bcc-2.2.3-gcc/bin/../lib/gcc/sparc-gaisler-elf/10.2.0/../../../../sparc-gaisler-elf/lib/mfix-b2bst/mfix-tn0013/flat/libc.a(lib_a-lseekr.o)
                0x000000004000efe0                _lseek_r
 .text          0x000000004000f054       0xb4 /home/fsw/rep/tasa/lib/bcc-2.2.3-gcc/bin/../lib/gcc/sparc-gaisler-elf/10.2.0/../../../../sparc-gaisler-elf/lib/mfix-b2bst/mfix-tn0013/flat/libc.a(lib_a-mbtowc_r.o)
                0x000000004000f054                _mbtowc_r
                0x000000004000f0b4                __ascii_mbtowc
 .text          0x000000004000f108       0x74 /home/fsw/rep/tasa/lib/bcc-2.2.3-gcc/bin/../lib/gcc/sparc-gaisler-elf/10.2.0/../../../../sparc-gaisler-elf/lib/mfix-b2bst/mfix-tn0013/flat/libc.a(lib_a-readr.o)
                0x000000004000f108                _read_r
 .text          0x000000004000f17c      0x3d0 /home/fsw/rep/tasa/lib/bcc-2.2.3-gcc/bin/../lib/gcc/sparc-gaisler-elf/10.2.0/../../../../sparc-gaisler-elf/lib/mfix-b2bst/mfix-tn0013/flat/libc.a(lib_a-reent.o)
                0x000000004000f17c                cleanup_glue
                0x000000004000f238                _reclaim_reent
 .text          0x000000004000f54c       0xc0 /home/fsw/rep/tasa/lib/bcc-2.2.3-gcc/bin/../lib/gcc/sparc-gaisler-elf/10.2.0/../../../../sparc-gaisler-elf/lib/mfix-b2bst/mfix-tn0013/flat/libc.a(lib_a-strcmp.o)
                0x000000004000f54c                strcmp
 .text          0x000000004000f60c      0x1a4 /home/fsw/rep/tasa/lib/bcc-2.2.3-gcc/bin/../lib/gcc/sparc-gaisler-elf/10.2.0/../../../../sparc-gaisler-elf/lib/mfix-b2bst/mfix-tn0013/flat/libc.a(lib_a-wcrtomb.o)
                0x000000004000f60c                _wcrtomb_r
                0x000000004000f6dc                wcrtomb
 .text          0x000000004000f7b0       0x98 /home/fsw/rep/tasa/lib/bcc-2.2.3-gcc/bin/../lib/gcc/sparc-gaisler-elf/10.2.0/../../../../sparc-gaisler-elf/lib/mfix-b2bst/mfix-tn0013/flat/libc.a(lib_a-wctomb_r.o)
                0x000000004000f7b0                _wctomb_r
                0x000000004000f810                __ascii_wctomb
 .text          0x000000004000f848        0x0 /home/fsw/rep/tasa/lib/bcc-2.2.3-gcc/bin/../lib/gcc/sparc-gaisler-elf/10.2.0/../../../../sparc-gaisler-elf/lib/mfix-b2bst/mfix-tn0013/flat/libc.a(lib_a-ctype_.o)
 .text          0x000000004000f848       0x10 /home/fsw/rep/tasa/lib/bcc-2.2.3-gcc/bin/../sparc-gaisler-elf/bsp/leon3/mfix-b2bst/mfix-tn0013/flat/libbcc.a(_exit.S.o)
                0x000000004000f848                _exit
 .text          0x000000004000f858       0x80 /home/fsw/rep/tasa/lib/bcc-2.2.3-gcc/bin/../sparc-gaisler-elf/bsp/leon3/mfix-b2bst/mfix-tn0013/flat/libbcc.a(read.c.o)
                0x000000004000f858                read
 .text          0x000000004000f8d8       0xd0 /home/fsw/rep/tasa/lib/bcc-2.2.3-gcc/bin/../sparc-gaisler-elf/bsp/leon3/mfix-b2bst/mfix-tn0013/flat/libbcc.a(sbrk.c.o)
                0x000000004000f8d8                sbrk
 .text          0x000000004000f9a8        0x0 /home/fsw/rep/tasa/lib/bcc-2.2.3-gcc/bin/../sparc-gaisler-elf/bsp/leon3/mfix-b2bst/mfix-tn0013/flat/libbcc.a(heap.c.o)
 .text          0x000000004000f9a8       0xa4 /home/fsw/rep/tasa/lib/bcc-2.2.3-gcc/bin/../sparc-gaisler-elf/bsp/leon3/mfix-b2bst/mfix-tn0013/flat/libbcc.a(write.c.o)
                0x000000004000f9a8                write
 .text          0x000000004000fa4c       0x20 /home/fsw/rep/tasa/lib/bcc-2.2.3-gcc/bin/../sparc-gaisler-elf/bsp/leon3/mfix-b2bst/mfix-tn0013/flat/libbcc.a(stubs.S.o)
                0x000000004000fa4c                execve
                0x000000004000fa4c                lseek
                0x000000004000fa4c                fstat
                0x000000004000fa4c                kill
                0x000000004000fa4c                wait
                0x000000004000fa4c                unlink
                0x000000004000fa4c                fork
                0x000000004000fa4c                stat
                0x000000004000fa4c                link
                0x000000004000fa4c                open
                0x000000004000fa4c                close
                0x000000004000fa64                getpid
                0x000000004000fa64                isatty
 .text          0x000000004000fa6c       0xc4 /home/fsw/rep/tasa/lib/bcc-2.2.3-gcc/bin/../sparc-gaisler-elf/bsp/leon3/mfix-b2bst/mfix-tn0013/flat/libbcc.a(con_apbuart.c.o)
                0x000000004000fa6c                __bcc_con_outbyte
                0x000000004000fafc                __bcc_con_inbyte
 .text          0x000000004000fb30       0xe8 /home/fsw/rep/tasa/lib/bcc-2.2.3-gcc/bin/../lib/gcc/sparc-gaisler-elf/10.2.0/mfix-b2bst/mfix-tn0013/flat/libgcc.a(_mulsi3.o)
                0x000000004000fb30                .umul
 .text          0x000000004000fc18      0x2b0 /home/fsw/rep/tasa/lib/bcc-2.2.3-gcc/bin/../lib/gcc/sparc-gaisler-elf/10.2.0/mfix-b2bst/mfix-tn0013/flat/libgcc.a(_divsi3.o)
                0x000000004000fc18                .udiv
                0x000000004000fc20                .div
 .text          0x000000004000fec8      0x2b0 /home/fsw/rep/tasa/lib/bcc-2.2.3-gcc/bin/../lib/gcc/sparc-gaisler-elf/10.2.0/mfix-b2bst/mfix-tn0013/flat/libgcc.a(_modsi3.o)
                0x000000004000fec8                .urem
                0x000000004000fed0                .rem
 .text          0x0000000040010178      0x380 /home/fsw/rep/tasa/lib/bcc-2.2.3-gcc/bin/../lib/gcc/sparc-gaisler-elf/10.2.0/mfix-b2bst/mfix-tn0013/flat/libgcc.a(_udivdi3.o)
                0x0000000040010178                __udivdi3
 .text          0x00000000400104f8      0x378 /home/fsw/rep/tasa/lib/bcc-2.2.3-gcc/bin/../lib/gcc/sparc-gaisler-elf/10.2.0/mfix-b2bst/mfix-tn0013/flat/libgcc.a(_umoddi3.o)
                0x00000000400104f8                __umoddi3
 .text          0x0000000040010870        0x0 /home/fsw/rep/tasa/lib/bcc-2.2.3-gcc/bin/../lib/gcc/sparc-gaisler-elf/10.2.0/mfix-b2bst/mfix-tn0013/flat/libgcc.a(_clz.o)
 .text          0x0000000040010870       0x70 /home/fsw/rep/tasa/lib/bcc-2.2.3-gcc/bin/../lib/gcc/sparc-gaisler-elf/10.2.0/mfix-b2bst/mfix-tn0013/flat/crtend.o
 .text          0x00000000400108e0        0x0 /home/fsw/rep/tasa/lib/bcc-2.2.3-gcc/bin/../lib/gcc/sparc-gaisler-elf/10.2.0/mfix-b2bst/mfix-tn0013/flat/crtn.o
                0x00000000400108e0                . = ALIGN (0x10)
 *(.eh_frame)
 .eh_frame      0x00000000400108e0        0x0 /home/fsw/rep/tasa/lib/bcc-2.2.3-gcc/bin/../lib/gcc/sparc-gaisler-elf/10.2.0/mfix-b2bst/mfix-tn0013/flat/crtbegin.o
 .eh_frame      0x00000000400108e0       0x38 /home/fsw/rep/tasa/lib/bcc-2.2.3-gcc/bin/../lib/gcc/sparc-gaisler-elf/10.2.0/mfix-b2bst/mfix-tn0013/flat/libgcc.a(_udivdi3.o)
 .eh_frame      0x0000000040010918       0x38 /home/fsw/rep/tasa/lib/bcc-2.2.3-gcc/bin/../lib/gcc/sparc-gaisler-elf/10.2.0/mfix-b2bst/mfix-tn0013/flat/libgcc.a(_umoddi3.o)
 .eh_frame      0x0000000040010950        0x4 /home/fsw/rep/tasa/lib/bcc-2.2.3-gcc/bin/../lib/gcc/sparc-gaisler-elf/10.2.0/mfix-b2bst/mfix-tn0013/flat/crtend.o
                0x0000000040010960                . = ALIGN (0x10)
 *fill*         0x0000000040010954        0xc 
 *(.gnu.linkonce.t*)
                0x0000000040010960                ___CTOR_LIST__ = .
                0x0000000040010960        0x4 LONG 0x2 (((___CTOR_END__ - ___CTOR_LIST__) / 0x4) - 0x2)
 *(SORT_BY_NAME(.ctors.*))
 *(.ctors)
 .ctors         0x0000000040010964        0x4 /home/fsw/rep/tasa/lib/bcc-2.2.3-gcc/bin/../lib/gcc/sparc-gaisler-elf/10.2.0/mfix-b2bst/mfix-tn0013/flat/crtbegin.o
 .ctors         0x0000000040010968        0x4 /home/fsw/rep/tasa/lib/bcc-2.2.3-gcc/bin/../lib/gcc/sparc-gaisler-elf/10.2.0/mfix-b2bst/mfix-tn0013/flat/crtend.o
                0x000000004001096c        0x4 LONG 0x0
                0x0000000040010970                ___CTOR_END__ = .
                0x0000000040010970                ___DTOR_LIST__ = .
                0x0000000040010970        0x4 LONG 0x2 (((___DTOR_END__ - ___DTOR_LIST__) / 0x4) - 0x2)
 *(SORT_BY_NAME(.dtors.*))
 *(.dtors)
 .dtors         0x0000000040010974        0x4 /home/fsw/rep/tasa/lib/bcc-2.2.3-gcc/bin/../lib/gcc/sparc-gaisler-elf/10.2.0/mfix-b2bst/mfix-tn0013/flat/crtbegin.o
 .dtors         0x0000000040010978        0x4 /home/fsw/rep/tasa/lib/bcc-2.2.3-gcc/bin/../lib/gcc/sparc-gaisler-elf/10.2.0/mfix-b2bst/mfix-tn0013/flat/crtend.o
                0x0000000040010978                __DTOR_END__
                0x000000004001097c        0x4 LONG 0x0
                0x0000000040010980                ___DTOR_END__ = .
 *(.gnu.linkonce*)
 *(.init)
 .init          0x0000000040010980        0xc /home/fsw/rep/tasa/lib/bcc-2.2.3-gcc/bin/../lib/gcc/sparc-gaisler-elf/10.2.0/mfix-b2bst/mfix-tn0013/flat/crti.o
                0x0000000040010980                _init
 .init          0x000000004001098c        0x8 /home/fsw/rep/tasa/lib/bcc-2.2.3-gcc/bin/../lib/gcc/sparc-gaisler-elf/10.2.0/mfix-b2bst/mfix-tn0013/flat/crtbegin.o
 .init          0x0000000040010994        0x8 /home/fsw/rep/tasa/lib/bcc-2.2.3-gcc/bin/../lib/gcc/sparc-gaisler-elf/10.2.0/mfix-b2bst/mfix-tn0013/flat/crtend.o
 .init          0x000000004001099c       0x14 /home/fsw/rep/tasa/lib/bcc-2.2.3-gcc/bin/../lib/gcc/sparc-gaisler-elf/10.2.0/mfix-b2bst/mfix-tn0013/flat/crtn.o
 *(.fini)
 .fini          0x00000000400109b0        0xc /home/fsw/rep/tasa/lib/bcc-2.2.3-gcc/bin/../lib/gcc/sparc-gaisler-elf/10.2.0/mfix-b2bst/mfix-tn0013/flat/crti.o
                0x00000000400109b0                _fini
 .fini          0x00000000400109bc        0x8 /home/fsw/rep/tasa/lib/bcc-2.2.3-gcc/bin/../lib/gcc/sparc-gaisler-elf/10.2.0/mfix-b2bst/mfix-tn0013/flat/crtbegin.o
 .fini          0x00000000400109c4       0x14 /home/fsw/rep/tasa/lib/bcc-2.2.3-gcc/bin/../lib/gcc/sparc-gaisler-elf/10.2.0/mfix-b2bst/mfix-tn0013/flat/crtn.o
 *(.lit)
 *(.shdata)
                0x00000000400109e0                . = ALIGN (0x10)
 *fill*         0x00000000400109d8        0x8 
                0x00000000400109e0                __text_end = .

.gcc_except_table
 *(.gcc_except_table.*)

.rodata         0x00000000400109e0      0x740
                0x00000000400109e0                __rodata_start = .
 *(.rodata*)
 .rodata.str1.8
                0x00000000400109e0       0xcf /tmp/ccvGHBjf.o
 *fill*         0x0000000040010aaf        0x1 
 .rodata        0x0000000040010ab0        0x5 /tmp/ccvGHBjf.o
 *fill*         0x0000000040010ab5        0x3 
 .rodata        0x0000000040010ab8        0x4 /home/fsw/rep/tasa/lib/bcc-2.2.3-gcc/bin/../lib/gcc/sparc-gaisler-elf/10.2.0/../../../../sparc-gaisler-elf/lib/mfix-b2bst/mfix-tn0013/flat/libc.a(lib_a-impure.o)
                0x0000000040010ab8                _global_impure_ptr
 *fill*         0x0000000040010abc        0x4 
 .rodata.str1.8
                0x0000000040010ac0        0x2 /home/fsw/rep/tasa/lib/bcc-2.2.3-gcc/bin/../lib/gcc/sparc-gaisler-elf/10.2.0/../../../../sparc-gaisler-elf/lib/mfix-b2bst/mfix-tn0013/flat/libc.a(lib_a-puts.o)
 *fill*         0x0000000040010ac2        0x6 
 .rodata.str1.8
                0x0000000040010ac8       0x5a /home/fsw/rep/tasa/lib/bcc-2.2.3-gcc/bin/../lib/gcc/sparc-gaisler-elf/10.2.0/../../../../sparc-gaisler-elf/lib/mfix-b2bst/mfix-tn0013/flat/libc.a(lib_a-vfprintf.o)
 *fill*         0x0000000040010b22        0x6 
 .rodata.cst8   0x0000000040010b28       0x28 /home/fsw/rep/tasa/lib/bcc-2.2.3-gcc/bin/../lib/gcc/sparc-gaisler-elf/10.2.0/../../../../sparc-gaisler-elf/lib/mfix-b2bst/mfix-tn0013/flat/libc.a(lib_a-vfprintf.o)
 .rodata        0x0000000040010b50       0x20 /home/fsw/rep/tasa/lib/bcc-2.2.3-gcc/bin/../lib/gcc/sparc-gaisler-elf/10.2.0/../../../../sparc-gaisler-elf/lib/mfix-b2bst/mfix-tn0013/flat/libc.a(lib_a-vfprintf.o)
 .rodata.str1.8
                0x0000000040010b70       0x14 /home/fsw/rep/tasa/lib/bcc-2.2.3-gcc/bin/../lib/gcc/sparc-gaisler-elf/10.2.0/../../../../sparc-gaisler-elf/lib/mfix-b2bst/mfix-tn0013/flat/libc.a(lib_a-dtoa.o)
                                         0x1a (size before relaxing)
 *fill*         0x0000000040010b84        0x4 
 .rodata.cst8   0x0000000040010b88       0x48 /home/fsw/rep/tasa/lib/bcc-2.2.3-gcc/bin/../lib/gcc/sparc-gaisler-elf/10.2.0/../../../../sparc-gaisler-elf/lib/mfix-b2bst/mfix-tn0013/flat/libc.a(lib_a-dtoa.o)
                                         0x50 (size before relaxing)
 .rodata        0x0000000040010bd0       0x60 /home/fsw/rep/tasa/lib/bcc-2.2.3-gcc/bin/../lib/gcc/sparc-gaisler-elf/10.2.0/../../../../sparc-gaisler-elf/lib/mfix-b2bst/mfix-tn0013/flat/libc.a(lib_a-findfp.o)
                0x0000000040010bd0                __sf_fake_stderr
                0x0000000040010bf0                __sf_fake_stdout
                0x0000000040010c10                __sf_fake_stdin
 .rodata.cst8   0x0000000040010c30       0x10 /home/fsw/rep/tasa/lib/bcc-2.2.3-gcc/bin/../lib/gcc/sparc-gaisler-elf/10.2.0/../../../../sparc-gaisler-elf/lib/mfix-b2bst/mfix-tn0013/flat/libc.a(lib_a-mprec.o)
 .rodata        0x0000000040010c30      0x128 /home/fsw/rep/tasa/lib/bcc-2.2.3-gcc/bin/../lib/gcc/sparc-gaisler-elf/10.2.0/../../../../sparc-gaisler-elf/lib/mfix-b2bst/mfix-tn0013/flat/libc.a(lib_a-mprec.o)
                0x0000000040010c40                __mprec_tinytens
                0x0000000040010c68                __mprec_bigtens
                0x0000000040010c90                __mprec_tens
 .rodata.cst8   0x0000000040010d58        0x8 /home/fsw/rep/tasa/lib/bcc-2.2.3-gcc/bin/../lib/gcc/sparc-gaisler-elf/10.2.0/../../../../sparc-gaisler-elf/lib/mfix-b2bst/mfix-tn0013/flat/libc.a(lib_a-s_frexp.o)
 .rodata.str1.8
                0x0000000040010d60       0x37 /home/fsw/rep/tasa/lib/bcc-2.2.3-gcc/bin/../lib/gcc/sparc-gaisler-elf/10.2.0/../../../../sparc-gaisler-elf/lib/mfix-b2bst/mfix-tn0013/flat/libc.a(lib_a-vfiprintf.o)
 .rodata        0x0000000040010d60       0x20 /home/fsw/rep/tasa/lib/bcc-2.2.3-gcc/bin/../lib/gcc/sparc-gaisler-elf/10.2.0/../../../../sparc-gaisler-elf/lib/mfix-b2bst/mfix-tn0013/flat/libc.a(lib_a-vfiprintf.o)
 .rodata.str1.8
                0x0000000040010d80       0x12 /home/fsw/rep/tasa/lib/bcc-2.2.3-gcc/bin/../lib/gcc/sparc-gaisler-elf/10.2.0/../../../../sparc-gaisler-elf/lib/mfix-b2bst/mfix-tn0013/flat/libc.a(lib_a-locale.o)
                                         0x1a (size before relaxing)
 *fill*         0x0000000040010d92        0x6 
 .rodata        0x0000000040010d98      0x288 /home/fsw/rep/tasa/lib/bcc-2.2.3-gcc/bin/../lib/gcc/sparc-gaisler-elf/10.2.0/../../../../sparc-gaisler-elf/lib/mfix-b2bst/mfix-tn0013/flat/libc.a(lib_a-ctype_.o)
                0x0000000040010d98                _ctype_
                0x0000000040010ea0                _ctype_b
 .rodata        0x0000000040011020      0x100 /home/fsw/rep/tasa/lib/bcc-2.2.3-gcc/bin/../lib/gcc/sparc-gaisler-elf/10.2.0/mfix-b2bst/mfix-tn0013/flat/libgcc.a(_clz.o)
                0x0000000040011020                __clz_tab
 *(.gnu.linkonce.r*)
                0x0000000040011120                . = ALIGN (0x10)
                0x0000000040011120                __rodata_end = .

.rela.dyn       0x0000000040011120        0x0
 .rela.iplt     0x0000000040011120        0x0 /home/fsw/rep/tasa/lib/bcc-2.2.3-gcc/bin/../sparc-gaisler-elf/bsp/leon3/mfix-b2bst/mfix-tn0013/flat/trap_table_mvt.S.o
 .rela.text.traptable
                0x0000000040011120        0x0 /home/fsw/rep/tasa/lib/bcc-2.2.3-gcc/bin/../sparc-gaisler-elf/bsp/leon3/mfix-b2bst/mfix-tn0013/flat/trap_table_mvt.S.o
 .rela.text     0x0000000040011120        0x0 /home/fsw/rep/tasa/lib/bcc-2.2.3-gcc/bin/../sparc-gaisler-elf/bsp/leon3/mfix-b2bst/mfix-tn0013/flat/trap_table_mvt.S.o

.ext.data       0x0000000040011120        0x0
                0x0000000040011120                . = ALIGN (0x8)
                0x0000000040011120                __extdata_start = .
 *(.data.ext)
                0x0000000040011120                . = ALIGN (0x8)
                0x0000000040011120                __extdata_end = .
                0x0000000040011120                __extdata_start_lma = LOADADDR (.ext.data)
                0x0000000000000000                __extdata_size = SIZEOF (.ext.data)

.data           0x0000000040011120      0x610
                0x0000000040011120                . = ALIGN (0x8)
                0x0000000040011120                __data_start = .
 *(.data .data.*)
 .data          0x0000000040011120        0x0 /home/fsw/rep/tasa/lib/bcc-2.2.3-gcc/bin/../sparc-gaisler-elf/bsp/leon3/mfix-b2bst/mfix-tn0013/flat/trap_table_mvt.S.o
 .data          0x0000000040011120        0x0 /home/fsw/rep/tasa/lib/bcc-2.2.3-gcc/bin/../sparc-gaisler-elf/bsp/leon3/mfix-b2bst/mfix-tn0013/flat/crt0.S.o
 .data          0x0000000040011120        0x0 /home/fsw/rep/tasa/lib/bcc-2.2.3-gcc/bin/../lib/gcc/sparc-gaisler-elf/10.2.0/mfix-b2bst/mfix-tn0013/flat/crti.o
 .data          0x0000000040011120        0x4 /home/fsw/rep/tasa/lib/bcc-2.2.3-gcc/bin/../lib/gcc/sparc-gaisler-elf/10.2.0/mfix-b2bst/mfix-tn0013/flat/crtbegin.o
                0x0000000040011120                __dso_handle
 .data          0x0000000040011124        0x0 /tmp/ccvGHBjf.o
 .data          0x0000000040011124        0x0 /home/fsw/rep/tasa/lib/bcc-2.2.3-gcc/bin/../sparc-gaisler-elf/bsp/leon3/mfix-b2bst/mfix-tn0013/flat/libbcc.a(reset_trap_mvt.S.o)
 .data          0x0000000040011124        0x0 /home/fsw/rep/tasa/lib/bcc-2.2.3-gcc/bin/../sparc-gaisler-elf/bsp/leon3/mfix-b2bst/mfix-tn0013/flat/libbcc.a(interrupt_trap_flat.S.o)
 .data          0x0000000040011124        0x0 /home/fsw/rep/tasa/lib/bcc-2.2.3-gcc/bin/../sparc-gaisler-elf/bsp/leon3/mfix-b2bst/mfix-tn0013/flat/libbcc.a(sw_trap_set_pil.S.o)
 .data          0x0000000040011124        0x0 /home/fsw/rep/tasa/lib/bcc-2.2.3-gcc/bin/../sparc-gaisler-elf/bsp/leon3/mfix-b2bst/mfix-tn0013/flat/libbcc.a(isr.c.o)
 *fill*         0x0000000040011124        0x4 
 .data          0x0000000040011128       0x10 /home/fsw/rep/tasa/lib/bcc-2.2.3-gcc/bin/../sparc-gaisler-elf/bsp/leon3/mfix-b2bst/mfix-tn0013/flat/libbcc.a(int_nest.c.o)
                0x0000000040011128                __bcc_int_nest
 .data          0x0000000040011138        0x0 /home/fsw/rep/tasa/lib/bcc-2.2.3-gcc/bin/../sparc-gaisler-elf/bsp/leon3/mfix-b2bst/mfix-tn0013/flat/libbcc.a(init.S.o)
 .data          0x0000000040011138       0x10 /home/fsw/rep/tasa/lib/bcc-2.2.3-gcc/bin/../sparc-gaisler-elf/bsp/leon3/mfix-b2bst/mfix-tn0013/flat/libbcc.a(leon_info.S.o)
                0x0000000040011138                __bcc_leon_version
                0x000000004001113c                __bcc_nwindows_min1
                0x0000000040011140                __bcc_nwindows
                0x0000000040011144                __bcc_cpuid
 .data          0x0000000040011148        0x0 /home/fsw/rep/tasa/lib/bcc-2.2.3-gcc/bin/../sparc-gaisler-elf/bsp/leon3/mfix-b2bst/mfix-tn0013/flat/libbcc.a(dwzero.S.o)
 .data          0x0000000040011148        0x0 /home/fsw/rep/tasa/lib/bcc-2.2.3-gcc/bin/../sparc-gaisler-elf/bsp/leon3/mfix-b2bst/mfix-tn0013/flat/libbcc.a(copy_data.c.o)
 .data          0x0000000040011148        0x4 /home/fsw/rep/tasa/lib/bcc-2.2.3-gcc/bin/../sparc-gaisler-elf/bsp/leon3/mfix-b2bst/mfix-tn0013/flat/libbcc.a(argv.c.o)
                0x0000000040011148                __bcc_argvp
 .data          0x000000004001114c        0x0 /home/fsw/rep/tasa/lib/bcc-2.2.3-gcc/bin/../sparc-gaisler-elf/bsp/leon3/mfix-b2bst/mfix-tn0013/flat/libbcc.a(int_irqmp_get_source.c.o)
 .data          0x000000004001114c        0x0 /home/fsw/rep/tasa/lib/bcc-2.2.3-gcc/bin/../sparc-gaisler-elf/bsp/leon3/mfix-b2bst/mfix-tn0013/flat/libbcc.a(int_irqmp_mp.c.o)
 .data          0x000000004001114c        0x0 /home/fsw/rep/tasa/lib/bcc-2.2.3-gcc/bin/../sparc-gaisler-elf/bsp/leon3/mfix-b2bst/mfix-tn0013/flat/libbcc.a(int_irqmp_init.c.o)
 .data          0x000000004001114c        0x0 /home/fsw/rep/tasa/lib/bcc-2.2.3-gcc/bin/../sparc-gaisler-elf/bsp/leon3/mfix-b2bst/mfix-tn0013/flat/libbcc.a(con_apbuart_init.c.o)
 .data          0x000000004001114c        0x0 /home/fsw/rep/tasa/lib/bcc-2.2.3-gcc/bin/../sparc-gaisler-elf/bsp/leon3/mfix-b2bst/mfix-tn0013/flat/libbcc.a(timer_gptimer_init.c.o)
 .data          0x000000004001114c        0x0 /home/fsw/rep/tasa/lib/bcc-2.2.3-gcc/bin/../sparc-gaisler-elf/bsp/leon3/mfix-b2bst/mfix-tn0013/flat/libbcc.a(ambapp.c.o)
 .data          0x000000004001114c        0x0 /home/fsw/rep/tasa/lib/bcc-2.2.3-gcc/bin/../sparc-gaisler-elf/bsp/leon3/mfix-b2bst/mfix-tn0013/flat/libbcc.a(ambapp_findfirst_fn.c.o)
 .data          0x000000004001114c        0x0 /home/fsw/rep/tasa/lib/bcc-2.2.3-gcc/bin/../sparc-gaisler-elf/bsp/leon3/mfix-b2bst/mfix-tn0013/flat/libbcc.a(int_irqmp_handle.c.o)
 .data          0x000000004001114c        0x0 /home/fsw/rep/tasa/lib/bcc-2.2.3-gcc/bin/../sparc-gaisler-elf/bsp/leon3/mfix-b2bst/mfix-tn0013/flat/libbcc.a(con_handle.c.o)
 .data          0x000000004001114c        0x0 /home/fsw/rep/tasa/lib/bcc-2.2.3-gcc/bin/../sparc-gaisler-elf/bsp/leon3/mfix-b2bst/mfix-tn0013/flat/libbcc.a(timer_handle.c.o)
 .data          0x000000004001114c        0x0 /home/fsw/rep/tasa/lib/bcc-2.2.3-gcc/bin/../lib/gcc/sparc-gaisler-elf/10.2.0/../../../../sparc-gaisler-elf/lib/mfix-b2bst/mfix-tn0013/flat/libc.a(lib_a-atexit.o)
 .data          0x000000004001114c        0x0 /home/fsw/rep/tasa/lib/bcc-2.2.3-gcc/bin/../lib/gcc/sparc-gaisler-elf/10.2.0/../../../../sparc-gaisler-elf/lib/mfix-b2bst/mfix-tn0013/flat/libc.a(lib_a-exit.o)
 .data          0x000000004001114c       0x64 /home/fsw/rep/tasa/lib/bcc-2.2.3-gcc/bin/../lib/gcc/sparc-gaisler-elf/10.2.0/../../../../sparc-gaisler-elf/lib/mfix-b2bst/mfix-tn0013/flat/libc.a(lib_a-impure.o)
                0x000000004001114c                _impure_ptr
 .data          0x00000000400111b0        0x0 /home/fsw/rep/tasa/lib/bcc-2.2.3-gcc/bin/../lib/gcc/sparc-gaisler-elf/10.2.0/../../../../sparc-gaisler-elf/lib/mfix-b2bst/mfix-tn0013/flat/libc.a(lib_a-memcpy.o)
 .data          0x00000000400111b0        0x0 /home/fsw/rep/tasa/lib/bcc-2.2.3-gcc/bin/../lib/gcc/sparc-gaisler-elf/10.2.0/../../../../sparc-gaisler-elf/lib/mfix-b2bst/mfix-tn0013/flat/libc.a(lib_a-printf.o)
 .data          0x00000000400111b0        0x0 /home/fsw/rep/tasa/lib/bcc-2.2.3-gcc/bin/../lib/gcc/sparc-gaisler-elf/10.2.0/../../../../sparc-gaisler-elf/lib/mfix-b2bst/mfix-tn0013/flat/libc.a(lib_a-putchar.o)
 .data          0x00000000400111b0        0x0 /home/fsw/rep/tasa/lib/bcc-2.2.3-gcc/bin/../lib/gcc/sparc-gaisler-elf/10.2.0/../../../../sparc-gaisler-elf/lib/mfix-b2bst/mfix-tn0013/flat/libc.a(lib_a-puts.o)
 .data          0x00000000400111b0        0x0 /home/fsw/rep/tasa/lib/bcc-2.2.3-gcc/bin/../lib/gcc/sparc-gaisler-elf/10.2.0/../../../../sparc-gaisler-elf/lib/mfix-b2bst/mfix-tn0013/flat/libc.a(lib_a-strlen.o)
 .data          0x00000000400111b0        0x0 /home/fsw/rep/tasa/lib/bcc-2.2.3-gcc/bin/../lib/gcc/sparc-gaisler-elf/10.2.0/../../../../sparc-gaisler-elf/lib/mfix-b2bst/mfix-tn0013/flat/libc.a(lib_a-vfprintf.o)
 .data          0x00000000400111b0        0x0 /home/fsw/rep/tasa/lib/bcc-2.2.3-gcc/bin/../lib/gcc/sparc-gaisler-elf/10.2.0/../../../../sparc-gaisler-elf/lib/mfix-b2bst/mfix-tn0013/flat/libc.a(lib_a-wsetup.o)
 .data          0x00000000400111b0        0x0 /home/fsw/rep/tasa/lib/bcc-2.2.3-gcc/bin/../lib/gcc/sparc-gaisler-elf/10.2.0/../../../../sparc-gaisler-elf/lib/mfix-b2bst/mfix-tn0013/flat/libc.a(lib_a-__atexit.o)
 .data          0x00000000400111b0        0x0 /home/fsw/rep/tasa/lib/bcc-2.2.3-gcc/bin/../lib/gcc/sparc-gaisler-elf/10.2.0/../../../../sparc-gaisler-elf/lib/mfix-b2bst/mfix-tn0013/flat/libc.a(lib_a-__call_atexit.o)
 .data          0x00000000400111b0        0x0 /home/fsw/rep/tasa/lib/bcc-2.2.3-gcc/bin/../lib/gcc/sparc-gaisler-elf/10.2.0/../../../../sparc-gaisler-elf/lib/mfix-b2bst/mfix-tn0013/flat/libc.a(lib_a-dtoa.o)
 .data          0x00000000400111b0        0x0 /home/fsw/rep/tasa/lib/bcc-2.2.3-gcc/bin/../lib/gcc/sparc-gaisler-elf/10.2.0/../../../../sparc-gaisler-elf/lib/mfix-b2bst/mfix-tn0013/flat/libc.a(lib_a-fflush.o)
 .data          0x00000000400111b0        0x0 /home/fsw/rep/tasa/lib/bcc-2.2.3-gcc/bin/../lib/gcc/sparc-gaisler-elf/10.2.0/../../../../sparc-gaisler-elf/lib/mfix-b2bst/mfix-tn0013/flat/libc.a(lib_a-findfp.o)
 .data          0x00000000400111b0        0x0 /home/fsw/rep/tasa/lib/bcc-2.2.3-gcc/bin/../lib/gcc/sparc-gaisler-elf/10.2.0/../../../../sparc-gaisler-elf/lib/mfix-b2bst/mfix-tn0013/flat/libc.a(lib_a-freer.o)
 .data          0x00000000400111b0        0x0 /home/fsw/rep/tasa/lib/bcc-2.2.3-gcc/bin/../lib/gcc/sparc-gaisler-elf/10.2.0/../../../../sparc-gaisler-elf/lib/mfix-b2bst/mfix-tn0013/flat/libc.a(lib_a-fvwrite.o)
 .data          0x00000000400111b0        0x0 /home/fsw/rep/tasa/lib/bcc-2.2.3-gcc/bin/../lib/gcc/sparc-gaisler-elf/10.2.0/../../../../sparc-gaisler-elf/lib/mfix-b2bst/mfix-tn0013/flat/libc.a(lib_a-fwalk.o)
 .data          0x00000000400111b0        0x0 /home/fsw/rep/tasa/lib/bcc-2.2.3-gcc/bin/../lib/gcc/sparc-gaisler-elf/10.2.0/../../../../sparc-gaisler-elf/lib/mfix-b2bst/mfix-tn0013/flat/libc.a(lib_a-localeconv.o)
 .data          0x00000000400111b0        0x0 /home/fsw/rep/tasa/lib/bcc-2.2.3-gcc/bin/../lib/gcc/sparc-gaisler-elf/10.2.0/../../../../sparc-gaisler-elf/lib/mfix-b2bst/mfix-tn0013/flat/libc.a(lib_a-makebuf.o)
 .data          0x00000000400111b0        0x0 /home/fsw/rep/tasa/lib/bcc-2.2.3-gcc/bin/../lib/gcc/sparc-gaisler-elf/10.2.0/../../../../sparc-gaisler-elf/lib/mfix-b2bst/mfix-tn0013/flat/libc.a(lib_a-malloc.o)
 .data          0x00000000400111b0      0x410 /home/fsw/rep/tasa/lib/bcc-2.2.3-gcc/bin/../lib/gcc/sparc-gaisler-elf/10.2.0/../../../../sparc-gaisler-elf/lib/mfix-b2bst/mfix-tn0013/flat/libc.a(lib_a-mallocr.o)
                0x00000000400111b0                __malloc_sbrk_base
                0x00000000400111b4                __malloc_trim_threshold
                0x00000000400111b8                __malloc_av_
 .data          0x00000000400115c0        0x0 /home/fsw/rep/tasa/lib/bcc-2.2.3-gcc/bin/../lib/gcc/sparc-gaisler-elf/10.2.0/../../../../sparc-gaisler-elf/lib/mfix-b2bst/mfix-tn0013/flat/libc.a(lib_a-memchr.o)
 .data          0x00000000400115c0        0x0 /home/fsw/rep/tasa/lib/bcc-2.2.3-gcc/bin/../lib/gcc/sparc-gaisler-elf/10.2.0/../../../../sparc-gaisler-elf/lib/mfix-b2bst/mfix-tn0013/flat/libc.a(lib_a-memmove.o)
 .data          0x00000000400115c0        0x0 /home/fsw/rep/tasa/lib/bcc-2.2.3-gcc/bin/../lib/gcc/sparc-gaisler-elf/10.2.0/../../../../sparc-gaisler-elf/lib/mfix-b2bst/mfix-tn0013/flat/libc.a(lib_a-memset.o)
 .data          0x00000000400115c0        0x0 /home/fsw/rep/tasa/lib/bcc-2.2.3-gcc/bin/../lib/gcc/sparc-gaisler-elf/10.2.0/../../../../sparc-gaisler-elf/lib/mfix-b2bst/mfix-tn0013/flat/libc.a(lib_a-mlock.o)
 .data          0x00000000400115c0        0x0 /home/fsw/rep/tasa/lib/bcc-2.2.3-gcc/bin/../lib/gcc/sparc-gaisler-elf/10.2.0/../../../../sparc-gaisler-elf/lib/mfix-b2bst/mfix-tn0013/flat/libc.a(lib_a-mprec.o)
 .data          0x00000000400115c0        0x0 /home/fsw/rep/tasa/lib/bcc-2.2.3-gcc/bin/../lib/gcc/sparc-gaisler-elf/10.2.0/../../../../sparc-gaisler-elf/lib/mfix-b2bst/mfix-tn0013/flat/libc.a(lib_a-putc.o)
 .data          0x00000000400115c0        0x0 /home/fsw/rep/tasa/lib/bcc-2.2.3-gcc/bin/../lib/gcc/sparc-gaisler-elf/10.2.0/../../../../sparc-gaisler-elf/lib/mfix-b2bst/mfix-tn0013/flat/libc.a(lib_a-reallocr.o)
 .data          0x00000000400115c0        0x0 /home/fsw/rep/tasa/lib/bcc-2.2.3-gcc/bin/../lib/gcc/sparc-gaisler-elf/10.2.0/../../../../sparc-gaisler-elf/lib/mfix-b2bst/mfix-tn0013/flat/libc.a(lib_a-s_frexp.o)
 .data          0x00000000400115c0        0x0 /home/fsw/rep/tasa/lib/bcc-2.2.3-gcc/bin/../lib/gcc/sparc-gaisler-elf/10.2.0/../../../../sparc-gaisler-elf/lib/mfix-b2bst/mfix-tn0013/flat/libc.a(lib_a-sbrkr.o)
 .data          0x00000000400115c0        0x0 /home/fsw/rep/tasa/lib/bcc-2.2.3-gcc/bin/../lib/gcc/sparc-gaisler-elf/10.2.0/../../../../sparc-gaisler-elf/lib/mfix-b2bst/mfix-tn0013/flat/libc.a(lib_a-stdio.o)
 .data          0x00000000400115c0        0x0 /home/fsw/rep/tasa/lib/bcc-2.2.3-gcc/bin/../lib/gcc/sparc-gaisler-elf/10.2.0/../../../../sparc-gaisler-elf/lib/mfix-b2bst/mfix-tn0013/flat/libc.a(lib_a-strncpy.o)
 .data          0x00000000400115c0        0x0 /home/fsw/rep/tasa/lib/bcc-2.2.3-gcc/bin/../lib/gcc/sparc-gaisler-elf/10.2.0/../../../../sparc-gaisler-elf/lib/mfix-b2bst/mfix-tn0013/flat/libc.a(lib_a-vfiprintf.o)
 .data          0x00000000400115c0        0x0 /home/fsw/rep/tasa/lib/bcc-2.2.3-gcc/bin/../lib/gcc/sparc-gaisler-elf/10.2.0/../../../../sparc-gaisler-elf/lib/mfix-b2bst/mfix-tn0013/flat/libc.a(lib_a-wbuf.o)
 .data          0x00000000400115c0        0x0 /home/fsw/rep/tasa/lib/bcc-2.2.3-gcc/bin/../lib/gcc/sparc-gaisler-elf/10.2.0/../../../../sparc-gaisler-elf/lib/mfix-b2bst/mfix-tn0013/flat/libc.a(lib_a-writer.o)
 .data          0x00000000400115c0        0x0 /home/fsw/rep/tasa/lib/bcc-2.2.3-gcc/bin/../lib/gcc/sparc-gaisler-elf/10.2.0/../../../../sparc-gaisler-elf/lib/mfix-b2bst/mfix-tn0013/flat/libc.a(lib_a-callocr.o)
 .data          0x00000000400115c0        0x0 /home/fsw/rep/tasa/lib/bcc-2.2.3-gcc/bin/../lib/gcc/sparc-gaisler-elf/10.2.0/../../../../sparc-gaisler-elf/lib/mfix-b2bst/mfix-tn0013/flat/libc.a(lib_a-closer.o)
 .data          0x00000000400115c0        0x0 /home/fsw/rep/tasa/lib/bcc-2.2.3-gcc/bin/../lib/gcc/sparc-gaisler-elf/10.2.0/../../../../sparc-gaisler-elf/lib/mfix-b2bst/mfix-tn0013/flat/libc.a(lib_a-fclose.o)
 .data          0x00000000400115c0        0x0 /home/fsw/rep/tasa/lib/bcc-2.2.3-gcc/bin/../lib/gcc/sparc-gaisler-elf/10.2.0/../../../../sparc-gaisler-elf/lib/mfix-b2bst/mfix-tn0013/flat/libc.a(lib_a-fputwc.o)
 .data          0x00000000400115c0        0x0 /home/fsw/rep/tasa/lib/bcc-2.2.3-gcc/bin/../lib/gcc/sparc-gaisler-elf/10.2.0/../../../../sparc-gaisler-elf/lib/mfix-b2bst/mfix-tn0013/flat/libc.a(lib_a-fstatr.o)
 .data          0x00000000400115c0        0x0 /home/fsw/rep/tasa/lib/bcc-2.2.3-gcc/bin/../lib/gcc/sparc-gaisler-elf/10.2.0/../../../../sparc-gaisler-elf/lib/mfix-b2bst/mfix-tn0013/flat/libc.a(lib_a-isattyr.o)
 .data          0x00000000400115c0      0x16c /home/fsw/rep/tasa/lib/bcc-2.2.3-gcc/bin/../lib/gcc/sparc-gaisler-elf/10.2.0/../../../../sparc-gaisler-elf/lib/mfix-b2bst/mfix-tn0013/flat/libc.a(lib_a-locale.o)
                0x00000000400115c0                __global_locale
 .data          0x000000004001172c        0x0 /home/fsw/rep/tasa/lib/bcc-2.2.3-gcc/bin/../lib/gcc/sparc-gaisler-elf/10.2.0/../../../../sparc-gaisler-elf/lib/mfix-b2bst/mfix-tn0013/flat/libc.a(lib_a-lseekr.o)
 .data          0x000000004001172c        0x0 /home/fsw/rep/tasa/lib/bcc-2.2.3-gcc/bin/../lib/gcc/sparc-gaisler-elf/10.2.0/../../../../sparc-gaisler-elf/lib/mfix-b2bst/mfix-tn0013/flat/libc.a(lib_a-mbtowc_r.o)
 .data          0x000000004001172c        0x0 /home/fsw/rep/tasa/lib/bcc-2.2.3-gcc/bin/../lib/gcc/sparc-gaisler-elf/10.2.0/../../../../sparc-gaisler-elf/lib/mfix-b2bst/mfix-tn0013/flat/libc.a(lib_a-readr.o)
 .data          0x000000004001172c        0x0 /home/fsw/rep/tasa/lib/bcc-2.2.3-gcc/bin/../lib/gcc/sparc-gaisler-elf/10.2.0/../../../../sparc-gaisler-elf/lib/mfix-b2bst/mfix-tn0013/flat/libc.a(lib_a-reent.o)
 .data          0x000000004001172c        0x0 /home/fsw/rep/tasa/lib/bcc-2.2.3-gcc/bin/../lib/gcc/sparc-gaisler-elf/10.2.0/../../../../sparc-gaisler-elf/lib/mfix-b2bst/mfix-tn0013/flat/libc.a(lib_a-strcmp.o)
 .data          0x000000004001172c        0x0 /home/fsw/rep/tasa/lib/bcc-2.2.3-gcc/bin/../lib/gcc/sparc-gaisler-elf/10.2.0/../../../../sparc-gaisler-elf/lib/mfix-b2bst/mfix-tn0013/flat/libc.a(lib_a-wcrtomb.o)
 .data          0x000000004001172c        0x0 /home/fsw/rep/tasa/lib/bcc-2.2.3-gcc/bin/../lib/gcc/sparc-gaisler-elf/10.2.0/../../../../sparc-gaisler-elf/lib/mfix-b2bst/mfix-tn0013/flat/libc.a(lib_a-wctomb_r.o)
 .data          0x000000004001172c        0x0 /home/fsw/rep/tasa/lib/bcc-2.2.3-gcc/bin/../lib/gcc/sparc-gaisler-elf/10.2.0/../../../../sparc-gaisler-elf/lib/mfix-b2bst/mfix-tn0013/flat/libc.a(lib_a-ctype_.o)
 .data          0x000000004001172c        0x0 /home/fsw/rep/tasa/lib/bcc-2.2.3-gcc/bin/../sparc-gaisler-elf/bsp/leon3/mfix-b2bst/mfix-tn0013/flat/libbcc.a(_exit.S.o)
 .data          0x000000004001172c        0x0 /home/fsw/rep/tasa/lib/bcc-2.2.3-gcc/bin/../sparc-gaisler-elf/bsp/leon3/mfix-b2bst/mfix-tn0013/flat/libbcc.a(read.c.o)
 .data          0x000000004001172c        0x0 /home/fsw/rep/tasa/lib/bcc-2.2.3-gcc/bin/../sparc-gaisler-elf/bsp/leon3/mfix-b2bst/mfix-tn0013/flat/libbcc.a(sbrk.c.o)
 .data          0x000000004001172c        0x0 /home/fsw/rep/tasa/lib/bcc-2.2.3-gcc/bin/../sparc-gaisler-elf/bsp/leon3/mfix-b2bst/mfix-tn0013/flat/libbcc.a(heap.c.o)
 .data          0x000000004001172c        0x0 /home/fsw/rep/tasa/lib/bcc-2.2.3-gcc/bin/../sparc-gaisler-elf/bsp/leon3/mfix-b2bst/mfix-tn0013/flat/libbcc.a(write.c.o)
 .data          0x000000004001172c        0x0 /home/fsw/rep/tasa/lib/bcc-2.2.3-gcc/bin/../sparc-gaisler-elf/bsp/leon3/mfix-b2bst/mfix-tn0013/flat/libbcc.a(stubs.S.o)
 .data          0x000000004001172c        0x0 /home/fsw/rep/tasa/lib/bcc-2.2.3-gcc/bin/../sparc-gaisler-elf/bsp/leon3/mfix-b2bst/mfix-tn0013/flat/libbcc.a(con_apbuart.c.o)
 .data          0x000000004001172c        0x0 /home/fsw/rep/tasa/lib/bcc-2.2.3-gcc/bin/../lib/gcc/sparc-gaisler-elf/10.2.0/mfix-b2bst/mfix-tn0013/flat/libgcc.a(_mulsi3.o)
 .data          0x000000004001172c        0x0 /home/fsw/rep/tasa/lib/bcc-2.2.3-gcc/bin/../lib/gcc/sparc-gaisler-elf/10.2.0/mfix-b2bst/mfix-tn0013/flat/libgcc.a(_divsi3.o)
 .data          0x000000004001172c        0x0 /home/fsw/rep/tasa/lib/bcc-2.2.3-gcc/bin/../lib/gcc/sparc-gaisler-elf/10.2.0/mfix-b2bst/mfix-tn0013/flat/libgcc.a(_modsi3.o)
 .data          0x000000004001172c        0x0 /home/fsw/rep/tasa/lib/bcc-2.2.3-gcc/bin/../lib/gcc/sparc-gaisler-elf/10.2.0/mfix-b2bst/mfix-tn0013/flat/libgcc.a(_udivdi3.o)
 .data          0x000000004001172c        0x0 /home/fsw/rep/tasa/lib/bcc-2.2.3-gcc/bin/../lib/gcc/sparc-gaisler-elf/10.2.0/mfix-b2bst/mfix-tn0013/flat/libgcc.a(_umoddi3.o)
 .data          0x000000004001172c        0x0 /home/fsw/rep/tasa/lib/bcc-2.2.3-gcc/bin/../lib/gcc/sparc-gaisler-elf/10.2.0/mfix-b2bst/mfix-tn0013/flat/libgcc.a(_clz.o)
 .data          0x000000004001172c        0x0 /home/fsw/rep/tasa/lib/bcc-2.2.3-gcc/bin/../lib/gcc/sparc-gaisler-elf/10.2.0/mfix-b2bst/mfix-tn0013/flat/crtend.o
 .data          0x000000004001172c        0x0 /home/fsw/rep/tasa/lib/bcc-2.2.3-gcc/bin/../lib/gcc/sparc-gaisler-elf/10.2.0/mfix-b2bst/mfix-tn0013/flat/crtn.o
                0x0000000040011730                . = ALIGN (0x8)
 *fill*         0x000000004001172c        0x4 
                0x0000000040011730                __data_end = .
                0x0000000040011120                __data_start_lma = LOADADDR (.data)
                0x0000000000000610                __data_size = SIZEOF (.data)

.iplt           0x0000000040011730        0x0
 .iplt          0x0000000040011730        0x0 /home/fsw/rep/tasa/lib/bcc-2.2.3-gcc/bin/../sparc-gaisler-elf/bsp/leon3/mfix-b2bst/mfix-tn0013/flat/trap_table_mvt.S.o

.tm_clone_table
                0x0000000040011730        0x0
 .tm_clone_table
                0x0000000040011730        0x0 /home/fsw/rep/tasa/lib/bcc-2.2.3-gcc/bin/../lib/gcc/sparc-gaisler-elf/10.2.0/mfix-b2bst/mfix-tn0013/flat/crtbegin.o
 .tm_clone_table
                0x0000000040011730        0x0 /home/fsw/rep/tasa/lib/bcc-2.2.3-gcc/bin/../lib/gcc/sparc-gaisler-elf/10.2.0/mfix-b2bst/mfix-tn0013/flat/crtend.o

.bss            0x0000000040011730      0x1a8
                0x0000000040011730                . = ALIGN (0x8)
                0x0000000040011730                __bss_start = .
 *(.bss .bss.*)
 .bss           0x0000000040011730        0x0 /home/fsw/rep/tasa/lib/bcc-2.2.3-gcc/bin/../sparc-gaisler-elf/bsp/leon3/mfix-b2bst/mfix-tn0013/flat/trap_table_mvt.S.o
 .bss           0x0000000040011730        0x4 /home/fsw/rep/tasa/lib/bcc-2.2.3-gcc/bin/../sparc-gaisler-elf/bsp/leon3/mfix-b2bst/mfix-tn0013/flat/crt0.S.o
                0x0000000040011730                __bcc_sp_at_entry
 .bss           0x0000000040011734        0x0 /home/fsw/rep/tasa/lib/bcc-2.2.3-gcc/bin/../lib/gcc/sparc-gaisler-elf/10.2.0/mfix-b2bst/mfix-tn0013/flat/crti.o
 .bss           0x0000000040011734       0x20 /home/fsw/rep/tasa/lib/bcc-2.2.3-gcc/bin/../lib/gcc/sparc-gaisler-elf/10.2.0/mfix-b2bst/mfix-tn0013/flat/crtbegin.o
 .bss           0x0000000040011754        0x0 /tmp/ccvGHBjf.o
 .bss           0x0000000040011754        0x0 /home/fsw/rep/tasa/lib/bcc-2.2.3-gcc/bin/../sparc-gaisler-elf/bsp/leon3/mfix-b2bst/mfix-tn0013/flat/libbcc.a(reset_trap_mvt.S.o)
 .bss           0x0000000040011754        0x0 /home/fsw/rep/tasa/lib/bcc-2.2.3-gcc/bin/../sparc-gaisler-elf/bsp/leon3/mfix-b2bst/mfix-tn0013/flat/libbcc.a(interrupt_trap_flat.S.o)
 .bss           0x0000000040011754        0x0 /home/fsw/rep/tasa/lib/bcc-2.2.3-gcc/bin/../sparc-gaisler-elf/bsp/leon3/mfix-b2bst/mfix-tn0013/flat/libbcc.a(sw_trap_set_pil.S.o)
 .bss           0x0000000040011754       0x80 /home/fsw/rep/tasa/lib/bcc-2.2.3-gcc/bin/../sparc-gaisler-elf/bsp/leon3/mfix-b2bst/mfix-tn0013/flat/libbcc.a(isr.c.o)
                0x0000000040011754                __bcc_isr_list
 .bss           0x00000000400117d4        0x0 /home/fsw/rep/tasa/lib/bcc-2.2.3-gcc/bin/../sparc-gaisler-elf/bsp/leon3/mfix-b2bst/mfix-tn0013/flat/libbcc.a(int_nest.c.o)
 .bss           0x00000000400117d4        0x0 /home/fsw/rep/tasa/lib/bcc-2.2.3-gcc/bin/../sparc-gaisler-elf/bsp/leon3/mfix-b2bst/mfix-tn0013/flat/libbcc.a(init.S.o)
 .bss           0x00000000400117d4        0x0 /home/fsw/rep/tasa/lib/bcc-2.2.3-gcc/bin/../sparc-gaisler-elf/bsp/leon3/mfix-b2bst/mfix-tn0013/flat/libbcc.a(leon_info.S.o)
 .bss           0x00000000400117d4        0x0 /home/fsw/rep/tasa/lib/bcc-2.2.3-gcc/bin/../sparc-gaisler-elf/bsp/leon3/mfix-b2bst/mfix-tn0013/flat/libbcc.a(dwzero.S.o)
 .bss           0x00000000400117d4        0x0 /home/fsw/rep/tasa/lib/bcc-2.2.3-gcc/bin/../sparc-gaisler-elf/bsp/leon3/mfix-b2bst/mfix-tn0013/flat/libbcc.a(copy_data.c.o)
 .bss           0x00000000400117d4        0x8 /home/fsw/rep/tasa/lib/bcc-2.2.3-gcc/bin/../sparc-gaisler-elf/bsp/leon3/mfix-b2bst/mfix-tn0013/flat/libbcc.a(argv.c.o)
                0x00000000400117d8                __bcc_argc
 .bss           0x00000000400117dc        0x0 /home/fsw/rep/tasa/lib/bcc-2.2.3-gcc/bin/../sparc-gaisler-elf/bsp/leon3/mfix-b2bst/mfix-tn0013/flat/libbcc.a(int_irqmp_get_source.c.o)
 .bss           0x00000000400117dc        0x0 /home/fsw/rep/tasa/lib/bcc-2.2.3-gcc/bin/../sparc-gaisler-elf/bsp/leon3/mfix-b2bst/mfix-tn0013/flat/libbcc.a(int_irqmp_mp.c.o)
 .bss           0x00000000400117dc        0x0 /home/fsw/rep/tasa/lib/bcc-2.2.3-gcc/bin/../sparc-gaisler-elf/bsp/leon3/mfix-b2bst/mfix-tn0013/flat/libbcc.a(int_irqmp_init.c.o)
 .bss           0x00000000400117dc        0x0 /home/fsw/rep/tasa/lib/bcc-2.2.3-gcc/bin/../sparc-gaisler-elf/bsp/leon3/mfix-b2bst/mfix-tn0013/flat/libbcc.a(con_apbuart_init.c.o)
 .bss           0x00000000400117dc        0x0 /home/fsw/rep/tasa/lib/bcc-2.2.3-gcc/bin/../sparc-gaisler-elf/bsp/leon3/mfix-b2bst/mfix-tn0013/flat/libbcc.a(timer_gptimer_init.c.o)
 .bss           0x00000000400117dc        0x0 /home/fsw/rep/tasa/lib/bcc-2.2.3-gcc/bin/../sparc-gaisler-elf/bsp/leon3/mfix-b2bst/mfix-tn0013/flat/libbcc.a(ambapp.c.o)
 .bss           0x00000000400117dc        0x0 /home/fsw/rep/tasa/lib/bcc-2.2.3-gcc/bin/../sparc-gaisler-elf/bsp/leon3/mfix-b2bst/mfix-tn0013/flat/libbcc.a(ambapp_findfirst_fn.c.o)
 .bss           0x00000000400117dc       0x10 /home/fsw/rep/tasa/lib/bcc-2.2.3-gcc/bin/../sparc-gaisler-elf/bsp/leon3/mfix-b2bst/mfix-tn0013/flat/libbcc.a(int_irqmp_handle.c.o)
                0x00000000400117dc                __bcc_int_irqmp_nts
                0x00000000400117e0                __bcc_int_irqmp_map
                0x00000000400117e4                __bcc_int_irqmp_eirq
                0x00000000400117e8                __bcc_int_handle
 .bss           0x00000000400117ec        0x4 /home/fsw/rep/tasa/lib/bcc-2.2.3-gcc/bin/../sparc-gaisler-elf/bsp/leon3/mfix-b2bst/mfix-tn0013/flat/libbcc.a(con_handle.c.o)
                0x00000000400117ec                __bcc_con_handle
 .bss           0x00000000400117f0        0x8 /home/fsw/rep/tasa/lib/bcc-2.2.3-gcc/bin/../sparc-gaisler-elf/bsp/leon3/mfix-b2bst/mfix-tn0013/flat/libbcc.a(timer_handle.c.o)
                0x00000000400117f0                __bcc_timer_interrupt
                0x00000000400117f4                __bcc_timer_handle
 .bss           0x00000000400117f8        0x0 /home/fsw/rep/tasa/lib/bcc-2.2.3-gcc/bin/../lib/gcc/sparc-gaisler-elf/10.2.0/../../../../sparc-gaisler-elf/lib/mfix-b2bst/mfix-tn0013/flat/libc.a(lib_a-atexit.o)
 .bss           0x00000000400117f8        0x0 /home/fsw/rep/tasa/lib/bcc-2.2.3-gcc/bin/../lib/gcc/sparc-gaisler-elf/10.2.0/../../../../sparc-gaisler-elf/lib/mfix-b2bst/mfix-tn0013/flat/libc.a(lib_a-exit.o)
 .bss           0x00000000400117f8        0x0 /home/fsw/rep/tasa/lib/bcc-2.2.3-gcc/bin/../lib/gcc/sparc-gaisler-elf/10.2.0/../../../../sparc-gaisler-elf/lib/mfix-b2bst/mfix-tn0013/flat/libc.a(lib_a-impure.o)
 .bss           0x00000000400117f8        0x0 /home/fsw/rep/tasa/lib/bcc-2.2.3-gcc/bin/../lib/gcc/sparc-gaisler-elf/10.2.0/../../../../sparc-gaisler-elf/lib/mfix-b2bst/mfix-tn0013/flat/libc.a(lib_a-memcpy.o)
 .bss           0x00000000400117f8        0x0 /home/fsw/rep/tasa/lib/bcc-2.2.3-gcc/bin/../lib/gcc/sparc-gaisler-elf/10.2.0/../../../../sparc-gaisler-elf/lib/mfix-b2bst/mfix-tn0013/flat/libc.a(lib_a-printf.o)
 .bss           0x00000000400117f8        0x0 /home/fsw/rep/tasa/lib/bcc-2.2.3-gcc/bin/../lib/gcc/sparc-gaisler-elf/10.2.0/../../../../sparc-gaisler-elf/lib/mfix-b2bst/mfix-tn0013/flat/libc.a(lib_a-putchar.o)
 .bss           0x00000000400117f8        0x0 /home/fsw/rep/tasa/lib/bcc-2.2.3-gcc/bin/../lib/gcc/sparc-gaisler-elf/10.2.0/../../../../sparc-gaisler-elf/lib/mfix-b2bst/mfix-tn0013/flat/libc.a(lib_a-puts.o)
 .bss           0x00000000400117f8        0x0 /home/fsw/rep/tasa/lib/bcc-2.2.3-gcc/bin/../lib/gcc/sparc-gaisler-elf/10.2.0/../../../../sparc-gaisler-elf/lib/mfix-b2bst/mfix-tn0013/flat/libc.a(lib_a-strlen.o)
 .bss           0x00000000400117f8        0x0 /home/fsw/rep/tasa/lib/bcc-2.2.3-gcc/bin/../lib/gcc/sparc-gaisler-elf/10.2.0/../../../../sparc-gaisler-elf/lib/mfix-b2bst/mfix-tn0013/flat/libc.a(lib_a-vfprintf.o)
 .bss           0x00000000400117f8        0x0 /home/fsw/rep/tasa/lib/bcc-2.2.3-gcc/bin/../lib/gcc/sparc-gaisler-elf/10.2.0/../../../../sparc-gaisler-elf/lib/mfix-b2bst/mfix-tn0013/flat/libc.a(lib_a-wsetup.o)
 .bss           0x00000000400117f8       0x8c /home/fsw/rep/tasa/lib/bcc-2.2.3-gcc/bin/../lib/gcc/sparc-gaisler-elf/10.2.0/../../../../sparc-gaisler-elf/lib/mfix-b2bst/mfix-tn0013/flat/libc.a(lib_a-__atexit.o)
 .bss           0x0000000040011884        0x4 /home/fsw/rep/tasa/lib/bcc-2.2.3-gcc/bin/../lib/gcc/sparc-gaisler-elf/10.2.0/../../../../sparc-gaisler-elf/lib/mfix-b2bst/mfix-tn0013/flat/libc.a(lib_a-__call_atexit.o)
                0x0000000040011884                _global_atexit
 .bss           0x0000000040011888        0x0 /home/fsw/rep/tasa/lib/bcc-2.2.3-gcc/bin/../lib/gcc/sparc-gaisler-elf/10.2.0/../../../../sparc-gaisler-elf/lib/mfix-b2bst/mfix-tn0013/flat/libc.a(lib_a-dtoa.o)
 .bss           0x0000000040011888        0x0 /home/fsw/rep/tasa/lib/bcc-2.2.3-gcc/bin/../lib/gcc/sparc-gaisler-elf/10.2.0/../../../../sparc-gaisler-elf/lib/mfix-b2bst/mfix-tn0013/flat/libc.a(lib_a-fflush.o)
 .bss           0x0000000040011888        0x0 /home/fsw/rep/tasa/lib/bcc-2.2.3-gcc/bin/../lib/gcc/sparc-gaisler-elf/10.2.0/../../../../sparc-gaisler-elf/lib/mfix-b2bst/mfix-tn0013/flat/libc.a(lib_a-findfp.o)
 .bss           0x0000000040011888        0x0 /home/fsw/rep/tasa/lib/bcc-2.2.3-gcc/bin/../lib/gcc/sparc-gaisler-elf/10.2.0/../../../../sparc-gaisler-elf/lib/mfix-b2bst/mfix-tn0013/flat/libc.a(lib_a-freer.o)
 .bss           0x0000000040011888        0x0 /home/fsw/rep/tasa/lib/bcc-2.2.3-gcc/bin/../lib/gcc/sparc-gaisler-elf/10.2.0/../../../../sparc-gaisler-elf/lib/mfix-b2bst/mfix-tn0013/flat/libc.a(lib_a-fvwrite.o)
 .bss           0x0000000040011888        0x0 /home/fsw/rep/tasa/lib/bcc-2.2.3-gcc/bin/../lib/gcc/sparc-gaisler-elf/10.2.0/../../../../sparc-gaisler-elf/lib/mfix-b2bst/mfix-tn0013/flat/libc.a(lib_a-fwalk.o)
 .bss           0x0000000040011888        0x0 /home/fsw/rep/tasa/lib/bcc-2.2.3-gcc/bin/../lib/gcc/sparc-gaisler-elf/10.2.0/../../../../sparc-gaisler-elf/lib/mfix-b2bst/mfix-tn0013/flat/libc.a(lib_a-localeconv.o)
 .bss           0x0000000040011888        0x0 /home/fsw/rep/tasa/lib/bcc-2.2.3-gcc/bin/../lib/gcc/sparc-gaisler-elf/10.2.0/../../../../sparc-gaisler-elf/lib/mfix-b2bst/mfix-tn0013/flat/libc.a(lib_a-makebuf.o)
 .bss           0x0000000040011888        0x0 /home/fsw/rep/tasa/lib/bcc-2.2.3-gcc/bin/../lib/gcc/sparc-gaisler-elf/10.2.0/../../../../sparc-gaisler-elf/lib/mfix-b2bst/mfix-tn0013/flat/libc.a(lib_a-malloc.o)
 .bss           0x0000000040011888       0x34 /home/fsw/rep/tasa/lib/bcc-2.2.3-gcc/bin/../lib/gcc/sparc-gaisler-elf/10.2.0/../../../../sparc-gaisler-elf/lib/mfix-b2bst/mfix-tn0013/flat/libc.a(lib_a-mallocr.o)
                0x0000000040011888                __malloc_current_mallinfo
                0x00000000400118b0                __malloc_max_total_mem
                0x00000000400118b4                __malloc_max_sbrked_mem
                0x00000000400118b8                __malloc_top_pad
 .bss           0x00000000400118bc        0x0 /home/fsw/rep/tasa/lib/bcc-2.2.3-gcc/bin/../lib/gcc/sparc-gaisler-elf/10.2.0/../../../../sparc-gaisler-elf/lib/mfix-b2bst/mfix-tn0013/flat/libc.a(lib_a-memchr.o)
 .bss           0x00000000400118bc        0x0 /home/fsw/rep/tasa/lib/bcc-2.2.3-gcc/bin/../lib/gcc/sparc-gaisler-elf/10.2.0/../../../../sparc-gaisler-elf/lib/mfix-b2bst/mfix-tn0013/flat/libc.a(lib_a-memmove.o)
 .bss           0x00000000400118bc        0x0 /home/fsw/rep/tasa/lib/bcc-2.2.3-gcc/bin/../lib/gcc/sparc-gaisler-elf/10.2.0/../../../../sparc-gaisler-elf/lib/mfix-b2bst/mfix-tn0013/flat/libc.a(lib_a-memset.o)
 .bss           0x00000000400118bc        0x0 /home/fsw/rep/tasa/lib/bcc-2.2.3-gcc/bin/../lib/gcc/sparc-gaisler-elf/10.2.0/../../../../sparc-gaisler-elf/lib/mfix-b2bst/mfix-tn0013/flat/libc.a(lib_a-mlock.o)
 .bss           0x00000000400118bc        0x0 /home/fsw/rep/tasa/lib/bcc-2.2.3-gcc/bin/../lib/gcc/sparc-gaisler-elf/10.2.0/../../../../sparc-gaisler-elf/lib/mfix-b2bst/mfix-tn0013/flat/libc.a(lib_a-mprec.o)
 .bss           0x00000000400118bc        0x0 /home/fsw/rep/tasa/lib/bcc-2.2.3-gcc/bin/../lib/gcc/sparc-gaisler-elf/10.2.0/../../../../sparc-gaisler-elf/lib/mfix-b2bst/mfix-tn0013/flat/libc.a(lib_a-putc.o)
 .bss           0x00000000400118bc        0x0 /home/fsw/rep/tasa/lib/bcc-2.2.3-gcc/bin/../lib/gcc/sparc-gaisler-elf/10.2.0/../../../../sparc-gaisler-elf/lib/mfix-b2bst/mfix-tn0013/flat/libc.a(lib_a-reallocr.o)
 .bss           0x00000000400118bc        0x0 /home/fsw/rep/tasa/lib/bcc-2.2.3-gcc/bin/../lib/gcc/sparc-gaisler-elf/10.2.0/../../../../sparc-gaisler-elf/lib/mfix-b2bst/mfix-tn0013/flat/libc.a(lib_a-s_frexp.o)
 .bss           0x00000000400118bc        0x0 /home/fsw/rep/tasa/lib/bcc-2.2.3-gcc/bin/../lib/gcc/sparc-gaisler-elf/10.2.0/../../../../sparc-gaisler-elf/lib/mfix-b2bst/mfix-tn0013/flat/libc.a(lib_a-sbrkr.o)
 .bss           0x00000000400118bc        0x0 /home/fsw/rep/tasa/lib/bcc-2.2.3-gcc/bin/../lib/gcc/sparc-gaisler-elf/10.2.0/../../../../sparc-gaisler-elf/lib/mfix-b2bst/mfix-tn0013/flat/libc.a(lib_a-stdio.o)
 .bss           0x00000000400118bc        0x0 /home/fsw/rep/tasa/lib/bcc-2.2.3-gcc/bin/../lib/gcc/sparc-gaisler-elf/10.2.0/../../../../sparc-gaisler-elf/lib/mfix-b2bst/mfix-tn0013/flat/libc.a(lib_a-strncpy.o)
 .bss           0x00000000400118bc        0x0 /home/fsw/rep/tasa/lib/bcc-2.2.3-gcc/bin/../lib/gcc/sparc-gaisler-elf/10.2.0/../../../../sparc-gaisler-elf/lib/mfix-b2bst/mfix-tn0013/flat/libc.a(lib_a-vfiprintf.o)
 .bss           0x00000000400118bc        0x0 /home/fsw/rep/tasa/lib/bcc-2.2.3-gcc/bin/../lib/gcc/sparc-gaisler-elf/10.2.0/../../../../sparc-gaisler-elf/lib/mfix-b2bst/mfix-tn0013/flat/libc.a(lib_a-wbuf.o)
 .bss           0x00000000400118bc        0x0 /home/fsw/rep/tasa/lib/bcc-2.2.3-gcc/bin/../lib/gcc/sparc-gaisler-elf/10.2.0/../../../../sparc-gaisler-elf/lib/mfix-b2bst/mfix-tn0013/flat/libc.a(lib_a-writer.o)
 .bss           0x00000000400118bc        0x0 /home/fsw/rep/tasa/lib/bcc-2.2.3-gcc/bin/../lib/gcc/sparc-gaisler-elf/10.2.0/../../../../sparc-gaisler-elf/lib/mfix-b2bst/mfix-tn0013/flat/libc.a(lib_a-callocr.o)
 .bss           0x00000000400118bc        0x0 /home/fsw/rep/tasa/lib/bcc-2.2.3-gcc/bin/../lib/gcc/sparc-gaisler-elf/10.2.0/../../../../sparc-gaisler-elf/lib/mfix-b2bst/mfix-tn0013/flat/libc.a(lib_a-closer.o)
 .bss           0x00000000400118bc        0x0 /home/fsw/rep/tasa/lib/bcc-2.2.3-gcc/bin/../lib/gcc/sparc-gaisler-elf/10.2.0/../../../../sparc-gaisler-elf/lib/mfix-b2bst/mfix-tn0013/flat/libc.a(lib_a-fclose.o)
 .bss           0x00000000400118bc        0x0 /home/fsw/rep/tasa/lib/bcc-2.2.3-gcc/bin/../lib/gcc/sparc-gaisler-elf/10.2.0/../../../../sparc-gaisler-elf/lib/mfix-b2bst/mfix-tn0013/flat/libc.a(lib_a-fputwc.o)
 .bss           0x00000000400118bc        0x0 /home/fsw/rep/tasa/lib/bcc-2.2.3-gcc/bin/../lib/gcc/sparc-gaisler-elf/10.2.0/../../../../sparc-gaisler-elf/lib/mfix-b2bst/mfix-tn0013/flat/libc.a(lib_a-fstatr.o)
 .bss           0x00000000400118bc        0x0 /home/fsw/rep/tasa/lib/bcc-2.2.3-gcc/bin/../lib/gcc/sparc-gaisler-elf/10.2.0/../../../../sparc-gaisler-elf/lib/mfix-b2bst/mfix-tn0013/flat/libc.a(lib_a-isattyr.o)
 .bss           0x00000000400118bc        0x4 /home/fsw/rep/tasa/lib/bcc-2.2.3-gcc/bin/../lib/gcc/sparc-gaisler-elf/10.2.0/../../../../sparc-gaisler-elf/lib/mfix-b2bst/mfix-tn0013/flat/libc.a(lib_a-locale.o)
                0x00000000400118bc                _PathLocale
 .bss           0x00000000400118c0        0x0 /home/fsw/rep/tasa/lib/bcc-2.2.3-gcc/bin/../lib/gcc/sparc-gaisler-elf/10.2.0/../../../../sparc-gaisler-elf/lib/mfix-b2bst/mfix-tn0013/flat/libc.a(lib_a-lseekr.o)
 .bss           0x00000000400118c0        0x0 /home/fsw/rep/tasa/lib/bcc-2.2.3-gcc/bin/../lib/gcc/sparc-gaisler-elf/10.2.0/../../../../sparc-gaisler-elf/lib/mfix-b2bst/mfix-tn0013/flat/libc.a(lib_a-mbtowc_r.o)
 .bss           0x00000000400118c0        0x0 /home/fsw/rep/tasa/lib/bcc-2.2.3-gcc/bin/../lib/gcc/sparc-gaisler-elf/10.2.0/../../../../sparc-gaisler-elf/lib/mfix-b2bst/mfix-tn0013/flat/libc.a(lib_a-readr.o)
 .bss           0x00000000400118c0        0x4 /home/fsw/rep/tasa/lib/bcc-2.2.3-gcc/bin/../lib/gcc/sparc-gaisler-elf/10.2.0/../../../../sparc-gaisler-elf/lib/mfix-b2bst/mfix-tn0013/flat/libc.a(lib_a-reent.o)
                0x00000000400118c0                errno
 .bss           0x00000000400118c4        0x0 /home/fsw/rep/tasa/lib/bcc-2.2.3-gcc/bin/../lib/gcc/sparc-gaisler-elf/10.2.0/../../../../sparc-gaisler-elf/lib/mfix-b2bst/mfix-tn0013/flat/libc.a(lib_a-strcmp.o)
 .bss           0x00000000400118c4        0x0 /home/fsw/rep/tasa/lib/bcc-2.2.3-gcc/bin/../lib/gcc/sparc-gaisler-elf/10.2.0/../../../../sparc-gaisler-elf/lib/mfix-b2bst/mfix-tn0013/flat/libc.a(lib_a-wcrtomb.o)
 .bss           0x00000000400118c4        0x0 /home/fsw/rep/tasa/lib/bcc-2.2.3-gcc/bin/../lib/gcc/sparc-gaisler-elf/10.2.0/../../../../sparc-gaisler-elf/lib/mfix-b2bst/mfix-tn0013/flat/libc.a(lib_a-wctomb_r.o)
 .bss           0x00000000400118c4        0x0 /home/fsw/rep/tasa/lib/bcc-2.2.3-gcc/bin/../lib/gcc/sparc-gaisler-elf/10.2.0/../../../../sparc-gaisler-elf/lib/mfix-b2bst/mfix-tn0013/flat/libc.a(lib_a-ctype_.o)
 .bss           0x00000000400118c4        0x0 /home/fsw/rep/tasa/lib/bcc-2.2.3-gcc/bin/../sparc-gaisler-elf/bsp/leon3/mfix-b2bst/mfix-tn0013/flat/libbcc.a(_exit.S.o)
 .bss           0x00000000400118c4        0x0 /home/fsw/rep/tasa/lib/bcc-2.2.3-gcc/bin/../sparc-gaisler-elf/bsp/leon3/mfix-b2bst/mfix-tn0013/flat/libbcc.a(read.c.o)
 .bss           0x00000000400118c4        0x4 /home/fsw/rep/tasa/lib/bcc-2.2.3-gcc/bin/../sparc-gaisler-elf/bsp/leon3/mfix-b2bst/mfix-tn0013/flat/libbcc.a(sbrk.c.o)
 .bss           0x00000000400118c8        0x8 /home/fsw/rep/tasa/lib/bcc-2.2.3-gcc/bin/../sparc-gaisler-elf/bsp/leon3/mfix-b2bst/mfix-tn0013/flat/libbcc.a(heap.c.o)
                0x00000000400118c8                __bcc_heap_max
                0x00000000400118cc                __bcc_heap_min
 .bss           0x00000000400118d0        0x0 /home/fsw/rep/tasa/lib/bcc-2.2.3-gcc/bin/../sparc-gaisler-elf/bsp/leon3/mfix-b2bst/mfix-tn0013/flat/libbcc.a(write.c.o)
 .bss           0x00000000400118d0        0x0 /home/fsw/rep/tasa/lib/bcc-2.2.3-gcc/bin/../sparc-gaisler-elf/bsp/leon3/mfix-b2bst/mfix-tn0013/flat/libbcc.a(stubs.S.o)
 .bss           0x00000000400118d0        0x4 /home/fsw/rep/tasa/lib/bcc-2.2.3-gcc/bin/../sparc-gaisler-elf/bsp/leon3/mfix-b2bst/mfix-tn0013/flat/libbcc.a(con_apbuart.c.o)
 .bss           0x00000000400118d4        0x0 /home/fsw/rep/tasa/lib/bcc-2.2.3-gcc/bin/../lib/gcc/sparc-gaisler-elf/10.2.0/mfix-b2bst/mfix-tn0013/flat/libgcc.a(_mulsi3.o)
 .bss           0x00000000400118d4        0x0 /home/fsw/rep/tasa/lib/bcc-2.2.3-gcc/bin/../lib/gcc/sparc-gaisler-elf/10.2.0/mfix-b2bst/mfix-tn0013/flat/libgcc.a(_divsi3.o)
 .bss           0x00000000400118d4        0x0 /home/fsw/rep/tasa/lib/bcc-2.2.3-gcc/bin/../lib/gcc/sparc-gaisler-elf/10.2.0/mfix-b2bst/mfix-tn0013/flat/libgcc.a(_modsi3.o)
 .bss           0x00000000400118d4        0x0 /home/fsw/rep/tasa/lib/bcc-2.2.3-gcc/bin/../lib/gcc/sparc-gaisler-elf/10.2.0/mfix-b2bst/mfix-tn0013/flat/libgcc.a(_udivdi3.o)
 .bss           0x00000000400118d4        0x0 /home/fsw/rep/tasa/lib/bcc-2.2.3-gcc/bin/../lib/gcc/sparc-gaisler-elf/10.2.0/mfix-b2bst/mfix-tn0013/flat/libgcc.a(_umoddi3.o)
 .bss           0x00000000400118d4        0x0 /home/fsw/rep/tasa/lib/bcc-2.2.3-gcc/bin/../lib/gcc/sparc-gaisler-elf/10.2.0/mfix-b2bst/mfix-tn0013/flat/libgcc.a(_clz.o)
 .bss           0x00000000400118d4        0x0 /home/fsw/rep/tasa/lib/bcc-2.2.3-gcc/bin/../lib/gcc/sparc-gaisler-elf/10.2.0/mfix-b2bst/mfix-tn0013/flat/crtend.o
 .bss           0x00000000400118d4        0x0 /home/fsw/rep/tasa/lib/bcc-2.2.3-gcc/bin/../lib/gcc/sparc-gaisler-elf/10.2.0/mfix-b2bst/mfix-tn0013/flat/crtn.o
 *(COMMON)
                0x00000000400118d8                . = ALIGN (0x8)
 *fill*         0x00000000400118d4        0x4 
                0x00000000400118d8                __bss_end = .
                0x00000000400118d8                __heap_min = .
                0x00000000400118d8                . = ALIGN (0x8)

.jcr
 *(.jcr)

.stab
 *(.stab)

.stabstr
 *(.stabstr)

.debug
 *(.debug)

.line
 *(.line)

.debug_srcinfo
 *(.debug_srcinfo)

.debug_sfnames
 *(.debug_sfnames)

.debug_aranges  0x0000000000000000      0xa90
 *(.debug_aranges)
 .debug_aranges
                0x0000000000000000       0x20 /home/fsw/rep/tasa/lib/bcc-2.2.3-gcc/bin/../sparc-gaisler-elf/bsp/leon3/mfix-b2bst/mfix-tn0013/flat/trap_table_mvt.S.o
 .debug_aranges
                0x0000000000000020       0x20 /home/fsw/rep/tasa/lib/bcc-2.2.3-gcc/bin/../sparc-gaisler-elf/bsp/leon3/mfix-b2bst/mfix-tn0013/flat/crt0.S.o
 .debug_aranges
                0x0000000000000040       0x20 /tmp/ccvGHBjf.o
 .debug_aranges
                0x0000000000000060       0x20 /home/fsw/rep/tasa/lib/bcc-2.2.3-gcc/bin/../sparc-gaisler-elf/bsp/leon3/mfix-b2bst/mfix-tn0013/flat/libbcc.a(reset_trap_mvt.S.o)
 .debug_aranges
                0x0000000000000080       0x20 /home/fsw/rep/tasa/lib/bcc-2.2.3-gcc/bin/../sparc-gaisler-elf/bsp/leon3/mfix-b2bst/mfix-tn0013/flat/libbcc.a(interrupt_trap_flat.S.o)
 .debug_aranges
                0x00000000000000a0       0x20 /home/fsw/rep/tasa/lib/bcc-2.2.3-gcc/bin/../sparc-gaisler-elf/bsp/leon3/mfix-b2bst/mfix-tn0013/flat/libbcc.a(sw_trap_set_pil.S.o)
 .debug_aranges
                0x00000000000000c0       0x18 /home/fsw/rep/tasa/lib/bcc-2.2.3-gcc/bin/../sparc-gaisler-elf/bsp/leon3/mfix-b2bst/mfix-tn0013/flat/libbcc.a(isr.c.o)
 .debug_aranges
                0x00000000000000d8       0x18 /home/fsw/rep/tasa/lib/bcc-2.2.3-gcc/bin/../sparc-gaisler-elf/bsp/leon3/mfix-b2bst/mfix-tn0013/flat/libbcc.a(int_nest.c.o)
 .debug_aranges
                0x00000000000000f0       0x20 /home/fsw/rep/tasa/lib/bcc-2.2.3-gcc/bin/../sparc-gaisler-elf/bsp/leon3/mfix-b2bst/mfix-tn0013/flat/libbcc.a(init.S.o)
 .debug_aranges
                0x0000000000000110       0x20 /home/fsw/rep/tasa/lib/bcc-2.2.3-gcc/bin/../sparc-gaisler-elf/bsp/leon3/mfix-b2bst/mfix-tn0013/flat/libbcc.a(leon_info.S.o)
 .debug_aranges
                0x0000000000000130       0x20 /home/fsw/rep/tasa/lib/bcc-2.2.3-gcc/bin/../sparc-gaisler-elf/bsp/leon3/mfix-b2bst/mfix-tn0013/flat/libbcc.a(dwzero.S.o)
 .debug_aranges
                0x0000000000000150       0x20 /home/fsw/rep/tasa/lib/bcc-2.2.3-gcc/bin/../sparc-gaisler-elf/bsp/leon3/mfix-b2bst/mfix-tn0013/flat/libbcc.a(copy_data.c.o)
 .debug_aranges
                0x0000000000000170       0x18 /home/fsw/rep/tasa/lib/bcc-2.2.3-gcc/bin/../sparc-gaisler-elf/bsp/leon3/mfix-b2bst/mfix-tn0013/flat/libbcc.a(argv.c.o)
 .debug_aranges
                0x0000000000000188       0x20 /home/fsw/rep/tasa/lib/bcc-2.2.3-gcc/bin/../sparc-gaisler-elf/bsp/leon3/mfix-b2bst/mfix-tn0013/flat/libbcc.a(int_irqmp_get_source.c.o)
 .debug_aranges
                0x00000000000001a8       0x20 /home/fsw/rep/tasa/lib/bcc-2.2.3-gcc/bin/../sparc-gaisler-elf/bsp/leon3/mfix-b2bst/mfix-tn0013/flat/libbcc.a(int_irqmp_mp.c.o)
 .debug_aranges
                0x00000000000001c8       0x20 /home/fsw/rep/tasa/lib/bcc-2.2.3-gcc/bin/../sparc-gaisler-elf/bsp/leon3/mfix-b2bst/mfix-tn0013/flat/libbcc.a(int_irqmp_init.c.o)
 .debug_aranges
                0x00000000000001e8       0x20 /home/fsw/rep/tasa/lib/bcc-2.2.3-gcc/bin/../sparc-gaisler-elf/bsp/leon3/mfix-b2bst/mfix-tn0013/flat/libbcc.a(con_apbuart_init.c.o)
 .debug_aranges
                0x0000000000000208       0x20 /home/fsw/rep/tasa/lib/bcc-2.2.3-gcc/bin/../sparc-gaisler-elf/bsp/leon3/mfix-b2bst/mfix-tn0013/flat/libbcc.a(timer_gptimer_init.c.o)
 .debug_aranges
                0x0000000000000228       0x20 /home/fsw/rep/tasa/lib/bcc-2.2.3-gcc/bin/../sparc-gaisler-elf/bsp/leon3/mfix-b2bst/mfix-tn0013/flat/libbcc.a(ambapp.c.o)
 .debug_aranges
                0x0000000000000248       0x20 /home/fsw/rep/tasa/lib/bcc-2.2.3-gcc/bin/../sparc-gaisler-elf/bsp/leon3/mfix-b2bst/mfix-tn0013/flat/libbcc.a(ambapp_findfirst_fn.c.o)
 .debug_aranges
                0x0000000000000268       0x18 /home/fsw/rep/tasa/lib/bcc-2.2.3-gcc/bin/../sparc-gaisler-elf/bsp/leon3/mfix-b2bst/mfix-tn0013/flat/libbcc.a(int_irqmp_handle.c.o)
 .debug_aranges
                0x0000000000000280       0x18 /home/fsw/rep/tasa/lib/bcc-2.2.3-gcc/bin/../sparc-gaisler-elf/bsp/leon3/mfix-b2bst/mfix-tn0013/flat/libbcc.a(con_handle.c.o)
 .debug_aranges
                0x0000000000000298       0x18 /home/fsw/rep/tasa/lib/bcc-2.2.3-gcc/bin/../sparc-gaisler-elf/bsp/leon3/mfix-b2bst/mfix-tn0013/flat/libbcc.a(timer_handle.c.o)
 .debug_aranges
                0x00000000000002b0       0x20 /home/fsw/rep/tasa/lib/bcc-2.2.3-gcc/bin/../lib/gcc/sparc-gaisler-elf/10.2.0/../../../../sparc-gaisler-elf/lib/mfix-b2bst/mfix-tn0013/flat/libc.a(lib_a-atexit.o)
 .debug_aranges
                0x00000000000002d0       0x20 /home/fsw/rep/tasa/lib/bcc-2.2.3-gcc/bin/../lib/gcc/sparc-gaisler-elf/10.2.0/../../../../sparc-gaisler-elf/lib/mfix-b2bst/mfix-tn0013/flat/libc.a(lib_a-exit.o)
 .debug_aranges
                0x00000000000002f0       0x18 /home/fsw/rep/tasa/lib/bcc-2.2.3-gcc/bin/../lib/gcc/sparc-gaisler-elf/10.2.0/../../../../sparc-gaisler-elf/lib/mfix-b2bst/mfix-tn0013/flat/libc.a(lib_a-impure.o)
 .debug_aranges
                0x0000000000000308       0x20 /home/fsw/rep/tasa/lib/bcc-2.2.3-gcc/bin/../lib/gcc/sparc-gaisler-elf/10.2.0/../../../../sparc-gaisler-elf/lib/mfix-b2bst/mfix-tn0013/flat/libc.a(lib_a-memcpy.o)
 .debug_aranges
                0x0000000000000328       0x20 /home/fsw/rep/tasa/lib/bcc-2.2.3-gcc/bin/../lib/gcc/sparc-gaisler-elf/10.2.0/../../../../sparc-gaisler-elf/lib/mfix-b2bst/mfix-tn0013/flat/libc.a(lib_a-printf.o)
 .debug_aranges
                0x0000000000000348       0x20 /home/fsw/rep/tasa/lib/bcc-2.2.3-gcc/bin/../lib/gcc/sparc-gaisler-elf/10.2.0/../../../../sparc-gaisler-elf/lib/mfix-b2bst/mfix-tn0013/flat/libc.a(lib_a-putchar.o)
 .debug_aranges
                0x0000000000000368       0x20 /home/fsw/rep/tasa/lib/bcc-2.2.3-gcc/bin/../lib/gcc/sparc-gaisler-elf/10.2.0/../../../../sparc-gaisler-elf/lib/mfix-b2bst/mfix-tn0013/flat/libc.a(lib_a-puts.o)
 .debug_aranges
                0x0000000000000388       0x20 /home/fsw/rep/tasa/lib/bcc-2.2.3-gcc/bin/../lib/gcc/sparc-gaisler-elf/10.2.0/../../../../sparc-gaisler-elf/lib/mfix-b2bst/mfix-tn0013/flat/libc.a(lib_a-strlen.o)
 .debug_aranges
                0x00000000000003a8       0x20 /home/fsw/rep/tasa/lib/bcc-2.2.3-gcc/bin/../lib/gcc/sparc-gaisler-elf/10.2.0/../../../../sparc-gaisler-elf/lib/mfix-b2bst/mfix-tn0013/flat/libc.a(lib_a-vfprintf.o)
 .debug_aranges
                0x00000000000003c8       0x20 /home/fsw/rep/tasa/lib/bcc-2.2.3-gcc/bin/../lib/gcc/sparc-gaisler-elf/10.2.0/../../../../sparc-gaisler-elf/lib/mfix-b2bst/mfix-tn0013/flat/libc.a(lib_a-wsetup.o)
 .debug_aranges
                0x00000000000003e8       0x20 /home/fsw/rep/tasa/lib/bcc-2.2.3-gcc/bin/../lib/gcc/sparc-gaisler-elf/10.2.0/../../../../sparc-gaisler-elf/lib/mfix-b2bst/mfix-tn0013/flat/libc.a(lib_a-__atexit.o)
 .debug_aranges
                0x0000000000000408       0x20 /home/fsw/rep/tasa/lib/bcc-2.2.3-gcc/bin/../lib/gcc/sparc-gaisler-elf/10.2.0/../../../../sparc-gaisler-elf/lib/mfix-b2bst/mfix-tn0013/flat/libc.a(lib_a-__call_atexit.o)
 .debug_aranges
                0x0000000000000428       0x20 /home/fsw/rep/tasa/lib/bcc-2.2.3-gcc/bin/../lib/gcc/sparc-gaisler-elf/10.2.0/../../../../sparc-gaisler-elf/lib/mfix-b2bst/mfix-tn0013/flat/libc.a(lib_a-dtoa.o)
 .debug_aranges
                0x0000000000000448       0x20 /home/fsw/rep/tasa/lib/bcc-2.2.3-gcc/bin/../lib/gcc/sparc-gaisler-elf/10.2.0/../../../../sparc-gaisler-elf/lib/mfix-b2bst/mfix-tn0013/flat/libc.a(lib_a-fflush.o)
 .debug_aranges
                0x0000000000000468       0x20 /home/fsw/rep/tasa/lib/bcc-2.2.3-gcc/bin/../lib/gcc/sparc-gaisler-elf/10.2.0/../../../../sparc-gaisler-elf/lib/mfix-b2bst/mfix-tn0013/flat/libc.a(lib_a-findfp.o)
 .debug_aranges
                0x0000000000000488       0x20 /home/fsw/rep/tasa/lib/bcc-2.2.3-gcc/bin/../lib/gcc/sparc-gaisler-elf/10.2.0/../../../../sparc-gaisler-elf/lib/mfix-b2bst/mfix-tn0013/flat/libc.a(lib_a-freer.o)
 .debug_aranges
                0x00000000000004a8       0x20 /home/fsw/rep/tasa/lib/bcc-2.2.3-gcc/bin/../lib/gcc/sparc-gaisler-elf/10.2.0/../../../../sparc-gaisler-elf/lib/mfix-b2bst/mfix-tn0013/flat/libc.a(lib_a-fvwrite.o)
 .debug_aranges
                0x00000000000004c8       0x20 /home/fsw/rep/tasa/lib/bcc-2.2.3-gcc/bin/../lib/gcc/sparc-gaisler-elf/10.2.0/../../../../sparc-gaisler-elf/lib/mfix-b2bst/mfix-tn0013/flat/libc.a(lib_a-fwalk.o)
 .debug_aranges
                0x00000000000004e8       0x20 /home/fsw/rep/tasa/lib/bcc-2.2.3-gcc/bin/../lib/gcc/sparc-gaisler-elf/10.2.0/../../../../sparc-gaisler-elf/lib/mfix-b2bst/mfix-tn0013/flat/libc.a(lib_a-localeconv.o)
 .debug_aranges
                0x0000000000000508       0x20 /home/fsw/rep/tasa/lib/bcc-2.2.3-gcc/bin/../lib/gcc/sparc-gaisler-elf/10.2.0/../../../../sparc-gaisler-elf/lib/mfix-b2bst/mfix-tn0013/flat/libc.a(lib_a-makebuf.o)
 .debug_aranges
                0x0000000000000528       0x20 /home/fsw/rep/tasa/lib/bcc-2.2.3-gcc/bin/../lib/gcc/sparc-gaisler-elf/10.2.0/../../../../sparc-gaisler-elf/lib/mfix-b2bst/mfix-tn0013/flat/libc.a(lib_a-malloc.o)
 .debug_aranges
                0x0000000000000548       0x20 /home/fsw/rep/tasa/lib/bcc-2.2.3-gcc/bin/../lib/gcc/sparc-gaisler-elf/10.2.0/../../../../sparc-gaisler-elf/lib/mfix-b2bst/mfix-tn0013/flat/libc.a(lib_a-mallocr.o)
 .debug_aranges
                0x0000000000000568       0x20 /home/fsw/rep/tasa/lib/bcc-2.2.3-gcc/bin/../lib/gcc/sparc-gaisler-elf/10.2.0/../../../../sparc-gaisler-elf/lib/mfix-b2bst/mfix-tn0013/flat/libc.a(lib_a-memchr.o)
 .debug_aranges
                0x0000000000000588       0x20 /home/fsw/rep/tasa/lib/bcc-2.2.3-gcc/bin/../lib/gcc/sparc-gaisler-elf/10.2.0/../../../../sparc-gaisler-elf/lib/mfix-b2bst/mfix-tn0013/flat/libc.a(lib_a-memmove.o)
 .debug_aranges
                0x00000000000005a8       0x20 /home/fsw/rep/tasa/lib/bcc-2.2.3-gcc/bin/../lib/gcc/sparc-gaisler-elf/10.2.0/../../../../sparc-gaisler-elf/lib/mfix-b2bst/mfix-tn0013/flat/libc.a(lib_a-memset.o)
 .debug_aranges
                0x00000000000005c8       0x20 /home/fsw/rep/tasa/lib/bcc-2.2.3-gcc/bin/../lib/gcc/sparc-gaisler-elf/10.2.0/../../../../sparc-gaisler-elf/lib/mfix-b2bst/mfix-tn0013/flat/libc.a(lib_a-mlock.o)
 .debug_aranges
                0x00000000000005e8       0x20 /home/fsw/rep/tasa/lib/bcc-2.2.3-gcc/bin/../lib/gcc/sparc-gaisler-elf/10.2.0/../../../../sparc-gaisler-elf/lib/mfix-b2bst/mfix-tn0013/flat/libc.a(lib_a-mprec.o)
 .debug_aranges
                0x0000000000000608       0x20 /home/fsw/rep/tasa/lib/bcc-2.2.3-gcc/bin/../lib/gcc/sparc-gaisler-elf/10.2.0/../../../../sparc-gaisler-elf/lib/mfix-b2bst/mfix-tn0013/flat/libc.a(lib_a-putc.o)
 .debug_aranges
                0x0000000000000628       0x20 /home/fsw/rep/tasa/lib/bcc-2.2.3-gcc/bin/../lib/gcc/sparc-gaisler-elf/10.2.0/../../../../sparc-gaisler-elf/lib/mfix-b2bst/mfix-tn0013/flat/libc.a(lib_a-reallocr.o)
 .debug_aranges
                0x0000000000000648       0x20 /home/fsw/rep/tasa/lib/bcc-2.2.3-gcc/bin/../lib/gcc/sparc-gaisler-elf/10.2.0/../../../../sparc-gaisler-elf/lib/mfix-b2bst/mfix-tn0013/flat/libc.a(lib_a-s_frexp.o)
 .debug_aranges
                0x0000000000000668       0x20 /home/fsw/rep/tasa/lib/bcc-2.2.3-gcc/bin/../lib/gcc/sparc-gaisler-elf/10.2.0/../../../../sparc-gaisler-elf/lib/mfix-b2bst/mfix-tn0013/flat/libc.a(lib_a-sbrkr.o)
 .debug_aranges
                0x0000000000000688       0x20 /home/fsw/rep/tasa/lib/bcc-2.2.3-gcc/bin/../lib/gcc/sparc-gaisler-elf/10.2.0/../../../../sparc-gaisler-elf/lib/mfix-b2bst/mfix-tn0013/flat/libc.a(lib_a-stdio.o)
 .debug_aranges
                0x00000000000006a8       0x20 /home/fsw/rep/tasa/lib/bcc-2.2.3-gcc/bin/../lib/gcc/sparc-gaisler-elf/10.2.0/../../../../sparc-gaisler-elf/lib/mfix-b2bst/mfix-tn0013/flat/libc.a(lib_a-strncpy.o)
 .debug_aranges
                0x00000000000006c8       0x20 /home/fsw/rep/tasa/lib/bcc-2.2.3-gcc/bin/../lib/gcc/sparc-gaisler-elf/10.2.0/../../../../sparc-gaisler-elf/lib/mfix-b2bst/mfix-tn0013/flat/libc.a(lib_a-vfiprintf.o)
 .debug_aranges
                0x00000000000006e8       0x20 /home/fsw/rep/tasa/lib/bcc-2.2.3-gcc/bin/../lib/gcc/sparc-gaisler-elf/10.2.0/../../../../sparc-gaisler-elf/lib/mfix-b2bst/mfix-tn0013/flat/libc.a(lib_a-wbuf.o)
 .debug_aranges
                0x0000000000000708       0x20 /home/fsw/rep/tasa/lib/bcc-2.2.3-gcc/bin/../lib/gcc/sparc-gaisler-elf/10.2.0/../../../../sparc-gaisler-elf/lib/mfix-b2bst/mfix-tn0013/flat/libc.a(lib_a-writer.o)
 .debug_aranges
                0x0000000000000728       0x20 /home/fsw/rep/tasa/lib/bcc-2.2.3-gcc/bin/../lib/gcc/sparc-gaisler-elf/10.2.0/../../../../sparc-gaisler-elf/lib/mfix-b2bst/mfix-tn0013/flat/libc.a(lib_a-callocr.o)
 .debug_aranges
                0x0000000000000748       0x20 /home/fsw/rep/tasa/lib/bcc-2.2.3-gcc/bin/../lib/gcc/sparc-gaisler-elf/10.2.0/../../../../sparc-gaisler-elf/lib/mfix-b2bst/mfix-tn0013/flat/libc.a(lib_a-closer.o)
 .debug_aranges
                0x0000000000000768       0x20 /home/fsw/rep/tasa/lib/bcc-2.2.3-gcc/bin/../lib/gcc/sparc-gaisler-elf/10.2.0/../../../../sparc-gaisler-elf/lib/mfix-b2bst/mfix-tn0013/flat/libc.a(lib_a-fclose.o)
 .debug_aranges
                0x0000000000000788       0x20 /home/fsw/rep/tasa/lib/bcc-2.2.3-gcc/bin/../lib/gcc/sparc-gaisler-elf/10.2.0/../../../../sparc-gaisler-elf/lib/mfix-b2bst/mfix-tn0013/flat/libc.a(lib_a-fputwc.o)
 .debug_aranges
                0x00000000000007a8       0x20 /home/fsw/rep/tasa/lib/bcc-2.2.3-gcc/bin/../lib/gcc/sparc-gaisler-elf/10.2.0/../../../../sparc-gaisler-elf/lib/mfix-b2bst/mfix-tn0013/flat/libc.a(lib_a-fstatr.o)
 .debug_aranges
                0x00000000000007c8       0x20 /home/fsw/rep/tasa/lib/bcc-2.2.3-gcc/bin/../lib/gcc/sparc-gaisler-elf/10.2.0/../../../../sparc-gaisler-elf/lib/mfix-b2bst/mfix-tn0013/flat/libc.a(lib_a-isattyr.o)
 .debug_aranges
                0x00000000000007e8       0x20 /home/fsw/rep/tasa/lib/bcc-2.2.3-gcc/bin/../lib/gcc/sparc-gaisler-elf/10.2.0/../../../../sparc-gaisler-elf/lib/mfix-b2bst/mfix-tn0013/flat/libc.a(lib_a-locale.o)
 .debug_aranges
                0x0000000000000808       0x20 /home/fsw/rep/tasa/lib/bcc-2.2.3-gcc/bin/../lib/gcc/sparc-gaisler-elf/10.2.0/../../../../sparc-gaisler-elf/lib/mfix-b2bst/mfix-tn0013/flat/libc.a(lib_a-lseekr.o)
 .debug_aranges
                0x0000000000000828       0x20 /home/fsw/rep/tasa/lib/bcc-2.2.3-gcc/bin/../lib/gcc/sparc-gaisler-elf/10.2.0/../../../../sparc-gaisler-elf/lib/mfix-b2bst/mfix-tn0013/flat/libc.a(lib_a-mbtowc_r.o)
 .debug_aranges
                0x0000000000000848       0x20 /home/fsw/rep/tasa/lib/bcc-2.2.3-gcc/bin/../lib/gcc/sparc-gaisler-elf/10.2.0/../../../../sparc-gaisler-elf/lib/mfix-b2bst/mfix-tn0013/flat/libc.a(lib_a-readr.o)
 .debug_aranges
                0x0000000000000868       0x20 /home/fsw/rep/tasa/lib/bcc-2.2.3-gcc/bin/../lib/gcc/sparc-gaisler-elf/10.2.0/../../../../sparc-gaisler-elf/lib/mfix-b2bst/mfix-tn0013/flat/libc.a(lib_a-reent.o)
 .debug_aranges
                0x0000000000000888       0x20 /home/fsw/rep/tasa/lib/bcc-2.2.3-gcc/bin/../lib/gcc/sparc-gaisler-elf/10.2.0/../../../../sparc-gaisler-elf/lib/mfix-b2bst/mfix-tn0013/flat/libc.a(lib_a-strcmp.o)
 .debug_aranges
                0x00000000000008a8       0x20 /home/fsw/rep/tasa/lib/bcc-2.2.3-gcc/bin/../lib/gcc/sparc-gaisler-elf/10.2.0/../../../../sparc-gaisler-elf/lib/mfix-b2bst/mfix-tn0013/flat/libc.a(lib_a-wcrtomb.o)
 .debug_aranges
                0x00000000000008c8       0x20 /home/fsw/rep/tasa/lib/bcc-2.2.3-gcc/bin/../lib/gcc/sparc-gaisler-elf/10.2.0/../../../../sparc-gaisler-elf/lib/mfix-b2bst/mfix-tn0013/flat/libc.a(lib_a-wctomb_r.o)
 .debug_aranges
                0x00000000000008e8       0x18 /home/fsw/rep/tasa/lib/bcc-2.2.3-gcc/bin/../lib/gcc/sparc-gaisler-elf/10.2.0/../../../../sparc-gaisler-elf/lib/mfix-b2bst/mfix-tn0013/flat/libc.a(lib_a-ctype_.o)
 .debug_aranges
                0x0000000000000900       0x20 /home/fsw/rep/tasa/lib/bcc-2.2.3-gcc/bin/../sparc-gaisler-elf/bsp/leon3/mfix-b2bst/mfix-tn0013/flat/libbcc.a(_exit.S.o)
 .debug_aranges
                0x0000000000000920       0x20 /home/fsw/rep/tasa/lib/bcc-2.2.3-gcc/bin/../sparc-gaisler-elf/bsp/leon3/mfix-b2bst/mfix-tn0013/flat/libbcc.a(read.c.o)
 .debug_aranges
                0x0000000000000940       0x20 /home/fsw/rep/tasa/lib/bcc-2.2.3-gcc/bin/../sparc-gaisler-elf/bsp/leon3/mfix-b2bst/mfix-tn0013/flat/libbcc.a(sbrk.c.o)
 .debug_aranges
                0x0000000000000960       0x18 /home/fsw/rep/tasa/lib/bcc-2.2.3-gcc/bin/../sparc-gaisler-elf/bsp/leon3/mfix-b2bst/mfix-tn0013/flat/libbcc.a(heap.c.o)
 .debug_aranges
                0x0000000000000978       0x20 /home/fsw/rep/tasa/lib/bcc-2.2.3-gcc/bin/../sparc-gaisler-elf/bsp/leon3/mfix-b2bst/mfix-tn0013/flat/libbcc.a(write.c.o)
 .debug_aranges
                0x0000000000000998       0x20 /home/fsw/rep/tasa/lib/bcc-2.2.3-gcc/bin/../sparc-gaisler-elf/bsp/leon3/mfix-b2bst/mfix-tn0013/flat/libbcc.a(stubs.S.o)
 .debug_aranges
                0x00000000000009b8       0x20 /home/fsw/rep/tasa/lib/bcc-2.2.3-gcc/bin/../sparc-gaisler-elf/bsp/leon3/mfix-b2bst/mfix-tn0013/flat/libbcc.a(con_apbuart.c.o)
 .debug_aranges
                0x00000000000009d8       0x20 /home/fsw/rep/tasa/lib/bcc-2.2.3-gcc/bin/../lib/gcc/sparc-gaisler-elf/10.2.0/mfix-b2bst/mfix-tn0013/flat/libgcc.a(_mulsi3.o)
 .debug_aranges
                0x00000000000009f8       0x20 /home/fsw/rep/tasa/lib/bcc-2.2.3-gcc/bin/../lib/gcc/sparc-gaisler-elf/10.2.0/mfix-b2bst/mfix-tn0013/flat/libgcc.a(_divsi3.o)
 .debug_aranges
                0x0000000000000a18       0x20 /home/fsw/rep/tasa/lib/bcc-2.2.3-gcc/bin/../lib/gcc/sparc-gaisler-elf/10.2.0/mfix-b2bst/mfix-tn0013/flat/libgcc.a(_modsi3.o)
 .debug_aranges
                0x0000000000000a38       0x20 /home/fsw/rep/tasa/lib/bcc-2.2.3-gcc/bin/../lib/gcc/sparc-gaisler-elf/10.2.0/mfix-b2bst/mfix-tn0013/flat/libgcc.a(_udivdi3.o)
 .debug_aranges
                0x0000000000000a58       0x20 /home/fsw/rep/tasa/lib/bcc-2.2.3-gcc/bin/../lib/gcc/sparc-gaisler-elf/10.2.0/mfix-b2bst/mfix-tn0013/flat/libgcc.a(_umoddi3.o)
 .debug_aranges
                0x0000000000000a78       0x18 /home/fsw/rep/tasa/lib/bcc-2.2.3-gcc/bin/../lib/gcc/sparc-gaisler-elf/10.2.0/mfix-b2bst/mfix-tn0013/flat/libgcc.a(_clz.o)

.debug_pubnames
 *(.debug_pubnames)

.debug_info     0x0000000000000000    0x21fc7
 *(.debug_info)
 .debug_info    0x0000000000000000       0x26 /home/fsw/rep/tasa/lib/bcc-2.2.3-gcc/bin/../sparc-gaisler-elf/bsp/leon3/mfix-b2bst/mfix-tn0013/flat/trap_table_mvt.S.o
 .debug_info    0x0000000000000026       0x26 /home/fsw/rep/tasa/lib/bcc-2.2.3-gcc/bin/../sparc-gaisler-elf/bsp/leon3/mfix-b2bst/mfix-tn0013/flat/crt0.S.o