Archive member included to satisfy reference by file (symbol)

/home/fsw/rep/tasa/lib/bcc-2.2.3-gcc/bin/../sparc-gaisler-elf/bsp/gr712rc/leon3/mfix-gr712rc/libbcc.a(reset_trap_mvt.S.o)
                              /home/fsw/rep/tasa/lib/bcc-2.2.3-gcc/bin/../sparc-gaisler-elf/bsp/gr712rc/leon3/mfix-gr712rc/trap_table_mvt_tn0018.S.o (__bcc_trap_reset_mvt)
/home/fsw/rep/tasa/lib/bcc-2.2.3-gcc/bin/../sparc-gaisler-elf/bsp/gr712rc/leon3/mfix-gr712rc/libbcc.a(window_trap.S.o)
                              /home/fsw/rep/tasa/lib/bcc-2.2.3-gcc/bin/../sparc-gaisler-elf/bsp/gr712rc/leon3/mfix-gr712rc/trap_table_mvt_tn0018.S.o (__bcc_trap_window_overflow)
/home/fsw/rep/tasa/lib/bcc-2.2.3-gcc/bin/../sparc-gaisler-elf/bsp/gr712rc/leon3/mfix-gr712rc/libbcc.a(flush_windows_trap.S.o)
                              /home/fsw/rep/tasa/lib/bcc-2.2.3-gcc/bin/../sparc-gaisler-elf/bsp/gr712rc/leon3/mfix-gr712rc/trap_table_mvt_tn0018.S.o (__bcc_trap_flush_windows)
/home/fsw/rep/tasa/lib/bcc-2.2.3-gcc/bin/../sparc-gaisler-elf/bsp/gr712rc/leon3/mfix-gr712rc/libbcc.a(sw_trap_set_pil.S.o)
                              /home/fsw/rep/tasa/lib/bcc-2.2.3-gcc/bin/../sparc-gaisler-elf/bsp/gr712rc/leon3/mfix-gr712rc/trap_table_mvt_tn0018.S.o (__bcc_trap_sw_set_pil)
/home/fsw/rep/tasa/lib/bcc-2.2.3-gcc/bin/../sparc-gaisler-elf/bsp/gr712rc/leon3/mfix-gr712rc/libbcc.a(init.S.o)
                              /home/fsw/rep/tasa/lib/bcc-2.2.3-gcc/bin/../sparc-gaisler-elf/bsp/gr712rc/leon3/mfix-gr712rc/libbcc.a(reset_trap_mvt.S.o) (__bcc_init40)
/home/fsw/rep/tasa/lib/bcc-2.2.3-gcc/bin/../sparc-gaisler-elf/bsp/gr712rc/leon3/mfix-gr712rc/libbcc.a(leon_info.S.o)
                              /home/fsw/rep/tasa/lib/bcc-2.2.3-gcc/bin/../sparc-gaisler-elf/bsp/gr712rc/leon3/mfix-gr712rc/crt0.S.o (__bcc_get_leon_info)
/home/fsw/rep/tasa/lib/bcc-2.2.3-gcc/bin/../sparc-gaisler-elf/bsp/gr712rc/leon3/mfix-gr712rc/libbcc.a(dwzero.S.o)
                              /home/fsw/rep/tasa/lib/bcc-2.2.3-gcc/bin/../sparc-gaisler-elf/bsp/gr712rc/leon3/mfix-gr712rc/crt0.S.o (bcc_dwzero)
/home/fsw/rep/tasa/lib/bcc-2.2.3-gcc/bin/../sparc-gaisler-elf/bsp/gr712rc/leon3/mfix-gr712rc/libbcc.a(copy_data.c.o)
                              /home/fsw/rep/tasa/lib/bcc-2.2.3-gcc/bin/../sparc-gaisler-elf/bsp/gr712rc/leon3/mfix-gr712rc/crt0.S.o (__bcc_copy_data)
/home/fsw/rep/tasa/lib/bcc-2.2.3-gcc/bin/../sparc-gaisler-elf/bsp/gr712rc/leon3/mfix-gr712rc/libbcc.a(argv.c.o)
                              /home/fsw/rep/tasa/lib/bcc-2.2.3-gcc/bin/../sparc-gaisler-elf/bsp/gr712rc/leon3/mfix-gr712rc/crt0.S.o (__bcc_argvp)
/home/fsw/rep/tasa/lib/bcc-2.2.3-gcc/bin/../sparc-gaisler-elf/bsp/gr712rc/leon3/mfix-gr712rc/libbcc.a(interrupt_trap_tn0018.S.o)
                              /home/fsw/rep/tasa/lib/bcc-2.2.3-gcc/bin/../sparc-gaisler-elf/bsp/gr712rc/leon3/mfix-gr712rc/trap_table_mvt_tn0018.S.o (__bcc_trap_interrupt_tn0018)
/home/fsw/rep/tasa/lib/bcc-2.2.3-gcc/bin/../sparc-gaisler-elf/bsp/gr712rc/leon3/mfix-gr712rc/libbcc.a(int_irqmp_get_source.c.o)
                              /home/fsw/rep/tasa/lib/bcc-2.2.3-gcc/bin/../sparc-gaisler-elf/bsp/gr712rc/leon3/mfix-gr712rc/libbcc.a(interrupt_trap_tn0018.S.o) (__bcc_int_get_source)
/home/fsw/rep/tasa/lib/bcc-2.2.3-gcc/bin/../sparc-gaisler-elf/bsp/gr712rc/leon3/mfix-gr712rc/libbcc.a(int_irqmp_mp.c.o)
                              /tmp/ccz8Gv4L.o (bcc_get_cpu_count)
/home/fsw/rep/tasa/lib/bcc-2.2.3-gcc/bin/../sparc-gaisler-elf/bsp/gr712rc/leon3/mfix-gr712rc/libbcc.a(int_irqmp_init.c.o)
                              /home/fsw/rep/tasa/lib/bcc-2.2.3-gcc/bin/../sparc-gaisler-elf/bsp/gr712rc/leon3/mfix-gr712rc/crt0.S.o (__bcc_int_init)
/home/fsw/rep/tasa/lib/bcc-2.2.3-gcc/bin/../sparc-gaisler-elf/bsp/gr712rc/leon3/mfix-gr712rc/libbcc.a(con_apbuart_init.c.o)
                              /home/fsw/rep/tasa/lib/bcc-2.2.3-gcc/bin/../sparc-gaisler-elf/bsp/gr712rc/leon3/mfix-gr712rc/crt0.S.o (__bcc_con_init)
/home/fsw/rep/tasa/lib/bcc-2.2.3-gcc/bin/../sparc-gaisler-elf/bsp/gr712rc/leon3/mfix-gr712rc/libbcc.a(timer_gptimer_init.c.o)
                              /home/fsw/rep/tasa/lib/bcc-2.2.3-gcc/bin/../sparc-gaisler-elf/bsp/gr712rc/leon3/mfix-gr712rc/crt0.S.o (__bcc_timer_init)
/home/fsw/rep/tasa/lib/bcc-2.2.3-gcc/bin/../sparc-gaisler-elf/bsp/gr712rc/leon3/mfix-gr712rc/libbcc.a(isr.c.o)
                              /home/fsw/rep/tasa/lib/bcc-2.2.3-gcc/bin/../sparc-gaisler-elf/bsp/gr712rc/leon3/mfix-gr712rc/libbcc.a(interrupt_trap_tn0018.S.o) (__bcc_isr_list)
/home/fsw/rep/tasa/lib/bcc-2.2.3-gcc/bin/../sparc-gaisler-elf/bsp/gr712rc/leon3/mfix-gr712rc/libbcc.a(int_nest.c.o)
                              /home/fsw/rep/tasa/lib/bcc-2.2.3-gcc/bin/../sparc-gaisler-elf/bsp/gr712rc/leon3/mfix-gr712rc/libbcc.a(interrupt_trap_tn0018.S.o) (__bcc_int_nest)
/home/fsw/rep/tasa/lib/bcc-2.2.3-gcc/bin/../sparc-gaisler-elf/bsp/gr712rc/leon3/mfix-gr712rc/libbcc.a(int_irqmp_handle.c.o)
[...]
Memory Configuration

Name             Origin             Length             Attributes
rom              0x0000000000000000 0x0000000020000000
ram              0x0000000040000000 0x0000000040000000
ahbram           0x00000000a0000000 0x0000000000030000
*default*        0x0000000000000000 0xffffffffffffffff

Linker script and memory map

LOAD /home/fsw/rep/tasa/lib/bcc-2.2.3-gcc/bin/../sparc-gaisler-elf/bsp/gr712rc/leon3/mfix-gr712rc/trap_table_mvt_tn0018.S.o
LOAD /home/fsw/rep/tasa/lib/bcc-2.2.3-gcc/bin/../sparc-gaisler-elf/bsp/gr712rc/leon3/mfix-gr712rc/crt0.S.o
LOAD /home/fsw/rep/tasa/lib/bcc-2.2.3-gcc/bin/../lib/gcc/sparc-gaisler-elf/10.2.0/leon3/mfix-gr712rc/crti.o
LOAD /home/fsw/rep/tasa/lib/bcc-2.2.3-gcc/bin/../lib/gcc/sparc-gaisler-elf/10.2.0/leon3/mfix-gr712rc/crtbegin.o
Address of section .text set to 0x40001000
LOAD /tmp/ccz8Gv4L.o
                0x0000000000000000                PROVIDE (__bcc_cfg_skip_clear_bss = 0x0)

.text           0x0000000040001000     0xe5b0
 CREATE_OBJECT_SYMBOLS
                0x0000000040001000                __text_start = .
                0x0000000040001000                . = ALIGN (0x1000)
 *(.text.traptable)
 .text.traptable
                0x0000000040001000     0x1000 /home/fsw/rep/tasa/lib/bcc-2.2.3-gcc/bin/../sparc-gaisler-elf/bsp/gr712rc/leon3/mfix-gr712rc/trap_table_mvt_tn0018.S.o
                0x0000000040001000                __bcc_trap_table
                0x0000000040001000                __bcc_entry_point
 *(.text .text.*)
 .text          0x0000000040002000        0x0 /home/fsw/rep/tasa/lib/bcc-2.2.3-gcc/bin/../sparc-gaisler-elf/bsp/gr712rc/leon3/mfix-gr712rc/trap_table_mvt_tn0018.S.o
 .text          0x0000000040002000       0xc8 /home/fsw/rep/tasa/lib/bcc-2.2.3-gcc/bin/../sparc-gaisler-elf/bsp/gr712rc/leon3/mfix-gr712rc/crt0.S.o
                0x0000000040002000                __bcc_crt0
 .text          0x00000000400020c8        0x0 /home/fsw/rep/tasa/lib/bcc-2.2.3-gcc/bin/../lib/gcc/sparc-gaisler-elf/10.2.0/leon3/mfix-gr712rc/crti.o
 .text          0x00000000400020c8      0x184 /home/fsw/rep/tasa/lib/bcc-2.2.3-gcc/bin/../lib/gcc/sparc-gaisler-elf/10.2.0/leon3/mfix-gr712rc/crtbegin.o
 .text          0x000000004000224c        0x0 /tmp/ccz8Gv4L.o
 .text.startup  0x000000004000224c      0x1a4 /tmp/ccz8Gv4L.o
                0x000000004000224c                main
 .text          0x00000000400023f0       0x90 /home/fsw/rep/tasa/lib/bcc-2.2.3-gcc/bin/../sparc-gaisler-elf/bsp/gr712rc/leon3/mfix-gr712rc/libbcc.a(reset_trap_mvt.S.o)
                0x00000000400023f0                __bcc_trap_reset_mvt
 .text          0x0000000040002480       0xb0 /home/fsw/rep/tasa/lib/bcc-2.2.3-gcc/bin/../sparc-gaisler-elf/bsp/gr712rc/leon3/mfix-gr712rc/libbcc.a(window_trap.S.o)
                0x0000000040002480                __bcc_trap_window_overflow
                0x00000000400024d0                __bcc_trap_window_underflow
 .text          0x0000000040002530       0x8c /home/fsw/rep/tasa/lib/bcc-2.2.3-gcc/bin/../sparc-gaisler-elf/bsp/gr712rc/leon3/mfix-gr712rc/libbcc.a(flush_windows_trap.S.o)
                0x0000000040002530                __bcc_trap_flush_windows
 .text          0x00000000400025bc       0x2c /home/fsw/rep/tasa/lib/bcc-2.2.3-gcc/bin/../sparc-gaisler-elf/bsp/gr712rc/leon3/mfix-gr712rc/libbcc.a(sw_trap_set_pil.S.o)
                0x00000000400025bc                __bcc_trap_sw_set_pil
 .text          0x00000000400025e8        0x8 /home/fsw/rep/tasa/lib/bcc-2.2.3-gcc/bin/../sparc-gaisler-elf/bsp/gr712rc/leon3/mfix-gr712rc/libbcc.a(init.S.o)
                0x00000000400025e8                __bcc_init50
                0x00000000400025e8                __bcc_init40
                0x00000000400025e8                __bcc_init70
                0x00000000400025e8                __bcc_init60
 .text          0x00000000400025f0       0x98 /home/fsw/rep/tasa/lib/bcc-2.2.3-gcc/bin/../sparc-gaisler-elf/bsp/gr712rc/leon3/mfix-gr712rc/libbcc.a(leon_info.S.o)
                0x00000000400025f0                __bcc_get_leon_info
                0x0000000040002678                bcc_get_cpuid
 .text          0x0000000040002688       0x2c /home/fsw/rep/tasa/lib/bcc-2.2.3-gcc/bin/../sparc-gaisler-elf/bsp/gr712rc/leon3/mfix-gr712rc/libbcc.a(dwzero.S.o)
                0x0000000040002688                bcc_dwzero
 .text          0x00000000400026b4       0x5c /home/fsw/rep/tasa/lib/bcc-2.2.3-gcc/bin/../sparc-gaisler-elf/bsp/gr712rc/leon3/mfix-gr712rc/libbcc.a(copy_data.c.o)
                0x00000000400026b4                __bcc_copy_data
 .text          0x0000000040002710        0x0 /home/fsw/rep/tasa/lib/bcc-2.2.3-gcc/bin/../sparc-gaisler-elf/bsp/gr712rc/leon3/mfix-gr712rc/libbcc.a(argv.c.o)
 *fill*         0x0000000040002710       0x10 
 .text          0x0000000040002720      0x200 /home/fsw/rep/tasa/lib/bcc-2.2.3-gcc/bin/../sparc-gaisler-elf/bsp/gr712rc/leon3/mfix-gr712rc/libbcc.a(interrupt_trap_tn0018.S.o)
                0x0000000040002720                __bcc_trap_interrupt_svt_tn0018
                0x0000000040002724                __bcc_trap_interrupt_tn0018
 .text          0x0000000040002920       0x48 /home/fsw/rep/tasa/lib/bcc-2.2.3-gcc/bin/../sparc-gaisler-elf/bsp/gr712rc/leon3/mfix-gr712rc/libbcc.a(int_irqmp_get_source.c.o)
                0x0000000040002920                __bcc_int_get_source
 .text          0x0000000040002968       0x9c /home/fsw/rep/tasa/lib/bcc-2.2.3-gcc/bin/../sparc-gaisler-elf/bsp/gr712rc/leon3/mfix-gr712rc/libbcc.a(int_irqmp_mp.c.o)
                0x0000000040002968                bcc_send_interrupt
                0x00000000400029a4                bcc_get_cpu_count
                0x00000000400029d0                bcc_start_processor
 .text          0x0000000040002a04        0x8 /home/fsw/rep/tasa/lib/bcc-2.2.3-gcc/bin/../sparc-gaisler-elf/bsp/gr712rc/leon3/mfix-gr712rc/libbcc.a(int_irqmp_init.c.o)
                0x0000000040002a04                __bcc_int_init
 .text          0x0000000040002a0c        0x8 /home/fsw/rep/tasa/lib/bcc-2.2.3-gcc/bin/../sparc-gaisler-elf/bsp/gr712rc/leon3/mfix-gr712rc/libbcc.a(con_apbuart_init.c.o)
                0x0000000040002a0c                __bcc_con_init
 .text          0x0000000040002a14        0x8 /home/fsw/rep/tasa/lib/bcc-2.2.3-gcc/bin/../sparc-gaisler-elf/bsp/gr712rc/leon3/mfix-gr712rc/libbcc.a(timer_gptimer_init.c.o)
                0x0000000040002a14                __bcc_timer_init
 .text          0x0000000040002a1c        0x0 /home/fsw/rep/tasa/lib/bcc-2.2.3-gcc/bin/../sparc-gaisler-elf/bsp/gr712rc/leon3/mfix-gr712rc/libbcc.a(isr.c.o)
 .text          0x0000000040002a1c        0x0 /home/fsw/rep/tasa/lib/bcc-2.2.3-gcc/bin/../sparc-gaisler-elf/bsp/gr712rc/leon3/mfix-gr712rc/libbcc.a(int_nest.c.o)
 .text          0x0000000040002a1c        0x0 /home/fsw/rep/tasa/lib/bcc-2.2.3-gcc/bin/../sparc-gaisler-elf/bsp/gr712rc/leon3/mfix-gr712rc/libbcc.a(int_irqmp_handle.c.o)
 .text          0x0000000040002a1c       0x1c /home/fsw/rep/tasa/lib/bcc-2.2.3-gcc/bin/../lib/gcc/sparc-gaisler-elf/10.2.0/../../../../sparc-gaisler-elf/lib/leon3/mfix-gr712rc/libc.a(lib_a-atexit.o)
                0x0000000040002a1c                atexit
 .text          0x0000000040002a38       0x3c /home/fsw/rep/tasa/lib/bcc-2.2.3-gcc/bin/../lib/gcc/sparc-gaisler-elf/10.2.0/../../../../sparc-gaisler-elf/lib/leon3/mfix-gr712rc/libc.a(lib_a-exit.o)
                0x0000000040002a38                exit
 .text          0x0000000040002a74        0x0 /home/fsw/rep/tasa/lib/bcc-2.2.3-gcc/bin/../lib/gcc/sparc-gaisler-elf/10.2.0/../../../../sparc-gaisler-elf/lib/leon3/mfix-gr712rc/libc.a(lib_a-impure.o)
 .text          0x0000000040002a74      0x104 /home/fsw/rep/tasa/lib/bcc-2.2.3-gcc/bin/../lib/gcc/sparc-gaisler-elf/10.2.0/../../../../sparc-gaisler-elf/lib/leon3/mfix-gr712rc/libc.a(lib_a-printf.o)
                0x0000000040002a74                _printf_r
                0x0000000040002af0                printf
 .text          0x0000000040002b78       0x88 /home/fsw/rep/tasa/lib/bcc-2.2.3-gcc/bin/../lib/gcc/sparc-gaisler-elf/10.2.0/../../../../sparc-gaisler-elf/lib/leon3/mfix-gr712rc/libc.a(lib_a-putchar.o)
                0x0000000040002b78                _putchar_r
                0x0000000040002bb8                putchar
 .text          0x0000000040002c00      0x270 /home/fsw/rep/tasa/lib/bcc-2.2.3-gcc/bin/../lib/gcc/sparc-gaisler-elf/10.2.0/../../../../sparc-gaisler-elf/lib/leon3/mfix-gr712rc/libc.a(lib_a-puts.o)
                0x0000000040002c00                _puts_r
                0x0000000040002d34                puts
 .text          0x0000000040002e70       0xa8 /home/fsw/rep/tasa/lib/bcc-2.2.3-gcc/bin/../lib/gcc/sparc-gaisler-elf/10.2.0/../../../../sparc-gaisler-elf/lib/leon3/mfix-gr712rc/libc.a(lib_a-strlen.o)
                0x0000000040002e70                strlen
 .text          0x0000000040002f18     0x2eec /home/fsw/rep/tasa/lib/bcc-2.2.3-gcc/bin/../lib/gcc/sparc-gaisler-elf/10.2.0/../../../../sparc-gaisler-elf/lib/leon3/mfix-gr712rc/libc.a(lib_a-vfprintf.o)
                0x0000000040003084                _vfprintf_r
                0x0000000040005d2c                vfprintf
 .text          0x0000000040005e04      0x1cc /home/fsw/rep/tasa/lib/bcc-2.2.3-gcc/bin/../lib/gcc/sparc-gaisler-elf/10.2.0/../../../../sparc-gaisler-elf/lib/leon3/mfix-gr712rc/libc.a(lib_a-wsetup.o)
                0x0000000040005e04                __swsetup_r
 .text          0x0000000040005fd0      0x170 /home/fsw/rep/tasa/lib/bcc-2.2.3-gcc/bin/../lib/gcc/sparc-gaisler-elf/10.2.0/../../../../sparc-gaisler-elf/lib/leon3/mfix-gr712rc/libc.a(lib_a-__atexit.o)
                0x0000000040005fd0                __register_exitproc
 .text          0x0000000040006140      0x2bc /home/fsw/rep/tasa/lib/bcc-2.2.3-gcc/bin/../lib/gcc/sparc-gaisler-elf/10.2.0/../../../../sparc-gaisler-elf/lib/leon3/mfix-gr712rc/libc.a(lib_a-__call_atexit.o)
                0x0000000040006140                __call_exitprocs
 .text          0x00000000400063fc     0x1514 /home/fsw/rep/tasa/lib/bcc-2.2.3-gcc/bin/../lib/gcc/sparc-gaisler-elf/10.2.0/../../../../sparc-gaisler-elf/lib/leon3/mfix-gr712rc/libc.a(lib_a-dtoa.o)
                0x00000000400065f0                _dtoa_r
 .text          0x0000000040007910      0x3f4 /home/fsw/rep/tasa/lib/bcc-2.2.3-gcc/bin/../lib/gcc/sparc-gaisler-elf/10.2.0/../../../../sparc-gaisler-elf/lib/leon3/mfix-gr712rc/libc.a(lib_a-fflush.o)
                0x0000000040007910                __sflush_r
                0x0000000040007b84                _fflush_r
                0x0000000040007c24                fflush
 .text          0x0000000040007d04      0x394 /home/fsw/rep/tasa/lib/bcc-2.2.3-gcc/bin/../lib/gcc/sparc-gaisler-elf/10.2.0/../../../../sparc-gaisler-elf/lib/leon3/mfix-gr712rc/libc.a(lib_a-findfp.o)
                0x0000000040007d04                _cleanup_r
                0x0000000040007d18                __sfmoreglue
                0x0000000040007d60                __sfp
                0x0000000040008058                _cleanup
                0x0000000040008074                __sinit
 .text          0x0000000040008098      0x424 /home/fsw/rep/tasa/lib/bcc-2.2.3-gcc/bin/../lib/gcc/sparc-gaisler-elf/10.2.0/../../../../sparc-gaisler-elf/lib/leon3/mfix-gr712rc/libc.a(lib_a-freer.o)
                0x0000000040008098                _malloc_trim_r
                0x000000004000818c                _free_r
 .text          0x00000000400084bc      0x50c /home/fsw/rep/tasa/lib/bcc-2.2.3-gcc/bin/../lib/gcc/sparc-gaisler-elf/10.2.0/../../../../sparc-gaisler-elf/lib/leon3/mfix-gr712rc/libc.a(lib_a-fvwrite.o)
                0x00000000400084bc                __sfvwrite_r
 .text          0x00000000400089c8       0xe0 /home/fsw/rep/tasa/lib/bcc-2.2.3-gcc/bin/../lib/gcc/sparc-gaisler-elf/10.2.0/../../../../sparc-gaisler-elf/lib/leon3/mfix-gr712rc/libc.a(lib_a-fwalk.o)
                0x00000000400089c8                _fwalk
                0x0000000040008a38                _fwalk_reent
 .text          0x0000000040008aa8       0x60 /home/fsw/rep/tasa/lib/bcc-2.2.3-gcc/bin/../lib/gcc/sparc-gaisler-elf/10.2.0/../../../../sparc-gaisler-elf/lib/leon3/mfix-gr712rc/libc.a(lib_a-localeconv.o)
                0x0000000040008aa8                __localeconv_l
                0x0000000040008ab0                _localeconv_r
                0x0000000040008adc                localeconv
 .text          0x0000000040008b08      0x1f8 /home/fsw/rep/tasa/lib/bcc-2.2.3-gcc/bin/../lib/gcc/sparc-gaisler-elf/10.2.0/../../../../sparc-gaisler-elf/lib/leon3/mfix-gr712rc/libc.a(lib_a-makebuf.o)
                0x0000000040008b08                __smakebuf_r
                0x0000000040008c78                __swhatbuf_r
 .text          0x0000000040008d00       0x30 /home/fsw/rep/tasa/lib/bcc-2.2.3-gcc/bin/../lib/gcc/sparc-gaisler-elf/10.2.0/../../../../sparc-gaisler-elf/lib/leon3/mfix-gr712rc/libc.a(lib_a-malloc.o)
                0x0000000040008d00                malloc
                0x0000000040008d18                free
 .text          0x0000000040008d30      0x82c /home/fsw/rep/tasa/lib/bcc-2.2.3-gcc/bin/../lib/gcc/sparc-gaisler-elf/10.2.0/../../../../sparc-gaisler-elf/lib/leon3/mfix-gr712rc/libc.a(lib_a-mallocr.o)
                0x0000000040008d30                _malloc_r
 .text          0x000000004000955c       0xf8 /home/fsw/rep/tasa/lib/bcc-2.2.3-gcc/bin/../lib/gcc/sparc-gaisler-elf/10.2.0/../../../../sparc-gaisler-elf/lib/leon3/mfix-gr712rc/libc.a(lib_a-memchr.o)
                0x000000004000955c                memchr
 .text          0x0000000040009654      0x1bc /home/fsw/rep/tasa/lib/bcc-2.2.3-gcc/bin/../lib/gcc/sparc-gaisler-elf/10.2.0/../../../../sparc-gaisler-elf/lib/leon3/mfix-gr712rc/libc.a(lib_a-memcpy.o)
                0x0000000040009654                memcpy
 .text          0x0000000040009810      0x210 /home/fsw/rep/tasa/lib/bcc-2.2.3-gcc/bin/../lib/gcc/sparc-gaisler-elf/10.2.0/../../../../sparc-gaisler-elf/lib/leon3/mfix-gr712rc/libc.a(lib_a-memmove.o)
                0x0000000040009810                memmove
 .text          0x0000000040009a20      0x134 /home/fsw/rep/tasa/lib/bcc-2.2.3-gcc/bin/../lib/gcc/sparc-gaisler-elf/10.2.0/../../../../sparc-gaisler-elf/lib/leon3/mfix-gr712rc/libc.a(lib_a-memset.o)
                0x0000000040009a20                memset
 .text          0x0000000040009b54       0x10 /home/fsw/rep/tasa/lib/bcc-2.2.3-gcc/bin/../lib/gcc/sparc-gaisler-elf/10.2.0/../../../../sparc-gaisler-elf/lib/leon3/mfix-gr712rc/libc.a(lib_a-mlock.o)
                0x0000000040009b54                __malloc_lock
                0x0000000040009b5c                __malloc_unlock
 .text          0x0000000040009b64     0x1724 /home/fsw/rep/tasa/lib/bcc-2.2.3-gcc/bin/../lib/gcc/sparc-gaisler-elf/10.2.0/../../../../sparc-gaisler-elf/lib/leon3/mfix-gr712rc/libc.a(lib_a-mprec.o)
                0x0000000040009b64                _Balloc
                0x0000000040009c38                _Bfree
                0x0000000040009c9c                __multadd
                0x0000000040009db4                __s2b
                0x0000000040009ea0                __hi0bits
                0x0000000040009f30                __lo0bits
                0x000000004000a00c                __i2b
                0x000000004000a0fc                __multiply
                0x000000004000a32c                __pow5mult
                0x000000004000a4c4                __lshift
                0x000000004000a68c                __mcmp
                0x000000004000a6f4                __mdiff
                0x000000004000a914                __ulp
                0x000000004000a9a4                __b2d
                0x000000004000ab44                __d2b
                0x000000004000af20                __ratio
                0x000000004000b140                _mprec_log10
                0x000000004000b180                __copybits
                0x000000004000b204                __any_on
 .text          0x000000004000b288      0x1d4 /home/fsw/rep/tasa/lib/bcc-2.2.3-gcc/bin/../lib/gcc/sparc-gaisler-elf/10.2.0/../../../../sparc-gaisler-elf/lib/leon3/mfix-gr712rc/libc.a(lib_a-putc.o)
                0x000000004000b288                _putc_r
                0x000000004000b368                putc
 .text          0x000000004000b45c      0x53c /home/fsw/rep/tasa/lib/bcc-2.2.3-gcc/bin/../lib/gcc/sparc-gaisler-elf/10.2.0/../../../../sparc-gaisler-elf/lib/leon3/mfix-gr712rc/libc.a(lib_a-reallocr.o)
                0x000000004000b45c                _realloc_r
 .text          0x000000004000b998       0x98 /home/fsw/rep/tasa/lib/bcc-2.2.3-gcc/bin/../lib/gcc/sparc-gaisler-elf/10.2.0/../../../../sparc-gaisler-elf/lib/leon3/mfix-gr712rc/libc.a(lib_a-s_frexp.o)
                0x000000004000b998                frexp
 .text          0x000000004000ba30       0x40 /home/fsw/rep/tasa/lib/bcc-2.2.3-gcc/bin/../lib/gcc/sparc-gaisler-elf/10.2.0/../../../../sparc-gaisler-elf/lib/leon3/mfix-gr712rc/libc.a(lib_a-sbrkr.o)
                0x000000004000ba30                _sbrk_r
 .text          0x000000004000ba70      0x118 /home/fsw/rep/tasa/lib/bcc-2.2.3-gcc/bin/../lib/gcc/sparc-gaisler-elf/10.2.0/../../../../sparc-gaisler-elf/lib/leon3/mfix-gr712rc/libc.a(lib_a-stdio.o)
                0x000000004000ba70                __sread
                0x000000004000babc                __seofread
                0x000000004000bac4                __swrite
                0x000000004000bb20                __sseek
                0x000000004000bb78                __sclose
 .text          0x000000004000bb88      0x1c0 /home/fsw/rep/tasa/lib/bcc-2.2.3-gcc/bin/../lib/gcc/sparc-gaisler-elf/10.2.0/../../../../sparc-gaisler-elf/lib/leon3/mfix-gr712rc/libc.a(lib_a-strncpy.o)
                0x000000004000bb88                strncpy
 .text          0x000000004000bd48     0x1f70 /home/fsw/rep/tasa/lib/bcc-2.2.3-gcc/bin/../lib/gcc/sparc-gaisler-elf/10.2.0/../../../../sparc-gaisler-elf/lib/leon3/mfix-gr712rc/libc.a(lib_a-vfiprintf.o)
                0x000000004000beb4                __sprint_r
                0x000000004000bf80                _vfiprintf_r
                0x000000004000dbe0                vfiprintf
 .text          0x000000004000dcb8      0x35c /home/fsw/rep/tasa/lib/bcc-2.2.3-gcc/bin/../lib/gcc/sparc-gaisler-elf/10.2.0/../../../../sparc-gaisler-elf/lib/leon3/mfix-gr712rc/libc.a(lib_a-wbuf.o)
                0x000000004000dcb8                __swbuf_r
                0x000000004000de60                __swbuf
 .text          0x000000004000e014       0x48 /home/fsw/rep/tasa/lib/bcc-2.2.3-gcc/bin/../lib/gcc/sparc-gaisler-elf/10.2.0/../../../../sparc-gaisler-elf/lib/leon3/mfix-gr712rc/libc.a(lib_a-writer.o)
                0x000000004000e014                _write_r
 .text          0x000000004000e05c       0x98 /home/fsw/rep/tasa/lib/bcc-2.2.3-gcc/bin/../lib/gcc/sparc-gaisler-elf/10.2.0/../../../../sparc-gaisler-elf/lib/leon3/mfix-gr712rc/libc.a(lib_a-callocr.o)
                0x000000004000e05c                _calloc_r
 .text          0x000000004000e0f4       0x40 /home/fsw/rep/tasa/lib/bcc-2.2.3-gcc/bin/../lib/gcc/sparc-gaisler-elf/10.2.0/../../../../sparc-gaisler-elf/lib/leon3/mfix-gr712rc/libc.a(lib_a-closer.o)
                0x000000004000e0f4                _close_r
 .text          0x000000004000e134      0x294 /home/fsw/rep/tasa/lib/bcc-2.2.3-gcc/bin/../lib/gcc/sparc-gaisler-elf/10.2.0/../../../../sparc-gaisler-elf/lib/leon3/mfix-gr712rc/libc.a(lib_a-fclose.o)
                0x000000004000e134                _fclose_r
                0x000000004000e27c                fclose
 .text          0x000000004000e3c8      0x1e0 /home/fsw/rep/tasa/lib/bcc-2.2.3-gcc/bin/../lib/gcc/sparc-gaisler-elf/10.2.0/../../../../sparc-gaisler-elf/lib/leon3/mfix-gr712rc/libc.a(lib_a-fputwc.o)
                0x000000004000e3c8                __fputwc
                0x000000004000e4bc                _fputwc_r
                0x000000004000e4ec                fputwc
 .text          0x000000004000e5a8       0x44 /home/fsw/rep/tasa/lib/bcc-2.2.3-gcc/bin/../lib/gcc/sparc-gaisler-elf/10.2.0/../../../../sparc-gaisler-elf/lib/leon3/mfix-gr712rc/libc.a(lib_a-fstatr.o)
                0x000000004000e5a8                _fstat_r
 .text          0x000000004000e5ec       0x40 /home/fsw/rep/tasa/lib/bcc-2.2.3-gcc/bin/../lib/gcc/sparc-gaisler-elf/10.2.0/../../../../sparc-gaisler-elf/lib/leon3/mfix-gr712rc/libc.a(lib_a-isattyr.o)
                0x000000004000e5ec                _isatty_r
 .text          0x000000004000e62c      0x148 /home/fsw/rep/tasa/lib/bcc-2.2.3-gcc/bin/../lib/gcc/sparc-gaisler-elf/10.2.0/../../../../sparc-gaisler-elf/lib/leon3/mfix-gr712rc/libc.a(lib_a-locale.o)
                0x000000004000e62c                _setlocale_r
                0x000000004000e6a0                __locale_mb_cur_max
                0x000000004000e6cc                __locale_ctype_ptr_l
                0x000000004000e6d4                __locale_ctype_ptr
                0x000000004000e700                setlocale
 .text          0x000000004000e774       0x48 /home/fsw/rep/tasa/lib/bcc-2.2.3-gcc/bin/../lib/gcc/sparc-gaisler-elf/10.2.0/../../../../sparc-gaisler-elf/lib/leon3/mfix-gr712rc/libc.a(lib_a-lseekr.o)
                0x000000004000e774                _lseek_r
 .text          0x000000004000e7bc       0xb8 /home/fsw/rep/tasa/lib/bcc-2.2.3-gcc/bin/../lib/gcc/sparc-gaisler-elf/10.2.0/../../../../sparc-gaisler-elf/lib/leon3/mfix-gr712rc/libc.a(lib_a-mbtowc_r.o)
                0x000000004000e7bc                _mbtowc_r
                0x000000004000e820                __ascii_mbtowc
 .text          0x000000004000e874       0x48 /home/fsw/rep/tasa/lib/bcc-2.2.3-gcc/bin/../lib/gcc/sparc-gaisler-elf/10.2.0/../../../../sparc-gaisler-elf/lib/leon3/mfix-gr712rc/libc.a(lib_a-readr.o)
                0x000000004000e874                _read_r
 .text          0x000000004000e8bc      0x31c /home/fsw/rep/tasa/lib/bcc-2.2.3-gcc/bin/../lib/gcc/sparc-gaisler-elf/10.2.0/../../../../sparc-gaisler-elf/lib/leon3/mfix-gr712rc/libc.a(lib_a-reent.o)
                0x000000004000e8bc                cleanup_glue
                0x000000004000e934                _reclaim_reent
 .text          0x000000004000ebd8       0xc8 /home/fsw/rep/tasa/lib/bcc-2.2.3-gcc/bin/../lib/gcc/sparc-gaisler-elf/10.2.0/../../../../sparc-gaisler-elf/lib/leon3/mfix-gr712rc/libc.a(lib_a-strcmp.o)
                0x000000004000ebd8                strcmp
 .text          0x000000004000eca0      0x140 /home/fsw/rep/tasa/lib/bcc-2.2.3-gcc/bin/../lib/gcc/sparc-gaisler-elf/10.2.0/../../../../sparc-gaisler-elf/lib/leon3/mfix-gr712rc/libc.a(lib_a-wcrtomb.o)
                0x000000004000eca0                _wcrtomb_r
                0x000000004000ed48                wcrtomb
 .text          0x000000004000ede0       0x9c /home/fsw/rep/tasa/lib/bcc-2.2.3-gcc/bin/../lib/gcc/sparc-gaisler-elf/10.2.0/../../../../sparc-gaisler-elf/lib/leon3/mfix-gr712rc/libc.a(lib_a-wctomb_r.o)
                0x000000004000ede0                _wctomb_r
                0x000000004000ee3c                __ascii_wctomb
 .text          0x000000004000ee7c        0x0 /home/fsw/rep/tasa/lib/bcc-2.2.3-gcc/bin/../lib/gcc/sparc-gaisler-elf/10.2.0/../../../../sparc-gaisler-elf/lib/leon3/mfix-gr712rc/libc.a(lib_a-ctype_.o)
 .text          0x000000004000ee7c       0x10 /home/fsw/rep/tasa/lib/bcc-2.2.3-gcc/bin/../sparc-gaisler-elf/bsp/gr712rc/leon3/mfix-gr712rc/libbcc.a(_exit.S.o)
                0x000000004000ee7c                _exit
 .text          0x000000004000ee8c       0x4c /home/fsw/rep/tasa/lib/bcc-2.2.3-gcc/bin/../sparc-gaisler-elf/bsp/gr712rc/leon3/mfix-gr712rc/libbcc.a(read.c.o)
                0x000000004000ee8c                read
 .text          0x000000004000eed8       0xb0 /home/fsw/rep/tasa/lib/bcc-2.2.3-gcc/bin/../sparc-gaisler-elf/bsp/gr712rc/leon3/mfix-gr712rc/libbcc.a(sbrk.c.o)
                0x000000004000eed8                sbrk
 .text          0x000000004000ef88        0x0 /home/fsw/rep/tasa/lib/bcc-2.2.3-gcc/bin/../sparc-gaisler-elf/bsp/gr712rc/leon3/mfix-gr712rc/libbcc.a(heap.c.o)
 .text          0x000000004000ef88       0x64 /home/fsw/rep/tasa/lib/bcc-2.2.3-gcc/bin/../sparc-gaisler-elf/bsp/gr712rc/leon3/mfix-gr712rc/libbcc.a(write.c.o)
                0x000000004000ef88                write
 .text          0x000000004000efec       0x20 /home/fsw/rep/tasa/lib/bcc-2.2.3-gcc/bin/../sparc-gaisler-elf/bsp/gr712rc/leon3/mfix-gr712rc/libbcc.a(stubs.S.o)
                0x000000004000efec                execve
                0x000000004000efec                lseek
                0x000000004000efec                fstat
                0x000000004000efec                kill
                0x000000004000efec                wait
                0x000000004000efec                unlink
                0x000000004000efec                fork
                0x000000004000efec                stat
                0x000000004000efec                link
                0x000000004000efec                open
                0x000000004000efec                close
                0x000000004000f004                getpid
                0x000000004000f004                isatty
 .text          0x000000004000f00c       0xc4 /home/fsw/rep/tasa/lib/bcc-2.2.3-gcc/bin/../sparc-gaisler-elf/bsp/gr712rc/leon3/mfix-gr712rc/libbcc.a(con_apbuart.c.o)
                0x000000004000f00c                __bcc_con_outbyte
                0x000000004000f09c                __bcc_con_inbyte
 .text          0x000000004000f0d0        0x0 /home/fsw/rep/tasa/lib/bcc-2.2.3-gcc/bin/../sparc-gaisler-elf/bsp/gr712rc/leon3/mfix-gr712rc/libbcc.a(con_handle.c.o)
 .text          0x000000004000f0d0      0x1d0 /home/fsw/rep/tasa/lib/bcc-2.2.3-gcc/bin/../lib/gcc/sparc-gaisler-elf/10.2.0/leon3/mfix-gr712rc/libgcc.a(_udivdi3.o)
                0x000000004000f0d0                __udivdi3
 .text          0x000000004000f2a0      0x1fc /home/fsw/rep/tasa/lib/bcc-2.2.3-gcc/bin/../lib/gcc/sparc-gaisler-elf/10.2.0/leon3/mfix-gr712rc/libgcc.a(_umoddi3.o)
                0x000000004000f2a0                __umoddi3
 .text          0x000000004000f49c        0x0 /home/fsw/rep/tasa/lib/bcc-2.2.3-gcc/bin/../lib/gcc/sparc-gaisler-elf/10.2.0/leon3/mfix-gr712rc/libgcc.a(_clz.o)
 .text          0x000000004000f49c       0x48 /home/fsw/rep/tasa/lib/bcc-2.2.3-gcc/bin/../lib/gcc/sparc-gaisler-elf/10.2.0/leon3/mfix-gr712rc/crtend.o
 .text          0x000000004000f4e4        0x0 /home/fsw/rep/tasa/lib/bcc-2.2.3-gcc/bin/../lib/gcc/sparc-gaisler-elf/10.2.0/leon3/mfix-gr712rc/crtn.o
                0x000000004000f4f0                . = ALIGN (0x10)
 *fill*         0x000000004000f4e4        0xc 
 *(.eh_frame)
 .eh_frame      0x000000004000f4f0        0x0 /home/fsw/rep/tasa/lib/bcc-2.2.3-gcc/bin/../lib/gcc/sparc-gaisler-elf/10.2.0/leon3/mfix-gr712rc/crtbegin.o
 .eh_frame      0x000000004000f4f0       0x28 /home/fsw/rep/tasa/lib/bcc-2.2.3-gcc/bin/../lib/gcc/sparc-gaisler-elf/10.2.0/leon3/mfix-gr712rc/libgcc.a(_udivdi3.o)
 .eh_frame      0x000000004000f518       0x2c /home/fsw/rep/tasa/lib/bcc-2.2.3-gcc/bin/../lib/gcc/sparc-gaisler-elf/10.2.0/leon3/mfix-gr712rc/libgcc.a(_umoddi3.o)
 .eh_frame      0x000000004000f544        0x4 /home/fsw/rep/tasa/lib/bcc-2.2.3-gcc/bin/../lib/gcc/sparc-gaisler-elf/10.2.0/leon3/mfix-gr712rc/crtend.o
                0x000000004000f550                . = ALIGN (0x10)
 *fill*         0x000000004000f548        0x8 
 *(.gnu.linkonce.t*)
                0x000000004000f550                ___CTOR_LIST__ = .
                0x000000004000f550        0x4 LONG 0x2 (((___CTOR_END__ - ___CTOR_LIST__) / 0x4) - 0x2)
 *(SORT_BY_NAME(.ctors.*))
 *(.ctors)
 .ctors         0x000000004000f554        0x4 /home/fsw/rep/tasa/lib/bcc-2.2.3-gcc/bin/../lib/gcc/sparc-gaisler-elf/10.2.0/leon3/mfix-gr712rc/crtbegin.o
 .ctors         0x000000004000f558        0x4 /home/fsw/rep/tasa/lib/bcc-2.2.3-gcc/bin/../lib/gcc/sparc-gaisler-elf/10.2.0/leon3/mfix-gr712rc/crtend.o
                0x000000004000f55c        0x4 LONG 0x0
                0x000000004000f560                ___CTOR_END__ = .
                0x000000004000f560                ___DTOR_LIST__ = .
                0x000000004000f560        0x4 LONG 0x2 (((___DTOR_END__ - ___DTOR_LIST__) / 0x4) - 0x2)
 *(SORT_BY_NAME(.dtors.*))
 *(.dtors)
 .dtors         0x000000004000f564        0x4 /home/fsw/rep/tasa/lib/bcc-2.2.3-gcc/bin/../lib/gcc/sparc-gaisler-elf/10.2.0/leon3/mfix-gr712rc/crtbegin.o
 .dtors         0x000000004000f568        0x4 /home/fsw/rep/tasa/lib/bcc-2.2.3-gcc/bin/../lib/gcc/sparc-gaisler-elf/10.2.0/leon3/mfix-gr712rc/crtend.o
                0x000000004000f568                __DTOR_END__
                0x000000004000f56c        0x4 LONG 0x0
                0x000000004000f570                ___DTOR_END__ = .
 *(.gnu.linkonce*)
 *(.init)
 .init          0x000000004000f570        0x4 /home/fsw/rep/tasa/lib/bcc-2.2.3-gcc/bin/../lib/gcc/sparc-gaisler-elf/10.2.0/leon3/mfix-gr712rc/crti.o
                0x000000004000f570                _init
 .init          0x000000004000f574        0x8 /home/fsw/rep/tasa/lib/bcc-2.2.3-gcc/bin/../lib/gcc/sparc-gaisler-elf/10.2.0/leon3/mfix-gr712rc/crtbegin.o
 .init          0x000000004000f57c        0x8 /home/fsw/rep/tasa/lib/bcc-2.2.3-gcc/bin/../lib/gcc/sparc-gaisler-elf/10.2.0/leon3/mfix-gr712rc/crtend.o
 .init          0x000000004000f584        0xc /home/fsw/rep/tasa/lib/bcc-2.2.3-gcc/bin/../lib/gcc/sparc-gaisler-elf/10.2.0/leon3/mfix-gr712rc/crtn.o
 *(.fini)
 .fini          0x000000004000f590        0x4 /home/fsw/rep/tasa/lib/bcc-2.2.3-gcc/bin/../lib/gcc/sparc-gaisler-elf/10.2.0/leon3/mfix-gr712rc/crti.o
                0x000000004000f590                _fini
 .fini          0x000000004000f594        0x8 /home/fsw/rep/tasa/lib/bcc-2.2.3-gcc/bin/../lib/gcc/sparc-gaisler-elf/10.2.0/leon3/mfix-gr712rc/crtbegin.o
 .fini          0x000000004000f59c        0xc /home/fsw/rep/tasa/lib/bcc-2.2.3-gcc/bin/../lib/gcc/sparc-gaisler-elf/10.2.0/leon3/mfix-gr712rc/crtn.o
 *(.lit)
 *(.shdata)
                0x000000004000f5b0                . = ALIGN (0x10)
 *fill*         0x000000004000f5a8        0x8 
                0x000000004000f5b0                __text_end = .

.gcc_except_table
 *(.gcc_except_table.*)

.rodata         0x000000004000f5b0      0x770
                0x000000004000f5b0                __rodata_start = .
 *(.rodata*)
 .rodata.str1.8
                0x000000004000f5b0       0xff /tmp/ccz8Gv4L.o
 *fill*         0x000000004000f6af        0x1 
 .rodata        0x000000004000f6b0        0x5 /tmp/ccz8Gv4L.o
 *fill*         0x000000004000f6b5        0x3 
 .rodata        0x000000004000f6b8        0x4 /home/fsw/rep/tasa/lib/bcc-2.2.3-gcc/bin/../lib/gcc/sparc-gaisler-elf/10.2.0/../../../../sparc-gaisler-elf/lib/leon3/mfix-gr712rc/libc.a(lib_a-impure.o)
                0x000000004000f6b8                _global_impure_ptr
 *fill*         0x000000004000f6bc        0x4 
 .rodata.str1.8
                0x000000004000f6c0        0x2 /home/fsw/rep/tasa/lib/bcc-2.2.3-gcc/bin/../lib/gcc/sparc-gaisler-elf/10.2.0/../../../../sparc-gaisler-elf/lib/leon3/mfix-gr712rc/libc.a(lib_a-puts.o)
 *fill*         0x000000004000f6c2        0x6 
 .rodata.str1.8
                0x000000004000f6c8       0x5a /home/fsw/rep/tasa/lib/bcc-2.2.3-gcc/bin/../lib/gcc/sparc-gaisler-elf/10.2.0/../../../../sparc-gaisler-elf/lib/leon3/mfix-gr712rc/libc.a(lib_a-vfprintf.o)
 *fill*         0x000000004000f722        0x6 
 .rodata.cst8   0x000000004000f728       0x28 /home/fsw/rep/tasa/lib/bcc-2.2.3-gcc/bin/../lib/gcc/sparc-gaisler-elf/10.2.0/../../../../sparc-gaisler-elf/lib/leon3/mfix-gr712rc/libc.a(lib_a-vfprintf.o)
 .rodata        0x000000004000f750       0x20 /home/fsw/rep/tasa/lib/bcc-2.2.3-gcc/bin/../lib/gcc/sparc-gaisler-elf/10.2.0/../../../../sparc-gaisler-elf/lib/leon3/mfix-gr712rc/libc.a(lib_a-vfprintf.o)
 .rodata.str1.8
                0x000000004000f770       0x14 /home/fsw/rep/tasa/lib/bcc-2.2.3-gcc/bin/../lib/gcc/sparc-gaisler-elf/10.2.0/../../../../sparc-gaisler-elf/lib/leon3/mfix-gr712rc/libc.a(lib_a-dtoa.o)
                                         0x1a (size before relaxing)
 *fill*         0x000000004000f784        0x4 
 .rodata.cst8   0x000000004000f788       0x48 /home/fsw/rep/tasa/lib/bcc-2.2.3-gcc/bin/../lib/gcc/sparc-gaisler-elf/10.2.0/../../../../sparc-gaisler-elf/lib/leon3/mfix-gr712rc/libc.a(lib_a-dtoa.o)
                                         0x58 (size before relaxing)
 .rodata        0x000000004000f7d0       0x60 /home/fsw/rep/tasa/lib/bcc-2.2.3-gcc/bin/../lib/gcc/sparc-gaisler-elf/10.2.0/../../../../sparc-gaisler-elf/lib/leon3/mfix-gr712rc/libc.a(lib_a-findfp.o)
                0x000000004000f7d0                __sf_fake_stderr
                0x000000004000f7f0                __sf_fake_stdout
                0x000000004000f810                __sf_fake_stdin
 .rodata.cst8   0x000000004000f830       0x10 /home/fsw/rep/tasa/lib/bcc-2.2.3-gcc/bin/../lib/gcc/sparc-gaisler-elf/10.2.0/../../../../sparc-gaisler-elf/lib/leon3/mfix-gr712rc/libc.a(lib_a-mprec.o)
 .rodata        0x000000004000f830      0x128 /home/fsw/rep/tasa/lib/bcc-2.2.3-gcc/bin/../lib/gcc/sparc-gaisler-elf/10.2.0/../../../../sparc-gaisler-elf/lib/leon3/mfix-gr712rc/libc.a(lib_a-mprec.o)
                0x000000004000f840                __mprec_tinytens
                0x000000004000f868                __mprec_bigtens
                0x000000004000f890                __mprec_tens
 .rodata.cst8   0x000000004000f958        0x8 /home/fsw/rep/tasa/lib/bcc-2.2.3-gcc/bin/../lib/gcc/sparc-gaisler-elf/10.2.0/../../../../sparc-gaisler-elf/lib/leon3/mfix-gr712rc/libc.a(lib_a-s_frexp.o)
 .rodata.str1.8
                0x000000004000f960       0x37 /home/fsw/rep/tasa/lib/bcc-2.2.3-gcc/bin/../lib/gcc/sparc-gaisler-elf/10.2.0/../../../../sparc-gaisler-elf/lib/leon3/mfix-gr712rc/libc.a(lib_a-vfiprintf.o)
 .rodata        0x000000004000f960       0x20 /home/fsw/rep/tasa/lib/bcc-2.2.3-gcc/bin/../lib/gcc/sparc-gaisler-elf/10.2.0/../../../../sparc-gaisler-elf/lib/leon3/mfix-gr712rc/libc.a(lib_a-vfiprintf.o)
 .rodata.str1.8
                0x000000004000f980       0x12 /home/fsw/rep/tasa/lib/bcc-2.2.3-gcc/bin/../lib/gcc/sparc-gaisler-elf/10.2.0/../../../../sparc-gaisler-elf/lib/leon3/mfix-gr712rc/libc.a(lib_a-locale.o)
                                         0x1a (size before relaxing)
 *fill*         0x000000004000f992        0x6 
 .rodata        0x000000004000f998      0x288 /home/fsw/rep/tasa/lib/bcc-2.2.3-gcc/bin/../lib/gcc/sparc-gaisler-elf/10.2.0/../../../../sparc-gaisler-elf/lib/leon3/mfix-gr712rc/libc.a(lib_a-ctype_.o)
                0x000000004000f998                _ctype_
                0x000000004000faa0                _ctype_b
 .rodata        0x000000004000fc20      0x100 /home/fsw/rep/tasa/lib/bcc-2.2.3-gcc/bin/../lib/gcc/sparc-gaisler-elf/10.2.0/leon3/mfix-gr712rc/libgcc.a(_clz.o)
                0x000000004000fc20                __clz_tab
 *(.gnu.linkonce.r*)
                0x000000004000fd20                . = ALIGN (0x10)
                0x000000004000fd20                __rodata_end = .

.rela.dyn       0x000000004000fd20        0x0
 .rela.iplt     0x000000004000fd20        0x0 /home/fsw/rep/tasa/lib/bcc-2.2.3-gcc/bin/../sparc-gaisler-elf/bsp/gr712rc/leon3/mfix-gr712rc/trap_table_mvt_tn0018.S.o
 .rela.text.traptable
                0x000000004000fd20        0x0 /home/fsw/rep/tasa/lib/bcc-2.2.3-gcc/bin/../sparc-gaisler-elf/bsp/gr712rc/leon3/mfix-gr712rc/trap_table_mvt_tn0018.S.o
 .rela.text     0x000000004000fd20        0x0 /home/fsw/rep/tasa/lib/bcc-2.2.3-gcc/bin/../sparc-gaisler-elf/bsp/gr712rc/leon3/mfix-gr712rc/trap_table_mvt_tn0018.S.o

.ext.data       0x000000004000fd20        0x0
                0x000000004000fd20                . = ALIGN (0x8)
                0x000000004000fd20                __extdata_start = .
 *(.data.ext)
                0x000000004000fd20                . = ALIGN (0x8)
                0x000000004000fd20                __extdata_end = .
                0x000000004000fd20                __extdata_start_lma = LOADADDR (.ext.data)
                0x0000000000000000                __extdata_size = SIZEOF (.ext.data)

.data           0x000000004000fd20      0x618
                0x000000004000fd20                . = ALIGN (0x8)
                0x000000004000fd20                __data_start = .
 *(.data .data.*)
 .data          0x000000004000fd20        0x0 /home/fsw/rep/tasa/lib/bcc-2.2.3-gcc/bin/../sparc-gaisler-elf/bsp/gr712rc/leon3/mfix-gr712rc/trap_table_mvt_tn0018.S.o
 .data          0x000000004000fd20        0x0 /home/fsw/rep/tasa/lib/bcc-2.2.3-gcc/bin/../sparc-gaisler-elf/bsp/gr712rc/leon3/mfix-gr712rc/crt0.S.o
 .data          0x000000004000fd20        0x0 /home/fsw/rep/tasa/lib/bcc-2.2.3-gcc/bin/../lib/gcc/sparc-gaisler-elf/10.2.0/leon3/mfix-gr712rc/crti.o
 .data          0x000000004000fd20        0x4 /home/fsw/rep/tasa/lib/bcc-2.2.3-gcc/bin/../lib/gcc/sparc-gaisler-elf/10.2.0/leon3/mfix-gr712rc/crtbegin.o
                0x000000004000fd20                __dso_handle
 .data          0x000000004000fd24        0x0 /tmp/ccz8Gv4L.o
 .data          0x000000004000fd24        0x0 /home/fsw/rep/tasa/lib/bcc-2.2.3-gcc/bin/../sparc-gaisler-elf/bsp/gr712rc/leon3/mfix-gr712rc/libbcc.a(reset_trap_mvt.S.o)
 .data          0x000000004000fd24        0x0 /home/fsw/rep/tasa/lib/bcc-2.2.3-gcc/bin/../sparc-gaisler-elf/bsp/gr712rc/leon3/mfix-gr712rc/libbcc.a(window_trap.S.o)
 .data          0x000000004000fd24        0x0 /home/fsw/rep/tasa/lib/bcc-2.2.3-gcc/bin/../sparc-gaisler-elf/bsp/gr712rc/leon3/mfix-gr712rc/libbcc.a(flush_windows_trap.S.o)
 .data          0x000000004000fd24        0x0 /home/fsw/rep/tasa/lib/bcc-2.2.3-gcc/bin/../sparc-gaisler-elf/bsp/gr712rc/leon3/mfix-gr712rc/libbcc.a(sw_trap_set_pil.S.o)
 .data          0x000000004000fd24        0x0 /home/fsw/rep/tasa/lib/bcc-2.2.3-gcc/bin/../sparc-gaisler-elf/bsp/gr712rc/leon3/mfix-gr712rc/libbcc.a(init.S.o)
 .data          0x000000004000fd24       0x10 /home/fsw/rep/tasa/lib/bcc-2.2.3-gcc/bin/../sparc-gaisler-elf/bsp/gr712rc/leon3/mfix-gr712rc/libbcc.a(leon_info.S.o)
                0x000000004000fd24                __bcc_leon_version
                0x000000004000fd28                __bcc_nwindows_min1
                0x000000004000fd2c                __bcc_nwindows
                0x000000004000fd30                __bcc_cpuid
 .data          0x000000004000fd34        0x0 /home/fsw/rep/tasa/lib/bcc-2.2.3-gcc/bin/../sparc-gaisler-elf/bsp/gr712rc/leon3/mfix-gr712rc/libbcc.a(dwzero.S.o)
 .data          0x000000004000fd34        0x0 /home/fsw/rep/tasa/lib/bcc-2.2.3-gcc/bin/../sparc-gaisler-elf/bsp/gr712rc/leon3/mfix-gr712rc/libbcc.a(copy_data.c.o)
 .data          0x000000004000fd34        0x4 /home/fsw/rep/tasa/lib/bcc-2.2.3-gcc/bin/../sparc-gaisler-elf/bsp/gr712rc/leon3/mfix-gr712rc/libbcc.a(argv.c.o)
                0x000000004000fd34                __bcc_argvp
 .data          0x000000004000fd38        0x0 /home/fsw/rep/tasa/lib/bcc-2.2.3-gcc/bin/../sparc-gaisler-elf/bsp/gr712rc/leon3/mfix-gr712rc/libbcc.a(interrupt_trap_tn0018.S.o)
 .data          0x000000004000fd38        0x0 /home/fsw/rep/tasa/lib/bcc-2.2.3-gcc/bin/../sparc-gaisler-elf/bsp/gr712rc/leon3/mfix-gr712rc/libbcc.a(int_irqmp_get_source.c.o)
 .data          0x000000004000fd38        0x0 /home/fsw/rep/tasa/lib/bcc-2.2.3-gcc/bin/../sparc-gaisler-elf/bsp/gr712rc/leon3/mfix-gr712rc/libbcc.a(int_irqmp_mp.c.o)
 .data          0x000000004000fd38        0x0 /home/fsw/rep/tasa/lib/bcc-2.2.3-gcc/bin/../sparc-gaisler-elf/bsp/gr712rc/leon3/mfix-gr712rc/libbcc.a(int_irqmp_init.c.o)
 .data          0x000000004000fd38        0x0 /home/fsw/rep/tasa/lib/bcc-2.2.3-gcc/bin/../sparc-gaisler-elf/bsp/gr712rc/leon3/mfix-gr712rc/libbcc.a(con_apbuart_init.c.o)
 .data          0x000000004000fd38        0x0 /home/fsw/rep/tasa/lib/bcc-2.2.3-gcc/bin/../sparc-gaisler-elf/bsp/gr712rc/leon3/mfix-gr712rc/libbcc.a(timer_gptimer_init.c.o)
 .data          0x000000004000fd38        0x0 /home/fsw/rep/tasa/lib/bcc-2.2.3-gcc/bin/../sparc-gaisler-elf/bsp/gr712rc/leon3/mfix-gr712rc/libbcc.a(isr.c.o)
 .data          0x000000004000fd38       0x10 /home/fsw/rep/tasa/lib/bcc-2.2.3-gcc/bin/../sparc-gaisler-elf/bsp/gr712rc/leon3/mfix-gr712rc/libbcc.a(int_nest.c.o)
                0x000000004000fd38                __bcc_int_nest
 .data          0x000000004000fd48        0x8 /home/fsw/rep/tasa/lib/bcc-2.2.3-gcc/bin/../sparc-gaisler-elf/bsp/gr712rc/leon3/mfix-gr712rc/libbcc.a(int_irqmp_handle.c.o)
                0x000000004000fd48                __bcc_int_irqmp_eirq
                0x000000004000fd4c                __bcc_int_handle
 .data          0x000000004000fd50        0x0 /home/fsw/rep/tasa/lib/bcc-2.2.3-gcc/bin/../lib/gcc/sparc-gaisler-elf/10.2.0/../../../../sparc-gaisler-elf/lib/leon3/mfix-gr712rc/libc.a(lib_a-atexit.o)
 .data          0x000000004000fd50        0x0 /home/fsw/rep/tasa/lib/bcc-2.2.3-gcc/bin/../lib/gcc/sparc-gaisler-elf/10.2.0/../../../../sparc-gaisler-elf/lib/leon3/mfix-gr712rc/libc.a(lib_a-exit.o)
 .data          0x000000004000fd50       0x64 /home/fsw/rep/tasa/lib/bcc-2.2.3-gcc/bin/../lib/gcc/sparc-gaisler-elf/10.2.0/../../../../sparc-gaisler-elf/lib/leon3/mfix-gr712rc/libc.a(lib_a-impure.o)
                0x000000004000fd50                _impure_ptr
 .data          0x000000004000fdb4        0x0 /home/fsw/rep/tasa/lib/bcc-2.2.3-gcc/bin/../lib/gcc/sparc-gaisler-elf/10.2.0/../../../../sparc-gaisler-elf/lib/leon3/mfix-gr712rc/libc.a(lib_a-printf.o)
 .data          0x000000004000fdb4        0x0 /home/fsw/rep/tasa/lib/bcc-2.2.3-gcc/bin/../lib/gcc/sparc-gaisler-elf/10.2.0/../../../../sparc-gaisler-elf/lib/leon3/mfix-gr712rc/libc.a(lib_a-putchar.o)
 .data          0x000000004000fdb4        0x0 /home/fsw/rep/tasa/lib/bcc-2.2.3-gcc/bin/../lib/gcc/sparc-gaisler-elf/10.2.0/../../../../sparc-gaisler-elf/lib/leon3/mfix-gr712rc/libc.a(lib_a-puts.o)
 .data          0x000000004000fdb4        0x0 /home/fsw/rep/tasa/lib/bcc-2.2.3-gcc/bin/../lib/gcc/sparc-gaisler-elf/10.2.0/../../../../sparc-gaisler-elf/lib/leon3/mfix-gr712rc/libc.a(lib_a-strlen.o)
 .data          0x000000004000fdb4        0x0 /home/fsw/rep/tasa/lib/bcc-2.2.3-gcc/bin/../lib/gcc/sparc-gaisler-elf/10.2.0/../../../../sparc-gaisler-elf/lib/leon3/mfix-gr712rc/libc.a(lib_a-vfprintf.o)
 .data          0x000000004000fdb4        0x0 /home/fsw/rep/tasa/lib/bcc-2.2.3-gcc/bin/../lib/gcc/sparc-gaisler-elf/10.2.0/../../../../sparc-gaisler-elf/lib/leon3/mfix-gr712rc/libc.a(lib_a-wsetup.o)
 .data          0x000000004000fdb4        0x0 /home/fsw/rep/tasa/lib/bcc-2.2.3-gcc/bin/../lib/gcc/sparc-gaisler-elf/10.2.0/../../../../sparc-gaisler-elf/lib/leon3/mfix-gr712rc/libc.a(lib_a-__atexit.o)
 .data          0x000000004000fdb4        0x0 /home/fsw/rep/tasa/lib/bcc-2.2.3-gcc/bin/../lib/gcc/sparc-gaisler-elf/10.2.0/../../../../sparc-gaisler-elf/lib/leon3/mfix-gr712rc/libc.a(lib_a-__call_atexit.o)
 .data          0x000000004000fdb4        0x0 /home/fsw/rep/tasa/lib/bcc-2.2.3-gcc/bin/../lib/gcc/sparc-gaisler-elf/10.2.0/../../../../sparc-gaisler-elf/lib/leon3/mfix-gr712rc/libc.a(lib_a-dtoa.o)
 .data          0x000000004000fdb4        0x0 /home/fsw/rep/tasa/lib/bcc-2.2.3-gcc/bin/../lib/gcc/sparc-gaisler-elf/10.2.0/../../../../sparc-gaisler-elf/lib/leon3/mfix-gr712rc/libc.a(lib_a-fflush.o)
 .data          0x000000004000fdb4        0x0 /home/fsw/rep/tasa/lib/bcc-2.2.3-gcc/bin/../lib/gcc/sparc-gaisler-elf/10.2.0/../../../../sparc-gaisler-elf/lib/leon3/mfix-gr712rc/libc.a(lib_a-findfp.o)
 .data          0x000000004000fdb4        0x0 /home/fsw/rep/tasa/lib/bcc-2.2.3-gcc/bin/../lib/gcc/sparc-gaisler-elf/10.2.0/../../../../sparc-gaisler-elf/lib/leon3/mfix-gr712rc/libc.a(lib_a-freer.o)
 .data          0x000000004000fdb4        0x0 /home/fsw/rep/tasa/lib/bcc-2.2.3-gcc/bin/../lib/gcc/sparc-gaisler-elf/10.2.0/../../../../sparc-gaisler-elf/lib/leon3/mfix-gr712rc/libc.a(lib_a-fvwrite.o)
 .data          0x000000004000fdb4        0x0 /home/fsw/rep/tasa/lib/bcc-2.2.3-gcc/bin/../lib/gcc/sparc-gaisler-elf/10.2.0/../../../../sparc-gaisler-elf/lib/leon3/mfix-gr712rc/libc.a(lib_a-fwalk.o)
 .data          0x000000004000fdb4        0x0 /home/fsw/rep/tasa/lib/bcc-2.2.3-gcc/bin/../lib/gcc/sparc-gaisler-elf/10.2.0/../../../../sparc-gaisler-elf/lib/leon3/mfix-gr712rc/libc.a(lib_a-localeconv.o)
 .data          0x000000004000fdb4        0x0 /home/fsw/rep/tasa/lib/bcc-2.2.3-gcc/bin/../lib/gcc/sparc-gaisler-elf/10.2.0/../../../../sparc-gaisler-elf/lib/leon3/mfix-gr712rc/libc.a(lib_a-makebuf.o)
 .data          0x000000004000fdb4        0x0 /home/fsw/rep/tasa/lib/bcc-2.2.3-gcc/bin/../lib/gcc/sparc-gaisler-elf/10.2.0/../../../../sparc-gaisler-elf/lib/leon3/mfix-gr712rc/libc.a(lib_a-malloc.o)
 .data          0x000000004000fdb4      0x410 /home/fsw/rep/tasa/lib/bcc-2.2.3-gcc/bin/../lib/gcc/sparc-gaisler-elf/10.2.0/../../../../sparc-gaisler-elf/lib/leon3/mfix-gr712rc/libc.a(lib_a-mallocr.o)
                0x000000004000fdb4                __malloc_sbrk_base
                0x000000004000fdb8                __malloc_trim_threshold
                0x000000004000fdbc                __malloc_av_
 .data          0x00000000400101c4        0x0 /home/fsw/rep/tasa/lib/bcc-2.2.3-gcc/bin/../lib/gcc/sparc-gaisler-elf/10.2.0/../../../../sparc-gaisler-elf/lib/leon3/mfix-gr712rc/libc.a(lib_a-memchr.o)
 .data          0x00000000400101c4        0x0 /home/fsw/rep/tasa/lib/bcc-2.2.3-gcc/bin/../lib/gcc/sparc-gaisler-elf/10.2.0/../../../../sparc-gaisler-elf/lib/leon3/mfix-gr712rc/libc.a(lib_a-memcpy.o)
 .data          0x00000000400101c4        0x0 /home/fsw/rep/tasa/lib/bcc-2.2.3-gcc/bin/../lib/gcc/sparc-gaisler-elf/10.2.0/../../../../sparc-gaisler-elf/lib/leon3/mfix-gr712rc/libc.a(lib_a-memmove.o)
 .data          0x00000000400101c4        0x0 /home/fsw/rep/tasa/lib/bcc-2.2.3-gcc/bin/../lib/gcc/sparc-gaisler-elf/10.2.0/../../../../sparc-gaisler-elf/lib/leon3/mfix-gr712rc/libc.a(lib_a-memset.o)
 .data          0x00000000400101c4        0x0 /home/fsw/rep/tasa/lib/bcc-2.2.3-gcc/bin/../lib/gcc/sparc-gaisler-elf/10.2.0/../../../../sparc-gaisler-elf/lib/leon3/mfix-gr712rc/libc.a(lib_a-mlock.o)
 .data          0x00000000400101c4        0x0 /home/fsw/rep/tasa/lib/bcc-2.2.3-gcc/bin/../lib/gcc/sparc-gaisler-elf/10.2.0/../../../../sparc-gaisler-elf/lib/leon3/mfix-gr712rc/libc.a(lib_a-mprec.o)
 .data          0x00000000400101c4        0x0 /home/fsw/rep/tasa/lib/bcc-2.2.3-gcc/bin/../lib/gcc/sparc-gaisler-elf/10.2.0/../../../../sparc-gaisler-elf/lib/leon3/mfix-gr712rc/libc.a(lib_a-putc.o)
 .data          0x00000000400101c4        0x0 /home/fsw/rep/tasa/lib/bcc-2.2.3-gcc/bin/../lib/gcc/sparc-gaisler-elf/10.2.0/../../../../sparc-gaisler-elf/lib/leon3/mfix-gr712rc/libc.a(lib_a-reallocr.o)
 .data          0x00000000400101c4        0x0 /home/fsw/rep/tasa/lib/bcc-2.2.3-gcc/bin/../lib/gcc/sparc-gaisler-elf/10.2.0/../../../../sparc-gaisler-elf/lib/leon3/mfix-gr712rc/libc.a(lib_a-s_frexp.o)
 .data          0x00000000400101c4        0x0 /home/fsw/rep/tasa/lib/bcc-2.2.3-gcc/bin/../lib/gcc/sparc-gaisler-elf/10.2.0/../../../../sparc-gaisler-elf/lib/leon3/mfix-gr712rc/libc.a(lib_a-sbrkr.o)
 .data          0x00000000400101c4        0x0 /home/fsw/rep/tasa/lib/bcc-2.2.3-gcc/bin/../lib/gcc/sparc-gaisler-elf/10.2.0/../../../../sparc-gaisler-elf/lib/leon3/mfix-gr712rc/libc.a(lib_a-stdio.o)
 .data          0x00000000400101c4        0x0 /home/fsw/rep/tasa/lib/bcc-2.2.3-gcc/bin/../lib/gcc/sparc-gaisler-elf/10.2.0/../../../../sparc-gaisler-elf/lib/leon3/mfix-gr712rc/libc.a(lib_a-strncpy.o)
 .data          0x00000000400101c4        0x0 /home/fsw/rep/tasa/lib/bcc-2.2.3-gcc/bin/../lib/gcc/sparc-gaisler-elf/10.2.0/../../../../sparc-gaisler-elf/lib/leon3/mfix-gr712rc/libc.a(lib_a-vfiprintf.o)
 .data          0x00000000400101c4        0x0 /home/fsw/rep/tasa/lib/bcc-2.2.3-gcc/bin/../lib/gcc/sparc-gaisler-elf/10.2.0/../../../../sparc-gaisler-elf/lib/leon3/mfix-gr712rc/libc.a(lib_a-wbuf.o)
 .data          0x00000000400101c4        0x0 /home/fsw/rep/tasa/lib/bcc-2.2.3-gcc/bin/../lib/gcc/sparc-gaisler-elf/10.2.0/../../../../sparc-gaisler-elf/lib/leon3/mfix-gr712rc/libc.a(lib_a-writer.o)
 .data          0x00000000400101c4        0x0 /home/fsw/rep/tasa/lib/bcc-2.2.3-gcc/bin/../lib/gcc/sparc-gaisler-elf/10.2.0/../../../../sparc-gaisler-elf/lib/leon3/mfix-gr712rc/libc.a(lib_a-callocr.o)
 .data          0x00000000400101c4        0x0 /home/fsw/rep/tasa/lib/bcc-2.2.3-gcc/bin/../lib/gcc/sparc-gaisler-elf/10.2.0/../../../../sparc-gaisler-elf/lib/leon3/mfix-gr712rc/libc.a(lib_a-closer.o)
 .data          0x00000000400101c4        0x0 /home/fsw/rep/tasa/lib/bcc-2.2.3-gcc/bin/../lib/gcc/sparc-gaisler-elf/10.2.0/../../../../sparc-gaisler-elf/lib/leon3/mfix-gr712rc/libc.a(lib_a-fclose.o)
 .data          0x00000000400101c4        0x0 /home/fsw/rep/tasa/lib/bcc-2.2.3-gcc/bin/../lib/gcc/sparc-gaisler-elf/10.2.0/../../../../sparc-gaisler-elf/lib/leon3/mfix-gr712rc/libc.a(lib_a-fputwc.o)
 .data          0x00000000400101c4        0x0 /home/fsw/rep/tasa/lib/bcc-2.2.3-gcc/bin/../lib/gcc/sparc-gaisler-elf/10.2.0/../../../../sparc-gaisler-elf/lib/leon3/mfix-gr712rc/libc.a(lib_a-fstatr.o)
 .data          0x00000000400101c4        0x0 /home/fsw/rep/tasa/lib/bcc-2.2.3-gcc/bin/../lib/gcc/sparc-gaisler-elf/10.2.0/../../../../sparc-gaisler-elf/lib/leon3/mfix-gr712rc/libc.a(lib_a-isattyr.o)
 .data          0x00000000400101c4      0x16c /home/fsw/rep/tasa/lib/bcc-2.2.3-gcc/bin/../lib/gcc/sparc-gaisler-elf/10.2.0/../../../../sparc-gaisler-elf/lib/leon3/mfix-gr712rc/libc.a(lib_a-locale.o)
                0x00000000400101c4                __global_locale
 .data          0x0000000040010330        0x0 /home/fsw/rep/tasa/lib/bcc-2.2.3-gcc/bin/../lib/gcc/sparc-gaisler-elf/10.2.0/../../../../sparc-gaisler-elf/lib/leon3/mfix-gr712rc/libc.a(lib_a-lseekr.o)
 .data          0x0000000040010330        0x0 /home/fsw/rep/tasa/lib/bcc-2.2.3-gcc/bin/../lib/gcc/sparc-gaisler-elf/10.2.0/../../../../sparc-gaisler-elf/lib/leon3/mfix-gr712rc/libc.a(lib_a-mbtowc_r.o)
 .data          0x0000000040010330        0x0 /home/fsw/rep/tasa/lib/bcc-2.2.3-gcc/bin/../lib/gcc/sparc-gaisler-elf/10.2.0/../../../../sparc-gaisler-elf/lib/leon3/mfix-gr712rc/libc.a(lib_a-readr.o)
 .data          0x0000000040010330        0x0 /home/fsw/rep/tasa/lib/bcc-2.2.3-gcc/bin/../lib/gcc/sparc-gaisler-elf/10.2.0/../../../../sparc-gaisler-elf/lib/leon3/mfix-gr712rc/libc.a(lib_a-reent.o)
 .data          0x0000000040010330        0x0 /home/fsw/rep/tasa/lib/bcc-2.2.3-gcc/bin/../lib/gcc/sparc-gaisler-elf/10.2.0/../../../../sparc-gaisler-elf/lib/leon3/mfix-gr712rc/libc.a(lib_a-strcmp.o)
 .data          0x0000000040010330        0x0 /home/fsw/rep/tasa/lib/bcc-2.2.3-gcc/bin/../lib/gcc/sparc-gaisler-elf/10.2.0/../../../../sparc-gaisler-elf/lib/leon3/mfix-gr712rc/libc.a(lib_a-wcrtomb.o)
 .data          0x0000000040010330        0x0 /home/fsw/rep/tasa/lib/bcc-2.2.3-gcc/bin/../lib/gcc/sparc-gaisler-elf/10.2.0/../../../../sparc-gaisler-elf/lib/leon3/mfix-gr712rc/libc.a(lib_a-wctomb_r.o)
 .data          0x0000000040010330        0x0 /home/fsw/rep/tasa/lib/bcc-2.2.3-gcc/bin/../lib/gcc/sparc-gaisler-elf/10.2.0/../../../../sparc-gaisler-elf/lib/leon3/mfix-gr712rc/libc.a(lib_a-ctype_.o)
 .data          0x0000000040010330        0x0 /home/fsw/rep/tasa/lib/bcc-2.2.3-gcc/bin/../sparc-gaisler-elf/bsp/gr712rc/leon3/mfix-gr712rc/libbcc.a(_exit.S.o)
 .data          0x0000000040010330        0x0 /home/fsw/rep/tasa/lib/bcc-2.2.3-gcc/bin/../sparc-gaisler-elf/bsp/gr712rc/leon3/mfix-gr712rc/libbcc.a(read.c.o)
 .data          0x0000000040010330        0x0 /home/fsw/rep/tasa/lib/bcc-2.2.3-gcc/bin/../sparc-gaisler-elf/bsp/gr712rc/leon3/mfix-gr712rc/libbcc.a(sbrk.c.o)
 .data          0x0000000040010330        0x0 /home/fsw/rep/tasa/lib/bcc-2.2.3-gcc/bin/../sparc-gaisler-elf/bsp/gr712rc/leon3/mfix-gr712rc/libbcc.a(heap.c.o)
 .data          0x0000000040010330        0x0 /home/fsw/rep/tasa/lib/bcc-2.2.3-gcc/bin/../sparc-gaisler-elf/bsp/gr712rc/leon3/mfix-gr712rc/libbcc.a(write.c.o)
 .data          0x0000000040010330        0x0 /home/fsw/rep/tasa/lib/bcc-2.2.3-gcc/bin/../sparc-gaisler-elf/bsp/gr712rc/leon3/mfix-gr712rc/libbcc.a(stubs.S.o)
 .data          0x0000000040010330        0x0 /home/fsw/rep/tasa/lib/bcc-2.2.3-gcc/bin/../sparc-gaisler-elf/bsp/gr712rc/leon3/mfix-gr712rc/libbcc.a(con_apbuart.c.o)
 .data          0x0000000040010330        0x4 /home/fsw/rep/tasa/lib/bcc-2.2.3-gcc/bin/../sparc-gaisler-elf/bsp/gr712rc/leon3/mfix-gr712rc/libbcc.a(con_handle.c.o)
                0x0000000040010330                __bcc_con_handle
 .data          0x0000000040010334        0x0 /home/fsw/rep/tasa/lib/bcc-2.2.3-gcc/bin/../lib/gcc/sparc-gaisler-elf/10.2.0/leon3/mfix-gr712rc/libgcc.a(_udivdi3.o)
 .data          0x0000000040010334        0x0 /home/fsw/rep/tasa/lib/bcc-2.2.3-gcc/bin/../lib/gcc/sparc-gaisler-elf/10.2.0/leon3/mfix-gr712rc/libgcc.a(_umoddi3.o)
 .data          0x0000000040010334        0x0 /home/fsw/rep/tasa/lib/bcc-2.2.3-gcc/bin/../lib/gcc/sparc-gaisler-elf/10.2.0/leon3/mfix-gr712rc/libgcc.a(_clz.o)
 .data          0x0000000040010334        0x0 /home/fsw/rep/tasa/lib/bcc-2.2.3-gcc/bin/../lib/gcc/sparc-gaisler-elf/10.2.0/leon3/mfix-gr712rc/crtend.o
 .data          0x0000000040010334        0x0 /home/fsw/rep/tasa/lib/bcc-2.2.3-gcc/bin/../lib/gcc/sparc-gaisler-elf/10.2.0/leon3/mfix-gr712rc/crtn.o
                0x0000000040010338                . = ALIGN (0x8)
 *fill*         0x0000000040010334        0x4 
                0x0000000040010338                __data_end = .
                0x000000004000fd20                __data_start_lma = LOADADDR (.data)
                0x0000000000000618                __data_size = SIZEOF (.data)

.iplt           0x0000000040010338        0x0
 .iplt          0x0000000040010338        0x0 /home/fsw/rep/tasa/lib/bcc-2.2.3-gcc/bin/../sparc-gaisler-elf/bsp/gr712rc/leon3/mfix-gr712rc/trap_table_mvt_tn0018.S.o

.tm_clone_table
                0x0000000040010338        0x0
 .tm_clone_table
                0x0000000040010338        0x0 /home/fsw/rep/tasa/lib/bcc-2.2.3-gcc/bin/../lib/gcc/sparc-gaisler-elf/10.2.0/leon3/mfix-gr712rc/crtbegin.o
 .tm_clone_table
                0x0000000040010338        0x0 /home/fsw/rep/tasa/lib/bcc-2.2.3-gcc/bin/../lib/gcc/sparc-gaisler-elf/10.2.0/leon3/mfix-gr712rc/crtend.o

.bss            0x0000000040010338      0x1a8
                0x0000000040010338                . = ALIGN (0x8)
                0x0000000040010338                __bss_start = .
 *(.bss .bss.*)
 .bss           0x0000000040010338        0x0 /home/fsw/rep/tasa/lib/bcc-2.2.3-gcc/bin/../sparc-gaisler-elf/bsp/gr712rc/leon3/mfix-gr712rc/trap_table_mvt_tn0018.S.o
 .bss           0x0000000040010338        0x4 /home/fsw/rep/tasa/lib/bcc-2.2.3-gcc/bin/../sparc-gaisler-elf/bsp/gr712rc/leon3/mfix-gr712rc/crt0.S.o
                0x0000000040010338                __bcc_sp_at_entry
 .bss           0x000000004001033c        0x0 /home/fsw/rep/tasa/lib/bcc-2.2.3-gcc/bin/../lib/gcc/sparc-gaisler-elf/10.2.0/leon3/mfix-gr712rc/crti.o
 .bss           0x000000004001033c       0x20 /home/fsw/rep/tasa/lib/bcc-2.2.3-gcc/bin/../lib/gcc/sparc-gaisler-elf/10.2.0/leon3/mfix-gr712rc/crtbegin.o
 .bss           0x000000004001035c        0x0 /tmp/ccz8Gv4L.o
 .bss           0x000000004001035c        0x0 /home/fsw/rep/tasa/lib/bcc-2.2.3-gcc/bin/../sparc-gaisler-elf/bsp/gr712rc/leon3/mfix-gr712rc/libbcc.a(reset_trap_mvt.S.o)
 .bss           0x000000004001035c        0x0 /home/fsw/rep/tasa/lib/bcc-2.2.3-gcc/bin/../sparc-gaisler-elf/bsp/gr712rc/leon3/mfix-gr712rc/libbcc.a(window_trap.S.o)
 *fill*         0x000000004001035c        0x4 
 .bss           0x0000000040010360       0x14 /home/fsw/rep/tasa/lib/bcc-2.2.3-gcc/bin/../sparc-gaisler-elf/bsp/gr712rc/leon3/mfix-gr712rc/libbcc.a(flush_windows_trap.S.o)
 .bss           0x0000000040010374        0x0 /home/fsw/rep/tasa/lib/bcc-2.2.3-gcc/bin/../sparc-gaisler-elf/bsp/gr712rc/leon3/mfix-gr712rc/libbcc.a(sw_trap_set_pil.S.o)
 .bss           0x0000000040010374        0x0 /home/fsw/rep/tasa/lib/bcc-2.2.3-gcc/bin/../sparc-gaisler-elf/bsp/gr712rc/leon3/mfix-gr712rc/libbcc.a(init.S.o)
 .bss           0x0000000040010374        0x0 /home/fsw/rep/tasa/lib/bcc-2.2.3-gcc/bin/../sparc-gaisler-elf/bsp/gr712rc/leon3/mfix-gr712rc/libbcc.a(leon_info.S.o)
 .bss           0x0000000040010374        0x0 /home/fsw/rep/tasa/lib/bcc-2.2.3-gcc/bin/../sparc-gaisler-elf/bsp/gr712rc/leon3/mfix-gr712rc/libbcc.a(dwzero.S.o)
 .bss           0x0000000040010374        0x0 /home/fsw/rep/tasa/lib/bcc-2.2.3-gcc/bin/../sparc-gaisler-elf/bsp/gr712rc/leon3/mfix-gr712rc/libbcc.a(copy_data.c.o)
 .bss           0x0000000040010374        0x8 /home/fsw/rep/tasa/lib/bcc-2.2.3-gcc/bin/../sparc-gaisler-elf/bsp/gr712rc/leon3/mfix-gr712rc/libbcc.a(argv.c.o)
                0x0000000040010378                __bcc_argc
 .bss           0x000000004001037c        0x0 /home/fsw/rep/tasa/lib/bcc-2.2.3-gcc/bin/../sparc-gaisler-elf/bsp/gr712rc/leon3/mfix-gr712rc/libbcc.a(interrupt_trap_tn0018.S.o)
 .bss           0x000000004001037c        0x0 /home/fsw/rep/tasa/lib/bcc-2.2.3-gcc/bin/../sparc-gaisler-elf/bsp/gr712rc/leon3/mfix-gr712rc/libbcc.a(int_irqmp_get_source.c.o)
 .bss           0x000000004001037c        0x0 /home/fsw/rep/tasa/lib/bcc-2.2.3-gcc/bin/../sparc-gaisler-elf/bsp/gr712rc/leon3/mfix-gr712rc/libbcc.a(int_irqmp_mp.c.o)
 .bss           0x000000004001037c        0x0 /home/fsw/rep/tasa/lib/bcc-2.2.3-gcc/bin/../sparc-gaisler-elf/bsp/gr712rc/leon3/mfix-gr712rc/libbcc.a(int_irqmp_init.c.o)
 .bss           0x000000004001037c        0x0 /home/fsw/rep/tasa/lib/bcc-2.2.3-gcc/bin/../sparc-gaisler-elf/bsp/gr712rc/leon3/mfix-gr712rc/libbcc.a(con_apbuart_init.c.o)
 .bss           0x000000004001037c        0x0 /home/fsw/rep/tasa/lib/bcc-2.2.3-gcc/bin/../sparc-gaisler-elf/bsp/gr712rc/leon3/mfix-gr712rc/libbcc.a(timer_gptimer_init.c.o)
 .bss           0x000000004001037c       0x80 /home/fsw/rep/tasa/lib/bcc-2.2.3-gcc/bin/../sparc-gaisler-elf/bsp/gr712rc/leon3/mfix-gr712rc/libbcc.a(isr.c.o)
                0x000000004001037c                __bcc_isr_list
 .bss           0x00000000400103fc        0x0 /home/fsw/rep/tasa/lib/bcc-2.2.3-gcc/bin/../sparc-gaisler-elf/bsp/gr712rc/leon3/mfix-gr712rc/libbcc.a(int_nest.c.o)
 .bss           0x00000000400103fc        0x8 /home/fsw/rep/tasa/lib/bcc-2.2.3-gcc/bin/../sparc-gaisler-elf/bsp/gr712rc/leon3/mfix-gr712rc/libbcc.a(int_irqmp_handle.c.o)
                0x00000000400103fc                __bcc_int_irqmp_nts
                0x0000000040010400                __bcc_int_irqmp_map
 .bss           0x0000000040010404        0x0 /home/fsw/rep/tasa/lib/bcc-2.2.3-gcc/bin/../lib/gcc/sparc-gaisler-elf/10.2.0/../../../../sparc-gaisler-elf/lib/leon3/mfix-gr712rc/libc.a(lib_a-atexit.o)
 .bss           0x0000000040010404        0x0 /home/fsw/rep/tasa/lib/bcc-2.2.3-gcc/bin/../lib/gcc/sparc-gaisler-elf/10.2.0/../../../../sparc-gaisler-elf/lib/leon3/mfix-gr712rc/libc.a(lib_a-exit.o)
 .bss           0x0000000040010404        0x0 /home/fsw/rep/tasa/lib/bcc-2.2.3-gcc/bin/../lib/gcc/sparc-gaisler-elf/10.2.0/../../../../sparc-gaisler-elf/lib/leon3/mfix-gr712rc/libc.a(lib_a-impure.o)
 .bss           0x0000000040010404        0x0 /home/fsw/rep/tasa/lib/bcc-2.2.3-gcc/bin/../lib/gcc/sparc-gaisler-elf/10.2.0/../../../../sparc-gaisler-elf/lib/leon3/mfix-gr712rc/libc.a(lib_a-printf.o)
 .bss           0x0000000040010404        0x0 /home/fsw/rep/tasa/lib/bcc-2.2.3-gcc/bin/../lib/gcc/sparc-gaisler-elf/10.2.0/../../../../sparc-gaisler-elf/lib/leon3/mfix-gr712rc/libc.a(lib_a-putchar.o)
 .bss           0x0000000040010404        0x0 /home/fsw/rep/tasa/lib/bcc-2.2.3-gcc/bin/../lib/gcc/sparc-gaisler-elf/10.2.0/../../../../sparc-gaisler-elf/lib/leon3/mfix-gr712rc/libc.a(lib_a-puts.o)
 .bss           0x0000000040010404        0x0 /home/fsw/rep/tasa/lib/bcc-2.2.3-gcc/bin/../lib/gcc/sparc-gaisler-elf/10.2.0/../../../../sparc-gaisler-elf/lib/leon3/mfix-gr712rc/libc.a(lib_a-strlen.o)
 .bss           0x0000000040010404        0x0 /home/fsw/rep/tasa/lib/bcc-2.2.3-gcc/bin/../lib/gcc/sparc-gaisler-elf/10.2.0/../../../../sparc-gaisler-elf/lib/leon3/mfix-gr712rc/libc.a(lib_a-vfprintf.o)
 .bss           0x0000000040010404        0x0 /home/fsw/rep/tasa/lib/bcc-2.2.3-gcc/bin/../lib/gcc/sparc-gaisler-elf/10.2.0/../../../../sparc-gaisler-elf/lib/leon3/mfix-gr712rc/libc.a(lib_a-wsetup.o)
 .bss           0x0000000040010404       0x8c /home/fsw/rep/tasa/lib/bcc-2.2.3-gcc/bin/../lib/gcc/sparc-gaisler-elf/10.2.0/../../../../sparc-gaisler-elf/lib/leon3/mfix-gr712rc/libc.a(lib_a-__atexit.o)
 .bss           0x0000000040010490        0x4 /home/fsw/rep/tasa/lib/bcc-2.2.3-gcc/bin/../lib/gcc/sparc-gaisler-elf/10.2.0/../../../../sparc-gaisler-elf/lib/leon3/mfix-gr712rc/libc.a(lib_a-__call_atexit.o)
                0x0000000040010490                _global_atexit
 .bss           0x0000000040010494        0x0 /home/fsw/rep/tasa/lib/bcc-2.2.3-gcc/bin/../lib/gcc/sparc-gaisler-elf/10.2.0/../../../../sparc-gaisler-elf/lib/leon3/mfix-gr712rc/libc.a(lib_a-dtoa.o)
 .bss           0x0000000040010494        0x0 /home/fsw/rep/tasa/lib/bcc-2.2.3-gcc/bin/../lib/gcc/sparc-gaisler-elf/10.2.0/../../../../sparc-gaisler-elf/lib/leon3/mfix-gr712rc/libc.a(lib_a-fflush.o)
 .bss           0x0000000040010494        0x0 /home/fsw/rep/tasa/lib/bcc-2.2.3-gcc/bin/../lib/gcc/sparc-gaisler-elf/10.2.0/../../../../sparc-gaisler-elf/lib/leon3/mfix-gr712rc/libc.a(lib_a-findfp.o)
 .bss           0x0000000040010494        0x0 /home/fsw/rep/tasa/lib/bcc-2.2.3-gcc/bin/../lib/gcc/sparc-gaisler-elf/10.2.0/../../../../sparc-gaisler-elf/lib/leon3/mfix-gr712rc/libc.a(lib_a-freer.o)
 .bss           0x0000000040010494        0x0 /home/fsw/rep/tasa/lib/bcc-2.2.3-gcc/bin/../lib/gcc/sparc-gaisler-elf/10.2.0/../../../../sparc-gaisler-elf/lib/leon3/mfix-gr712rc/libc.a(lib_a-fvwrite.o)
 .bss           0x0000000040010494        0x0 /home/fsw/rep/tasa/lib/bcc-2.2.3-gcc/bin/../lib/gcc/sparc-gaisler-elf/10.2.0/../../../../sparc-gaisler-elf/lib/leon3/mfix-gr712rc/libc.a(lib_a-fwalk.o)
 .bss           0x0000000040010494        0x0 /home/fsw/rep/tasa/lib/bcc-2.2.3-gcc/bin/../lib/gcc/sparc-gaisler-elf/10.2.0/../../../../sparc-gaisler-elf/lib/leon3/mfix-gr712rc/libc.a(lib_a-localeconv.o)
 .bss           0x0000000040010494        0x0 /home/fsw/rep/tasa/lib/bcc-2.2.3-gcc/bin/../lib/gcc/sparc-gaisler-elf/10.2.0/../../../../sparc-gaisler-elf/lib/leon3/mfix-gr712rc/libc.a(lib_a-makebuf.o)
 .bss           0x0000000040010494        0x0 /home/fsw/rep/tasa/lib/bcc-2.2.3-gcc/bin/../lib/gcc/sparc-gaisler-elf/10.2.0/../../../../sparc-gaisler-elf/lib/leon3/mfix-gr712rc/libc.a(lib_a-malloc.o)
 .bss           0x0000000040010494       0x34 /home/fsw/rep/tasa/lib/bcc-2.2.3-gcc/bin/../lib/gcc/sparc-gaisler-elf/10.2.0/../../../../sparc-gaisler-elf/lib/leon3/mfix-gr712rc/libc.a(lib_a-mallocr.o)
                0x0000000040010494                __malloc_current_mallinfo
                0x00000000400104bc                __malloc_max_total_mem
                0x00000000400104c0                __malloc_max_sbrked_mem
                0x00000000400104c4                __malloc_top_pad
 .bss           0x00000000400104c8        0x0 /home/fsw/rep/tasa/lib/bcc-2.2.3-gcc/bin/../lib/gcc/sparc-gaisler-elf/10.2.0/../../../../sparc-gaisler-elf/lib/leon3/mfix-gr712rc/libc.a(lib_a-memchr.o)
 .bss           0x00000000400104c8        0x0 /home/fsw/rep/tasa/lib/bcc-2.2.3-gcc/bin/../lib/gcc/sparc-gaisler-elf/10.2.0/../../../../sparc-gaisler-elf/lib/leon3/mfix-gr712rc/libc.a(lib_a-memcpy.o)
 .bss           0x00000000400104c8        0x0 /home/fsw/rep/tasa/lib/bcc-2.2.3-gcc/bin/../lib/gcc/sparc-gaisler-elf/10.2.0/../../../../sparc-gaisler-elf/lib/leon3/mfix-gr712rc/libc.a(lib_a-memmove.o)
 .bss           0x00000000400104c8        0x0 /home/fsw/rep/tasa/lib/bcc-2.2.3-gcc/bin/../lib/gcc/sparc-gaisler-elf/10.2.0/../../../../sparc-gaisler-elf/lib/leon3/mfix-gr712rc/libc.a(lib_a-memset.o)
 .bss           0x00000000400104c8        0x0 /home/fsw/rep/tasa/lib/bcc-2.2.3-gcc/bin/../lib/gcc/sparc-gaisler-elf/10.2.0/../../../../sparc-gaisler-elf/lib/leon3/mfix-gr712rc/libc.a(lib_a-mlock.o)
 .bss           0x00000000400104c8        0x0 /home/fsw/rep/tasa/lib/bcc-2.2.3-gcc/bin/../lib/gcc/sparc-gaisler-elf/10.2.0/../../../../sparc-gaisler-elf/lib/leon3/mfix-gr712rc/libc.a(lib_a-mprec.o)
 .bss           0x00000000400104c8        0x0 /home/fsw/rep/tasa/lib/bcc-2.2.3-gcc/bin/../lib/gcc/sparc-gaisler-elf/10.2.0/../../../../sparc-gaisler-elf/lib/leon3/mfix-gr712rc/libc.a(lib_a-putc.o)
 .bss           0x00000000400104c8        0x0 /home/fsw/rep/tasa/lib/bcc-2.2.3-gcc/bin/../lib/gcc/sparc-gaisler-elf/10.2.0/../../../../sparc-gaisler-elf/lib/leon3/mfix-gr712rc/libc.a(lib_a-reallocr.o)
 .bss           0x00000000400104c8        0x0 /home/fsw/rep/tasa/lib/bcc-2.2.3-gcc/bin/../lib/gcc/sparc-gaisler-elf/10.2.0/../../../../sparc-gaisler-elf/lib/leon3/mfix-gr712rc/libc.a(lib_a-s_frexp.o)
 .bss           0x00000000400104c8        0x0 /home/fsw/rep/tasa/lib/bcc-2.2.3-gcc/bin/../lib/gcc/sparc-gaisler-elf/10.2.0/../../../../sparc-gaisler-elf/lib/leon3/mfix-gr712rc/libc.a(lib_a-sbrkr.o)
 .bss           0x00000000400104c8        0x0 /home/fsw/rep/tasa/lib/bcc-2.2.3-gcc/bin/../lib/gcc/sparc-gaisler-elf/10.2.0/../../../../sparc-gaisler-elf/lib/leon3/mfix-gr712rc/libc.a(lib_a-stdio.o)
 .bss           0x00000000400104c8        0x0 /home/fsw/rep/tasa/lib/bcc-2.2.3-gcc/bin/../lib/gcc/sparc-gaisler-elf/10.2.0/../../../../sparc-gaisler-elf/lib/leon3/mfix-gr712rc/libc.a(lib_a-strncpy.o)
 .bss           0x00000000400104c8        0x0 /home/fsw/rep/tasa/lib/bcc-2.2.3-gcc/bin/../lib/gcc/sparc-gaisler-elf/10.2.0/../../../../sparc-gaisler-elf/lib/leon3/mfix-gr712rc/libc.a(lib_a-vfiprintf.o)
 .bss           0x00000000400104c8        0x0 /home/fsw/rep/tasa/lib/bcc-2.2.3-gcc/bin/../lib/gcc/sparc-gaisler-elf/10.2.0/../../../../sparc-gaisler-elf/lib/leon3/mfix-gr712rc/libc.a(lib_a-wbuf.o)
 .bss           0x00000000400104c8        0x0 /home/fsw/rep/tasa/lib/bcc-2.2.3-gcc/bin/../lib/gcc/sparc-gaisler-elf/10.2.0/../../../../sparc-gaisler-elf/lib/leon3/mfix-gr712rc/libc.a(lib_a-writer.o)
 .bss           0x00000000400104c8        0x0 /home/fsw/rep/tasa/lib/bcc-2.2.3-gcc/bin/../lib/gcc/sparc-gaisler-elf/10.2.0/../../../../sparc-gaisler-elf/lib/leon3/mfix-gr712rc/libc.a(lib_a-callocr.o)
 .bss           0x00000000400104c8        0x0 /home/fsw/rep/tasa/lib/bcc-2.2.3-gcc/bin/../lib/gcc/sparc-gaisler-elf/10.2.0/../../../../sparc-gaisler-elf/lib/leon3/mfix-gr712rc/libc.a(lib_a-closer.o)
 .bss           0x00000000400104c8        0x0 /home/fsw/rep/tasa/lib/bcc-2.2.3-gcc/bin/../lib/gcc/sparc-gaisler-elf/10.2.0/../../../../sparc-gaisler-elf/lib/leon3/mfix-gr712rc/libc.a(lib_a-fclose.o)
 .bss           0x00000000400104c8        0x0 /home/fsw/rep/tasa/lib/bcc-2.2.3-gcc/bin/../lib/gcc/sparc-gaisler-elf/10.2.0/../../../../sparc-gaisler-elf/lib/leon3/mfix-gr712rc/libc.a(lib_a-fputwc.o)
 .bss           0x00000000400104c8        0x0 /home/fsw/rep/tasa/lib/bcc-2.2.3-gcc/bin/../lib/gcc/sparc-gaisler-elf/10.2.0/../../../../sparc-gaisler-elf/lib/leon3/mfix-gr712rc/libc.a(lib_a-fstatr.o)
 .bss           0x00000000400104c8        0x0 /home/fsw/rep/tasa/lib/bcc-2.2.3-gcc/bin/../lib/gcc/sparc-gaisler-elf/10.2.0/../../../../sparc-gaisler-elf/lib/leon3/mfix-gr712rc/libc.a(lib_a-isattyr.o)
 .bss           0x00000000400104c8        0x4 /home/fsw/rep/tasa/lib/bcc-2.2.3-gcc/bin/../lib/gcc/sparc-gaisler-elf/10.2.0/../../../../sparc-gaisler-elf/lib/leon3/mfix-gr712rc/libc.a(lib_a-locale.o)
                0x00000000400104c8                _PathLocale
 .bss           0x00000000400104cc        0x0 /home/fsw/rep/tasa/lib/bcc-2.2.3-gcc/bin/../lib/gcc/sparc-gaisler-elf/10.2.0/../../../../sparc-gaisler-elf/lib/leon3/mfix-gr712rc/libc.a(lib_a-lseekr.o)
 .bss           0x00000000400104cc        0x0 /home/fsw/rep/tasa/lib/bcc-2.2.3-gcc/bin/../lib/gcc/sparc-gaisler-elf/10.2.0/../../../../sparc-gaisler-elf/lib/leon3/mfix-gr712rc/libc.a(lib_a-mbtowc_r.o)
 .bss           0x00000000400104cc        0x0 /home/fsw/rep/tasa/lib/bcc-2.2.3-gcc/bin/../lib/gcc/sparc-gaisler-elf/10.2.0/../../../../sparc-gaisler-elf/lib/leon3/mfix-gr712rc/libc.a(lib_a-readr.o)
 .bss           0x00000000400104cc        0x4 /home/fsw/rep/tasa/lib/bcc-2.2.3-gcc/bin/../lib/gcc/sparc-gaisler-elf/10.2.0/../../../../sparc-gaisler-elf/lib/leon3/mfix-gr712rc/libc.a(lib_a-reent.o)
                0x00000000400104cc                errno
 .bss           0x00000000400104d0        0x0 /home/fsw/rep/tasa/lib/bcc-2.2.3-gcc/bin/../lib/gcc/sparc-gaisler-elf/10.2.0/../../../../sparc-gaisler-elf/lib/leon3/mfix-gr712rc/libc.a(lib_a-strcmp.o)
 .bss           0x00000000400104d0        0x0 /home/fsw/rep/tasa/lib/bcc-2.2.3-gcc/bin/../lib/gcc/sparc-gaisler-elf/10.2.0/../../../../sparc-gaisler-elf/lib/leon3/mfix-gr712rc/libc.a(lib_a-wcrtomb.o)
 .bss           0x00000000400104d0        0x0 /home/fsw/rep/tasa/lib/bcc-2.2.3-gcc/bin/../lib/gcc/sparc-gaisler-elf/10.2.0/../../../../sparc-gaisler-elf/lib/leon3/mfix-gr712rc/libc.a(lib_a-wctomb_r.o)
 .bss           0x00000000400104d0        0x0 /home/fsw/rep/tasa/lib/bcc-2.2.3-gcc/bin/../lib/gcc/sparc-gaisler-elf/10.2.0/../../../../sparc-gaisler-elf/lib/leon3/mfix-gr712rc/libc.a(lib_a-ctype_.o)
 .bss           0x00000000400104d0        0x0 /home/fsw/rep/tasa/lib/bcc-2.2.3-gcc/bin/../sparc-gaisler-elf/bsp/gr712rc/leon3/mfix-gr712rc/libbcc.a(_exit.S.o)
 .bss           0x00000000400104d0        0x0 /home/fsw/rep/tasa/lib/bcc-2.2.3-gcc/bin/../sparc-gaisler-elf/bsp/gr712rc/leon3/mfix-gr712rc/libbcc.a(read.c.o)
 .bss           0x00000000400104d0        0x4 /home/fsw/rep/tasa/lib/bcc-2.2.3-gcc/bin/../sparc-gaisler-elf/bsp/gr712rc/leon3/mfix-gr712rc/libbcc.a(sbrk.c.o)
 .bss           0x00000000400104d4        0x8 /home/fsw/rep/tasa/lib/bcc-2.2.3-gcc/bin/../sparc-gaisler-elf/bsp/gr712rc/leon3/mfix-gr712rc/libbcc.a(heap.c.o)
                0x00000000400104d4                __bcc_heap_max
                0x00000000400104d8                __bcc_heap_min
 .bss           0x00000000400104dc        0x0 /home/fsw/rep/tasa/lib/bcc-2.2.3-gcc/bin/../sparc-gaisler-elf/bsp/gr712rc/leon3/mfix-gr712rc/libbcc.a(write.c.o)
 .bss           0x00000000400104dc        0x0 /home/fsw/rep/tasa/lib/bcc-2.2.3-gcc/bin/../sparc-gaisler-elf/bsp/gr712rc/leon3/mfix-gr712rc/libbcc.a(stubs.S.o)
 .bss           0x00000000400104dc        0x4 /home/fsw/rep/tasa/lib/bcc-2.2.3-gcc/bin/../sparc-gaisler-elf/bsp/gr712rc/leon3/mfix-gr712rc/libbcc.a(con_apbuart.c.o)
 .bss           0x00000000400104e0        0x0 /home/fsw/rep/tasa/lib/bcc-2.2.3-gcc/bin/../sparc-gaisler-elf/bsp/gr712rc/leon3/mfix-gr712rc/libbcc.a(con_handle.c.o)
 .bss           0x00000000400104e0        0x0 /home/fsw/rep/tasa/lib/bcc-2.2.3-gcc/bin/../lib/gcc/sparc-gaisler-elf/10.2.0/leon3/mfix-gr712rc/libgcc.a(_udivdi3.o)
 .bss           0x00000000400104e0        0x0 /home/fsw/rep/tasa/lib/bcc-2.2.3-gcc/bin/../lib/gcc/sparc-gaisler-elf/10.2.0/leon3/mfix-gr712rc/libgcc.a(_umoddi3.o)
 .bss           0x00000000400104e0        0x0 /home/fsw/rep/tasa/lib/bcc-2.2.3-gcc/bin/../lib/gcc/sparc-gaisler-elf/10.2.0/leon3/mfix-gr712rc/libgcc.a(_clz.o)
 .bss           0x00000000400104e0        0x0 /home/fsw/rep/tasa/lib/bcc-2.2.3-gcc/bin/../lib/gcc/sparc-gaisler-elf/10.2.0/leon3/mfix-gr712rc/crtend.o
 .bss           0x00000000400104e0        0x0 /home/fsw/rep/tasa/lib/bcc-2.2.3-gcc/bin/../lib/gcc/sparc-gaisler-elf/10.2.0/leon3/mfix-gr712rc/crtn.o
 *(COMMON)
                0x00000000400104e0                . = ALIGN (0x8)
                0x00000000400104e0                __bss_end = .
                0x00000000400104e0                __heap_min = .
                0x00000000400104e0                . = ALIGN (0x8)

.jcr
 *(.jcr)

.stab
 *(.stab)

.stabstr
 *(.stabstr)

.debug
 *(.debug)

.line
 *(.line)

.debug_srcinfo
 *(.debug_srcinfo)

.debug_sfnames
 *(.debug_sfnames)

.debug_aranges  0x0000000000000000      0xa18
 *(.debug_aranges)
 .debug_aranges
                0x0000000000000000       0x20 /home/fsw/rep/tasa/lib/bcc-2.2.3-gcc/bin/../sparc-gaisler-elf/bsp/gr712rc/leon3/mfix-gr712rc/trap_table_mvt_tn0018.S.o
 .debug_aranges
                0x0000000000000020       0x20 /home/fsw/rep/tasa/lib/bcc-2.2.3-gcc/bin/../sparc-gaisler-elf/bsp/gr712rc/leon3/mfix-gr712rc/crt0.S.o
 .debug_aranges
                0x0000000000000040       0x20 /tmp/ccz8Gv4L.o
 .debug_aranges
                0x0000000000000060       0x20 /home/fsw/rep/tasa/lib/bcc-2.2.3-gcc/bin/../sparc-gaisler-elf/bsp/gr712rc/leon3/mfix-gr712rc/libbcc.a(reset_trap_mvt.S.o)
 .debug_aranges
                0x0000000000000080       0x20 /home/fsw/rep/tasa/lib/bcc-2.2.3-gcc/bin/../sparc-gaisler-elf/bsp/gr712rc/leon3/mfix-gr712rc/libbcc.a(window_trap.S.o)
 .debug_aranges
                0x00000000000000a0       0x20 /home/fsw/rep/tasa/lib/bcc-2.2.3-gcc/bin/../sparc-gaisler-elf/bsp/gr712rc/leon3/mfix-gr712rc/libbcc.a(flush_windows_trap.S.o)
 .debug_aranges
                0x00000000000000c0       0x20 /home/fsw/rep/tasa/lib/bcc-2.2.3-gcc/bin/../sparc-gaisler-elf/bsp/gr712rc/leon3/mfix-gr712rc/libbcc.a(sw_trap_set_pil.S.o)
 .debug_aranges
                0x00000000000000e0       0x20 /home/fsw/rep/tasa/lib/bcc-2.2.3-gcc/bin/../sparc-gaisler-elf/bsp/gr712rc/leon3/mfix-gr712rc/libbcc.a(init.S.o)
 .debug_aranges
                0x0000000000000100       0x20 /home/fsw/rep/tasa/lib/bcc-2.2.3-gcc/bin/../sparc-gaisler-elf/bsp/gr712rc/leon3/mfix-gr712rc/libbcc.a(leon_info.S.o)
 .debug_aranges
                0x0000000000000120       0x20 /home/fsw/rep/tasa/lib/bcc-2.2.3-gcc/bin/../sparc-gaisler-elf/bsp/gr712rc/leon3/mfix-gr712rc/libbcc.a(dwzero.S.o)
 .debug_aranges
                0x0000000000000140       0x20 /home/fsw/rep/tasa/lib/bcc-2.2.3-gcc/bin/../sparc-gaisler-elf/bsp/gr712rc/leon3/mfix-gr712rc/libbcc.a(copy_data.c.o)
 .debug_aranges
                0x0000000000000160       0x18 /home/fsw/rep/tasa/lib/bcc-2.2.3-gcc/bin/../sparc-gaisler-elf/bsp/gr712rc/leon3/mfix-gr712rc/libbcc.a(argv.c.o)
 .debug_aranges
                0x0000000000000178       0x20 /home/fsw/rep/tasa/lib/bcc-2.2.3-gcc/bin/../sparc-gaisler-elf/bsp/gr712rc/leon3/mfix-gr712rc/libbcc.a(interrupt_trap_tn0018.S.o)
 .debug_aranges
                0x0000000000000198       0x20 /home/fsw/rep/tasa/lib/bcc-2.2.3-gcc/bin/../sparc-gaisler-elf/bsp/gr712rc/leon3/mfix-gr712rc/libbcc.a(int_irqmp_get_source.c.o)
 .debug_aranges
                0x00000000000001b8       0x20 /home/fsw/rep/tasa/lib/bcc-2.2.3-gcc/bin/../sparc-gaisler-elf/bsp/gr712rc/leon3/mfix-gr712rc/libbcc.a(int_irqmp_mp.c.o)
 .debug_aranges
                0x00000000000001d8       0x20 /home/fsw/rep/tasa/lib/bcc-2.2.3-gcc/bin/../sparc-gaisler-elf/bsp/gr712rc/leon3/mfix-gr712rc/libbcc.a(int_irqmp_init.c.o)
 .debug_aranges
                0x00000000000001f8       0x20 /home/fsw/rep/tasa/lib/bcc-2.2.3-gcc/bin/../sparc-gaisler-elf/bsp/gr712rc/leon3/mfix-gr712rc/libbcc.a(con_apbuart_init.c.o)
 .debug_aranges
                0x0000000000000218       0x20 /home/fsw/rep/tasa/lib/bcc-2.2.3-gcc/bin/../sparc-gaisler-elf/bsp/gr712rc/leon3/mfix-gr712rc/libbcc.a(timer_gptimer_init.c.o)
 .debug_aranges
                0x0000000000000238       0x18 /home/fsw/rep/tasa/lib/bcc-2.2.3-gcc/bin/../sparc-gaisler-elf/bsp/gr712rc/leon3/mfix-gr712rc/libbcc.a(isr.c.o)
 .debug_aranges
                0x0000000000000250       0x18 /home/fsw/rep/tasa/lib/bcc-2.2.3-gcc/bin/../sparc-gaisler-elf/bsp/gr712rc/leon3/mfix-gr712rc/libbcc.a(int_nest.c.o)
 .debug_aranges
                0x0000000000000268       0x18 /home/fsw/rep/tasa/lib/bcc-2.2.3-gcc/bin/../sparc-gaisler-elf/bsp/gr712rc/leon3/mfix-gr712rc/libbcc.a(int_irqmp_handle.c.o)
 .debug_aranges
                0x0000000000000280       0x20 /home/fsw/rep/tasa/lib/bcc-2.2.3-gcc/bin/../lib/gcc/sparc-gaisler-elf/10.2.0/../../../../sparc-gaisler-elf/lib/leon3/mfix-gr712rc/libc.a(lib_a-atexit.o)
 .debug_aranges
                0x00000000000002a0       0x20 /home/fsw/rep/tasa/lib/bcc-2.2.3-gcc/bin/../lib/gcc/sparc-gaisler-elf/10.2.0/../../../../sparc-gaisler-elf/lib/leon3/mfix-gr712rc/libc.a(lib_a-exit.o)
 .debug_aranges
                0x00000000000002c0       0x18 /home/fsw/rep/tasa/lib/bcc-2.2.3-gcc/bin/../lib/gcc/sparc-gaisler-elf/10.2.0/../../../../sparc-gaisler-elf/lib/leon3/mfix-gr712rc/libc.a(lib_a-impure.o)
 .debug_aranges
                0x00000000000002d8       0x20 /home/fsw/rep/tasa/lib/bcc-2.2.3-gcc/bin/../lib/gcc/sparc-gaisler-elf/10.2.0/../../../../sparc-gaisler-elf/lib/leon3/mfix-gr712rc/libc.a(lib_a-printf.o)
 .debug_aranges
                0x00000000000002f8       0x20 /home/fsw/rep/tasa/lib/bcc-2.2.3-gcc/bin/../lib/gcc/sparc-gaisler-elf/10.2.0/../../../../sparc-gaisler-elf/lib/leon3/mfix-gr712rc/libc.a(lib_a-putchar.o)
 .debug_aranges
                0x0000000000000318       0x20 /home/fsw/rep/tasa/lib/bcc-2.2.3-gcc/bin/../lib/gcc/sparc-gaisler-elf/10.2.0/../../../../sparc-gaisler-elf/lib/leon3/mfix-gr712rc/libc.a(lib_a-puts.o)
 .debug_aranges
                0x0000000000000338       0x20 /home/fsw/rep/tasa/lib/bcc-2.2.3-gcc/bin/../lib/gcc/sparc-gaisler-elf/10.2.0/../../../../sparc-gaisler-elf/lib/leon3/mfix-gr712rc/libc.a(lib_a-strlen.o)
 .debug_aranges
                0x0000000000000358       0x20 /home/fsw/rep/tasa/lib/bcc-2.2.3-gcc/bin/../lib/gcc/sparc-gaisler-elf/10.2.0/../../../../sparc-gaisler-elf/lib/leon3/mfix-gr712rc/libc.a(lib_a-vfprintf.o)
 .debug_aranges
                0x0000000000000378       0x20 /home/fsw/rep/tasa/lib/bcc-2.2.3-gcc/bin/../lib/gcc/sparc-gaisler-elf/10.2.0/../../../../sparc-gaisler-elf/lib/leon3/mfix-gr712rc/libc.a(lib_a-wsetup.o)
 .debug_aranges
                0x0000000000000398       0x20 /home/fsw/rep/tasa/lib/bcc-2.2.3-gcc/bin/../lib/gcc/sparc-gaisler-elf/10.2.0/../../../../sparc-gaisler-elf/lib/leon3/mfix-gr712rc/libc.a(lib_a-__atexit.o)
 .debug_aranges
                0x00000000000003b8       0x20 /home/fsw/rep/tasa/lib/bcc-2.2.3-gcc/bin/../lib/gcc/sparc-gaisler-elf/10.2.0/../../../../sparc-gaisler-elf/lib/leon3/mfix-gr712rc/libc.a(lib_a-__call_atexit.o)
 .debug_aranges
                0x00000000000003d8       0x20 /home/fsw/rep/tasa/lib/bcc-2.2.3-gcc/bin/../lib/gcc/sparc-gaisler-elf/10.2.0/../../../../sparc-gaisler-elf/lib/leon3/mfix-gr712rc/libc.a(lib_a-dtoa.o)
 .debug_aranges
                0x00000000000003f8       0x20 /home/fsw/rep/tasa/lib/bcc-2.2.3-gcc/bin/../lib/gcc/sparc-gaisler-elf/10.2.0/../../../../sparc-gaisler-elf/lib/leon3/mfix-gr712rc/libc.a(lib_a-fflush.o)
 .debug_aranges
                0x0000000000000418       0x20 /home/fsw/rep/tasa/lib/bcc-2.2.3-gcc/bin/../lib/gcc/sparc-gaisler-elf/10.2.0/../../../../sparc-gaisler-elf/lib/leon3/mfix-gr712rc/libc.a(lib_a-findfp.o)
 .debug_aranges
                0x0000000000000438       0x20 /home/fsw/rep/tasa/lib/bcc-2.2.3-gcc/bin/../lib/gcc/sparc-gaisler-elf/10.2.0/../../../../sparc-gaisler-elf/lib/leon3/mfix-gr712rc/libc.a(lib_a-freer.o)
 .debug_aranges
                0x0000000000000458       0x20 /home/fsw/rep/tasa/lib/bcc-2.2.3-gcc/bin/../lib/gcc/sparc-gaisler-elf/10.2.0/../../../../sparc-gaisler-elf/lib/leon3/mfix-gr712rc/libc.a(lib_a-fvwrite.o)
 .debug_aranges
                0x0000000000000478       0x20 /home/fsw/rep/tasa/lib/bcc-2.2.3-gcc/bin/../lib/gcc/sparc-gaisler-elf/10.2.0/../../../../sparc-gaisler-elf/lib/leon3/mfix-gr712rc/libc.a(lib_a-fwalk.o)
 .debug_aranges
                0x0000000000000498       0x20 /home/fsw/rep/tasa/lib/bcc-2.2.3-gcc/bin/../lib/gcc/sparc-gaisler-elf/10.2.0/../../../../sparc-gaisler-elf/lib/leon3/mfix-gr712rc/libc.a(lib_a-localeconv.o)
 .debug_aranges
                0x00000000000004b8       0x20 /home/fsw/rep/tasa/lib/bcc-2.2.3-gcc/bin/../lib/gcc/sparc-gaisler-elf/10.2.0/../../../../sparc-gaisler-elf/lib/leon3/mfix-gr712rc/libc.a(lib_a-makebuf.o)
 .debug_aranges
                0x00000000000004d8       0x20 /home/fsw/rep/tasa/lib/bcc-2.2.3-gcc/bin/../lib/gcc/sparc-gaisler-elf/10.2.0/../../../../sparc-gaisler-elf/lib/leon3/mfix-gr712rc/libc.a(lib_a-malloc.o)
 .debug_aranges
                0x00000000000004f8       0x20 /home/fsw/rep/tasa/lib/bcc-2.2.3-gcc/bin/../lib/gcc/sparc-gaisler-elf/10.2.0/../../../../sparc-gaisler-elf/lib/leon3/mfix-gr712rc/libc.a(lib_a-mallocr.o)
 .debug_aranges
                0x0000000000000518       0x20 /home/fsw/rep/tasa/lib/bcc-2.2.3-gcc/bin/../lib/gcc/sparc-gaisler-elf/10.2.0/../../../../sparc-gaisler-elf/lib/leon3/mfix-gr712rc/libc.a(lib_a-memchr.o)
 .debug_aranges
                0x0000000000000538       0x20 /home/fsw/rep/tasa/lib/bcc-2.2.3-gcc/bin/../lib/gcc/sparc-gaisler-elf/10.2.0/../../../../sparc-gaisler-elf/lib/leon3/mfix-gr712rc/libc.a(lib_a-memcpy.o)
 .debug_aranges
                0x0000000000000558       0x20 /home/fsw/rep/tasa/lib/bcc-2.2.3-gcc/bin/../lib/gcc/sparc-gaisler-elf/10.2.0/../../../../sparc-gaisler-elf/lib/leon3/mfix-gr712rc/libc.a(lib_a-memmove.o)
 .debug_aranges
                0x0000000000000578       0x20 /home/fsw/rep/tasa/lib/bcc-2.2.3-gcc/bin/../lib/gcc/sparc-gaisler-elf/10.2.0/../../../../sparc-gaisler-elf/lib/leon3/mfix-gr712rc/libc.a(lib_a-memset.o)
 .debug_aranges
                0x0000000000000598       0x20 /home/fsw/rep/tasa/lib/bcc-2.2.3-gcc/bin/../lib/gcc/sparc-gaisler-elf/10.2.0/../../../../sparc-gaisler-elf/lib/leon3/mfix-gr712rc/libc.a(lib_a-mlock.o)
 .debug_aranges
                0x00000000000005b8       0x20 /home/fsw/rep/tasa/lib/bcc-2.2.3-gcc/bin/../lib/gcc/sparc-gaisler-elf/10.2.0/../../../../sparc-gaisler-elf/lib/leon3/mfix-gr712rc/libc.a(lib_a-mprec.o)
 .debug_aranges
                0x00000000000005d8       0x20 /home/fsw/rep/tasa/lib/bcc-2.2.3-gcc/bin/../lib/gcc/sparc-gaisler-elf/10.2.0/../../../../sparc-gaisler-elf/lib/leon3/mfix-gr712rc/libc.a(lib_a-putc.o)
 .debug_aranges
                0x00000000000005f8       0x20 /home/fsw/rep/tasa/lib/bcc-2.2.3-gcc/bin/../lib/gcc/sparc-gaisler-elf/10.2.0/../../../../sparc-gaisler-elf/lib/leon3/mfix-gr712rc/libc.a(lib_a-reallocr.o)
 .debug_aranges
                0x0000000000000618       0x20 /home/fsw/rep/tasa/lib/bcc-2.2.3-gcc/bin/../lib/gcc/sparc-gaisler-elf/10.2.0/../../../../sparc-gaisler-elf/lib/leon3/mfix-gr712rc/libc.a(lib_a-s_frexp.o)
 .debug_aranges
                0x0000000000000638       0x20 /home/fsw/rep/tasa/lib/bcc-2.2.3-gcc/bin/../lib/gcc/sparc-gaisler-elf/10.2.0/../../../../sparc-gaisler-elf/lib/leon3/mfix-gr712rc/libc.a(lib_a-sbrkr.o)
 .debug_aranges
                0x0000000000000658       0x20 /home/fsw/rep/tasa/lib/bcc-2.2.3-gcc/bin/../lib/gcc/sparc-gaisler-elf/10.2.0/../../../../sparc-gaisler-elf/lib/leon3/mfix-gr712rc/libc.a(lib_a-stdio.o)
 .debug_aranges
                0x0000000000000678       0x20 /home/fsw/rep/tasa/lib/bcc-2.2.3-gcc/bin/../lib/gcc/sparc-gaisler-elf/10.2.0/../../../../sparc-gaisler-elf/lib/leon3/mfix-gr712rc/libc.a(lib_a-strncpy.o)
 .debug_aranges
                0x0000000000000698       0x20 /home/fsw/rep/tasa/lib/bcc-2.2.3-gcc/bin/../lib/gcc/sparc-gaisler-elf/10.2.0/../../../../sparc-gaisler-elf/lib/leon3/mfix-gr712rc/libc.a(lib_a-vfiprintf.o)
 .debug_aranges
                0x00000000000006b8       0x20 /home/fsw/rep/tasa/lib/bcc-2.2.3-gcc/bin/../lib/gcc/sparc-gaisler-elf/10.2.0/../../../../sparc-gaisler-elf/lib/leon3/mfix-gr712rc/libc.a(lib_a-wbuf.o)
 .debug_aranges
                0x00000000000006d8       0x20 /home/fsw/rep/tasa/lib/bcc-2.2.3-gcc/bin/../lib/gcc/sparc-gaisler-elf/10.2.0/../../../../sparc-gaisler-elf/lib/leon3/mfix-gr712rc/libc.a(lib_a-writer.o)
 .debug_aranges
                0x00000000000006f8       0x20 /home/fsw/rep/tasa/lib/bcc-2.2.3-gcc/bin/../lib/gcc/sparc-gaisler-elf/10.2.0/../../../../sparc-gaisler-elf/lib/leon3/mfix-gr712rc/libc.a(lib_a-callocr.o)
 .debug_aranges
                0x0000000000000718       0x20 /home/fsw/rep/tasa/lib/bcc-2.2.3-gcc/bin/../lib/gcc/sparc-gaisler-elf/10.2.0/../../../../sparc-gaisler-elf/lib/leon3/mfix-gr712rc/libc.a(lib_a-closer.o)
 .debug_aranges
                0x0000000000000738       0x20 /home/fsw/rep/tasa/lib/bcc-2.2.3-gcc/bin/../lib/gcc/sparc-gaisler-elf/10.2.0/../../../../sparc-gaisler-elf/lib/leon3/mfix-gr712rc/libc.a(lib_a-fclose.o)
 .debug_aranges
                0x0000000000000758       0x20 /home/fsw/rep/tasa/lib/bcc-2.2.3-gcc/bin/../lib/gcc/sparc-gaisler-elf/10.2.0/../../../../sparc-gaisler-elf/lib/leon3/mfix-gr712rc/libc.a(lib_a-fputwc.o)
 .debug_aranges
                0x0000000000000778       0x20 /home/fsw/rep/tasa/lib/bcc-2.2.3-gcc/bin/../lib/gcc/sparc-gaisler-elf/10.2.0/../../../../sparc-gaisler-elf/lib/leon3/mfix-gr712rc/libc.a(lib_a-fstatr.o)
 .debug_aranges
                0x0000000000000798       0x20 /home/fsw/rep/tasa/lib/bcc-2.2.3-gcc/bin/../lib/gcc/sparc-gaisler-elf/10.2.0/../../../../sparc-gaisler-elf/lib/leon3/mfix-gr712rc/libc.a(lib_a-isattyr.o)
 .debug_aranges
                0x00000000000007b8       0x20 /home/fsw/rep/tasa/lib/bcc-2.2.3-gcc/bin/../lib/gcc/sparc-gaisler-elf/10.2.0/../../../../sparc-gaisler-elf/lib/leon3/mfix-gr712rc/libc.a(lib_a-locale.o)
 .debug_aranges
                0x00000000000007d8       0x20 /home/fsw/rep/tasa/lib/bcc-2.2.3-gcc/bin/../lib/gcc/sparc-gaisler-elf/10.2.0/../../../../sparc-gaisler-elf/lib/leon3/mfix-gr712rc/libc.a(lib_a-lseekr.o)
 .debug_aranges
                0x00000000000007f8       0x20 /home/fsw/rep/tasa/lib/bcc-2.2.3-gcc/bin/../lib/gcc/sparc-gaisler-elf/10.2.0/../../../../sparc-gaisler-elf/lib/leon3/mfix-gr712rc/libc.a(lib_a-mbtowc_r.o)
 .debug_aranges
                0x0000000000000818       0x20 /home/fsw/rep/tasa/lib/bcc-2.2.3-gcc/bin/../lib/gcc/sparc-gaisler-elf/10.2.0/../../../../sparc-gaisler-elf/lib/leon3/mfix-gr712rc/libc.a(lib_a-readr.o)
 .debug_aranges
                0x0000000000000838       0x20 /home/fsw/rep/tasa/lib/bcc-2.2.3-gcc/bin/../lib/gcc/sparc-gaisler-elf/10.2.0/../../../../sparc-gaisler-elf/lib/leon3/mfix-gr712rc/libc.a(lib_a-reent.o)
 .debug_aranges
                0x0000000000000858       0x20 /home/fsw/rep/tasa/lib/bcc-2.2.3-gcc/bin/../lib/gcc/sparc-gaisler-elf/10.2.0/../../../../sparc-gaisler-elf/lib/leon3/mfix-gr712rc/libc.a(lib_a-strcmp.o)
 .debug_aranges
                0x0000000000000878       0x20 /home/fsw/rep/tasa/lib/bcc-2.2.3-gcc/bin/../lib/gcc/sparc-gaisler-elf/10.2.0/../../../../sparc-gaisler-elf/lib/leon3/mfix-gr712rc/libc.a(lib_a-wcrtomb.o)
 .debug_aranges
                0x0000000000000898       0x20 /home/fsw/rep/tasa/lib/bcc-2.2.3-gcc/bin/../lib/gcc/sparc-gaisler-elf/10.2.0/../../../../sparc-gaisler-elf/lib/leon3/mfix-gr712rc/libc.a(lib_a-wctomb_r.o)
 .debug_aranges
                0x00000000000008b8       0x18 /home/fsw/rep/tasa/lib/bcc-2.2.3-gcc/bin/../lib/gcc/sparc-gaisler-elf/10.2.0/../../../../sparc-gaisler-elf/lib/leon3/mfix-gr712rc/libc.a(lib_a-ctype_.o)
 .debug_aranges
                0x00000000000008d0       0x20 /home/fsw/rep/tasa/lib/bcc-2.2.3-gcc/bin/../sparc-gaisler-elf/bsp/gr712rc/leon3/mfix-gr712rc/libbcc.a(_exit.S.o)
 .debug_aranges
                0x00000000000008f0       0x20 /home/fsw/rep/tasa/lib/bcc-2.2.3-gcc/bin/../sparc-gaisler-elf/bsp/gr712rc/leon3/mfix-gr712rc/libbcc.a(read.c.o)
 .debug_aranges
                0x0000000000000910       0x20 /home/fsw/rep/tasa/lib/bcc-2.2.3-gcc/bin/../sparc-gaisler-elf/bsp/gr712rc/leon3/mfix-gr712rc/libbcc.a(sbrk.c.o)
 .debug_aranges
                0x0000000000000930       0x18 /home/fsw/rep/tasa/lib/bcc-2.2.3-gcc/bin/../sparc-gaisler-elf/bsp/gr712rc/leon3/mfix-gr712rc/libbcc.a(heap.c.o)
 .debug_aranges
                0x0000000000000948       0x20 /home/fsw/rep/tasa/lib/bcc-2.2.3-gcc/bin/../sparc-gaisler-elf/bsp/gr712rc/leon3/mfix-gr712rc/libbcc.a(write.c.o)
 .debug_aranges
                0x0000000000000968       0x20 /home/fsw/rep/tasa/lib/bcc-2.2.3-gcc/bin/../sparc-gaisler-elf/bsp/gr712rc/leon3/mfix-gr712rc/libbcc.a(stubs.S.o)
 .debug_aranges
                0x0000000000000988       0x20 /home/fsw/rep/tasa/lib/bcc-2.2.3-gcc/bin/../sparc-gaisler-elf/bsp/gr712rc/leon3/mfix-gr712rc/libbcc.a(con_apbuart.c.o)
 .debug_aranges
                0x00000000000009a8       0x18 /home/fsw/rep/tasa/lib/bcc-2.2.3-gcc/bin/../sparc-gaisler-elf/bsp/gr712rc/leon3/mfix-gr712rc/libbcc.a(con_handle.c.o)
 .debug_aranges
                0x00000000000009c0       0x20 /home/fsw/rep/tasa/lib/bcc-2.2.3-gcc/bin/../lib/gcc/sparc-gaisler-elf/10.2.0/leon3/mfix-gr712rc/libgcc.a(_udivdi3.o)
 .debug_aranges
                0x00000000000009e0       0x20 /home/fsw/rep/tasa/lib/bcc-2.2.3-gcc/bin/../lib/gcc/sparc-gaisler-elf/10.2.0/leon3/mfix-gr712rc/libgcc.a(_umoddi3.o)
 .debug_aranges
                0x0000000000000a00       0x18 /home/fsw/rep/tasa/lib/bcc-2.2.3-gcc/bin/../lib/gcc/sparc-gaisler-elf/10.2.0/leon3/mfix-gr712rc/libgcc.a(_clz.o)

.debug_pubnames
 *(.debug_pubnames)

.debug_info     0x0000000000000000    0x21050
 *(.debug_info)
 .debug_info    0x0000000000000000       0x26 /home/fsw/rep/tasa/lib/bcc-2.2.3-gcc/bin/../sparc-gaisler-elf/bsp/gr712rc/leon3/mfix-gr712rc/trap_table_mvt_tn0018.S.o
 .debug_info    0x0000000000000026       0x26 /home/fsw/rep/tasa/lib/bcc-2.2.3-gcc/bin/../sparc-gaisler-elf/bsp/gr712rc/leon3/mfix-gr712rc/crt0.S.o
 .debug_info    0x000000000000004c      0x40d /tmp/ccz8Gv4L.o
 .debug_info    0x0000000000000459       0x26 /home/fsw/rep/tasa/lib/bcc-2.2.3-gcc/bin/../sparc-gaisler-elf/bsp/gr712rc/leon3/mfix-gr712rc/libbcc.a(reset_trap_mvt.S.o)
 .debug_info    0x000000000000047f       0x26 /home/fsw/rep/tasa/lib/bcc-2.2.3-gcc/bin/../sparc-gaisler-elf/bsp/gr712rc/leon3/mfix-gr712rc/libbcc.a(window_trap.S.o)
 .debug_info    0x00000000000004a5       0x26 /home/fsw/rep/tasa/lib/bcc-2.2.3-gcc/bin/../sparc-gaisler-elf/bsp/gr712rc/leon3/mfix-gr712rc/libbcc.a(flush_windows_trap.S.o)
 .debug_info    0x00000000000004cb       0x26 /home/fsw/rep/tasa/lib/bcc-2.2.3-gcc/bin/../sparc-gaisler-elf/bsp/gr712rc/leon3/mfix-gr712rc/libbcc.a(sw_trap_set_pil.S.o)
 .debug_info    0x00000000000004f1       0x26 /home/fsw/rep/tasa/lib/bcc-2.2.3-gcc/bin/../sparc-gaisler-elf/bsp/gr712rc/leon3/mfix-gr712rc/libbcc.a(init.S.o)
 .debug_info    0x0000000000000517       0x26 /home/fsw/rep/tasa/lib/bcc-2.2.3-gcc/bin/../sparc-gaisler-elf/bsp/gr712rc/leon3/mfix-gr712rc/libbcc.a(leon_info.S.o)
 .debug_info    0x000000000000053d       0x26 /home/fsw/rep/tasa/lib/bcc-2.2.3-gcc/bin/../sparc-gaisler-elf/bsp/gr712rc/leon3/mfix-gr712rc/libbcc.a(dwzero.S.o)
 .debug_info    0x0000000000000563       0xe8 /home/fsw/rep/tasa/lib/bcc-2.2.3-gcc/bin/../sparc-gaisler-elf/bsp/gr712rc/leon3/mfix-gr712rc/libbcc.a(copy_data.c.o)
 .debug_info    0x000000000000064b       0xd9 /home/fsw/rep/tasa/lib/bcc-2.2.3-gcc/bin/../sparc-gaisler-elf/bsp/gr712rc/leon3/mfix-gr712rc/libbcc.a(argv.c.o)
 .debug_info    0x0000000000000724       0x26 /home/fsw/rep/tasa/lib/bcc-2.2.3-gcc/bin/../sparc-gaisler-elf/bsp/gr712rc/leon3/mfix-gr712rc/libbcc.a(interrupt_trap_tn0018.S.o)
 .debug_info    0x000000000000074a      0x2db /home/fsw/rep/tasa/lib/bcc-2.2.3-gcc/bin/../sparc-gaisler-elf/bsp/gr712rc/leon3/mfix-gr712rc/libbcc.a(int_irqmp_get_source.c.o)
 .debug_info    0x0000000000000a25      0x3a6 /home/fsw/rep/tasa/lib/bcc-2.2.3-gcc/bin/../sparc-gaisler-elf/bsp/gr712rc/leon3/mfix-gr712rc/libbcc.a(int_irqmp_mp.c.o)
 .debug_info    0x0000000000000dcb      0x390 /home/fsw/rep/tasa/lib/bcc-2.2.3-gcc/bin/../sparc-gaisler-elf/bsp/gr712rc/leon3/mfix-gr712rc/libbcc.a(int_irqmp_init.c.o)
 .debug_info    0x000000000000115b       0xd7 /home/fsw/rep/tasa/lib/bcc-2.2.3-gcc/bin/../sparc-gaisler-elf/bsp/gr712rc/leon3/mfix-gr712rc/libbcc.a(con_apbuart_init.c.o)
 .debug_info    0x0000000000001232      0x17d /home/fsw/rep/tasa/lib/bcc-2.2.3-gcc/bin/../sparc-gaisler-elf/bsp/gr712rc/leon3/mfix-gr712rc/libbcc.a(timer_gptimer_init.c.o)
 .debug_info    0x00000000000013af       0xf5 /home/fsw/rep/tasa/lib/bcc-2.2.3-gcc/bin/../sparc-gaisler-elf/bsp/gr712rc/leon3/mfix-gr712rc/libbcc.a(isr.c.o)
 .debug_info    0x00000000000014a4       0xcd /home/fsw/rep/tasa/lib/bcc-2.2.3-gcc/bin/../sparc-gaisler-elf/bsp/gr712rc/leon3/mfix-gr712rc/libbcc.a(int_nest.c.o)
 .debug_info    0x0000000000001571       0xeb /home/fsw/rep/tasa/lib/bcc-2.2.3-gcc/bin/../sparc-gaisler-elf/bsp/gr712rc/leon3/mfix-gr712rc/libbcc.a(int_irqmp_handle.c.o)
 .debug_info    0x000000000000165c      0x102 /home/fsw/rep/tasa/lib/bcc-2.2.3-gcc/bin/../lib/gcc/sparc-gaisler-elf/10.2.0/../../../../sparc-gaisler-elf/lib/leon3/mfix-gr712rc/libc.a(lib_a-atexit.o)
 .debug_info    0x000000000000175e      0x7de /home/fsw/rep/tasa/lib/bcc-2.2.3-gcc/bin/../lib/gcc/sparc-gaisler-elf/10.2.0/../../../../sparc-gaisler-elf/lib/leon3/mfix-gr712rc/libc.a(lib_a-exit.o)
 .debug_info    0x0000000000001f3c      0x83e /home/fsw/rep/tasa/lib/bcc-2.2.3-gcc/bin/../lib/gcc/sparc-gaisler-elf/10.2.0/../../../../sparc-gaisler-elf/lib/leon3/mfix-gr712rc/libc.a(lib_a-impure.o)
 .debug_info    0x000000000000277a      0x916 /home/fsw/rep/tasa/lib/bcc-2.2.3-gcc/bin/../lib/gcc/sparc-gaisler-elf/10.2.0/../../../../sparc-gaisler-elf/lib/leon3/mfix-gr712rc/libc.a(lib_a-printf.o)
 .debug_info    0x0000000000003090      0x891 /home/fsw/rep/tasa/lib/bcc-2.2.3-gcc/bin/../lib/gcc/sparc-gaisler-elf/10.2.0/../../../../sparc-gaisler-elf/lib/leon3/mfix-gr712rc/libc.a(lib_a-putchar.o)
 .debug_info    0x0000000000003921      0xaf5 /home/fsw/rep/tasa/lib/bcc-2.2.3-gcc/bin/../lib/gcc/sparc-gaisler-elf/10.2.0/../../../../sparc-gaisler-elf/lib/leon3/mfix-gr712rc/libc.a(lib_a-puts.o)
 .debug_info    0x0000000000004416       0xee /home/fsw/rep/tasa/lib/bcc-2.2.3-gcc/bin/../lib/gcc/sparc-gaisler-elf/10.2.0/../../../../sparc-gaisler-elf/lib/leon3/mfix-gr712rc/libc.a(lib_a-strlen.o)
 .debug_info    0x0000000000004504     0x1d9f /home/fsw/rep/tasa/lib/bcc-2.2.3-gcc/bin/../lib/gcc/sparc-gaisler-elf/10.2.0/../../../../sparc-gaisler-elf/lib/leon3/mfix-gr712rc/libc.a(lib_a-vfprintf.o)
 .debug_info    0x00000000000062a3      0x8dd /home/fsw/rep/tasa/lib/bcc-2.2.3-gcc/bin/../lib/gcc/sparc-gaisler-elf/10.2.0/../../../../sparc-gaisler-elf/lib/leon3/mfix-gr712rc/libc.a(lib_a-wsetup.o)
 .debug_info    0x0000000000006b80      0x264 /home/fsw/rep/tasa/lib/bcc-2.2.3-gcc/bin/../lib/gcc/sparc-gaisler-elf/10.2.0/../../../../sparc-gaisler-elf/lib/leon3/mfix-gr712rc/libc.a(lib_a-__atexit.o)
 .debug_info    0x0000000000006de4      0x28d /home/fsw/rep/tasa/lib/bcc-2.2.3-gcc/bin/../lib/gcc/sparc-gaisler-elf/10.2.0/../../../../sparc-gaisler-elf/lib/leon3/mfix-gr712rc/libc.a(lib_a-__call_atexit.o)
 .debug_info    0x0000000000007071     0x152b /home/fsw/rep/tasa/lib/bcc-2.2.3-gcc/bin/../lib/gcc/sparc-gaisler-elf/10.2.0/../../../../sparc-gaisler-elf/lib/leon3/mfix-gr712rc/libc.a(lib_a-dtoa.o)
 .debug_info    0x000000000000859c      0xafe /home/fsw/rep/tasa/lib/bcc-2.2.3-gcc/bin/../lib/gcc/sparc-gaisler-elf/10.2.0/../../../../sparc-gaisler-elf/lib/leon3/mfix-gr712rc/libc.a(lib_a-fflush.o)
 .debug_info    0x000000000000909a      0xddb /home/fsw/rep/tasa/lib/bcc-2.2.3-gcc/bin/../lib/gcc/sparc-gaisler-elf/10.2.0/../../../../sparc-gaisler-elf/lib/leon3/mfix-gr712rc/libc.a(lib_a-findfp.o)
 .debug_info    0x0000000000009e75      0xb8d /home/fsw/rep/tasa/lib/bcc-2.2.3-gcc/bin/../lib/gcc/sparc-gaisler-elf/10.2.0/../../../../sparc-gaisler-elf/lib/leon3/mfix-gr712rc/libc.a(lib_a-freer.o)