Archive member included to satisfy reference by file (symbol)

/home/fsw/rep/tasa/lib/bcc-2.2.3-gcc/bin/../sparc-gaisler-elf/bsp/leon3/mfix-b2bst/soft/libbcc.a(reset_trap_mvt.S.o)
                              /home/fsw/rep/tasa/lib/bcc-2.2.3-gcc/bin/../sparc-gaisler-elf/bsp/leon3/mfix-b2bst/soft/trap_table_mvt.S.o (__bcc_trap_reset_mvt)
/home/fsw/rep/tasa/lib/bcc-2.2.3-gcc/bin/../sparc-gaisler-elf/bsp/leon3/mfix-b2bst/soft/libbcc.a(window_trap.S.o)
                              /home/fsw/rep/tasa/lib/bcc-2.2.3-gcc/bin/../sparc-gaisler-elf/bsp/leon3/mfix-b2bst/soft/trap_table_mvt.S.o (__bcc_trap_window_overflow)
/home/fsw/rep/tasa/lib/bcc-2.2.3-gcc/bin/../sparc-gaisler-elf/bsp/leon3/mfix-b2bst/soft/libbcc.a(interrupt_trap.S.o)
                              /home/fsw/rep/tasa/lib/bcc-2.2.3-gcc/bin/../sparc-gaisler-elf/bsp/leon3/mfix-b2bst/soft/trap_table_mvt.S.o (__bcc_trap_interrupt)
/home/fsw/rep/tasa/lib/bcc-2.2.3-gcc/bin/../sparc-gaisler-elf/bsp/leon3/mfix-b2bst/soft/libbcc.a(flush_windows_trap.S.o)
                              /home/fsw/rep/tasa/lib/bcc-2.2.3-gcc/bin/../sparc-gaisler-elf/bsp/leon3/mfix-b2bst/soft/trap_table_mvt.S.o (__bcc_trap_flush_windows)
/home/fsw/rep/tasa/lib/bcc-2.2.3-gcc/bin/../sparc-gaisler-elf/bsp/leon3/mfix-b2bst/soft/libbcc.a(sw_trap_set_pil.S.o)
                              /home/fsw/rep/tasa/lib/bcc-2.2.3-gcc/bin/../sparc-gaisler-elf/bsp/leon3/mfix-b2bst/soft/trap_table_mvt.S.o (__bcc_trap_sw_set_pil)
/home/fsw/rep/tasa/lib/bcc-2.2.3-gcc/bin/../sparc-gaisler-elf/bsp/leon3/mfix-b2bst/soft/libbcc.a(isr.c.o)
                              /home/fsw/rep/tasa/lib/bcc-2.2.3-gcc/bin/../sparc-gaisler-elf/bsp/leon3/mfix-b2bst/soft/libbcc.a(interrupt_trap.S.o) (__bcc_isr_list)
/home/fsw/rep/tasa/lib/bcc-2.2.3-gcc/bin/../sparc-gaisler-elf/bsp/leon3/mfix-b2bst/soft/libbcc.a(int_nest.c.o)
                              /home/fsw/rep/tasa/lib/bcc-2.2.3-gcc/bin/../sparc-gaisler-elf/bsp/leon3/mfix-b2bst/soft/libbcc.a(interrupt_trap.S.o) (__bcc_int_nest)
/home/fsw/rep/tasa/lib/bcc-2.2.3-gcc/bin/../sparc-gaisler-elf/bsp/leon3/mfix-b2bst/soft/libbcc.a(init.S.o)
                              /home/fsw/rep/tasa/lib/bcc-2.2.3-gcc/bin/../sparc-gaisler-elf/bsp/leon3/mfix-b2bst/soft/libbcc.a(reset_trap_mvt.S.o) (__bcc_init40)
/home/fsw/rep/tasa/lib/bcc-2.2.3-gcc/bin/../sparc-gaisler-elf/bsp/leon3/mfix-b2bst/soft/libbcc.a(leon_info.S.o)
                              /home/fsw/rep/tasa/lib/bcc-2.2.3-gcc/bin/../sparc-gaisler-elf/bsp/leon3/mfix-b2bst/soft/crt0.S.o (__bcc_get_leon_info)
/home/fsw/rep/tasa/lib/bcc-2.2.3-gcc/bin/../sparc-gaisler-elf/bsp/leon3/mfix-b2bst/soft/libbcc.a(dwzero.S.o)
                              /home/fsw/rep/tasa/lib/bcc-2.2.3-gcc/bin/../sparc-gaisler-elf/bsp/leon3/mfix-b2bst/soft/crt0.S.o (bcc_dwzero)
/home/fsw/rep/tasa/lib/bcc-2.2.3-gcc/bin/../sparc-gaisler-elf/bsp/leon3/mfix-b2bst/soft/libbcc.a(copy_data.c.o)
                              /home/fsw/rep/tasa/lib/bcc-2.2.3-gcc/bin/../sparc-gaisler-elf/bsp/leon3/mfix-b2bst/soft/crt0.S.o (__bcc_copy_data)
/home/fsw/rep/tasa/lib/bcc-2.2.3-gcc/bin/../sparc-gaisler-elf/bsp/leon3/mfix-b2bst/soft/libbcc.a(argv.c.o)
                              /home/fsw/rep/tasa/lib/bcc-2.2.3-gcc/bin/../sparc-gaisler-elf/bsp/leon3/mfix-b2bst/soft/crt0.S.o (__bcc_argvp)
/home/fsw/rep/tasa/lib/bcc-2.2.3-gcc/bin/../sparc-gaisler-elf/bsp/leon3/mfix-b2bst/soft/libbcc.a(int_irqmp_get_source.c.o)
                              /home/fsw/rep/tasa/lib/bcc-2.2.3-gcc/bin/../sparc-gaisler-elf/bsp/leon3/mfix-b2bst/soft/libbcc.a(interrupt_trap.S.o) (__bcc_int_get_source)
/home/fsw/rep/tasa/lib/bcc-2.2.3-gcc/bin/../sparc-gaisler-elf/bsp/leon3/mfix-b2bst/soft/libbcc.a(int_irqmp_mp.c.o)
                              /tmp/ccjQJ0Dl.o (bcc_get_cpu_count)
/home/fsw/rep/tasa/lib/bcc-2.2.3-gcc/bin/../sparc-gaisler-elf/bsp/leon3/mfix-b2bst/soft/libbcc.a(int_irqmp_init.c.o)
                              /home/fsw/rep/tasa/lib/bcc-2.2.3-gcc/bin/../sparc-gaisler-elf/bsp/leon3/mfix-b2bst/soft/crt0.S.o (__bcc_int_init)
/home/fsw/rep/tasa/lib/bcc-2.2.3-gcc/bin/../sparc-gaisler-elf/bsp/leon3/mfix-b2bst/soft/libbcc.a(con_apbuart_init.c.o)
                              /home/fsw/rep/tasa/lib/bcc-2.2.3-gcc/bin/../sparc-gaisler-elf/bsp/leon3/mfix-b2bst/soft/crt0.S.o (__bcc_con_init)
/home/fsw/rep/tasa/lib/bcc-2.2.3-gcc/bin/../sparc-gaisler-elf/bsp/leon3/mfix-b2bst/soft/libbcc.a(timer_gptimer_init.c.o)
                              /home/fsw/rep/tasa/lib/bcc-2.2.3-gcc/bin/../sparc-gaisler-elf/bsp/leon3/mfix-b2bst/soft/crt0.S.o (__bcc_timer_init)
/home/fsw/rep/tasa/lib/bcc-2.2.3-gcc/bin/../sparc-gaisler-elf/bsp/leon3/mfix-b2bst/soft/libbcc.a(ambapp.c.o)
                              /home/fsw/rep/tasa/lib/bcc-2.2.3-gcc/bin/../sparc-gaisler-elf/bsp/leon3/mfix-b2bst/soft/libbcc.a(int_irqmp_init.c.o) (ambapp_visit)
/home/fsw/rep/tasa/lib/bcc-2.2.3-gcc/bin/../sparc-gaisler-elf/bsp/leon3/mfix-b2bst/soft/libbcc.a(ambapp_findfirst_fn.c.o)
[...]
Memory Configuration

Name             Origin             Length             Attributes
rom              0x0000000000000000 0x0000000020000000
ram              0x0000000040000000 0x0000000040000000
*default*        0x0000000000000000 0xffffffffffffffff

Linker script and memory map

LOAD /home/fsw/rep/tasa/lib/bcc-2.2.3-gcc/bin/../sparc-gaisler-elf/bsp/leon3/mfix-b2bst/soft/trap_table_mvt.S.o
LOAD /home/fsw/rep/tasa/lib/bcc-2.2.3-gcc/bin/../sparc-gaisler-elf/bsp/leon3/mfix-b2bst/soft/crt0.S.o
LOAD /home/fsw/rep/tasa/lib/bcc-2.2.3-gcc/bin/../lib/gcc/sparc-gaisler-elf/10.2.0/mfix-b2bst/soft/crti.o
LOAD /home/fsw/rep/tasa/lib/bcc-2.2.3-gcc/bin/../lib/gcc/sparc-gaisler-elf/10.2.0/mfix-b2bst/soft/crtbegin.o
LOAD /tmp/ccjQJ0Dl.o
                0x0000000000000000                PROVIDE (__bcc_cfg_skip_clear_bss = 0x0)

.text           0x0000000040000000    0x111a0
 CREATE_OBJECT_SYMBOLS
                0x0000000040000000                __text_start = .
                0x0000000040000000                . = ALIGN (0x1000)
 *(.text.traptable)
 .text.traptable
                0x0000000040000000     0x1000 /home/fsw/rep/tasa/lib/bcc-2.2.3-gcc/bin/../sparc-gaisler-elf/bsp/leon3/mfix-b2bst/soft/trap_table_mvt.S.o
                0x0000000040000000                __bcc_trap_table
                0x0000000040000000                __bcc_entry_point
 *(.text .text.*)
 .text          0x0000000040001000        0x0 /home/fsw/rep/tasa/lib/bcc-2.2.3-gcc/bin/../sparc-gaisler-elf/bsp/leon3/mfix-b2bst/soft/trap_table_mvt.S.o
 .text          0x0000000040001000       0xc8 /home/fsw/rep/tasa/lib/bcc-2.2.3-gcc/bin/../sparc-gaisler-elf/bsp/leon3/mfix-b2bst/soft/crt0.S.o
                0x0000000040001000                __bcc_crt0
 .text          0x00000000400010c8        0x0 /home/fsw/rep/tasa/lib/bcc-2.2.3-gcc/bin/../lib/gcc/sparc-gaisler-elf/10.2.0/mfix-b2bst/soft/crti.o
 .text          0x00000000400010c8      0x188 /home/fsw/rep/tasa/lib/bcc-2.2.3-gcc/bin/../lib/gcc/sparc-gaisler-elf/10.2.0/mfix-b2bst/soft/crtbegin.o
 .text          0x0000000040001250        0x0 /tmp/ccjQJ0Dl.o
 .text.startup  0x0000000040001250      0x14c /tmp/ccjQJ0Dl.o
                0x0000000040001250                main
 .text          0x000000004000139c       0x90 /home/fsw/rep/tasa/lib/bcc-2.2.3-gcc/bin/../sparc-gaisler-elf/bsp/leon3/mfix-b2bst/soft/libbcc.a(reset_trap_mvt.S.o)
                0x000000004000139c                __bcc_trap_reset_mvt
 .text          0x000000004000142c       0xb0 /home/fsw/rep/tasa/lib/bcc-2.2.3-gcc/bin/../sparc-gaisler-elf/bsp/leon3/mfix-b2bst/soft/libbcc.a(window_trap.S.o)
                0x000000004000142c                __bcc_trap_window_overflow
                0x000000004000147c                __bcc_trap_window_underflow
 .text          0x00000000400014dc      0x1c8 /home/fsw/rep/tasa/lib/bcc-2.2.3-gcc/bin/../sparc-gaisler-elf/bsp/leon3/mfix-b2bst/soft/libbcc.a(interrupt_trap.S.o)
                0x00000000400014dc                __bcc_trap_interrupt_svt
                0x00000000400014e0                __bcc_trap_interrupt
 .text          0x00000000400016a4       0x8c /home/fsw/rep/tasa/lib/bcc-2.2.3-gcc/bin/../sparc-gaisler-elf/bsp/leon3/mfix-b2bst/soft/libbcc.a(flush_windows_trap.S.o)
                0x00000000400016a4                __bcc_trap_flush_windows
 .text          0x0000000040001730       0x2c /home/fsw/rep/tasa/lib/bcc-2.2.3-gcc/bin/../sparc-gaisler-elf/bsp/leon3/mfix-b2bst/soft/libbcc.a(sw_trap_set_pil.S.o)
                0x0000000040001730                __bcc_trap_sw_set_pil
 .text          0x000000004000175c        0x0 /home/fsw/rep/tasa/lib/bcc-2.2.3-gcc/bin/../sparc-gaisler-elf/bsp/leon3/mfix-b2bst/soft/libbcc.a(isr.c.o)
 .text          0x000000004000175c        0x0 /home/fsw/rep/tasa/lib/bcc-2.2.3-gcc/bin/../sparc-gaisler-elf/bsp/leon3/mfix-b2bst/soft/libbcc.a(int_nest.c.o)
 .text          0x000000004000175c        0x8 /home/fsw/rep/tasa/lib/bcc-2.2.3-gcc/bin/../sparc-gaisler-elf/bsp/leon3/mfix-b2bst/soft/libbcc.a(init.S.o)
                0x000000004000175c                __bcc_init50
                0x000000004000175c                __bcc_init40
                0x000000004000175c                __bcc_init70
                0x000000004000175c                __bcc_init60
 .text          0x0000000040001764       0x98 /home/fsw/rep/tasa/lib/bcc-2.2.3-gcc/bin/../sparc-gaisler-elf/bsp/leon3/mfix-b2bst/soft/libbcc.a(leon_info.S.o)
                0x0000000040001764                __bcc_get_leon_info
                0x00000000400017ec                bcc_get_cpuid
 .text          0x00000000400017fc       0x2c /home/fsw/rep/tasa/lib/bcc-2.2.3-gcc/bin/../sparc-gaisler-elf/bsp/leon3/mfix-b2bst/soft/libbcc.a(dwzero.S.o)
                0x00000000400017fc                bcc_dwzero
 .text          0x0000000040001828       0x5c /home/fsw/rep/tasa/lib/bcc-2.2.3-gcc/bin/../sparc-gaisler-elf/bsp/leon3/mfix-b2bst/soft/libbcc.a(copy_data.c.o)
                0x0000000040001828                __bcc_copy_data
 .text          0x0000000040001884        0x0 /home/fsw/rep/tasa/lib/bcc-2.2.3-gcc/bin/../sparc-gaisler-elf/bsp/leon3/mfix-b2bst/soft/libbcc.a(argv.c.o)
 .text          0x0000000040001884       0x48 /home/fsw/rep/tasa/lib/bcc-2.2.3-gcc/bin/../sparc-gaisler-elf/bsp/leon3/mfix-b2bst/soft/libbcc.a(int_irqmp_get_source.c.o)
                0x0000000040001884                __bcc_int_get_source
 .text          0x00000000400018cc       0xa0 /home/fsw/rep/tasa/lib/bcc-2.2.3-gcc/bin/../sparc-gaisler-elf/bsp/leon3/mfix-b2bst/soft/libbcc.a(int_irqmp_mp.c.o)
                0x00000000400018cc                bcc_send_interrupt
                0x0000000040001908                bcc_get_cpu_count
                0x0000000040001934                bcc_start_processor
 .text          0x000000004000196c      0x1b0 /home/fsw/rep/tasa/lib/bcc-2.2.3-gcc/bin/../sparc-gaisler-elf/bsp/leon3/mfix-b2bst/soft/libbcc.a(int_irqmp_init.c.o)
                0x000000004000196c                __bcc_int_init
 .text          0x0000000040001b1c       0x50 /home/fsw/rep/tasa/lib/bcc-2.2.3-gcc/bin/../sparc-gaisler-elf/bsp/leon3/mfix-b2bst/soft/libbcc.a(con_apbuart_init.c.o)
                0x0000000040001b1c                __bcc_con_init
 .text          0x0000000040001b6c       0x6c /home/fsw/rep/tasa/lib/bcc-2.2.3-gcc/bin/../sparc-gaisler-elf/bsp/leon3/mfix-b2bst/soft/libbcc.a(timer_gptimer_init.c.o)
                0x0000000040001b6c                __bcc_timer_init
 .text          0x0000000040001bd8      0x73c /home/fsw/rep/tasa/lib/bcc-2.2.3-gcc/bin/../sparc-gaisler-elf/bsp/leon3/mfix-b2bst/soft/libbcc.a(ambapp.c.o)
                0x0000000040001bd8                ambapp_get_ahbinfo
                0x0000000040002258                ambapp_get_apbinfo
                0x00000000400022e0                ambapp_visit
 .text          0x0000000040002314       0x74 /home/fsw/rep/tasa/lib/bcc-2.2.3-gcc/bin/../sparc-gaisler-elf/bsp/leon3/mfix-b2bst/soft/libbcc.a(ambapp_findfirst_fn.c.o)
                0x0000000040002314                ambapp_findfirst_fn
 .text          0x0000000040002388        0x0 /home/fsw/rep/tasa/lib/bcc-2.2.3-gcc/bin/../sparc-gaisler-elf/bsp/leon3/mfix-b2bst/soft/libbcc.a(int_irqmp_handle.c.o)
 .text          0x0000000040002388        0x0 /home/fsw/rep/tasa/lib/bcc-2.2.3-gcc/bin/../sparc-gaisler-elf/bsp/leon3/mfix-b2bst/soft/libbcc.a(con_handle.c.o)
 .text          0x0000000040002388        0x0 /home/fsw/rep/tasa/lib/bcc-2.2.3-gcc/bin/../sparc-gaisler-elf/bsp/leon3/mfix-b2bst/soft/libbcc.a(timer_handle.c.o)
 .text          0x0000000040002388       0x1c /home/fsw/rep/tasa/lib/bcc-2.2.3-gcc/bin/../lib/gcc/sparc-gaisler-elf/10.2.0/../../../../sparc-gaisler-elf/lib/mfix-b2bst/soft/libc.a(lib_a-atexit.o)
                0x0000000040002388                atexit
 .text          0x00000000400023a4       0x3c /home/fsw/rep/tasa/lib/bcc-2.2.3-gcc/bin/../lib/gcc/sparc-gaisler-elf/10.2.0/../../../../sparc-gaisler-elf/lib/mfix-b2bst/soft/libc.a(lib_a-exit.o)
                0x00000000400023a4                exit
 .text          0x00000000400023e0        0x0 /home/fsw/rep/tasa/lib/bcc-2.2.3-gcc/bin/../lib/gcc/sparc-gaisler-elf/10.2.0/../../../../sparc-gaisler-elf/lib/mfix-b2bst/soft/libc.a(lib_a-impure.o)
 .text          0x00000000400023e0      0x1b4 /home/fsw/rep/tasa/lib/bcc-2.2.3-gcc/bin/../lib/gcc/sparc-gaisler-elf/10.2.0/../../../../sparc-gaisler-elf/lib/mfix-b2bst/soft/libc.a(lib_a-memcpy.o)
                0x00000000400023e0                memcpy
 .text          0x0000000040002594       0xf4 /home/fsw/rep/tasa/lib/bcc-2.2.3-gcc/bin/../lib/gcc/sparc-gaisler-elf/10.2.0/../../../../sparc-gaisler-elf/lib/mfix-b2bst/soft/libc.a(lib_a-printf.o)
                0x0000000040002594                _printf_r
                0x0000000040002608                printf
 .text          0x0000000040002688       0x8c /home/fsw/rep/tasa/lib/bcc-2.2.3-gcc/bin/../lib/gcc/sparc-gaisler-elf/10.2.0/../../../../sparc-gaisler-elf/lib/mfix-b2bst/soft/libc.a(lib_a-putchar.o)
                0x0000000040002688                _putchar_r
                0x00000000400026c8                putchar
 .text          0x0000000040002714      0x268 /home/fsw/rep/tasa/lib/bcc-2.2.3-gcc/bin/../lib/gcc/sparc-gaisler-elf/10.2.0/../../../../sparc-gaisler-elf/lib/mfix-b2bst/soft/libc.a(lib_a-puts.o)
                0x0000000040002714                _puts_r
                0x0000000040002844                puts
 .text          0x000000004000297c       0xac /home/fsw/rep/tasa/lib/bcc-2.2.3-gcc/bin/../lib/gcc/sparc-gaisler-elf/10.2.0/../../../../sparc-gaisler-elf/lib/mfix-b2bst/soft/libc.a(lib_a-strlen.o)
                0x000000004000297c                strlen
 .text          0x0000000040002a28     0x2ea4 /home/fsw/rep/tasa/lib/bcc-2.2.3-gcc/bin/../lib/gcc/sparc-gaisler-elf/10.2.0/../../../../sparc-gaisler-elf/lib/mfix-b2bst/soft/libc.a(lib_a-vfprintf.o)
                0x0000000040002b94                _vfprintf_r
                0x00000000400057fc                vfprintf
 .text          0x00000000400058cc      0x1d0 /home/fsw/rep/tasa/lib/bcc-2.2.3-gcc/bin/../lib/gcc/sparc-gaisler-elf/10.2.0/../../../../sparc-gaisler-elf/lib/mfix-b2bst/soft/libc.a(lib_a-wsetup.o)
                0x00000000400058cc                __swsetup_r
 .text          0x0000000040005a9c      0x164 /home/fsw/rep/tasa/lib/bcc-2.2.3-gcc/bin/../lib/gcc/sparc-gaisler-elf/10.2.0/../../../../sparc-gaisler-elf/lib/mfix-b2bst/soft/libc.a(lib_a-__atexit.o)
                0x0000000040005a9c                __register_exitproc
 .text          0x0000000040005c00      0x2bc /home/fsw/rep/tasa/lib/bcc-2.2.3-gcc/bin/../lib/gcc/sparc-gaisler-elf/10.2.0/../../../../sparc-gaisler-elf/lib/mfix-b2bst/soft/libc.a(lib_a-__call_atexit.o)
                0x0000000040005c00                __call_exitprocs
 .text          0x0000000040005ebc     0x1954 /home/fsw/rep/tasa/lib/bcc-2.2.3-gcc/bin/../lib/gcc/sparc-gaisler-elf/10.2.0/../../../../sparc-gaisler-elf/lib/mfix-b2bst/soft/libc.a(lib_a-dtoa.o)
                0x00000000400060bc                _dtoa_r
 .text          0x0000000040007810      0x3e4 /home/fsw/rep/tasa/lib/bcc-2.2.3-gcc/bin/../lib/gcc/sparc-gaisler-elf/10.2.0/../../../../sparc-gaisler-elf/lib/mfix-b2bst/soft/libc.a(lib_a-fflush.o)
                0x0000000040007810                __sflush_r
                0x0000000040007a74                _fflush_r
                0x0000000040007b14                fflush
 .text          0x0000000040007bf4      0x350 /home/fsw/rep/tasa/lib/bcc-2.2.3-gcc/bin/../lib/gcc/sparc-gaisler-elf/10.2.0/../../../../sparc-gaisler-elf/lib/mfix-b2bst/soft/libc.a(lib_a-findfp.o)
                0x0000000040007bf4                _cleanup_r
                0x0000000040007c08                __sfmoreglue
                0x0000000040007c5c                __sfp
                0x0000000040007f04                _cleanup
                0x0000000040007f20                __sinit
 .text          0x0000000040007f44      0x410 /home/fsw/rep/tasa/lib/bcc-2.2.3-gcc/bin/../lib/gcc/sparc-gaisler-elf/10.2.0/../../../../sparc-gaisler-elf/lib/mfix-b2bst/soft/libc.a(lib_a-freer.o)
                0x0000000040007f44                _malloc_trim_r
                0x0000000040008038                _free_r
 .text          0x0000000040008354      0x4fc /home/fsw/rep/tasa/lib/bcc-2.2.3-gcc/bin/../lib/gcc/sparc-gaisler-elf/10.2.0/../../../../sparc-gaisler-elf/lib/mfix-b2bst/soft/libc.a(lib_a-fvwrite.o)
                0x0000000040008354                __sfvwrite_r
 .text          0x0000000040008850       0xe0 /home/fsw/rep/tasa/lib/bcc-2.2.3-gcc/bin/../lib/gcc/sparc-gaisler-elf/10.2.0/../../../../sparc-gaisler-elf/lib/mfix-b2bst/soft/libc.a(lib_a-fwalk.o)
                0x0000000040008850                _fwalk
                0x00000000400088c0                _fwalk_reent
 .text          0x0000000040008930       0x60 /home/fsw/rep/tasa/lib/bcc-2.2.3-gcc/bin/../lib/gcc/sparc-gaisler-elf/10.2.0/../../../../sparc-gaisler-elf/lib/mfix-b2bst/soft/libc.a(lib_a-localeconv.o)
                0x0000000040008930                __localeconv_l
                0x0000000040008938                _localeconv_r
                0x0000000040008964                localeconv
 .text          0x0000000040008990      0x1f4 /home/fsw/rep/tasa/lib/bcc-2.2.3-gcc/bin/../lib/gcc/sparc-gaisler-elf/10.2.0/../../../../sparc-gaisler-elf/lib/mfix-b2bst/soft/libc.a(lib_a-makebuf.o)
                0x0000000040008990                __smakebuf_r
                0x0000000040008afc                __swhatbuf_r
 .text          0x0000000040008b84       0x30 /home/fsw/rep/tasa/lib/bcc-2.2.3-gcc/bin/../lib/gcc/sparc-gaisler-elf/10.2.0/../../../../sparc-gaisler-elf/lib/mfix-b2bst/soft/libc.a(lib_a-malloc.o)
                0x0000000040008b84                malloc
                0x0000000040008b9c                free
 .text          0x0000000040008bb4      0x808 /home/fsw/rep/tasa/lib/bcc-2.2.3-gcc/bin/../lib/gcc/sparc-gaisler-elf/10.2.0/../../../../sparc-gaisler-elf/lib/mfix-b2bst/soft/libc.a(lib_a-mallocr.o)
                0x0000000040008bb4                _malloc_r
 .text          0x00000000400093bc       0xf8 /home/fsw/rep/tasa/lib/bcc-2.2.3-gcc/bin/../lib/gcc/sparc-gaisler-elf/10.2.0/../../../../sparc-gaisler-elf/lib/mfix-b2bst/soft/libc.a(lib_a-memchr.o)
                0x00000000400093bc                memchr
 .text          0x00000000400094b4      0x210 /home/fsw/rep/tasa/lib/bcc-2.2.3-gcc/bin/../lib/gcc/sparc-gaisler-elf/10.2.0/../../../../sparc-gaisler-elf/lib/mfix-b2bst/soft/libc.a(lib_a-memmove.o)
                0x00000000400094b4                memmove
 .text          0x00000000400096c4      0x12c /home/fsw/rep/tasa/lib/bcc-2.2.3-gcc/bin/../lib/gcc/sparc-gaisler-elf/10.2.0/../../../../sparc-gaisler-elf/lib/mfix-b2bst/soft/libc.a(lib_a-memset.o)
                0x00000000400096c4                memset
 .text          0x00000000400097f0       0x10 /home/fsw/rep/tasa/lib/bcc-2.2.3-gcc/bin/../lib/gcc/sparc-gaisler-elf/10.2.0/../../../../sparc-gaisler-elf/lib/mfix-b2bst/soft/libc.a(lib_a-mlock.o)
                0x00000000400097f0                __malloc_lock
                0x00000000400097f8                __malloc_unlock
 .text          0x0000000040009800     0x1718 /home/fsw/rep/tasa/lib/bcc-2.2.3-gcc/bin/../lib/gcc/sparc-gaisler-elf/10.2.0/../../../../sparc-gaisler-elf/lib/mfix-b2bst/soft/libc.a(lib_a-mprec.o)
                0x0000000040009800                _Balloc
                0x00000000400098d4                _Bfree
                0x0000000040009938                __multadd
                0x0000000040009a58                __s2b
                0x0000000040009b30                __hi0bits
                0x0000000040009bc0                __lo0bits
                0x0000000040009c9c                __i2b
                0x0000000040009d8c                __multiply
                0x0000000040009ff0                __pow5mult
                0x000000004000a184                __lshift
                0x000000004000a34c                __mcmp
                0x000000004000a3b4                __mdiff
                0x000000004000a5d4                __ulp
                0x000000004000a63c                __b2d
                0x000000004000a7d0                __d2b
                0x000000004000aba8                __ratio
                0x000000004000adb0                _mprec_log10
                0x000000004000ae10                __copybits
                0x000000004000ae94                __any_on
 .text          0x000000004000af18      0x1c8 /home/fsw/rep/tasa/lib/bcc-2.2.3-gcc/bin/../lib/gcc/sparc-gaisler-elf/10.2.0/../../../../sparc-gaisler-elf/lib/mfix-b2bst/soft/libc.a(lib_a-putc.o)
                0x000000004000af18                _putc_r
                0x000000004000aff4                putc
 .text          0x000000004000b0e0      0x514 /home/fsw/rep/tasa/lib/bcc-2.2.3-gcc/bin/../lib/gcc/sparc-gaisler-elf/10.2.0/../../../../sparc-gaisler-elf/lib/mfix-b2bst/soft/libc.a(lib_a-reallocr.o)
                0x000000004000b0e0                _realloc_r
 .text          0x000000004000b5f4       0x90 /home/fsw/rep/tasa/lib/bcc-2.2.3-gcc/bin/../lib/gcc/sparc-gaisler-elf/10.2.0/../../../../sparc-gaisler-elf/lib/mfix-b2bst/soft/libc.a(lib_a-s_frexp.o)
                0x000000004000b5f4                frexp
 .text          0x000000004000b684       0x40 /home/fsw/rep/tasa/lib/bcc-2.2.3-gcc/bin/../lib/gcc/sparc-gaisler-elf/10.2.0/../../../../sparc-gaisler-elf/lib/mfix-b2bst/soft/libc.a(lib_a-sbrkr.o)
                0x000000004000b684                _sbrk_r
 .text          0x000000004000b6c4      0x114 /home/fsw/rep/tasa/lib/bcc-2.2.3-gcc/bin/../lib/gcc/sparc-gaisler-elf/10.2.0/../../../../sparc-gaisler-elf/lib/mfix-b2bst/soft/libc.a(lib_a-stdio.o)
                0x000000004000b6c4                __sread
                0x000000004000b710                __seofread
                0x000000004000b718                __swrite
                0x000000004000b774                __sseek
                0x000000004000b7c8                __sclose
 .text          0x000000004000b7d8      0x1c0 /home/fsw/rep/tasa/lib/bcc-2.2.3-gcc/bin/../lib/gcc/sparc-gaisler-elf/10.2.0/../../../../sparc-gaisler-elf/lib/mfix-b2bst/soft/libc.a(lib_a-strncpy.o)
                0x000000004000b7d8                strncpy
 .text          0x000000004000b998     0x1ef0 /home/fsw/rep/tasa/lib/bcc-2.2.3-gcc/bin/../lib/gcc/sparc-gaisler-elf/10.2.0/../../../../sparc-gaisler-elf/lib/mfix-b2bst/soft/libc.a(lib_a-vfiprintf.o)
                0x000000004000bb04                __sprint_r
                0x000000004000bbd0                _vfiprintf_r
                0x000000004000d7b8                vfiprintf
 .text          0x000000004000d888      0x35c /home/fsw/rep/tasa/lib/bcc-2.2.3-gcc/bin/../lib/gcc/sparc-gaisler-elf/10.2.0/../../../../sparc-gaisler-elf/lib/mfix-b2bst/soft/libc.a(lib_a-wbuf.o)
                0x000000004000d888                __swbuf_r
                0x000000004000da30                __swbuf
 .text          0x000000004000dbe4       0x48 /home/fsw/rep/tasa/lib/bcc-2.2.3-gcc/bin/../lib/gcc/sparc-gaisler-elf/10.2.0/../../../../sparc-gaisler-elf/lib/mfix-b2bst/soft/libc.a(lib_a-writer.o)
                0x000000004000dbe4                _write_r
 .text          0x000000004000dc2c       0xa4 /home/fsw/rep/tasa/lib/bcc-2.2.3-gcc/bin/../lib/gcc/sparc-gaisler-elf/10.2.0/../../../../sparc-gaisler-elf/lib/mfix-b2bst/soft/libc.a(lib_a-callocr.o)
                0x000000004000dc2c                _calloc_r
 .text          0x000000004000dcd0       0x40 /home/fsw/rep/tasa/lib/bcc-2.2.3-gcc/bin/../lib/gcc/sparc-gaisler-elf/10.2.0/../../../../sparc-gaisler-elf/lib/mfix-b2bst/soft/libc.a(lib_a-closer.o)
                0x000000004000dcd0                _close_r
 .text          0x000000004000dd10      0x294 /home/fsw/rep/tasa/lib/bcc-2.2.3-gcc/bin/../lib/gcc/sparc-gaisler-elf/10.2.0/../../../../sparc-gaisler-elf/lib/mfix-b2bst/soft/libc.a(lib_a-fclose.o)
                0x000000004000dd10                _fclose_r
                0x000000004000de58                fclose
 .text          0x000000004000dfa4      0x1e0 /home/fsw/rep/tasa/lib/bcc-2.2.3-gcc/bin/../lib/gcc/sparc-gaisler-elf/10.2.0/../../../../sparc-gaisler-elf/lib/mfix-b2bst/soft/libc.a(lib_a-fputwc.o)
                0x000000004000dfa4                __fputwc
                0x000000004000e098                _fputwc_r
                0x000000004000e0c8                fputwc
 .text          0x000000004000e184       0x44 /home/fsw/rep/tasa/lib/bcc-2.2.3-gcc/bin/../lib/gcc/sparc-gaisler-elf/10.2.0/../../../../sparc-gaisler-elf/lib/mfix-b2bst/soft/libc.a(lib_a-fstatr.o)
                0x000000004000e184                _fstat_r
 .text          0x000000004000e1c8       0x40 /home/fsw/rep/tasa/lib/bcc-2.2.3-gcc/bin/../lib/gcc/sparc-gaisler-elf/10.2.0/../../../../sparc-gaisler-elf/lib/mfix-b2bst/soft/libc.a(lib_a-isattyr.o)
                0x000000004000e1c8                _isatty_r
 .text          0x000000004000e208      0x148 /home/fsw/rep/tasa/lib/bcc-2.2.3-gcc/bin/../lib/gcc/sparc-gaisler-elf/10.2.0/../../../../sparc-gaisler-elf/lib/mfix-b2bst/soft/libc.a(lib_a-locale.o)
                0x000000004000e208                _setlocale_r
                0x000000004000e27c                __locale_mb_cur_max
                0x000000004000e2a8                __locale_ctype_ptr_l
                0x000000004000e2b0                __locale_ctype_ptr
                0x000000004000e2dc                setlocale
 .text          0x000000004000e350       0x48 /home/fsw/rep/tasa/lib/bcc-2.2.3-gcc/bin/../lib/gcc/sparc-gaisler-elf/10.2.0/../../../../sparc-gaisler-elf/lib/mfix-b2bst/soft/libc.a(lib_a-lseekr.o)
                0x000000004000e350                _lseek_r
 .text          0x000000004000e398       0xb8 /home/fsw/rep/tasa/lib/bcc-2.2.3-gcc/bin/../lib/gcc/sparc-gaisler-elf/10.2.0/../../../../sparc-gaisler-elf/lib/mfix-b2bst/soft/libc.a(lib_a-mbtowc_r.o)
                0x000000004000e398                _mbtowc_r
                0x000000004000e3fc                __ascii_mbtowc
 .text          0x000000004000e450       0x48 /home/fsw/rep/tasa/lib/bcc-2.2.3-gcc/bin/../lib/gcc/sparc-gaisler-elf/10.2.0/../../../../sparc-gaisler-elf/lib/mfix-b2bst/soft/libc.a(lib_a-readr.o)
                0x000000004000e450                _read_r
 .text          0x000000004000e498      0x31c /home/fsw/rep/tasa/lib/bcc-2.2.3-gcc/bin/../lib/gcc/sparc-gaisler-elf/10.2.0/../../../../sparc-gaisler-elf/lib/mfix-b2bst/soft/libc.a(lib_a-reent.o)
                0x000000004000e498                cleanup_glue
                0x000000004000e510                _reclaim_reent
 .text          0x000000004000e7b4       0xc0 /home/fsw/rep/tasa/lib/bcc-2.2.3-gcc/bin/../lib/gcc/sparc-gaisler-elf/10.2.0/../../../../sparc-gaisler-elf/lib/mfix-b2bst/soft/libc.a(lib_a-strcmp.o)
                0x000000004000e7b4                strcmp
 .text          0x000000004000e874      0x140 /home/fsw/rep/tasa/lib/bcc-2.2.3-gcc/bin/../lib/gcc/sparc-gaisler-elf/10.2.0/../../../../sparc-gaisler-elf/lib/mfix-b2bst/soft/libc.a(lib_a-wcrtomb.o)
                0x000000004000e874                _wcrtomb_r
                0x000000004000e91c                wcrtomb
 .text          0x000000004000e9b4       0x9c /home/fsw/rep/tasa/lib/bcc-2.2.3-gcc/bin/../lib/gcc/sparc-gaisler-elf/10.2.0/../../../../sparc-gaisler-elf/lib/mfix-b2bst/soft/libc.a(lib_a-wctomb_r.o)
                0x000000004000e9b4                _wctomb_r
                0x000000004000ea10                __ascii_wctomb
 .text          0x000000004000ea50        0x0 /home/fsw/rep/tasa/lib/bcc-2.2.3-gcc/bin/../lib/gcc/sparc-gaisler-elf/10.2.0/../../../../sparc-gaisler-elf/lib/mfix-b2bst/soft/libc.a(lib_a-ctype_.o)
 .text          0x000000004000ea50       0x10 /home/fsw/rep/tasa/lib/bcc-2.2.3-gcc/bin/../sparc-gaisler-elf/bsp/leon3/mfix-b2bst/soft/libbcc.a(_exit.S.o)
                0x000000004000ea50                _exit
 .text          0x000000004000ea60       0x4c /home/fsw/rep/tasa/lib/bcc-2.2.3-gcc/bin/../sparc-gaisler-elf/bsp/leon3/mfix-b2bst/soft/libbcc.a(read.c.o)
                0x000000004000ea60                read
 .text          0x000000004000eaac       0xb0 /home/fsw/rep/tasa/lib/bcc-2.2.3-gcc/bin/../sparc-gaisler-elf/bsp/leon3/mfix-b2bst/soft/libbcc.a(sbrk.c.o)
                0x000000004000eaac                sbrk
 .text          0x000000004000eb5c        0x0 /home/fsw/rep/tasa/lib/bcc-2.2.3-gcc/bin/../sparc-gaisler-elf/bsp/leon3/mfix-b2bst/soft/libbcc.a(heap.c.o)
 .text          0x000000004000eb5c       0x64 /home/fsw/rep/tasa/lib/bcc-2.2.3-gcc/bin/../sparc-gaisler-elf/bsp/leon3/mfix-b2bst/soft/libbcc.a(write.c.o)
                0x000000004000eb5c                write
 .text          0x000000004000ebc0       0x20 /home/fsw/rep/tasa/lib/bcc-2.2.3-gcc/bin/../sparc-gaisler-elf/bsp/leon3/mfix-b2bst/soft/libbcc.a(stubs.S.o)
                0x000000004000ebc0                execve
                0x000000004000ebc0                lseek
                0x000000004000ebc0                fstat
                0x000000004000ebc0                kill
                0x000000004000ebc0                wait
                0x000000004000ebc0                unlink
                0x000000004000ebc0                fork
                0x000000004000ebc0                stat
                0x000000004000ebc0                link
                0x000000004000ebc0                open
                0x000000004000ebc0                close
                0x000000004000ebd8                getpid
                0x000000004000ebd8                isatty
 .text          0x000000004000ebe0       0xc4 /home/fsw/rep/tasa/lib/bcc-2.2.3-gcc/bin/../sparc-gaisler-elf/bsp/leon3/mfix-b2bst/soft/libbcc.a(con_apbuart.c.o)
                0x000000004000ebe0                __bcc_con_outbyte
                0x000000004000ec70                __bcc_con_inbyte
 .text          0x000000004000eca4       0xe8 /home/fsw/rep/tasa/lib/bcc-2.2.3-gcc/bin/../lib/gcc/sparc-gaisler-elf/10.2.0/mfix-b2bst/soft/libgcc.a(_mulsi3.o)
                0x000000004000eca4                .umul
 .text          0x000000004000ed8c      0x2b0 /home/fsw/rep/tasa/lib/bcc-2.2.3-gcc/bin/../lib/gcc/sparc-gaisler-elf/10.2.0/mfix-b2bst/soft/libgcc.a(_divsi3.o)
                0x000000004000ed8c                .udiv
                0x000000004000ed94                .div
 .text          0x000000004000f03c      0x2b0 /home/fsw/rep/tasa/lib/bcc-2.2.3-gcc/bin/../lib/gcc/sparc-gaisler-elf/10.2.0/mfix-b2bst/soft/libgcc.a(_modsi3.o)
                0x000000004000f03c                .urem
                0x000000004000f044                .rem
 .text          0x000000004000f2ec      0x354 /home/fsw/rep/tasa/lib/bcc-2.2.3-gcc/bin/../lib/gcc/sparc-gaisler-elf/10.2.0/mfix-b2bst/soft/libgcc.a(_udivdi3.o)
                0x000000004000f2ec                __udivdi3
 .text          0x000000004000f640      0x370 /home/fsw/rep/tasa/lib/bcc-2.2.3-gcc/bin/../lib/gcc/sparc-gaisler-elf/10.2.0/mfix-b2bst/soft/libgcc.a(_umoddi3.o)
                0x000000004000f640                __umoddi3
 .text          0x000000004000f9b0      0x764 /home/fsw/rep/tasa/lib/bcc-2.2.3-gcc/bin/../lib/gcc/sparc-gaisler-elf/10.2.0/mfix-b2bst/soft/libgcc.a(_addsub_df.o)
                0x000000004000f9b0                __adddf3
                0x000000004000fd64                __subdf3
 .text          0x0000000040010114      0x330 /home/fsw/rep/tasa/lib/bcc-2.2.3-gcc/bin/../lib/gcc/sparc-gaisler-elf/10.2.0/mfix-b2bst/soft/libgcc.a(_mul_df.o)
                0x0000000040010114                __muldf3
 .text          0x0000000040010444      0x200 /home/fsw/rep/tasa/lib/bcc-2.2.3-gcc/bin/../lib/gcc/sparc-gaisler-elf/10.2.0/mfix-b2bst/soft/libgcc.a(_div_df.o)
                0x0000000040010444                __divdf3
 .text          0x0000000040010644       0x5c /home/fsw/rep/tasa/lib/bcc-2.2.3-gcc/bin/../lib/gcc/sparc-gaisler-elf/10.2.0/mfix-b2bst/soft/libgcc.a(_eq_df.o)
                0x0000000040010644                __eqdf2
 .text          0x00000000400106a0       0x5c /home/fsw/rep/tasa/lib/bcc-2.2.3-gcc/bin/../lib/gcc/sparc-gaisler-elf/10.2.0/mfix-b2bst/soft/libgcc.a(_ne_df.o)
                0x00000000400106a0                __nedf2
 .text          0x00000000400106fc       0x5c /home/fsw/rep/tasa/lib/bcc-2.2.3-gcc/bin/../lib/gcc/sparc-gaisler-elf/10.2.0/mfix-b2bst/soft/libgcc.a(_gt_df.o)
                0x00000000400106fc                __gtdf2
 .text          0x0000000040010758       0x5c /home/fsw/rep/tasa/lib/bcc-2.2.3-gcc/bin/../lib/gcc/sparc-gaisler-elf/10.2.0/mfix-b2bst/soft/libgcc.a(_lt_df.o)
                0x0000000040010758                __ltdf2
 .text          0x00000000400107b4       0x5c /home/fsw/rep/tasa/lib/bcc-2.2.3-gcc/bin/../lib/gcc/sparc-gaisler-elf/10.2.0/mfix-b2bst/soft/libgcc.a(_le_df.o)
                0x00000000400107b4                __ledf2
 .text          0x0000000040010810       0x50 /home/fsw/rep/tasa/lib/bcc-2.2.3-gcc/bin/../lib/gcc/sparc-gaisler-elf/10.2.0/mfix-b2bst/soft/libgcc.a(_unord_df.o)
                0x0000000040010810                __unorddf2
 .text          0x0000000040010860       0xd4 /home/fsw/rep/tasa/lib/bcc-2.2.3-gcc/bin/../lib/gcc/sparc-gaisler-elf/10.2.0/mfix-b2bst/soft/libgcc.a(_si_to_df.o)
                0x0000000040010860                __floatsidf
 .text          0x0000000040010934       0xcc /home/fsw/rep/tasa/lib/bcc-2.2.3-gcc/bin/../lib/gcc/sparc-gaisler-elf/10.2.0/mfix-b2bst/soft/libgcc.a(_df_to_si.o)
                0x0000000040010934                __fixdfsi
 .text          0x0000000040010a00        0x0 /home/fsw/rep/tasa/lib/bcc-2.2.3-gcc/bin/../lib/gcc/sparc-gaisler-elf/10.2.0/mfix-b2bst/soft/libgcc.a(_thenan_df.o)
 .text          0x0000000040010a00       0x7c /home/fsw/rep/tasa/lib/bcc-2.2.3-gcc/bin/../lib/gcc/sparc-gaisler-elf/10.2.0/mfix-b2bst/soft/libgcc.a(_usi_to_df.o)
                0x0000000040010a00                __floatunsidf
 .text          0x0000000040010a7c       0xc4 /home/fsw/rep/tasa/lib/bcc-2.2.3-gcc/bin/../lib/gcc/sparc-gaisler-elf/10.2.0/mfix-b2bst/soft/libgcc.a(_muldi3.o)
                0x0000000040010a7c                __muldi3
 .text          0x0000000040010b40        0x0 /home/fsw/rep/tasa/lib/bcc-2.2.3-gcc/bin/../lib/gcc/sparc-gaisler-elf/10.2.0/mfix-b2bst/soft/libgcc.a(_clz.o)
 .text          0x0000000040010b40       0x94 /home/fsw/rep/tasa/lib/bcc-2.2.3-gcc/bin/../lib/gcc/sparc-gaisler-elf/10.2.0/mfix-b2bst/soft/libgcc.a(_clzsi2.o)
                0x0000000040010b40                __clzsi2
 .text          0x0000000040010bd4      0x244 /home/fsw/rep/tasa/lib/bcc-2.2.3-gcc/bin/../lib/gcc/sparc-gaisler-elf/10.2.0/mfix-b2bst/soft/libgcc.a(_pack_df.o)
                0x0000000040010bd4                __pack_d
 .text          0x0000000040010e18      0x124 /home/fsw/rep/tasa/lib/bcc-2.2.3-gcc/bin/../lib/gcc/sparc-gaisler-elf/10.2.0/mfix-b2bst/soft/libgcc.a(_unpack_df.o)
                0x0000000040010e18                __unpack_d
 .text          0x0000000040010f3c      0x158 /home/fsw/rep/tasa/lib/bcc-2.2.3-gcc/bin/../lib/gcc/sparc-gaisler-elf/10.2.0/mfix-b2bst/soft/libgcc.a(_fpcmp_parts_df.o)
                0x0000000040010f3c                __fpcmp_parts_d
 .text          0x0000000040011094       0x48 /home/fsw/rep/tasa/lib/bcc-2.2.3-gcc/bin/../lib/gcc/sparc-gaisler-elf/10.2.0/mfix-b2bst/soft/crtend.o
 .text          0x00000000400110dc        0x0 /home/fsw/rep/tasa/lib/bcc-2.2.3-gcc/bin/../lib/gcc/sparc-gaisler-elf/10.2.0/mfix-b2bst/soft/crtn.o
                0x00000000400110e0                . = ALIGN (0x10)
 *fill*         0x00000000400110dc        0x4 
 *(.eh_frame)
 .eh_frame      0x00000000400110e0        0x0 /home/fsw/rep/tasa/lib/bcc-2.2.3-gcc/bin/../lib/gcc/sparc-gaisler-elf/10.2.0/mfix-b2bst/soft/crtbegin.o
 .eh_frame      0x00000000400110e0       0x2c /home/fsw/rep/tasa/lib/bcc-2.2.3-gcc/bin/../lib/gcc/sparc-gaisler-elf/10.2.0/mfix-b2bst/soft/libgcc.a(_udivdi3.o)
 .eh_frame      0x000000004001110c       0x2c /home/fsw/rep/tasa/lib/bcc-2.2.3-gcc/bin/../lib/gcc/sparc-gaisler-elf/10.2.0/mfix-b2bst/soft/libgcc.a(_umoddi3.o)
 .eh_frame      0x0000000040011138        0x4 /home/fsw/rep/tasa/lib/bcc-2.2.3-gcc/bin/../lib/gcc/sparc-gaisler-elf/10.2.0/mfix-b2bst/soft/crtend.o
                0x0000000040011140                . = ALIGN (0x10)
 *fill*         0x000000004001113c        0x4 
 *(.gnu.linkonce.t*)
                0x0000000040011140                ___CTOR_LIST__ = .
                0x0000000040011140        0x4 LONG 0x2 (((___CTOR_END__ - ___CTOR_LIST__) / 0x4) - 0x2)
 *(SORT_BY_NAME(.ctors.*))
 *(.ctors)
 .ctors         0x0000000040011144        0x4 /home/fsw/rep/tasa/lib/bcc-2.2.3-gcc/bin/../lib/gcc/sparc-gaisler-elf/10.2.0/mfix-b2bst/soft/crtbegin.o
 .ctors         0x0000000040011148        0x4 /home/fsw/rep/tasa/lib/bcc-2.2.3-gcc/bin/../lib/gcc/sparc-gaisler-elf/10.2.0/mfix-b2bst/soft/crtend.o
                0x000000004001114c        0x4 LONG 0x0
                0x0000000040011150                ___CTOR_END__ = .
                0x0000000040011150                ___DTOR_LIST__ = .
                0x0000000040011150        0x4 LONG 0x2 (((___DTOR_END__ - ___DTOR_LIST__) / 0x4) - 0x2)
 *(SORT_BY_NAME(.dtors.*))
 *(.dtors)
 .dtors         0x0000000040011154        0x4 /home/fsw/rep/tasa/lib/bcc-2.2.3-gcc/bin/../lib/gcc/sparc-gaisler-elf/10.2.0/mfix-b2bst/soft/crtbegin.o
 .dtors         0x0000000040011158        0x4 /home/fsw/rep/tasa/lib/bcc-2.2.3-gcc/bin/../lib/gcc/sparc-gaisler-elf/10.2.0/mfix-b2bst/soft/crtend.o
                0x0000000040011158                __DTOR_END__
                0x000000004001115c        0x4 LONG 0x0
                0x0000000040011160                ___DTOR_END__ = .
 *(.gnu.linkonce*)
 *(.init)
 .init          0x0000000040011160        0x4 /home/fsw/rep/tasa/lib/bcc-2.2.3-gcc/bin/../lib/gcc/sparc-gaisler-elf/10.2.0/mfix-b2bst/soft/crti.o
                0x0000000040011160                _init
 .init          0x0000000040011164        0x8 /home/fsw/rep/tasa/lib/bcc-2.2.3-gcc/bin/../lib/gcc/sparc-gaisler-elf/10.2.0/mfix-b2bst/soft/crtbegin.o
 .init          0x000000004001116c        0x8 /home/fsw/rep/tasa/lib/bcc-2.2.3-gcc/bin/../lib/gcc/sparc-gaisler-elf/10.2.0/mfix-b2bst/soft/crtend.o
 .init          0x0000000040011174        0xc /home/fsw/rep/tasa/lib/bcc-2.2.3-gcc/bin/../lib/gcc/sparc-gaisler-elf/10.2.0/mfix-b2bst/soft/crtn.o
 *(.fini)
 .fini          0x0000000040011180        0x4 /home/fsw/rep/tasa/lib/bcc-2.2.3-gcc/bin/../lib/gcc/sparc-gaisler-elf/10.2.0/mfix-b2bst/soft/crti.o
                0x0000000040011180                _fini
 .fini          0x0000000040011184        0x8 /home/fsw/rep/tasa/lib/bcc-2.2.3-gcc/bin/../lib/gcc/sparc-gaisler-elf/10.2.0/mfix-b2bst/soft/crtbegin.o
 .fini          0x000000004001118c        0xc /home/fsw/rep/tasa/lib/bcc-2.2.3-gcc/bin/../lib/gcc/sparc-gaisler-elf/10.2.0/mfix-b2bst/soft/crtn.o
 *(.lit)
 *(.shdata)
                0x00000000400111a0                . = ALIGN (0x10)
 *fill*         0x0000000040011198        0x8 
                0x00000000400111a0                __text_end = .

.gcc_except_table
 *(.gcc_except_table.*)

.rodata         0x00000000400111a0      0x6f0
                0x00000000400111a0                __rodata_start = .
 *(.rodata*)
 .rodata.str1.8
                0x00000000400111a0       0xcf /tmp/ccjQJ0Dl.o
 *fill*         0x000000004001126f        0x1 
 .rodata        0x0000000040011270        0x5 /tmp/ccjQJ0Dl.o
 *fill*         0x0000000040011275        0x3 
 .rodata        0x0000000040011278        0x4 /home/fsw/rep/tasa/lib/bcc-2.2.3-gcc/bin/../lib/gcc/sparc-gaisler-elf/10.2.0/../../../../sparc-gaisler-elf/lib/mfix-b2bst/soft/libc.a(lib_a-impure.o)
                0x0000000040011278                _global_impure_ptr
 *fill*         0x000000004001127c        0x4 
 .rodata.str1.8
                0x0000000040011280        0x2 /home/fsw/rep/tasa/lib/bcc-2.2.3-gcc/bin/../lib/gcc/sparc-gaisler-elf/10.2.0/../../../../sparc-gaisler-elf/lib/mfix-b2bst/soft/libc.a(lib_a-puts.o)
 *fill*         0x0000000040011282        0x6 
 .rodata.str1.8
                0x0000000040011288       0x5a /home/fsw/rep/tasa/lib/bcc-2.2.3-gcc/bin/../lib/gcc/sparc-gaisler-elf/10.2.0/../../../../sparc-gaisler-elf/lib/mfix-b2bst/soft/libc.a(lib_a-vfprintf.o)
 *fill*         0x00000000400112e2        0x6 
 .rodata.cst8   0x00000000400112e8        0x8 /home/fsw/rep/tasa/lib/bcc-2.2.3-gcc/bin/../lib/gcc/sparc-gaisler-elf/10.2.0/../../../../sparc-gaisler-elf/lib/mfix-b2bst/soft/libc.a(lib_a-vfprintf.o)
 .rodata        0x00000000400112f0       0x20 /home/fsw/rep/tasa/lib/bcc-2.2.3-gcc/bin/../lib/gcc/sparc-gaisler-elf/10.2.0/../../../../sparc-gaisler-elf/lib/mfix-b2bst/soft/libc.a(lib_a-vfprintf.o)
 .rodata.str1.8
                0x0000000040011310       0x14 /home/fsw/rep/tasa/lib/bcc-2.2.3-gcc/bin/../lib/gcc/sparc-gaisler-elf/10.2.0/../../../../sparc-gaisler-elf/lib/mfix-b2bst/soft/libc.a(lib_a-dtoa.o)
                                         0x1a (size before relaxing)
 .rodata.cst8   0x0000000040011324        0x8 /home/fsw/rep/tasa/lib/bcc-2.2.3-gcc/bin/../lib/gcc/sparc-gaisler-elf/10.2.0/../../../../sparc-gaisler-elf/lib/mfix-b2bst/soft/libc.a(lib_a-dtoa.o)
 .rodata        0x0000000040011324       0x60 /home/fsw/rep/tasa/lib/bcc-2.2.3-gcc/bin/../lib/gcc/sparc-gaisler-elf/10.2.0/../../../../sparc-gaisler-elf/lib/mfix-b2bst/soft/libc.a(lib_a-findfp.o)
                0x0000000040011324                __sf_fake_stderr
                0x0000000040011344                __sf_fake_stdout
                0x0000000040011364                __sf_fake_stdin
 *fill*         0x0000000040011384        0x4 
 .rodata        0x0000000040011388      0x128 /home/fsw/rep/tasa/lib/bcc-2.2.3-gcc/bin/../lib/gcc/sparc-gaisler-elf/10.2.0/../../../../sparc-gaisler-elf/lib/mfix-b2bst/soft/libc.a(lib_a-mprec.o)
                0x0000000040011398                __mprec_tinytens
                0x00000000400113c0                __mprec_bigtens
                0x00000000400113e8                __mprec_tens
 .rodata.str1.8
                0x00000000400114b0       0x37 /home/fsw/rep/tasa/lib/bcc-2.2.3-gcc/bin/../lib/gcc/sparc-gaisler-elf/10.2.0/../../../../sparc-gaisler-elf/lib/mfix-b2bst/soft/libc.a(lib_a-vfiprintf.o)
 .rodata        0x00000000400114b0       0x20 /home/fsw/rep/tasa/lib/bcc-2.2.3-gcc/bin/../lib/gcc/sparc-gaisler-elf/10.2.0/../../../../sparc-gaisler-elf/lib/mfix-b2bst/soft/libc.a(lib_a-vfiprintf.o)
 .rodata.str1.8
                0x00000000400114d0       0x12 /home/fsw/rep/tasa/lib/bcc-2.2.3-gcc/bin/../lib/gcc/sparc-gaisler-elf/10.2.0/../../../../sparc-gaisler-elf/lib/mfix-b2bst/soft/libc.a(lib_a-locale.o)
                                         0x1a (size before relaxing)
 *fill*         0x00000000400114e2        0x6 
 .rodata        0x00000000400114e8      0x288 /home/fsw/rep/tasa/lib/bcc-2.2.3-gcc/bin/../lib/gcc/sparc-gaisler-elf/10.2.0/../../../../sparc-gaisler-elf/lib/mfix-b2bst/soft/libc.a(lib_a-ctype_.o)
                0x00000000400114e8                _ctype_
                0x00000000400115f0                _ctype_b
 .rodata        0x0000000040011770       0x18 /home/fsw/rep/tasa/lib/bcc-2.2.3-gcc/bin/../lib/gcc/sparc-gaisler-elf/10.2.0/mfix-b2bst/soft/libgcc.a(_thenan_df.o)
                0x0000000040011770                __thenan_df
 .rodata        0x0000000040011788      0x100 /home/fsw/rep/tasa/lib/bcc-2.2.3-gcc/bin/../lib/gcc/sparc-gaisler-elf/10.2.0/mfix-b2bst/soft/libgcc.a(_clz.o)
                0x0000000040011788                __clz_tab
 *(.gnu.linkonce.r*)
                0x0000000040011890                . = ALIGN (0x10)
 *fill*         0x0000000040011888        0x8 
                0x0000000040011890                __rodata_end = .

.rela.dyn       0x0000000040011890        0x0
 .rela.iplt     0x0000000040011890        0x0 /home/fsw/rep/tasa/lib/bcc-2.2.3-gcc/bin/../sparc-gaisler-elf/bsp/leon3/mfix-b2bst/soft/trap_table_mvt.S.o
 .rela.text.traptable
                0x0000000040011890        0x0 /home/fsw/rep/tasa/lib/bcc-2.2.3-gcc/bin/../sparc-gaisler-elf/bsp/leon3/mfix-b2bst/soft/trap_table_mvt.S.o
 .rela.text     0x0000000040011890        0x0 /home/fsw/rep/tasa/lib/bcc-2.2.3-gcc/bin/../sparc-gaisler-elf/bsp/leon3/mfix-b2bst/soft/trap_table_mvt.S.o

.ext.data       0x0000000040011890        0x0
                0x0000000040011890                . = ALIGN (0x8)
                0x0000000040011890                __extdata_start = .
 *(.data.ext)
                0x0000000040011890                . = ALIGN (0x8)
                0x0000000040011890                __extdata_end = .
                0x0000000040011890                __extdata_start_lma = LOADADDR (.ext.data)
                0x0000000000000000                __extdata_size = SIZEOF (.ext.data)

.data           0x0000000040011890      0x610
                0x0000000040011890                . = ALIGN (0x8)
                0x0000000040011890                __data_start = .
 *(.data .data.*)
 .data          0x0000000040011890        0x0 /home/fsw/rep/tasa/lib/bcc-2.2.3-gcc/bin/../sparc-gaisler-elf/bsp/leon3/mfix-b2bst/soft/trap_table_mvt.S.o
 .data          0x0000000040011890        0x0 /home/fsw/rep/tasa/lib/bcc-2.2.3-gcc/bin/../sparc-gaisler-elf/bsp/leon3/mfix-b2bst/soft/crt0.S.o
 .data          0x0000000040011890        0x0 /home/fsw/rep/tasa/lib/bcc-2.2.3-gcc/bin/../lib/gcc/sparc-gaisler-elf/10.2.0/mfix-b2bst/soft/crti.o
 .data          0x0000000040011890        0x4 /home/fsw/rep/tasa/lib/bcc-2.2.3-gcc/bin/../lib/gcc/sparc-gaisler-elf/10.2.0/mfix-b2bst/soft/crtbegin.o
                0x0000000040011890                __dso_handle
 .data          0x0000000040011894        0x0 /tmp/ccjQJ0Dl.o
 .data          0x0000000040011894        0x0 /home/fsw/rep/tasa/lib/bcc-2.2.3-gcc/bin/../sparc-gaisler-elf/bsp/leon3/mfix-b2bst/soft/libbcc.a(reset_trap_mvt.S.o)
 .data          0x0000000040011894        0x0 /home/fsw/rep/tasa/lib/bcc-2.2.3-gcc/bin/../sparc-gaisler-elf/bsp/leon3/mfix-b2bst/soft/libbcc.a(window_trap.S.o)
 .data          0x0000000040011894        0x0 /home/fsw/rep/tasa/lib/bcc-2.2.3-gcc/bin/../sparc-gaisler-elf/bsp/leon3/mfix-b2bst/soft/libbcc.a(interrupt_trap.S.o)
 .data          0x0000000040011894        0x0 /home/fsw/rep/tasa/lib/bcc-2.2.3-gcc/bin/../sparc-gaisler-elf/bsp/leon3/mfix-b2bst/soft/libbcc.a(flush_windows_trap.S.o)
 .data          0x0000000040011894        0x0 /home/fsw/rep/tasa/lib/bcc-2.2.3-gcc/bin/../sparc-gaisler-elf/bsp/leon3/mfix-b2bst/soft/libbcc.a(sw_trap_set_pil.S.o)
 .data          0x0000000040011894        0x0 /home/fsw/rep/tasa/lib/bcc-2.2.3-gcc/bin/../sparc-gaisler-elf/bsp/leon3/mfix-b2bst/soft/libbcc.a(isr.c.o)
 *fill*         0x0000000040011894        0x4 
 .data          0x0000000040011898       0x10 /home/fsw/rep/tasa/lib/bcc-2.2.3-gcc/bin/../sparc-gaisler-elf/bsp/leon3/mfix-b2bst/soft/libbcc.a(int_nest.c.o)
                0x0000000040011898                __bcc_int_nest
 .data          0x00000000400118a8        0x0 /home/fsw/rep/tasa/lib/bcc-2.2.3-gcc/bin/../sparc-gaisler-elf/bsp/leon3/mfix-b2bst/soft/libbcc.a(init.S.o)
 .data          0x00000000400118a8       0x10 /home/fsw/rep/tasa/lib/bcc-2.2.3-gcc/bin/../sparc-gaisler-elf/bsp/leon3/mfix-b2bst/soft/libbcc.a(leon_info.S.o)
                0x00000000400118a8                __bcc_leon_version
                0x00000000400118ac                __bcc_nwindows_min1
                0x00000000400118b0                __bcc_nwindows
                0x00000000400118b4                __bcc_cpuid
 .data          0x00000000400118b8        0x0 /home/fsw/rep/tasa/lib/bcc-2.2.3-gcc/bin/../sparc-gaisler-elf/bsp/leon3/mfix-b2bst/soft/libbcc.a(dwzero.S.o)
 .data          0x00000000400118b8        0x0 /home/fsw/rep/tasa/lib/bcc-2.2.3-gcc/bin/../sparc-gaisler-elf/bsp/leon3/mfix-b2bst/soft/libbcc.a(copy_data.c.o)
 .data          0x00000000400118b8        0x4 /home/fsw/rep/tasa/lib/bcc-2.2.3-gcc/bin/../sparc-gaisler-elf/bsp/leon3/mfix-b2bst/soft/libbcc.a(argv.c.o)
                0x00000000400118b8                __bcc_argvp
 .data          0x00000000400118bc        0x0 /home/fsw/rep/tasa/lib/bcc-2.2.3-gcc/bin/../sparc-gaisler-elf/bsp/leon3/mfix-b2bst/soft/libbcc.a(int_irqmp_get_source.c.o)
 .data          0x00000000400118bc        0x0 /home/fsw/rep/tasa/lib/bcc-2.2.3-gcc/bin/../sparc-gaisler-elf/bsp/leon3/mfix-b2bst/soft/libbcc.a(int_irqmp_mp.c.o)
 .data          0x00000000400118bc        0x0 /home/fsw/rep/tasa/lib/bcc-2.2.3-gcc/bin/../sparc-gaisler-elf/bsp/leon3/mfix-b2bst/soft/libbcc.a(int_irqmp_init.c.o)
 .data          0x00000000400118bc        0x0 /home/fsw/rep/tasa/lib/bcc-2.2.3-gcc/bin/../sparc-gaisler-elf/bsp/leon3/mfix-b2bst/soft/libbcc.a(con_apbuart_init.c.o)
 .data          0x00000000400118bc        0x0 /home/fsw/rep/tasa/lib/bcc-2.2.3-gcc/bin/../sparc-gaisler-elf/bsp/leon3/mfix-b2bst/soft/libbcc.a(timer_gptimer_init.c.o)
 .data          0x00000000400118bc        0x0 /home/fsw/rep/tasa/lib/bcc-2.2.3-gcc/bin/../sparc-gaisler-elf/bsp/leon3/mfix-b2bst/soft/libbcc.a(ambapp.c.o)
 .data          0x00000000400118bc        0x0 /home/fsw/rep/tasa/lib/bcc-2.2.3-gcc/bin/../sparc-gaisler-elf/bsp/leon3/mfix-b2bst/soft/libbcc.a(ambapp_findfirst_fn.c.o)
 .data          0x00000000400118bc        0x0 /home/fsw/rep/tasa/lib/bcc-2.2.3-gcc/bin/../sparc-gaisler-elf/bsp/leon3/mfix-b2bst/soft/libbcc.a(int_irqmp_handle.c.o)
 .data          0x00000000400118bc        0x0 /home/fsw/rep/tasa/lib/bcc-2.2.3-gcc/bin/../sparc-gaisler-elf/bsp/leon3/mfix-b2bst/soft/libbcc.a(con_handle.c.o)
 .data          0x00000000400118bc        0x0 /home/fsw/rep/tasa/lib/bcc-2.2.3-gcc/bin/../sparc-gaisler-elf/bsp/leon3/mfix-b2bst/soft/libbcc.a(timer_handle.c.o)
 .data          0x00000000400118bc        0x0 /home/fsw/rep/tasa/lib/bcc-2.2.3-gcc/bin/../lib/gcc/sparc-gaisler-elf/10.2.0/../../../../sparc-gaisler-elf/lib/mfix-b2bst/soft/libc.a(lib_a-atexit.o)
 .data          0x00000000400118bc        0x0 /home/fsw/rep/tasa/lib/bcc-2.2.3-gcc/bin/../lib/gcc/sparc-gaisler-elf/10.2.0/../../../../sparc-gaisler-elf/lib/mfix-b2bst/soft/libc.a(lib_a-exit.o)
 .data          0x00000000400118bc       0x64 /home/fsw/rep/tasa/lib/bcc-2.2.3-gcc/bin/../lib/gcc/sparc-gaisler-elf/10.2.0/../../../../sparc-gaisler-elf/lib/mfix-b2bst/soft/libc.a(lib_a-impure.o)
                0x00000000400118bc                _impure_ptr
 .data          0x0000000040011920        0x0 /home/fsw/rep/tasa/lib/bcc-2.2.3-gcc/bin/../lib/gcc/sparc-gaisler-elf/10.2.0/../../../../sparc-gaisler-elf/lib/mfix-b2bst/soft/libc.a(lib_a-memcpy.o)
 .data          0x0000000040011920        0x0 /home/fsw/rep/tasa/lib/bcc-2.2.3-gcc/bin/../lib/gcc/sparc-gaisler-elf/10.2.0/../../../../sparc-gaisler-elf/lib/mfix-b2bst/soft/libc.a(lib_a-printf.o)
 .data          0x0000000040011920        0x0 /home/fsw/rep/tasa/lib/bcc-2.2.3-gcc/bin/../lib/gcc/sparc-gaisler-elf/10.2.0/../../../../sparc-gaisler-elf/lib/mfix-b2bst/soft/libc.a(lib_a-putchar.o)
 .data          0x0000000040011920        0x0 /home/fsw/rep/tasa/lib/bcc-2.2.3-gcc/bin/../lib/gcc/sparc-gaisler-elf/10.2.0/../../../../sparc-gaisler-elf/lib/mfix-b2bst/soft/libc.a(lib_a-puts.o)
 .data          0x0000000040011920        0x0 /home/fsw/rep/tasa/lib/bcc-2.2.3-gcc/bin/../lib/gcc/sparc-gaisler-elf/10.2.0/../../../../sparc-gaisler-elf/lib/mfix-b2bst/soft/libc.a(lib_a-strlen.o)
 .data          0x0000000040011920        0x0 /home/fsw/rep/tasa/lib/bcc-2.2.3-gcc/bin/../lib/gcc/sparc-gaisler-elf/10.2.0/../../../../sparc-gaisler-elf/lib/mfix-b2bst/soft/libc.a(lib_a-vfprintf.o)
 .data          0x0000000040011920        0x0 /home/fsw/rep/tasa/lib/bcc-2.2.3-gcc/bin/../lib/gcc/sparc-gaisler-elf/10.2.0/../../../../sparc-gaisler-elf/lib/mfix-b2bst/soft/libc.a(lib_a-wsetup.o)
 .data          0x0000000040011920        0x0 /home/fsw/rep/tasa/lib/bcc-2.2.3-gcc/bin/../lib/gcc/sparc-gaisler-elf/10.2.0/../../../../sparc-gaisler-elf/lib/mfix-b2bst/soft/libc.a(lib_a-__atexit.o)
 .data          0x0000000040011920        0x0 /home/fsw/rep/tasa/lib/bcc-2.2.3-gcc/bin/../lib/gcc/sparc-gaisler-elf/10.2.0/../../../../sparc-gaisler-elf/lib/mfix-b2bst/soft/libc.a(lib_a-__call_atexit.o)
 .data          0x0000000040011920        0x0 /home/fsw/rep/tasa/lib/bcc-2.2.3-gcc/bin/../lib/gcc/sparc-gaisler-elf/10.2.0/../../../../sparc-gaisler-elf/lib/mfix-b2bst/soft/libc.a(lib_a-dtoa.o)
 .data          0x0000000040011920        0x0 /home/fsw/rep/tasa/lib/bcc-2.2.3-gcc/bin/../lib/gcc/sparc-gaisler-elf/10.2.0/../../../../sparc-gaisler-elf/lib/mfix-b2bst/soft/libc.a(lib_a-fflush.o)
 .data          0x0000000040011920        0x0 /home/fsw/rep/tasa/lib/bcc-2.2.3-gcc/bin/../lib/gcc/sparc-gaisler-elf/10.2.0/../../../../sparc-gaisler-elf/lib/mfix-b2bst/soft/libc.a(lib_a-findfp.o)
 .data          0x0000000040011920        0x0 /home/fsw/rep/tasa/lib/bcc-2.2.3-gcc/bin/../lib/gcc/sparc-gaisler-elf/10.2.0/../../../../sparc-gaisler-elf/lib/mfix-b2bst/soft/libc.a(lib_a-freer.o)
 .data          0x0000000040011920        0x0 /home/fsw/rep/tasa/lib/bcc-2.2.3-gcc/bin/../lib/gcc/sparc-gaisler-elf/10.2.0/../../../../sparc-gaisler-elf/lib/mfix-b2bst/soft/libc.a(lib_a-fvwrite.o)
 .data          0x0000000040011920        0x0 /home/fsw/rep/tasa/lib/bcc-2.2.3-gcc/bin/../lib/gcc/sparc-gaisler-elf/10.2.0/../../../../sparc-gaisler-elf/lib/mfix-b2bst/soft/libc.a(lib_a-fwalk.o)
 .data          0x0000000040011920        0x0 /home/fsw/rep/tasa/lib/bcc-2.2.3-gcc/bin/../lib/gcc/sparc-gaisler-elf/10.2.0/../../../../sparc-gaisler-elf/lib/mfix-b2bst/soft/libc.a(lib_a-localeconv.o)
 .data          0x0000000040011920        0x0 /home/fsw/rep/tasa/lib/bcc-2.2.3-gcc/bin/../lib/gcc/sparc-gaisler-elf/10.2.0/../../../../sparc-gaisler-elf/lib/mfix-b2bst/soft/libc.a(lib_a-makebuf.o)
 .data          0x0000000040011920        0x0 /home/fsw/rep/tasa/lib/bcc-2.2.3-gcc/bin/../lib/gcc/sparc-gaisler-elf/10.2.0/../../../../sparc-gaisler-elf/lib/mfix-b2bst/soft/libc.a(lib_a-malloc.o)
 .data          0x0000000040011920      0x410 /home/fsw/rep/tasa/lib/bcc-2.2.3-gcc/bin/../lib/gcc/sparc-gaisler-elf/10.2.0/../../../../sparc-gaisler-elf/lib/mfix-b2bst/soft/libc.a(lib_a-mallocr.o)
                0x0000000040011920                __malloc_sbrk_base
                0x0000000040011924                __malloc_trim_threshold
                0x0000000040011928                __malloc_av_
 .data          0x0000000040011d30        0x0 /home/fsw/rep/tasa/lib/bcc-2.2.3-gcc/bin/../lib/gcc/sparc-gaisler-elf/10.2.0/../../../../sparc-gaisler-elf/lib/mfix-b2bst/soft/libc.a(lib_a-memchr.o)
 .data          0x0000000040011d30        0x0 /home/fsw/rep/tasa/lib/bcc-2.2.3-gcc/bin/../lib/gcc/sparc-gaisler-elf/10.2.0/../../../../sparc-gaisler-elf/lib/mfix-b2bst/soft/libc.a(lib_a-memmove.o)
 .data          0x0000000040011d30        0x0 /home/fsw/rep/tasa/lib/bcc-2.2.3-gcc/bin/../lib/gcc/sparc-gaisler-elf/10.2.0/../../../../sparc-gaisler-elf/lib/mfix-b2bst/soft/libc.a(lib_a-memset.o)
 .data          0x0000000040011d30        0x0 /home/fsw/rep/tasa/lib/bcc-2.2.3-gcc/bin/../lib/gcc/sparc-gaisler-elf/10.2.0/../../../../sparc-gaisler-elf/lib/mfix-b2bst/soft/libc.a(lib_a-mlock.o)
 .data          0x0000000040011d30        0x0 /home/fsw/rep/tasa/lib/bcc-2.2.3-gcc/bin/../lib/gcc/sparc-gaisler-elf/10.2.0/../../../../sparc-gaisler-elf/lib/mfix-b2bst/soft/libc.a(lib_a-mprec.o)
 .data          0x0000000040011d30        0x0 /home/fsw/rep/tasa/lib/bcc-2.2.3-gcc/bin/../lib/gcc/sparc-gaisler-elf/10.2.0/../../../../sparc-gaisler-elf/lib/mfix-b2bst/soft/libc.a(lib_a-putc.o)
 .data          0x0000000040011d30        0x0 /home/fsw/rep/tasa/lib/bcc-2.2.3-gcc/bin/../lib/gcc/sparc-gaisler-elf/10.2.0/../../../../sparc-gaisler-elf/lib/mfix-b2bst/soft/libc.a(lib_a-reallocr.o)
 .data          0x0000000040011d30        0x0 /home/fsw/rep/tasa/lib/bcc-2.2.3-gcc/bin/../lib/gcc/sparc-gaisler-elf/10.2.0/../../../../sparc-gaisler-elf/lib/mfix-b2bst/soft/libc.a(lib_a-s_frexp.o)
 .data          0x0000000040011d30        0x0 /home/fsw/rep/tasa/lib/bcc-2.2.3-gcc/bin/../lib/gcc/sparc-gaisler-elf/10.2.0/../../../../sparc-gaisler-elf/lib/mfix-b2bst/soft/libc.a(lib_a-sbrkr.o)
 .data          0x0000000040011d30        0x0 /home/fsw/rep/tasa/lib/bcc-2.2.3-gcc/bin/../lib/gcc/sparc-gaisler-elf/10.2.0/../../../../sparc-gaisler-elf/lib/mfix-b2bst/soft/libc.a(lib_a-stdio.o)
 .data          0x0000000040011d30        0x0 /home/fsw/rep/tasa/lib/bcc-2.2.3-gcc/bin/../lib/gcc/sparc-gaisler-elf/10.2.0/../../../../sparc-gaisler-elf/lib/mfix-b2bst/soft/libc.a(lib_a-strncpy.o)
 .data          0x0000000040011d30        0x0 /home/fsw/rep/tasa/lib/bcc-2.2.3-gcc/bin/../lib/gcc/sparc-gaisler-elf/10.2.0/../../../../sparc-gaisler-elf/lib/mfix-b2bst/soft/libc.a(lib_a-vfiprintf.o)
 .data          0x0000000040011d30        0x0 /home/fsw/rep/tasa/lib/bcc-2.2.3-gcc/bin/../lib/gcc/sparc-gaisler-elf/10.2.0/../../../../sparc-gaisler-elf/lib/mfix-b2bst/soft/libc.a(lib_a-wbuf.o)
 .data          0x0000000040011d30        0x0 /home/fsw/rep/tasa/lib/bcc-2.2.3-gcc/bin/../lib/gcc/sparc-gaisler-elf/10.2.0/../../../../sparc-gaisler-elf/lib/mfix-b2bst/soft/libc.a(lib_a-writer.o)
 .data          0x0000000040011d30        0x0 /home/fsw/rep/tasa/lib/bcc-2.2.3-gcc/bin/../lib/gcc/sparc-gaisler-elf/10.2.0/../../../../sparc-gaisler-elf/lib/mfix-b2bst/soft/libc.a(lib_a-callocr.o)
 .data          0x0000000040011d30        0x0 /home/fsw/rep/tasa/lib/bcc-2.2.3-gcc/bin/../lib/gcc/sparc-gaisler-elf/10.2.0/../../../../sparc-gaisler-elf/lib/mfix-b2bst/soft/libc.a(lib_a-closer.o)
 .data          0x0000000040011d30        0x0 /home/fsw/rep/tasa/lib/bcc-2.2.3-gcc/bin/../lib/gcc/sparc-gaisler-elf/10.2.0/../../../../sparc-gaisler-elf/lib/mfix-b2bst/soft/libc.a(lib_a-fclose.o)
 .data          0x0000000040011d30        0x0 /home/fsw/rep/tasa/lib/bcc-2.2.3-gcc/bin/../lib/gcc/sparc-gaisler-elf/10.2.0/../../../../sparc-gaisler-elf/lib/mfix-b2bst/soft/libc.a(lib_a-fputwc.o)
 .data          0x0000000040011d30        0x0 /home/fsw/rep/tasa/lib/bcc-2.2.3-gcc/bin/../lib/gcc/sparc-gaisler-elf/10.2.0/../../../../sparc-gaisler-elf/lib/mfix-b2bst/soft/libc.a(lib_a-fstatr.o)
 .data          0x0000000040011d30        0x0 /home/fsw/rep/tasa/lib/bcc-2.2.3-gcc/bin/../lib/gcc/sparc-gaisler-elf/10.2.0/../../../../sparc-gaisler-elf/lib/mfix-b2bst/soft/libc.a(lib_a-isattyr.o)
 .data          0x0000000040011d30      0x16c /home/fsw/rep/tasa/lib/bcc-2.2.3-gcc/bin/../lib/gcc/sparc-gaisler-elf/10.2.0/../../../../sparc-gaisler-elf/lib/mfix-b2bst/soft/libc.a(lib_a-locale.o)
                0x0000000040011d30                __global_locale
 .data          0x0000000040011e9c        0x0 /home/fsw/rep/tasa/lib/bcc-2.2.3-gcc/bin/../lib/gcc/sparc-gaisler-elf/10.2.0/../../../../sparc-gaisler-elf/lib/mfix-b2bst/soft/libc.a(lib_a-lseekr.o)
 .data          0x0000000040011e9c        0x0 /home/fsw/rep/tasa/lib/bcc-2.2.3-gcc/bin/../lib/gcc/sparc-gaisler-elf/10.2.0/../../../../sparc-gaisler-elf/lib/mfix-b2bst/soft/libc.a(lib_a-mbtowc_r.o)
 .data          0x0000000040011e9c        0x0 /home/fsw/rep/tasa/lib/bcc-2.2.3-gcc/bin/../lib/gcc/sparc-gaisler-elf/10.2.0/../../../../sparc-gaisler-elf/lib/mfix-b2bst/soft/libc.a(lib_a-readr.o)
 .data          0x0000000040011e9c        0x0 /home/fsw/rep/tasa/lib/bcc-2.2.3-gcc/bin/../lib/gcc/sparc-gaisler-elf/10.2.0/../../../../sparc-gaisler-elf/lib/mfix-b2bst/soft/libc.a(lib_a-reent.o)
 .data          0x0000000040011e9c        0x0 /home/fsw/rep/tasa/lib/bcc-2.2.3-gcc/bin/../lib/gcc/sparc-gaisler-elf/10.2.0/../../../../sparc-gaisler-elf/lib/mfix-b2bst/soft/libc.a(lib_a-strcmp.o)
 .data          0x0000000040011e9c        0x0 /home/fsw/rep/tasa/lib/bcc-2.2.3-gcc/bin/../lib/gcc/sparc-gaisler-elf/10.2.0/../../../../sparc-gaisler-elf/lib/mfix-b2bst/soft/libc.a(lib_a-wcrtomb.o)
 .data          0x0000000040011e9c        0x0 /home/fsw/rep/tasa/lib/bcc-2.2.3-gcc/bin/../lib/gcc/sparc-gaisler-elf/10.2.0/../../../../sparc-gaisler-elf/lib/mfix-b2bst/soft/libc.a(lib_a-wctomb_r.o)
 .data          0x0000000040011e9c        0x0 /home/fsw/rep/tasa/lib/bcc-2.2.3-gcc/bin/../lib/gcc/sparc-gaisler-elf/10.2.0/../../../../sparc-gaisler-elf/lib/mfix-b2bst/soft/libc.a(lib_a-ctype_.o)
 .data          0x0000000040011e9c        0x0 /home/fsw/rep/tasa/lib/bcc-2.2.3-gcc/bin/../sparc-gaisler-elf/bsp/leon3/mfix-b2bst/soft/libbcc.a(_exit.S.o)
 .data          0x0000000040011e9c        0x0 /home/fsw/rep/tasa/lib/bcc-2.2.3-gcc/bin/../sparc-gaisler-elf/bsp/leon3/mfix-b2bst/soft/libbcc.a(read.c.o)
 .data          0x0000000040011e9c        0x0 /home/fsw/rep/tasa/lib/bcc-2.2.3-gcc/bin/../sparc-gaisler-elf/bsp/leon3/mfix-b2bst/soft/libbcc.a(sbrk.c.o)
 .data          0x0000000040011e9c        0x0 /home/fsw/rep/tasa/lib/bcc-2.2.3-gcc/bin/../sparc-gaisler-elf/bsp/leon3/mfix-b2bst/soft/libbcc.a(heap.c.o)
 .data          0x0000000040011e9c        0x0 /home/fsw/rep/tasa/lib/bcc-2.2.3-gcc/bin/../sparc-gaisler-elf/bsp/leon3/mfix-b2bst/soft/libbcc.a(write.c.o)
 .data          0x0000000040011e9c        0x0 /home/fsw/rep/tasa/lib/bcc-2.2.3-gcc/bin/../sparc-gaisler-elf/bsp/leon3/mfix-b2bst/soft/libbcc.a(stubs.S.o)
 .data          0x0000000040011e9c        0x0 /home/fsw/rep/tasa/lib/bcc-2.2.3-gcc/bin/../sparc-gaisler-elf/bsp/leon3/mfix-b2bst/soft/libbcc.a(con_apbuart.c.o)
 .data          0x0000000040011e9c        0x0 /home/fsw/rep/tasa/lib/bcc-2.2.3-gcc/bin/../lib/gcc/sparc-gaisler-elf/10.2.0/mfix-b2bst/soft/libgcc.a(_mulsi3.o)
 .data          0x0000000040011e9c        0x0 /home/fsw/rep/tasa/lib/bcc-2.2.3-gcc/bin/../lib/gcc/sparc-gaisler-elf/10.2.0/mfix-b2bst/soft/libgcc.a(_divsi3.o)
 .data          0x0000000040011e9c        0x0 /home/fsw/rep/tasa/lib/bcc-2.2.3-gcc/bin/../lib/gcc/sparc-gaisler-elf/10.2.0/mfix-b2bst/soft/libgcc.a(_modsi3.o)
 .data          0x0000000040011e9c        0x0 /home/fsw/rep/tasa/lib/bcc-2.2.3-gcc/bin/../lib/gcc/sparc-gaisler-elf/10.2.0/mfix-b2bst/soft/libgcc.a(_udivdi3.o)
 .data          0x0000000040011e9c        0x0 /home/fsw/rep/tasa/lib/bcc-2.2.3-gcc/bin/../lib/gcc/sparc-gaisler-elf/10.2.0/mfix-b2bst/soft/libgcc.a(_umoddi3.o)
 .data          0x0000000040011e9c        0x0 /home/fsw/rep/tasa/lib/bcc-2.2.3-gcc/bin/../lib/gcc/sparc-gaisler-elf/10.2.0/mfix-b2bst/soft/libgcc.a(_addsub_df.o)
 .data          0x0000000040011e9c        0x0 /home/fsw/rep/tasa/lib/bcc-2.2.3-gcc/bin/../lib/gcc/sparc-gaisler-elf/10.2.0/mfix-b2bst/soft/libgcc.a(_mul_df.o)
 .data          0x0000000040011e9c        0x0 /home/fsw/rep/tasa/lib/bcc-2.2.3-gcc/bin/../lib/gcc/sparc-gaisler-elf/10.2.0/mfix-b2bst/soft/libgcc.a(_div_df.o)
 .data          0x0000000040011e9c        0x0 /home/fsw/rep/tasa/lib/bcc-2.2.3-gcc/bin/../lib/gcc/sparc-gaisler-elf/10.2.0/mfix-b2bst/soft/libgcc.a(_eq_df.o)
 .data          0x0000000040011e9c        0x0 /home/fsw/rep/tasa/lib/bcc-2.2.3-gcc/bin/../lib/gcc/sparc-gaisler-elf/10.2.0/mfix-b2bst/soft/libgcc.a(_ne_df.o)
 .data          0x0000000040011e9c        0x0 /home/fsw/rep/tasa/lib/bcc-2.2.3-gcc/bin/../lib/gcc/sparc-gaisler-elf/10.2.0/mfix-b2bst/soft/libgcc.a(_gt_df.o)
 .data          0x0000000040011e9c        0x0 /home/fsw/rep/tasa/lib/bcc-2.2.3-gcc/bin/../lib/gcc/sparc-gaisler-elf/10.2.0/mfix-b2bst/soft/libgcc.a(_lt_df.o)
 .data          0x0000000040011e9c        0x0 /home/fsw/rep/tasa/lib/bcc-2.2.3-gcc/bin/../lib/gcc/sparc-gaisler-elf/10.2.0/mfix-b2bst/soft/libgcc.a(_le_df.o)
 .data          0x0000000040011e9c        0x0 /home/fsw/rep/tasa/lib/bcc-2.2.3-gcc/bin/../lib/gcc/sparc-gaisler-elf/10.2.0/mfix-b2bst/soft/libgcc.a(_unord_df.o)
 .data          0x0000000040011e9c        0x0 /home/fsw/rep/tasa/lib/bcc-2.2.3-gcc/bin/../lib/gcc/sparc-gaisler-elf/10.2.0/mfix-b2bst/soft/libgcc.a(_si_to_df.o)
 .data          0x0000000040011e9c        0x0 /home/fsw/rep/tasa/lib/bcc-2.2.3-gcc/bin/../lib/gcc/sparc-gaisler-elf/10.2.0/mfix-b2bst/soft/libgcc.a(_df_to_si.o)
 .data          0x0000000040011e9c        0x0 /home/fsw/rep/tasa/lib/bcc-2.2.3-gcc/bin/../lib/gcc/sparc-gaisler-elf/10.2.0/mfix-b2bst/soft/libgcc.a(_thenan_df.o)
 .data          0x0000000040011e9c        0x0 /home/fsw/rep/tasa/lib/bcc-2.2.3-gcc/bin/../lib/gcc/sparc-gaisler-elf/10.2.0/mfix-b2bst/soft/libgcc.a(_usi_to_df.o)
 .data          0x0000000040011e9c        0x0 /home/fsw/rep/tasa/lib/bcc-2.2.3-gcc/bin/../lib/gcc/sparc-gaisler-elf/10.2.0/mfix-b2bst/soft/libgcc.a(_muldi3.o)
 .data          0x0000000040011e9c        0x0 /home/fsw/rep/tasa/lib/bcc-2.2.3-gcc/bin/../lib/gcc/sparc-gaisler-elf/10.2.0/mfix-b2bst/soft/libgcc.a(_clz.o)
 .data          0x0000000040011e9c        0x0 /home/fsw/rep/tasa/lib/bcc-2.2.3-gcc/bin/../lib/gcc/sparc-gaisler-elf/10.2.0/mfix-b2bst/soft/libgcc.a(_clzsi2.o)
 .data          0x0000000040011e9c        0x0 /home/fsw/rep/tasa/lib/bcc-2.2.3-gcc/bin/../lib/gcc/sparc-gaisler-elf/10.2.0/mfix-b2bst/soft/libgcc.a(_pack_df.o)
 .data          0x0000000040011e9c        0x0 /home/fsw/rep/tasa/lib/bcc-2.2.3-gcc/bin/../lib/gcc/sparc-gaisler-elf/10.2.0/mfix-b2bst/soft/libgcc.a(_unpack_df.o)
 .data          0x0000000040011e9c        0x0 /home/fsw/rep/tasa/lib/bcc-2.2.3-gcc/bin/../lib/gcc/sparc-gaisler-elf/10.2.0/mfix-b2bst/soft/libgcc.a(_fpcmp_parts_df.o)
 .data          0x0000000040011e9c        0x0 /home/fsw/rep/tasa/lib/bcc-2.2.3-gcc/bin/../lib/gcc/sparc-gaisler-elf/10.2.0/mfix-b2bst/soft/crtend.o
 .data          0x0000000040011e9c        0x0 /home/fsw/rep/tasa/lib/bcc-2.2.3-gcc/bin/../lib/gcc/sparc-gaisler-elf/10.2.0/mfix-b2bst/soft/crtn.o
                0x0000000040011ea0                . = ALIGN (0x8)
 *fill*         0x0000000040011e9c        0x4 
                0x0000000040011ea0                __data_end = .
                0x0000000040011890                __data_start_lma = LOADADDR (.data)
                0x0000000000000610                __data_size = SIZEOF (.data)

.iplt           0x0000000040011ea0        0x0
 .iplt          0x0000000040011ea0        0x0 /home/fsw/rep/tasa/lib/bcc-2.2.3-gcc/bin/../sparc-gaisler-elf/bsp/leon3/mfix-b2bst/soft/trap_table_mvt.S.o

.tm_clone_table
                0x0000000040011ea0        0x0
 .tm_clone_table
                0x0000000040011ea0        0x0 /home/fsw/rep/tasa/lib/bcc-2.2.3-gcc/bin/../lib/gcc/sparc-gaisler-elf/10.2.0/mfix-b2bst/soft/crtbegin.o
 .tm_clone_table
                0x0000000040011ea0        0x0 /home/fsw/rep/tasa/lib/bcc-2.2.3-gcc/bin/../lib/gcc/sparc-gaisler-elf/10.2.0/mfix-b2bst/soft/crtend.o

.bss            0x0000000040011ea0      0x1c0
                0x0000000040011ea0                . = ALIGN (0x8)
                0x0000000040011ea0                __bss_start = .
 *(.bss .bss.*)
 .bss           0x0000000040011ea0        0x0 /home/fsw/rep/tasa/lib/bcc-2.2.3-gcc/bin/../sparc-gaisler-elf/bsp/leon3/mfix-b2bst/soft/trap_table_mvt.S.o
 .bss           0x0000000040011ea0        0x4 /home/fsw/rep/tasa/lib/bcc-2.2.3-gcc/bin/../sparc-gaisler-elf/bsp/leon3/mfix-b2bst/soft/crt0.S.o
                0x0000000040011ea0                __bcc_sp_at_entry
 .bss           0x0000000040011ea4        0x0 /home/fsw/rep/tasa/lib/bcc-2.2.3-gcc/bin/../lib/gcc/sparc-gaisler-elf/10.2.0/mfix-b2bst/soft/crti.o
 .bss           0x0000000040011ea4       0x20 /home/fsw/rep/tasa/lib/bcc-2.2.3-gcc/bin/../lib/gcc/sparc-gaisler-elf/10.2.0/mfix-b2bst/soft/crtbegin.o
 .bss           0x0000000040011ec4        0x0 /tmp/ccjQJ0Dl.o
 .bss           0x0000000040011ec4        0x0 /home/fsw/rep/tasa/lib/bcc-2.2.3-gcc/bin/../sparc-gaisler-elf/bsp/leon3/mfix-b2bst/soft/libbcc.a(reset_trap_mvt.S.o)
 .bss           0x0000000040011ec4        0x0 /home/fsw/rep/tasa/lib/bcc-2.2.3-gcc/bin/../sparc-gaisler-elf/bsp/leon3/mfix-b2bst/soft/libbcc.a(window_trap.S.o)
 .bss           0x0000000040011ec4        0x0 /home/fsw/rep/tasa/lib/bcc-2.2.3-gcc/bin/../sparc-gaisler-elf/bsp/leon3/mfix-b2bst/soft/libbcc.a(interrupt_trap.S.o)
 *fill*         0x0000000040011ec4        0x4 
 .bss           0x0000000040011ec8       0x14 /home/fsw/rep/tasa/lib/bcc-2.2.3-gcc/bin/../sparc-gaisler-elf/bsp/leon3/mfix-b2bst/soft/libbcc.a(flush_windows_trap.S.o)
 .bss           0x0000000040011edc        0x0 /home/fsw/rep/tasa/lib/bcc-2.2.3-gcc/bin/../sparc-gaisler-elf/bsp/leon3/mfix-b2bst/soft/libbcc.a(sw_trap_set_pil.S.o)
 .bss           0x0000000040011edc       0x80 /home/fsw/rep/tasa/lib/bcc-2.2.3-gcc/bin/../sparc-gaisler-elf/bsp/leon3/mfix-b2bst/soft/libbcc.a(isr.c.o)
                0x0000000040011edc                __bcc_isr_list
 .bss           0x0000000040011f5c        0x0 /home/fsw/rep/tasa/lib/bcc-2.2.3-gcc/bin/../sparc-gaisler-elf/bsp/leon3/mfix-b2bst/soft/libbcc.a(int_nest.c.o)
 .bss           0x0000000040011f5c        0x0 /home/fsw/rep/tasa/lib/bcc-2.2.3-gcc/bin/../sparc-gaisler-elf/bsp/leon3/mfix-b2bst/soft/libbcc.a(init.S.o)
 .bss           0x0000000040011f5c        0x0 /home/fsw/rep/tasa/lib/bcc-2.2.3-gcc/bin/../sparc-gaisler-elf/bsp/leon3/mfix-b2bst/soft/libbcc.a(leon_info.S.o)
 .bss           0x0000000040011f5c        0x0 /home/fsw/rep/tasa/lib/bcc-2.2.3-gcc/bin/../sparc-gaisler-elf/bsp/leon3/mfix-b2bst/soft/libbcc.a(dwzero.S.o)
 .bss           0x0000000040011f5c        0x0 /home/fsw/rep/tasa/lib/bcc-2.2.3-gcc/bin/../sparc-gaisler-elf/bsp/leon3/mfix-b2bst/soft/libbcc.a(copy_data.c.o)
 .bss           0x0000000040011f5c        0x8 /home/fsw/rep/tasa/lib/bcc-2.2.3-gcc/bin/../sparc-gaisler-elf/bsp/leon3/mfix-b2bst/soft/libbcc.a(argv.c.o)
                0x0000000040011f60                __bcc_argc
 .bss           0x0000000040011f64        0x0 /home/fsw/rep/tasa/lib/bcc-2.2.3-gcc/bin/../sparc-gaisler-elf/bsp/leon3/mfix-b2bst/soft/libbcc.a(int_irqmp_get_source.c.o)
 .bss           0x0000000040011f64        0x0 /home/fsw/rep/tasa/lib/bcc-2.2.3-gcc/bin/../sparc-gaisler-elf/bsp/leon3/mfix-b2bst/soft/libbcc.a(int_irqmp_mp.c.o)
 .bss           0x0000000040011f64        0x0 /home/fsw/rep/tasa/lib/bcc-2.2.3-gcc/bin/../sparc-gaisler-elf/bsp/leon3/mfix-b2bst/soft/libbcc.a(int_irqmp_init.c.o)
 .bss           0x0000000040011f64        0x0 /home/fsw/rep/tasa/lib/bcc-2.2.3-gcc/bin/../sparc-gaisler-elf/bsp/leon3/mfix-b2bst/soft/libbcc.a(con_apbuart_init.c.o)
 .bss           0x0000000040011f64        0x0 /home/fsw/rep/tasa/lib/bcc-2.2.3-gcc/bin/../sparc-gaisler-elf/bsp/leon3/mfix-b2bst/soft/libbcc.a(timer_gptimer_init.c.o)
 .bss           0x0000000040011f64        0x0 /home/fsw/rep/tasa/lib/bcc-2.2.3-gcc/bin/../sparc-gaisler-elf/bsp/leon3/mfix-b2bst/soft/libbcc.a(ambapp.c.o)
 .bss           0x0000000040011f64        0x0 /home/fsw/rep/tasa/lib/bcc-2.2.3-gcc/bin/../sparc-gaisler-elf/bsp/leon3/mfix-b2bst/soft/libbcc.a(ambapp_findfirst_fn.c.o)
 .bss           0x0000000040011f64       0x10 /home/fsw/rep/tasa/lib/bcc-2.2.3-gcc/bin/../sparc-gaisler-elf/bsp/leon3/mfix-b2bst/soft/libbcc.a(int_irqmp_handle.c.o)
                0x0000000040011f64                __bcc_int_irqmp_nts
                0x0000000040011f68                __bcc_int_irqmp_map
                0x0000000040011f6c                __bcc_int_irqmp_eirq
                0x0000000040011f70                __bcc_int_handle
 .bss           0x0000000040011f74        0x4 /home/fsw/rep/tasa/lib/bcc-2.2.3-gcc/bin/../sparc-gaisler-elf/bsp/leon3/mfix-b2bst/soft/libbcc.a(con_handle.c.o)
                0x0000000040011f74                __bcc_con_handle
 .bss           0x0000000040011f78        0x8 /home/fsw/rep/tasa/lib/bcc-2.2.3-gcc/bin/../sparc-gaisler-elf/bsp/leon3/mfix-b2bst/soft/libbcc.a(timer_handle.c.o)
                0x0000000040011f78                __bcc_timer_interrupt
                0x0000000040011f7c                __bcc_timer_handle
 .bss           0x0000000040011f80        0x0 /home/fsw/rep/tasa/lib/bcc-2.2.3-gcc/bin/../lib/gcc/sparc-gaisler-elf/10.2.0/../../../../sparc-gaisler-elf/lib/mfix-b2bst/soft/libc.a(lib_a-atexit.o)
 .bss           0x0000000040011f80        0x0 /home/fsw/rep/tasa/lib/bcc-2.2.3-gcc/bin/../lib/gcc/sparc-gaisler-elf/10.2.0/../../../../sparc-gaisler-elf/lib/mfix-b2bst/soft/libc.a(lib_a-exit.o)
 .bss           0x0000000040011f80        0x0 /home/fsw/rep/tasa/lib/bcc-2.2.3-gcc/bin/../lib/gcc/sparc-gaisler-elf/10.2.0/../../../../sparc-gaisler-elf/lib/mfix-b2bst/soft/libc.a(lib_a-impure.o)
 .bss           0x0000000040011f80        0x0 /home/fsw/rep/tasa/lib/bcc-2.2.3-gcc/bin/../lib/gcc/sparc-gaisler-elf/10.2.0/../../../../sparc-gaisler-elf/lib/mfix-b2bst/soft/libc.a(lib_a-memcpy.o)
 .bss           0x0000000040011f80        0x0 /home/fsw/rep/tasa/lib/bcc-2.2.3-gcc/bin/../lib/gcc/sparc-gaisler-elf/10.2.0/../../../../sparc-gaisler-elf/lib/mfix-b2bst/soft/libc.a(lib_a-printf.o)
 .bss           0x0000000040011f80        0x0 /home/fsw/rep/tasa/lib/bcc-2.2.3-gcc/bin/../lib/gcc/sparc-gaisler-elf/10.2.0/../../../../sparc-gaisler-elf/lib/mfix-b2bst/soft/libc.a(lib_a-putchar.o)
 .bss           0x0000000040011f80        0x0 /home/fsw/rep/tasa/lib/bcc-2.2.3-gcc/bin/../lib/gcc/sparc-gaisler-elf/10.2.0/../../../../sparc-gaisler-elf/lib/mfix-b2bst/soft/libc.a(lib_a-puts.o)
 .bss           0x0000000040011f80        0x0 /home/fsw/rep/tasa/lib/bcc-2.2.3-gcc/bin/../lib/gcc/sparc-gaisler-elf/10.2.0/../../../../sparc-gaisler-elf/lib/mfix-b2bst/soft/libc.a(lib_a-strlen.o)
 .bss           0x0000000040011f80        0x0 /home/fsw/rep/tasa/lib/bcc-2.2.3-gcc/bin/../lib/gcc/sparc-gaisler-elf/10.2.0/../../../../sparc-gaisler-elf/lib/mfix-b2bst/soft/libc.a(lib_a-vfprintf.o)
 .bss           0x0000000040011f80        0x0 /home/fsw/rep/tasa/lib/bcc-2.2.3-gcc/bin/../lib/gcc/sparc-gaisler-elf/10.2.0/../../../../sparc-gaisler-elf/lib/mfix-b2bst/soft/libc.a(lib_a-wsetup.o)
 .bss           0x0000000040011f80       0x8c /home/fsw/rep/tasa/lib/bcc-2.2.3-gcc/bin/../lib/gcc/sparc-gaisler-elf/10.2.0/../../../../sparc-gaisler-elf/lib/mfix-b2bst/soft/libc.a(lib_a-__atexit.o)
 .bss           0x000000004001200c        0x4 /home/fsw/rep/tasa/lib/bcc-2.2.3-gcc/bin/../lib/gcc/sparc-gaisler-elf/10.2.0/../../../../sparc-gaisler-elf/lib/mfix-b2bst/soft/libc.a(lib_a-__call_atexit.o)
                0x000000004001200c                _global_atexit
 .bss           0x0000000040012010        0x0 /home/fsw/rep/tasa/lib/bcc-2.2.3-gcc/bin/../lib/gcc/sparc-gaisler-elf/10.2.0/../../../../sparc-gaisler-elf/lib/mfix-b2bst/soft/libc.a(lib_a-dtoa.o)
 .bss           0x0000000040012010        0x0 /home/fsw/rep/tasa/lib/bcc-2.2.3-gcc/bin/../lib/gcc/sparc-gaisler-elf/10.2.0/../../../../sparc-gaisler-elf/lib/mfix-b2bst/soft/libc.a(lib_a-fflush.o)
 .bss           0x0000000040012010        0x0 /home/fsw/rep/tasa/lib/bcc-2.2.3-gcc/bin/../lib/gcc/sparc-gaisler-elf/10.2.0/../../../../sparc-gaisler-elf/lib/mfix-b2bst/soft/libc.a(lib_a-findfp.o)
 .bss           0x0000000040012010        0x0 /home/fsw/rep/tasa/lib/bcc-2.2.3-gcc/bin/../lib/gcc/sparc-gaisler-elf/10.2.0/../../../../sparc-gaisler-elf/lib/mfix-b2bst/soft/libc.a(lib_a-freer.o)
 .bss           0x0000000040012010        0x0 /home/fsw/rep/tasa/lib/bcc-2.2.3-gcc/bin/../lib/gcc/sparc-gaisler-elf/10.2.0/../../../../sparc-gaisler-elf/lib/mfix-b2bst/soft/libc.a(lib_a-fvwrite.o)
 .bss           0x0000000040012010        0x0 /home/fsw/rep/tasa/lib/bcc-2.2.3-gcc/bin/../lib/gcc/sparc-gaisler-elf/10.2.0/../../../../sparc-gaisler-elf/lib/mfix-b2bst/soft/libc.a(lib_a-fwalk.o)
 .bss           0x0000000040012010        0x0 /home/fsw/rep/tasa/lib/bcc-2.2.3-gcc/bin/../lib/gcc/sparc-gaisler-elf/10.2.0/../../../../sparc-gaisler-elf/lib/mfix-b2bst/soft/libc.a(lib_a-localeconv.o)
 .bss           0x0000000040012010        0x0 /home/fsw/rep/tasa/lib/bcc-2.2.3-gcc/bin/../lib/gcc/sparc-gaisler-elf/10.2.0/../../../../sparc-gaisler-elf/lib/mfix-b2bst/soft/libc.a(lib_a-makebuf.o)
 .bss           0x0000000040012010        0x0 /home/fsw/rep/tasa/lib/bcc-2.2.3-gcc/bin/../lib/gcc/sparc-gaisler-elf/10.2.0/../../../../sparc-gaisler-elf/lib/mfix-b2bst/soft/libc.a(lib_a-malloc.o)
 .bss           0x0000000040012010       0x34 /home/fsw/rep/tasa/lib/bcc-2.2.3-gcc/bin/../lib/gcc/sparc-gaisler-elf/10.2.0/../../../../sparc-gaisler-elf/lib/mfix-b2bst/soft/libc.a(lib_a-mallocr.o)
                0x0000000040012010                __malloc_current_mallinfo
                0x0000000040012038                __malloc_max_total_mem
                0x000000004001203c                __malloc_max_sbrked_mem
                0x0000000040012040                __malloc_top_pad
 .bss           0x0000000040012044        0x0 /home/fsw/rep/tasa/lib/bcc-2.2.3-gcc/bin/../lib/gcc/sparc-gaisler-elf/10.2.0/../../../../sparc-gaisler-elf/lib/mfix-b2bst/soft/libc.a(lib_a-memchr.o)
 .bss           0x0000000040012044        0x0 /home/fsw/rep/tasa/lib/bcc-2.2.3-gcc/bin/../lib/gcc/sparc-gaisler-elf/10.2.0/../../../../sparc-gaisler-elf/lib/mfix-b2bst/soft/libc.a(lib_a-memmove.o)
 .bss           0x0000000040012044        0x0 /home/fsw/rep/tasa/lib/bcc-2.2.3-gcc/bin/../lib/gcc/sparc-gaisler-elf/10.2.0/../../../../sparc-gaisler-elf/lib/mfix-b2bst/soft/libc.a(lib_a-memset.o)
 .bss           0x0000000040012044        0x0 /home/fsw/rep/tasa/lib/bcc-2.2.3-gcc/bin/../lib/gcc/sparc-gaisler-elf/10.2.0/../../../../sparc-gaisler-elf/lib/mfix-b2bst/soft/libc.a(lib_a-mlock.o)
 .bss           0x0000000040012044        0x0 /home/fsw/rep/tasa/lib/bcc-2.2.3-gcc/bin/../lib/gcc/sparc-gaisler-elf/10.2.0/../../../../sparc-gaisler-elf/lib/mfix-b2bst/soft/libc.a(lib_a-mprec.o)
 .bss           0x0000000040012044        0x0 /home/fsw/rep/tasa/lib/bcc-2.2.3-gcc/bin/../lib/gcc/sparc-gaisler-elf/10.2.0/../../../../sparc-gaisler-elf/lib/mfix-b2bst/soft/libc.a(lib_a-putc.o)
 .bss           0x0000000040012044        0x0 /home/fsw/rep/tasa/lib/bcc-2.2.3-gcc/bin/../lib/gcc/sparc-gaisler-elf/10.2.0/../../../../sparc-gaisler-elf/lib/mfix-b2bst/soft/libc.a(lib_a-reallocr.o)
 .bss           0x0000000040012044        0x0 /home/fsw/rep/tasa/lib/bcc-2.2.3-gcc/bin/../lib/gcc/sparc-gaisler-elf/10.2.0/../../../../sparc-gaisler-elf/lib/mfix-b2bst/soft/libc.a(lib_a-s_frexp.o)
 .bss           0x0000000040012044        0x0 /home/fsw/rep/tasa/lib/bcc-2.2.3-gcc/bin/../lib/gcc/sparc-gaisler-elf/10.2.0/../../../../sparc-gaisler-elf/lib/mfix-b2bst/soft/libc.a(lib_a-sbrkr.o)
 .bss           0x0000000040012044        0x0 /home/fsw/rep/tasa/lib/bcc-2.2.3-gcc/bin/../lib/gcc/sparc-gaisler-elf/10.2.0/../../../../sparc-gaisler-elf/lib/mfix-b2bst/soft/libc.a(lib_a-stdio.o)
 .bss           0x0000000040012044        0x0 /home/fsw/rep/tasa/lib/bcc-2.2.3-gcc/bin/../lib/gcc/sparc-gaisler-elf/10.2.0/../../../../sparc-gaisler-elf/lib/mfix-b2bst/soft/libc.a(lib_a-strncpy.o)
 .bss           0x0000000040012044        0x0 /home/fsw/rep/tasa/lib/bcc-2.2.3-gcc/bin/../lib/gcc/sparc-gaisler-elf/10.2.0/../../../../sparc-gaisler-elf/lib/mfix-b2bst/soft/libc.a(lib_a-vfiprintf.o)
 .bss           0x0000000040012044        0x0 /home/fsw/rep/tasa/lib/bcc-2.2.3-gcc/bin/../lib/gcc/sparc-gaisler-elf/10.2.0/../../../../sparc-gaisler-elf/lib/mfix-b2bst/soft/libc.a(lib_a-wbuf.o)
 .bss           0x0000000040012044        0x0 /home/fsw/rep/tasa/lib/bcc-2.2.3-gcc/bin/../lib/gcc/sparc-gaisler-elf/10.2.0/../../../../sparc-gaisler-elf/lib/mfix-b2bst/soft/libc.a(lib_a-writer.o)
 .bss           0x0000000040012044        0x0 /home/fsw/rep/tasa/lib/bcc-2.2.3-gcc/bin/../lib/gcc/sparc-gaisler-elf/10.2.0/../../../../sparc-gaisler-elf/lib/mfix-b2bst/soft/libc.a(lib_a-callocr.o)
 .bss           0x0000000040012044        0x0 /home/fsw/rep/tasa/lib/bcc-2.2.3-gcc/bin/../lib/gcc/sparc-gaisler-elf/10.2.0/../../../../sparc-gaisler-elf/lib/mfix-b2bst/soft/libc.a(lib_a-closer.o)
 .bss           0x0000000040012044        0x0 /home/fsw/rep/tasa/lib/bcc-2.2.3-gcc/bin/../lib/gcc/sparc-gaisler-elf/10.2.0/../../../../sparc-gaisler-elf/lib/mfix-b2bst/soft/libc.a(lib_a-fclose.o)
 .bss           0x0000000040012044        0x0 /home/fsw/rep/tasa/lib/bcc-2.2.3-gcc/bin/../lib/gcc/sparc-gaisler-elf/10.2.0/../../../../sparc-gaisler-elf/lib/mfix-b2bst/soft/libc.a(lib_a-fputwc.o)
 .bss           0x0000000040012044        0x0 /home/fsw/rep/tasa/lib/bcc-2.2.3-gcc/bin/../lib/gcc/sparc-gaisler-elf/10.2.0/../../../../sparc-gaisler-elf/lib/mfix-b2bst/soft/libc.a(lib_a-fstatr.o)
 .bss           0x0000000040012044        0x0 /home/fsw/rep/tasa/lib/bcc-2.2.3-gcc/bin/../lib/gcc/sparc-gaisler-elf/10.2.0/../../../../sparc-gaisler-elf/lib/mfix-b2bst/soft/libc.a(lib_a-isattyr.o)
 .bss           0x0000000040012044        0x4 /home/fsw/rep/tasa/lib/bcc-2.2.3-gcc/bin/../lib/gcc/sparc-gaisler-elf/10.2.0/../../../../sparc-gaisler-elf/lib/mfix-b2bst/soft/libc.a(lib_a-locale.o)
                0x0000000040012044                _PathLocale
 .bss           0x0000000040012048        0x0 /home/fsw/rep/tasa/lib/bcc-2.2.3-gcc/bin/../lib/gcc/sparc-gaisler-elf/10.2.0/../../../../sparc-gaisler-elf/lib/mfix-b2bst/soft/libc.a(lib_a-lseekr.o)
 .bss           0x0000000040012048        0x0 /home/fsw/rep/tasa/lib/bcc-2.2.3-gcc/bin/../lib/gcc/sparc-gaisler-elf/10.2.0/../../../../sparc-gaisler-elf/lib/mfix-b2bst/soft/libc.a(lib_a-mbtowc_r.o)
 .bss           0x0000000040012048        0x0 /home/fsw/rep/tasa/lib/bcc-2.2.3-gcc/bin/../lib/gcc/sparc-gaisler-elf/10.2.0/../../../../sparc-gaisler-elf/lib/mfix-b2bst/soft/libc.a(lib_a-readr.o)
 .bss           0x0000000040012048        0x4 /home/fsw/rep/tasa/lib/bcc-2.2.3-gcc/bin/../lib/gcc/sparc-gaisler-elf/10.2.0/../../../../sparc-gaisler-elf/lib/mfix-b2bst/soft/libc.a(lib_a-reent.o)
                0x0000000040012048                errno
 .bss           0x000000004001204c        0x0 /home/fsw/rep/tasa/lib/bcc-2.2.3-gcc/bin/../lib/gcc/sparc-gaisler-elf/10.2.0/../../../../sparc-gaisler-elf/lib/mfix-b2bst/soft/libc.a(lib_a-strcmp.o)
 .bss           0x000000004001204c        0x0 /home/fsw/rep/tasa/lib/bcc-2.2.3-gcc/bin/../lib/gcc/sparc-gaisler-elf/10.2.0/../../../../sparc-gaisler-elf/lib/mfix-b2bst/soft/libc.a(lib_a-wcrtomb.o)
 .bss           0x000000004001204c        0x0 /home/fsw/rep/tasa/lib/bcc-2.2.3-gcc/bin/../lib/gcc/sparc-gaisler-elf/10.2.0/../../../../sparc-gaisler-elf/lib/mfix-b2bst/soft/libc.a(lib_a-wctomb_r.o)
 .bss           0x000000004001204c        0x0 /home/fsw/rep/tasa/lib/bcc-2.2.3-gcc/bin/../lib/gcc/sparc-gaisler-elf/10.2.0/../../../../sparc-gaisler-elf/lib/mfix-b2bst/soft/libc.a(lib_a-ctype_.o)
 .bss           0x000000004001204c        0x0 /home/fsw/rep/tasa/lib/bcc-2.2.3-gcc/bin/../sparc-gaisler-elf/bsp/leon3/mfix-b2bst/soft/libbcc.a(_exit.S.o)
 .bss           0x000000004001204c        0x0 /home/fsw/rep/tasa/lib/bcc-2.2.3-gcc/bin/../sparc-gaisler-elf/bsp/leon3/mfix-b2bst/soft/libbcc.a(read.c.o)
 .bss           0x000000004001204c        0x4 /home/fsw/rep/tasa/lib/bcc-2.2.3-gcc/bin/../sparc-gaisler-elf/bsp/leon3/mfix-b2bst/soft/libbcc.a(sbrk.c.o)
 .bss           0x0000000040012050        0x8 /home/fsw/rep/tasa/lib/bcc-2.2.3-gcc/bin/../sparc-gaisler-elf/bsp/leon3/mfix-b2bst/soft/libbcc.a(heap.c.o)
                0x0000000040012050                __bcc_heap_max
                0x0000000040012054                __bcc_heap_min
 .bss           0x0000000040012058        0x0 /home/fsw/rep/tasa/lib/bcc-2.2.3-gcc/bin/../sparc-gaisler-elf/bsp/leon3/mfix-b2bst/soft/libbcc.a(write.c.o)
 .bss           0x0000000040012058        0x0 /home/fsw/rep/tasa/lib/bcc-2.2.3-gcc/bin/../sparc-gaisler-elf/bsp/leon3/mfix-b2bst/soft/libbcc.a(stubs.S.o)
 .bss           0x0000000040012058        0x4 /home/fsw/rep/tasa/lib/bcc-2.2.3-gcc/bin/../sparc-gaisler-elf/bsp/leon3/mfix-b2bst/soft/libbcc.a(con_apbuart.c.o)
 .bss           0x000000004001205c        0x0 /home/fsw/rep/tasa/lib/bcc-2.2.3-gcc/bin/../lib/gcc/sparc-gaisler-elf/10.2.0/mfix-b2bst/soft/libgcc.a(_mulsi3.o)
 .bss           0x000000004001205c        0x0 /home/fsw/rep/tasa/lib/bcc-2.2.3-gcc/bin/../lib/gcc/sparc-gaisler-elf/10.2.0/mfix-b2bst/soft/libgcc.a(_divsi3.o)
 .bss           0x000000004001205c        0x0 /home/fsw/rep/tasa/lib/bcc-2.2.3-gcc/bin/../lib/gcc/sparc-gaisler-elf/10.2.0/mfix-b2bst/soft/libgcc.a(_modsi3.o)
 .bss           0x000000004001205c        0x0 /home/fsw/rep/tasa/lib/bcc-2.2.3-gcc/bin/../lib/gcc/sparc-gaisler-elf/10.2.0/mfix-b2bst/soft/libgcc.a(_udivdi3.o)
 .bss           0x000000004001205c        0x0 /home/fsw/rep/tasa/lib/bcc-2.2.3-gcc/bin/../lib/gcc/sparc-gaisler-elf/10.2.0/mfix-b2bst/soft/libgcc.a(_umoddi3.o)
 .bss           0x000000004001205c        0x0 /home/fsw/rep/tasa/lib/bcc-2.2.3-gcc/bin/../lib/gcc/sparc-gaisler-elf/10.2.0/mfix-b2bst/soft/libgcc.a(_addsub_df.o)
 .bss           0x000000004001205c        0x0 /home/fsw/rep/tasa/lib/bcc-2.2.3-gcc/bin/../lib/gcc/sparc-gaisler-elf/10.2.0/mfix-b2bst/soft/libgcc.a(_mul_df.o)
 .bss           0x000000004001205c        0x0 /home/fsw/rep/tasa/lib/bcc-2.2.3-gcc/bin/../lib/gcc/sparc-gaisler-elf/10.2.0/mfix-b2bst/soft/libgcc.a(_div_df.o)
 .bss           0x000000004001205c        0x0 /home/fsw/rep/tasa/lib/bcc-2.2.3-gcc/bin/../lib/gcc/sparc-gaisler-elf/10.2.0/mfix-b2bst/soft/libgcc.a(_eq_df.o)
 .bss           0x000000004001205c        0x0 /home/fsw/rep/tasa/lib/bcc-2.2.3-gcc/bin/../lib/gcc/sparc-gaisler-elf/10.2.0/mfix-b2bst/soft/libgcc.a(_ne_df.o)
 .bss           0x000000004001205c        0x0 /home/fsw/rep/tasa/lib/bcc-2.2.3-gcc/bin/../lib/gcc/sparc-gaisler-elf/10.2.0/mfix-b2bst/soft/libgcc.a(_gt_df.o)
 .bss           0x000000004001205c        0x0 /home/fsw/rep/tasa/lib/bcc-2.2.3-gcc/bin/../lib/gcc/sparc-gaisler-elf/10.2.0/mfix-b2bst/soft/libgcc.a(_lt_df.o)
 .bss           0x000000004001205c        0x0 /home/fsw/rep/tasa/lib/bcc-2.2.3-gcc/bin/../lib/gcc/sparc-gaisler-elf/10.2.0/mfix-b2bst/soft/libgcc.a(_le_df.o)
 .bss           0x000000004001205c        0x0 /home/fsw/rep/tasa/lib/bcc-2.2.3-gcc/bin/../lib/gcc/sparc-gaisler-elf/10.2.0/mfix-b2bst/soft/libgcc.a(_unord_df.o)
 .bss           0x000000004001205c        0x0 /home/fsw/rep/tasa/lib/bcc-2.2.3-gcc/bin/../lib/gcc/sparc-gaisler-elf/10.2.0/mfix-b2bst/soft/libgcc.a(_si_to_df.o)
 .bss           0x000000004001205c        0x0 /home/fsw/rep/tasa/lib/bcc-2.2.3-gcc/bin/../lib/gcc/sparc-gaisler-elf/10.2.0/mfix-b2bst/soft/libgcc.a(_df_to_si.o)
 .bss           0x000000004001205c        0x0 /home/fsw/rep/tasa/lib/bcc-2.2.3-gcc/bin/../lib/gcc/sparc-gaisler-elf/10.2.0/mfix-b2bst/soft/libgcc.a(_thenan_df.o)
 .bss           0x000000004001205c        0x0 /home/fsw/rep/tasa/lib/bcc-2.2.3-gcc/bin/../lib/gcc/sparc-gaisler-elf/10.2.0/mfix-b2bst/soft/libgcc.a(_usi_to_df.o)
 .bss           0x000000004001205c        0x0 /home/fsw/rep/tasa/lib/bcc-2.2.3-gcc/bin/../lib/gcc/sparc-gaisler-elf/10.2.0/mfix-b2bst/soft/libgcc.a(_muldi3.o)
 .bss           0x000000004001205c        0x0 /home/fsw/rep/tasa/lib/bcc-2.2.3-gcc/bin/../lib/gcc/sparc-gaisler-elf/10.2.0/mfix-b2bst/soft/libgcc.a(_clz.o)
 .bss           0x000000004001205c        0x0 /home/fsw/rep/tasa/lib/bcc-2.2.3-gcc/bin/../lib/gcc/sparc-gaisler-elf/10.2.0/mfix-b2bst/soft/libgcc.a(_clzsi2.o)
 .bss           0x000000004001205c        0x0 /home/fsw/rep/tasa/lib/bcc-2.2.3-gcc/bin/../lib/gcc/sparc-gaisler-elf/10.2.0/mfix-b2bst/soft/libgcc.a(_pack_df.o)
 .bss           0x000000004001205c        0x0 /home/fsw/rep/tasa/lib/bcc-2.2.3-gcc/bin/../lib/gcc/sparc-gaisler-elf/10.2.0/mfix-b2bst/soft/libgcc.a(_unpack_df.o)
 .bss           0x000000004001205c        0x0 /home/fsw/rep/tasa/lib/bcc-2.2.3-gcc/bin/../lib/gcc/sparc-gaisler-elf/10.2.0/mfix-b2bst/soft/libgcc.a(_fpcmp_parts_df.o)
 .bss           0x000000004001205c        0x0 /home/fsw/rep/tasa/lib/bcc-2.2.3-gcc/bin/../lib/gcc/sparc-gaisler-elf/10.2.0/mfix-b2bst/soft/crtend.o
 .bss           0x000000004001205c        0x0 /home/fsw/rep/tasa/lib/bcc-2.2.3-gcc/bin/../lib/gcc/sparc-gaisler-elf/10.2.0/mfix-b2bst/soft/crtn.o
 *(COMMON)
                0x0000000040012060                . = ALIGN (0x8)
 *fill*         0x000000004001205c        0x4 
                0x0000000040012060                __bss_end = .
                0x0000000040012060                __heap_min = .
                0x0000000040012060                . = ALIGN (0x8)

.jcr
 *(.jcr)

.stab
 *(.stab)

.stabstr
 *(.stabstr)

.debug
 *(.debug)

.line
 *(.line)

.debug_srcinfo
 *(.debug_srcinfo)

.debug_sfnames
 *(.debug_sfnames)

.debug_aranges  0x0000000000000000      0xd08
 *(.debug_aranges)
 .debug_aranges
                0x0000000000000000       0x20 /home/fsw/rep/tasa/lib/bcc-2.2.3-gcc/bin/../sparc-gaisler-elf/bsp/leon3/mfix-b2bst/soft/trap_table_mvt.S.o
 .debug_aranges
                0x0000000000000020       0x20 /home/fsw/rep/tasa/lib/bcc-2.2.3-gcc/bin/../sparc-gaisler-elf/bsp/leon3/mfix-b2bst/soft/crt0.S.o
 .debug_aranges
                0x0000000000000040       0x20 /tmp/ccjQJ0Dl.o
 .debug_aranges
                0x0000000000000060       0x20 /home/fsw/rep/tasa/lib/bcc-2.2.3-gcc/bin/../sparc-gaisler-elf/bsp/leon3/mfix-b2bst/soft/libbcc.a(reset_trap_mvt.S.o)
 .debug_aranges
                0x0000000000000080       0x20 /home/fsw/rep/tasa/lib/bcc-2.2.3-gcc/bin/../sparc-gaisler-elf/bsp/leon3/mfix-b2bst/soft/libbcc.a(window_trap.S.o)
 .debug_aranges
                0x00000000000000a0       0x20 /home/fsw/rep/tasa/lib/bcc-2.2.3-gcc/bin/../sparc-gaisler-elf/bsp/leon3/mfix-b2bst/soft/libbcc.a(interrupt_trap.S.o)
 .debug_aranges
                0x00000000000000c0       0x20 /home/fsw/rep/tasa/lib/bcc-2.2.3-gcc/bin/../sparc-gaisler-elf/bsp/leon3/mfix-b2bst/soft/libbcc.a(flush_windows_trap.S.o)
 .debug_aranges
                0x00000000000000e0       0x20 /home/fsw/rep/tasa/lib/bcc-2.2.3-gcc/bin/../sparc-gaisler-elf/bsp/leon3/mfix-b2bst/soft/libbcc.a(sw_trap_set_pil.S.o)
 .debug_aranges
                0x0000000000000100       0x18 /home/fsw/rep/tasa/lib/bcc-2.2.3-gcc/bin/../sparc-gaisler-elf/bsp/leon3/mfix-b2bst/soft/libbcc.a(isr.c.o)
 .debug_aranges
                0x0000000000000118       0x18 /home/fsw/rep/tasa/lib/bcc-2.2.3-gcc/bin/../sparc-gaisler-elf/bsp/leon3/mfix-b2bst/soft/libbcc.a(int_nest.c.o)
 .debug_aranges
                0x0000000000000130       0x20 /home/fsw/rep/tasa/lib/bcc-2.2.3-gcc/bin/../sparc-gaisler-elf/bsp/leon3/mfix-b2bst/soft/libbcc.a(init.S.o)
 .debug_aranges
                0x0000000000000150       0x20 /home/fsw/rep/tasa/lib/bcc-2.2.3-gcc/bin/../sparc-gaisler-elf/bsp/leon3/mfix-b2bst/soft/libbcc.a(leon_info.S.o)
 .debug_aranges
                0x0000000000000170       0x20 /home/fsw/rep/tasa/lib/bcc-2.2.3-gcc/bin/../sparc-gaisler-elf/bsp/leon3/mfix-b2bst/soft/libbcc.a(dwzero.S.o)
 .debug_aranges
                0x0000000000000190       0x20 /home/fsw/rep/tasa/lib/bcc-2.2.3-gcc/bin/../sparc-gaisler-elf/bsp/leon3/mfix-b2bst/soft/libbcc.a(copy_data.c.o)
 .debug_aranges
                0x00000000000001b0       0x18 /home/fsw/rep/tasa/lib/bcc-2.2.3-gcc/bin/../sparc-gaisler-elf/bsp/leon3/mfix-b2bst/soft/libbcc.a(argv.c.o)
 .debug_aranges
                0x00000000000001c8       0x20 /home/fsw/rep/tasa/lib/bcc-2.2.3-gcc/bin/../sparc-gaisler-elf/bsp/leon3/mfix-b2bst/soft/libbcc.a(int_irqmp_get_source.c.o)
 .debug_aranges
                0x00000000000001e8       0x20 /home/fsw/rep/tasa/lib/bcc-2.2.3-gcc/bin/../sparc-gaisler-elf/bsp/leon3/mfix-b2bst/soft/libbcc.a(int_irqmp_mp.c.o)
 .debug_aranges
                0x0000000000000208       0x20 /home/fsw/rep/tasa/lib/bcc-2.2.3-gcc/bin/../sparc-gaisler-elf/bsp/leon3/mfix-b2bst/soft/libbcc.a(int_irqmp_init.c.o)
 .debug_aranges
                0x0000000000000228       0x20 /home/fsw/rep/tasa/lib/bcc-2.2.3-gcc/bin/../sparc-gaisler-elf/bsp/leon3/mfix-b2bst/soft/libbcc.a(con_apbuart_init.c.o)
 .debug_aranges
                0x0000000000000248       0x20 /home/fsw/rep/tasa/lib/bcc-2.2.3-gcc/bin/../sparc-gaisler-elf/bsp/leon3/mfix-b2bst/soft/libbcc.a(timer_gptimer_init.c.o)
 .debug_aranges
                0x0000000000000268       0x20 /home/fsw/rep/tasa/lib/bcc-2.2.3-gcc/bin/../sparc-gaisler-elf/bsp/leon3/mfix-b2bst/soft/libbcc.a(ambapp.c.o)
 .debug_aranges
                0x0000000000000288       0x20 /home/fsw/rep/tasa/lib/bcc-2.2.3-gcc/bin/../sparc-gaisler-elf/bsp/leon3/mfix-b2bst/soft/libbcc.a(ambapp_findfirst_fn.c.o)
 .debug_aranges
                0x00000000000002a8       0x18 /home/fsw/rep/tasa/lib/bcc-2.2.3-gcc/bin/../sparc-gaisler-elf/bsp/leon3/mfix-b2bst/soft/libbcc.a(int_irqmp_handle.c.o)
 .debug_aranges
                0x00000000000002c0       0x18 /home/fsw/rep/tasa/lib/bcc-2.2.3-gcc/bin/../sparc-gaisler-elf/bsp/leon3/mfix-b2bst/soft/libbcc.a(con_handle.c.o)
 .debug_aranges
                0x00000000000002d8       0x18 /home/fsw/rep/tasa/lib/bcc-2.2.3-gcc/bin/../sparc-gaisler-elf/bsp/leon3/mfix-b2bst/soft/libbcc.a(timer_handle.c.o)
 .debug_aranges
                0x00000000000002f0       0x20 /home/fsw/rep/tasa/lib/bcc-2.2.3-gcc/bin/../lib/gcc/sparc-gaisler-elf/10.2.0/../../../../sparc-gaisler-elf/lib/mfix-b2bst/soft/libc.a(lib_a-atexit.o)
 .debug_aranges
                0x0000000000000310       0x20 /home/fsw/rep/tasa/lib/bcc-2.2.3-gcc/bin/../lib/gcc/sparc-gaisler-elf/10.2.0/../../../../sparc-gaisler-elf/lib/mfix-b2bst/soft/libc.a(lib_a-exit.o)
 .debug_aranges
                0x0000000000000330       0x18 /home/fsw/rep/tasa/lib/bcc-2.2.3-gcc/bin/../lib/gcc/sparc-gaisler-elf/10.2.0/../../../../sparc-gaisler-elf/lib/mfix-b2bst/soft/libc.a(lib_a-impure.o)
 .debug_aranges
                0x0000000000000348       0x20 /home/fsw/rep/tasa/lib/bcc-2.2.3-gcc/bin/../lib/gcc/sparc-gaisler-elf/10.2.0/../../../../sparc-gaisler-elf/lib/mfix-b2bst/soft/libc.a(lib_a-memcpy.o)
 .debug_aranges
                0x0000000000000368       0x20 /home/fsw/rep/tasa/lib/bcc-2.2.3-gcc/bin/../lib/gcc/sparc-gaisler-elf/10.2.0/../../../../sparc-gaisler-elf/lib/mfix-b2bst/soft/libc.a(lib_a-printf.o)
 .debug_aranges
                0x0000000000000388       0x20 /home/fsw/rep/tasa/lib/bcc-2.2.3-gcc/bin/../lib/gcc/sparc-gaisler-elf/10.2.0/../../../../sparc-gaisler-elf/lib/mfix-b2bst/soft/libc.a(lib_a-putchar.o)
 .debug_aranges
                0x00000000000003a8       0x20 /home/fsw/rep/tasa/lib/bcc-2.2.3-gcc/bin/../lib/gcc/sparc-gaisler-elf/10.2.0/../../../../sparc-gaisler-elf/lib/mfix-b2bst/soft/libc.a(lib_a-puts.o)
 .debug_aranges
                0x00000000000003c8       0x20 /home/fsw/rep/tasa/lib/bcc-2.2.3-gcc/bin/../lib/gcc/sparc-gaisler-elf/10.2.0/../../../../sparc-gaisler-elf/lib/mfix-b2bst/soft/libc.a(lib_a-strlen.o)
 .debug_aranges
                0x00000000000003e8       0x20 /home/fsw/rep/tasa/lib/bcc-2.2.3-gcc/bin/../lib/gcc/sparc-gaisler-elf/10.2.0/../../../../sparc-gaisler-elf/lib/mfix-b2bst/soft/libc.a(lib_a-vfprintf.o)
 .debug_aranges
                0x0000000000000408       0x20 /home/fsw/rep/tasa/lib/bcc-2.2.3-gcc/bin/../lib/gcc/sparc-gaisler-elf/10.2.0/../../../../sparc-gaisler-elf/lib/mfix-b2bst/soft/libc.a(lib_a-wsetup.o)
 .debug_aranges
                0x0000000000000428       0x20 /home/fsw/rep/tasa/lib/bcc-2.2.3-gcc/bin/../lib/gcc/sparc-gaisler-elf/10.2.0/../../../../sparc-gaisler-elf/lib/mfix-b2bst/soft/libc.a(lib_a-__atexit.o)
 .debug_aranges
                0x0000000000000448       0x20 /home/fsw/rep/tasa/lib/bcc-2.2.3-gcc/bin/../lib/gcc/sparc-gaisler-elf/10.2.0/../../../../sparc-gaisler-elf/lib/mfix-b2bst/soft/libc.a(lib_a-__call_atexit.o)
 .debug_aranges
                0x0000000000000468       0x20 /home/fsw/rep/tasa/lib/bcc-2.2.3-gcc/bin/../lib/gcc/sparc-gaisler-elf/10.2.0/../../../../sparc-gaisler-elf/lib/mfix-b2bst/soft/libc.a(lib_a-dtoa.o)
 .debug_aranges
                0x0000000000000488       0x20 /home/fsw/rep/tasa/lib/bcc-2.2.3-gcc/bin/../lib/gcc/sparc-gaisler-elf/10.2.0/../../../../sparc-gaisler-elf/lib/mfix-b2bst/soft/libc.a(lib_a-fflush.o)
 .debug_aranges
                0x00000000000004a8       0x20 /home/fsw/rep/tasa/lib/bcc-2.2.3-gcc/bin/../lib/gcc/sparc-gaisler-elf/10.2.0/../../../../sparc-gaisler-elf/lib/mfix-b2bst/soft/libc.a(lib_a-findfp.o)
 .debug_aranges
                0x00000000000004c8       0x20 /home/fsw/rep/tasa/lib/bcc-2.2.3-gcc/bin/../lib/gcc/sparc-gaisler-elf/10.2.0/../../../../sparc-gaisler-elf/lib/mfix-b2bst/soft/libc.a(lib_a-freer.o)
 .debug_aranges
                0x00000000000004e8       0x20 /home/fsw/rep/tasa/lib/bcc-2.2.3-gcc/bin/../lib/gcc/sparc-gaisler-elf/10.2.0/../../../../sparc-gaisler-elf/lib/mfix-b2bst/soft/libc.a(lib_a-fvwrite.o)
 .debug_aranges
                0x0000000000000508       0x20 /home/fsw/rep/tasa/lib/bcc-2.2.3-gcc/bin/../lib/gcc/sparc-gaisler-elf/10.2.0/../../../../sparc-gaisler-elf/lib/mfix-b2bst/soft/libc.a(lib_a-fwalk.o)
 .debug_aranges
                0x0000000000000528       0x20 /home/fsw/rep/tasa/lib/bcc-2.2.3-gcc/bin/../lib/gcc/sparc-gaisler-elf/10.2.0/../../../../sparc-gaisler-elf/lib/mfix-b2bst/soft/libc.a(lib_a-localeconv.o)
 .debug_aranges
                0x0000000000000548       0x20 /home/fsw/rep/tasa/lib/bcc-2.2.3-gcc/bin/../lib/gcc/sparc-gaisler-elf/10.2.0/../../../../sparc-gaisler-elf/lib/mfix-b2bst/soft/libc.a(lib_a-makebuf.o)
 .debug_aranges
                0x0000000000000568       0x20 /home/fsw/rep/tasa/lib/bcc-2.2.3-gcc/bin/../lib/gcc/sparc-gaisler-elf/10.2.0/../../../../sparc-gaisler-elf/lib/mfix-b2bst/soft/libc.a(lib_a-malloc.o)
 .debug_aranges
                0x0000000000000588       0x20 /home/fsw/rep/tasa/lib/bcc-2.2.3-gcc/bin/../lib/gcc/sparc-gaisler-elf/10.2.0/../../../../sparc-gaisler-elf/lib/mfix-b2bst/soft/libc.a(lib_a-mallocr.o)
 .debug_aranges
                0x00000000000005a8       0x20 /home/fsw/rep/tasa/lib/bcc-2.2.3-gcc/bin/../lib/gcc/sparc-gaisler-elf/10.2.0/../../../../sparc-gaisler-elf/lib/mfix-b2bst/soft/libc.a(lib_a-memchr.o)
 .debug_aranges
                0x00000000000005c8       0x20 /home/fsw/rep/tasa/lib/bcc-2.2.3-gcc/bin/../lib/gcc/sparc-gaisler-elf/10.2.0/../../../../sparc-gaisler-elf/lib/mfix-b2bst/soft/libc.a(lib_a-memmove.o)
 .debug_aranges
                0x00000000000005e8       0x20 /home/fsw/rep/tasa/lib/bcc-2.2.3-gcc/bin/../lib/gcc/sparc-gaisler-elf/10.2.0/../../../../sparc-gaisler-elf/lib/mfix-b2bst/soft/libc.a(lib_a-memset.o)
 .debug_aranges
                0x0000000000000608       0x20 /home/fsw/rep/tasa/lib/bcc-2.2.3-gcc/bin/../lib/gcc/sparc-gaisler-elf/10.2.0/../../../../sparc-gaisler-elf/lib/mfix-b2bst/soft/libc.a(lib_a-mlock.o)
 .debug_aranges
                0x0000000000000628       0x20 /home/fsw/rep/tasa/lib/bcc-2.2.3-gcc/bin/../lib/gcc/sparc-gaisler-elf/10.2.0/../../../../sparc-gaisler-elf/lib/mfix-b2bst/soft/libc.a(lib_a-mprec.o)
 .debug_aranges
                0x0000000000000648       0x20 /home/fsw/rep/tasa/lib/bcc-2.2.3-gcc/bin/../lib/gcc/sparc-gaisler-elf/10.2.0/../../../../sparc-gaisler-elf/lib/mfix-b2bst/soft/libc.a(lib_a-putc.o)
 .debug_aranges
                0x0000000000000668       0x20 /home/fsw/rep/tasa/lib/bcc-2.2.3-gcc/bin/../lib/gcc/sparc-gaisler-elf/10.2.0/../../../../sparc-gaisler-elf/lib/mfix-b2bst/soft/libc.a(lib_a-reallocr.o)
 .debug_aranges
                0x0000000000000688       0x20 /home/fsw/rep/tasa/lib/bcc-2.2.3-gcc/bin/../lib/gcc/sparc-gaisler-elf/10.2.0/../../../../sparc-gaisler-elf/lib/mfix-b2bst/soft/libc.a(lib_a-s_frexp.o)
 .debug_aranges
                0x00000000000006a8       0x20 /home/fsw/rep/tasa/lib/bcc-2.2.3-gcc/bin/../lib/gcc/sparc-gaisler-elf/10.2.0/../../../../sparc-gaisler-elf/lib/mfix-b2bst/soft/libc.a(lib_a-sbrkr.o)
 .debug_aranges
                0x00000000000006c8       0x20 /home/fsw/rep/tasa/lib/bcc-2.2.3-gcc/bin/../lib/gcc/sparc-gaisler-elf/10.2.0/../../../../sparc-gaisler-elf/lib/mfix-b2bst/soft/libc.a(lib_a-stdio.o)
 .debug_aranges
                0x00000000000006e8       0x20 /home/fsw/rep/tasa/lib/bcc-2.2.3-gcc/bin/../lib/gcc/sparc-gaisler-elf/10.2.0/../../../../sparc-gaisler-elf/lib/mfix-b2bst/soft/libc.a(lib_a-strncpy.o)
 .debug_aranges