Archive member included to satisfy reference by file (symbol)

/home/fsw/rep/tasa/lib/bcc-2.2.3-gcc/bin/../sparc-gaisler-elf/bsp/leon2/leon/mfix-at697f/libbcc.a(reset_trap_mvt.S.o)
                              /home/fsw/rep/tasa/lib/bcc-2.2.3-gcc/bin/../sparc-gaisler-elf/bsp/leon2/leon/mfix-at697f/trap_table_mvt.S.o (__bcc_trap_reset_mvt)
/home/fsw/rep/tasa/lib/bcc-2.2.3-gcc/bin/../sparc-gaisler-elf/bsp/leon2/leon/mfix-at697f/libbcc.a(window_trap.S.o)
                              /home/fsw/rep/tasa/lib/bcc-2.2.3-gcc/bin/../sparc-gaisler-elf/bsp/leon2/leon/mfix-at697f/trap_table_mvt.S.o (__bcc_trap_window_overflow)
/home/fsw/rep/tasa/lib/bcc-2.2.3-gcc/bin/../sparc-gaisler-elf/bsp/leon2/leon/mfix-at697f/libbcc.a(interrupt_trap.S.o)
                              /home/fsw/rep/tasa/lib/bcc-2.2.3-gcc/bin/../sparc-gaisler-elf/bsp/leon2/leon/mfix-at697f/trap_table_mvt.S.o (__bcc_trap_interrupt)
/home/fsw/rep/tasa/lib/bcc-2.2.3-gcc/bin/../sparc-gaisler-elf/bsp/leon2/leon/mfix-at697f/libbcc.a(flush_windows_trap.S.o)
                              /home/fsw/rep/tasa/lib/bcc-2.2.3-gcc/bin/../sparc-gaisler-elf/bsp/leon2/leon/mfix-at697f/trap_table_mvt.S.o (__bcc_trap_flush_windows)
/home/fsw/rep/tasa/lib/bcc-2.2.3-gcc/bin/../sparc-gaisler-elf/bsp/leon2/leon/mfix-at697f/libbcc.a(sw_trap_set_pil.S.o)
                              /home/fsw/rep/tasa/lib/bcc-2.2.3-gcc/bin/../sparc-gaisler-elf/bsp/leon2/leon/mfix-at697f/trap_table_mvt.S.o (__bcc_trap_sw_set_pil)
/home/fsw/rep/tasa/lib/bcc-2.2.3-gcc/bin/../sparc-gaisler-elf/bsp/leon2/leon/mfix-at697f/libbcc.a(isr.c.o)
                              /home/fsw/rep/tasa/lib/bcc-2.2.3-gcc/bin/../sparc-gaisler-elf/bsp/leon2/leon/mfix-at697f/libbcc.a(interrupt_trap.S.o) (__bcc_isr_list)
/home/fsw/rep/tasa/lib/bcc-2.2.3-gcc/bin/../sparc-gaisler-elf/bsp/leon2/leon/mfix-at697f/libbcc.a(int_nest.c.o)
                              /home/fsw/rep/tasa/lib/bcc-2.2.3-gcc/bin/../sparc-gaisler-elf/bsp/leon2/leon/mfix-at697f/libbcc.a(interrupt_trap.S.o) (__bcc_int_nest)
/home/fsw/rep/tasa/lib/bcc-2.2.3-gcc/bin/../sparc-gaisler-elf/bsp/leon2/leon/mfix-at697f/libbcc.a(init.S.o)
                              /home/fsw/rep/tasa/lib/bcc-2.2.3-gcc/bin/../sparc-gaisler-elf/bsp/leon2/leon/mfix-at697f/libbcc.a(reset_trap_mvt.S.o) (__bcc_init40)
/home/fsw/rep/tasa/lib/bcc-2.2.3-gcc/bin/../sparc-gaisler-elf/bsp/leon2/leon/mfix-at697f/libbcc.a(leon_info.S.o)
                              /home/fsw/rep/tasa/lib/bcc-2.2.3-gcc/bin/../sparc-gaisler-elf/bsp/leon2/leon/mfix-at697f/crt0.S.o (__bcc_get_leon_info)
/home/fsw/rep/tasa/lib/bcc-2.2.3-gcc/bin/../sparc-gaisler-elf/bsp/leon2/leon/mfix-at697f/libbcc.a(dwzero.S.o)
                              /home/fsw/rep/tasa/lib/bcc-2.2.3-gcc/bin/../sparc-gaisler-elf/bsp/leon2/leon/mfix-at697f/crt0.S.o (bcc_dwzero)
/home/fsw/rep/tasa/lib/bcc-2.2.3-gcc/bin/../sparc-gaisler-elf/bsp/leon2/leon/mfix-at697f/libbcc.a(copy_data.c.o)
                              /home/fsw/rep/tasa/lib/bcc-2.2.3-gcc/bin/../sparc-gaisler-elf/bsp/leon2/leon/mfix-at697f/crt0.S.o (__bcc_copy_data)
/home/fsw/rep/tasa/lib/bcc-2.2.3-gcc/bin/../sparc-gaisler-elf/bsp/leon2/leon/mfix-at697f/libbcc.a(argv.c.o)
                              /home/fsw/rep/tasa/lib/bcc-2.2.3-gcc/bin/../sparc-gaisler-elf/bsp/leon2/leon/mfix-at697f/crt0.S.o (__bcc_argvp)
/home/fsw/rep/tasa/lib/bcc-2.2.3-gcc/bin/../sparc-gaisler-elf/bsp/leon2/leon/mfix-at697f/libbcc.a(int_leon2_get_source.c.o)
                              /home/fsw/rep/tasa/lib/bcc-2.2.3-gcc/bin/../sparc-gaisler-elf/bsp/leon2/leon/mfix-at697f/libbcc.a(interrupt_trap.S.o) (__bcc_int_get_source)
/home/fsw/rep/tasa/lib/bcc-2.2.3-gcc/bin/../sparc-gaisler-elf/bsp/leon2/leon/mfix-at697f/libbcc.a(int_leon2_mp.c.o)
                              /tmp/cc2cJmQm.o (bcc_get_cpu_count)
/home/fsw/rep/tasa/lib/bcc-2.2.3-gcc/bin/../sparc-gaisler-elf/bsp/leon2/leon/mfix-at697f/libbcc.a(int_leon2_init.c.o)
                              /home/fsw/rep/tasa/lib/bcc-2.2.3-gcc/bin/../sparc-gaisler-elf/bsp/leon2/leon/mfix-at697f/crt0.S.o (__bcc_int_init)
/home/fsw/rep/tasa/lib/bcc-2.2.3-gcc/bin/../sparc-gaisler-elf/bsp/leon2/leon/mfix-at697f/libbcc.a(con_leon2.c.o)
                              /home/fsw/rep/tasa/lib/bcc-2.2.3-gcc/bin/../sparc-gaisler-elf/bsp/leon2/leon/mfix-at697f/crt0.S.o (__bcc_con_init)
/home/fsw/rep/tasa/lib/bcc-2.2.3-gcc/bin/../sparc-gaisler-elf/bsp/leon2/leon/mfix-at697f/libbcc.a(timer_leon2.c.o)
                              /home/fsw/rep/tasa/lib/bcc-2.2.3-gcc/bin/../sparc-gaisler-elf/bsp/leon2/leon/mfix-at697f/crt0.S.o (__bcc_timer_init)
/home/fsw/rep/tasa/lib/bcc-2.2.3-gcc/bin/../sparc-gaisler-elf/bsp/leon2/leon/mfix-at697f/libbcc.a(int_leon2.c.o)
                              /home/fsw/rep/tasa/lib/bcc-2.2.3-gcc/bin/../sparc-gaisler-elf/bsp/leon2/leon/mfix-at697f/libbcc.a(int_leon2_mp.c.o) (bcc_int_force)
/home/fsw/rep/tasa/lib/bcc-2.2.3-gcc/bin/../sparc-gaisler-elf/bsp/leon2/leon/mfix-at697f/libbcc.a(con_handle.c.o)
[...]
Memory Configuration

Name             Origin             Length             Attributes
rom              0x0000000000000000 0x0000000020000000
ram              0x0000000040000000 0x0000000040000000
*default*        0x0000000000000000 0xffffffffffffffff

Linker script and memory map

LOAD /home/fsw/rep/tasa/lib/bcc-2.2.3-gcc/bin/../sparc-gaisler-elf/bsp/leon2/leon/mfix-at697f/trap_table_mvt.S.o
LOAD /home/fsw/rep/tasa/lib/bcc-2.2.3-gcc/bin/../sparc-gaisler-elf/bsp/leon2/leon/mfix-at697f/crt0.S.o
LOAD /home/fsw/rep/tasa/lib/bcc-2.2.3-gcc/bin/../lib/gcc/sparc-gaisler-elf/10.2.0/leon/mfix-at697f/crti.o
LOAD /home/fsw/rep/tasa/lib/bcc-2.2.3-gcc/bin/../lib/gcc/sparc-gaisler-elf/10.2.0/leon/mfix-at697f/crtbegin.o
LOAD /tmp/cc2cJmQm.o
                0x0000000000000000                PROVIDE (__bcc_cfg_skip_clear_bss = 0x0)

.text           0x0000000040000000     0xdfe0
 CREATE_OBJECT_SYMBOLS
                0x0000000040000000                __text_start = .
                0x0000000040000000                . = ALIGN (0x1000)
 *(.text.traptable)
 .text.traptable
                0x0000000040000000     0x1000 /home/fsw/rep/tasa/lib/bcc-2.2.3-gcc/bin/../sparc-gaisler-elf/bsp/leon2/leon/mfix-at697f/trap_table_mvt.S.o
                0x0000000040000000                __bcc_trap_table
                0x0000000040000000                __bcc_entry_point
 *(.text .text.*)
 .text          0x0000000040001000        0x0 /home/fsw/rep/tasa/lib/bcc-2.2.3-gcc/bin/../sparc-gaisler-elf/bsp/leon2/leon/mfix-at697f/trap_table_mvt.S.o
 .text          0x0000000040001000       0xc8 /home/fsw/rep/tasa/lib/bcc-2.2.3-gcc/bin/../sparc-gaisler-elf/bsp/leon2/leon/mfix-at697f/crt0.S.o
                0x0000000040001000                __bcc_crt0
 .text          0x00000000400010c8        0x0 /home/fsw/rep/tasa/lib/bcc-2.2.3-gcc/bin/../lib/gcc/sparc-gaisler-elf/10.2.0/leon/mfix-at697f/crti.o
 .text          0x00000000400010c8      0x180 /home/fsw/rep/tasa/lib/bcc-2.2.3-gcc/bin/../lib/gcc/sparc-gaisler-elf/10.2.0/leon/mfix-at697f/crtbegin.o
 .text          0x0000000040001248        0x0 /tmp/cc2cJmQm.o
 .text.startup  0x0000000040001248      0x14c /tmp/cc2cJmQm.o
                0x0000000040001248                main
 .text          0x0000000040001394       0x90 /home/fsw/rep/tasa/lib/bcc-2.2.3-gcc/bin/../sparc-gaisler-elf/bsp/leon2/leon/mfix-at697f/libbcc.a(reset_trap_mvt.S.o)
                0x0000000040001394                __bcc_trap_reset_mvt
 .text          0x0000000040001424       0xb0 /home/fsw/rep/tasa/lib/bcc-2.2.3-gcc/bin/../sparc-gaisler-elf/bsp/leon2/leon/mfix-at697f/libbcc.a(window_trap.S.o)
                0x0000000040001424                __bcc_trap_window_overflow
                0x0000000040001474                __bcc_trap_window_underflow
 .text          0x00000000400014d4      0x1b0 /home/fsw/rep/tasa/lib/bcc-2.2.3-gcc/bin/../sparc-gaisler-elf/bsp/leon2/leon/mfix-at697f/libbcc.a(interrupt_trap.S.o)
                0x00000000400014d4                __bcc_trap_interrupt_svt
                0x00000000400014d8                __bcc_trap_interrupt
 .text          0x0000000040001684       0x88 /home/fsw/rep/tasa/lib/bcc-2.2.3-gcc/bin/../sparc-gaisler-elf/bsp/leon2/leon/mfix-at697f/libbcc.a(flush_windows_trap.S.o)
                0x0000000040001684                __bcc_trap_flush_windows
 .text          0x000000004000170c       0x2c /home/fsw/rep/tasa/lib/bcc-2.2.3-gcc/bin/../sparc-gaisler-elf/bsp/leon2/leon/mfix-at697f/libbcc.a(sw_trap_set_pil.S.o)
                0x000000004000170c                __bcc_trap_sw_set_pil
 .text          0x0000000040001738        0x0 /home/fsw/rep/tasa/lib/bcc-2.2.3-gcc/bin/../sparc-gaisler-elf/bsp/leon2/leon/mfix-at697f/libbcc.a(isr.c.o)
 .text          0x0000000040001738        0x0 /home/fsw/rep/tasa/lib/bcc-2.2.3-gcc/bin/../sparc-gaisler-elf/bsp/leon2/leon/mfix-at697f/libbcc.a(int_nest.c.o)
 .text          0x0000000040001738        0x8 /home/fsw/rep/tasa/lib/bcc-2.2.3-gcc/bin/../sparc-gaisler-elf/bsp/leon2/leon/mfix-at697f/libbcc.a(init.S.o)
                0x0000000040001738                __bcc_init50
                0x0000000040001738                __bcc_init40
                0x0000000040001738                __bcc_init70
                0x0000000040001738                __bcc_init60
 .text          0x0000000040001740       0x98 /home/fsw/rep/tasa/lib/bcc-2.2.3-gcc/bin/../sparc-gaisler-elf/bsp/leon2/leon/mfix-at697f/libbcc.a(leon_info.S.o)
                0x0000000040001740                __bcc_get_leon_info
                0x00000000400017c8                bcc_get_cpuid
 .text          0x00000000400017d8       0x2c /home/fsw/rep/tasa/lib/bcc-2.2.3-gcc/bin/../sparc-gaisler-elf/bsp/leon2/leon/mfix-at697f/libbcc.a(dwzero.S.o)
                0x00000000400017d8                bcc_dwzero
 .text          0x0000000040001804       0x5c /home/fsw/rep/tasa/lib/bcc-2.2.3-gcc/bin/../sparc-gaisler-elf/bsp/leon2/leon/mfix-at697f/libbcc.a(copy_data.c.o)
                0x0000000040001804                __bcc_copy_data
 .text          0x0000000040001860        0x0 /home/fsw/rep/tasa/lib/bcc-2.2.3-gcc/bin/../sparc-gaisler-elf/bsp/leon2/leon/mfix-at697f/libbcc.a(argv.c.o)
 .text          0x0000000040001860        0x8 /home/fsw/rep/tasa/lib/bcc-2.2.3-gcc/bin/../sparc-gaisler-elf/bsp/leon2/leon/mfix-at697f/libbcc.a(int_leon2_get_source.c.o)
                0x0000000040001860                __bcc_int_get_source
 .text          0x0000000040001868       0x34 /home/fsw/rep/tasa/lib/bcc-2.2.3-gcc/bin/../sparc-gaisler-elf/bsp/leon2/leon/mfix-at697f/libbcc.a(int_leon2_mp.c.o)
                0x0000000040001868                bcc_get_cpu_count
                0x0000000040001870                bcc_start_processor
                0x000000004000187c                bcc_send_interrupt
 .text          0x000000004000189c        0x8 /home/fsw/rep/tasa/lib/bcc-2.2.3-gcc/bin/../sparc-gaisler-elf/bsp/leon2/leon/mfix-at697f/libbcc.a(int_leon2_init.c.o)
                0x000000004000189c                __bcc_int_init
 .text          0x00000000400018a4       0x70 /home/fsw/rep/tasa/lib/bcc-2.2.3-gcc/bin/../sparc-gaisler-elf/bsp/leon2/leon/mfix-at697f/libbcc.a(con_leon2.c.o)
                0x00000000400018a4                __bcc_con_init
                0x00000000400018ac                __bcc_con_outbyte
                0x00000000400018e0                __bcc_con_inbyte
 .text          0x0000000040001914       0x30 /home/fsw/rep/tasa/lib/bcc-2.2.3-gcc/bin/../sparc-gaisler-elf/bsp/leon2/leon/mfix-at697f/libbcc.a(timer_leon2.c.o)
                0x0000000040001914                __bcc_timer_init
                0x000000004000191c                bcc_timer_get_us
 .text          0x0000000040001944      0x16c /home/fsw/rep/tasa/lib/bcc-2.2.3-gcc/bin/../sparc-gaisler-elf/bsp/leon2/leon/mfix-at697f/libbcc.a(int_leon2.c.o)
                0x0000000040001944                bcc_int_mask
                0x0000000040001998                bcc_int_unmask
                0x00000000400019ec                bcc_int_clear
                0x0000000040001a20                bcc_int_force
                0x0000000040001a68                bcc_int_pend
 .text          0x0000000040001ab0        0x0 /home/fsw/rep/tasa/lib/bcc-2.2.3-gcc/bin/../sparc-gaisler-elf/bsp/leon2/leon/mfix-at697f/libbcc.a(con_handle.c.o)
 .text          0x0000000040001ab0        0x0 /home/fsw/rep/tasa/lib/bcc-2.2.3-gcc/bin/../sparc-gaisler-elf/bsp/leon2/leon/mfix-at697f/libbcc.a(timer_handle.c.o)
 .text          0x0000000040001ab0        0x0 /home/fsw/rep/tasa/lib/bcc-2.2.3-gcc/bin/../sparc-gaisler-elf/bsp/leon2/leon/mfix-at697f/libbcc.a(int_leon2_handle.c.o)
 .text          0x0000000040001ab0       0x1c /home/fsw/rep/tasa/lib/bcc-2.2.3-gcc/bin/../lib/gcc/sparc-gaisler-elf/10.2.0/../../../../sparc-gaisler-elf/lib/leon/mfix-at697f/libc.a(lib_a-atexit.o)
                0x0000000040001ab0                atexit
 .text          0x0000000040001acc       0x3c /home/fsw/rep/tasa/lib/bcc-2.2.3-gcc/bin/../lib/gcc/sparc-gaisler-elf/10.2.0/../../../../sparc-gaisler-elf/lib/leon/mfix-at697f/libc.a(lib_a-exit.o)
                0x0000000040001acc                exit
 .text          0x0000000040001b08        0x0 /home/fsw/rep/tasa/lib/bcc-2.2.3-gcc/bin/../lib/gcc/sparc-gaisler-elf/10.2.0/../../../../sparc-gaisler-elf/lib/leon/mfix-at697f/libc.a(lib_a-impure.o)
 .text          0x0000000040001b08       0xf4 /home/fsw/rep/tasa/lib/bcc-2.2.3-gcc/bin/../lib/gcc/sparc-gaisler-elf/10.2.0/../../../../sparc-gaisler-elf/lib/leon/mfix-at697f/libc.a(lib_a-printf.o)
                0x0000000040001b08                _printf_r
                0x0000000040001b7c                printf
 .text          0x0000000040001bfc       0x88 /home/fsw/rep/tasa/lib/bcc-2.2.3-gcc/bin/../lib/gcc/sparc-gaisler-elf/10.2.0/../../../../sparc-gaisler-elf/lib/leon/mfix-at697f/libc.a(lib_a-putchar.o)
                0x0000000040001bfc                _putchar_r
                0x0000000040001c3c                putchar
 .text          0x0000000040001c84      0x250 /home/fsw/rep/tasa/lib/bcc-2.2.3-gcc/bin/../lib/gcc/sparc-gaisler-elf/10.2.0/../../../../sparc-gaisler-elf/lib/leon/mfix-at697f/libc.a(lib_a-puts.o)
                0x0000000040001c84                _puts_r
                0x0000000040001da8                puts
 .text          0x0000000040001ed4       0xa8 /home/fsw/rep/tasa/lib/bcc-2.2.3-gcc/bin/../lib/gcc/sparc-gaisler-elf/10.2.0/../../../../sparc-gaisler-elf/lib/leon/mfix-at697f/libc.a(lib_a-strlen.o)
                0x0000000040001ed4                strlen
 .text          0x0000000040001f7c     0x2ce4 /home/fsw/rep/tasa/lib/bcc-2.2.3-gcc/bin/../lib/gcc/sparc-gaisler-elf/10.2.0/../../../../sparc-gaisler-elf/lib/leon/mfix-at697f/libc.a(lib_a-vfprintf.o)
                0x00000000400020e8                _vfprintf_r
                0x0000000040004b94                vfprintf
 .text          0x0000000040004c60      0x1c4 /home/fsw/rep/tasa/lib/bcc-2.2.3-gcc/bin/../lib/gcc/sparc-gaisler-elf/10.2.0/../../../../sparc-gaisler-elf/lib/leon/mfix-at697f/libc.a(lib_a-wsetup.o)
                0x0000000040004c60                __swsetup_r
 .text          0x0000000040004e24      0x158 /home/fsw/rep/tasa/lib/bcc-2.2.3-gcc/bin/../lib/gcc/sparc-gaisler-elf/10.2.0/../../../../sparc-gaisler-elf/lib/leon/mfix-at697f/libc.a(lib_a-__atexit.o)
                0x0000000040004e24                __register_exitproc
 .text          0x0000000040004f7c      0x2b8 /home/fsw/rep/tasa/lib/bcc-2.2.3-gcc/bin/../lib/gcc/sparc-gaisler-elf/10.2.0/../../../../sparc-gaisler-elf/lib/leon/mfix-at697f/libc.a(lib_a-__call_atexit.o)
                0x0000000040004f7c                __call_exitprocs
 .text          0x0000000040005234     0x14e4 /home/fsw/rep/tasa/lib/bcc-2.2.3-gcc/bin/../lib/gcc/sparc-gaisler-elf/10.2.0/../../../../sparc-gaisler-elf/lib/leon/mfix-at697f/libc.a(lib_a-dtoa.o)
                0x0000000040005430                _dtoa_r
 .text          0x0000000040006718      0x3e0 /home/fsw/rep/tasa/lib/bcc-2.2.3-gcc/bin/../lib/gcc/sparc-gaisler-elf/10.2.0/../../../../sparc-gaisler-elf/lib/leon/mfix-at697f/libc.a(lib_a-fflush.o)
                0x0000000040006718                __sflush_r
                0x0000000040006978                _fflush_r
                0x0000000040006a18                fflush
 .text          0x0000000040006af8      0x328 /home/fsw/rep/tasa/lib/bcc-2.2.3-gcc/bin/../lib/gcc/sparc-gaisler-elf/10.2.0/../../../../sparc-gaisler-elf/lib/leon/mfix-at697f/libc.a(lib_a-findfp.o)
                0x0000000040006af8                _cleanup_r
                0x0000000040006b0c                __sfmoreglue
                0x0000000040006b50                __sfp
                0x0000000040006de0                _cleanup
                0x0000000040006dfc                __sinit
 .text          0x0000000040006e20      0x3fc /home/fsw/rep/tasa/lib/bcc-2.2.3-gcc/bin/../lib/gcc/sparc-gaisler-elf/10.2.0/../../../../sparc-gaisler-elf/lib/leon/mfix-at697f/libc.a(lib_a-freer.o)
                0x0000000040006e20                _malloc_trim_r
                0x0000000040006f10                _free_r
 .text          0x000000004000721c      0x4f8 /home/fsw/rep/tasa/lib/bcc-2.2.3-gcc/bin/../lib/gcc/sparc-gaisler-elf/10.2.0/../../../../sparc-gaisler-elf/lib/leon/mfix-at697f/libc.a(lib_a-fvwrite.o)
                0x000000004000721c                __sfvwrite_r
 .text          0x0000000040007714       0xe0 /home/fsw/rep/tasa/lib/bcc-2.2.3-gcc/bin/../lib/gcc/sparc-gaisler-elf/10.2.0/../../../../sparc-gaisler-elf/lib/leon/mfix-at697f/libc.a(lib_a-fwalk.o)
                0x0000000040007714                _fwalk
                0x0000000040007784                _fwalk_reent
 .text          0x00000000400077f4       0x60 /home/fsw/rep/tasa/lib/bcc-2.2.3-gcc/bin/../lib/gcc/sparc-gaisler-elf/10.2.0/../../../../sparc-gaisler-elf/lib/leon/mfix-at697f/libc.a(lib_a-localeconv.o)
                0x00000000400077f4                __localeconv_l
                0x00000000400077fc                _localeconv_r
                0x0000000040007828                localeconv
 .text          0x0000000040007854      0x1e8 /home/fsw/rep/tasa/lib/bcc-2.2.3-gcc/bin/../lib/gcc/sparc-gaisler-elf/10.2.0/../../../../sparc-gaisler-elf/lib/leon/mfix-at697f/libc.a(lib_a-makebuf.o)
                0x0000000040007854                __smakebuf_r
                0x00000000400079b8                __swhatbuf_r
 .text          0x0000000040007a3c       0x30 /home/fsw/rep/tasa/lib/bcc-2.2.3-gcc/bin/../lib/gcc/sparc-gaisler-elf/10.2.0/../../../../sparc-gaisler-elf/lib/leon/mfix-at697f/libc.a(lib_a-malloc.o)
                0x0000000040007a3c                malloc
                0x0000000040007a54                free
 .text          0x0000000040007a6c      0x7d8 /home/fsw/rep/tasa/lib/bcc-2.2.3-gcc/bin/../lib/gcc/sparc-gaisler-elf/10.2.0/../../../../sparc-gaisler-elf/lib/leon/mfix-at697f/libc.a(lib_a-mallocr.o)
                0x0000000040007a6c                _malloc_r
 .text          0x0000000040008244       0xf8 /home/fsw/rep/tasa/lib/bcc-2.2.3-gcc/bin/../lib/gcc/sparc-gaisler-elf/10.2.0/../../../../sparc-gaisler-elf/lib/leon/mfix-at697f/libc.a(lib_a-memchr.o)
                0x0000000040008244                memchr
 .text          0x000000004000833c      0x1ac /home/fsw/rep/tasa/lib/bcc-2.2.3-gcc/bin/../lib/gcc/sparc-gaisler-elf/10.2.0/../../../../sparc-gaisler-elf/lib/leon/mfix-at697f/libc.a(lib_a-memcpy.o)
                0x000000004000833c                memcpy
 .text          0x00000000400084e8      0x1f8 /home/fsw/rep/tasa/lib/bcc-2.2.3-gcc/bin/../lib/gcc/sparc-gaisler-elf/10.2.0/../../../../sparc-gaisler-elf/lib/leon/mfix-at697f/libc.a(lib_a-memmove.o)
                0x00000000400084e8                memmove
 .text          0x00000000400086e0      0x120 /home/fsw/rep/tasa/lib/bcc-2.2.3-gcc/bin/../lib/gcc/sparc-gaisler-elf/10.2.0/../../../../sparc-gaisler-elf/lib/leon/mfix-at697f/libc.a(lib_a-memset.o)
                0x00000000400086e0                memset
 .text          0x0000000040008800       0x10 /home/fsw/rep/tasa/lib/bcc-2.2.3-gcc/bin/../lib/gcc/sparc-gaisler-elf/10.2.0/../../../../sparc-gaisler-elf/lib/leon/mfix-at697f/libc.a(lib_a-mlock.o)
                0x0000000040008800                __malloc_lock
                0x0000000040008808                __malloc_unlock
 .text          0x0000000040008810     0x16e4 /home/fsw/rep/tasa/lib/bcc-2.2.3-gcc/bin/../lib/gcc/sparc-gaisler-elf/10.2.0/../../../../sparc-gaisler-elf/lib/leon/mfix-at697f/libc.a(lib_a-mprec.o)
                0x0000000040008810                _Balloc
                0x00000000400088e0                _Bfree
                0x0000000040008940                __multadd
                0x0000000040008a50                __s2b
                0x0000000040008b38                __hi0bits
                0x0000000040008bc8                __lo0bits
                0x0000000040008ca4                __i2b
                0x0000000040008d84                __multiply
                0x0000000040008fbc                __pow5mult
                0x0000000040009148                __lshift
                0x000000004000930c                __mcmp
                0x0000000040009374                __mdiff
                0x0000000040009594                __ulp
                0x0000000040009624                __b2d
                0x00000000400097c8                __d2b
                0x0000000040009b94                __ratio
                0x0000000040009dac                _mprec_log10
                0x0000000040009dec                __copybits
                0x0000000040009e70                __any_on
 .text          0x0000000040009ef4      0x1c4 /home/fsw/rep/tasa/lib/bcc-2.2.3-gcc/bin/../lib/gcc/sparc-gaisler-elf/10.2.0/../../../../sparc-gaisler-elf/lib/leon/mfix-at697f/libc.a(lib_a-putc.o)
                0x0000000040009ef4                _putc_r
                0x0000000040009fcc                putc
 .text          0x000000004000a0b8      0x528 /home/fsw/rep/tasa/lib/bcc-2.2.3-gcc/bin/../lib/gcc/sparc-gaisler-elf/10.2.0/../../../../sparc-gaisler-elf/lib/leon/mfix-at697f/libc.a(lib_a-reallocr.o)
                0x000000004000a0b8                _realloc_r
 .text          0x000000004000a5e0       0x98 /home/fsw/rep/tasa/lib/bcc-2.2.3-gcc/bin/../lib/gcc/sparc-gaisler-elf/10.2.0/../../../../sparc-gaisler-elf/lib/leon/mfix-at697f/libc.a(lib_a-s_frexp.o)
                0x000000004000a5e0                frexp
 .text          0x000000004000a678       0x40 /home/fsw/rep/tasa/lib/bcc-2.2.3-gcc/bin/../lib/gcc/sparc-gaisler-elf/10.2.0/../../../../sparc-gaisler-elf/lib/leon/mfix-at697f/libc.a(lib_a-sbrkr.o)
                0x000000004000a678                _sbrk_r
 .text          0x000000004000a6b8      0x118 /home/fsw/rep/tasa/lib/bcc-2.2.3-gcc/bin/../lib/gcc/sparc-gaisler-elf/10.2.0/../../../../sparc-gaisler-elf/lib/leon/mfix-at697f/libc.a(lib_a-stdio.o)
                0x000000004000a6b8                __sread
                0x000000004000a704                __seofread
                0x000000004000a70c                __swrite
                0x000000004000a768                __sseek
                0x000000004000a7c0                __sclose
 .text          0x000000004000a7d0      0x1ac /home/fsw/rep/tasa/lib/bcc-2.2.3-gcc/bin/../lib/gcc/sparc-gaisler-elf/10.2.0/../../../../sparc-gaisler-elf/lib/leon/mfix-at697f/libc.a(lib_a-strncpy.o)
                0x000000004000a7d0                strncpy
 .text          0x000000004000a97c     0x1e48 /home/fsw/rep/tasa/lib/bcc-2.2.3-gcc/bin/../lib/gcc/sparc-gaisler-elf/10.2.0/../../../../sparc-gaisler-elf/lib/leon/mfix-at697f/libc.a(lib_a-vfiprintf.o)
                0x000000004000aae8                __sprint_r
                0x000000004000abb4                _vfiprintf_r
                0x000000004000c6f8                vfiprintf
 .text          0x000000004000c7c4      0x354 /home/fsw/rep/tasa/lib/bcc-2.2.3-gcc/bin/../lib/gcc/sparc-gaisler-elf/10.2.0/../../../../sparc-gaisler-elf/lib/leon/mfix-at697f/libc.a(lib_a-wbuf.o)
                0x000000004000c7c4                __swbuf_r
                0x000000004000c968                __swbuf
 .text          0x000000004000cb18       0x48 /home/fsw/rep/tasa/lib/bcc-2.2.3-gcc/bin/../lib/gcc/sparc-gaisler-elf/10.2.0/../../../../sparc-gaisler-elf/lib/leon/mfix-at697f/libc.a(lib_a-writer.o)
                0x000000004000cb18                _write_r
 .text          0x000000004000cb60       0x98 /home/fsw/rep/tasa/lib/bcc-2.2.3-gcc/bin/../lib/gcc/sparc-gaisler-elf/10.2.0/../../../../sparc-gaisler-elf/lib/leon/mfix-at697f/libc.a(lib_a-callocr.o)
                0x000000004000cb60                _calloc_r
 .text          0x000000004000cbf8       0x40 /home/fsw/rep/tasa/lib/bcc-2.2.3-gcc/bin/../lib/gcc/sparc-gaisler-elf/10.2.0/../../../../sparc-gaisler-elf/lib/leon/mfix-at697f/libc.a(lib_a-closer.o)
                0x000000004000cbf8                _close_r
 .text          0x000000004000cc38      0x294 /home/fsw/rep/tasa/lib/bcc-2.2.3-gcc/bin/../lib/gcc/sparc-gaisler-elf/10.2.0/../../../../sparc-gaisler-elf/lib/leon/mfix-at697f/libc.a(lib_a-fclose.o)
                0x000000004000cc38                _fclose_r
                0x000000004000cd80                fclose
 .text          0x000000004000cecc      0x1d4 /home/fsw/rep/tasa/lib/bcc-2.2.3-gcc/bin/../lib/gcc/sparc-gaisler-elf/10.2.0/../../../../sparc-gaisler-elf/lib/leon/mfix-at697f/libc.a(lib_a-fputwc.o)
                0x000000004000cecc                __fputwc
                0x000000004000cfb4                _fputwc_r
                0x000000004000cfe4                fputwc
 .text          0x000000004000d0a0       0x44 /home/fsw/rep/tasa/lib/bcc-2.2.3-gcc/bin/../lib/gcc/sparc-gaisler-elf/10.2.0/../../../../sparc-gaisler-elf/lib/leon/mfix-at697f/libc.a(lib_a-fstatr.o)
                0x000000004000d0a0                _fstat_r
 .text          0x000000004000d0e4       0x40 /home/fsw/rep/tasa/lib/bcc-2.2.3-gcc/bin/../lib/gcc/sparc-gaisler-elf/10.2.0/../../../../sparc-gaisler-elf/lib/leon/mfix-at697f/libc.a(lib_a-isattyr.o)
                0x000000004000d0e4                _isatty_r
 .text          0x000000004000d124      0x148 /home/fsw/rep/tasa/lib/bcc-2.2.3-gcc/bin/../lib/gcc/sparc-gaisler-elf/10.2.0/../../../../sparc-gaisler-elf/lib/leon/mfix-at697f/libc.a(lib_a-locale.o)
                0x000000004000d124                _setlocale_r
                0x000000004000d198                __locale_mb_cur_max
                0x000000004000d1c4                __locale_ctype_ptr_l
                0x000000004000d1cc                __locale_ctype_ptr
                0x000000004000d1f8                setlocale
 .text          0x000000004000d26c       0x48 /home/fsw/rep/tasa/lib/bcc-2.2.3-gcc/bin/../lib/gcc/sparc-gaisler-elf/10.2.0/../../../../sparc-gaisler-elf/lib/leon/mfix-at697f/libc.a(lib_a-lseekr.o)
                0x000000004000d26c                _lseek_r
 .text          0x000000004000d2b4       0xb8 /home/fsw/rep/tasa/lib/bcc-2.2.3-gcc/bin/../lib/gcc/sparc-gaisler-elf/10.2.0/../../../../sparc-gaisler-elf/lib/leon/mfix-at697f/libc.a(lib_a-mbtowc_r.o)
                0x000000004000d2b4                _mbtowc_r
                0x000000004000d318                __ascii_mbtowc
 .text          0x000000004000d36c       0x48 /home/fsw/rep/tasa/lib/bcc-2.2.3-gcc/bin/../lib/gcc/sparc-gaisler-elf/10.2.0/../../../../sparc-gaisler-elf/lib/leon/mfix-at697f/libc.a(lib_a-readr.o)
                0x000000004000d36c                _read_r
 .text          0x000000004000d3b4      0x31c /home/fsw/rep/tasa/lib/bcc-2.2.3-gcc/bin/../lib/gcc/sparc-gaisler-elf/10.2.0/../../../../sparc-gaisler-elf/lib/leon/mfix-at697f/libc.a(lib_a-reent.o)
                0x000000004000d3b4                cleanup_glue
                0x000000004000d42c                _reclaim_reent
 .text          0x000000004000d6d0       0xc8 /home/fsw/rep/tasa/lib/bcc-2.2.3-gcc/bin/../lib/gcc/sparc-gaisler-elf/10.2.0/../../../../sparc-gaisler-elf/lib/leon/mfix-at697f/libc.a(lib_a-strcmp.o)
                0x000000004000d6d0                strcmp
 .text          0x000000004000d798      0x144 /home/fsw/rep/tasa/lib/bcc-2.2.3-gcc/bin/../lib/gcc/sparc-gaisler-elf/10.2.0/../../../../sparc-gaisler-elf/lib/leon/mfix-at697f/libc.a(lib_a-wcrtomb.o)
                0x000000004000d798                _wcrtomb_r
                0x000000004000d83c                wcrtomb
 .text          0x000000004000d8dc       0x9c /home/fsw/rep/tasa/lib/bcc-2.2.3-gcc/bin/../lib/gcc/sparc-gaisler-elf/10.2.0/../../../../sparc-gaisler-elf/lib/leon/mfix-at697f/libc.a(lib_a-wctomb_r.o)
                0x000000004000d8dc                _wctomb_r
                0x000000004000d938                __ascii_wctomb
 .text          0x000000004000d978        0x0 /home/fsw/rep/tasa/lib/bcc-2.2.3-gcc/bin/../lib/gcc/sparc-gaisler-elf/10.2.0/../../../../sparc-gaisler-elf/lib/leon/mfix-at697f/libc.a(lib_a-ctype_.o)
 .text          0x000000004000d978       0x10 /home/fsw/rep/tasa/lib/bcc-2.2.3-gcc/bin/../sparc-gaisler-elf/bsp/leon2/leon/mfix-at697f/libbcc.a(_exit.S.o)
                0x000000004000d978                _exit
 .text          0x000000004000d988       0x4c /home/fsw/rep/tasa/lib/bcc-2.2.3-gcc/bin/../sparc-gaisler-elf/bsp/leon2/leon/mfix-at697f/libbcc.a(read.c.o)
                0x000000004000d988                read
 .text          0x000000004000d9d4       0xb0 /home/fsw/rep/tasa/lib/bcc-2.2.3-gcc/bin/../sparc-gaisler-elf/bsp/leon2/leon/mfix-at697f/libbcc.a(sbrk.c.o)
                0x000000004000d9d4                sbrk
 .text          0x000000004000da84        0x0 /home/fsw/rep/tasa/lib/bcc-2.2.3-gcc/bin/../sparc-gaisler-elf/bsp/leon2/leon/mfix-at697f/libbcc.a(heap.c.o)
 .text          0x000000004000da84       0x64 /home/fsw/rep/tasa/lib/bcc-2.2.3-gcc/bin/../sparc-gaisler-elf/bsp/leon2/leon/mfix-at697f/libbcc.a(write.c.o)
                0x000000004000da84                write
 .text          0x000000004000dae8       0x20 /home/fsw/rep/tasa/lib/bcc-2.2.3-gcc/bin/../sparc-gaisler-elf/bsp/leon2/leon/mfix-at697f/libbcc.a(stubs.S.o)
                0x000000004000dae8                execve
                0x000000004000dae8                lseek
                0x000000004000dae8                fstat
                0x000000004000dae8                kill
                0x000000004000dae8                wait
                0x000000004000dae8                unlink
                0x000000004000dae8                fork
                0x000000004000dae8                stat
                0x000000004000dae8                link
                0x000000004000dae8                open
                0x000000004000dae8                close
                0x000000004000db00                getpid
                0x000000004000db00                isatty
 .text          0x000000004000db08      0x1d0 /home/fsw/rep/tasa/lib/bcc-2.2.3-gcc/bin/../lib/gcc/sparc-gaisler-elf/10.2.0/leon/mfix-at697f/libgcc.a(_udivdi3.o)
                0x000000004000db08                __udivdi3
 .text          0x000000004000dcd8      0x1fc /home/fsw/rep/tasa/lib/bcc-2.2.3-gcc/bin/../lib/gcc/sparc-gaisler-elf/10.2.0/leon/mfix-at697f/libgcc.a(_umoddi3.o)
                0x000000004000dcd8                __umoddi3
 .text          0x000000004000ded4        0x0 /home/fsw/rep/tasa/lib/bcc-2.2.3-gcc/bin/../lib/gcc/sparc-gaisler-elf/10.2.0/leon/mfix-at697f/libgcc.a(_clz.o)
 .text          0x000000004000ded4       0x48 /home/fsw/rep/tasa/lib/bcc-2.2.3-gcc/bin/../lib/gcc/sparc-gaisler-elf/10.2.0/leon/mfix-at697f/crtend.o
 .text          0x000000004000df1c        0x0 /home/fsw/rep/tasa/lib/bcc-2.2.3-gcc/bin/../lib/gcc/sparc-gaisler-elf/10.2.0/leon/mfix-at697f/crtn.o
                0x000000004000df20                . = ALIGN (0x10)
 *fill*         0x000000004000df1c        0x4 
 *(.eh_frame)
 .eh_frame      0x000000004000df20        0x0 /home/fsw/rep/tasa/lib/bcc-2.2.3-gcc/bin/../lib/gcc/sparc-gaisler-elf/10.2.0/leon/mfix-at697f/crtbegin.o
 .eh_frame      0x000000004000df20       0x28 /home/fsw/rep/tasa/lib/bcc-2.2.3-gcc/bin/../lib/gcc/sparc-gaisler-elf/10.2.0/leon/mfix-at697f/libgcc.a(_udivdi3.o)
 .eh_frame      0x000000004000df48       0x2c /home/fsw/rep/tasa/lib/bcc-2.2.3-gcc/bin/../lib/gcc/sparc-gaisler-elf/10.2.0/leon/mfix-at697f/libgcc.a(_umoddi3.o)
 .eh_frame      0x000000004000df74        0x4 /home/fsw/rep/tasa/lib/bcc-2.2.3-gcc/bin/../lib/gcc/sparc-gaisler-elf/10.2.0/leon/mfix-at697f/crtend.o
                0x000000004000df80                . = ALIGN (0x10)
 *fill*         0x000000004000df78        0x8 
 *(.gnu.linkonce.t*)
                0x000000004000df80                ___CTOR_LIST__ = .
                0x000000004000df80        0x4 LONG 0x2 (((___CTOR_END__ - ___CTOR_LIST__) / 0x4) - 0x2)
 *(SORT_BY_NAME(.ctors.*))
 *(.ctors)
 .ctors         0x000000004000df84        0x4 /home/fsw/rep/tasa/lib/bcc-2.2.3-gcc/bin/../lib/gcc/sparc-gaisler-elf/10.2.0/leon/mfix-at697f/crtbegin.o
 .ctors         0x000000004000df88        0x4 /home/fsw/rep/tasa/lib/bcc-2.2.3-gcc/bin/../lib/gcc/sparc-gaisler-elf/10.2.0/leon/mfix-at697f/crtend.o
                0x000000004000df8c        0x4 LONG 0x0
                0x000000004000df90                ___CTOR_END__ = .
                0x000000004000df90                ___DTOR_LIST__ = .
                0x000000004000df90        0x4 LONG 0x2 (((___DTOR_END__ - ___DTOR_LIST__) / 0x4) - 0x2)
 *(SORT_BY_NAME(.dtors.*))
 *(.dtors)
 .dtors         0x000000004000df94        0x4 /home/fsw/rep/tasa/lib/bcc-2.2.3-gcc/bin/../lib/gcc/sparc-gaisler-elf/10.2.0/leon/mfix-at697f/crtbegin.o
 .dtors         0x000000004000df98        0x4 /home/fsw/rep/tasa/lib/bcc-2.2.3-gcc/bin/../lib/gcc/sparc-gaisler-elf/10.2.0/leon/mfix-at697f/crtend.o
                0x000000004000df98                __DTOR_END__
                0x000000004000df9c        0x4 LONG 0x0
                0x000000004000dfa0                ___DTOR_END__ = .
 *(.gnu.linkonce*)
 *(.init)
 .init          0x000000004000dfa0        0x4 /home/fsw/rep/tasa/lib/bcc-2.2.3-gcc/bin/../lib/gcc/sparc-gaisler-elf/10.2.0/leon/mfix-at697f/crti.o
                0x000000004000dfa0                _init
 .init          0x000000004000dfa4        0x8 /home/fsw/rep/tasa/lib/bcc-2.2.3-gcc/bin/../lib/gcc/sparc-gaisler-elf/10.2.0/leon/mfix-at697f/crtbegin.o
 .init          0x000000004000dfac        0x8 /home/fsw/rep/tasa/lib/bcc-2.2.3-gcc/bin/../lib/gcc/sparc-gaisler-elf/10.2.0/leon/mfix-at697f/crtend.o
 .init          0x000000004000dfb4        0xc /home/fsw/rep/tasa/lib/bcc-2.2.3-gcc/bin/../lib/gcc/sparc-gaisler-elf/10.2.0/leon/mfix-at697f/crtn.o
 *(.fini)
 .fini          0x000000004000dfc0        0x4 /home/fsw/rep/tasa/lib/bcc-2.2.3-gcc/bin/../lib/gcc/sparc-gaisler-elf/10.2.0/leon/mfix-at697f/crti.o
                0x000000004000dfc0                _fini
 .fini          0x000000004000dfc4        0x8 /home/fsw/rep/tasa/lib/bcc-2.2.3-gcc/bin/../lib/gcc/sparc-gaisler-elf/10.2.0/leon/mfix-at697f/crtbegin.o
 .fini          0x000000004000dfcc        0xc /home/fsw/rep/tasa/lib/bcc-2.2.3-gcc/bin/../lib/gcc/sparc-gaisler-elf/10.2.0/leon/mfix-at697f/crtn.o
 *(.lit)
 *(.shdata)
                0x000000004000dfe0                . = ALIGN (0x10)
 *fill*         0x000000004000dfd8        0x8 
                0x000000004000dfe0                __text_end = .

.gcc_except_table
 *(.gcc_except_table.*)

.rodata         0x000000004000dfe0      0x740
                0x000000004000dfe0                __rodata_start = .
 *(.rodata*)
 .rodata.str1.8
                0x000000004000dfe0       0xcf /tmp/cc2cJmQm.o
 *fill*         0x000000004000e0af        0x1 
 .rodata        0x000000004000e0b0        0x5 /tmp/cc2cJmQm.o
 *fill*         0x000000004000e0b5        0x3 
 .rodata        0x000000004000e0b8        0x4 /home/fsw/rep/tasa/lib/bcc-2.2.3-gcc/bin/../lib/gcc/sparc-gaisler-elf/10.2.0/../../../../sparc-gaisler-elf/lib/leon/mfix-at697f/libc.a(lib_a-impure.o)
                0x000000004000e0b8                _global_impure_ptr
 *fill*         0x000000004000e0bc        0x4 
 .rodata.str1.8
                0x000000004000e0c0        0x2 /home/fsw/rep/tasa/lib/bcc-2.2.3-gcc/bin/../lib/gcc/sparc-gaisler-elf/10.2.0/../../../../sparc-gaisler-elf/lib/leon/mfix-at697f/libc.a(lib_a-puts.o)
 *fill*         0x000000004000e0c2        0x6 
 .rodata.str1.8
                0x000000004000e0c8       0x5a /home/fsw/rep/tasa/lib/bcc-2.2.3-gcc/bin/../lib/gcc/sparc-gaisler-elf/10.2.0/../../../../sparc-gaisler-elf/lib/leon/mfix-at697f/libc.a(lib_a-vfprintf.o)
 *fill*         0x000000004000e122        0x6 
 .rodata.cst8   0x000000004000e128       0x28 /home/fsw/rep/tasa/lib/bcc-2.2.3-gcc/bin/../lib/gcc/sparc-gaisler-elf/10.2.0/../../../../sparc-gaisler-elf/lib/leon/mfix-at697f/libc.a(lib_a-vfprintf.o)
 .rodata        0x000000004000e150       0x20 /home/fsw/rep/tasa/lib/bcc-2.2.3-gcc/bin/../lib/gcc/sparc-gaisler-elf/10.2.0/../../../../sparc-gaisler-elf/lib/leon/mfix-at697f/libc.a(lib_a-vfprintf.o)
 .rodata.str1.8
                0x000000004000e170       0x14 /home/fsw/rep/tasa/lib/bcc-2.2.3-gcc/bin/../lib/gcc/sparc-gaisler-elf/10.2.0/../../../../sparc-gaisler-elf/lib/leon/mfix-at697f/libc.a(lib_a-dtoa.o)
                                         0x1a (size before relaxing)
 *fill*         0x000000004000e184        0x4 
 .rodata.cst8   0x000000004000e188       0x48 /home/fsw/rep/tasa/lib/bcc-2.2.3-gcc/bin/../lib/gcc/sparc-gaisler-elf/10.2.0/../../../../sparc-gaisler-elf/lib/leon/mfix-at697f/libc.a(lib_a-dtoa.o)
                                         0x58 (size before relaxing)
 .rodata        0x000000004000e1d0       0x60 /home/fsw/rep/tasa/lib/bcc-2.2.3-gcc/bin/../lib/gcc/sparc-gaisler-elf/10.2.0/../../../../sparc-gaisler-elf/lib/leon/mfix-at697f/libc.a(lib_a-findfp.o)
                0x000000004000e1d0                __sf_fake_stderr
                0x000000004000e1f0                __sf_fake_stdout
                0x000000004000e210                __sf_fake_stdin
 .rodata.cst8   0x000000004000e230       0x10 /home/fsw/rep/tasa/lib/bcc-2.2.3-gcc/bin/../lib/gcc/sparc-gaisler-elf/10.2.0/../../../../sparc-gaisler-elf/lib/leon/mfix-at697f/libc.a(lib_a-mprec.o)
 .rodata        0x000000004000e230      0x128 /home/fsw/rep/tasa/lib/bcc-2.2.3-gcc/bin/../lib/gcc/sparc-gaisler-elf/10.2.0/../../../../sparc-gaisler-elf/lib/leon/mfix-at697f/libc.a(lib_a-mprec.o)
                0x000000004000e240                __mprec_tinytens
                0x000000004000e268                __mprec_bigtens
                0x000000004000e290                __mprec_tens
 .rodata.cst8   0x000000004000e358        0x8 /home/fsw/rep/tasa/lib/bcc-2.2.3-gcc/bin/../lib/gcc/sparc-gaisler-elf/10.2.0/../../../../sparc-gaisler-elf/lib/leon/mfix-at697f/libc.a(lib_a-s_frexp.o)
 .rodata.str1.8
                0x000000004000e360       0x37 /home/fsw/rep/tasa/lib/bcc-2.2.3-gcc/bin/../lib/gcc/sparc-gaisler-elf/10.2.0/../../../../sparc-gaisler-elf/lib/leon/mfix-at697f/libc.a(lib_a-vfiprintf.o)
 .rodata        0x000000004000e360       0x20 /home/fsw/rep/tasa/lib/bcc-2.2.3-gcc/bin/../lib/gcc/sparc-gaisler-elf/10.2.0/../../../../sparc-gaisler-elf/lib/leon/mfix-at697f/libc.a(lib_a-vfiprintf.o)
 .rodata.str1.8
                0x000000004000e380       0x12 /home/fsw/rep/tasa/lib/bcc-2.2.3-gcc/bin/../lib/gcc/sparc-gaisler-elf/10.2.0/../../../../sparc-gaisler-elf/lib/leon/mfix-at697f/libc.a(lib_a-locale.o)
                                         0x1a (size before relaxing)
 *fill*         0x000000004000e392        0x6 
 .rodata        0x000000004000e398      0x288 /home/fsw/rep/tasa/lib/bcc-2.2.3-gcc/bin/../lib/gcc/sparc-gaisler-elf/10.2.0/../../../../sparc-gaisler-elf/lib/leon/mfix-at697f/libc.a(lib_a-ctype_.o)
                0x000000004000e398                _ctype_
                0x000000004000e4a0                _ctype_b
 .rodata        0x000000004000e620      0x100 /home/fsw/rep/tasa/lib/bcc-2.2.3-gcc/bin/../lib/gcc/sparc-gaisler-elf/10.2.0/leon/mfix-at697f/libgcc.a(_clz.o)
                0x000000004000e620                __clz_tab
 *(.gnu.linkonce.r*)
                0x000000004000e720                . = ALIGN (0x10)
                0x000000004000e720                __rodata_end = .

.rela.dyn       0x000000004000e720        0x0
 .rela.iplt     0x000000004000e720        0x0 /home/fsw/rep/tasa/lib/bcc-2.2.3-gcc/bin/../sparc-gaisler-elf/bsp/leon2/leon/mfix-at697f/trap_table_mvt.S.o
 .rela.text.traptable
                0x000000004000e720        0x0 /home/fsw/rep/tasa/lib/bcc-2.2.3-gcc/bin/../sparc-gaisler-elf/bsp/leon2/leon/mfix-at697f/trap_table_mvt.S.o
 .rela.text     0x000000004000e720        0x0 /home/fsw/rep/tasa/lib/bcc-2.2.3-gcc/bin/../sparc-gaisler-elf/bsp/leon2/leon/mfix-at697f/trap_table_mvt.S.o

.ext.data       0x000000004000e720        0x0
                0x000000004000e720                . = ALIGN (0x8)
                0x000000004000e720                __extdata_start = .
 *(.data.ext)
                0x000000004000e720                . = ALIGN (0x8)
                0x000000004000e720                __extdata_end = .
                0x000000004000e720                __extdata_start_lma = LOADADDR (.ext.data)
                0x0000000000000000                __extdata_size = SIZEOF (.ext.data)

.data           0x000000004000e720      0x620
                0x000000004000e720                . = ALIGN (0x8)
                0x000000004000e720                __data_start = .
 *(.data .data.*)
 .data          0x000000004000e720        0x0 /home/fsw/rep/tasa/lib/bcc-2.2.3-gcc/bin/../sparc-gaisler-elf/bsp/leon2/leon/mfix-at697f/trap_table_mvt.S.o
 .data          0x000000004000e720        0x0 /home/fsw/rep/tasa/lib/bcc-2.2.3-gcc/bin/../sparc-gaisler-elf/bsp/leon2/leon/mfix-at697f/crt0.S.o
 .data          0x000000004000e720        0x0 /home/fsw/rep/tasa/lib/bcc-2.2.3-gcc/bin/../lib/gcc/sparc-gaisler-elf/10.2.0/leon/mfix-at697f/crti.o
 .data          0x000000004000e720        0x4 /home/fsw/rep/tasa/lib/bcc-2.2.3-gcc/bin/../lib/gcc/sparc-gaisler-elf/10.2.0/leon/mfix-at697f/crtbegin.o
                0x000000004000e720                __dso_handle
 .data          0x000000004000e724        0x0 /tmp/cc2cJmQm.o
 .data          0x000000004000e724        0x0 /home/fsw/rep/tasa/lib/bcc-2.2.3-gcc/bin/../sparc-gaisler-elf/bsp/leon2/leon/mfix-at697f/libbcc.a(reset_trap_mvt.S.o)
 .data          0x000000004000e724        0x0 /home/fsw/rep/tasa/lib/bcc-2.2.3-gcc/bin/../sparc-gaisler-elf/bsp/leon2/leon/mfix-at697f/libbcc.a(window_trap.S.o)
 .data          0x000000004000e724        0x0 /home/fsw/rep/tasa/lib/bcc-2.2.3-gcc/bin/../sparc-gaisler-elf/bsp/leon2/leon/mfix-at697f/libbcc.a(interrupt_trap.S.o)
 .data          0x000000004000e724        0x0 /home/fsw/rep/tasa/lib/bcc-2.2.3-gcc/bin/../sparc-gaisler-elf/bsp/leon2/leon/mfix-at697f/libbcc.a(flush_windows_trap.S.o)
 .data          0x000000004000e724        0x0 /home/fsw/rep/tasa/lib/bcc-2.2.3-gcc/bin/../sparc-gaisler-elf/bsp/leon2/leon/mfix-at697f/libbcc.a(sw_trap_set_pil.S.o)
 .data          0x000000004000e724        0x0 /home/fsw/rep/tasa/lib/bcc-2.2.3-gcc/bin/../sparc-gaisler-elf/bsp/leon2/leon/mfix-at697f/libbcc.a(isr.c.o)
 *fill*         0x000000004000e724        0x4 
 .data          0x000000004000e728       0x10 /home/fsw/rep/tasa/lib/bcc-2.2.3-gcc/bin/../sparc-gaisler-elf/bsp/leon2/leon/mfix-at697f/libbcc.a(int_nest.c.o)
                0x000000004000e728                __bcc_int_nest
 .data          0x000000004000e738        0x0 /home/fsw/rep/tasa/lib/bcc-2.2.3-gcc/bin/../sparc-gaisler-elf/bsp/leon2/leon/mfix-at697f/libbcc.a(init.S.o)
 .data          0x000000004000e738       0x10 /home/fsw/rep/tasa/lib/bcc-2.2.3-gcc/bin/../sparc-gaisler-elf/bsp/leon2/leon/mfix-at697f/libbcc.a(leon_info.S.o)
                0x000000004000e738                __bcc_leon_version
                0x000000004000e73c                __bcc_nwindows_min1
                0x000000004000e740                __bcc_nwindows
                0x000000004000e744                __bcc_cpuid
 .data          0x000000004000e748        0x0 /home/fsw/rep/tasa/lib/bcc-2.2.3-gcc/bin/../sparc-gaisler-elf/bsp/leon2/leon/mfix-at697f/libbcc.a(dwzero.S.o)
 .data          0x000000004000e748        0x0 /home/fsw/rep/tasa/lib/bcc-2.2.3-gcc/bin/../sparc-gaisler-elf/bsp/leon2/leon/mfix-at697f/libbcc.a(copy_data.c.o)
 .data          0x000000004000e748        0x4 /home/fsw/rep/tasa/lib/bcc-2.2.3-gcc/bin/../sparc-gaisler-elf/bsp/leon2/leon/mfix-at697f/libbcc.a(argv.c.o)
                0x000000004000e748                __bcc_argvp
 .data          0x000000004000e74c        0x0 /home/fsw/rep/tasa/lib/bcc-2.2.3-gcc/bin/../sparc-gaisler-elf/bsp/leon2/leon/mfix-at697f/libbcc.a(int_leon2_get_source.c.o)
 .data          0x000000004000e74c        0x0 /home/fsw/rep/tasa/lib/bcc-2.2.3-gcc/bin/../sparc-gaisler-elf/bsp/leon2/leon/mfix-at697f/libbcc.a(int_leon2_mp.c.o)
 .data          0x000000004000e74c        0x0 /home/fsw/rep/tasa/lib/bcc-2.2.3-gcc/bin/../sparc-gaisler-elf/bsp/leon2/leon/mfix-at697f/libbcc.a(int_leon2_init.c.o)
 .data          0x000000004000e74c        0x0 /home/fsw/rep/tasa/lib/bcc-2.2.3-gcc/bin/../sparc-gaisler-elf/bsp/leon2/leon/mfix-at697f/libbcc.a(con_leon2.c.o)
 .data          0x000000004000e74c        0x0 /home/fsw/rep/tasa/lib/bcc-2.2.3-gcc/bin/../sparc-gaisler-elf/bsp/leon2/leon/mfix-at697f/libbcc.a(timer_leon2.c.o)
 .data          0x000000004000e74c        0x0 /home/fsw/rep/tasa/lib/bcc-2.2.3-gcc/bin/../sparc-gaisler-elf/bsp/leon2/leon/mfix-at697f/libbcc.a(int_leon2.c.o)
 .data          0x000000004000e74c        0x4 /home/fsw/rep/tasa/lib/bcc-2.2.3-gcc/bin/../sparc-gaisler-elf/bsp/leon2/leon/mfix-at697f/libbcc.a(con_handle.c.o)
                0x000000004000e74c                __bcc_con_handle
 .data          0x000000004000e750        0x8 /home/fsw/rep/tasa/lib/bcc-2.2.3-gcc/bin/../sparc-gaisler-elf/bsp/leon2/leon/mfix-at697f/libbcc.a(timer_handle.c.o)
                0x000000004000e750                __bcc_timer_interrupt
                0x000000004000e754                __bcc_timer_handle
 .data          0x000000004000e758        0x4 /home/fsw/rep/tasa/lib/bcc-2.2.3-gcc/bin/../sparc-gaisler-elf/bsp/leon2/leon/mfix-at697f/libbcc.a(int_leon2_handle.c.o)
                0x000000004000e758                __bcc_int_handle
 .data          0x000000004000e75c        0x0 /home/fsw/rep/tasa/lib/bcc-2.2.3-gcc/bin/../lib/gcc/sparc-gaisler-elf/10.2.0/../../../../sparc-gaisler-elf/lib/leon/mfix-at697f/libc.a(lib_a-atexit.o)
 .data          0x000000004000e75c        0x0 /home/fsw/rep/tasa/lib/bcc-2.2.3-gcc/bin/../lib/gcc/sparc-gaisler-elf/10.2.0/../../../../sparc-gaisler-elf/lib/leon/mfix-at697f/libc.a(lib_a-exit.o)
 .data          0x000000004000e75c       0x64 /home/fsw/rep/tasa/lib/bcc-2.2.3-gcc/bin/../lib/gcc/sparc-gaisler-elf/10.2.0/../../../../sparc-gaisler-elf/lib/leon/mfix-at697f/libc.a(lib_a-impure.o)
                0x000000004000e75c                _impure_ptr
 .data          0x000000004000e7c0        0x0 /home/fsw/rep/tasa/lib/bcc-2.2.3-gcc/bin/../lib/gcc/sparc-gaisler-elf/10.2.0/../../../../sparc-gaisler-elf/lib/leon/mfix-at697f/libc.a(lib_a-printf.o)
 .data          0x000000004000e7c0        0x0 /home/fsw/rep/tasa/lib/bcc-2.2.3-gcc/bin/../lib/gcc/sparc-gaisler-elf/10.2.0/../../../../sparc-gaisler-elf/lib/leon/mfix-at697f/libc.a(lib_a-putchar.o)
 .data          0x000000004000e7c0        0x0 /home/fsw/rep/tasa/lib/bcc-2.2.3-gcc/bin/../lib/gcc/sparc-gaisler-elf/10.2.0/../../../../sparc-gaisler-elf/lib/leon/mfix-at697f/libc.a(lib_a-puts.o)
 .data          0x000000004000e7c0        0x0 /home/fsw/rep/tasa/lib/bcc-2.2.3-gcc/bin/../lib/gcc/sparc-gaisler-elf/10.2.0/../../../../sparc-gaisler-elf/lib/leon/mfix-at697f/libc.a(lib_a-strlen.o)
 .data          0x000000004000e7c0        0x0 /home/fsw/rep/tasa/lib/bcc-2.2.3-gcc/bin/../lib/gcc/sparc-gaisler-elf/10.2.0/../../../../sparc-gaisler-elf/lib/leon/mfix-at697f/libc.a(lib_a-vfprintf.o)
 .data          0x000000004000e7c0        0x0 /home/fsw/rep/tasa/lib/bcc-2.2.3-gcc/bin/../lib/gcc/sparc-gaisler-elf/10.2.0/../../../../sparc-gaisler-elf/lib/leon/mfix-at697f/libc.a(lib_a-wsetup.o)
 .data          0x000000004000e7c0        0x0 /home/fsw/rep/tasa/lib/bcc-2.2.3-gcc/bin/../lib/gcc/sparc-gaisler-elf/10.2.0/../../../../sparc-gaisler-elf/lib/leon/mfix-at697f/libc.a(lib_a-__atexit.o)
 .data          0x000000004000e7c0        0x0 /home/fsw/rep/tasa/lib/bcc-2.2.3-gcc/bin/../lib/gcc/sparc-gaisler-elf/10.2.0/../../../../sparc-gaisler-elf/lib/leon/mfix-at697f/libc.a(lib_a-__call_atexit.o)
 .data          0x000000004000e7c0        0x0 /home/fsw/rep/tasa/lib/bcc-2.2.3-gcc/bin/../lib/gcc/sparc-gaisler-elf/10.2.0/../../../../sparc-gaisler-elf/lib/leon/mfix-at697f/libc.a(lib_a-dtoa.o)
 .data          0x000000004000e7c0        0x0 /home/fsw/rep/tasa/lib/bcc-2.2.3-gcc/bin/../lib/gcc/sparc-gaisler-elf/10.2.0/../../../../sparc-gaisler-elf/lib/leon/mfix-at697f/libc.a(lib_a-fflush.o)
 .data          0x000000004000e7c0        0x0 /home/fsw/rep/tasa/lib/bcc-2.2.3-gcc/bin/../lib/gcc/sparc-gaisler-elf/10.2.0/../../../../sparc-gaisler-elf/lib/leon/mfix-at697f/libc.a(lib_a-findfp.o)
 .data          0x000000004000e7c0        0x0 /home/fsw/rep/tasa/lib/bcc-2.2.3-gcc/bin/../lib/gcc/sparc-gaisler-elf/10.2.0/../../../../sparc-gaisler-elf/lib/leon/mfix-at697f/libc.a(lib_a-freer.o)
 .data          0x000000004000e7c0        0x0 /home/fsw/rep/tasa/lib/bcc-2.2.3-gcc/bin/../lib/gcc/sparc-gaisler-elf/10.2.0/../../../../sparc-gaisler-elf/lib/leon/mfix-at697f/libc.a(lib_a-fvwrite.o)
 .data          0x000000004000e7c0        0x0 /home/fsw/rep/tasa/lib/bcc-2.2.3-gcc/bin/../lib/gcc/sparc-gaisler-elf/10.2.0/../../../../sparc-gaisler-elf/lib/leon/mfix-at697f/libc.a(lib_a-fwalk.o)
 .data          0x000000004000e7c0        0x0 /home/fsw/rep/tasa/lib/bcc-2.2.3-gcc/bin/../lib/gcc/sparc-gaisler-elf/10.2.0/../../../../sparc-gaisler-elf/lib/leon/mfix-at697f/libc.a(lib_a-localeconv.o)
 .data          0x000000004000e7c0        0x0 /home/fsw/rep/tasa/lib/bcc-2.2.3-gcc/bin/../lib/gcc/sparc-gaisler-elf/10.2.0/../../../../sparc-gaisler-elf/lib/leon/mfix-at697f/libc.a(lib_a-makebuf.o)
 .data          0x000000004000e7c0        0x0 /home/fsw/rep/tasa/lib/bcc-2.2.3-gcc/bin/../lib/gcc/sparc-gaisler-elf/10.2.0/../../../../sparc-gaisler-elf/lib/leon/mfix-at697f/libc.a(lib_a-malloc.o)
 .data          0x000000004000e7c0      0x410 /home/fsw/rep/tasa/lib/bcc-2.2.3-gcc/bin/../lib/gcc/sparc-gaisler-elf/10.2.0/../../../../sparc-gaisler-elf/lib/leon/mfix-at697f/libc.a(lib_a-mallocr.o)
                0x000000004000e7c0                __malloc_sbrk_base
                0x000000004000e7c4                __malloc_trim_threshold
                0x000000004000e7c8                __malloc_av_
 .data          0x000000004000ebd0        0x0 /home/fsw/rep/tasa/lib/bcc-2.2.3-gcc/bin/../lib/gcc/sparc-gaisler-elf/10.2.0/../../../../sparc-gaisler-elf/lib/leon/mfix-at697f/libc.a(lib_a-memchr.o)
 .data          0x000000004000ebd0        0x0 /home/fsw/rep/tasa/lib/bcc-2.2.3-gcc/bin/../lib/gcc/sparc-gaisler-elf/10.2.0/../../../../sparc-gaisler-elf/lib/leon/mfix-at697f/libc.a(lib_a-memcpy.o)
 .data          0x000000004000ebd0        0x0 /home/fsw/rep/tasa/lib/bcc-2.2.3-gcc/bin/../lib/gcc/sparc-gaisler-elf/10.2.0/../../../../sparc-gaisler-elf/lib/leon/mfix-at697f/libc.a(lib_a-memmove.o)
 .data          0x000000004000ebd0        0x0 /home/fsw/rep/tasa/lib/bcc-2.2.3-gcc/bin/../lib/gcc/sparc-gaisler-elf/10.2.0/../../../../sparc-gaisler-elf/lib/leon/mfix-at697f/libc.a(lib_a-memset.o)
 .data          0x000000004000ebd0        0x0 /home/fsw/rep/tasa/lib/bcc-2.2.3-gcc/bin/../lib/gcc/sparc-gaisler-elf/10.2.0/../../../../sparc-gaisler-elf/lib/leon/mfix-at697f/libc.a(lib_a-mlock.o)
 .data          0x000000004000ebd0        0x0 /home/fsw/rep/tasa/lib/bcc-2.2.3-gcc/bin/../lib/gcc/sparc-gaisler-elf/10.2.0/../../../../sparc-gaisler-elf/lib/leon/mfix-at697f/libc.a(lib_a-mprec.o)
 .data          0x000000004000ebd0        0x0 /home/fsw/rep/tasa/lib/bcc-2.2.3-gcc/bin/../lib/gcc/sparc-gaisler-elf/10.2.0/../../../../sparc-gaisler-elf/lib/leon/mfix-at697f/libc.a(lib_a-putc.o)
 .data          0x000000004000ebd0        0x0 /home/fsw/rep/tasa/lib/bcc-2.2.3-gcc/bin/../lib/gcc/sparc-gaisler-elf/10.2.0/../../../../sparc-gaisler-elf/lib/leon/mfix-at697f/libc.a(lib_a-reallocr.o)
 .data          0x000000004000ebd0        0x0 /home/fsw/rep/tasa/lib/bcc-2.2.3-gcc/bin/../lib/gcc/sparc-gaisler-elf/10.2.0/../../../../sparc-gaisler-elf/lib/leon/mfix-at697f/libc.a(lib_a-s_frexp.o)
 .data          0x000000004000ebd0        0x0 /home/fsw/rep/tasa/lib/bcc-2.2.3-gcc/bin/../lib/gcc/sparc-gaisler-elf/10.2.0/../../../../sparc-gaisler-elf/lib/leon/mfix-at697f/libc.a(lib_a-sbrkr.o)
 .data          0x000000004000ebd0        0x0 /home/fsw/rep/tasa/lib/bcc-2.2.3-gcc/bin/../lib/gcc/sparc-gaisler-elf/10.2.0/../../../../sparc-gaisler-elf/lib/leon/mfix-at697f/libc.a(lib_a-stdio.o)
 .data          0x000000004000ebd0        0x0 /home/fsw/rep/tasa/lib/bcc-2.2.3-gcc/bin/../lib/gcc/sparc-gaisler-elf/10.2.0/../../../../sparc-gaisler-elf/lib/leon/mfix-at697f/libc.a(lib_a-strncpy.o)
 .data          0x000000004000ebd0        0x0 /home/fsw/rep/tasa/lib/bcc-2.2.3-gcc/bin/../lib/gcc/sparc-gaisler-elf/10.2.0/../../../../sparc-gaisler-elf/lib/leon/mfix-at697f/libc.a(lib_a-vfiprintf.o)
 .data          0x000000004000ebd0        0x0 /home/fsw/rep/tasa/lib/bcc-2.2.3-gcc/bin/../lib/gcc/sparc-gaisler-elf/10.2.0/../../../../sparc-gaisler-elf/lib/leon/mfix-at697f/libc.a(lib_a-wbuf.o)
 .data          0x000000004000ebd0        0x0 /home/fsw/rep/tasa/lib/bcc-2.2.3-gcc/bin/../lib/gcc/sparc-gaisler-elf/10.2.0/../../../../sparc-gaisler-elf/lib/leon/mfix-at697f/libc.a(lib_a-writer.o)
 .data          0x000000004000ebd0        0x0 /home/fsw/rep/tasa/lib/bcc-2.2.3-gcc/bin/../lib/gcc/sparc-gaisler-elf/10.2.0/../../../../sparc-gaisler-elf/lib/leon/mfix-at697f/libc.a(lib_a-callocr.o)
 .data          0x000000004000ebd0        0x0 /home/fsw/rep/tasa/lib/bcc-2.2.3-gcc/bin/../lib/gcc/sparc-gaisler-elf/10.2.0/../../../../sparc-gaisler-elf/lib/leon/mfix-at697f/libc.a(lib_a-closer.o)
 .data          0x000000004000ebd0        0x0 /home/fsw/rep/tasa/lib/bcc-2.2.3-gcc/bin/../lib/gcc/sparc-gaisler-elf/10.2.0/../../../../sparc-gaisler-elf/lib/leon/mfix-at697f/libc.a(lib_a-fclose.o)
 .data          0x000000004000ebd0        0x0 /home/fsw/rep/tasa/lib/bcc-2.2.3-gcc/bin/../lib/gcc/sparc-gaisler-elf/10.2.0/../../../../sparc-gaisler-elf/lib/leon/mfix-at697f/libc.a(lib_a-fputwc.o)
 .data          0x000000004000ebd0        0x0 /home/fsw/rep/tasa/lib/bcc-2.2.3-gcc/bin/../lib/gcc/sparc-gaisler-elf/10.2.0/../../../../sparc-gaisler-elf/lib/leon/mfix-at697f/libc.a(lib_a-fstatr.o)
 .data          0x000000004000ebd0        0x0 /home/fsw/rep/tasa/lib/bcc-2.2.3-gcc/bin/../lib/gcc/sparc-gaisler-elf/10.2.0/../../../../sparc-gaisler-elf/lib/leon/mfix-at697f/libc.a(lib_a-isattyr.o)
 .data          0x000000004000ebd0      0x16c /home/fsw/rep/tasa/lib/bcc-2.2.3-gcc/bin/../lib/gcc/sparc-gaisler-elf/10.2.0/../../../../sparc-gaisler-elf/lib/leon/mfix-at697f/libc.a(lib_a-locale.o)
                0x000000004000ebd0                __global_locale
 .data          0x000000004000ed3c        0x0 /home/fsw/rep/tasa/lib/bcc-2.2.3-gcc/bin/../lib/gcc/sparc-gaisler-elf/10.2.0/../../../../sparc-gaisler-elf/lib/leon/mfix-at697f/libc.a(lib_a-lseekr.o)
 .data          0x000000004000ed3c        0x0 /home/fsw/rep/tasa/lib/bcc-2.2.3-gcc/bin/../lib/gcc/sparc-gaisler-elf/10.2.0/../../../../sparc-gaisler-elf/lib/leon/mfix-at697f/libc.a(lib_a-mbtowc_r.o)
 .data          0x000000004000ed3c        0x0 /home/fsw/rep/tasa/lib/bcc-2.2.3-gcc/bin/../lib/gcc/sparc-gaisler-elf/10.2.0/../../../../sparc-gaisler-elf/lib/leon/mfix-at697f/libc.a(lib_a-readr.o)
 .data          0x000000004000ed3c        0x0 /home/fsw/rep/tasa/lib/bcc-2.2.3-gcc/bin/../lib/gcc/sparc-gaisler-elf/10.2.0/../../../../sparc-gaisler-elf/lib/leon/mfix-at697f/libc.a(lib_a-reent.o)
 .data          0x000000004000ed3c        0x0 /home/fsw/rep/tasa/lib/bcc-2.2.3-gcc/bin/../lib/gcc/sparc-gaisler-elf/10.2.0/../../../../sparc-gaisler-elf/lib/leon/mfix-at697f/libc.a(lib_a-strcmp.o)
 .data          0x000000004000ed3c        0x0 /home/fsw/rep/tasa/lib/bcc-2.2.3-gcc/bin/../lib/gcc/sparc-gaisler-elf/10.2.0/../../../../sparc-gaisler-elf/lib/leon/mfix-at697f/libc.a(lib_a-wcrtomb.o)
 .data          0x000000004000ed3c        0x0 /home/fsw/rep/tasa/lib/bcc-2.2.3-gcc/bin/../lib/gcc/sparc-gaisler-elf/10.2.0/../../../../sparc-gaisler-elf/lib/leon/mfix-at697f/libc.a(lib_a-wctomb_r.o)
 .data          0x000000004000ed3c        0x0 /home/fsw/rep/tasa/lib/bcc-2.2.3-gcc/bin/../lib/gcc/sparc-gaisler-elf/10.2.0/../../../../sparc-gaisler-elf/lib/leon/mfix-at697f/libc.a(lib_a-ctype_.o)
 .data          0x000000004000ed3c        0x0 /home/fsw/rep/tasa/lib/bcc-2.2.3-gcc/bin/../sparc-gaisler-elf/bsp/leon2/leon/mfix-at697f/libbcc.a(_exit.S.o)
 .data          0x000000004000ed3c        0x0 /home/fsw/rep/tasa/lib/bcc-2.2.3-gcc/bin/../sparc-gaisler-elf/bsp/leon2/leon/mfix-at697f/libbcc.a(read.c.o)
 .data          0x000000004000ed3c        0x0 /home/fsw/rep/tasa/lib/bcc-2.2.3-gcc/bin/../sparc-gaisler-elf/bsp/leon2/leon/mfix-at697f/libbcc.a(sbrk.c.o)
 .data          0x000000004000ed3c        0x0 /home/fsw/rep/tasa/lib/bcc-2.2.3-gcc/bin/../sparc-gaisler-elf/bsp/leon2/leon/mfix-at697f/libbcc.a(heap.c.o)
 .data          0x000000004000ed3c        0x0 /home/fsw/rep/tasa/lib/bcc-2.2.3-gcc/bin/../sparc-gaisler-elf/bsp/leon2/leon/mfix-at697f/libbcc.a(write.c.o)
 .data          0x000000004000ed3c        0x0 /home/fsw/rep/tasa/lib/bcc-2.2.3-gcc/bin/../sparc-gaisler-elf/bsp/leon2/leon/mfix-at697f/libbcc.a(stubs.S.o)
 .data          0x000000004000ed3c        0x0 /home/fsw/rep/tasa/lib/bcc-2.2.3-gcc/bin/../lib/gcc/sparc-gaisler-elf/10.2.0/leon/mfix-at697f/libgcc.a(_udivdi3.o)
 .data          0x000000004000ed3c        0x0 /home/fsw/rep/tasa/lib/bcc-2.2.3-gcc/bin/../lib/gcc/sparc-gaisler-elf/10.2.0/leon/mfix-at697f/libgcc.a(_umoddi3.o)
 .data          0x000000004000ed3c        0x0 /home/fsw/rep/tasa/lib/bcc-2.2.3-gcc/bin/../lib/gcc/sparc-gaisler-elf/10.2.0/leon/mfix-at697f/libgcc.a(_clz.o)
 .data          0x000000004000ed3c        0x0 /home/fsw/rep/tasa/lib/bcc-2.2.3-gcc/bin/../lib/gcc/sparc-gaisler-elf/10.2.0/leon/mfix-at697f/crtend.o
 .data          0x000000004000ed3c        0x0 /home/fsw/rep/tasa/lib/bcc-2.2.3-gcc/bin/../lib/gcc/sparc-gaisler-elf/10.2.0/leon/mfix-at697f/crtn.o
                0x000000004000ed40                . = ALIGN (0x8)
 *fill*         0x000000004000ed3c        0x4 
                0x000000004000ed40                __data_end = .
                0x000000004000e720                __data_start_lma = LOADADDR (.data)
                0x0000000000000620                __data_size = SIZEOF (.data)

.iplt           0x000000004000ed40        0x0
 .iplt          0x000000004000ed40        0x0 /home/fsw/rep/tasa/lib/bcc-2.2.3-gcc/bin/../sparc-gaisler-elf/bsp/leon2/leon/mfix-at697f/trap_table_mvt.S.o

.tm_clone_table
                0x000000004000ed40        0x0
 .tm_clone_table
                0x000000004000ed40        0x0 /home/fsw/rep/tasa/lib/bcc-2.2.3-gcc/bin/../lib/gcc/sparc-gaisler-elf/10.2.0/leon/mfix-at697f/crtbegin.o
 .tm_clone_table
                0x000000004000ed40        0x0 /home/fsw/rep/tasa/lib/bcc-2.2.3-gcc/bin/../lib/gcc/sparc-gaisler-elf/10.2.0/leon/mfix-at697f/crtend.o

.bss            0x000000004000ed40      0x1a0
                0x000000004000ed40                . = ALIGN (0x8)
                0x000000004000ed40                __bss_start = .
 *(.bss .bss.*)
 .bss           0x000000004000ed40        0x0 /home/fsw/rep/tasa/lib/bcc-2.2.3-gcc/bin/../sparc-gaisler-elf/bsp/leon2/leon/mfix-at697f/trap_table_mvt.S.o
 .bss           0x000000004000ed40        0x4 /home/fsw/rep/tasa/lib/bcc-2.2.3-gcc/bin/../sparc-gaisler-elf/bsp/leon2/leon/mfix-at697f/crt0.S.o
                0x000000004000ed40                __bcc_sp_at_entry
 .bss           0x000000004000ed44        0x0 /home/fsw/rep/tasa/lib/bcc-2.2.3-gcc/bin/../lib/gcc/sparc-gaisler-elf/10.2.0/leon/mfix-at697f/crti.o
 .bss           0x000000004000ed44       0x20 /home/fsw/rep/tasa/lib/bcc-2.2.3-gcc/bin/../lib/gcc/sparc-gaisler-elf/10.2.0/leon/mfix-at697f/crtbegin.o
 .bss           0x000000004000ed64        0x0 /tmp/cc2cJmQm.o
 .bss           0x000000004000ed64        0x0 /home/fsw/rep/tasa/lib/bcc-2.2.3-gcc/bin/../sparc-gaisler-elf/bsp/leon2/leon/mfix-at697f/libbcc.a(reset_trap_mvt.S.o)
 .bss           0x000000004000ed64        0x0 /home/fsw/rep/tasa/lib/bcc-2.2.3-gcc/bin/../sparc-gaisler-elf/bsp/leon2/leon/mfix-at697f/libbcc.a(window_trap.S.o)
 .bss           0x000000004000ed64        0x0 /home/fsw/rep/tasa/lib/bcc-2.2.3-gcc/bin/../sparc-gaisler-elf/bsp/leon2/leon/mfix-at697f/libbcc.a(interrupt_trap.S.o)
 *fill*         0x000000004000ed64        0x4 
 .bss           0x000000004000ed68       0x14 /home/fsw/rep/tasa/lib/bcc-2.2.3-gcc/bin/../sparc-gaisler-elf/bsp/leon2/leon/mfix-at697f/libbcc.a(flush_windows_trap.S.o)
 .bss           0x000000004000ed7c        0x0 /home/fsw/rep/tasa/lib/bcc-2.2.3-gcc/bin/../sparc-gaisler-elf/bsp/leon2/leon/mfix-at697f/libbcc.a(sw_trap_set_pil.S.o)
 .bss           0x000000004000ed7c       0x80 /home/fsw/rep/tasa/lib/bcc-2.2.3-gcc/bin/../sparc-gaisler-elf/bsp/leon2/leon/mfix-at697f/libbcc.a(isr.c.o)
                0x000000004000ed7c                __bcc_isr_list
 .bss           0x000000004000edfc        0x0 /home/fsw/rep/tasa/lib/bcc-2.2.3-gcc/bin/../sparc-gaisler-elf/bsp/leon2/leon/mfix-at697f/libbcc.a(int_nest.c.o)
 .bss           0x000000004000edfc        0x0 /home/fsw/rep/tasa/lib/bcc-2.2.3-gcc/bin/../sparc-gaisler-elf/bsp/leon2/leon/mfix-at697f/libbcc.a(init.S.o)
 .bss           0x000000004000edfc        0x0 /home/fsw/rep/tasa/lib/bcc-2.2.3-gcc/bin/../sparc-gaisler-elf/bsp/leon2/leon/mfix-at697f/libbcc.a(leon_info.S.o)
 .bss           0x000000004000edfc        0x0 /home/fsw/rep/tasa/lib/bcc-2.2.3-gcc/bin/../sparc-gaisler-elf/bsp/leon2/leon/mfix-at697f/libbcc.a(dwzero.S.o)
 .bss           0x000000004000edfc        0x0 /home/fsw/rep/tasa/lib/bcc-2.2.3-gcc/bin/../sparc-gaisler-elf/bsp/leon2/leon/mfix-at697f/libbcc.a(copy_data.c.o)
 .bss           0x000000004000edfc        0x8 /home/fsw/rep/tasa/lib/bcc-2.2.3-gcc/bin/../sparc-gaisler-elf/bsp/leon2/leon/mfix-at697f/libbcc.a(argv.c.o)
                0x000000004000ee00                __bcc_argc
 .bss           0x000000004000ee04        0x0 /home/fsw/rep/tasa/lib/bcc-2.2.3-gcc/bin/../sparc-gaisler-elf/bsp/leon2/leon/mfix-at697f/libbcc.a(int_leon2_get_source.c.o)
 .bss           0x000000004000ee04        0x0 /home/fsw/rep/tasa/lib/bcc-2.2.3-gcc/bin/../sparc-gaisler-elf/bsp/leon2/leon/mfix-at697f/libbcc.a(int_leon2_mp.c.o)
 .bss           0x000000004000ee04        0x0 /home/fsw/rep/tasa/lib/bcc-2.2.3-gcc/bin/../sparc-gaisler-elf/bsp/leon2/leon/mfix-at697f/libbcc.a(int_leon2_init.c.o)
 .bss           0x000000004000ee04        0x0 /home/fsw/rep/tasa/lib/bcc-2.2.3-gcc/bin/../sparc-gaisler-elf/bsp/leon2/leon/mfix-at697f/libbcc.a(con_leon2.c.o)
 .bss           0x000000004000ee04        0x0 /home/fsw/rep/tasa/lib/bcc-2.2.3-gcc/bin/../sparc-gaisler-elf/bsp/leon2/leon/mfix-at697f/libbcc.a(timer_leon2.c.o)
 .bss           0x000000004000ee04        0x0 /home/fsw/rep/tasa/lib/bcc-2.2.3-gcc/bin/../sparc-gaisler-elf/bsp/leon2/leon/mfix-at697f/libbcc.a(int_leon2.c.o)
 .bss           0x000000004000ee04        0x0 /home/fsw/rep/tasa/lib/bcc-2.2.3-gcc/bin/../sparc-gaisler-elf/bsp/leon2/leon/mfix-at697f/libbcc.a(con_handle.c.o)
 .bss           0x000000004000ee04        0x0 /home/fsw/rep/tasa/lib/bcc-2.2.3-gcc/bin/../sparc-gaisler-elf/bsp/leon2/leon/mfix-at697f/libbcc.a(timer_handle.c.o)
 .bss           0x000000004000ee04        0x0 /home/fsw/rep/tasa/lib/bcc-2.2.3-gcc/bin/../sparc-gaisler-elf/bsp/leon2/leon/mfix-at697f/libbcc.a(int_leon2_handle.c.o)
 .bss           0x000000004000ee04        0x0 /home/fsw/rep/tasa/lib/bcc-2.2.3-gcc/bin/../lib/gcc/sparc-gaisler-elf/10.2.0/../../../../sparc-gaisler-elf/lib/leon/mfix-at697f/libc.a(lib_a-atexit.o)
 .bss           0x000000004000ee04        0x0 /home/fsw/rep/tasa/lib/bcc-2.2.3-gcc/bin/../lib/gcc/sparc-gaisler-elf/10.2.0/../../../../sparc-gaisler-elf/lib/leon/mfix-at697f/libc.a(lib_a-exit.o)
 .bss           0x000000004000ee04        0x0 /home/fsw/rep/tasa/lib/bcc-2.2.3-gcc/bin/../lib/gcc/sparc-gaisler-elf/10.2.0/../../../../sparc-gaisler-elf/lib/leon/mfix-at697f/libc.a(lib_a-impure.o)
 .bss           0x000000004000ee04        0x0 /home/fsw/rep/tasa/lib/bcc-2.2.3-gcc/bin/../lib/gcc/sparc-gaisler-elf/10.2.0/../../../../sparc-gaisler-elf/lib/leon/mfix-at697f/libc.a(lib_a-printf.o)
 .bss           0x000000004000ee04        0x0 /home/fsw/rep/tasa/lib/bcc-2.2.3-gcc/bin/../lib/gcc/sparc-gaisler-elf/10.2.0/../../../../sparc-gaisler-elf/lib/leon/mfix-at697f/libc.a(lib_a-putchar.o)
 .bss           0x000000004000ee04        0x0 /home/fsw/rep/tasa/lib/bcc-2.2.3-gcc/bin/../lib/gcc/sparc-gaisler-elf/10.2.0/../../../../sparc-gaisler-elf/lib/leon/mfix-at697f/libc.a(lib_a-puts.o)
 .bss           0x000000004000ee04        0x0 /home/fsw/rep/tasa/lib/bcc-2.2.3-gcc/bin/../lib/gcc/sparc-gaisler-elf/10.2.0/../../../../sparc-gaisler-elf/lib/leon/mfix-at697f/libc.a(lib_a-strlen.o)
 .bss           0x000000004000ee04        0x0 /home/fsw/rep/tasa/lib/bcc-2.2.3-gcc/bin/../lib/gcc/sparc-gaisler-elf/10.2.0/../../../../sparc-gaisler-elf/lib/leon/mfix-at697f/libc.a(lib_a-vfprintf.o)
 .bss           0x000000004000ee04        0x0 /home/fsw/rep/tasa/lib/bcc-2.2.3-gcc/bin/../lib/gcc/sparc-gaisler-elf/10.2.0/../../../../sparc-gaisler-elf/lib/leon/mfix-at697f/libc.a(lib_a-wsetup.o)
 .bss           0x000000004000ee04       0x8c /home/fsw/rep/tasa/lib/bcc-2.2.3-gcc/bin/../lib/gcc/sparc-gaisler-elf/10.2.0/../../../../sparc-gaisler-elf/lib/leon/mfix-at697f/libc.a(lib_a-__atexit.o)
 .bss           0x000000004000ee90        0x4 /home/fsw/rep/tasa/lib/bcc-2.2.3-gcc/bin/../lib/gcc/sparc-gaisler-elf/10.2.0/../../../../sparc-gaisler-elf/lib/leon/mfix-at697f/libc.a(lib_a-__call_atexit.o)
                0x000000004000ee90                _global_atexit
 .bss           0x000000004000ee94        0x0 /home/fsw/rep/tasa/lib/bcc-2.2.3-gcc/bin/../lib/gcc/sparc-gaisler-elf/10.2.0/../../../../sparc-gaisler-elf/lib/leon/mfix-at697f/libc.a(lib_a-dtoa.o)
 .bss           0x000000004000ee94        0x0 /home/fsw/rep/tasa/lib/bcc-2.2.3-gcc/bin/../lib/gcc/sparc-gaisler-elf/10.2.0/../../../../sparc-gaisler-elf/lib/leon/mfix-at697f/libc.a(lib_a-fflush.o)
 .bss           0x000000004000ee94        0x0 /home/fsw/rep/tasa/lib/bcc-2.2.3-gcc/bin/../lib/gcc/sparc-gaisler-elf/10.2.0/../../../../sparc-gaisler-elf/lib/leon/mfix-at697f/libc.a(lib_a-findfp.o)
 .bss           0x000000004000ee94        0x0 /home/fsw/rep/tasa/lib/bcc-2.2.3-gcc/bin/../lib/gcc/sparc-gaisler-elf/10.2.0/../../../../sparc-gaisler-elf/lib/leon/mfix-at697f/libc.a(lib_a-freer.o)
 .bss           0x000000004000ee94        0x0 /home/fsw/rep/tasa/lib/bcc-2.2.3-gcc/bin/../lib/gcc/sparc-gaisler-elf/10.2.0/../../../../sparc-gaisler-elf/lib/leon/mfix-at697f/libc.a(lib_a-fvwrite.o)
 .bss           0x000000004000ee94        0x0 /home/fsw/rep/tasa/lib/bcc-2.2.3-gcc/bin/../lib/gcc/sparc-gaisler-elf/10.2.0/../../../../sparc-gaisler-elf/lib/leon/mfix-at697f/libc.a(lib_a-fwalk.o)
 .bss           0x000000004000ee94        0x0 /home/fsw/rep/tasa/lib/bcc-2.2.3-gcc/bin/../lib/gcc/sparc-gaisler-elf/10.2.0/../../../../sparc-gaisler-elf/lib/leon/mfix-at697f/libc.a(lib_a-localeconv.o)
 .bss           0x000000004000ee94        0x0 /home/fsw/rep/tasa/lib/bcc-2.2.3-gcc/bin/../lib/gcc/sparc-gaisler-elf/10.2.0/../../../../sparc-gaisler-elf/lib/leon/mfix-at697f/libc.a(lib_a-makebuf.o)
 .bss           0x000000004000ee94        0x0 /home/fsw/rep/tasa/lib/bcc-2.2.3-gcc/bin/../lib/gcc/sparc-gaisler-elf/10.2.0/../../../../sparc-gaisler-elf/lib/leon/mfix-at697f/libc.a(lib_a-malloc.o)
 .bss           0x000000004000ee94       0x34 /home/fsw/rep/tasa/lib/bcc-2.2.3-gcc/bin/../lib/gcc/sparc-gaisler-elf/10.2.0/../../../../sparc-gaisler-elf/lib/leon/mfix-at697f/libc.a(lib_a-mallocr.o)
                0x000000004000ee94                __malloc_current_mallinfo
                0x000000004000eebc                __malloc_max_total_mem
                0x000000004000eec0                __malloc_max_sbrked_mem
                0x000000004000eec4                __malloc_top_pad
 .bss           0x000000004000eec8        0x0 /home/fsw/rep/tasa/lib/bcc-2.2.3-gcc/bin/../lib/gcc/sparc-gaisler-elf/10.2.0/../../../../sparc-gaisler-elf/lib/leon/mfix-at697f/libc.a(lib_a-memchr.o)
 .bss           0x000000004000eec8        0x0 /home/fsw/rep/tasa/lib/bcc-2.2.3-gcc/bin/../lib/gcc/sparc-gaisler-elf/10.2.0/../../../../sparc-gaisler-elf/lib/leon/mfix-at697f/libc.a(lib_a-memcpy.o)
 .bss           0x000000004000eec8        0x0 /home/fsw/rep/tasa/lib/bcc-2.2.3-gcc/bin/../lib/gcc/sparc-gaisler-elf/10.2.0/../../../../sparc-gaisler-elf/lib/leon/mfix-at697f/libc.a(lib_a-memmove.o)
 .bss           0x000000004000eec8        0x0 /home/fsw/rep/tasa/lib/bcc-2.2.3-gcc/bin/../lib/gcc/sparc-gaisler-elf/10.2.0/../../../../sparc-gaisler-elf/lib/leon/mfix-at697f/libc.a(lib_a-memset.o)
 .bss           0x000000004000eec8        0x0 /home/fsw/rep/tasa/lib/bcc-2.2.3-gcc/bin/../lib/gcc/sparc-gaisler-elf/10.2.0/../../../../sparc-gaisler-elf/lib/leon/mfix-at697f/libc.a(lib_a-mlock.o)
 .bss           0x000000004000eec8        0x0 /home/fsw/rep/tasa/lib/bcc-2.2.3-gcc/bin/../lib/gcc/sparc-gaisler-elf/10.2.0/../../../../sparc-gaisler-elf/lib/leon/mfix-at697f/libc.a(lib_a-mprec.o)
 .bss           0x000000004000eec8        0x0 /home/fsw/rep/tasa/lib/bcc-2.2.3-gcc/bin/../lib/gcc/sparc-gaisler-elf/10.2.0/../../../../sparc-gaisler-elf/lib/leon/mfix-at697f/libc.a(lib_a-putc.o)
 .bss           0x000000004000eec8        0x0 /home/fsw/rep/tasa/lib/bcc-2.2.3-gcc/bin/../lib/gcc/sparc-gaisler-elf/10.2.0/../../../../sparc-gaisler-elf/lib/leon/mfix-at697f/libc.a(lib_a-reallocr.o)
 .bss           0x000000004000eec8        0x0 /home/fsw/rep/tasa/lib/bcc-2.2.3-gcc/bin/../lib/gcc/sparc-gaisler-elf/10.2.0/../../../../sparc-gaisler-elf/lib/leon/mfix-at697f/libc.a(lib_a-s_frexp.o)
 .bss           0x000000004000eec8        0x0 /home/fsw/rep/tasa/lib/bcc-2.2.3-gcc/bin/../lib/gcc/sparc-gaisler-elf/10.2.0/../../../../sparc-gaisler-elf/lib/leon/mfix-at697f/libc.a(lib_a-sbrkr.o)
 .bss           0x000000004000eec8        0x0 /home/fsw/rep/tasa/lib/bcc-2.2.3-gcc/bin/../lib/gcc/sparc-gaisler-elf/10.2.0/../../../../sparc-gaisler-elf/lib/leon/mfix-at697f/libc.a(lib_a-stdio.o)
 .bss           0x000000004000eec8        0x0 /home/fsw/rep/tasa/lib/bcc-2.2.3-gcc/bin/../lib/gcc/sparc-gaisler-elf/10.2.0/../../../../sparc-gaisler-elf/lib/leon/mfix-at697f/libc.a(lib_a-strncpy.o)
 .bss           0x000000004000eec8        0x0 /home/fsw/rep/tasa/lib/bcc-2.2.3-gcc/bin/../lib/gcc/sparc-gaisler-elf/10.2.0/../../../../sparc-gaisler-elf/lib/leon/mfix-at697f/libc.a(lib_a-vfiprintf.o)
 .bss           0x000000004000eec8        0x0 /home/fsw/rep/tasa/lib/bcc-2.2.3-gcc/bin/../lib/gcc/sparc-gaisler-elf/10.2.0/../../../../sparc-gaisler-elf/lib/leon/mfix-at697f/libc.a(lib_a-wbuf.o)
 .bss           0x000000004000eec8        0x0 /home/fsw/rep/tasa/lib/bcc-2.2.3-gcc/bin/../lib/gcc/sparc-gaisler-elf/10.2.0/../../../../sparc-gaisler-elf/lib/leon/mfix-at697f/libc.a(lib_a-writer.o)
 .bss           0x000000004000eec8        0x0 /home/fsw/rep/tasa/lib/bcc-2.2.3-gcc/bin/../lib/gcc/sparc-gaisler-elf/10.2.0/../../../../sparc-gaisler-elf/lib/leon/mfix-at697f/libc.a(lib_a-callocr.o)
 .bss           0x000000004000eec8        0x0 /home/fsw/rep/tasa/lib/bcc-2.2.3-gcc/bin/../lib/gcc/sparc-gaisler-elf/10.2.0/../../../../sparc-gaisler-elf/lib/leon/mfix-at697f/libc.a(lib_a-closer.o)
 .bss           0x000000004000eec8        0x0 /home/fsw/rep/tasa/lib/bcc-2.2.3-gcc/bin/../lib/gcc/sparc-gaisler-elf/10.2.0/../../../../sparc-gaisler-elf/lib/leon/mfix-at697f/libc.a(lib_a-fclose.o)
 .bss           0x000000004000eec8        0x0 /home/fsw/rep/tasa/lib/bcc-2.2.3-gcc/bin/../lib/gcc/sparc-gaisler-elf/10.2.0/../../../../sparc-gaisler-elf/lib/leon/mfix-at697f/libc.a(lib_a-fputwc.o)
 .bss           0x000000004000eec8        0x0 /home/fsw/rep/tasa/lib/bcc-2.2.3-gcc/bin/../lib/gcc/sparc-gaisler-elf/10.2.0/../../../../sparc-gaisler-elf/lib/leon/mfix-at697f/libc.a(lib_a-fstatr.o)
 .bss           0x000000004000eec8        0x0 /home/fsw/rep/tasa/lib/bcc-2.2.3-gcc/bin/../lib/gcc/sparc-gaisler-elf/10.2.0/../../../../sparc-gaisler-elf/lib/leon/mfix-at697f/libc.a(lib_a-isattyr.o)
 .bss           0x000000004000eec8        0x4 /home/fsw/rep/tasa/lib/bcc-2.2.3-gcc/bin/../lib/gcc/sparc-gaisler-elf/10.2.0/../../../../sparc-gaisler-elf/lib/leon/mfix-at697f/libc.a(lib_a-locale.o)
                0x000000004000eec8                _PathLocale
 .bss           0x000000004000eecc        0x0 /home/fsw/rep/tasa/lib/bcc-2.2.3-gcc/bin/../lib/gcc/sparc-gaisler-elf/10.2.0/../../../../sparc-gaisler-elf/lib/leon/mfix-at697f/libc.a(lib_a-lseekr.o)
 .bss           0x000000004000eecc        0x0 /home/fsw/rep/tasa/lib/bcc-2.2.3-gcc/bin/../lib/gcc/sparc-gaisler-elf/10.2.0/../../../../sparc-gaisler-elf/lib/leon/mfix-at697f/libc.a(lib_a-mbtowc_r.o)
 .bss           0x000000004000eecc        0x0 /home/fsw/rep/tasa/lib/bcc-2.2.3-gcc/bin/../lib/gcc/sparc-gaisler-elf/10.2.0/../../../../sparc-gaisler-elf/lib/leon/mfix-at697f/libc.a(lib_a-readr.o)
 .bss           0x000000004000eecc        0x4 /home/fsw/rep/tasa/lib/bcc-2.2.3-gcc/bin/../lib/gcc/sparc-gaisler-elf/10.2.0/../../../../sparc-gaisler-elf/lib/leon/mfix-at697f/libc.a(lib_a-reent.o)
                0x000000004000eecc                errno
 .bss           0x000000004000eed0        0x0 /home/fsw/rep/tasa/lib/bcc-2.2.3-gcc/bin/../lib/gcc/sparc-gaisler-elf/10.2.0/../../../../sparc-gaisler-elf/lib/leon/mfix-at697f/libc.a(lib_a-strcmp.o)
 .bss           0x000000004000eed0        0x0 /home/fsw/rep/tasa/lib/bcc-2.2.3-gcc/bin/../lib/gcc/sparc-gaisler-elf/10.2.0/../../../../sparc-gaisler-elf/lib/leon/mfix-at697f/libc.a(lib_a-wcrtomb.o)
 .bss           0x000000004000eed0        0x0 /home/fsw/rep/tasa/lib/bcc-2.2.3-gcc/bin/../lib/gcc/sparc-gaisler-elf/10.2.0/../../../../sparc-gaisler-elf/lib/leon/mfix-at697f/libc.a(lib_a-wctomb_r.o)
 .bss           0x000000004000eed0        0x0 /home/fsw/rep/tasa/lib/bcc-2.2.3-gcc/bin/../lib/gcc/sparc-gaisler-elf/10.2.0/../../../../sparc-gaisler-elf/lib/leon/mfix-at697f/libc.a(lib_a-ctype_.o)
 .bss           0x000000004000eed0        0x0 /home/fsw/rep/tasa/lib/bcc-2.2.3-gcc/bin/../sparc-gaisler-elf/bsp/leon2/leon/mfix-at697f/libbcc.a(_exit.S.o)
 .bss           0x000000004000eed0        0x0 /home/fsw/rep/tasa/lib/bcc-2.2.3-gcc/bin/../sparc-gaisler-elf/bsp/leon2/leon/mfix-at697f/libbcc.a(read.c.o)
 .bss           0x000000004000eed0        0x4 /home/fsw/rep/tasa/lib/bcc-2.2.3-gcc/bin/../sparc-gaisler-elf/bsp/leon2/leon/mfix-at697f/libbcc.a(sbrk.c.o)
 .bss           0x000000004000eed4        0x8 /home/fsw/rep/tasa/lib/bcc-2.2.3-gcc/bin/../sparc-gaisler-elf/bsp/leon2/leon/mfix-at697f/libbcc.a(heap.c.o)
                0x000000004000eed4                __bcc_heap_max
                0x000000004000eed8                __bcc_heap_min
 .bss           0x000000004000eedc        0x0 /home/fsw/rep/tasa/lib/bcc-2.2.3-gcc/bin/../sparc-gaisler-elf/bsp/leon2/leon/mfix-at697f/libbcc.a(write.c.o)
 .bss           0x000000004000eedc        0x0 /home/fsw/rep/tasa/lib/bcc-2.2.3-gcc/bin/../sparc-gaisler-elf/bsp/leon2/leon/mfix-at697f/libbcc.a(stubs.S.o)
 .bss           0x000000004000eedc        0x0 /home/fsw/rep/tasa/lib/bcc-2.2.3-gcc/bin/../lib/gcc/sparc-gaisler-elf/10.2.0/leon/mfix-at697f/libgcc.a(_udivdi3.o)
 .bss           0x000000004000eedc        0x0 /home/fsw/rep/tasa/lib/bcc-2.2.3-gcc/bin/../lib/gcc/sparc-gaisler-elf/10.2.0/leon/mfix-at697f/libgcc.a(_umoddi3.o)
 .bss           0x000000004000eedc        0x0 /home/fsw/rep/tasa/lib/bcc-2.2.3-gcc/bin/../lib/gcc/sparc-gaisler-elf/10.2.0/leon/mfix-at697f/libgcc.a(_clz.o)
 .bss           0x000000004000eedc        0x0 /home/fsw/rep/tasa/lib/bcc-2.2.3-gcc/bin/../lib/gcc/sparc-gaisler-elf/10.2.0/leon/mfix-at697f/crtend.o
 .bss           0x000000004000eedc        0x0 /home/fsw/rep/tasa/lib/bcc-2.2.3-gcc/bin/../lib/gcc/sparc-gaisler-elf/10.2.0/leon/mfix-at697f/crtn.o
 *(COMMON)
                0x000000004000eee0                . = ALIGN (0x8)
 *fill*         0x000000004000eedc        0x4 
                0x000000004000eee0                __bss_end = .
                0x000000004000eee0                __heap_min = .
                0x000000004000eee0                . = ALIGN (0x8)

.jcr
 *(.jcr)

.stab
 *(.stab)

.stabstr
 *(.stabstr)

.debug
 *(.debug)

.line
 *(.line)

.debug_srcinfo
 *(.debug_srcinfo)

.debug_sfnames
 *(.debug_sfnames)

.debug_aranges  0x0000000000000000      0xa30
 *(.debug_aranges)
 .debug_aranges
                0x0000000000000000       0x20 /home/fsw/rep/tasa/lib/bcc-2.2.3-gcc/bin/../sparc-gaisler-elf/bsp/leon2/leon/mfix-at697f/trap_table_mvt.S.o
 .debug_aranges
                0x0000000000000020       0x20 /home/fsw/rep/tasa/lib/bcc-2.2.3-gcc/bin/../sparc-gaisler-elf/bsp/leon2/leon/mfix-at697f/crt0.S.o
 .debug_aranges
                0x0000000000000040       0x20 /tmp/cc2cJmQm.o
 .debug_aranges
                0x0000000000000060       0x20 /home/fsw/rep/tasa/lib/bcc-2.2.3-gcc/bin/../sparc-gaisler-elf/bsp/leon2/leon/mfix-at697f/libbcc.a(reset_trap_mvt.S.o)
 .debug_aranges
                0x0000000000000080       0x20 /home/fsw/rep/tasa/lib/bcc-2.2.3-gcc/bin/../sparc-gaisler-elf/bsp/leon2/leon/mfix-at697f/libbcc.a(window_trap.S.o)
 .debug_aranges
                0x00000000000000a0       0x20 /home/fsw/rep/tasa/lib/bcc-2.2.3-gcc/bin/../sparc-gaisler-elf/bsp/leon2/leon/mfix-at697f/libbcc.a(interrupt_trap.S.o)
 .debug_aranges
                0x00000000000000c0       0x20 /home/fsw/rep/tasa/lib/bcc-2.2.3-gcc/bin/../sparc-gaisler-elf/bsp/leon2/leon/mfix-at697f/libbcc.a(flush_windows_trap.S.o)
 .debug_aranges
                0x00000000000000e0       0x20 /home/fsw/rep/tasa/lib/bcc-2.2.3-gcc/bin/../sparc-gaisler-elf/bsp/leon2/leon/mfix-at697f/libbcc.a(sw_trap_set_pil.S.o)
 .debug_aranges
                0x0000000000000100       0x18 /home/fsw/rep/tasa/lib/bcc-2.2.3-gcc/bin/../sparc-gaisler-elf/bsp/leon2/leon/mfix-at697f/libbcc.a(isr.c.o)
 .debug_aranges
                0x0000000000000118       0x18 /home/fsw/rep/tasa/lib/bcc-2.2.3-gcc/bin/../sparc-gaisler-elf/bsp/leon2/leon/mfix-at697f/libbcc.a(int_nest.c.o)
 .debug_aranges
                0x0000000000000130       0x20 /home/fsw/rep/tasa/lib/bcc-2.2.3-gcc/bin/../sparc-gaisler-elf/bsp/leon2/leon/mfix-at697f/libbcc.a(init.S.o)
 .debug_aranges
                0x0000000000000150       0x20 /home/fsw/rep/tasa/lib/bcc-2.2.3-gcc/bin/../sparc-gaisler-elf/bsp/leon2/leon/mfix-at697f/libbcc.a(leon_info.S.o)
 .debug_aranges
                0x0000000000000170       0x20 /home/fsw/rep/tasa/lib/bcc-2.2.3-gcc/bin/../sparc-gaisler-elf/bsp/leon2/leon/mfix-at697f/libbcc.a(dwzero.S.o)
 .debug_aranges
                0x0000000000000190       0x20 /home/fsw/rep/tasa/lib/bcc-2.2.3-gcc/bin/../sparc-gaisler-elf/bsp/leon2/leon/mfix-at697f/libbcc.a(copy_data.c.o)
 .debug_aranges
                0x00000000000001b0       0x18 /home/fsw/rep/tasa/lib/bcc-2.2.3-gcc/bin/../sparc-gaisler-elf/bsp/leon2/leon/mfix-at697f/libbcc.a(argv.c.o)
 .debug_aranges
                0x00000000000001c8       0x20 /home/fsw/rep/tasa/lib/bcc-2.2.3-gcc/bin/../sparc-gaisler-elf/bsp/leon2/leon/mfix-at697f/libbcc.a(int_leon2_get_source.c.o)
 .debug_aranges
                0x00000000000001e8       0x20 /home/fsw/rep/tasa/lib/bcc-2.2.3-gcc/bin/../sparc-gaisler-elf/bsp/leon2/leon/mfix-at697f/libbcc.a(int_leon2_mp.c.o)
 .debug_aranges
                0x0000000000000208       0x20 /home/fsw/rep/tasa/lib/bcc-2.2.3-gcc/bin/../sparc-gaisler-elf/bsp/leon2/leon/mfix-at697f/libbcc.a(int_leon2_init.c.o)
 .debug_aranges
                0x0000000000000228       0x20 /home/fsw/rep/tasa/lib/bcc-2.2.3-gcc/bin/../sparc-gaisler-elf/bsp/leon2/leon/mfix-at697f/libbcc.a(con_leon2.c.o)
 .debug_aranges
                0x0000000000000248       0x20 /home/fsw/rep/tasa/lib/bcc-2.2.3-gcc/bin/../sparc-gaisler-elf/bsp/leon2/leon/mfix-at697f/libbcc.a(timer_leon2.c.o)
 .debug_aranges
                0x0000000000000268       0x20 /home/fsw/rep/tasa/lib/bcc-2.2.3-gcc/bin/../sparc-gaisler-elf/bsp/leon2/leon/mfix-at697f/libbcc.a(int_leon2.c.o)
 .debug_aranges
                0x0000000000000288       0x18 /home/fsw/rep/tasa/lib/bcc-2.2.3-gcc/bin/../sparc-gaisler-elf/bsp/leon2/leon/mfix-at697f/libbcc.a(con_handle.c.o)
 .debug_aranges
                0x00000000000002a0       0x18 /home/fsw/rep/tasa/lib/bcc-2.2.3-gcc/bin/../sparc-gaisler-elf/bsp/leon2/leon/mfix-at697f/libbcc.a(timer_handle.c.o)
 .debug_aranges
                0x00000000000002b8       0x18 /home/fsw/rep/tasa/lib/bcc-2.2.3-gcc/bin/../sparc-gaisler-elf/bsp/leon2/leon/mfix-at697f/libbcc.a(int_leon2_handle.c.o)
 .debug_aranges
                0x00000000000002d0       0x20 /home/fsw/rep/tasa/lib/bcc-2.2.3-gcc/bin/../lib/gcc/sparc-gaisler-elf/10.2.0/../../../../sparc-gaisler-elf/lib/leon/mfix-at697f/libc.a(lib_a-atexit.o)
 .debug_aranges
                0x00000000000002f0       0x20 /home/fsw/rep/tasa/lib/bcc-2.2.3-gcc/bin/../lib/gcc/sparc-gaisler-elf/10.2.0/../../../../sparc-gaisler-elf/lib/leon/mfix-at697f/libc.a(lib_a-exit.o)
 .debug_aranges
                0x0000000000000310       0x18 /home/fsw/rep/tasa/lib/bcc-2.2.3-gcc/bin/../lib/gcc/sparc-gaisler-elf/10.2.0/../../../../sparc-gaisler-elf/lib/leon/mfix-at697f/libc.a(lib_a-impure.o)
 .debug_aranges
                0x0000000000000328       0x20 /home/fsw/rep/tasa/lib/bcc-2.2.3-gcc/bin/../lib/gcc/sparc-gaisler-elf/10.2.0/../../../../sparc-gaisler-elf/lib/leon/mfix-at697f/libc.a(lib_a-printf.o)
 .debug_aranges
                0x0000000000000348       0x20 /home/fsw/rep/tasa/lib/bcc-2.2.3-gcc/bin/../lib/gcc/sparc-gaisler-elf/10.2.0/../../../../sparc-gaisler-elf/lib/leon/mfix-at697f/libc.a(lib_a-putchar.o)
 .debug_aranges
                0x0000000000000368       0x20 /home/fsw/rep/tasa/lib/bcc-2.2.3-gcc/bin/../lib/gcc/sparc-gaisler-elf/10.2.0/../../../../sparc-gaisler-elf/lib/leon/mfix-at697f/libc.a(lib_a-puts.o)
 .debug_aranges
                0x0000000000000388       0x20 /home/fsw/rep/tasa/lib/bcc-2.2.3-gcc/bin/../lib/gcc/sparc-gaisler-elf/10.2.0/../../../../sparc-gaisler-elf/lib/leon/mfix-at697f/libc.a(lib_a-strlen.o)
 .debug_aranges
                0x00000000000003a8       0x20 /home/fsw/rep/tasa/lib/bcc-2.2.3-gcc/bin/../lib/gcc/sparc-gaisler-elf/10.2.0/../../../../sparc-gaisler-elf/lib/leon/mfix-at697f/libc.a(lib_a-vfprintf.o)
 .debug_aranges
                0x00000000000003c8       0x20 /home/fsw/rep/tasa/lib/bcc-2.2.3-gcc/bin/../lib/gcc/sparc-gaisler-elf/10.2.0/../../../../sparc-gaisler-elf/lib/leon/mfix-at697f/libc.a(lib_a-wsetup.o)
 .debug_aranges
                0x00000000000003e8       0x20 /home/fsw/rep/tasa/lib/bcc-2.2.3-gcc/bin/../lib/gcc/sparc-gaisler-elf/10.2.0/../../../../sparc-gaisler-elf/lib/leon/mfix-at697f/libc.a(lib_a-__atexit.o)
 .debug_aranges
                0x0000000000000408       0x20 /home/fsw/rep/tasa/lib/bcc-2.2.3-gcc/bin/../lib/gcc/sparc-gaisler-elf/10.2.0/../../../../sparc-gaisler-elf/lib/leon/mfix-at697f/libc.a(lib_a-__call_atexit.o)
 .debug_aranges
                0x0000000000000428       0x20 /home/fsw/rep/tasa/lib/bcc-2.2.3-gcc/bin/../lib/gcc/sparc-gaisler-elf/10.2.0/../../../../sparc-gaisler-elf/lib/leon/mfix-at697f/libc.a(lib_a-dtoa.o)
 .debug_aranges
                0x0000000000000448       0x20 /home/fsw/rep/tasa/lib/bcc-2.2.3-gcc/bin/../lib/gcc/sparc-gaisler-elf/10.2.0/../../../../sparc-gaisler-elf/lib/leon/mfix-at697f/libc.a(lib_a-fflush.o)
 .debug_aranges
                0x0000000000000468       0x20 /home/fsw/rep/tasa/lib/bcc-2.2.3-gcc/bin/../lib/gcc/sparc-gaisler-elf/10.2.0/../../../../sparc-gaisler-elf/lib/leon/mfix-at697f/libc.a(lib_a-findfp.o)
 .debug_aranges
                0x0000000000000488       0x20 /home/fsw/rep/tasa/lib/bcc-2.2.3-gcc/bin/../lib/gcc/sparc-gaisler-elf/10.2.0/../../../../sparc-gaisler-elf/lib/leon/mfix-at697f/libc.a(lib_a-freer.o)
 .debug_aranges
                0x00000000000004a8       0x20 /home/fsw/rep/tasa/lib/bcc-2.2.3-gcc/bin/../lib/gcc/sparc-gaisler-elf/10.2.0/../../../../sparc-gaisler-elf/lib/leon/mfix-at697f/libc.a(lib_a-fvwrite.o)
 .debug_aranges
                0x00000000000004c8       0x20 /home/fsw/rep/tasa/lib/bcc-2.2.3-gcc/bin/../lib/gcc/sparc-gaisler-elf/10.2.0/../../../../sparc-gaisler-elf/lib/leon/mfix-at697f/libc.a(lib_a-fwalk.o)
 .debug_aranges
                0x00000000000004e8       0x20 /home/fsw/rep/tasa/lib/bcc-2.2.3-gcc/bin/../lib/gcc/sparc-gaisler-elf/10.2.0/../../../../sparc-gaisler-elf/lib/leon/mfix-at697f/libc.a(lib_a-localeconv.o)
 .debug_aranges
                0x0000000000000508       0x20 /home/fsw/rep/tasa/lib/bcc-2.2.3-gcc/bin/../lib/gcc/sparc-gaisler-elf/10.2.0/../../../../sparc-gaisler-elf/lib/leon/mfix-at697f/libc.a(lib_a-makebuf.o)
 .debug_aranges
                0x0000000000000528       0x20 /home/fsw/rep/tasa/lib/bcc-2.2.3-gcc/bin/../lib/gcc/sparc-gaisler-elf/10.2.0/../../../../sparc-gaisler-elf/lib/leon/mfix-at697f/libc.a(lib_a-malloc.o)
 .debug_aranges
                0x0000000000000548       0x20 /home/fsw/rep/tasa/lib/bcc-2.2.3-gcc/bin/../lib/gcc/sparc-gaisler-elf/10.2.0/../../../../sparc-gaisler-elf/lib/leon/mfix-at697f/libc.a(lib_a-mallocr.o)
 .debug_aranges
                0x0000000000000568       0x20 /home/fsw/rep/tasa/lib/bcc-2.2.3-gcc/bin/../lib/gcc/sparc-gaisler-elf/10.2.0/../../../../sparc-gaisler-elf/lib/leon/mfix-at697f/libc.a(lib_a-memchr.o)
 .debug_aranges
                0x0000000000000588       0x20 /home/fsw/rep/tasa/lib/bcc-2.2.3-gcc/bin/../lib/gcc/sparc-gaisler-elf/10.2.0/../../../../sparc-gaisler-elf/lib/leon/mfix-at697f/libc.a(lib_a-memcpy.o)
 .debug_aranges
                0x00000000000005a8       0x20 /home/fsw/rep/tasa/lib/bcc-2.2.3-gcc/bin/../lib/gcc/sparc-gaisler-elf/10.2.0/../../../../sparc-gaisler-elf/lib/leon/mfix-at697f/libc.a(lib_a-memmove.o)
 .debug_aranges
                0x00000000000005c8       0x20 /home/fsw/rep/tasa/lib/bcc-2.2.3-gcc/bin/../lib/gcc/sparc-gaisler-elf/10.2.0/../../../../sparc-gaisler-elf/lib/leon/mfix-at697f/libc.a(lib_a-memset.o)
 .debug_aranges
                0x00000000000005e8       0x20 /home/fsw/rep/tasa/lib/bcc-2.2.3-gcc/bin/../lib/gcc/sparc-gaisler-elf/10.2.0/../../../../sparc-gaisler-elf/lib/leon/mfix-at697f/libc.a(lib_a-mlock.o)
 .debug_aranges
                0x0000000000000608       0x20 /home/fsw/rep/tasa/lib/bcc-2.2.3-gcc/bin/../lib/gcc/sparc-gaisler-elf/10.2.0/../../../../sparc-gaisler-elf/lib/leon/mfix-at697f/libc.a(lib_a-mprec.o)
 .debug_aranges
                0x0000000000000628       0x20 /home/fsw/rep/tasa/lib/bcc-2.2.3-gcc/bin/../lib/gcc/sparc-gaisler-elf/10.2.0/../../../../sparc-gaisler-elf/lib/leon/mfix-at697f/libc.a(lib_a-putc.o)
 .debug_aranges
                0x0000000000000648       0x20 /home/fsw/rep/tasa/lib/bcc-2.2.3-gcc/bin/../lib/gcc/sparc-gaisler-elf/10.2.0/../../../../sparc-gaisler-elf/lib/leon/mfix-at697f/libc.a(lib_a-reallocr.o)
 .debug_aranges
                0x0000000000000668       0x20 /home/fsw/rep/tasa/lib/bcc-2.2.3-gcc/bin/../lib/gcc/sparc-gaisler-elf/10.2.0/../../../../sparc-gaisler-elf/lib/leon/mfix-at697f/libc.a(lib_a-s_frexp.o)
 .debug_aranges
                0x0000000000000688       0x20 /home/fsw/rep/tasa/lib/bcc-2.2.3-gcc/bin/../lib/gcc/sparc-gaisler-elf/10.2.0/../../../../sparc-gaisler-elf/lib/leon/mfix-at697f/libc.a(lib_a-sbrkr.o)
 .debug_aranges
                0x00000000000006a8       0x20 /home/fsw/rep/tasa/lib/bcc-2.2.3-gcc/bin/../lib/gcc/sparc-gaisler-elf/10.2.0/../../../../sparc-gaisler-elf/lib/leon/mfix-at697f/libc.a(lib_a-stdio.o)
 .debug_aranges
                0x00000000000006c8       0x20 /home/fsw/rep/tasa/lib/bcc-2.2.3-gcc/bin/../lib/gcc/sparc-gaisler-elf/10.2.0/../../../../sparc-gaisler-elf/lib/leon/mfix-at697f/libc.a(lib_a-strncpy.o)
 .debug_aranges
                0x00000000000006e8       0x20 /home/fsw/rep/tasa/lib/bcc-2.2.3-gcc/bin/../lib/gcc/sparc-gaisler-elf/10.2.0/../../../../sparc-gaisler-elf/lib/leon/mfix-at697f/libc.a(lib_a-vfiprintf.o)
 .debug_aranges
                0x0000000000000708       0x20 /home/fsw/rep/tasa/lib/bcc-2.2.3-gcc/bin/../lib/gcc/sparc-gaisler-elf/10.2.0/../../../../sparc-gaisler-elf/lib/leon/mfix-at697f/libc.a(lib_a-wbuf.o)
 .debug_aranges
                0x0000000000000728       0x20 /home/fsw/rep/tasa/lib/bcc-2.2.3-gcc/bin/../lib/gcc/sparc-gaisler-elf/10.2.0/../../../../sparc-gaisler-elf/lib/leon/mfix-at697f/libc.a(lib_a-writer.o)
 .debug_aranges
                0x0000000000000748       0x20 /home/fsw/rep/tasa/lib/bcc-2.2.3-gcc/bin/../lib/gcc/sparc-gaisler-elf/10.2.0/../../../../sparc-gaisler-elf/lib/leon/mfix-at697f/libc.a(lib_a-callocr.o)
 .debug_aranges
                0x0000000000000768       0x20 /home/fsw/rep/tasa/lib/bcc-2.2.3-gcc/bin/../lib/gcc/sparc-gaisler-elf/10.2.0/../../../../sparc-gaisler-elf/lib/leon/mfix-at697f/libc.a(lib_a-closer.o)
 .debug_aranges
                0x0000000000000788       0x20 /home/fsw/rep/tasa/lib/bcc-2.2.3-gcc/bin/../lib/gcc/sparc-gaisler-elf/10.2.0/../../../../sparc-gaisler-elf/lib/leon/mfix-at697f/libc.a(lib_a-fclose.o)
 .debug_aranges
                0x00000000000007a8       0x20 /home/fsw/rep/tasa/lib/bcc-2.2.3-gcc/bin/../lib/gcc/sparc-gaisler-elf/10.2.0/../../../../sparc-gaisler-elf/lib/leon/mfix-at697f/libc.a(lib_a-fputwc.o)
 .debug_aranges
                0x00000000000007c8       0x20 /home/fsw/rep/tasa/lib/bcc-2.2.3-gcc/bin/../lib/gcc/sparc-gaisler-elf/10.2.0/../../../../sparc-gaisler-elf/lib/leon/mfix-at697f/libc.a(lib_a-fstatr.o)
 .debug_aranges
                0x00000000000007e8       0x20 /home/fsw/rep/tasa/lib/bcc-2.2.3-gcc/bin/../lib/gcc/sparc-gaisler-elf/10.2.0/../../../../sparc-gaisler-elf/lib/leon/mfix-at697f/libc.a(lib_a-isattyr.o)
 .debug_aranges
                0x0000000000000808       0x20 /home/fsw/rep/tasa/lib/bcc-2.2.3-gcc/bin/../lib/gcc/sparc-gaisler-elf/10.2.0/../../../../sparc-gaisler-elf/lib/leon/mfix-at697f/libc.a(lib_a-locale.o)
 .debug_aranges
                0x0000000000000828       0x20 /home/fsw/rep/tasa/lib/bcc-2.2.3-gcc/bin/../lib/gcc/sparc-gaisler-elf/10.2.0/../../../../sparc-gaisler-elf/lib/leon/mfix-at697f/libc.a(lib_a-lseekr.o)
 .debug_aranges
                0x0000000000000848       0x20 /home/fsw/rep/tasa/lib/bcc-2.2.3-gcc/bin/../lib/gcc/sparc-gaisler-elf/10.2.0/../../../../sparc-gaisler-elf/lib/leon/mfix-at697f/libc.a(lib_a-mbtowc_r.o)
 .debug_aranges
                0x0000000000000868       0x20 /home/fsw/rep/tasa/lib/bcc-2.2.3-gcc/bin/../lib/gcc/sparc-gaisler-elf/10.2.0/../../../../sparc-gaisler-elf/lib/leon/mfix-at697f/libc.a(lib_a-readr.o)
 .debug_aranges
                0x0000000000000888       0x20 /home/fsw/rep/tasa/lib/bcc-2.2.3-gcc/bin/../lib/gcc/sparc-gaisler-elf/10.2.0/../../../../sparc-gaisler-elf/lib/leon/mfix-at697f/libc.a(lib_a-reent.o)
 .debug_aranges
                0x00000000000008a8       0x20 /home/fsw/rep/tasa/lib/bcc-2.2.3-gcc/bin/../lib/gcc/sparc-gaisler-elf/10.2.0/../../../../sparc-gaisler-elf/lib/leon/mfix-at697f/libc.a(lib_a-strcmp.o)
 .debug_aranges
                0x00000000000008c8       0x20 /home/fsw/rep/tasa/lib/bcc-2.2.3-gcc/bin/../lib/gcc/sparc-gaisler-elf/10.2.0/../../../../sparc-gaisler-elf/lib/leon/mfix-at697f/libc.a(lib_a-wcrtomb.o)
 .debug_aranges
                0x00000000000008e8       0x20 /home/fsw/rep/tasa/lib/bcc-2.2.3-gcc/bin/../lib/gcc/sparc-gaisler-elf/10.2.0/../../../../sparc-gaisler-elf/lib/leon/mfix-at697f/libc.a(lib_a-wctomb_r.o)
 .debug_aranges
                0x0000000000000908       0x18 /home/fsw/rep/tasa/lib/bcc-2.2.3-gcc/bin/../lib/gcc/sparc-gaisler-elf/10.2.0/../../../../sparc-gaisler-elf/lib/leon/mfix-at697f/libc.a(lib_a-ctype_.o)
 .debug_aranges
                0x0000000000000920       0x20 /home/fsw/rep/tasa/lib/bcc-2.2.3-gcc/bin/../sparc-gaisler-elf/bsp/leon2/leon/mfix-at697f/libbcc.a(_exit.S.o)
 .debug_aranges
                0x0000000000000940       0x20 /home/fsw/rep/tasa/lib/bcc-2.2.3-gcc/bin/../sparc-gaisler-elf/bsp/leon2/leon/mfix-at697f/libbcc.a(read.c.o)
 .debug_aranges
                0x0000000000000960       0x20 /home/fsw/rep/tasa/lib/bcc-2.2.3-gcc/bin/../sparc-gaisler-elf/bsp/leon2/leon/mfix-at697f/libbcc.a(sbrk.c.o)
 .debug_aranges
                0x0000000000000980       0x18 /home/fsw/rep/tasa/lib/bcc-2.2.3-gcc/bin/../sparc-gaisler-elf/bsp/leon2/leon/mfix-at697f/libbcc.a(heap.c.o)
 .debug_aranges
                0x0000000000000998       0x20 /home/fsw/rep/tasa/lib/bcc-2.2.3-gcc/bin/../sparc-gaisler-elf/bsp/leon2/leon/mfix-at697f/libbcc.a(write.c.o)
 .debug_aranges
                0x00000000000009b8       0x20 /home/fsw/rep/tasa/lib/bcc-2.2.3-gcc/bin/../sparc-gaisler-elf/bsp/leon2/leon/mfix-at697f/libbcc.a(stubs.S.o)
 .debug_aranges
                0x00000000000009d8       0x20 /home/fsw/rep/tasa/lib/bcc-2.2.3-gcc/bin/../lib/gcc/sparc-gaisler-elf/10.2.0/leon/mfix-at697f/libgcc.a(_udivdi3.o)
 .debug_aranges
                0x00000000000009f8       0x20 /home/fsw/rep/tasa/lib/bcc-2.2.3-gcc/bin/../lib/gcc/sparc-gaisler-elf/10.2.0/leon/mfix-at697f/libgcc.a(_umoddi3.o)
 .debug_aranges
                0x0000000000000a18       0x18 /home/fsw/rep/tasa/lib/bcc-2.2.3-gcc/bin/../lib/gcc/sparc-gaisler-elf/10.2.0/leon/mfix-at697f/libgcc.a(_clz.o)

.debug_pubnames
 *(.debug_pubnames)

.debug_info     0x0000000000000000    0x20c7b
 *(.debug_info)
 .debug_info    0x0000000000000000       0x26 /home/fsw/rep/tasa/lib/bcc-2.2.3-gcc/bin/../sparc-gaisler-elf/bsp/leon2/leon/mfix-at697f/trap_table_mvt.S.o
 .debug_info    0x0000000000000026       0x26 /home/fsw/rep/tasa/lib/bcc-2.2.3-gcc/bin/../sparc-gaisler-elf/bsp/leon2/leon/mfix-at697f/crt0.S.o
 .debug_info    0x000000000000004c      0x368 /tmp/cc2cJmQm.o
 .debug_info    0x00000000000003b4       0x26 /home/fsw/rep/tasa/lib/bcc-2.2.3-gcc/bin/../sparc-gaisler-elf/bsp/leon2/leon/mfix-at697f/libbcc.a(reset_trap_mvt.S.o)
 .debug_info    0x00000000000003da       0x26 /home/fsw/rep/tasa/lib/bcc-2.2.3-gcc/bin/../sparc-gaisler-elf/bsp/leon2/leon/mfix-at697f/libbcc.a(window_trap.S.o)
 .debug_info    0x0000000000000400       0x26 /home/fsw/rep/tasa/lib/bcc-2.2.3-gcc/bin/../sparc-gaisler-elf/bsp/leon2/leon/mfix-at697f/libbcc.a(interrupt_trap.S.o)
 .debug_info    0x0000000000000426       0x26 /home/fsw/rep/tasa/lib/bcc-2.2.3-gcc/bin/../sparc-gaisler-elf/bsp/leon2/leon/mfix-at697f/libbcc.a(flush_windows_trap.S.o)
 .debug_info    0x000000000000044c       0x26 /home/fsw/rep/tasa/lib/bcc-2.2.3-gcc/bin/../sparc-gaisler-elf/bsp/leon2/leon/mfix-at697f/libbcc.a(sw_trap_set_pil.S.o)
 .debug_info    0x0000000000000472       0xf5 /home/fsw/rep/tasa/lib/bcc-2.2.3-gcc/bin/../sparc-gaisler-elf/bsp/leon2/leon/mfix-at697f/libbcc.a(isr.c.o)
 .debug_info    0x0000000000000567       0xcd /home/fsw/rep/tasa/lib/bcc-2.2.3-gcc/bin/../sparc-gaisler-elf/bsp/leon2/leon/mfix-at697f/libbcc.a(int_nest.c.o)
 .debug_info    0x0000000000000634       0x26 /home/fsw/rep/tasa/lib/bcc-2.2.3-gcc/bin/../sparc-gaisler-elf/bsp/leon2/leon/mfix-at697f/libbcc.a(init.S.o)
 .debug_info    0x000000000000065a       0x26 /home/fsw/rep/tasa/lib/bcc-2.2.3-gcc/bin/../sparc-gaisler-elf/bsp/leon2/leon/mfix-at697f/libbcc.a(leon_info.S.o)
 .debug_info    0x0000000000000680       0x26 /home/fsw/rep/tasa/lib/bcc-2.2.3-gcc/bin/../sparc-gaisler-elf/bsp/leon2/leon/mfix-at697f/libbcc.a(dwzero.S.o)
 .debug_info    0x00000000000006a6       0xe8 /home/fsw/rep/tasa/lib/bcc-2.2.3-gcc/bin/../sparc-gaisler-elf/bsp/leon2/leon/mfix-at697f/libbcc.a(copy_data.c.o)
 .debug_info    0x000000000000078e       0xd9 /home/fsw/rep/tasa/lib/bcc-2.2.3-gcc/bin/../sparc-gaisler-elf/bsp/leon2/leon/mfix-at697f/libbcc.a(argv.c.o)
 .debug_info    0x0000000000000867       0x56 /home/fsw/rep/tasa/lib/bcc-2.2.3-gcc/bin/../sparc-gaisler-elf/bsp/leon2/leon/mfix-at697f/libbcc.a(int_leon2_get_source.c.o)
 .debug_info    0x00000000000008bd      0x12c /home/fsw/rep/tasa/lib/bcc-2.2.3-gcc/bin/../sparc-gaisler-elf/bsp/leon2/leon/mfix-at697f/libbcc.a(int_leon2_mp.c.o)
 .debug_info    0x00000000000009e9       0xaa /home/fsw/rep/tasa/lib/bcc-2.2.3-gcc/bin/../sparc-gaisler-elf/bsp/leon2/leon/mfix-at697f/libbcc.a(int_leon2_init.c.o)
 .debug_info    0x0000000000000a93      0x188 /home/fsw/rep/tasa/lib/bcc-2.2.3-gcc/bin/../sparc-gaisler-elf/bsp/leon2/leon/mfix-at697f/libbcc.a(con_leon2.c.o)
 .debug_info    0x0000000000000c1b      0x1ae /home/fsw/rep/tasa/lib/bcc-2.2.3-gcc/bin/../sparc-gaisler-elf/bsp/leon2/leon/mfix-at697f/libbcc.a(timer_leon2.c.o)
 .debug_info    0x0000000000000dc9      0x515 /home/fsw/rep/tasa/lib/bcc-2.2.3-gcc/bin/../sparc-gaisler-elf/bsp/leon2/leon/mfix-at697f/libbcc.a(int_leon2.c.o)
 .debug_info    0x00000000000012de       0x9d /home/fsw/rep/tasa/lib/bcc-2.2.3-gcc/bin/../sparc-gaisler-elf/bsp/leon2/leon/mfix-at697f/libbcc.a(con_handle.c.o)
 .debug_info    0x000000000000137b       0xb7 /home/fsw/rep/tasa/lib/bcc-2.2.3-gcc/bin/../sparc-gaisler-elf/bsp/leon2/leon/mfix-at697f/libbcc.a(timer_handle.c.o)
 .debug_info    0x0000000000001432       0x9d /home/fsw/rep/tasa/lib/bcc-2.2.3-gcc/bin/../sparc-gaisler-elf/bsp/leon2/leon/mfix-at697f/libbcc.a(int_leon2_handle.c.o)
 .debug_info    0x00000000000014cf      0x102 /home/fsw/rep/tasa/lib/bcc-2.2.3-gcc/bin/../lib/gcc/sparc-gaisler-elf/10.2.0/../../../../sparc-gaisler-elf/lib/leon/mfix-at697f/libc.a(lib_a-atexit.o)
 .debug_info    0x00000000000015d1      0x7de /home/fsw/rep/tasa/lib/bcc-2.2.3-gcc/bin/../lib/gcc/sparc-gaisler-elf/10.2.0/../../../../sparc-gaisler-elf/lib/leon/mfix-at697f/libc.a(lib_a-exit.o)
 .debug_info    0x0000000000001daf      0x83e /home/fsw/rep/tasa/lib/bcc-2.2.3-gcc/bin/../lib/gcc/sparc-gaisler-elf/10.2.0/../../../../sparc-gaisler-elf/lib/leon/mfix-at697f/libc.a(lib_a-impure.o)
 .debug_info    0x00000000000025ed      0x916 /home/fsw/rep/tasa/lib/bcc-2.2.3-gcc/bin/../lib/gcc/sparc-gaisler-elf/10.2.0/../../../../sparc-gaisler-elf/lib/leon/mfix-at697f/libc.a(lib_a-printf.o)
 .debug_info    0x0000000000002f03      0x891 /home/fsw/rep/tasa/lib/bcc-2.2.3-gcc/bin/../lib/gcc/sparc-gaisler-elf/10.2.0/../../../../sparc-gaisler-elf/lib/leon/mfix-at697f/libc.a(lib_a-putchar.o)
 .debug_info    0x0000000000003794      0xaf5 /home/fsw/rep/tasa/lib/bcc-2.2.3-gcc/bin/../lib/gcc/sparc-gaisler-elf/10.2.0/../../../../sparc-gaisler-elf/lib/leon/mfix-at697f/libc.a(lib_a-puts.o)
 .debug_info    0x0000000000004289       0xee /home/fsw/rep/tasa/lib/bcc-2.2.3-gcc/bin/../lib/gcc/sparc-gaisler-elf/10.2.0/../../../../sparc-gaisler-elf/lib/leon/mfix-at697f/libc.a(lib_a-strlen.o)
 .debug_info    0x0000000000004377     0x1d9f /home/fsw/rep/tasa/lib/bcc-2.2.3-gcc/bin/../lib/gcc/sparc-gaisler-elf/10.2.0/../../../../sparc-gaisler-elf/lib/leon/mfix-at697f/libc.a(lib_a-vfprintf.o)
 .debug_info    0x0000000000006116      0x8dd /home/fsw/rep/tasa/lib/bcc-2.2.3-gcc/bin/../lib/gcc/sparc-gaisler-elf/10.2.0/../../../../sparc-gaisler-elf/lib/leon/mfix-at697f/libc.a(lib_a-wsetup.o)
 .debug_info    0x00000000000069f3      0x264 /home/fsw/rep/tasa/lib/bcc-2.2.3-gcc/bin/../lib/gcc/sparc-gaisler-elf/10.2.0/../../../../sparc-gaisler-elf/lib/leon/mfix-at697f/libc.a(lib_a-__atexit.o)
 .debug_info    0x0000000000006c57      0x28d /home/fsw/rep/tasa/lib/bcc-2.2.3-gcc/bin/../lib/gcc/sparc-gaisler-elf/10.2.0/../../../../sparc-gaisler-elf/lib/leon/mfix-at697f/libc.a(lib_a-__call_atexit.o)
 .debug_info    0x0000000000006ee4     0x152b /home/fsw/rep/tasa/lib/bcc-2.2.3-gcc/bin/../lib/gcc/sparc-gaisler-elf/10.2.0/../../../../sparc-gaisler-elf/lib/leon/mfix-at697f/libc.a(lib_a-dtoa.o)
 .debug_info    0x000000000000840f      0xafe /home/fsw/rep/tasa/lib/bcc-2.2.3-gcc/bin/../lib/gcc/sparc-gaisler-elf/10.2.0/../../../../sparc-gaisler-elf/lib/leon/mfix-at697f/libc.a(lib_a-fflush.o)
 .debug_info    0x0000000000008f0d      0xddb /home/fsw/rep/tasa/lib/bcc-2.2.3-gcc/bin/../lib/gcc/sparc-gaisler-elf/10.2.0/../../../../sparc-gaisler-elf/lib/leon/mfix-at697f/libc.a(lib_a-findfp.o)
 .debug_info    0x0000000000009ce8      0xb8d /home/fsw/rep/tasa/lib/bcc-2.2.3-gcc/bin/../lib/gcc/sparc-gaisler-elf/10.2.0/../../../../sparc-gaisler-elf/lib/leon/mfix-at697f/libc.a(lib_a-freer.o)