Archive member included to satisfy reference by file (symbol)

/home/fsw/rep/tasa/lib/bcc-2.2.3-gcc/bin/../sparc-gaisler-elf/bsp/gr716/leon3/libbcc.a(reset_trap_mvt.S.o)
                              /home/fsw/rep/tasa/lib/bcc-2.2.3-gcc/bin/../sparc-gaisler-elf/bsp/gr716/leon3/trap_table_mvt.S.o (__bcc_trap_reset_mvt)
/home/fsw/rep/tasa/lib/bcc-2.2.3-gcc/bin/../sparc-gaisler-elf/bsp/gr716/leon3/libbcc.a(window_trap.S.o)
                              /home/fsw/rep/tasa/lib/bcc-2.2.3-gcc/bin/../sparc-gaisler-elf/bsp/gr716/leon3/trap_table_mvt.S.o (__bcc_trap_window_overflow)
/home/fsw/rep/tasa/lib/bcc-2.2.3-gcc/bin/../sparc-gaisler-elf/bsp/gr716/leon3/libbcc.a(interrupt_trap.S.o)
                              /home/fsw/rep/tasa/lib/bcc-2.2.3-gcc/bin/../sparc-gaisler-elf/bsp/gr716/leon3/trap_table_mvt.S.o (__bcc_trap_interrupt)
/home/fsw/rep/tasa/lib/bcc-2.2.3-gcc/bin/../sparc-gaisler-elf/bsp/gr716/leon3/libbcc.a(flush_windows_trap.S.o)
                              /home/fsw/rep/tasa/lib/bcc-2.2.3-gcc/bin/../sparc-gaisler-elf/bsp/gr716/leon3/trap_table_mvt.S.o (__bcc_trap_flush_windows)
/home/fsw/rep/tasa/lib/bcc-2.2.3-gcc/bin/../sparc-gaisler-elf/bsp/gr716/leon3/libbcc.a(sw_trap_set_pil.S.o)
                              /home/fsw/rep/tasa/lib/bcc-2.2.3-gcc/bin/../sparc-gaisler-elf/bsp/gr716/leon3/trap_table_mvt.S.o (__bcc_trap_sw_set_pil)
/home/fsw/rep/tasa/lib/bcc-2.2.3-gcc/bin/../sparc-gaisler-elf/bsp/gr716/leon3/libbcc.a(isr.c.o)
                              /home/fsw/rep/tasa/lib/bcc-2.2.3-gcc/bin/../sparc-gaisler-elf/bsp/gr716/leon3/libbcc.a(interrupt_trap.S.o) (__bcc_isr_list)
/home/fsw/rep/tasa/lib/bcc-2.2.3-gcc/bin/../sparc-gaisler-elf/bsp/gr716/leon3/libbcc.a(int_nest.c.o)
                              /home/fsw/rep/tasa/lib/bcc-2.2.3-gcc/bin/../sparc-gaisler-elf/bsp/gr716/leon3/libbcc.a(interrupt_trap.S.o) (__bcc_int_nest)
/home/fsw/rep/tasa/lib/bcc-2.2.3-gcc/bin/../sparc-gaisler-elf/bsp/gr716/leon3/libbcc.a(init.S.o)
                              /home/fsw/rep/tasa/lib/bcc-2.2.3-gcc/bin/../sparc-gaisler-elf/bsp/gr716/leon3/libbcc.a(reset_trap_mvt.S.o) (__bcc_init40)
/home/fsw/rep/tasa/lib/bcc-2.2.3-gcc/bin/../sparc-gaisler-elf/bsp/gr716/leon3/libbcc.a(leon_info.S.o)
                              /home/fsw/rep/tasa/lib/bcc-2.2.3-gcc/bin/../sparc-gaisler-elf/bsp/gr716/leon3/crt0.S.o (__bcc_get_leon_info)
/home/fsw/rep/tasa/lib/bcc-2.2.3-gcc/bin/../sparc-gaisler-elf/bsp/gr716/leon3/libbcc.a(dwzero.S.o)
                              /home/fsw/rep/tasa/lib/bcc-2.2.3-gcc/bin/../sparc-gaisler-elf/bsp/gr716/leon3/crt0.S.o (bcc_dwzero)
/home/fsw/rep/tasa/lib/bcc-2.2.3-gcc/bin/../sparc-gaisler-elf/bsp/gr716/leon3/libbcc.a(copy_data.c.o)
                              /home/fsw/rep/tasa/lib/bcc-2.2.3-gcc/bin/../sparc-gaisler-elf/bsp/gr716/leon3/crt0.S.o (__bcc_copy_data)
/home/fsw/rep/tasa/lib/bcc-2.2.3-gcc/bin/../sparc-gaisler-elf/bsp/gr716/leon3/libbcc.a(argv.c.o)
                              /home/fsw/rep/tasa/lib/bcc-2.2.3-gcc/bin/../sparc-gaisler-elf/bsp/gr716/leon3/crt0.S.o (__bcc_argvp)
/home/fsw/rep/tasa/lib/bcc-2.2.3-gcc/bin/../sparc-gaisler-elf/bsp/gr716/leon3/libbcc.a(int_irqmp_get_source.c.o)
                              /home/fsw/rep/tasa/lib/bcc-2.2.3-gcc/bin/../sparc-gaisler-elf/bsp/gr716/leon3/libbcc.a(interrupt_trap.S.o) (__bcc_int_get_source)
/home/fsw/rep/tasa/lib/bcc-2.2.3-gcc/bin/../sparc-gaisler-elf/bsp/gr716/leon3/libbcc.a(int_irqmp_mp.c.o)
                              /tmp/cct7UO0M.o (bcc_get_cpu_count)
/home/fsw/rep/tasa/lib/bcc-2.2.3-gcc/bin/../sparc-gaisler-elf/bsp/gr716/leon3/libbcc.a(int_irqmp_init.c.o)
                              /home/fsw/rep/tasa/lib/bcc-2.2.3-gcc/bin/../sparc-gaisler-elf/bsp/gr716/leon3/crt0.S.o (__bcc_int_init)
/home/fsw/rep/tasa/lib/bcc-2.2.3-gcc/bin/../sparc-gaisler-elf/bsp/gr716/leon3/libbcc.a(bsp_timer_init.c.o)
                              /home/fsw/rep/tasa/lib/bcc-2.2.3-gcc/bin/../sparc-gaisler-elf/bsp/gr716/leon3/crt0.S.o (__bcc_timer_init)
/home/fsw/rep/tasa/lib/bcc-2.2.3-gcc/bin/../sparc-gaisler-elf/bsp/gr716/leon3/libbcc.a(bsp_con_init.c.o)
                              /home/fsw/rep/tasa/lib/bcc-2.2.3-gcc/bin/../sparc-gaisler-elf/bsp/gr716/leon3/crt0.S.o (__bcc_con_init)
/home/fsw/rep/tasa/lib/bcc-2.2.3-gcc/bin/../sparc-gaisler-elf/bsp/gr716/leon3/libbcc.a(int_irqmp_handle.c.o)
                              /home/fsw/rep/tasa/lib/bcc-2.2.3-gcc/bin/../sparc-gaisler-elf/bsp/gr716/leon3/libbcc.a(int_irqmp_get_source.c.o) (__bcc_int_irqmp_eirq)
/home/fsw/rep/tasa/lib/bcc-2.2.3-gcc/bin/../sparc-gaisler-elf/bsp/gr716/leon3/libbcc.a(con_handle.c.o)
                              /home/fsw/rep/tasa/lib/bcc-2.2.3-gcc/bin/../sparc-gaisler-elf/bsp/gr716/leon3/libbcc.a(bsp_con_init.c.o) (__bcc_con_handle)
/home/fsw/rep/tasa/lib/bcc-2.2.3-gcc/bin/../sparc-gaisler-elf/bsp/gr716/leon3/libbcc.a(timer_handle.c.o)
[...]
Memory Configuration

Name             Origin             Length             Attributes
bootprom         0x0000000000000000 0x0000000000001000
extprom          0x0000000001000000 0x0000000001000000
spi0             0x0000000002000000 0x0000000002000000
spi1             0x0000000004000000 0x0000000002000000
dram             0x0000000030000000 0x0000000000010000
iram             0x0000000031000000 0x0000000000020000
extram           0x0000000040000000 0x0000000010000000
*default*        0x0000000000000000 0xffffffffffffffff

Linker script and memory map

LOAD /home/fsw/rep/tasa/lib/bcc-2.2.3-gcc/bin/../sparc-gaisler-elf/bsp/gr716/leon3/trap_table_mvt.S.o
LOAD /home/fsw/rep/tasa/lib/bcc-2.2.3-gcc/bin/../sparc-gaisler-elf/bsp/gr716/leon3/crt0.S.o
LOAD /home/fsw/rep/tasa/lib/bcc-2.2.3-gcc/bin/../lib/gcc/sparc-gaisler-elf/10.2.0/leon3/crti.o
LOAD /home/fsw/rep/tasa/lib/bcc-2.2.3-gcc/bin/../lib/gcc/sparc-gaisler-elf/10.2.0/leon3/crtbegin.o
LOAD /tmp/cct7UO0M.o
                0x0000000000000000                PROVIDE (__bcc_cfg_skip_clear_bss = 0x0)

.text           0x0000000031000000     0x7300
 CREATE_OBJECT_SYMBOLS
                0x0000000031000000                __text_start = .
                0x0000000031000000                . = ALIGN (0x1000)
 *(.text.traptable)
 .text.traptable
                0x0000000031000000     0x1000 /home/fsw/rep/tasa/lib/bcc-2.2.3-gcc/bin/../sparc-gaisler-elf/bsp/gr716/leon3/trap_table_mvt.S.o
                0x0000000031000000                __bcc_trap_table
                0x0000000031000000                __bcc_entry_point
 *(.text .text.*)
 .text          0x0000000031001000        0x0 /home/fsw/rep/tasa/lib/bcc-2.2.3-gcc/bin/../sparc-gaisler-elf/bsp/gr716/leon3/trap_table_mvt.S.o
 .text          0x0000000031001000       0xc8 /home/fsw/rep/tasa/lib/bcc-2.2.3-gcc/bin/../sparc-gaisler-elf/bsp/gr716/leon3/crt0.S.o
                0x0000000031001000                __bcc_crt0
 .text          0x00000000310010c8        0x0 /home/fsw/rep/tasa/lib/bcc-2.2.3-gcc/bin/../lib/gcc/sparc-gaisler-elf/10.2.0/leon3/crti.o
 .text          0x00000000310010c8      0x180 /home/fsw/rep/tasa/lib/bcc-2.2.3-gcc/bin/../lib/gcc/sparc-gaisler-elf/10.2.0/leon3/crtbegin.o
 .text          0x0000000031001248        0x0 /tmp/cct7UO0M.o
 .text.startup  0x0000000031001248      0x14c /tmp/cct7UO0M.o
                0x0000000031001248                main
 .text          0x0000000031001394       0x90 /home/fsw/rep/tasa/lib/bcc-2.2.3-gcc/bin/../sparc-gaisler-elf/bsp/gr716/leon3/libbcc.a(reset_trap_mvt.S.o)
                0x0000000031001394                __bcc_trap_reset_mvt
 .text          0x0000000031001424       0xb0 /home/fsw/rep/tasa/lib/bcc-2.2.3-gcc/bin/../sparc-gaisler-elf/bsp/gr716/leon3/libbcc.a(window_trap.S.o)
                0x0000000031001424                __bcc_trap_window_overflow
                0x0000000031001474                __bcc_trap_window_underflow
 .text          0x00000000310014d4      0x1b0 /home/fsw/rep/tasa/lib/bcc-2.2.3-gcc/bin/../sparc-gaisler-elf/bsp/gr716/leon3/libbcc.a(interrupt_trap.S.o)
                0x00000000310014d4                __bcc_trap_interrupt_svt
                0x00000000310014d8                __bcc_trap_interrupt
 .text          0x0000000031001684       0x88 /home/fsw/rep/tasa/lib/bcc-2.2.3-gcc/bin/../sparc-gaisler-elf/bsp/gr716/leon3/libbcc.a(flush_windows_trap.S.o)
                0x0000000031001684                __bcc_trap_flush_windows
 .text          0x000000003100170c       0x2c /home/fsw/rep/tasa/lib/bcc-2.2.3-gcc/bin/../sparc-gaisler-elf/bsp/gr716/leon3/libbcc.a(sw_trap_set_pil.S.o)
                0x000000003100170c                __bcc_trap_sw_set_pil
 .text          0x0000000031001738        0x0 /home/fsw/rep/tasa/lib/bcc-2.2.3-gcc/bin/../sparc-gaisler-elf/bsp/gr716/leon3/libbcc.a(isr.c.o)
 .text          0x0000000031001738        0x0 /home/fsw/rep/tasa/lib/bcc-2.2.3-gcc/bin/../sparc-gaisler-elf/bsp/gr716/leon3/libbcc.a(int_nest.c.o)
 .text          0x0000000031001738        0x8 /home/fsw/rep/tasa/lib/bcc-2.2.3-gcc/bin/../sparc-gaisler-elf/bsp/gr716/leon3/libbcc.a(init.S.o)
                0x0000000031001738                __bcc_init50
                0x0000000031001738                __bcc_init40
                0x0000000031001738                __bcc_init70
                0x0000000031001738                __bcc_init60
 .text          0x0000000031001740       0x98 /home/fsw/rep/tasa/lib/bcc-2.2.3-gcc/bin/../sparc-gaisler-elf/bsp/gr716/leon3/libbcc.a(leon_info.S.o)
                0x0000000031001740                __bcc_get_leon_info
                0x00000000310017c8                bcc_get_cpuid
 .text          0x00000000310017d8       0x2c /home/fsw/rep/tasa/lib/bcc-2.2.3-gcc/bin/../sparc-gaisler-elf/bsp/gr716/leon3/libbcc.a(dwzero.S.o)
                0x00000000310017d8                bcc_dwzero
 .text          0x0000000031001804       0x5c /home/fsw/rep/tasa/lib/bcc-2.2.3-gcc/bin/../sparc-gaisler-elf/bsp/gr716/leon3/libbcc.a(copy_data.c.o)
                0x0000000031001804                __bcc_copy_data
 .text          0x0000000031001860        0x0 /home/fsw/rep/tasa/lib/bcc-2.2.3-gcc/bin/../sparc-gaisler-elf/bsp/gr716/leon3/libbcc.a(argv.c.o)
 .text          0x0000000031001860       0x48 /home/fsw/rep/tasa/lib/bcc-2.2.3-gcc/bin/../sparc-gaisler-elf/bsp/gr716/leon3/libbcc.a(int_irqmp_get_source.c.o)
                0x0000000031001860                __bcc_int_get_source
 .text          0x00000000310018a8       0x9c /home/fsw/rep/tasa/lib/bcc-2.2.3-gcc/bin/../sparc-gaisler-elf/bsp/gr716/leon3/libbcc.a(int_irqmp_mp.c.o)
                0x00000000310018a8                bcc_send_interrupt
                0x00000000310018e4                bcc_get_cpu_count
                0x0000000031001910                bcc_start_processor
 .text          0x0000000031001944        0x8 /home/fsw/rep/tasa/lib/bcc-2.2.3-gcc/bin/../sparc-gaisler-elf/bsp/gr716/leon3/libbcc.a(int_irqmp_init.c.o)
                0x0000000031001944                __bcc_int_init
 .text          0x000000003100194c       0x64 /home/fsw/rep/tasa/lib/bcc-2.2.3-gcc/bin/../sparc-gaisler-elf/bsp/gr716/leon3/libbcc.a(bsp_timer_init.c.o)
                0x000000003100194c                __bcc_timer_init
 .text          0x00000000310019b0       0x8c /home/fsw/rep/tasa/lib/bcc-2.2.3-gcc/bin/../sparc-gaisler-elf/bsp/gr716/leon3/libbcc.a(bsp_con_init.c.o)
                0x00000000310019b0                __bcc_con_init
 .text          0x0000000031001a3c        0x0 /home/fsw/rep/tasa/lib/bcc-2.2.3-gcc/bin/../sparc-gaisler-elf/bsp/gr716/leon3/libbcc.a(int_irqmp_handle.c.o)
 .text          0x0000000031001a3c        0x0 /home/fsw/rep/tasa/lib/bcc-2.2.3-gcc/bin/../sparc-gaisler-elf/bsp/gr716/leon3/libbcc.a(con_handle.c.o)
 .text          0x0000000031001a3c        0x0 /home/fsw/rep/tasa/lib/bcc-2.2.3-gcc/bin/../sparc-gaisler-elf/bsp/gr716/leon3/libbcc.a(timer_handle.c.o)
 .text          0x0000000031001a3c        0x0 /home/fsw/rep/tasa/lib/bcc-2.2.3-gcc/bin/../sparc-gaisler-elf/bsp/gr716/leon3/libbcc.a(bsp_sysfreq.c.o)
 .text          0x0000000031001a3c       0x1c /home/fsw/rep/tasa/lib/bcc-2.2.3-gcc/bin/../lib/gcc/sparc-gaisler-elf/10.2.0/../../../../sparc-gaisler-elf/lib/leon3/libc_nano.a(lib_a-atexit.o)
                0x0000000031001a3c                atexit
 .text          0x0000000031001a58       0x4c /home/fsw/rep/tasa/lib/bcc-2.2.3-gcc/bin/../lib/gcc/sparc-gaisler-elf/10.2.0/../../../../sparc-gaisler-elf/lib/leon3/libc_nano.a(lib_a-exit.o)
                0x0000000031001a58                exit
 .text          0x0000000031001aa4        0x0 /home/fsw/rep/tasa/lib/bcc-2.2.3-gcc/bin/../lib/gcc/sparc-gaisler-elf/10.2.0/../../../../sparc-gaisler-elf/lib/leon3/libc_nano.a(lib_a-impure.o)
 .text          0x0000000031001aa4      0x9cc /home/fsw/rep/tasa/lib/bcc-2.2.3-gcc/bin/../lib/gcc/sparc-gaisler-elf/10.2.0/../../../../sparc-gaisler-elf/lib/leon3/libc_nano.a(lib_a-nano-vfprintf_float.o)
                0x0000000031001aa4                __cvt
                0x0000000031001bec                __exponent
                0x0000000031001cd8                _printf_float
 .text          0x0000000031002470      0x59c /home/fsw/rep/tasa/lib/bcc-2.2.3-gcc/bin/../lib/gcc/sparc-gaisler-elf/10.2.0/../../../../sparc-gaisler-elf/lib/leon3/libc_nano.a(lib_a-nano-vfprintf_i.o)
                0x00000000310024c8                _printf_common
                0x0000000031002640                _printf_i
 .text          0x0000000031002a0c       0xb8 /home/fsw/rep/tasa/lib/bcc-2.2.3-gcc/bin/../lib/gcc/sparc-gaisler-elf/10.2.0/../../../../sparc-gaisler-elf/lib/leon3/libc_nano.a(lib_a-printf.o)
                0x0000000031002a0c                _printf_r
                0x0000000031002a0c                _iprintf_r
                0x0000000031002a60                printf
                0x0000000031002a60                iprintf
 .text          0x0000000031002ac4       0x74 /home/fsw/rep/tasa/lib/bcc-2.2.3-gcc/bin/../lib/gcc/sparc-gaisler-elf/10.2.0/../../../../sparc-gaisler-elf/lib/leon3/libc_nano.a(lib_a-putchar.o)
                0x0000000031002ac4                _putchar_r
                0x0000000031002af8                putchar
 .text          0x0000000031002b38      0x1a8 /home/fsw/rep/tasa/lib/bcc-2.2.3-gcc/bin/../lib/gcc/sparc-gaisler-elf/10.2.0/../../../../sparc-gaisler-elf/lib/leon3/libc_nano.a(lib_a-puts.o)
                0x0000000031002b38                _puts_r
                0x0000000031002cc8                puts
 .text          0x0000000031002ce0       0x1c /home/fsw/rep/tasa/lib/bcc-2.2.3-gcc/bin/../lib/gcc/sparc-gaisler-elf/10.2.0/../../../../sparc-gaisler-elf/lib/leon3/libc_nano.a(lib_a-strlen.o)
                0x0000000031002ce0                strlen
 .text          0x0000000031002cfc      0x168 /home/fsw/rep/tasa/lib/bcc-2.2.3-gcc/bin/../lib/gcc/sparc-gaisler-elf/10.2.0/../../../../sparc-gaisler-elf/lib/leon3/libc_nano.a(lib_a-wbuf.o)
                0x0000000031002cfc                __swbuf_r
                0x0000000031002e48                __swbuf
 .text          0x0000000031002e64      0x184 /home/fsw/rep/tasa/lib/bcc-2.2.3-gcc/bin/../lib/gcc/sparc-gaisler-elf/10.2.0/../../../../sparc-gaisler-elf/lib/leon3/libc_nano.a(lib_a-wsetup.o)
                0x0000000031002e64                __swsetup_r
 .text          0x0000000031002fe8      0x138 /home/fsw/rep/tasa/lib/bcc-2.2.3-gcc/bin/../lib/gcc/sparc-gaisler-elf/10.2.0/../../../../sparc-gaisler-elf/lib/leon3/libc_nano.a(lib_a-__atexit.o)
                0x0000000031002fe8                __register_exitproc
 .text          0x0000000031003120      0x180 /home/fsw/rep/tasa/lib/bcc-2.2.3-gcc/bin/../lib/gcc/sparc-gaisler-elf/10.2.0/../../../../sparc-gaisler-elf/lib/leon3/libc_nano.a(lib_a-__call_atexit.o)
                0x0000000031003120                __call_exitprocs
 .text          0x00000000310032a0     0x1190 /home/fsw/rep/tasa/lib/bcc-2.2.3-gcc/bin/../lib/gcc/sparc-gaisler-elf/10.2.0/../../../../sparc-gaisler-elf/lib/leon3/libc_nano.a(lib_a-dtoa.o)
                0x0000000031003480                _dtoa_r
 .text          0x0000000031004430      0x2ec /home/fsw/rep/tasa/lib/bcc-2.2.3-gcc/bin/../lib/gcc/sparc-gaisler-elf/10.2.0/../../../../sparc-gaisler-elf/lib/leon3/libc_nano.a(lib_a-fflush.o)
                0x0000000031004430                __sflush_r
                0x0000000031004648                _fflush_r
                0x00000000310046e4                fflush
 .text          0x000000003100471c      0x258 /home/fsw/rep/tasa/lib/bcc-2.2.3-gcc/bin/../lib/gcc/sparc-gaisler-elf/10.2.0/../../../../sparc-gaisler-elf/lib/leon3/libc_nano.a(lib_a-findfp.o)
                0x000000003100471c                _cleanup_r
                0x00000000310047a4                __sfmoreglue
                0x00000000310047e8                _cleanup
                0x00000000310047fc                __sinit
                0x00000000310048a0                __sfp
 .text          0x0000000031004974       0xd0 /home/fsw/rep/tasa/lib/bcc-2.2.3-gcc/bin/../lib/gcc/sparc-gaisler-elf/10.2.0/../../../../sparc-gaisler-elf/lib/leon3/libc_nano.a(lib_a-fwalk.o)
                0x0000000031004974                _fwalk
                0x00000000310049dc                _fwalk_reent
 .text          0x0000000031004a44       0x58 /home/fsw/rep/tasa/lib/bcc-2.2.3-gcc/bin/../lib/gcc/sparc-gaisler-elf/10.2.0/../../../../sparc-gaisler-elf/lib/leon3/libc_nano.a(lib_a-localeconv.o)
                0x0000000031004a44                __localeconv_l
                0x0000000031004a4c                _localeconv_r
                0x0000000031004a74                localeconv
 .text          0x0000000031004a9c      0x154 /home/fsw/rep/tasa/lib/bcc-2.2.3-gcc/bin/../lib/gcc/sparc-gaisler-elf/10.2.0/../../../../sparc-gaisler-elf/lib/leon3/libc_nano.a(lib_a-makebuf.o)
                0x0000000031004a9c                __swhatbuf_r
                0x0000000031004b0c                __smakebuf_r
 .text          0x0000000031004bf0       0x30 /home/fsw/rep/tasa/lib/bcc-2.2.3-gcc/bin/../lib/gcc/sparc-gaisler-elf/10.2.0/../../../../sparc-gaisler-elf/lib/leon3/libc_nano.a(lib_a-malloc.o)
                0x0000000031004bf0                malloc
                0x0000000031004c08                free
 .text          0x0000000031004c20       0x34 /home/fsw/rep/tasa/lib/bcc-2.2.3-gcc/bin/../lib/gcc/sparc-gaisler-elf/10.2.0/../../../../sparc-gaisler-elf/lib/leon3/libc_nano.a(lib_a-memchr.o)
                0x0000000031004c20                memchr
 .text          0x0000000031004c54       0x24 /home/fsw/rep/tasa/lib/bcc-2.2.3-gcc/bin/../lib/gcc/sparc-gaisler-elf/10.2.0/../../../../sparc-gaisler-elf/lib/leon3/libc_nano.a(lib_a-memcpy.o)
                0x0000000031004c54                memcpy
 .text          0x0000000031004c78       0x20 /home/fsw/rep/tasa/lib/bcc-2.2.3-gcc/bin/../lib/gcc/sparc-gaisler-elf/10.2.0/../../../../sparc-gaisler-elf/lib/leon3/libc_nano.a(lib_a-memset.o)
                0x0000000031004c78                memset
 .text          0x0000000031004c98      0xeb8 /home/fsw/rep/tasa/lib/bcc-2.2.3-gcc/bin/../lib/gcc/sparc-gaisler-elf/10.2.0/../../../../sparc-gaisler-elf/lib/leon3/libc_nano.a(lib_a-mprec.o)
                0x0000000031004c98                _Balloc
                0x0000000031004d6c                _Bfree
                0x0000000031004dcc                __multadd
                0x0000000031004ea0                __s2b
                0x0000000031004f78                __hi0bits
                0x0000000031004ff8                __lo0bits
                0x00000000310050c0                __i2b
                0x00000000310050e4                __multiply
                0x00000000310052d0                __pow5mult
                0x00000000310053e8                __lshift
                0x0000000031005518                __mcmp
                0x0000000031005578                __mdiff
                0x000000003100571c                __ulp
                0x000000003100578c                __b2d
                0x0000000031005870                __d2b
                0x0000000031005980                __ratio
                0x0000000031005a10                _mprec_log10
                0x0000000031005a50                __copybits
                0x0000000031005ad0                __any_on
 .text          0x0000000031005b50       0x34 /home/fsw/rep/tasa/lib/bcc-2.2.3-gcc/bin/../lib/gcc/sparc-gaisler-elf/10.2.0/../../../../sparc-gaisler-elf/lib/leon3/libc_nano.a(lib_a-nano-callocr.o)
                0x0000000031005b50                _calloc_r
 .text          0x0000000031005b84      0x130 /home/fsw/rep/tasa/lib/bcc-2.2.3-gcc/bin/../lib/gcc/sparc-gaisler-elf/10.2.0/../../../../sparc-gaisler-elf/lib/leon3/libc_nano.a(lib_a-nano-freer.o)
                0x0000000031005b84                _free_r
 .text          0x0000000031005cb4      0x150 /home/fsw/rep/tasa/lib/bcc-2.2.3-gcc/bin/../lib/gcc/sparc-gaisler-elf/10.2.0/../../../../sparc-gaisler-elf/lib/leon3/libc_nano.a(lib_a-nano-mallocr.o)
                0x0000000031005cb4                _malloc_r
 .text          0x0000000031005e04      0x4f4 /home/fsw/rep/tasa/lib/bcc-2.2.3-gcc/bin/../lib/gcc/sparc-gaisler-elf/10.2.0/../../../../sparc-gaisler-elf/lib/leon3/libc_nano.a(lib_a-nano-vfprintf.o)
                0x0000000031005e64                __sfputs_r
                0x0000000031005ea4                __sprint_r
                0x0000000031005ee0                _vfiprintf_r
                0x0000000031005ee0                _vfprintf_r
                0x00000000310062d8                vfiprintf
                0x00000000310062d8                vfprintf
 .text          0x00000000310062f8       0xe8 /home/fsw/rep/tasa/lib/bcc-2.2.3-gcc/bin/../lib/gcc/sparc-gaisler-elf/10.2.0/../../../../sparc-gaisler-elf/lib/leon3/libc_nano.a(lib_a-putc.o)
                0x00000000310062f8                _putc_r
                0x00000000310063c4                putc
 .text          0x00000000310063e0       0x34 /home/fsw/rep/tasa/lib/bcc-2.2.3-gcc/bin/../lib/gcc/sparc-gaisler-elf/10.2.0/../../../../sparc-gaisler-elf/lib/leon3/libc_nano.a(lib_a-sbrkr.o)
                0x00000000310063e0                _sbrk_r
 .text          0x0000000031006414       0xf8 /home/fsw/rep/tasa/lib/bcc-2.2.3-gcc/bin/../lib/gcc/sparc-gaisler-elf/10.2.0/../../../../sparc-gaisler-elf/lib/leon3/libc_nano.a(lib_a-stdio.o)
                0x0000000031006414                __sread
                0x0000000031006460                __seofread
                0x0000000031006468                __swrite
                0x00000000310064ac                __sseek
                0x00000000310064fc                __sclose
 .text          0x000000003100650c       0x3c /home/fsw/rep/tasa/lib/bcc-2.2.3-gcc/bin/../lib/gcc/sparc-gaisler-elf/10.2.0/../../../../sparc-gaisler-elf/lib/leon3/libc_nano.a(lib_a-writer.o)
                0x000000003100650c                _write_r
 .text          0x0000000031006548       0x34 /home/fsw/rep/tasa/lib/bcc-2.2.3-gcc/bin/../lib/gcc/sparc-gaisler-elf/10.2.0/../../../../sparc-gaisler-elf/lib/leon3/libc_nano.a(lib_a-closer.o)
                0x0000000031006548                _close_r
 .text          0x000000003100657c       0x38 /home/fsw/rep/tasa/lib/bcc-2.2.3-gcc/bin/../lib/gcc/sparc-gaisler-elf/10.2.0/../../../../sparc-gaisler-elf/lib/leon3/libc_nano.a(lib_a-fstatr.o)
                0x000000003100657c                _fstat_r
 .text          0x00000000310065b4      0x4b0 /home/fsw/rep/tasa/lib/bcc-2.2.3-gcc/bin/../lib/gcc/sparc-gaisler-elf/10.2.0/../../../../sparc-gaisler-elf/lib/leon3/libc_nano.a(lib_a-fvwrite.o)
                0x00000000310065b4                __sfvwrite_r
 .text          0x0000000031006a64       0x34 /home/fsw/rep/tasa/lib/bcc-2.2.3-gcc/bin/../lib/gcc/sparc-gaisler-elf/10.2.0/../../../../sparc-gaisler-elf/lib/leon3/libc_nano.a(lib_a-isattyr.o)
                0x0000000031006a64                _isatty_r
 .text          0x0000000031006a98       0xdc /home/fsw/rep/tasa/lib/bcc-2.2.3-gcc/bin/../lib/gcc/sparc-gaisler-elf/10.2.0/../../../../sparc-gaisler-elf/lib/leon3/libc_nano.a(lib_a-locale.o)
                0x0000000031006a98                _setlocale_r
                0x0000000031006b00                __locale_mb_cur_max
                0x0000000031006b28                __locale_ctype_ptr_l
                0x0000000031006b30                __locale_ctype_ptr
                0x0000000031006b58                setlocale
 .text          0x0000000031006b74       0x3c /home/fsw/rep/tasa/lib/bcc-2.2.3-gcc/bin/../lib/gcc/sparc-gaisler-elf/10.2.0/../../../../sparc-gaisler-elf/lib/leon3/libc_nano.a(lib_a-lseekr.o)
                0x0000000031006b74                _lseek_r
 .text          0x0000000031006bb0       0x8c /home/fsw/rep/tasa/lib/bcc-2.2.3-gcc/bin/../lib/gcc/sparc-gaisler-elf/10.2.0/../../../../sparc-gaisler-elf/lib/leon3/libc_nano.a(lib_a-mbtowc_r.o)
                0x0000000031006bb0                _mbtowc_r
                0x0000000031006bf8                __ascii_mbtowc
 .text          0x0000000031006c3c       0x60 /home/fsw/rep/tasa/lib/bcc-2.2.3-gcc/bin/../lib/gcc/sparc-gaisler-elf/10.2.0/../../../../sparc-gaisler-elf/lib/leon3/libc_nano.a(lib_a-memmove.o)
                0x0000000031006c3c                memmove
 .text          0x0000000031006c9c       0x10 /home/fsw/rep/tasa/lib/bcc-2.2.3-gcc/bin/../lib/gcc/sparc-gaisler-elf/10.2.0/../../../../sparc-gaisler-elf/lib/leon3/libc_nano.a(lib_a-mlock.o)
                0x0000000031006c9c                __malloc_lock
                0x0000000031006ca4                __malloc_unlock
 .text          0x0000000031006cac       0x74 /home/fsw/rep/tasa/lib/bcc-2.2.3-gcc/bin/../lib/gcc/sparc-gaisler-elf/10.2.0/../../../../sparc-gaisler-elf/lib/leon3/libc_nano.a(lib_a-nano-reallocr.o)
                0x0000000031006cac                _realloc_r
 .text          0x0000000031006d20       0x3c /home/fsw/rep/tasa/lib/bcc-2.2.3-gcc/bin/../lib/gcc/sparc-gaisler-elf/10.2.0/../../../../sparc-gaisler-elf/lib/leon3/libc_nano.a(lib_a-readr.o)
                0x0000000031006d20                _read_r
 .text          0x0000000031006d5c      0x1b8 /home/fsw/rep/tasa/lib/bcc-2.2.3-gcc/bin/../lib/gcc/sparc-gaisler-elf/10.2.0/../../../../sparc-gaisler-elf/lib/leon3/libc_nano.a(lib_a-reent.o)
                0x0000000031006d5c                cleanup_glue
                0x0000000031006d80                _reclaim_reent
 .text          0x0000000031006f14       0x3c /home/fsw/rep/tasa/lib/bcc-2.2.3-gcc/bin/../lib/gcc/sparc-gaisler-elf/10.2.0/../../../../sparc-gaisler-elf/lib/leon3/libc_nano.a(lib_a-strcmp.o)
                0x0000000031006f14                strcmp
 .text          0x0000000031006f50       0x78 /home/fsw/rep/tasa/lib/bcc-2.2.3-gcc/bin/../lib/gcc/sparc-gaisler-elf/10.2.0/../../../../sparc-gaisler-elf/lib/leon3/libc_nano.a(lib_a-wctomb_r.o)
                0x0000000031006f50                _wctomb_r
                0x0000000031006f94                __ascii_wctomb
 .text          0x0000000031006fc8        0x0 /home/fsw/rep/tasa/lib/bcc-2.2.3-gcc/bin/../lib/gcc/sparc-gaisler-elf/10.2.0/../../../../sparc-gaisler-elf/lib/leon3/libc_nano.a(lib_a-ctype_.o)
 .text          0x0000000031006fc8       0x20 /home/fsw/rep/tasa/lib/bcc-2.2.3-gcc/bin/../lib/gcc/sparc-gaisler-elf/10.2.0/../../../../sparc-gaisler-elf/lib/leon3/libc_nano.a(lib_a-nano-msizer.o)
                0x0000000031006fc8                _malloc_usable_size_r
 .text          0x0000000031006fe8       0x10 /home/fsw/rep/tasa/lib/bcc-2.2.3-gcc/bin/../sparc-gaisler-elf/bsp/gr716/leon3/libbcc.a(_exit.S.o)
                0x0000000031006fe8                _exit
 .text          0x0000000031006ff8       0x4c /home/fsw/rep/tasa/lib/bcc-2.2.3-gcc/bin/../sparc-gaisler-elf/bsp/gr716/leon3/libbcc.a(read.c.o)
                0x0000000031006ff8                read
 .text          0x0000000031007044       0xb0 /home/fsw/rep/tasa/lib/bcc-2.2.3-gcc/bin/../sparc-gaisler-elf/bsp/gr716/leon3/libbcc.a(sbrk.c.o)
                0x0000000031007044                sbrk
 .text          0x00000000310070f4        0x0 /home/fsw/rep/tasa/lib/bcc-2.2.3-gcc/bin/../sparc-gaisler-elf/bsp/gr716/leon3/libbcc.a(heap.c.o)
 .text          0x00000000310070f4       0x64 /home/fsw/rep/tasa/lib/bcc-2.2.3-gcc/bin/../sparc-gaisler-elf/bsp/gr716/leon3/libbcc.a(write.c.o)
                0x00000000310070f4                write
 .text          0x0000000031007158       0x20 /home/fsw/rep/tasa/lib/bcc-2.2.3-gcc/bin/../sparc-gaisler-elf/bsp/gr716/leon3/libbcc.a(stubs.S.o)
                0x0000000031007158                execve
                0x0000000031007158                lseek
                0x0000000031007158                fstat
                0x0000000031007158                kill
                0x0000000031007158                wait
                0x0000000031007158                unlink
                0x0000000031007158                fork
                0x0000000031007158                stat
                0x0000000031007158                link
                0x0000000031007158                open
                0x0000000031007158                close
                0x0000000031007170                getpid
                0x0000000031007170                isatty
 .text          0x0000000031007178       0xc4 /home/fsw/rep/tasa/lib/bcc-2.2.3-gcc/bin/../sparc-gaisler-elf/bsp/gr716/leon3/libbcc.a(con_apbuart.c.o)
                0x0000000031007178                __bcc_con_outbyte
                0x0000000031007208                __bcc_con_inbyte
 .text          0x000000003100723c       0x48 /home/fsw/rep/tasa/lib/bcc-2.2.3-gcc/bin/../lib/gcc/sparc-gaisler-elf/10.2.0/leon3/crtend.o
 .text          0x0000000031007284        0x0 /home/fsw/rep/tasa/lib/bcc-2.2.3-gcc/bin/../lib/gcc/sparc-gaisler-elf/10.2.0/leon3/crtn.o
                0x0000000031007290                . = ALIGN (0x10)
 *fill*         0x0000000031007284        0xc 
 *(.eh_frame)
 .eh_frame      0x0000000031007290        0x0 /home/fsw/rep/tasa/lib/bcc-2.2.3-gcc/bin/../lib/gcc/sparc-gaisler-elf/10.2.0/leon3/crtbegin.o
 .eh_frame      0x0000000031007290        0x4 /home/fsw/rep/tasa/lib/bcc-2.2.3-gcc/bin/../lib/gcc/sparc-gaisler-elf/10.2.0/leon3/crtend.o
                0x00000000310072a0                . = ALIGN (0x10)
 *fill*         0x0000000031007294        0xc 
 *(.gnu.linkonce.t*)
                0x00000000310072a0                ___CTOR_LIST__ = .
                0x00000000310072a0        0x4 LONG 0x2 (((___CTOR_END__ - ___CTOR_LIST__) / 0x4) - 0x2)
 *(SORT_BY_NAME(.ctors.*))
 *(.ctors)
 .ctors         0x00000000310072a4        0x4 /home/fsw/rep/tasa/lib/bcc-2.2.3-gcc/bin/../lib/gcc/sparc-gaisler-elf/10.2.0/leon3/crtbegin.o
 .ctors         0x00000000310072a8        0x4 /home/fsw/rep/tasa/lib/bcc-2.2.3-gcc/bin/../lib/gcc/sparc-gaisler-elf/10.2.0/leon3/crtend.o
                0x00000000310072ac        0x4 LONG 0x0
                0x00000000310072b0                ___CTOR_END__ = .
                0x00000000310072b0                ___DTOR_LIST__ = .
                0x00000000310072b0        0x4 LONG 0x2 (((___DTOR_END__ - ___DTOR_LIST__) / 0x4) - 0x2)
 *(SORT_BY_NAME(.dtors.*))
 *(.dtors)
 .dtors         0x00000000310072b4        0x4 /home/fsw/rep/tasa/lib/bcc-2.2.3-gcc/bin/../lib/gcc/sparc-gaisler-elf/10.2.0/leon3/crtbegin.o
 .dtors         0x00000000310072b8        0x4 /home/fsw/rep/tasa/lib/bcc-2.2.3-gcc/bin/../lib/gcc/sparc-gaisler-elf/10.2.0/leon3/crtend.o
                0x00000000310072b8                __DTOR_END__
                0x00000000310072bc        0x4 LONG 0x0
                0x00000000310072c0                ___DTOR_END__ = .
 *(.gnu.linkonce*)
 *(.init)
 .init          0x00000000310072c0        0x4 /home/fsw/rep/tasa/lib/bcc-2.2.3-gcc/bin/../lib/gcc/sparc-gaisler-elf/10.2.0/leon3/crti.o
                0x00000000310072c0                _init
 .init          0x00000000310072c4        0x8 /home/fsw/rep/tasa/lib/bcc-2.2.3-gcc/bin/../lib/gcc/sparc-gaisler-elf/10.2.0/leon3/crtbegin.o
 .init          0x00000000310072cc        0x8 /home/fsw/rep/tasa/lib/bcc-2.2.3-gcc/bin/../lib/gcc/sparc-gaisler-elf/10.2.0/leon3/crtend.o
 .init          0x00000000310072d4        0xc /home/fsw/rep/tasa/lib/bcc-2.2.3-gcc/bin/../lib/gcc/sparc-gaisler-elf/10.2.0/leon3/crtn.o
 *(.fini)
 .fini          0x00000000310072e0        0x4 /home/fsw/rep/tasa/lib/bcc-2.2.3-gcc/bin/../lib/gcc/sparc-gaisler-elf/10.2.0/leon3/crti.o
                0x00000000310072e0                _fini
 .fini          0x00000000310072e4        0x8 /home/fsw/rep/tasa/lib/bcc-2.2.3-gcc/bin/../lib/gcc/sparc-gaisler-elf/10.2.0/leon3/crtbegin.o
 .fini          0x00000000310072ec        0xc /home/fsw/rep/tasa/lib/bcc-2.2.3-gcc/bin/../lib/gcc/sparc-gaisler-elf/10.2.0/leon3/crtn.o
 *(.lit)
 *(.shdata)
                0x0000000031007300                . = ALIGN (0x10)
 *fill*         0x00000000310072f8        0x8 
                0x0000000031007300                __text_end = .

.gcc_except_table
 *(.gcc_except_table.*)

.rodata         0x0000000030000000      0x5f0
                0x0000000030000000                __rodata_start = .
 *(.rodata*)
 .rodata.str1.8
                0x0000000030000000       0xcf /tmp/cct7UO0M.o
 *fill*         0x00000000300000cf        0x1 
 .rodata        0x00000000300000d0        0x5 /tmp/cct7UO0M.o
 *fill*         0x00000000300000d5        0x3 
 .rodata        0x00000000300000d8        0x4 /home/fsw/rep/tasa/lib/bcc-2.2.3-gcc/bin/../sparc-gaisler-elf/bsp/gr716/leon3/libbcc.a(bsp_sysfreq.c.o)
                0x00000000300000d8                __bsp_sysfreq
 .rodata        0x00000000300000dc        0x4 /home/fsw/rep/tasa/lib/bcc-2.2.3-gcc/bin/../lib/gcc/sparc-gaisler-elf/10.2.0/../../../../sparc-gaisler-elf/lib/leon3/libc_nano.a(lib_a-impure.o)
                0x00000000300000dc                _global_impure_ptr
 .rodata.str1.8
                0x00000000300000e0       0x22 /home/fsw/rep/tasa/lib/bcc-2.2.3-gcc/bin/../lib/gcc/sparc-gaisler-elf/10.2.0/../../../../sparc-gaisler-elf/lib/leon3/libc_nano.a(lib_a-nano-vfprintf_float.o)
 *fill*         0x0000000030000102        0x6 
 .rodata.cst8   0x0000000030000108       0x10 /home/fsw/rep/tasa/lib/bcc-2.2.3-gcc/bin/../lib/gcc/sparc-gaisler-elf/10.2.0/../../../../sparc-gaisler-elf/lib/leon3/libc_nano.a(lib_a-nano-vfprintf_float.o)
 .rodata.str1.8
                0x0000000030000118       0x29 /home/fsw/rep/tasa/lib/bcc-2.2.3-gcc/bin/../lib/gcc/sparc-gaisler-elf/10.2.0/../../../../sparc-gaisler-elf/lib/leon3/libc_nano.a(lib_a-nano-vfprintf_i.o)
 .rodata        0x0000000030000141        0x0 /home/fsw/rep/tasa/lib/bcc-2.2.3-gcc/bin/../lib/gcc/sparc-gaisler-elf/10.2.0/../../../../sparc-gaisler-elf/lib/leon3/libc_nano.a(lib_a-nano-vfprintf_i.o)
 *fill*         0x0000000030000141        0x7 
 .rodata.str1.8
                0x0000000030000148       0x14 /home/fsw/rep/tasa/lib/bcc-2.2.3-gcc/bin/../lib/gcc/sparc-gaisler-elf/10.2.0/../../../../sparc-gaisler-elf/lib/leon3/libc_nano.a(lib_a-dtoa.o)
                                         0x1a (size before relaxing)
 *fill*         0x000000003000015c        0x4 
 .rodata.cst8   0x0000000030000160       0x50 /home/fsw/rep/tasa/lib/bcc-2.2.3-gcc/bin/../lib/gcc/sparc-gaisler-elf/10.2.0/../../../../sparc-gaisler-elf/lib/leon3/libc_nano.a(lib_a-dtoa.o)
                                         0x58 (size before relaxing)
 .rodata        0x00000000300001b0       0x60 /home/fsw/rep/tasa/lib/bcc-2.2.3-gcc/bin/../lib/gcc/sparc-gaisler-elf/10.2.0/../../../../sparc-gaisler-elf/lib/leon3/libc_nano.a(lib_a-findfp.o)
                0x00000000300001b0                __sf_fake_stderr
                0x00000000300001d0                __sf_fake_stdout
                0x00000000300001f0                __sf_fake_stdin
 .rodata.cst8   0x0000000030000210       0x10 /home/fsw/rep/tasa/lib/bcc-2.2.3-gcc/bin/../lib/gcc/sparc-gaisler-elf/10.2.0/../../../../sparc-gaisler-elf/lib/leon3/libc_nano.a(lib_a-mprec.o)
 .rodata        0x0000000030000210      0x128 /home/fsw/rep/tasa/lib/bcc-2.2.3-gcc/bin/../lib/gcc/sparc-gaisler-elf/10.2.0/../../../../sparc-gaisler-elf/lib/leon3/libc_nano.a(lib_a-mprec.o)
                0x0000000030000220                __mprec_tinytens
                0x0000000030000248                __mprec_bigtens
                0x0000000030000270                __mprec_tens
 .rodata.str1.8
                0x0000000030000338       0x17 /home/fsw/rep/tasa/lib/bcc-2.2.3-gcc/bin/../lib/gcc/sparc-gaisler-elf/10.2.0/../../../../sparc-gaisler-elf/lib/leon3/libc_nano.a(lib_a-nano-vfprintf.o)
 *fill*         0x000000003000034f        0x1 
 .rodata.str1.8
                0x0000000030000350       0x12 /home/fsw/rep/tasa/lib/bcc-2.2.3-gcc/bin/../lib/gcc/sparc-gaisler-elf/10.2.0/../../../../sparc-gaisler-elf/lib/leon3/libc_nano.a(lib_a-locale.o)
                                         0x1a (size before relaxing)
 *fill*         0x0000000030000362        0x6 
 .rodata        0x0000000030000368      0x288 /home/fsw/rep/tasa/lib/bcc-2.2.3-gcc/bin/../lib/gcc/sparc-gaisler-elf/10.2.0/../../../../sparc-gaisler-elf/lib/leon3/libc_nano.a(lib_a-ctype_.o)
                0x0000000030000368                _ctype_
                0x0000000030000470                _ctype_b
 *(.gnu.linkonce.r*)
                0x00000000300005f0                . = ALIGN (0x10)
                0x00000000300005f0                __rodata_end = .

.rela.dyn       0x00000000300005f0        0x0
 .rela.iplt     0x00000000300005f0        0x0 /home/fsw/rep/tasa/lib/bcc-2.2.3-gcc/bin/../sparc-gaisler-elf/bsp/gr716/leon3/trap_table_mvt.S.o
 .rela.text.traptable
                0x00000000300005f0        0x0 /home/fsw/rep/tasa/lib/bcc-2.2.3-gcc/bin/../sparc-gaisler-elf/bsp/gr716/leon3/trap_table_mvt.S.o
 .rela.text     0x00000000300005f0        0x0 /home/fsw/rep/tasa/lib/bcc-2.2.3-gcc/bin/../sparc-gaisler-elf/bsp/gr716/leon3/trap_table_mvt.S.o

.ext.data       0x0000000040000000        0x0
                0x0000000040000000                . = ALIGN (0x8)
                0x0000000040000000                __extdata_start = .
 *(.data.ext)
                0x0000000040000000                . = ALIGN (0x8)
                0x0000000040000000                __extdata_end = .
                0x0000000040000000                __extdata_start_lma = LOADADDR (.ext.data)
                0x0000000000000000                __extdata_size = SIZEOF (.ext.data)

.data           0x00000000300005f0      0x220
                0x00000000300005f0                . = ALIGN (0x8)
                0x00000000300005f0                __data_start = .
 *(.data .data.*)
 .data          0x00000000300005f0        0x0 /home/fsw/rep/tasa/lib/bcc-2.2.3-gcc/bin/../sparc-gaisler-elf/bsp/gr716/leon3/trap_table_mvt.S.o
 .data          0x00000000300005f0        0x0 /home/fsw/rep/tasa/lib/bcc-2.2.3-gcc/bin/../sparc-gaisler-elf/bsp/gr716/leon3/crt0.S.o
 .data          0x00000000300005f0        0x0 /home/fsw/rep/tasa/lib/bcc-2.2.3-gcc/bin/../lib/gcc/sparc-gaisler-elf/10.2.0/leon3/crti.o
 .data          0x00000000300005f0        0x4 /home/fsw/rep/tasa/lib/bcc-2.2.3-gcc/bin/../lib/gcc/sparc-gaisler-elf/10.2.0/leon3/crtbegin.o
                0x00000000300005f0                __dso_handle
 .data          0x00000000300005f4        0x0 /tmp/cct7UO0M.o
 .data          0x00000000300005f4        0x0 /home/fsw/rep/tasa/lib/bcc-2.2.3-gcc/bin/../sparc-gaisler-elf/bsp/gr716/leon3/libbcc.a(reset_trap_mvt.S.o)
 .data          0x00000000300005f4        0x0 /home/fsw/rep/tasa/lib/bcc-2.2.3-gcc/bin/../sparc-gaisler-elf/bsp/gr716/leon3/libbcc.a(window_trap.S.o)
 .data          0x00000000300005f4        0x0 /home/fsw/rep/tasa/lib/bcc-2.2.3-gcc/bin/../sparc-gaisler-elf/bsp/gr716/leon3/libbcc.a(interrupt_trap.S.o)
 .data          0x00000000300005f4        0x0 /home/fsw/rep/tasa/lib/bcc-2.2.3-gcc/bin/../sparc-gaisler-elf/bsp/gr716/leon3/libbcc.a(flush_windows_trap.S.o)
 .data          0x00000000300005f4        0x0 /home/fsw/rep/tasa/lib/bcc-2.2.3-gcc/bin/../sparc-gaisler-elf/bsp/gr716/leon3/libbcc.a(sw_trap_set_pil.S.o)
 .data          0x00000000300005f4        0x0 /home/fsw/rep/tasa/lib/bcc-2.2.3-gcc/bin/../sparc-gaisler-elf/bsp/gr716/leon3/libbcc.a(isr.c.o)
 *fill*         0x00000000300005f4        0x4 
 .data          0x00000000300005f8       0x10 /home/fsw/rep/tasa/lib/bcc-2.2.3-gcc/bin/../sparc-gaisler-elf/bsp/gr716/leon3/libbcc.a(int_nest.c.o)
                0x00000000300005f8                __bcc_int_nest
 .data          0x0000000030000608        0x0 /home/fsw/rep/tasa/lib/bcc-2.2.3-gcc/bin/../sparc-gaisler-elf/bsp/gr716/leon3/libbcc.a(init.S.o)
 .data          0x0000000030000608       0x10 /home/fsw/rep/tasa/lib/bcc-2.2.3-gcc/bin/../sparc-gaisler-elf/bsp/gr716/leon3/libbcc.a(leon_info.S.o)
                0x0000000030000608                __bcc_leon_version
                0x000000003000060c                __bcc_nwindows_min1
                0x0000000030000610                __bcc_nwindows
                0x0000000030000614                __bcc_cpuid
 .data          0x0000000030000618        0x0 /home/fsw/rep/tasa/lib/bcc-2.2.3-gcc/bin/../sparc-gaisler-elf/bsp/gr716/leon3/libbcc.a(dwzero.S.o)
 .data          0x0000000030000618        0x0 /home/fsw/rep/tasa/lib/bcc-2.2.3-gcc/bin/../sparc-gaisler-elf/bsp/gr716/leon3/libbcc.a(copy_data.c.o)
 .data          0x0000000030000618        0x4 /home/fsw/rep/tasa/lib/bcc-2.2.3-gcc/bin/../sparc-gaisler-elf/bsp/gr716/leon3/libbcc.a(argv.c.o)
                0x0000000030000618                __bcc_argvp
 .data          0x000000003000061c        0x0 /home/fsw/rep/tasa/lib/bcc-2.2.3-gcc/bin/../sparc-gaisler-elf/bsp/gr716/leon3/libbcc.a(int_irqmp_get_source.c.o)
 .data          0x000000003000061c        0x0 /home/fsw/rep/tasa/lib/bcc-2.2.3-gcc/bin/../sparc-gaisler-elf/bsp/gr716/leon3/libbcc.a(int_irqmp_mp.c.o)
 .data          0x000000003000061c        0x0 /home/fsw/rep/tasa/lib/bcc-2.2.3-gcc/bin/../sparc-gaisler-elf/bsp/gr716/leon3/libbcc.a(int_irqmp_init.c.o)
 .data          0x000000003000061c        0x0 /home/fsw/rep/tasa/lib/bcc-2.2.3-gcc/bin/../sparc-gaisler-elf/bsp/gr716/leon3/libbcc.a(bsp_timer_init.c.o)
 .data          0x000000003000061c        0x0 /home/fsw/rep/tasa/lib/bcc-2.2.3-gcc/bin/../sparc-gaisler-elf/bsp/gr716/leon3/libbcc.a(bsp_con_init.c.o)
 .data          0x000000003000061c       0x10 /home/fsw/rep/tasa/lib/bcc-2.2.3-gcc/bin/../sparc-gaisler-elf/bsp/gr716/leon3/libbcc.a(int_irqmp_handle.c.o)
                0x000000003000061c                __bcc_int_irqmp_nts
                0x0000000030000620                __bcc_int_irqmp_map
                0x0000000030000624                __bcc_int_irqmp_eirq
                0x0000000030000628                __bcc_int_handle
 .data          0x000000003000062c        0x4 /home/fsw/rep/tasa/lib/bcc-2.2.3-gcc/bin/../sparc-gaisler-elf/bsp/gr716/leon3/libbcc.a(con_handle.c.o)
                0x000000003000062c                __bcc_con_handle
 .data          0x0000000030000630        0x8 /home/fsw/rep/tasa/lib/bcc-2.2.3-gcc/bin/../sparc-gaisler-elf/bsp/gr716/leon3/libbcc.a(timer_handle.c.o)
                0x0000000030000630                __bcc_timer_interrupt
                0x0000000030000634                __bcc_timer_handle
 .data          0x0000000030000638        0x0 /home/fsw/rep/tasa/lib/bcc-2.2.3-gcc/bin/../sparc-gaisler-elf/bsp/gr716/leon3/libbcc.a(bsp_sysfreq.c.o)
 .data          0x0000000030000638        0x0 /home/fsw/rep/tasa/lib/bcc-2.2.3-gcc/bin/../lib/gcc/sparc-gaisler-elf/10.2.0/../../../../sparc-gaisler-elf/lib/leon3/libc_nano.a(lib_a-atexit.o)
 .data          0x0000000030000638        0x0 /home/fsw/rep/tasa/lib/bcc-2.2.3-gcc/bin/../lib/gcc/sparc-gaisler-elf/10.2.0/../../../../sparc-gaisler-elf/lib/leon3/libc_nano.a(lib_a-exit.o)
 .data          0x0000000030000638       0x64 /home/fsw/rep/tasa/lib/bcc-2.2.3-gcc/bin/../lib/gcc/sparc-gaisler-elf/10.2.0/../../../../sparc-gaisler-elf/lib/leon3/libc_nano.a(lib_a-impure.o)
                0x0000000030000638                _impure_ptr
 .data          0x000000003000069c        0x0 /home/fsw/rep/tasa/lib/bcc-2.2.3-gcc/bin/../lib/gcc/sparc-gaisler-elf/10.2.0/../../../../sparc-gaisler-elf/lib/leon3/libc_nano.a(lib_a-nano-vfprintf_float.o)
 .data          0x000000003000069c        0x0 /home/fsw/rep/tasa/lib/bcc-2.2.3-gcc/bin/../lib/gcc/sparc-gaisler-elf/10.2.0/../../../../sparc-gaisler-elf/lib/leon3/libc_nano.a(lib_a-nano-vfprintf_i.o)
 .data          0x000000003000069c        0x0 /home/fsw/rep/tasa/lib/bcc-2.2.3-gcc/bin/../lib/gcc/sparc-gaisler-elf/10.2.0/../../../../sparc-gaisler-elf/lib/leon3/libc_nano.a(lib_a-printf.o)
 .data          0x000000003000069c        0x0 /home/fsw/rep/tasa/lib/bcc-2.2.3-gcc/bin/../lib/gcc/sparc-gaisler-elf/10.2.0/../../../../sparc-gaisler-elf/lib/leon3/libc_nano.a(lib_a-putchar.o)
 .data          0x000000003000069c        0x0 /home/fsw/rep/tasa/lib/bcc-2.2.3-gcc/bin/../lib/gcc/sparc-gaisler-elf/10.2.0/../../../../sparc-gaisler-elf/lib/leon3/libc_nano.a(lib_a-puts.o)
 .data          0x000000003000069c        0x0 /home/fsw/rep/tasa/lib/bcc-2.2.3-gcc/bin/../lib/gcc/sparc-gaisler-elf/10.2.0/../../../../sparc-gaisler-elf/lib/leon3/libc_nano.a(lib_a-strlen.o)
 .data          0x000000003000069c        0x0 /home/fsw/rep/tasa/lib/bcc-2.2.3-gcc/bin/../lib/gcc/sparc-gaisler-elf/10.2.0/../../../../sparc-gaisler-elf/lib/leon3/libc_nano.a(lib_a-wbuf.o)
 .data          0x000000003000069c        0x0 /home/fsw/rep/tasa/lib/bcc-2.2.3-gcc/bin/../lib/gcc/sparc-gaisler-elf/10.2.0/../../../../sparc-gaisler-elf/lib/leon3/libc_nano.a(lib_a-wsetup.o)
 .data          0x000000003000069c        0x4 /home/fsw/rep/tasa/lib/bcc-2.2.3-gcc/bin/../lib/gcc/sparc-gaisler-elf/10.2.0/../../../../sparc-gaisler-elf/lib/leon3/libc_nano.a(lib_a-__atexit.o)
                0x000000003000069c                __atexit_dummy
 .data          0x00000000300006a0        0x0 /home/fsw/rep/tasa/lib/bcc-2.2.3-gcc/bin/../lib/gcc/sparc-gaisler-elf/10.2.0/../../../../sparc-gaisler-elf/lib/leon3/libc_nano.a(lib_a-__call_atexit.o)
 .data          0x00000000300006a0        0x0 /home/fsw/rep/tasa/lib/bcc-2.2.3-gcc/bin/../lib/gcc/sparc-gaisler-elf/10.2.0/../../../../sparc-gaisler-elf/lib/leon3/libc_nano.a(lib_a-dtoa.o)
 .data          0x00000000300006a0        0x0 /home/fsw/rep/tasa/lib/bcc-2.2.3-gcc/bin/../lib/gcc/sparc-gaisler-elf/10.2.0/../../../../sparc-gaisler-elf/lib/leon3/libc_nano.a(lib_a-fflush.o)
 .data          0x00000000300006a0        0x0 /home/fsw/rep/tasa/lib/bcc-2.2.3-gcc/bin/../lib/gcc/sparc-gaisler-elf/10.2.0/../../../../sparc-gaisler-elf/lib/leon3/libc_nano.a(lib_a-findfp.o)
 .data          0x00000000300006a0        0x0 /home/fsw/rep/tasa/lib/bcc-2.2.3-gcc/bin/../lib/gcc/sparc-gaisler-elf/10.2.0/../../../../sparc-gaisler-elf/lib/leon3/libc_nano.a(lib_a-fwalk.o)
 .data          0x00000000300006a0        0x0 /home/fsw/rep/tasa/lib/bcc-2.2.3-gcc/bin/../lib/gcc/sparc-gaisler-elf/10.2.0/../../../../sparc-gaisler-elf/lib/leon3/libc_nano.a(lib_a-localeconv.o)
 .data          0x00000000300006a0        0x0 /home/fsw/rep/tasa/lib/bcc-2.2.3-gcc/bin/../lib/gcc/sparc-gaisler-elf/10.2.0/../../../../sparc-gaisler-elf/lib/leon3/libc_nano.a(lib_a-makebuf.o)
 .data          0x00000000300006a0        0x0 /home/fsw/rep/tasa/lib/bcc-2.2.3-gcc/bin/../lib/gcc/sparc-gaisler-elf/10.2.0/../../../../sparc-gaisler-elf/lib/leon3/libc_nano.a(lib_a-malloc.o)
 .data          0x00000000300006a0        0x0 /home/fsw/rep/tasa/lib/bcc-2.2.3-gcc/bin/../lib/gcc/sparc-gaisler-elf/10.2.0/../../../../sparc-gaisler-elf/lib/leon3/libc_nano.a(lib_a-memchr.o)
 .data          0x00000000300006a0        0x0 /home/fsw/rep/tasa/lib/bcc-2.2.3-gcc/bin/../lib/gcc/sparc-gaisler-elf/10.2.0/../../../../sparc-gaisler-elf/lib/leon3/libc_nano.a(lib_a-memcpy.o)
 .data          0x00000000300006a0        0x0 /home/fsw/rep/tasa/lib/bcc-2.2.3-gcc/bin/../lib/gcc/sparc-gaisler-elf/10.2.0/../../../../sparc-gaisler-elf/lib/leon3/libc_nano.a(lib_a-memset.o)
 .data          0x00000000300006a0        0x0 /home/fsw/rep/tasa/lib/bcc-2.2.3-gcc/bin/../lib/gcc/sparc-gaisler-elf/10.2.0/../../../../sparc-gaisler-elf/lib/leon3/libc_nano.a(lib_a-mprec.o)
 .data          0x00000000300006a0        0x0 /home/fsw/rep/tasa/lib/bcc-2.2.3-gcc/bin/../lib/gcc/sparc-gaisler-elf/10.2.0/../../../../sparc-gaisler-elf/lib/leon3/libc_nano.a(lib_a-nano-callocr.o)
 .data          0x00000000300006a0        0x0 /home/fsw/rep/tasa/lib/bcc-2.2.3-gcc/bin/../lib/gcc/sparc-gaisler-elf/10.2.0/../../../../sparc-gaisler-elf/lib/leon3/libc_nano.a(lib_a-nano-freer.o)
 .data          0x00000000300006a0        0x0 /home/fsw/rep/tasa/lib/bcc-2.2.3-gcc/bin/../lib/gcc/sparc-gaisler-elf/10.2.0/../../../../sparc-gaisler-elf/lib/leon3/libc_nano.a(lib_a-nano-mallocr.o)
 .data          0x00000000300006a0        0x0 /home/fsw/rep/tasa/lib/bcc-2.2.3-gcc/bin/../lib/gcc/sparc-gaisler-elf/10.2.0/../../../../sparc-gaisler-elf/lib/leon3/libc_nano.a(lib_a-nano-vfprintf.o)
 .data          0x00000000300006a0        0x0 /home/fsw/rep/tasa/lib/bcc-2.2.3-gcc/bin/../lib/gcc/sparc-gaisler-elf/10.2.0/../../../../sparc-gaisler-elf/lib/leon3/libc_nano.a(lib_a-putc.o)
 .data          0x00000000300006a0        0x0 /home/fsw/rep/tasa/lib/bcc-2.2.3-gcc/bin/../lib/gcc/sparc-gaisler-elf/10.2.0/../../../../sparc-gaisler-elf/lib/leon3/libc_nano.a(lib_a-sbrkr.o)
 .data          0x00000000300006a0        0x0 /home/fsw/rep/tasa/lib/bcc-2.2.3-gcc/bin/../lib/gcc/sparc-gaisler-elf/10.2.0/../../../../sparc-gaisler-elf/lib/leon3/libc_nano.a(lib_a-stdio.o)
 .data          0x00000000300006a0        0x0 /home/fsw/rep/tasa/lib/bcc-2.2.3-gcc/bin/../lib/gcc/sparc-gaisler-elf/10.2.0/../../../../sparc-gaisler-elf/lib/leon3/libc_nano.a(lib_a-writer.o)
 .data          0x00000000300006a0        0x0 /home/fsw/rep/tasa/lib/bcc-2.2.3-gcc/bin/../lib/gcc/sparc-gaisler-elf/10.2.0/../../../../sparc-gaisler-elf/lib/leon3/libc_nano.a(lib_a-closer.o)
 .data          0x00000000300006a0        0x0 /home/fsw/rep/tasa/lib/bcc-2.2.3-gcc/bin/../lib/gcc/sparc-gaisler-elf/10.2.0/../../../../sparc-gaisler-elf/lib/leon3/libc_nano.a(lib_a-fstatr.o)
 .data          0x00000000300006a0        0x0 /home/fsw/rep/tasa/lib/bcc-2.2.3-gcc/bin/../lib/gcc/sparc-gaisler-elf/10.2.0/../../../../sparc-gaisler-elf/lib/leon3/libc_nano.a(lib_a-fvwrite.o)
 .data          0x00000000300006a0        0x0 /home/fsw/rep/tasa/lib/bcc-2.2.3-gcc/bin/../lib/gcc/sparc-gaisler-elf/10.2.0/../../../../sparc-gaisler-elf/lib/leon3/libc_nano.a(lib_a-isattyr.o)
 .data          0x00000000300006a0      0x16c /home/fsw/rep/tasa/lib/bcc-2.2.3-gcc/bin/../lib/gcc/sparc-gaisler-elf/10.2.0/../../../../sparc-gaisler-elf/lib/leon3/libc_nano.a(lib_a-locale.o)
                0x00000000300006a0                __global_locale
 .data          0x000000003000080c        0x0 /home/fsw/rep/tasa/lib/bcc-2.2.3-gcc/bin/../lib/gcc/sparc-gaisler-elf/10.2.0/../../../../sparc-gaisler-elf/lib/leon3/libc_nano.a(lib_a-lseekr.o)
 .data          0x000000003000080c        0x0 /home/fsw/rep/tasa/lib/bcc-2.2.3-gcc/bin/../lib/gcc/sparc-gaisler-elf/10.2.0/../../../../sparc-gaisler-elf/lib/leon3/libc_nano.a(lib_a-mbtowc_r.o)
 .data          0x000000003000080c        0x0 /home/fsw/rep/tasa/lib/bcc-2.2.3-gcc/bin/../lib/gcc/sparc-gaisler-elf/10.2.0/../../../../sparc-gaisler-elf/lib/leon3/libc_nano.a(lib_a-memmove.o)
 .data          0x000000003000080c        0x0 /home/fsw/rep/tasa/lib/bcc-2.2.3-gcc/bin/../lib/gcc/sparc-gaisler-elf/10.2.0/../../../../sparc-gaisler-elf/lib/leon3/libc_nano.a(lib_a-mlock.o)
 .data          0x000000003000080c        0x0 /home/fsw/rep/tasa/lib/bcc-2.2.3-gcc/bin/../lib/gcc/sparc-gaisler-elf/10.2.0/../../../../sparc-gaisler-elf/lib/leon3/libc_nano.a(lib_a-nano-reallocr.o)
 .data          0x000000003000080c        0x0 /home/fsw/rep/tasa/lib/bcc-2.2.3-gcc/bin/../lib/gcc/sparc-gaisler-elf/10.2.0/../../../../sparc-gaisler-elf/lib/leon3/libc_nano.a(lib_a-readr.o)
 .data          0x000000003000080c        0x0 /home/fsw/rep/tasa/lib/bcc-2.2.3-gcc/bin/../lib/gcc/sparc-gaisler-elf/10.2.0/../../../../sparc-gaisler-elf/lib/leon3/libc_nano.a(lib_a-reent.o)
 .data          0x000000003000080c        0x0 /home/fsw/rep/tasa/lib/bcc-2.2.3-gcc/bin/../lib/gcc/sparc-gaisler-elf/10.2.0/../../../../sparc-gaisler-elf/lib/leon3/libc_nano.a(lib_a-strcmp.o)
 .data          0x000000003000080c        0x0 /home/fsw/rep/tasa/lib/bcc-2.2.3-gcc/bin/../lib/gcc/sparc-gaisler-elf/10.2.0/../../../../sparc-gaisler-elf/lib/leon3/libc_nano.a(lib_a-wctomb_r.o)
 .data          0x000000003000080c        0x0 /home/fsw/rep/tasa/lib/bcc-2.2.3-gcc/bin/../lib/gcc/sparc-gaisler-elf/10.2.0/../../../../sparc-gaisler-elf/lib/leon3/libc_nano.a(lib_a-ctype_.o)
 .data          0x000000003000080c        0x0 /home/fsw/rep/tasa/lib/bcc-2.2.3-gcc/bin/../lib/gcc/sparc-gaisler-elf/10.2.0/../../../../sparc-gaisler-elf/lib/leon3/libc_nano.a(lib_a-nano-msizer.o)
 .data          0x000000003000080c        0x0 /home/fsw/rep/tasa/lib/bcc-2.2.3-gcc/bin/../sparc-gaisler-elf/bsp/gr716/leon3/libbcc.a(_exit.S.o)
 .data          0x000000003000080c        0x0 /home/fsw/rep/tasa/lib/bcc-2.2.3-gcc/bin/../sparc-gaisler-elf/bsp/gr716/leon3/libbcc.a(read.c.o)
 .data          0x000000003000080c        0x0 /home/fsw/rep/tasa/lib/bcc-2.2.3-gcc/bin/../sparc-gaisler-elf/bsp/gr716/leon3/libbcc.a(sbrk.c.o)
 .data          0x000000003000080c        0x0 /home/fsw/rep/tasa/lib/bcc-2.2.3-gcc/bin/../sparc-gaisler-elf/bsp/gr716/leon3/libbcc.a(heap.c.o)
 .data          0x000000003000080c        0x0 /home/fsw/rep/tasa/lib/bcc-2.2.3-gcc/bin/../sparc-gaisler-elf/bsp/gr716/leon3/libbcc.a(write.c.o)
 .data          0x000000003000080c        0x0 /home/fsw/rep/tasa/lib/bcc-2.2.3-gcc/bin/../sparc-gaisler-elf/bsp/gr716/leon3/libbcc.a(stubs.S.o)
 .data          0x000000003000080c        0x0 /home/fsw/rep/tasa/lib/bcc-2.2.3-gcc/bin/../sparc-gaisler-elf/bsp/gr716/leon3/libbcc.a(con_apbuart.c.o)
 .data          0x000000003000080c        0x0 /home/fsw/rep/tasa/lib/bcc-2.2.3-gcc/bin/../lib/gcc/sparc-gaisler-elf/10.2.0/leon3/crtend.o
 .data          0x000000003000080c        0x0 /home/fsw/rep/tasa/lib/bcc-2.2.3-gcc/bin/../lib/gcc/sparc-gaisler-elf/10.2.0/leon3/crtn.o
                0x0000000030000810                . = ALIGN (0x8)
 *fill*         0x000000003000080c        0x4 
                0x0000000030000810                __data_end = .
                0x00000000300005f0                __data_start_lma = LOADADDR (.data)
                0x0000000000000220                __data_size = SIZEOF (.data)

.iplt           0x0000000030000810        0x0
 .iplt          0x0000000030000810        0x0 /home/fsw/rep/tasa/lib/bcc-2.2.3-gcc/bin/../sparc-gaisler-elf/bsp/gr716/leon3/trap_table_mvt.S.o

.tm_clone_table
                0x0000000030000810        0x0
 .tm_clone_table
                0x0000000030000810        0x0 /home/fsw/rep/tasa/lib/bcc-2.2.3-gcc/bin/../lib/gcc/sparc-gaisler-elf/10.2.0/leon3/crtbegin.o
 .tm_clone_table
                0x0000000030000810        0x0 /home/fsw/rep/tasa/lib/bcc-2.2.3-gcc/bin/../lib/gcc/sparc-gaisler-elf/10.2.0/leon3/crtend.o

.bss            0x0000000030000810      0x178
                0x0000000030000810                . = ALIGN (0x8)
                0x0000000030000810                __bss_start = .
 *(.bss .bss.*)
 .bss           0x0000000030000810        0x0 /home/fsw/rep/tasa/lib/bcc-2.2.3-gcc/bin/../sparc-gaisler-elf/bsp/gr716/leon3/trap_table_mvt.S.o
 .bss           0x0000000030000810        0x4 /home/fsw/rep/tasa/lib/bcc-2.2.3-gcc/bin/../sparc-gaisler-elf/bsp/gr716/leon3/crt0.S.o
                0x0000000030000810                __bcc_sp_at_entry
 .bss           0x0000000030000814        0x0 /home/fsw/rep/tasa/lib/bcc-2.2.3-gcc/bin/../lib/gcc/sparc-gaisler-elf/10.2.0/leon3/crti.o
 .bss           0x0000000030000814       0x20 /home/fsw/rep/tasa/lib/bcc-2.2.3-gcc/bin/../lib/gcc/sparc-gaisler-elf/10.2.0/leon3/crtbegin.o
 .bss           0x0000000030000834        0x0 /tmp/cct7UO0M.o
 .bss           0x0000000030000834        0x0 /home/fsw/rep/tasa/lib/bcc-2.2.3-gcc/bin/../sparc-gaisler-elf/bsp/gr716/leon3/libbcc.a(reset_trap_mvt.S.o)
 .bss           0x0000000030000834        0x0 /home/fsw/rep/tasa/lib/bcc-2.2.3-gcc/bin/../sparc-gaisler-elf/bsp/gr716/leon3/libbcc.a(window_trap.S.o)
 .bss           0x0000000030000834        0x0 /home/fsw/rep/tasa/lib/bcc-2.2.3-gcc/bin/../sparc-gaisler-elf/bsp/gr716/leon3/libbcc.a(interrupt_trap.S.o)
 *fill*         0x0000000030000834        0x4 
 .bss           0x0000000030000838       0x14 /home/fsw/rep/tasa/lib/bcc-2.2.3-gcc/bin/../sparc-gaisler-elf/bsp/gr716/leon3/libbcc.a(flush_windows_trap.S.o)
 .bss           0x000000003000084c        0x0 /home/fsw/rep/tasa/lib/bcc-2.2.3-gcc/bin/../sparc-gaisler-elf/bsp/gr716/leon3/libbcc.a(sw_trap_set_pil.S.o)
 .bss           0x000000003000084c       0x80 /home/fsw/rep/tasa/lib/bcc-2.2.3-gcc/bin/../sparc-gaisler-elf/bsp/gr716/leon3/libbcc.a(isr.c.o)
                0x000000003000084c                __bcc_isr_list
 .bss           0x00000000300008cc        0x0 /home/fsw/rep/tasa/lib/bcc-2.2.3-gcc/bin/../sparc-gaisler-elf/bsp/gr716/leon3/libbcc.a(int_nest.c.o)
 .bss           0x00000000300008cc        0x0 /home/fsw/rep/tasa/lib/bcc-2.2.3-gcc/bin/../sparc-gaisler-elf/bsp/gr716/leon3/libbcc.a(init.S.o)
 .bss           0x00000000300008cc        0x0 /home/fsw/rep/tasa/lib/bcc-2.2.3-gcc/bin/../sparc-gaisler-elf/bsp/gr716/leon3/libbcc.a(leon_info.S.o)
 .bss           0x00000000300008cc        0x0 /home/fsw/rep/tasa/lib/bcc-2.2.3-gcc/bin/../sparc-gaisler-elf/bsp/gr716/leon3/libbcc.a(dwzero.S.o)
 .bss           0x00000000300008cc        0x0 /home/fsw/rep/tasa/lib/bcc-2.2.3-gcc/bin/../sparc-gaisler-elf/bsp/gr716/leon3/libbcc.a(copy_data.c.o)
 .bss           0x00000000300008cc        0x8 /home/fsw/rep/tasa/lib/bcc-2.2.3-gcc/bin/../sparc-gaisler-elf/bsp/gr716/leon3/libbcc.a(argv.c.o)
                0x00000000300008d0                __bcc_argc
 .bss           0x00000000300008d4        0x0 /home/fsw/rep/tasa/lib/bcc-2.2.3-gcc/bin/../sparc-gaisler-elf/bsp/gr716/leon3/libbcc.a(int_irqmp_get_source.c.o)
 .bss           0x00000000300008d4        0x0 /home/fsw/rep/tasa/lib/bcc-2.2.3-gcc/bin/../sparc-gaisler-elf/bsp/gr716/leon3/libbcc.a(int_irqmp_mp.c.o)
 .bss           0x00000000300008d4        0x0 /home/fsw/rep/tasa/lib/bcc-2.2.3-gcc/bin/../sparc-gaisler-elf/bsp/gr716/leon3/libbcc.a(int_irqmp_init.c.o)
 .bss           0x00000000300008d4        0x0 /home/fsw/rep/tasa/lib/bcc-2.2.3-gcc/bin/../sparc-gaisler-elf/bsp/gr716/leon3/libbcc.a(bsp_timer_init.c.o)
 .bss           0x00000000300008d4        0x0 /home/fsw/rep/tasa/lib/bcc-2.2.3-gcc/bin/../sparc-gaisler-elf/bsp/gr716/leon3/libbcc.a(bsp_con_init.c.o)
 .bss           0x00000000300008d4        0x0 /home/fsw/rep/tasa/lib/bcc-2.2.3-gcc/bin/../sparc-gaisler-elf/bsp/gr716/leon3/libbcc.a(int_irqmp_handle.c.o)
 .bss           0x00000000300008d4        0x0 /home/fsw/rep/tasa/lib/bcc-2.2.3-gcc/bin/../sparc-gaisler-elf/bsp/gr716/leon3/libbcc.a(con_handle.c.o)
 .bss           0x00000000300008d4        0x0 /home/fsw/rep/tasa/lib/bcc-2.2.3-gcc/bin/../sparc-gaisler-elf/bsp/gr716/leon3/libbcc.a(timer_handle.c.o)
 .bss           0x00000000300008d4        0x0 /home/fsw/rep/tasa/lib/bcc-2.2.3-gcc/bin/../sparc-gaisler-elf/bsp/gr716/leon3/libbcc.a(bsp_sysfreq.c.o)
 .bss           0x00000000300008d4        0x0 /home/fsw/rep/tasa/lib/bcc-2.2.3-gcc/bin/../lib/gcc/sparc-gaisler-elf/10.2.0/../../../../sparc-gaisler-elf/lib/leon3/libc_nano.a(lib_a-atexit.o)
 .bss           0x00000000300008d4        0x0 /home/fsw/rep/tasa/lib/bcc-2.2.3-gcc/bin/../lib/gcc/sparc-gaisler-elf/10.2.0/../../../../sparc-gaisler-elf/lib/leon3/libc_nano.a(lib_a-exit.o)
 .bss           0x00000000300008d4        0x0 /home/fsw/rep/tasa/lib/bcc-2.2.3-gcc/bin/../lib/gcc/sparc-gaisler-elf/10.2.0/../../../../sparc-gaisler-elf/lib/leon3/libc_nano.a(lib_a-impure.o)
 .bss           0x00000000300008d4        0x0 /home/fsw/rep/tasa/lib/bcc-2.2.3-gcc/bin/../lib/gcc/sparc-gaisler-elf/10.2.0/../../../../sparc-gaisler-elf/lib/leon3/libc_nano.a(lib_a-nano-vfprintf_float.o)
 .bss           0x00000000300008d4        0x0 /home/fsw/rep/tasa/lib/bcc-2.2.3-gcc/bin/../lib/gcc/sparc-gaisler-elf/10.2.0/../../../../sparc-gaisler-elf/lib/leon3/libc_nano.a(lib_a-nano-vfprintf_i.o)
 .bss           0x00000000300008d4        0x0 /home/fsw/rep/tasa/lib/bcc-2.2.3-gcc/bin/../lib/gcc/sparc-gaisler-elf/10.2.0/../../../../sparc-gaisler-elf/lib/leon3/libc_nano.a(lib_a-printf.o)
 .bss           0x00000000300008d4        0x0 /home/fsw/rep/tasa/lib/bcc-2.2.3-gcc/bin/../lib/gcc/sparc-gaisler-elf/10.2.0/../../../../sparc-gaisler-elf/lib/leon3/libc_nano.a(lib_a-putchar.o)
 .bss           0x00000000300008d4        0x0 /home/fsw/rep/tasa/lib/bcc-2.2.3-gcc/bin/../lib/gcc/sparc-gaisler-elf/10.2.0/../../../../sparc-gaisler-elf/lib/leon3/libc_nano.a(lib_a-puts.o)
 .bss           0x00000000300008d4        0x0 /home/fsw/rep/tasa/lib/bcc-2.2.3-gcc/bin/../lib/gcc/sparc-gaisler-elf/10.2.0/../../../../sparc-gaisler-elf/lib/leon3/libc_nano.a(lib_a-strlen.o)
 .bss           0x00000000300008d4        0x0 /home/fsw/rep/tasa/lib/bcc-2.2.3-gcc/bin/../lib/gcc/sparc-gaisler-elf/10.2.0/../../../../sparc-gaisler-elf/lib/leon3/libc_nano.a(lib_a-wbuf.o)
 .bss           0x00000000300008d4        0x0 /home/fsw/rep/tasa/lib/bcc-2.2.3-gcc/bin/../lib/gcc/sparc-gaisler-elf/10.2.0/../../../../sparc-gaisler-elf/lib/leon3/libc_nano.a(lib_a-wsetup.o)
 .bss           0x00000000300008d4       0x8c /home/fsw/rep/tasa/lib/bcc-2.2.3-gcc/bin/../lib/gcc/sparc-gaisler-elf/10.2.0/../../../../sparc-gaisler-elf/lib/leon3/libc_nano.a(lib_a-__atexit.o)
 .bss           0x0000000030000960        0x4 /home/fsw/rep/tasa/lib/bcc-2.2.3-gcc/bin/../lib/gcc/sparc-gaisler-elf/10.2.0/../../../../sparc-gaisler-elf/lib/leon3/libc_nano.a(lib_a-__call_atexit.o)
                0x0000000030000960                _global_atexit
 .bss           0x0000000030000964        0x0 /home/fsw/rep/tasa/lib/bcc-2.2.3-gcc/bin/../lib/gcc/sparc-gaisler-elf/10.2.0/../../../../sparc-gaisler-elf/lib/leon3/libc_nano.a(lib_a-dtoa.o)
 .bss           0x0000000030000964        0x0 /home/fsw/rep/tasa/lib/bcc-2.2.3-gcc/bin/../lib/gcc/sparc-gaisler-elf/10.2.0/../../../../sparc-gaisler-elf/lib/leon3/libc_nano.a(lib_a-fflush.o)
 .bss           0x0000000030000964        0x0 /home/fsw/rep/tasa/lib/bcc-2.2.3-gcc/bin/../lib/gcc/sparc-gaisler-elf/10.2.0/../../../../sparc-gaisler-elf/lib/leon3/libc_nano.a(lib_a-findfp.o)
 .bss           0x0000000030000964        0x0 /home/fsw/rep/tasa/lib/bcc-2.2.3-gcc/bin/../lib/gcc/sparc-gaisler-elf/10.2.0/../../../../sparc-gaisler-elf/lib/leon3/libc_nano.a(lib_a-fwalk.o)
 .bss           0x0000000030000964        0x0 /home/fsw/rep/tasa/lib/bcc-2.2.3-gcc/bin/../lib/gcc/sparc-gaisler-elf/10.2.0/../../../../sparc-gaisler-elf/lib/leon3/libc_nano.a(lib_a-localeconv.o)
 .bss           0x0000000030000964        0x0 /home/fsw/rep/tasa/lib/bcc-2.2.3-gcc/bin/../lib/gcc/sparc-gaisler-elf/10.2.0/../../../../sparc-gaisler-elf/lib/leon3/libc_nano.a(lib_a-makebuf.o)
 .bss           0x0000000030000964        0x0 /home/fsw/rep/tasa/lib/bcc-2.2.3-gcc/bin/../lib/gcc/sparc-gaisler-elf/10.2.0/../../../../sparc-gaisler-elf/lib/leon3/libc_nano.a(lib_a-malloc.o)
 .bss           0x0000000030000964        0x0 /home/fsw/rep/tasa/lib/bcc-2.2.3-gcc/bin/../lib/gcc/sparc-gaisler-elf/10.2.0/../../../../sparc-gaisler-elf/lib/leon3/libc_nano.a(lib_a-memchr.o)
 .bss           0x0000000030000964        0x0 /home/fsw/rep/tasa/lib/bcc-2.2.3-gcc/bin/../lib/gcc/sparc-gaisler-elf/10.2.0/../../../../sparc-gaisler-elf/lib/leon3/libc_nano.a(lib_a-memcpy.o)
 .bss           0x0000000030000964        0x0 /home/fsw/rep/tasa/lib/bcc-2.2.3-gcc/bin/../lib/gcc/sparc-gaisler-elf/10.2.0/../../../../sparc-gaisler-elf/lib/leon3/libc_nano.a(lib_a-memset.o)
 .bss           0x0000000030000964        0x0 /home/fsw/rep/tasa/lib/bcc-2.2.3-gcc/bin/../lib/gcc/sparc-gaisler-elf/10.2.0/../../../../sparc-gaisler-elf/lib/leon3/libc_nano.a(lib_a-mprec.o)
 .bss           0x0000000030000964        0x0 /home/fsw/rep/tasa/lib/bcc-2.2.3-gcc/bin/../lib/gcc/sparc-gaisler-elf/10.2.0/../../../../sparc-gaisler-elf/lib/leon3/libc_nano.a(lib_a-nano-callocr.o)
 .bss           0x0000000030000964        0x0 /home/fsw/rep/tasa/lib/bcc-2.2.3-gcc/bin/../lib/gcc/sparc-gaisler-elf/10.2.0/../../../../sparc-gaisler-elf/lib/leon3/libc_nano.a(lib_a-nano-freer.o)
 .bss           0x0000000030000964        0x8 /home/fsw/rep/tasa/lib/bcc-2.2.3-gcc/bin/../lib/gcc/sparc-gaisler-elf/10.2.0/../../../../sparc-gaisler-elf/lib/leon3/libc_nano.a(lib_a-nano-mallocr.o)
                0x0000000030000964                __malloc_sbrk_start
                0x0000000030000968                __malloc_free_list
 .bss           0x000000003000096c        0x0 /home/fsw/rep/tasa/lib/bcc-2.2.3-gcc/bin/../lib/gcc/sparc-gaisler-elf/10.2.0/../../../../sparc-gaisler-elf/lib/leon3/libc_nano.a(lib_a-nano-vfprintf.o)
 .bss           0x000000003000096c        0x0 /home/fsw/rep/tasa/lib/bcc-2.2.3-gcc/bin/../lib/gcc/sparc-gaisler-elf/10.2.0/../../../../sparc-gaisler-elf/lib/leon3/libc_nano.a(lib_a-putc.o)
 .bss           0x000000003000096c        0x0 /home/fsw/rep/tasa/lib/bcc-2.2.3-gcc/bin/../lib/gcc/sparc-gaisler-elf/10.2.0/../../../../sparc-gaisler-elf/lib/leon3/libc_nano.a(lib_a-sbrkr.o)
 .bss           0x000000003000096c        0x0 /home/fsw/rep/tasa/lib/bcc-2.2.3-gcc/bin/../lib/gcc/sparc-gaisler-elf/10.2.0/../../../../sparc-gaisler-elf/lib/leon3/libc_nano.a(lib_a-stdio.o)
 .bss           0x000000003000096c        0x0 /home/fsw/rep/tasa/lib/bcc-2.2.3-gcc/bin/../lib/gcc/sparc-gaisler-elf/10.2.0/../../../../sparc-gaisler-elf/lib/leon3/libc_nano.a(lib_a-writer.o)
 .bss           0x000000003000096c        0x0 /home/fsw/rep/tasa/lib/bcc-2.2.3-gcc/bin/../lib/gcc/sparc-gaisler-elf/10.2.0/../../../../sparc-gaisler-elf/lib/leon3/libc_nano.a(lib_a-closer.o)
 .bss           0x000000003000096c        0x0 /home/fsw/rep/tasa/lib/bcc-2.2.3-gcc/bin/../lib/gcc/sparc-gaisler-elf/10.2.0/../../../../sparc-gaisler-elf/lib/leon3/libc_nano.a(lib_a-fstatr.o)
 .bss           0x000000003000096c        0x0 /home/fsw/rep/tasa/lib/bcc-2.2.3-gcc/bin/../lib/gcc/sparc-gaisler-elf/10.2.0/../../../../sparc-gaisler-elf/lib/leon3/libc_nano.a(lib_a-fvwrite.o)
 .bss           0x000000003000096c        0x0 /home/fsw/rep/tasa/lib/bcc-2.2.3-gcc/bin/../lib/gcc/sparc-gaisler-elf/10.2.0/../../../../sparc-gaisler-elf/lib/leon3/libc_nano.a(lib_a-isattyr.o)
 .bss           0x000000003000096c        0x4 /home/fsw/rep/tasa/lib/bcc-2.2.3-gcc/bin/../lib/gcc/sparc-gaisler-elf/10.2.0/../../../../sparc-gaisler-elf/lib/leon3/libc_nano.a(lib_a-locale.o)
                0x000000003000096c                _PathLocale
 .bss           0x0000000030000970        0x0 /home/fsw/rep/tasa/lib/bcc-2.2.3-gcc/bin/../lib/gcc/sparc-gaisler-elf/10.2.0/../../../../sparc-gaisler-elf/lib/leon3/libc_nano.a(lib_a-lseekr.o)
 .bss           0x0000000030000970        0x0 /home/fsw/rep/tasa/lib/bcc-2.2.3-gcc/bin/../lib/gcc/sparc-gaisler-elf/10.2.0/../../../../sparc-gaisler-elf/lib/leon3/libc_nano.a(lib_a-mbtowc_r.o)
 .bss           0x0000000030000970        0x0 /home/fsw/rep/tasa/lib/bcc-2.2.3-gcc/bin/../lib/gcc/sparc-gaisler-elf/10.2.0/../../../../sparc-gaisler-elf/lib/leon3/libc_nano.a(lib_a-memmove.o)
 .bss           0x0000000030000970        0x0 /home/fsw/rep/tasa/lib/bcc-2.2.3-gcc/bin/../lib/gcc/sparc-gaisler-elf/10.2.0/../../../../sparc-gaisler-elf/lib/leon3/libc_nano.a(lib_a-mlock.o)
 .bss           0x0000000030000970        0x0 /home/fsw/rep/tasa/lib/bcc-2.2.3-gcc/bin/../lib/gcc/sparc-gaisler-elf/10.2.0/../../../../sparc-gaisler-elf/lib/leon3/libc_nano.a(lib_a-nano-reallocr.o)
 .bss           0x0000000030000970        0x0 /home/fsw/rep/tasa/lib/bcc-2.2.3-gcc/bin/../lib/gcc/sparc-gaisler-elf/10.2.0/../../../../sparc-gaisler-elf/lib/leon3/libc_nano.a(lib_a-readr.o)
 .bss           0x0000000030000970        0x4 /home/fsw/rep/tasa/lib/bcc-2.2.3-gcc/bin/../lib/gcc/sparc-gaisler-elf/10.2.0/../../../../sparc-gaisler-elf/lib/leon3/libc_nano.a(lib_a-reent.o)
                0x0000000030000970                errno
 .bss           0x0000000030000974        0x0 /home/fsw/rep/tasa/lib/bcc-2.2.3-gcc/bin/../lib/gcc/sparc-gaisler-elf/10.2.0/../../../../sparc-gaisler-elf/lib/leon3/libc_nano.a(lib_a-strcmp.o)
 .bss           0x0000000030000974        0x0 /home/fsw/rep/tasa/lib/bcc-2.2.3-gcc/bin/../lib/gcc/sparc-gaisler-elf/10.2.0/../../../../sparc-gaisler-elf/lib/leon3/libc_nano.a(lib_a-wctomb_r.o)
 .bss           0x0000000030000974        0x0 /home/fsw/rep/tasa/lib/bcc-2.2.3-gcc/bin/../lib/gcc/sparc-gaisler-elf/10.2.0/../../../../sparc-gaisler-elf/lib/leon3/libc_nano.a(lib_a-ctype_.o)
 .bss           0x0000000030000974        0x0 /home/fsw/rep/tasa/lib/bcc-2.2.3-gcc/bin/../lib/gcc/sparc-gaisler-elf/10.2.0/../../../../sparc-gaisler-elf/lib/leon3/libc_nano.a(lib_a-nano-msizer.o)
 .bss           0x0000000030000974        0x0 /home/fsw/rep/tasa/lib/bcc-2.2.3-gcc/bin/../sparc-gaisler-elf/bsp/gr716/leon3/libbcc.a(_exit.S.o)
 .bss           0x0000000030000974        0x0 /home/fsw/rep/tasa/lib/bcc-2.2.3-gcc/bin/../sparc-gaisler-elf/bsp/gr716/leon3/libbcc.a(read.c.o)
 .bss           0x0000000030000974        0x4 /home/fsw/rep/tasa/lib/bcc-2.2.3-gcc/bin/../sparc-gaisler-elf/bsp/gr716/leon3/libbcc.a(sbrk.c.o)
 .bss           0x0000000030000978        0x8 /home/fsw/rep/tasa/lib/bcc-2.2.3-gcc/bin/../sparc-gaisler-elf/bsp/gr716/leon3/libbcc.a(heap.c.o)
                0x0000000030000978                __bcc_heap_max
                0x000000003000097c                __bcc_heap_min
 .bss           0x0000000030000980        0x0 /home/fsw/rep/tasa/lib/bcc-2.2.3-gcc/bin/../sparc-gaisler-elf/bsp/gr716/leon3/libbcc.a(write.c.o)
 .bss           0x0000000030000980        0x0 /home/fsw/rep/tasa/lib/bcc-2.2.3-gcc/bin/../sparc-gaisler-elf/bsp/gr716/leon3/libbcc.a(stubs.S.o)
 .bss           0x0000000030000980        0x4 /home/fsw/rep/tasa/lib/bcc-2.2.3-gcc/bin/../sparc-gaisler-elf/bsp/gr716/leon3/libbcc.a(con_apbuart.c.o)
 .bss           0x0000000030000984        0x0 /home/fsw/rep/tasa/lib/bcc-2.2.3-gcc/bin/../lib/gcc/sparc-gaisler-elf/10.2.0/leon3/crtend.o
 .bss           0x0000000030000984        0x0 /home/fsw/rep/tasa/lib/bcc-2.2.3-gcc/bin/../lib/gcc/sparc-gaisler-elf/10.2.0/leon3/crtn.o
 *(COMMON)
                0x0000000030000988                . = ALIGN (0x8)
 *fill*         0x0000000030000984        0x4 
                0x0000000030000988                __bss_end = .
                0x0000000030000988                __heap_min = .
                0x0000000030000988                . = ALIGN (0x8)

.jcr
 *(.jcr)

.stab
 *(.stab)

.stabstr
 *(.stabstr)

.debug
 *(.debug)

.line
 *(.line)

.debug_srcinfo
 *(.debug_srcinfo)

.debug_sfnames
 *(.debug_sfnames)

.debug_aranges  0x0000000000000000      0x990
 *(.debug_aranges)
 .debug_aranges
                0x0000000000000000       0x20 /home/fsw/rep/tasa/lib/bcc-2.2.3-gcc/bin/../sparc-gaisler-elf/bsp/gr716/leon3/trap_table_mvt.S.o
 .debug_aranges
                0x0000000000000020       0x20 /home/fsw/rep/tasa/lib/bcc-2.2.3-gcc/bin/../sparc-gaisler-elf/bsp/gr716/leon3/crt0.S.o
 .debug_aranges
                0x0000000000000040       0x20 /tmp/cct7UO0M.o
 .debug_aranges
                0x0000000000000060       0x20 /home/fsw/rep/tasa/lib/bcc-2.2.3-gcc/bin/../sparc-gaisler-elf/bsp/gr716/leon3/libbcc.a(reset_trap_mvt.S.o)
 .debug_aranges
                0x0000000000000080       0x20 /home/fsw/rep/tasa/lib/bcc-2.2.3-gcc/bin/../sparc-gaisler-elf/bsp/gr716/leon3/libbcc.a(window_trap.S.o)
 .debug_aranges
                0x00000000000000a0       0x20 /home/fsw/rep/tasa/lib/bcc-2.2.3-gcc/bin/../sparc-gaisler-elf/bsp/gr716/leon3/libbcc.a(interrupt_trap.S.o)
 .debug_aranges
                0x00000000000000c0       0x20 /home/fsw/rep/tasa/lib/bcc-2.2.3-gcc/bin/../sparc-gaisler-elf/bsp/gr716/leon3/libbcc.a(flush_windows_trap.S.o)
 .debug_aranges
                0x00000000000000e0       0x20 /home/fsw/rep/tasa/lib/bcc-2.2.3-gcc/bin/../sparc-gaisler-elf/bsp/gr716/leon3/libbcc.a(sw_trap_set_pil.S.o)
 .debug_aranges
                0x0000000000000100       0x18 /home/fsw/rep/tasa/lib/bcc-2.2.3-gcc/bin/../sparc-gaisler-elf/bsp/gr716/leon3/libbcc.a(isr.c.o)
 .debug_aranges
                0x0000000000000118       0x18 /home/fsw/rep/tasa/lib/bcc-2.2.3-gcc/bin/../sparc-gaisler-elf/bsp/gr716/leon3/libbcc.a(int_nest.c.o)
 .debug_aranges
                0x0000000000000130       0x20 /home/fsw/rep/tasa/lib/bcc-2.2.3-gcc/bin/../sparc-gaisler-elf/bsp/gr716/leon3/libbcc.a(init.S.o)
 .debug_aranges
                0x0000000000000150       0x20 /home/fsw/rep/tasa/lib/bcc-2.2.3-gcc/bin/../sparc-gaisler-elf/bsp/gr716/leon3/libbcc.a(leon_info.S.o)
 .debug_aranges
                0x0000000000000170       0x20 /home/fsw/rep/tasa/lib/bcc-2.2.3-gcc/bin/../sparc-gaisler-elf/bsp/gr716/leon3/libbcc.a(dwzero.S.o)
 .debug_aranges
                0x0000000000000190       0x20 /home/fsw/rep/tasa/lib/bcc-2.2.3-gcc/bin/../sparc-gaisler-elf/bsp/gr716/leon3/libbcc.a(copy_data.c.o)
 .debug_aranges
                0x00000000000001b0       0x18 /home/fsw/rep/tasa/lib/bcc-2.2.3-gcc/bin/../sparc-gaisler-elf/bsp/gr716/leon3/libbcc.a(argv.c.o)
 .debug_aranges
                0x00000000000001c8       0x20 /home/fsw/rep/tasa/lib/bcc-2.2.3-gcc/bin/../sparc-gaisler-elf/bsp/gr716/leon3/libbcc.a(int_irqmp_get_source.c.o)
 .debug_aranges
                0x00000000000001e8       0x20 /home/fsw/rep/tasa/lib/bcc-2.2.3-gcc/bin/../sparc-gaisler-elf/bsp/gr716/leon3/libbcc.a(int_irqmp_mp.c.o)
 .debug_aranges
                0x0000000000000208       0x20 /home/fsw/rep/tasa/lib/bcc-2.2.3-gcc/bin/../sparc-gaisler-elf/bsp/gr716/leon3/libbcc.a(int_irqmp_init.c.o)
 .debug_aranges
                0x0000000000000228       0x20 /home/fsw/rep/tasa/lib/bcc-2.2.3-gcc/bin/../sparc-gaisler-elf/bsp/gr716/leon3/libbcc.a(bsp_timer_init.c.o)
 .debug_aranges
                0x0000000000000248       0x20 /home/fsw/rep/tasa/lib/bcc-2.2.3-gcc/bin/../sparc-gaisler-elf/bsp/gr716/leon3/libbcc.a(bsp_con_init.c.o)
 .debug_aranges
                0x0000000000000268       0x18 /home/fsw/rep/tasa/lib/bcc-2.2.3-gcc/bin/../sparc-gaisler-elf/bsp/gr716/leon3/libbcc.a(int_irqmp_handle.c.o)
 .debug_aranges
                0x0000000000000280       0x18 /home/fsw/rep/tasa/lib/bcc-2.2.3-gcc/bin/../sparc-gaisler-elf/bsp/gr716/leon3/libbcc.a(con_handle.c.o)
 .debug_aranges
                0x0000000000000298       0x18 /home/fsw/rep/tasa/lib/bcc-2.2.3-gcc/bin/../sparc-gaisler-elf/bsp/gr716/leon3/libbcc.a(timer_handle.c.o)
 .debug_aranges
                0x00000000000002b0       0x18 /home/fsw/rep/tasa/lib/bcc-2.2.3-gcc/bin/../sparc-gaisler-elf/bsp/gr716/leon3/libbcc.a(bsp_sysfreq.c.o)
 .debug_aranges
                0x00000000000002c8       0x20 /home/fsw/rep/tasa/lib/bcc-2.2.3-gcc/bin/../lib/gcc/sparc-gaisler-elf/10.2.0/../../../../sparc-gaisler-elf/lib/leon3/libc_nano.a(lib_a-atexit.o)
 .debug_aranges
                0x00000000000002e8       0x20 /home/fsw/rep/tasa/lib/bcc-2.2.3-gcc/bin/../lib/gcc/sparc-gaisler-elf/10.2.0/../../../../sparc-gaisler-elf/lib/leon3/libc_nano.a(lib_a-exit.o)
 .debug_aranges
                0x0000000000000308       0x18 /home/fsw/rep/tasa/lib/bcc-2.2.3-gcc/bin/../lib/gcc/sparc-gaisler-elf/10.2.0/../../../../sparc-gaisler-elf/lib/leon3/libc_nano.a(lib_a-impure.o)
 .debug_aranges
                0x0000000000000320       0x20 /home/fsw/rep/tasa/lib/bcc-2.2.3-gcc/bin/../lib/gcc/sparc-gaisler-elf/10.2.0/../../../../sparc-gaisler-elf/lib/leon3/libc_nano.a(lib_a-nano-vfprintf_float.o)
 .debug_aranges
                0x0000000000000340       0x20 /home/fsw/rep/tasa/lib/bcc-2.2.3-gcc/bin/../lib/gcc/sparc-gaisler-elf/10.2.0/../../../../sparc-gaisler-elf/lib/leon3/libc_nano.a(lib_a-nano-vfprintf_i.o)
 .debug_aranges
                0x0000000000000360       0x20 /home/fsw/rep/tasa/lib/bcc-2.2.3-gcc/bin/../lib/gcc/sparc-gaisler-elf/10.2.0/../../../../sparc-gaisler-elf/lib/leon3/libc_nano.a(lib_a-printf.o)
 .debug_aranges
                0x0000000000000380       0x20 /home/fsw/rep/tasa/lib/bcc-2.2.3-gcc/bin/../lib/gcc/sparc-gaisler-elf/10.2.0/../../../../sparc-gaisler-elf/lib/leon3/libc_nano.a(lib_a-putchar.o)
 .debug_aranges
                0x00000000000003a0       0x20 /home/fsw/rep/tasa/lib/bcc-2.2.3-gcc/bin/../lib/gcc/sparc-gaisler-elf/10.2.0/../../../../sparc-gaisler-elf/lib/leon3/libc_nano.a(lib_a-puts.o)
 .debug_aranges
                0x00000000000003c0       0x20 /home/fsw/rep/tasa/lib/bcc-2.2.3-gcc/bin/../lib/gcc/sparc-gaisler-elf/10.2.0/../../../../sparc-gaisler-elf/lib/leon3/libc_nano.a(lib_a-strlen.o)
 .debug_aranges
                0x00000000000003e0       0x20 /home/fsw/rep/tasa/lib/bcc-2.2.3-gcc/bin/../lib/gcc/sparc-gaisler-elf/10.2.0/../../../../sparc-gaisler-elf/lib/leon3/libc_nano.a(lib_a-wbuf.o)
 .debug_aranges
                0x0000000000000400       0x20 /home/fsw/rep/tasa/lib/bcc-2.2.3-gcc/bin/../lib/gcc/sparc-gaisler-elf/10.2.0/../../../../sparc-gaisler-elf/lib/leon3/libc_nano.a(lib_a-wsetup.o)
 .debug_aranges
                0x0000000000000420       0x20 /home/fsw/rep/tasa/lib/bcc-2.2.3-gcc/bin/../lib/gcc/sparc-gaisler-elf/10.2.0/../../../../sparc-gaisler-elf/lib/leon3/libc_nano.a(lib_a-__atexit.o)
 .debug_aranges
                0x0000000000000440       0x20 /home/fsw/rep/tasa/lib/bcc-2.2.3-gcc/bin/../lib/gcc/sparc-gaisler-elf/10.2.0/../../../../sparc-gaisler-elf/lib/leon3/libc_nano.a(lib_a-__call_atexit.o)
 .debug_aranges
                0x0000000000000460       0x20 /home/fsw/rep/tasa/lib/bcc-2.2.3-gcc/bin/../lib/gcc/sparc-gaisler-elf/10.2.0/../../../../sparc-gaisler-elf/lib/leon3/libc_nano.a(lib_a-dtoa.o)
 .debug_aranges
                0x0000000000000480       0x20 /home/fsw/rep/tasa/lib/bcc-2.2.3-gcc/bin/../lib/gcc/sparc-gaisler-elf/10.2.0/../../../../sparc-gaisler-elf/lib/leon3/libc_nano.a(lib_a-fflush.o)
 .debug_aranges
                0x00000000000004a0       0x20 /home/fsw/rep/tasa/lib/bcc-2.2.3-gcc/bin/../lib/gcc/sparc-gaisler-elf/10.2.0/../../../../sparc-gaisler-elf/lib/leon3/libc_nano.a(lib_a-findfp.o)
 .debug_aranges
                0x00000000000004c0       0x20 /home/fsw/rep/tasa/lib/bcc-2.2.3-gcc/bin/../lib/gcc/sparc-gaisler-elf/10.2.0/../../../../sparc-gaisler-elf/lib/leon3/libc_nano.a(lib_a-fwalk.o)
 .debug_aranges
                0x00000000000004e0       0x20 /home/fsw/rep/tasa/lib/bcc-2.2.3-gcc/bin/../lib/gcc/sparc-gaisler-elf/10.2.0/../../../../sparc-gaisler-elf/lib/leon3/libc_nano.a(lib_a-localeconv.o)
 .debug_aranges
                0x0000000000000500       0x20 /home/fsw/rep/tasa/lib/bcc-2.2.3-gcc/bin/../lib/gcc/sparc-gaisler-elf/10.2.0/../../../../sparc-gaisler-elf/lib/leon3/libc_nano.a(lib_a-makebuf.o)
 .debug_aranges
                0x0000000000000520       0x20 /home/fsw/rep/tasa/lib/bcc-2.2.3-gcc/bin/../lib/gcc/sparc-gaisler-elf/10.2.0/../../../../sparc-gaisler-elf/lib/leon3/libc_nano.a(lib_a-malloc.o)
 .debug_aranges
                0x0000000000000540       0x20 /home/fsw/rep/tasa/lib/bcc-2.2.3-gcc/bin/../lib/gcc/sparc-gaisler-elf/10.2.0/../../../../sparc-gaisler-elf/lib/leon3/libc_nano.a(lib_a-memchr.o)
 .debug_aranges
                0x0000000000000560       0x20 /home/fsw/rep/tasa/lib/bcc-2.2.3-gcc/bin/../lib/gcc/sparc-gaisler-elf/10.2.0/../../../../sparc-gaisler-elf/lib/leon3/libc_nano.a(lib_a-memcpy.o)
 .debug_aranges
                0x0000000000000580       0x20 /home/fsw/rep/tasa/lib/bcc-2.2.3-gcc/bin/../lib/gcc/sparc-gaisler-elf/10.2.0/../../../../sparc-gaisler-elf/lib/leon3/libc_nano.a(lib_a-memset.o)
 .debug_aranges
                0x00000000000005a0       0x20 /home/fsw/rep/tasa/lib/bcc-2.2.3-gcc/bin/../lib/gcc/sparc-gaisler-elf/10.2.0/../../../../sparc-gaisler-elf/lib/leon3/libc_nano.a(lib_a-mprec.o)
 .debug_aranges
                0x00000000000005c0       0x20 /home/fsw/rep/tasa/lib/bcc-2.2.3-gcc/bin/../lib/gcc/sparc-gaisler-elf/10.2.0/../../../../sparc-gaisler-elf/lib/leon3/libc_nano.a(lib_a-nano-callocr.o)
 .debug_aranges
                0x00000000000005e0       0x20 /home/fsw/rep/tasa/lib/bcc-2.2.3-gcc/bin/../lib/gcc/sparc-gaisler-elf/10.2.0/../../../../sparc-gaisler-elf/lib/leon3/libc_nano.a(lib_a-nano-freer.o)
 .debug_aranges
                0x0000000000000600       0x20 /home/fsw/rep/tasa/lib/bcc-2.2.3-gcc/bin/../lib/gcc/sparc-gaisler-elf/10.2.0/../../../../sparc-gaisler-elf/lib/leon3/libc_nano.a(lib_a-nano-mallocr.o)
 .debug_aranges
                0x0000000000000620       0x20 /home/fsw/rep/tasa/lib/bcc-2.2.3-gcc/bin/../lib/gcc/sparc-gaisler-elf/10.2.0/../../../../sparc-gaisler-elf/lib/leon3/libc_nano.a(lib_a-nano-vfprintf.o)
 .debug_aranges
                0x0000000000000640       0x20 /home/fsw/rep/tasa/lib/bcc-2.2.3-gcc/bin/../lib/gcc/sparc-gaisler-elf/10.2.0/../../../../sparc-gaisler-elf/lib/leon3/libc_nano.a(lib_a-putc.o)
 .debug_aranges
                0x0000000000000660       0x20 /home/fsw/rep/tasa/lib/bcc-2.2.3-gcc/bin/../lib/gcc/sparc-gaisler-elf/10.2.0/../../../../sparc-gaisler-elf/lib/leon3/libc_nano.a(lib_a-sbrkr.o)
 .debug_aranges
                0x0000000000000680       0x20 /home/fsw/rep/tasa/lib/bcc-2.2.3-gcc/bin/../lib/gcc/sparc-gaisler-elf/10.2.0/../../../../sparc-gaisler-elf/lib/leon3/libc_nano.a(lib_a-stdio.o)
 .debug_aranges
                0x00000000000006a0       0x20 /home/fsw/rep/tasa/lib/bcc-2.2.3-gcc/bin/../lib/gcc/sparc-gaisler-elf/10.2.0/../../../../sparc-gaisler-elf/lib/leon3/libc_nano.a(lib_a-writer.o)
 .debug_aranges
                0x00000000000006c0       0x20 /home/fsw/rep/tasa/lib/bcc-2.2.3-gcc/bin/../lib/gcc/sparc-gaisler-elf/10.2.0/../../../../sparc-gaisler-elf/lib/leon3/libc_nano.a(lib_a-closer.o)
 .debug_aranges
                0x00000000000006e0       0x20 /home/fsw/rep/tasa/lib/bcc-2.2.3-gcc/bin/../lib/gcc/sparc-gaisler-elf/10.2.0/../../../../sparc-gaisler-elf/lib/leon3/libc_nano.a(lib_a-fstatr.o)
 .debug_aranges
                0x0000000000000700       0x20 /home/fsw/rep/tasa/lib/bcc-2.2.3-gcc/bin/../lib/gcc/sparc-gaisler-elf/10.2.0/../../../../sparc-gaisler-elf/lib/leon3/libc_nano.a(lib_a-fvwrite.o)
 .debug_aranges
                0x0000000000000720       0x20 /home/fsw/rep/tasa/lib/bcc-2.2.3-gcc/bin/../lib/gcc/sparc-gaisler-elf/10.2.0/../../../../sparc-gaisler-elf/lib/leon3/libc_nano.a(lib_a-isattyr.o)
 .debug_aranges
                0x0000000000000740       0x20 /home/fsw/rep/tasa/lib/bcc-2.2.3-gcc/bin/../lib/gcc/sparc-gaisler-elf/10.2.0/../../../../sparc-gaisler-elf/lib/leon3/libc_nano.a(lib_a-locale.o)
 .debug_aranges
                0x0000000000000760       0x20 /home/fsw/rep/tasa/lib/bcc-2.2.3-gcc/bin/../lib/gcc/sparc-gaisler-elf/10.2.0/../../../../sparc-gaisler-elf/lib/leon3/libc_nano.a(lib_a-lseekr.o)
 .debug_aranges
                0x0000000000000780       0x20 /home/fsw/rep/tasa/lib/bcc-2.2.3-gcc/bin/../lib/gcc/sparc-gaisler-elf/10.2.0/../../../../sparc-gaisler-elf/lib/leon3/libc_nano.a(lib_a-mbtowc_r.o)
 .debug_aranges
                0x00000000000007a0       0x20 /home/fsw/rep/tasa/lib/bcc-2.2.3-gcc/bin/../lib/gcc/sparc-gaisler-elf/10.2.0/../../../../sparc-gaisler-elf/lib/leon3/libc_nano.a(lib_a-memmove.o)
 .debug_aranges
                0x00000000000007c0       0x20 /home/fsw/rep/tasa/lib/bcc-2.2.3-gcc/bin/../lib/gcc/sparc-gaisler-elf/10.2.0/../../../../sparc-gaisler-elf/lib/leon3/libc_nano.a(lib_a-mlock.o)
 .debug_aranges
                0x00000000000007e0       0x20 /home/fsw/rep/tasa/lib/bcc-2.2.3-gcc/bin/../lib/gcc/sparc-gaisler-elf/10.2.0/../../../../sparc-gaisler-elf/lib/leon3/libc_nano.a(lib_a-nano-reallocr.o)
 .debug_aranges
                0x0000000000000800       0x20 /home/fsw/rep/tasa/lib/bcc-2.2.3-gcc/bin/../lib/gcc/sparc-gaisler-elf/10.2.0/../../../../sparc-gaisler-elf/lib/leon3/libc_nano.a(lib_a-readr.o)
 .debug_aranges
                0x0000000000000820       0x20 /home/fsw/rep/tasa/lib/bcc-2.2.3-gcc/bin/../lib/gcc/sparc-gaisler-elf/10.2.0/../../../../sparc-gaisler-elf/lib/leon3/libc_nano.a(lib_a-reent.o)
 .debug_aranges
                0x0000000000000840       0x20 /home/fsw/rep/tasa/lib/bcc-2.2.3-gcc/bin/../lib/gcc/sparc-gaisler-elf/10.2.0/../../../../sparc-gaisler-elf/lib/leon3/libc_nano.a(lib_a-strcmp.o)
 .debug_aranges
                0x0000000000000860       0x20 /home/fsw/rep/tasa/lib/bcc-2.2.3-gcc/bin/../lib/gcc/sparc-gaisler-elf/10.2.0/../../../../sparc-gaisler-elf/lib/leon3/libc_nano.a(lib_a-wctomb_r.o)
 .debug_aranges
                0x0000000000000880       0x18 /home/fsw/rep/tasa/lib/bcc-2.2.3-gcc/bin/../lib/gcc/sparc-gaisler-elf/10.2.0/../../../../sparc-gaisler-elf/lib/leon3/libc_nano.a(lib_a-ctype_.o)
 .debug_aranges
                0x0000000000000898       0x20 /home/fsw/rep/tasa/lib/bcc-2.2.3-gcc/bin/../lib/gcc/sparc-gaisler-elf/10.2.0/../../../../sparc-gaisler-elf/lib/leon3/libc_nano.a(lib_a-nano-msizer.o)
 .debug_aranges
                0x00000000000008b8       0x20 /home/fsw/rep/tasa/lib/bcc-2.2.3-gcc/bin/../sparc-gaisler-elf/bsp/gr716/leon3/libbcc.a(_exit.S.o)
 .debug_aranges
                0x00000000000008d8       0x20 /home/fsw/rep/tasa/lib/bcc-2.2.3-gcc/bin/../sparc-gaisler-elf/bsp/gr716/leon3/libbcc.a(read.c.o)
 .debug_aranges
                0x00000000000008f8       0x20 /home/fsw/rep/tasa/lib/bcc-2.2.3-gcc/bin/../sparc-gaisler-elf/bsp/gr716/leon3/libbcc.a(sbrk.c.o)
 .debug_aranges
                0x0000000000000918       0x18 /home/fsw/rep/tasa/lib/bcc-2.2.3-gcc/bin/../sparc-gaisler-elf/bsp/gr716/leon3/libbcc.a(heap.c.o)
 .debug_aranges
                0x0000000000000930       0x20 /home/fsw/rep/tasa/lib/bcc-2.2.3-gcc/bin/../sparc-gaisler-elf/bsp/gr716/leon3/libbcc.a(write.c.o)
 .debug_aranges
                0x0000000000000950       0x20 /home/fsw/rep/tasa/lib/bcc-2.2.3-gcc/bin/../sparc-gaisler-elf/bsp/gr716/leon3/libbcc.a(stubs.S.o)
 .debug_aranges
                0x0000000000000970       0x20 /home/fsw/rep/tasa/lib/bcc-2.2.3-gcc/bin/../sparc-gaisler-elf/bsp/gr716/leon3/libbcc.a(con_apbuart.c.o)

.debug_pubnames
 *(.debug_pubnames)

.debug_info     0x0000000000000000    0x1c473
 *(.debug_info)
 .debug_info    0x0000000000000000       0x26 /home/fsw/rep/tasa/lib/bcc-2.2.3-gcc/bin/../sparc-gaisler-elf/bsp/gr716/leon3/trap_table_mvt.S.o
 .debug_info    0x0000000000000026       0x26 /home/fsw/rep/tasa/lib/bcc-2.2.3-gcc/bin/../sparc-gaisler-elf/bsp/gr716/leon3/crt0.S.o
 .debug_info    0x000000000000004c      0x368 /tmp/cct7UO0M.o
 .debug_info    0x00000000000003b4       0x26 /home/fsw/rep/tasa/lib/bcc-2.2.3-gcc/bin/../sparc-gaisler-elf/bsp/gr716/leon3/libbcc.a(reset_trap_mvt.S.o)
 .debug_info    0x00000000000003da       0x26 /home/fsw/rep/tasa/lib/bcc-2.2.3-gcc/bin/../sparc-gaisler-elf/bsp/gr716/leon3/libbcc.a(window_trap.S.o)
 .debug_info    0x0000000000000400       0x26 /home/fsw/rep/tasa/lib/bcc-2.2.3-gcc/bin/../sparc-gaisler-elf/bsp/gr716/leon3/libbcc.a(interrupt_trap.S.o)
 .debug_info    0x0000000000000426       0x26 /home/fsw/rep/tasa/lib/bcc-2.2.3-gcc/bin/../sparc-gaisler-elf/bsp/gr716/leon3/libbcc.a(flush_windows_trap.S.o)
 .debug_info    0x000000000000044c       0x26 /home/fsw/rep/tasa/lib/bcc-2.2.3-gcc/bin/../sparc-gaisler-elf/bsp/gr716/leon3/libbcc.a(sw_trap_set_pil.S.o)
 .debug_info    0x0000000000000472       0xf5 /home/fsw/rep/tasa/lib/bcc-2.2.3-gcc/bin/../sparc-gaisler-elf/bsp/gr716/leon3/libbcc.a(isr.c.o)
 .debug_info    0x0000000000000567       0xcd /home/fsw/rep/tasa/lib/bcc-2.2.3-gcc/bin/../sparc-gaisler-elf/bsp/gr716/leon3/libbcc.a(int_nest.c.o)
 .debug_info    0x0000000000000634       0x26 /home/fsw/rep/tasa/lib/bcc-2.2.3-gcc/bin/../sparc-gaisler-elf/bsp/gr716/leon3/libbcc.a(init.S.o)
 .debug_info    0x000000000000065a       0x26 /home/fsw/rep/tasa/lib/bcc-2.2.3-gcc/bin/../sparc-gaisler-elf/bsp/gr716/leon3/libbcc.a(leon_info.S.o)
 .debug_info    0x0000000000000680       0x26 /home/fsw/rep/tasa/lib/bcc-2.2.3-gcc/bin/../sparc-gaisler-elf/bsp/gr716/leon3/libbcc.a(dwzero.S.o)
 .debug_info    0x00000000000006a6       0xe8 /home/fsw/rep/tasa/lib/bcc-2.2.3-gcc/bin/../sparc-gaisler-elf/bsp/gr716/leon3/libbcc.a(copy_data.c.o)
 .debug_info    0x000000000000078e       0xd9 /home/fsw/rep/tasa/lib/bcc-2.2.3-gcc/bin/../sparc-gaisler-elf/bsp/gr716/leon3/libbcc.a(argv.c.o)
 .debug_info    0x0000000000000867      0x2db /home/fsw/rep/tasa/lib/bcc-2.2.3-gcc/bin/../sparc-gaisler-elf/bsp/gr716/leon3/libbcc.a(int_irqmp_get_source.c.o)
 .debug_info    0x0000000000000b42      0x3a6 /home/fsw/rep/tasa/lib/bcc-2.2.3-gcc/bin/../sparc-gaisler-elf/bsp/gr716/leon3/libbcc.a(int_irqmp_mp.c.o)
 .debug_info    0x0000000000000ee8      0x390 /home/fsw/rep/tasa/lib/bcc-2.2.3-gcc/bin/../sparc-gaisler-elf/bsp/gr716/leon3/libbcc.a(int_irqmp_init.c.o)
 .debug_info    0x0000000000001278      0x1d7 /home/fsw/rep/tasa/lib/bcc-2.2.3-gcc/bin/../sparc-gaisler-elf/bsp/gr716/leon3/libbcc.a(bsp_timer_init.c.o)
 .debug_info    0x000000000000144f      0x1a0 /home/fsw/rep/tasa/lib/bcc-2.2.3-gcc/bin/../sparc-gaisler-elf/bsp/gr716/leon3/libbcc.a(bsp_con_init.c.o)
 .debug_info    0x00000000000015ef       0xeb /home/fsw/rep/tasa/lib/bcc-2.2.3-gcc/bin/../sparc-gaisler-elf/bsp/gr716/leon3/libbcc.a(int_irqmp_handle.c.o)
 .debug_info    0x00000000000016da       0x9d /home/fsw/rep/tasa/lib/bcc-2.2.3-gcc/bin/../sparc-gaisler-elf/bsp/gr716/leon3/libbcc.a(con_handle.c.o)
 .debug_info    0x0000000000001777       0xb7 /home/fsw/rep/tasa/lib/bcc-2.2.3-gcc/bin/../sparc-gaisler-elf/bsp/gr716/leon3/libbcc.a(timer_handle.c.o)
 .debug_info    0x000000000000182e       0x3c /home/fsw/rep/tasa/lib/bcc-2.2.3-gcc/bin/../sparc-gaisler-elf/bsp/gr716/leon3/libbcc.a(bsp_sysfreq.c.o)
 .debug_info    0x000000000000186a      0x102 /home/fsw/rep/tasa/lib/bcc-2.2.3-gcc/bin/../lib/gcc/sparc-gaisler-elf/10.2.0/../../../../sparc-gaisler-elf/lib/leon3/libc_nano.a(lib_a-atexit.o)
 .debug_info    0x000000000000196c      0x7f5 /home/fsw/rep/tasa/lib/bcc-2.2.3-gcc/bin/../lib/gcc/sparc-gaisler-elf/10.2.0/../../../../sparc-gaisler-elf/lib/leon3/libc_nano.a(lib_a-exit.o)
 .debug_info    0x0000000000002161      0x83e /home/fsw/rep/tasa/lib/bcc-2.2.3-gcc/bin/../lib/gcc/sparc-gaisler-elf/10.2.0/../../../../sparc-gaisler-elf/lib/leon3/libc_nano.a(lib_a-impure.o)
 .debug_info    0x000000000000299f     0x12e3 /home/fsw/rep/tasa/lib/bcc-2.2.3-gcc/bin/../lib/gcc/sparc-gaisler-elf/10.2.0/../../../../sparc-gaisler-elf/lib/leon3/libc_nano.a(lib_a-nano-vfprintf_float.o)
 .debug_info    0x0000000000003c82      0xe6c /home/fsw/rep/tasa/lib/bcc-2.2.3-gcc/bin/../lib/gcc/sparc-gaisler-elf/10.2.0/../../../../sparc-gaisler-elf/lib/leon3/libc_nano.a(lib_a-nano-vfprintf_i.o)
 .debug_info    0x0000000000004aee      0x8d8 /home/fsw/rep/tasa/lib/bcc-2.2.3-gcc/bin/../lib/gcc/sparc-gaisler-elf/10.2.0/../../../../sparc-gaisler-elf/lib/leon3/libc_nano.a(lib_a-printf.o)
 .debug_info    0x00000000000053c6      0x85d /home/fsw/rep/tasa/lib/bcc-2.2.3-gcc/bin/../lib/gcc/sparc-gaisler-elf/10.2.0/../../../../sparc-gaisler-elf/lib/leon3/libc_nano.a(lib_a-putchar.o)
 .debug_info    0x0000000000005c23      0xa48 /home/fsw/rep/tasa/lib/bcc-2.2.3-gcc/bin/../lib/gcc/sparc-gaisler-elf/10.2.0/../../../../sparc-gaisler-elf/lib/leon3/libc_nano.a(lib_a-puts.o)
 .debug_info    0x000000000000666b       0xd0 /home/fsw/rep/tasa/lib/bcc-2.2.3-gcc/bin/../lib/gcc/sparc-gaisler-elf/10.2.0/../../../../sparc-gaisler-elf/lib/leon3/libc_nano.a(lib_a-strlen.o)
 .debug_info    0x000000000000673b      0x976 /home/fsw/rep/tasa/lib/bcc-2.2.3-gcc/bin/../lib/gcc/sparc-gaisler-elf/10.2.0/../../../../sparc-gaisler-elf/lib/leon3/libc_nano.a(lib_a-wbuf.o)
 .debug_info    0x00000000000070b1      0x8dd /home/fsw/rep/tasa/lib/bcc-2.2.3-gcc/bin/../lib/gcc/sparc-gaisler-elf/10.2.0/../../../../sparc-gaisler-elf/lib/leon3/libc_nano.a(lib_a-wsetup.o)
 .debug_info    0x000000000000798e      0x27d /home/fsw/rep/tasa/lib/bcc-2.2.3-gcc/bin/../lib/gcc/sparc-gaisler-elf/10.2.0/../../../../sparc-gaisler-elf/lib/leon3/libc_nano.a(lib_a-__atexit.o)
 .debug_info    0x0000000000007c0b      0x27d /home/fsw/rep/tasa/lib/bcc-2.2.3-gcc/bin/../lib/gcc/sparc-gaisler-elf/10.2.0/../../../../sparc-gaisler-elf/lib/leon3/libc_nano.a(lib_a-__call_atexit.o)
 .debug_info    0x0000000000007e88     0x14e8 /home/fsw/rep/tasa/lib/bcc-2.2.3-gcc/bin/../lib/gcc/sparc-gaisler-elf/10.2.0/../../../../sparc-gaisler-elf/lib/leon3/libc_nano.a(lib_a-dtoa.o)
 .debug_info    0x0000000000009370      0xa70 /home/fsw/rep/tasa/lib/bcc-2.2.3-gcc/bin/../lib/gcc/sparc-gaisler-elf/10.2.0/../../../../sparc-gaisler-elf/lib/leon3/libc_nano.a(lib_a-fflush.o)
 .debug_info    0x0000000000009de0      0xc98 /home/fsw/rep/tasa/lib/bcc-2.2.3-gcc/bin/../lib/gcc/sparc-gaisler-elf/10.2.0/../../../../sparc-gaisler-elf/lib/leon3/libc_nano.a(lib_a-findfp.o)
 .debug_info    0x000000000000aa78      0x8db /home/fsw/rep/tasa/lib/bcc-2.2.3-gcc/bin/../lib/gcc/sparc-gaisler-elf/10.2.0/../../../../sparc-gaisler-elf/lib/leon3/libc_nano.a(lib_a-fwalk.o)
 .debug_info    0x000000000000b353      0xb4f /home/fsw/rep/tasa/lib/bcc-2.2.3-gcc/bin/../lib/gcc/sparc-gaisler-elf/10.2.0/../../../../sparc-gaisler-elf/lib/leon3/libc_nano.a(lib_a-localeconv.o)
 .debug_info    0x000000000000bea2      0xb7a /home/fsw/rep/tasa/lib/bcc-2.2.3-gcc/bin/../lib/gcc/sparc-gaisler-elf/10.2.0/../../../../sparc-gaisler-elf/lib/leon3/libc_nano.a(lib_a-makebuf.o)
 .debug_info    0x000000000000ca1c      0x817 /home/fsw/rep/tasa/lib/bcc-2.2.3-gcc/bin/../lib/gcc/sparc-gaisler-elf/10.2.0/../../../../sparc-gaisler-elf/lib/leon3/libc_nano.a(lib_a-malloc.o)
 .debug_info    0x000000000000d233      0x115 /home/fsw/rep/tasa/lib/bcc-2.2.3-gcc/bin/../lib/gcc/sparc-gaisler-elf/10.2.0/../../../../sparc-gaisler-elf/lib/leon3/libc_nano.a(lib_a-memchr.o)
 .debug_info    0x000000000000d348      0x126 /home/fsw/rep/tasa/lib/bcc-2.2.3-gcc/bin/../lib/gcc/sparc-gaisler-elf/10.2.0/../../../../sparc-gaisler-elf/lib/leon3/libc_nano.a(lib_a-memcpy.o)
 .debug_info    0x000000000000d46e       0xe1 /home/fsw/rep/tasa/lib/bcc-2.2.3-gcc/bin/../lib/gcc/sparc-gaisler-elf/10.2.0/../../../../sparc-gaisler-elf/lib/leon3/libc_nano.a(lib_a-memset.o)
 .debug_info    0x000000000000d54f     0x1b70 /home/fsw/rep/tasa/lib/bcc-2.2.3-gcc/bin/../lib/gcc/sparc-gaisler-elf/10.2.0/../../../../sparc-gaisler-elf/lib/leon3/libc_nano.a(lib_a-mprec.o)
 .debug_info    0x000000000000f0bf      0x82f /home/fsw/rep/tasa/lib/bcc-2.2.3-gcc/bin/../lib/gcc/sparc-gaisler-elf/10.2.0/../../../../sparc-gaisler-elf/lib/leon3/libc_nano.a(lib_a-nano-callocr.o)
 .debug_info    0x000000000000f8ee      0x952 /home/fsw/rep/tasa/lib/bcc-2.2.3-gcc/bin/../lib/gcc/sparc-gaisler-elf/10.2.0/../../../../sparc-gaisler-elf/lib/leon3/libc_nano.a(lib_a-nano-freer.o)
 .debug_info    0x0000000000010240      0xa25 /home/fsw/rep/tasa/lib/bcc-2.2.3-gcc/bin/../lib/gcc/sparc-gaisler-elf/10.2.0/../../../../sparc-gaisler-elf/lib/leon3/libc_nano.a(lib_a-nano-mallocr.o)
 .debug_info    0x0000000000010c65     0x10e6 /home/fsw/rep/tasa/lib/bcc-2.2.3-gcc/bin/../lib/gcc/sparc-gaisler-elf/10.2.0/../../../../sparc-gaisler-elf/lib/leon3/libc_nano.a(lib_a-nano-vfprintf.o)
 .debug_info    0x0000000000011d4b      0x99c /home/fsw/rep/tasa/lib/bcc-2.2.3-gcc/bin/../lib/gcc/sparc-gaisler-elf/10.2.0/../../../../sparc-gaisler-elf/lib/leon3/libc_nano.a(lib_a-putc.o)
 .debug_info    0x00000000000126e7      0x801 /home/fsw/rep/tasa/lib/bcc-2.2.3-gcc/bin/../lib/gcc/sparc-gaisler-elf/10.2.0/../../../../sparc-gaisler-elf/lib/leon3/libc_nano.a(lib_a-sbrkr.o)
 .debug_info    0x0000000000012ee8      0xa81 /home/fsw/rep/tasa/lib/bcc-2.2.3-gcc/bin/../lib/gcc/sparc-gaisler-elf/10.2.0/../../../../sparc-gaisler-elf/lib/leon3/libc_nano.a(lib_a-stdio.o)
 .debug_info    0x0000000000013969      0x831 /home/fsw/rep/tasa/lib/bcc-2.2.3-gcc/bin/../lib/gcc/sparc-gaisler-elf/10.2.0/../../../../sparc-gaisler-elf/lib/leon3/libc_nano.a(lib_a-writer.o)
 .debug_info    0x000000000001419a      0x7de /home/fsw/rep/tasa/lib/bcc-2.2.3-gcc/bin/../lib/gcc/sparc-gaisler-elf/10.2.0/../../../../sparc-gaisler-elf/lib/leon3/libc_nano.a(lib_a-closer.o)
 .debug_info    0x0000000000014978      0x9dd /home/fsw/rep/tasa/lib/bcc-2.2.3-gcc/bin/../lib/gcc/sparc-gaisler-elf/10.2.0/../../../../sparc-gaisler-elf/lib/leon3/libc_nano.a(lib_a-fstatr.o)
 .debug_info    0x0000000000015355      0xb19 /home/fsw/rep/tasa/lib/bcc-2.2.3-gcc/bin/../lib/gcc/sparc-gaisler-elf/10.2.0/../../../../sparc-gaisler-elf/lib/leon3/libc_nano.a(lib_a-fvwrite.o)
 .debug_info    0x0000000000015e6e      0x7de /home/fsw/rep/tasa/lib/bcc-2.2.3-gcc/bin/../lib/gcc/sparc-gaisler-elf/10.2.0/../../../../sparc-gaisler-elf/lib/leon3/libc_nano.a(lib_a-isattyr.o)
 .debug_info    0x000000000001664c      0xc56 /home/fsw/rep/tasa/lib/bcc-2.2.3-gcc/bin/../lib/gcc/sparc-gaisler-elf/10.2.0/../../../../sparc-gaisler-elf/lib/leon3/libc_nano.a(lib_a-locale.o)
 .debug_info    0x00000000000172a2      0x812 /home/fsw/rep/tasa/lib/bcc-2.2.3-gcc/bin/../lib/gcc/sparc-gaisler-elf/10.2.0/../../../../sparc-gaisler-elf/lib/leon3/libc_nano.a(lib_a-lseekr.o)
 .debug_info    0x0000000000017ab4      0xb54 /home/fsw/rep/tasa/lib/bcc-2.2.3-gcc/bin/../lib/gcc/sparc-gaisler-elf/10.2.0/../../../../sparc-gaisler-elf/lib/leon3/libc_nano.a(lib_a-mbtowc_r.o)
 .debug_info    0x0000000000018608      0x10f /home/fsw/rep/tasa/lib/bcc-2.2.3-gcc/bin/../lib/gcc/sparc-gaisler-elf/10.2.0/../../../../sparc-gaisler-elf/lib/leon3/libc_nano.a(lib_a-memmove.o)
 .debug_info    0x0000000000018717      0x7aa /home/fsw/rep/tasa/lib/bcc-2.2.3-gcc/bin/../lib/gcc/sparc-gaisler-elf/10.2.0/../../../../sparc-gaisler-elf/lib/leon3/libc_nano.a(lib_a-mlock.o)
 .debug_info    0x0000000000018ec1      0x8ec /home/fsw/rep/tasa/lib/bcc-2.2.3-gcc/bin/../lib/gcc/sparc-gaisler-elf/10.2.0/../../../../sparc-gaisler-elf/lib/leon3/libc_nano.a(lib_a-nano-reallocr.o)
 .debug_info    0x00000000000197ad      0x82a /home/fsw/rep/tasa/lib/bcc-2.2.3-gcc/bin/../lib/gcc/sparc-gaisler-elf/10.2.0/../../../../sparc-gaisler-elf/lib/leon3/libc_nano.a(lib_a-readr.o)
 .debug_info    0x0000000000019fd7      0x954 /home/fsw/rep/tasa/lib/bcc-2.2.3-gcc/bin/../lib/gcc/sparc-gaisler-elf/10.2.0/../../../../sparc-gaisler-elf/lib/leon3/libc_nano.a(lib_a-reent.o)
 .debug_info    0x000000000001a92b       0xc2 /home/fsw/rep/tasa/lib/bcc-2.2.3-gcc/bin/../lib/gcc/sparc-gaisler-elf/10.2.0/../../../../sparc-gaisler-elf/lib/leon3/libc_nano.a(lib_a-strcmp.o)
 .debug_info    0x000000000001a9ed      0xb13 /home/fsw/rep/tasa/lib/bcc-2.2.3-gcc/bin/../lib/gcc/sparc-gaisler-elf/10.2.0/../../../../sparc-gaisler-elf/lib/leon3/libc_nano.a(lib_a-wctomb_r.o)
 .debug_info    0x000000000001b500       0xec /home/fsw/rep/tasa/lib/bcc-2.2.3-gcc/bin/../lib/gcc/sparc-gaisler-elf/10.2.0/../../../../sparc-gaisler-elf/lib/leon3/libc_nano.a(lib_a-ctype_.o)
 .debug_info    0x000000000001b5ec      0x81c /home/fsw/rep/tasa/lib/bcc-2.2.3-gcc/bin/../lib/gcc/sparc-gaisler-elf/10.2.0/../../../../sparc-gaisler-elf/lib/leon3/libc_nano.a(lib_a-nano-msizer.o)
 .debug_info    0x000000000001be08       0x26 /home/fsw/rep/tasa/lib/bcc-2.2.3-gcc/bin/../sparc-gaisler-elf/bsp/gr716/leon3/libbcc.a(_exit.S.o)
 .debug_info    0x000000000001be2e      0x12f /home/fsw/rep/tasa/lib/bcc-2.2.3-gcc/bin/../sparc-gaisler-elf/bsp/gr716/leon3/libbcc.a(read.c.o)
 .debug_info    0x000000000001bf5d      0x138 /home/fsw/rep/tasa/lib/bcc-2.2.3-gcc/bin/../sparc-gaisler-elf/bsp/gr716/leon3/libbcc.a(sbrk.c.o)
 .debug_info    0x000000000001c095       0xbd /home/fsw/rep/tasa/lib/bcc-2.2.3-gcc/bin/../sparc-gaisler-elf/bsp/gr716/leon3/libbcc.a(heap.c.o)
 .debug_info    0x000000000001c152      0x154 /home/fsw/rep/tasa/lib/bcc-2.2.3-gcc/bin/../sparc-gaisler-elf/bsp/gr716/leon3/libbcc.a(write.c.o)
 .debug_info    0x000000000001c2a6       0x26 /home/fsw/rep/tasa/lib/bcc-2.2.3-gcc/bin/../sparc-gaisler-elf/bsp/gr716/leon3/libbcc.a(stubs.S.o)
 .debug_info    0x000000000001c2cc      0x1a7 /home/fsw/rep/tasa/lib/bcc-2.2.3-gcc/bin/../sparc-gaisler-elf/bsp/gr716/leon3/libbcc.a(con_apbuart.c.o)

.debug_abbrev   0x0000000000000000     0x67b4
 *(.debug_abbrev)
 .debug_abbrev  0x0000000000000000       0x14 /home/fsw/rep/tasa/lib/bcc-2.2.3-gcc/bin/../sparc-gaisler-elf/bsp/gr716/leon3/trap_table_mvt.S.o
 .debug_abbrev  0x0000000000000014       0x14 /home/fsw/rep/tasa/lib/bcc-2.2.3-gcc/bin/../sparc-gaisler-elf/bsp/gr716/leon3/crt0.S.o
 .debug_abbrev  0x0000000000000028       0xe8 /tmp/cct7UO0M.o