Archive member included to satisfy reference by file (symbol)

/home/fsw/rep/tasa/lib/bcc-2.2.3-gcc/bin/../sparc-gaisler-elf/bsp/leon3/leon3v7/soft/libbcc.a(reset_trap_mvt.S.o)
                              /home/fsw/rep/tasa/lib/bcc-2.2.3-gcc/bin/../sparc-gaisler-elf/bsp/leon3/leon3v7/soft/trap_table_mvt.S.o (__bcc_trap_reset_mvt)
/home/fsw/rep/tasa/lib/bcc-2.2.3-gcc/bin/../sparc-gaisler-elf/bsp/leon3/leon3v7/soft/libbcc.a(window_trap.S.o)
                              /home/fsw/rep/tasa/lib/bcc-2.2.3-gcc/bin/../sparc-gaisler-elf/bsp/leon3/leon3v7/soft/trap_table_mvt.S.o (__bcc_trap_window_overflow)
/home/fsw/rep/tasa/lib/bcc-2.2.3-gcc/bin/../sparc-gaisler-elf/bsp/leon3/leon3v7/soft/libbcc.a(interrupt_trap.S.o)
                              /home/fsw/rep/tasa/lib/bcc-2.2.3-gcc/bin/../sparc-gaisler-elf/bsp/leon3/leon3v7/soft/trap_table_mvt.S.o (__bcc_trap_interrupt)
/home/fsw/rep/tasa/lib/bcc-2.2.3-gcc/bin/../sparc-gaisler-elf/bsp/leon3/leon3v7/soft/libbcc.a(flush_windows_trap.S.o)
                              /home/fsw/rep/tasa/lib/bcc-2.2.3-gcc/bin/../sparc-gaisler-elf/bsp/leon3/leon3v7/soft/trap_table_mvt.S.o (__bcc_trap_flush_windows)
/home/fsw/rep/tasa/lib/bcc-2.2.3-gcc/bin/../sparc-gaisler-elf/bsp/leon3/leon3v7/soft/libbcc.a(sw_trap_set_pil.S.o)
                              /home/fsw/rep/tasa/lib/bcc-2.2.3-gcc/bin/../sparc-gaisler-elf/bsp/leon3/leon3v7/soft/trap_table_mvt.S.o (__bcc_trap_sw_set_pil)
/home/fsw/rep/tasa/lib/bcc-2.2.3-gcc/bin/../sparc-gaisler-elf/bsp/leon3/leon3v7/soft/libbcc.a(isr.c.o)
                              /home/fsw/rep/tasa/lib/bcc-2.2.3-gcc/bin/../sparc-gaisler-elf/bsp/leon3/leon3v7/soft/libbcc.a(interrupt_trap.S.o) (__bcc_isr_list)
/home/fsw/rep/tasa/lib/bcc-2.2.3-gcc/bin/../sparc-gaisler-elf/bsp/leon3/leon3v7/soft/libbcc.a(int_nest.c.o)
                              /home/fsw/rep/tasa/lib/bcc-2.2.3-gcc/bin/../sparc-gaisler-elf/bsp/leon3/leon3v7/soft/libbcc.a(interrupt_trap.S.o) (__bcc_int_nest)
/home/fsw/rep/tasa/lib/bcc-2.2.3-gcc/bin/../sparc-gaisler-elf/bsp/leon3/leon3v7/soft/libbcc.a(init.S.o)
                              /home/fsw/rep/tasa/lib/bcc-2.2.3-gcc/bin/../sparc-gaisler-elf/bsp/leon3/leon3v7/soft/libbcc.a(reset_trap_mvt.S.o) (__bcc_init40)
/home/fsw/rep/tasa/lib/bcc-2.2.3-gcc/bin/../sparc-gaisler-elf/bsp/leon3/leon3v7/soft/libbcc.a(leon_info.S.o)
                              /home/fsw/rep/tasa/lib/bcc-2.2.3-gcc/bin/../sparc-gaisler-elf/bsp/leon3/leon3v7/soft/crt0.S.o (__bcc_get_leon_info)
/home/fsw/rep/tasa/lib/bcc-2.2.3-gcc/bin/../sparc-gaisler-elf/bsp/leon3/leon3v7/soft/libbcc.a(dwzero.S.o)
                              /home/fsw/rep/tasa/lib/bcc-2.2.3-gcc/bin/../sparc-gaisler-elf/bsp/leon3/leon3v7/soft/crt0.S.o (bcc_dwzero)
/home/fsw/rep/tasa/lib/bcc-2.2.3-gcc/bin/../sparc-gaisler-elf/bsp/leon3/leon3v7/soft/libbcc.a(copy_data.c.o)
                              /home/fsw/rep/tasa/lib/bcc-2.2.3-gcc/bin/../sparc-gaisler-elf/bsp/leon3/leon3v7/soft/crt0.S.o (__bcc_copy_data)
/home/fsw/rep/tasa/lib/bcc-2.2.3-gcc/bin/../sparc-gaisler-elf/bsp/leon3/leon3v7/soft/libbcc.a(argv.c.o)
                              /home/fsw/rep/tasa/lib/bcc-2.2.3-gcc/bin/../sparc-gaisler-elf/bsp/leon3/leon3v7/soft/crt0.S.o (__bcc_argvp)
/home/fsw/rep/tasa/lib/bcc-2.2.3-gcc/bin/../sparc-gaisler-elf/bsp/leon3/leon3v7/soft/libbcc.a(int_irqmp_get_source.c.o)
                              /home/fsw/rep/tasa/lib/bcc-2.2.3-gcc/bin/../sparc-gaisler-elf/bsp/leon3/leon3v7/soft/libbcc.a(interrupt_trap.S.o) (__bcc_int_get_source)
/home/fsw/rep/tasa/lib/bcc-2.2.3-gcc/bin/../sparc-gaisler-elf/bsp/leon3/leon3v7/soft/libbcc.a(int_irqmp_mp.c.o)
                              /tmp/ccK7ILCi.o (bcc_get_cpu_count)
/home/fsw/rep/tasa/lib/bcc-2.2.3-gcc/bin/../sparc-gaisler-elf/bsp/leon3/leon3v7/soft/libbcc.a(int_irqmp_init.c.o)
                              /home/fsw/rep/tasa/lib/bcc-2.2.3-gcc/bin/../sparc-gaisler-elf/bsp/leon3/leon3v7/soft/crt0.S.o (__bcc_int_init)
/home/fsw/rep/tasa/lib/bcc-2.2.3-gcc/bin/../sparc-gaisler-elf/bsp/leon3/leon3v7/soft/libbcc.a(con_apbuart_init.c.o)
                              /home/fsw/rep/tasa/lib/bcc-2.2.3-gcc/bin/../sparc-gaisler-elf/bsp/leon3/leon3v7/soft/crt0.S.o (__bcc_con_init)
/home/fsw/rep/tasa/lib/bcc-2.2.3-gcc/bin/../sparc-gaisler-elf/bsp/leon3/leon3v7/soft/libbcc.a(timer_gptimer_init.c.o)
                              /home/fsw/rep/tasa/lib/bcc-2.2.3-gcc/bin/../sparc-gaisler-elf/bsp/leon3/leon3v7/soft/crt0.S.o (__bcc_timer_init)
/home/fsw/rep/tasa/lib/bcc-2.2.3-gcc/bin/../sparc-gaisler-elf/bsp/leon3/leon3v7/soft/libbcc.a(ambapp.c.o)
                              /home/fsw/rep/tasa/lib/bcc-2.2.3-gcc/bin/../sparc-gaisler-elf/bsp/leon3/leon3v7/soft/libbcc.a(int_irqmp_init.c.o) (ambapp_visit)
/home/fsw/rep/tasa/lib/bcc-2.2.3-gcc/bin/../sparc-gaisler-elf/bsp/leon3/leon3v7/soft/libbcc.a(ambapp_findfirst_fn.c.o)
[...]
Memory Configuration

Name             Origin             Length             Attributes
rom              0x0000000000000000 0x0000000020000000
ram              0x0000000040000000 0x0000000040000000
*default*        0x0000000000000000 0xffffffffffffffff

Linker script and memory map

LOAD /home/fsw/rep/tasa/lib/bcc-2.2.3-gcc/bin/../sparc-gaisler-elf/bsp/leon3/leon3v7/soft/trap_table_mvt.S.o
LOAD /home/fsw/rep/tasa/lib/bcc-2.2.3-gcc/bin/../sparc-gaisler-elf/bsp/leon3/leon3v7/soft/crt0.S.o
LOAD /home/fsw/rep/tasa/lib/bcc-2.2.3-gcc/bin/../lib/gcc/sparc-gaisler-elf/10.2.0/leon3v7/soft/crti.o
LOAD /home/fsw/rep/tasa/lib/bcc-2.2.3-gcc/bin/../lib/gcc/sparc-gaisler-elf/10.2.0/leon3v7/soft/crtbegin.o
LOAD /tmp/ccK7ILCi.o
                0x0000000000000000                PROVIDE (__bcc_cfg_skip_clear_bss = 0x0)

.text           0x0000000040000000    0x10e40
 CREATE_OBJECT_SYMBOLS
                0x0000000040000000                __text_start = .
                0x0000000040000000                . = ALIGN (0x1000)
 *(.text.traptable)
 .text.traptable
                0x0000000040000000     0x1000 /home/fsw/rep/tasa/lib/bcc-2.2.3-gcc/bin/../sparc-gaisler-elf/bsp/leon3/leon3v7/soft/trap_table_mvt.S.o
                0x0000000040000000                __bcc_trap_table
                0x0000000040000000                __bcc_entry_point
 *(.text .text.*)
 .text          0x0000000040001000        0x0 /home/fsw/rep/tasa/lib/bcc-2.2.3-gcc/bin/../sparc-gaisler-elf/bsp/leon3/leon3v7/soft/trap_table_mvt.S.o
 .text          0x0000000040001000       0xc8 /home/fsw/rep/tasa/lib/bcc-2.2.3-gcc/bin/../sparc-gaisler-elf/bsp/leon3/leon3v7/soft/crt0.S.o
                0x0000000040001000                __bcc_crt0
 .text          0x00000000400010c8        0x0 /home/fsw/rep/tasa/lib/bcc-2.2.3-gcc/bin/../lib/gcc/sparc-gaisler-elf/10.2.0/leon3v7/soft/crti.o
 .text          0x00000000400010c8      0x180 /home/fsw/rep/tasa/lib/bcc-2.2.3-gcc/bin/../lib/gcc/sparc-gaisler-elf/10.2.0/leon3v7/soft/crtbegin.o
 .text          0x0000000040001248        0x0 /tmp/ccK7ILCi.o
 .text.startup  0x0000000040001248      0x14c /tmp/ccK7ILCi.o
                0x0000000040001248                main
 .text          0x0000000040001394       0x90 /home/fsw/rep/tasa/lib/bcc-2.2.3-gcc/bin/../sparc-gaisler-elf/bsp/leon3/leon3v7/soft/libbcc.a(reset_trap_mvt.S.o)
                0x0000000040001394                __bcc_trap_reset_mvt
 .text          0x0000000040001424       0xb0 /home/fsw/rep/tasa/lib/bcc-2.2.3-gcc/bin/../sparc-gaisler-elf/bsp/leon3/leon3v7/soft/libbcc.a(window_trap.S.o)
                0x0000000040001424                __bcc_trap_window_overflow
                0x0000000040001474                __bcc_trap_window_underflow
 .text          0x00000000400014d4      0x1b0 /home/fsw/rep/tasa/lib/bcc-2.2.3-gcc/bin/../sparc-gaisler-elf/bsp/leon3/leon3v7/soft/libbcc.a(interrupt_trap.S.o)
                0x00000000400014d4                __bcc_trap_interrupt_svt
                0x00000000400014d8                __bcc_trap_interrupt
 .text          0x0000000040001684       0x88 /home/fsw/rep/tasa/lib/bcc-2.2.3-gcc/bin/../sparc-gaisler-elf/bsp/leon3/leon3v7/soft/libbcc.a(flush_windows_trap.S.o)
                0x0000000040001684                __bcc_trap_flush_windows
 .text          0x000000004000170c       0x2c /home/fsw/rep/tasa/lib/bcc-2.2.3-gcc/bin/../sparc-gaisler-elf/bsp/leon3/leon3v7/soft/libbcc.a(sw_trap_set_pil.S.o)
                0x000000004000170c                __bcc_trap_sw_set_pil
 .text          0x0000000040001738        0x0 /home/fsw/rep/tasa/lib/bcc-2.2.3-gcc/bin/../sparc-gaisler-elf/bsp/leon3/leon3v7/soft/libbcc.a(isr.c.o)
 .text          0x0000000040001738        0x0 /home/fsw/rep/tasa/lib/bcc-2.2.3-gcc/bin/../sparc-gaisler-elf/bsp/leon3/leon3v7/soft/libbcc.a(int_nest.c.o)
 .text          0x0000000040001738        0x8 /home/fsw/rep/tasa/lib/bcc-2.2.3-gcc/bin/../sparc-gaisler-elf/bsp/leon3/leon3v7/soft/libbcc.a(init.S.o)
                0x0000000040001738                __bcc_init50
                0x0000000040001738                __bcc_init40
                0x0000000040001738                __bcc_init70
                0x0000000040001738                __bcc_init60
 .text          0x0000000040001740       0x98 /home/fsw/rep/tasa/lib/bcc-2.2.3-gcc/bin/../sparc-gaisler-elf/bsp/leon3/leon3v7/soft/libbcc.a(leon_info.S.o)
                0x0000000040001740                __bcc_get_leon_info
                0x00000000400017c8                bcc_get_cpuid
 .text          0x00000000400017d8       0x2c /home/fsw/rep/tasa/lib/bcc-2.2.3-gcc/bin/../sparc-gaisler-elf/bsp/leon3/leon3v7/soft/libbcc.a(dwzero.S.o)
                0x00000000400017d8                bcc_dwzero
 .text          0x0000000040001804       0x5c /home/fsw/rep/tasa/lib/bcc-2.2.3-gcc/bin/../sparc-gaisler-elf/bsp/leon3/leon3v7/soft/libbcc.a(copy_data.c.o)
                0x0000000040001804                __bcc_copy_data
 .text          0x0000000040001860        0x0 /home/fsw/rep/tasa/lib/bcc-2.2.3-gcc/bin/../sparc-gaisler-elf/bsp/leon3/leon3v7/soft/libbcc.a(argv.c.o)
 .text          0x0000000040001860       0x48 /home/fsw/rep/tasa/lib/bcc-2.2.3-gcc/bin/../sparc-gaisler-elf/bsp/leon3/leon3v7/soft/libbcc.a(int_irqmp_get_source.c.o)
                0x0000000040001860                __bcc_int_get_source
 .text          0x00000000400018a8       0x9c /home/fsw/rep/tasa/lib/bcc-2.2.3-gcc/bin/../sparc-gaisler-elf/bsp/leon3/leon3v7/soft/libbcc.a(int_irqmp_mp.c.o)
                0x00000000400018a8                bcc_send_interrupt
                0x00000000400018e4                bcc_get_cpu_count
                0x0000000040001910                bcc_start_processor
 .text          0x0000000040001944      0x1b4 /home/fsw/rep/tasa/lib/bcc-2.2.3-gcc/bin/../sparc-gaisler-elf/bsp/leon3/leon3v7/soft/libbcc.a(int_irqmp_init.c.o)
                0x0000000040001944                __bcc_int_init
 .text          0x0000000040001af8       0x50 /home/fsw/rep/tasa/lib/bcc-2.2.3-gcc/bin/../sparc-gaisler-elf/bsp/leon3/leon3v7/soft/libbcc.a(con_apbuart_init.c.o)
                0x0000000040001af8                __bcc_con_init
 .text          0x0000000040001b48       0x6c /home/fsw/rep/tasa/lib/bcc-2.2.3-gcc/bin/../sparc-gaisler-elf/bsp/leon3/leon3v7/soft/libbcc.a(timer_gptimer_init.c.o)
                0x0000000040001b48                __bcc_timer_init
 .text          0x0000000040001bb4      0x724 /home/fsw/rep/tasa/lib/bcc-2.2.3-gcc/bin/../sparc-gaisler-elf/bsp/leon3/leon3v7/soft/libbcc.a(ambapp.c.o)
                0x0000000040001bb4                ambapp_get_ahbinfo
                0x0000000040002220                ambapp_get_apbinfo
                0x00000000400022a4                ambapp_visit
 .text          0x00000000400022d8       0x74 /home/fsw/rep/tasa/lib/bcc-2.2.3-gcc/bin/../sparc-gaisler-elf/bsp/leon3/leon3v7/soft/libbcc.a(ambapp_findfirst_fn.c.o)
                0x00000000400022d8                ambapp_findfirst_fn
 .text          0x000000004000234c        0x0 /home/fsw/rep/tasa/lib/bcc-2.2.3-gcc/bin/../sparc-gaisler-elf/bsp/leon3/leon3v7/soft/libbcc.a(int_irqmp_handle.c.o)
 .text          0x000000004000234c        0x0 /home/fsw/rep/tasa/lib/bcc-2.2.3-gcc/bin/../sparc-gaisler-elf/bsp/leon3/leon3v7/soft/libbcc.a(con_handle.c.o)
 .text          0x000000004000234c        0x0 /home/fsw/rep/tasa/lib/bcc-2.2.3-gcc/bin/../sparc-gaisler-elf/bsp/leon3/leon3v7/soft/libbcc.a(timer_handle.c.o)
 .text          0x000000004000234c       0x1c /home/fsw/rep/tasa/lib/bcc-2.2.3-gcc/bin/../lib/gcc/sparc-gaisler-elf/10.2.0/../../../../sparc-gaisler-elf/lib/leon3v7/soft/libc.a(lib_a-atexit.o)
                0x000000004000234c                atexit
 .text          0x0000000040002368       0x3c /home/fsw/rep/tasa/lib/bcc-2.2.3-gcc/bin/../lib/gcc/sparc-gaisler-elf/10.2.0/../../../../sparc-gaisler-elf/lib/leon3v7/soft/libc.a(lib_a-exit.o)
                0x0000000040002368                exit
 .text          0x00000000400023a4        0x0 /home/fsw/rep/tasa/lib/bcc-2.2.3-gcc/bin/../lib/gcc/sparc-gaisler-elf/10.2.0/../../../../sparc-gaisler-elf/lib/leon3v7/soft/libc.a(lib_a-impure.o)
 .text          0x00000000400023a4      0x1ac /home/fsw/rep/tasa/lib/bcc-2.2.3-gcc/bin/../lib/gcc/sparc-gaisler-elf/10.2.0/../../../../sparc-gaisler-elf/lib/leon3v7/soft/libc.a(lib_a-memcpy.o)
                0x00000000400023a4                memcpy
 .text          0x0000000040002550       0xf4 /home/fsw/rep/tasa/lib/bcc-2.2.3-gcc/bin/../lib/gcc/sparc-gaisler-elf/10.2.0/../../../../sparc-gaisler-elf/lib/leon3v7/soft/libc.a(lib_a-printf.o)
                0x0000000040002550                _printf_r
                0x00000000400025c4                printf
 .text          0x0000000040002644       0x88 /home/fsw/rep/tasa/lib/bcc-2.2.3-gcc/bin/../lib/gcc/sparc-gaisler-elf/10.2.0/../../../../sparc-gaisler-elf/lib/leon3v7/soft/libc.a(lib_a-putchar.o)
                0x0000000040002644                _putchar_r
                0x0000000040002684                putchar
 .text          0x00000000400026cc      0x250 /home/fsw/rep/tasa/lib/bcc-2.2.3-gcc/bin/../lib/gcc/sparc-gaisler-elf/10.2.0/../../../../sparc-gaisler-elf/lib/leon3v7/soft/libc.a(lib_a-puts.o)
                0x00000000400026cc                _puts_r
                0x00000000400027f0                puts
 .text          0x000000004000291c       0xa8 /home/fsw/rep/tasa/lib/bcc-2.2.3-gcc/bin/../lib/gcc/sparc-gaisler-elf/10.2.0/../../../../sparc-gaisler-elf/lib/leon3v7/soft/libc.a(lib_a-strlen.o)
                0x000000004000291c                strlen
 .text          0x00000000400029c4     0x2e28 /home/fsw/rep/tasa/lib/bcc-2.2.3-gcc/bin/../lib/gcc/sparc-gaisler-elf/10.2.0/../../../../sparc-gaisler-elf/lib/leon3v7/soft/libc.a(lib_a-vfprintf.o)
                0x0000000040002b30                _vfprintf_r
                0x000000004000571c                vfprintf
 .text          0x00000000400057ec      0x1c4 /home/fsw/rep/tasa/lib/bcc-2.2.3-gcc/bin/../lib/gcc/sparc-gaisler-elf/10.2.0/../../../../sparc-gaisler-elf/lib/leon3v7/soft/libc.a(lib_a-wsetup.o)
                0x00000000400057ec                __swsetup_r
 .text          0x00000000400059b0      0x158 /home/fsw/rep/tasa/lib/bcc-2.2.3-gcc/bin/../lib/gcc/sparc-gaisler-elf/10.2.0/../../../../sparc-gaisler-elf/lib/leon3v7/soft/libc.a(lib_a-__atexit.o)
                0x00000000400059b0                __register_exitproc
 .text          0x0000000040005b08      0x2b8 /home/fsw/rep/tasa/lib/bcc-2.2.3-gcc/bin/../lib/gcc/sparc-gaisler-elf/10.2.0/../../../../sparc-gaisler-elf/lib/leon3v7/soft/libc.a(lib_a-__call_atexit.o)
                0x0000000040005b08                __call_exitprocs
 .text          0x0000000040005dc0     0x18d0 /home/fsw/rep/tasa/lib/bcc-2.2.3-gcc/bin/../lib/gcc/sparc-gaisler-elf/10.2.0/../../../../sparc-gaisler-elf/lib/leon3v7/soft/libc.a(lib_a-dtoa.o)
                0x0000000040005fc8                _dtoa_r
 .text          0x0000000040007690      0x3e0 /home/fsw/rep/tasa/lib/bcc-2.2.3-gcc/bin/../lib/gcc/sparc-gaisler-elf/10.2.0/../../../../sparc-gaisler-elf/lib/leon3v7/soft/libc.a(lib_a-fflush.o)
                0x0000000040007690                __sflush_r
                0x00000000400078f0                _fflush_r
                0x0000000040007990                fflush
 .text          0x0000000040007a70      0x338 /home/fsw/rep/tasa/lib/bcc-2.2.3-gcc/bin/../lib/gcc/sparc-gaisler-elf/10.2.0/../../../../sparc-gaisler-elf/lib/leon3v7/soft/libc.a(lib_a-findfp.o)
                0x0000000040007a70                _cleanup_r
                0x0000000040007a84                __sfmoreglue
                0x0000000040007ad8                __sfp
                0x0000000040007d68                _cleanup
                0x0000000040007d84                __sinit
 .text          0x0000000040007da8      0x3fc /home/fsw/rep/tasa/lib/bcc-2.2.3-gcc/bin/../lib/gcc/sparc-gaisler-elf/10.2.0/../../../../sparc-gaisler-elf/lib/leon3v7/soft/libc.a(lib_a-freer.o)
                0x0000000040007da8                _malloc_trim_r
                0x0000000040007e98                _free_r
 .text          0x00000000400081a4      0x4f0 /home/fsw/rep/tasa/lib/bcc-2.2.3-gcc/bin/../lib/gcc/sparc-gaisler-elf/10.2.0/../../../../sparc-gaisler-elf/lib/leon3v7/soft/libc.a(lib_a-fvwrite.o)
                0x00000000400081a4                __sfvwrite_r
 .text          0x0000000040008694       0xe0 /home/fsw/rep/tasa/lib/bcc-2.2.3-gcc/bin/../lib/gcc/sparc-gaisler-elf/10.2.0/../../../../sparc-gaisler-elf/lib/leon3v7/soft/libc.a(lib_a-fwalk.o)
                0x0000000040008694                _fwalk
                0x0000000040008704                _fwalk_reent
 .text          0x0000000040008774       0x60 /home/fsw/rep/tasa/lib/bcc-2.2.3-gcc/bin/../lib/gcc/sparc-gaisler-elf/10.2.0/../../../../sparc-gaisler-elf/lib/leon3v7/soft/libc.a(lib_a-localeconv.o)
                0x0000000040008774                __localeconv_l
                0x000000004000877c                _localeconv_r
                0x00000000400087a8                localeconv
 .text          0x00000000400087d4      0x1e8 /home/fsw/rep/tasa/lib/bcc-2.2.3-gcc/bin/../lib/gcc/sparc-gaisler-elf/10.2.0/../../../../sparc-gaisler-elf/lib/leon3v7/soft/libc.a(lib_a-makebuf.o)
                0x00000000400087d4                __smakebuf_r
                0x0000000040008938                __swhatbuf_r
 .text          0x00000000400089bc       0x30 /home/fsw/rep/tasa/lib/bcc-2.2.3-gcc/bin/../lib/gcc/sparc-gaisler-elf/10.2.0/../../../../sparc-gaisler-elf/lib/leon3v7/soft/libc.a(lib_a-malloc.o)
                0x00000000400089bc                malloc
                0x00000000400089d4                free
 .text          0x00000000400089ec      0x7d8 /home/fsw/rep/tasa/lib/bcc-2.2.3-gcc/bin/../lib/gcc/sparc-gaisler-elf/10.2.0/../../../../sparc-gaisler-elf/lib/leon3v7/soft/libc.a(lib_a-mallocr.o)
                0x00000000400089ec                _malloc_r
 .text          0x00000000400091c4       0xf8 /home/fsw/rep/tasa/lib/bcc-2.2.3-gcc/bin/../lib/gcc/sparc-gaisler-elf/10.2.0/../../../../sparc-gaisler-elf/lib/leon3v7/soft/libc.a(lib_a-memchr.o)
                0x00000000400091c4                memchr
 .text          0x00000000400092bc      0x1f8 /home/fsw/rep/tasa/lib/bcc-2.2.3-gcc/bin/../lib/gcc/sparc-gaisler-elf/10.2.0/../../../../sparc-gaisler-elf/lib/leon3v7/soft/libc.a(lib_a-memmove.o)
                0x00000000400092bc                memmove
 .text          0x00000000400094b4      0x120 /home/fsw/rep/tasa/lib/bcc-2.2.3-gcc/bin/../lib/gcc/sparc-gaisler-elf/10.2.0/../../../../sparc-gaisler-elf/lib/leon3v7/soft/libc.a(lib_a-memset.o)
                0x00000000400094b4                memset
 .text          0x00000000400095d4       0x10 /home/fsw/rep/tasa/lib/bcc-2.2.3-gcc/bin/../lib/gcc/sparc-gaisler-elf/10.2.0/../../../../sparc-gaisler-elf/lib/leon3v7/soft/libc.a(lib_a-mlock.o)
                0x00000000400095d4                __malloc_lock
                0x00000000400095dc                __malloc_unlock
 .text          0x00000000400095e4     0x16e0 /home/fsw/rep/tasa/lib/bcc-2.2.3-gcc/bin/../lib/gcc/sparc-gaisler-elf/10.2.0/../../../../sparc-gaisler-elf/lib/leon3v7/soft/libc.a(lib_a-mprec.o)
                0x00000000400095e4                _Balloc
                0x00000000400096b4                _Bfree
                0x0000000040009714                __multadd
                0x000000004000982c                __s2b
                0x0000000040009904                __hi0bits
                0x0000000040009994                __lo0bits
                0x0000000040009a70                __i2b
                0x0000000040009b50                __multiply
                0x0000000040009dac                __pow5mult
                0x0000000040009f38                __lshift
                0x000000004000a100                __mcmp
                0x000000004000a168                __mdiff
                0x000000004000a388                __ulp
                0x000000004000a3f0                __b2d
                0x000000004000a588                __d2b
                0x000000004000a954                __ratio
                0x000000004000ab5c                _mprec_log10
                0x000000004000abbc                __copybits
                0x000000004000ac40                __any_on
 .text          0x000000004000acc4      0x1c0 /home/fsw/rep/tasa/lib/bcc-2.2.3-gcc/bin/../lib/gcc/sparc-gaisler-elf/10.2.0/../../../../sparc-gaisler-elf/lib/leon3v7/soft/libc.a(lib_a-putc.o)
                0x000000004000acc4                _putc_r
                0x000000004000ad9c                putc
 .text          0x000000004000ae84      0x534 /home/fsw/rep/tasa/lib/bcc-2.2.3-gcc/bin/../lib/gcc/sparc-gaisler-elf/10.2.0/../../../../sparc-gaisler-elf/lib/leon3v7/soft/libc.a(lib_a-reallocr.o)
                0x000000004000ae84                _realloc_r
 .text          0x000000004000b3b8       0x90 /home/fsw/rep/tasa/lib/bcc-2.2.3-gcc/bin/../lib/gcc/sparc-gaisler-elf/10.2.0/../../../../sparc-gaisler-elf/lib/leon3v7/soft/libc.a(lib_a-s_frexp.o)
                0x000000004000b3b8                frexp
 .text          0x000000004000b448       0x40 /home/fsw/rep/tasa/lib/bcc-2.2.3-gcc/bin/../lib/gcc/sparc-gaisler-elf/10.2.0/../../../../sparc-gaisler-elf/lib/leon3v7/soft/libc.a(lib_a-sbrkr.o)
                0x000000004000b448                _sbrk_r
 .text          0x000000004000b488      0x118 /home/fsw/rep/tasa/lib/bcc-2.2.3-gcc/bin/../lib/gcc/sparc-gaisler-elf/10.2.0/../../../../sparc-gaisler-elf/lib/leon3v7/soft/libc.a(lib_a-stdio.o)
                0x000000004000b488                __sread
                0x000000004000b4d4                __seofread
                0x000000004000b4dc                __swrite
                0x000000004000b538                __sseek
                0x000000004000b590                __sclose
 .text          0x000000004000b5a0      0x1ac /home/fsw/rep/tasa/lib/bcc-2.2.3-gcc/bin/../lib/gcc/sparc-gaisler-elf/10.2.0/../../../../sparc-gaisler-elf/lib/leon3v7/soft/libc.a(lib_a-strncpy.o)
                0x000000004000b5a0                strncpy
 .text          0x000000004000b74c     0x1e4c /home/fsw/rep/tasa/lib/bcc-2.2.3-gcc/bin/../lib/gcc/sparc-gaisler-elf/10.2.0/../../../../sparc-gaisler-elf/lib/leon3v7/soft/libc.a(lib_a-vfiprintf.o)
                0x000000004000b8b8                __sprint_r
                0x000000004000b984                _vfiprintf_r
                0x000000004000d4c8                vfiprintf
 .text          0x000000004000d598      0x354 /home/fsw/rep/tasa/lib/bcc-2.2.3-gcc/bin/../lib/gcc/sparc-gaisler-elf/10.2.0/../../../../sparc-gaisler-elf/lib/leon3v7/soft/libc.a(lib_a-wbuf.o)
                0x000000004000d598                __swbuf_r
                0x000000004000d73c                __swbuf
 .text          0x000000004000d8ec       0x48 /home/fsw/rep/tasa/lib/bcc-2.2.3-gcc/bin/../lib/gcc/sparc-gaisler-elf/10.2.0/../../../../sparc-gaisler-elf/lib/leon3v7/soft/libc.a(lib_a-writer.o)
                0x000000004000d8ec                _write_r
 .text          0x000000004000d934       0xa4 /home/fsw/rep/tasa/lib/bcc-2.2.3-gcc/bin/../lib/gcc/sparc-gaisler-elf/10.2.0/../../../../sparc-gaisler-elf/lib/leon3v7/soft/libc.a(lib_a-callocr.o)
                0x000000004000d934                _calloc_r
 .text          0x000000004000d9d8       0x40 /home/fsw/rep/tasa/lib/bcc-2.2.3-gcc/bin/../lib/gcc/sparc-gaisler-elf/10.2.0/../../../../sparc-gaisler-elf/lib/leon3v7/soft/libc.a(lib_a-closer.o)
                0x000000004000d9d8                _close_r
 .text          0x000000004000da18      0x294 /home/fsw/rep/tasa/lib/bcc-2.2.3-gcc/bin/../lib/gcc/sparc-gaisler-elf/10.2.0/../../../../sparc-gaisler-elf/lib/leon3v7/soft/libc.a(lib_a-fclose.o)
                0x000000004000da18                _fclose_r
                0x000000004000db60                fclose
 .text          0x000000004000dcac      0x1d4 /home/fsw/rep/tasa/lib/bcc-2.2.3-gcc/bin/../lib/gcc/sparc-gaisler-elf/10.2.0/../../../../sparc-gaisler-elf/lib/leon3v7/soft/libc.a(lib_a-fputwc.o)
                0x000000004000dcac                __fputwc
                0x000000004000dd94                _fputwc_r
                0x000000004000ddc4                fputwc
 .text          0x000000004000de80       0x44 /home/fsw/rep/tasa/lib/bcc-2.2.3-gcc/bin/../lib/gcc/sparc-gaisler-elf/10.2.0/../../../../sparc-gaisler-elf/lib/leon3v7/soft/libc.a(lib_a-fstatr.o)
                0x000000004000de80                _fstat_r
 .text          0x000000004000dec4       0x40 /home/fsw/rep/tasa/lib/bcc-2.2.3-gcc/bin/../lib/gcc/sparc-gaisler-elf/10.2.0/../../../../sparc-gaisler-elf/lib/leon3v7/soft/libc.a(lib_a-isattyr.o)
                0x000000004000dec4                _isatty_r
 .text          0x000000004000df04      0x148 /home/fsw/rep/tasa/lib/bcc-2.2.3-gcc/bin/../lib/gcc/sparc-gaisler-elf/10.2.0/../../../../sparc-gaisler-elf/lib/leon3v7/soft/libc.a(lib_a-locale.o)
                0x000000004000df04                _setlocale_r
                0x000000004000df78                __locale_mb_cur_max
                0x000000004000dfa4                __locale_ctype_ptr_l
                0x000000004000dfac                __locale_ctype_ptr
                0x000000004000dfd8                setlocale
 .text          0x000000004000e04c       0x48 /home/fsw/rep/tasa/lib/bcc-2.2.3-gcc/bin/../lib/gcc/sparc-gaisler-elf/10.2.0/../../../../sparc-gaisler-elf/lib/leon3v7/soft/libc.a(lib_a-lseekr.o)
                0x000000004000e04c                _lseek_r
 .text          0x000000004000e094       0xb8 /home/fsw/rep/tasa/lib/bcc-2.2.3-gcc/bin/../lib/gcc/sparc-gaisler-elf/10.2.0/../../../../sparc-gaisler-elf/lib/leon3v7/soft/libc.a(lib_a-mbtowc_r.o)
                0x000000004000e094                _mbtowc_r
                0x000000004000e0f8                __ascii_mbtowc
 .text          0x000000004000e14c       0x48 /home/fsw/rep/tasa/lib/bcc-2.2.3-gcc/bin/../lib/gcc/sparc-gaisler-elf/10.2.0/../../../../sparc-gaisler-elf/lib/leon3v7/soft/libc.a(lib_a-readr.o)
                0x000000004000e14c                _read_r
 .text          0x000000004000e194      0x31c /home/fsw/rep/tasa/lib/bcc-2.2.3-gcc/bin/../lib/gcc/sparc-gaisler-elf/10.2.0/../../../../sparc-gaisler-elf/lib/leon3v7/soft/libc.a(lib_a-reent.o)
                0x000000004000e194                cleanup_glue
                0x000000004000e20c                _reclaim_reent
 .text          0x000000004000e4b0       0xc8 /home/fsw/rep/tasa/lib/bcc-2.2.3-gcc/bin/../lib/gcc/sparc-gaisler-elf/10.2.0/../../../../sparc-gaisler-elf/lib/leon3v7/soft/libc.a(lib_a-strcmp.o)
                0x000000004000e4b0                strcmp
 .text          0x000000004000e578      0x144 /home/fsw/rep/tasa/lib/bcc-2.2.3-gcc/bin/../lib/gcc/sparc-gaisler-elf/10.2.0/../../../../sparc-gaisler-elf/lib/leon3v7/soft/libc.a(lib_a-wcrtomb.o)
                0x000000004000e578                _wcrtomb_r
                0x000000004000e61c                wcrtomb
 .text          0x000000004000e6bc       0x9c /home/fsw/rep/tasa/lib/bcc-2.2.3-gcc/bin/../lib/gcc/sparc-gaisler-elf/10.2.0/../../../../sparc-gaisler-elf/lib/leon3v7/soft/libc.a(lib_a-wctomb_r.o)
                0x000000004000e6bc                _wctomb_r
                0x000000004000e718                __ascii_wctomb
 .text          0x000000004000e758        0x0 /home/fsw/rep/tasa/lib/bcc-2.2.3-gcc/bin/../lib/gcc/sparc-gaisler-elf/10.2.0/../../../../sparc-gaisler-elf/lib/leon3v7/soft/libc.a(lib_a-ctype_.o)
 .text          0x000000004000e758       0x10 /home/fsw/rep/tasa/lib/bcc-2.2.3-gcc/bin/../sparc-gaisler-elf/bsp/leon3/leon3v7/soft/libbcc.a(_exit.S.o)
                0x000000004000e758                _exit
 .text          0x000000004000e768       0x4c /home/fsw/rep/tasa/lib/bcc-2.2.3-gcc/bin/../sparc-gaisler-elf/bsp/leon3/leon3v7/soft/libbcc.a(read.c.o)
                0x000000004000e768                read
 .text          0x000000004000e7b4       0xb0 /home/fsw/rep/tasa/lib/bcc-2.2.3-gcc/bin/../sparc-gaisler-elf/bsp/leon3/leon3v7/soft/libbcc.a(sbrk.c.o)
                0x000000004000e7b4                sbrk
 .text          0x000000004000e864        0x0 /home/fsw/rep/tasa/lib/bcc-2.2.3-gcc/bin/../sparc-gaisler-elf/bsp/leon3/leon3v7/soft/libbcc.a(heap.c.o)
 .text          0x000000004000e864       0x64 /home/fsw/rep/tasa/lib/bcc-2.2.3-gcc/bin/../sparc-gaisler-elf/bsp/leon3/leon3v7/soft/libbcc.a(write.c.o)
                0x000000004000e864                write
 .text          0x000000004000e8c8       0x20 /home/fsw/rep/tasa/lib/bcc-2.2.3-gcc/bin/../sparc-gaisler-elf/bsp/leon3/leon3v7/soft/libbcc.a(stubs.S.o)
                0x000000004000e8c8                execve
                0x000000004000e8c8                lseek
                0x000000004000e8c8                fstat
                0x000000004000e8c8                kill
                0x000000004000e8c8                wait
                0x000000004000e8c8                unlink
                0x000000004000e8c8                fork
                0x000000004000e8c8                stat
                0x000000004000e8c8                link
                0x000000004000e8c8                open
                0x000000004000e8c8                close
                0x000000004000e8e0                getpid
                0x000000004000e8e0                isatty
 .text          0x000000004000e8e8       0xc4 /home/fsw/rep/tasa/lib/bcc-2.2.3-gcc/bin/../sparc-gaisler-elf/bsp/leon3/leon3v7/soft/libbcc.a(con_apbuart.c.o)
                0x000000004000e8e8                __bcc_con_outbyte
                0x000000004000e978                __bcc_con_inbyte
 .text          0x000000004000e9ac       0xe8 /home/fsw/rep/tasa/lib/bcc-2.2.3-gcc/bin/../lib/gcc/sparc-gaisler-elf/10.2.0/leon3v7/soft/libgcc.a(_mulsi3.o)
                0x000000004000e9ac                .umul
 .text          0x000000004000ea94      0x2b0 /home/fsw/rep/tasa/lib/bcc-2.2.3-gcc/bin/../lib/gcc/sparc-gaisler-elf/10.2.0/leon3v7/soft/libgcc.a(_divsi3.o)
                0x000000004000ea94                .udiv
                0x000000004000ea9c                .div
 .text          0x000000004000ed44      0x2b0 /home/fsw/rep/tasa/lib/bcc-2.2.3-gcc/bin/../lib/gcc/sparc-gaisler-elf/10.2.0/leon3v7/soft/libgcc.a(_modsi3.o)
                0x000000004000ed44                .urem
                0x000000004000ed4c                .rem
 .text          0x000000004000eff4      0x354 /home/fsw/rep/tasa/lib/bcc-2.2.3-gcc/bin/../lib/gcc/sparc-gaisler-elf/10.2.0/leon3v7/soft/libgcc.a(_udivdi3.o)
                0x000000004000eff4                __udivdi3
 .text          0x000000004000f348      0x370 /home/fsw/rep/tasa/lib/bcc-2.2.3-gcc/bin/../lib/gcc/sparc-gaisler-elf/10.2.0/leon3v7/soft/libgcc.a(_umoddi3.o)
                0x000000004000f348                __umoddi3
 .text          0x000000004000f6b8      0x744 /home/fsw/rep/tasa/lib/bcc-2.2.3-gcc/bin/../lib/gcc/sparc-gaisler-elf/10.2.0/leon3v7/soft/libgcc.a(_addsub_df.o)
                0x000000004000f6b8                __adddf3
                0x000000004000fa5c                __subdf3
 .text          0x000000004000fdfc      0x320 /home/fsw/rep/tasa/lib/bcc-2.2.3-gcc/bin/../lib/gcc/sparc-gaisler-elf/10.2.0/leon3v7/soft/libgcc.a(_mul_df.o)
                0x000000004000fdfc                __muldf3
 .text          0x000000004001011c      0x1fc /home/fsw/rep/tasa/lib/bcc-2.2.3-gcc/bin/../lib/gcc/sparc-gaisler-elf/10.2.0/leon3v7/soft/libgcc.a(_div_df.o)
                0x000000004001011c                __divdf3
 .text          0x0000000040010318       0x58 /home/fsw/rep/tasa/lib/bcc-2.2.3-gcc/bin/../lib/gcc/sparc-gaisler-elf/10.2.0/leon3v7/soft/libgcc.a(_eq_df.o)
                0x0000000040010318                __eqdf2
 .text          0x0000000040010370       0x58 /home/fsw/rep/tasa/lib/bcc-2.2.3-gcc/bin/../lib/gcc/sparc-gaisler-elf/10.2.0/leon3v7/soft/libgcc.a(_ne_df.o)
                0x0000000040010370                __nedf2
 .text          0x00000000400103c8       0x58 /home/fsw/rep/tasa/lib/bcc-2.2.3-gcc/bin/../lib/gcc/sparc-gaisler-elf/10.2.0/leon3v7/soft/libgcc.a(_gt_df.o)
                0x00000000400103c8                __gtdf2
 .text          0x0000000040010420       0x58 /home/fsw/rep/tasa/lib/bcc-2.2.3-gcc/bin/../lib/gcc/sparc-gaisler-elf/10.2.0/leon3v7/soft/libgcc.a(_lt_df.o)
                0x0000000040010420                __ltdf2
 .text          0x0000000040010478       0x58 /home/fsw/rep/tasa/lib/bcc-2.2.3-gcc/bin/../lib/gcc/sparc-gaisler-elf/10.2.0/leon3v7/soft/libgcc.a(_le_df.o)
                0x0000000040010478                __ledf2
 .text          0x00000000400104d0       0x4c /home/fsw/rep/tasa/lib/bcc-2.2.3-gcc/bin/../lib/gcc/sparc-gaisler-elf/10.2.0/leon3v7/soft/libgcc.a(_unord_df.o)
                0x00000000400104d0                __unorddf2
 .text          0x000000004001051c       0xd4 /home/fsw/rep/tasa/lib/bcc-2.2.3-gcc/bin/../lib/gcc/sparc-gaisler-elf/10.2.0/leon3v7/soft/libgcc.a(_si_to_df.o)
                0x000000004001051c                __floatsidf
 .text          0x00000000400105f0       0xc8 /home/fsw/rep/tasa/lib/bcc-2.2.3-gcc/bin/../lib/gcc/sparc-gaisler-elf/10.2.0/leon3v7/soft/libgcc.a(_df_to_si.o)
                0x00000000400105f0                __fixdfsi
 .text          0x00000000400106b8        0x0 /home/fsw/rep/tasa/lib/bcc-2.2.3-gcc/bin/../lib/gcc/sparc-gaisler-elf/10.2.0/leon3v7/soft/libgcc.a(_thenan_df.o)
 .text          0x00000000400106b8       0x78 /home/fsw/rep/tasa/lib/bcc-2.2.3-gcc/bin/../lib/gcc/sparc-gaisler-elf/10.2.0/leon3v7/soft/libgcc.a(_usi_to_df.o)
                0x00000000400106b8                __floatunsidf
 .text          0x0000000040010730       0xc4 /home/fsw/rep/tasa/lib/bcc-2.2.3-gcc/bin/../lib/gcc/sparc-gaisler-elf/10.2.0/leon3v7/soft/libgcc.a(_muldi3.o)
                0x0000000040010730                __muldi3
 .text          0x00000000400107f4        0x0 /home/fsw/rep/tasa/lib/bcc-2.2.3-gcc/bin/../lib/gcc/sparc-gaisler-elf/10.2.0/leon3v7/soft/libgcc.a(_clz.o)
 .text          0x00000000400107f4       0x94 /home/fsw/rep/tasa/lib/bcc-2.2.3-gcc/bin/../lib/gcc/sparc-gaisler-elf/10.2.0/leon3v7/soft/libgcc.a(_clzsi2.o)
                0x00000000400107f4                __clzsi2
 .text          0x0000000040010888      0x244 /home/fsw/rep/tasa/lib/bcc-2.2.3-gcc/bin/../lib/gcc/sparc-gaisler-elf/10.2.0/leon3v7/soft/libgcc.a(_pack_df.o)
                0x0000000040010888                __pack_d
 .text          0x0000000040010acc      0x10c /home/fsw/rep/tasa/lib/bcc-2.2.3-gcc/bin/../lib/gcc/sparc-gaisler-elf/10.2.0/leon3v7/soft/libgcc.a(_unpack_df.o)
                0x0000000040010acc                __unpack_d
 .text          0x0000000040010bd8      0x158 /home/fsw/rep/tasa/lib/bcc-2.2.3-gcc/bin/../lib/gcc/sparc-gaisler-elf/10.2.0/leon3v7/soft/libgcc.a(_fpcmp_parts_df.o)
                0x0000000040010bd8                __fpcmp_parts_d
 .text          0x0000000040010d30       0x48 /home/fsw/rep/tasa/lib/bcc-2.2.3-gcc/bin/../lib/gcc/sparc-gaisler-elf/10.2.0/leon3v7/soft/crtend.o
 .text          0x0000000040010d78        0x0 /home/fsw/rep/tasa/lib/bcc-2.2.3-gcc/bin/../lib/gcc/sparc-gaisler-elf/10.2.0/leon3v7/soft/crtn.o
                0x0000000040010d80                . = ALIGN (0x10)
 *fill*         0x0000000040010d78        0x8 
 *(.eh_frame)
 .eh_frame      0x0000000040010d80        0x0 /home/fsw/rep/tasa/lib/bcc-2.2.3-gcc/bin/../lib/gcc/sparc-gaisler-elf/10.2.0/leon3v7/soft/crtbegin.o
 .eh_frame      0x0000000040010d80       0x2c /home/fsw/rep/tasa/lib/bcc-2.2.3-gcc/bin/../lib/gcc/sparc-gaisler-elf/10.2.0/leon3v7/soft/libgcc.a(_udivdi3.o)
 .eh_frame      0x0000000040010dac       0x2c /home/fsw/rep/tasa/lib/bcc-2.2.3-gcc/bin/../lib/gcc/sparc-gaisler-elf/10.2.0/leon3v7/soft/libgcc.a(_umoddi3.o)
 .eh_frame      0x0000000040010dd8        0x4 /home/fsw/rep/tasa/lib/bcc-2.2.3-gcc/bin/../lib/gcc/sparc-gaisler-elf/10.2.0/leon3v7/soft/crtend.o
                0x0000000040010de0                . = ALIGN (0x10)
 *fill*         0x0000000040010ddc        0x4 
 *(.gnu.linkonce.t*)
                0x0000000040010de0                ___CTOR_LIST__ = .
                0x0000000040010de0        0x4 LONG 0x2 (((___CTOR_END__ - ___CTOR_LIST__) / 0x4) - 0x2)
 *(SORT_BY_NAME(.ctors.*))
 *(.ctors)
 .ctors         0x0000000040010de4        0x4 /home/fsw/rep/tasa/lib/bcc-2.2.3-gcc/bin/../lib/gcc/sparc-gaisler-elf/10.2.0/leon3v7/soft/crtbegin.o
 .ctors         0x0000000040010de8        0x4 /home/fsw/rep/tasa/lib/bcc-2.2.3-gcc/bin/../lib/gcc/sparc-gaisler-elf/10.2.0/leon3v7/soft/crtend.o
                0x0000000040010dec        0x4 LONG 0x0
                0x0000000040010df0                ___CTOR_END__ = .
                0x0000000040010df0                ___DTOR_LIST__ = .
                0x0000000040010df0        0x4 LONG 0x2 (((___DTOR_END__ - ___DTOR_LIST__) / 0x4) - 0x2)
 *(SORT_BY_NAME(.dtors.*))
 *(.dtors)
 .dtors         0x0000000040010df4        0x4 /home/fsw/rep/tasa/lib/bcc-2.2.3-gcc/bin/../lib/gcc/sparc-gaisler-elf/10.2.0/leon3v7/soft/crtbegin.o
 .dtors         0x0000000040010df8        0x4 /home/fsw/rep/tasa/lib/bcc-2.2.3-gcc/bin/../lib/gcc/sparc-gaisler-elf/10.2.0/leon3v7/soft/crtend.o
                0x0000000040010df8                __DTOR_END__
                0x0000000040010dfc        0x4 LONG 0x0
                0x0000000040010e00                ___DTOR_END__ = .
 *(.gnu.linkonce*)
 *(.init)
 .init          0x0000000040010e00        0x4 /home/fsw/rep/tasa/lib/bcc-2.2.3-gcc/bin/../lib/gcc/sparc-gaisler-elf/10.2.0/leon3v7/soft/crti.o
                0x0000000040010e00                _init
 .init          0x0000000040010e04        0x8 /home/fsw/rep/tasa/lib/bcc-2.2.3-gcc/bin/../lib/gcc/sparc-gaisler-elf/10.2.0/leon3v7/soft/crtbegin.o
 .init          0x0000000040010e0c        0x8 /home/fsw/rep/tasa/lib/bcc-2.2.3-gcc/bin/../lib/gcc/sparc-gaisler-elf/10.2.0/leon3v7/soft/crtend.o
 .init          0x0000000040010e14        0xc /home/fsw/rep/tasa/lib/bcc-2.2.3-gcc/bin/../lib/gcc/sparc-gaisler-elf/10.2.0/leon3v7/soft/crtn.o
 *(.fini)
 .fini          0x0000000040010e20        0x4 /home/fsw/rep/tasa/lib/bcc-2.2.3-gcc/bin/../lib/gcc/sparc-gaisler-elf/10.2.0/leon3v7/soft/crti.o
                0x0000000040010e20                _fini
 .fini          0x0000000040010e24        0x8 /home/fsw/rep/tasa/lib/bcc-2.2.3-gcc/bin/../lib/gcc/sparc-gaisler-elf/10.2.0/leon3v7/soft/crtbegin.o
 .fini          0x0000000040010e2c        0xc /home/fsw/rep/tasa/lib/bcc-2.2.3-gcc/bin/../lib/gcc/sparc-gaisler-elf/10.2.0/leon3v7/soft/crtn.o
 *(.lit)
 *(.shdata)
                0x0000000040010e40                . = ALIGN (0x10)
 *fill*         0x0000000040010e38        0x8 
                0x0000000040010e40                __text_end = .

.gcc_except_table
 *(.gcc_except_table.*)

.rodata         0x0000000040010e40      0x750
                0x0000000040010e40                __rodata_start = .
 *(.rodata*)
 .rodata.str1.8
                0x0000000040010e40       0xcf /tmp/ccK7ILCi.o
 *fill*         0x0000000040010f0f        0x1 
 .rodata        0x0000000040010f10        0x5 /tmp/ccK7ILCi.o
 *fill*         0x0000000040010f15        0x3 
 .rodata        0x0000000040010f18        0x4 /home/fsw/rep/tasa/lib/bcc-2.2.3-gcc/bin/../lib/gcc/sparc-gaisler-elf/10.2.0/../../../../sparc-gaisler-elf/lib/leon3v7/soft/libc.a(lib_a-impure.o)
                0x0000000040010f18                _global_impure_ptr
 *fill*         0x0000000040010f1c        0x4 
 .rodata.str1.8
                0x0000000040010f20        0x2 /home/fsw/rep/tasa/lib/bcc-2.2.3-gcc/bin/../lib/gcc/sparc-gaisler-elf/10.2.0/../../../../sparc-gaisler-elf/lib/leon3v7/soft/libc.a(lib_a-puts.o)
 *fill*         0x0000000040010f22        0x6 
 .rodata.str1.8
                0x0000000040010f28       0x5a /home/fsw/rep/tasa/lib/bcc-2.2.3-gcc/bin/../lib/gcc/sparc-gaisler-elf/10.2.0/../../../../sparc-gaisler-elf/lib/leon3v7/soft/libc.a(lib_a-vfprintf.o)
 *fill*         0x0000000040010f82        0x6 
 .rodata.cst8   0x0000000040010f88       0x18 /home/fsw/rep/tasa/lib/bcc-2.2.3-gcc/bin/../lib/gcc/sparc-gaisler-elf/10.2.0/../../../../sparc-gaisler-elf/lib/leon3v7/soft/libc.a(lib_a-vfprintf.o)
 .rodata        0x0000000040010fa0       0x20 /home/fsw/rep/tasa/lib/bcc-2.2.3-gcc/bin/../lib/gcc/sparc-gaisler-elf/10.2.0/../../../../sparc-gaisler-elf/lib/leon3v7/soft/libc.a(lib_a-vfprintf.o)
 .rodata.str1.8
                0x0000000040010fc0       0x14 /home/fsw/rep/tasa/lib/bcc-2.2.3-gcc/bin/../lib/gcc/sparc-gaisler-elf/10.2.0/../../../../sparc-gaisler-elf/lib/leon3v7/soft/libc.a(lib_a-dtoa.o)
                                         0x1a (size before relaxing)
 *fill*         0x0000000040010fd4        0x4 
 .rodata.cst8   0x0000000040010fd8       0x48 /home/fsw/rep/tasa/lib/bcc-2.2.3-gcc/bin/../lib/gcc/sparc-gaisler-elf/10.2.0/../../../../sparc-gaisler-elf/lib/leon3v7/soft/libc.a(lib_a-dtoa.o)
 .rodata        0x0000000040011020       0x60 /home/fsw/rep/tasa/lib/bcc-2.2.3-gcc/bin/../lib/gcc/sparc-gaisler-elf/10.2.0/../../../../sparc-gaisler-elf/lib/leon3v7/soft/libc.a(lib_a-findfp.o)
                0x0000000040011020                __sf_fake_stderr
                0x0000000040011040                __sf_fake_stdout
                0x0000000040011060                __sf_fake_stdin
 .rodata.cst8   0x0000000040011080       0x10 /home/fsw/rep/tasa/lib/bcc-2.2.3-gcc/bin/../lib/gcc/sparc-gaisler-elf/10.2.0/../../../../sparc-gaisler-elf/lib/leon3v7/soft/libc.a(lib_a-mprec.o)
 .rodata        0x0000000040011080      0x128 /home/fsw/rep/tasa/lib/bcc-2.2.3-gcc/bin/../lib/gcc/sparc-gaisler-elf/10.2.0/../../../../sparc-gaisler-elf/lib/leon3v7/soft/libc.a(lib_a-mprec.o)
                0x0000000040011090                __mprec_tinytens
                0x00000000400110b8                __mprec_bigtens
                0x00000000400110e0                __mprec_tens
 .rodata.cst8   0x00000000400111a8        0x8 /home/fsw/rep/tasa/lib/bcc-2.2.3-gcc/bin/../lib/gcc/sparc-gaisler-elf/10.2.0/../../../../sparc-gaisler-elf/lib/leon3v7/soft/libc.a(lib_a-s_frexp.o)
 .rodata.str1.8
                0x00000000400111b0       0x37 /home/fsw/rep/tasa/lib/bcc-2.2.3-gcc/bin/../lib/gcc/sparc-gaisler-elf/10.2.0/../../../../sparc-gaisler-elf/lib/leon3v7/soft/libc.a(lib_a-vfiprintf.o)
 .rodata        0x00000000400111b0       0x20 /home/fsw/rep/tasa/lib/bcc-2.2.3-gcc/bin/../lib/gcc/sparc-gaisler-elf/10.2.0/../../../../sparc-gaisler-elf/lib/leon3v7/soft/libc.a(lib_a-vfiprintf.o)
 .rodata.str1.8
                0x00000000400111d0       0x12 /home/fsw/rep/tasa/lib/bcc-2.2.3-gcc/bin/../lib/gcc/sparc-gaisler-elf/10.2.0/../../../../sparc-gaisler-elf/lib/leon3v7/soft/libc.a(lib_a-locale.o)
                                         0x1a (size before relaxing)
 *fill*         0x00000000400111e2        0x6 
 .rodata        0x00000000400111e8      0x288 /home/fsw/rep/tasa/lib/bcc-2.2.3-gcc/bin/../lib/gcc/sparc-gaisler-elf/10.2.0/../../../../sparc-gaisler-elf/lib/leon3v7/soft/libc.a(lib_a-ctype_.o)
                0x00000000400111e8                _ctype_
                0x00000000400112f0                _ctype_b
 .rodata.cst8   0x0000000040011470        0x8 /home/fsw/rep/tasa/lib/bcc-2.2.3-gcc/bin/../lib/gcc/sparc-gaisler-elf/10.2.0/leon3v7/soft/libgcc.a(_si_to_df.o)
 .rodata        0x0000000040011478       0x18 /home/fsw/rep/tasa/lib/bcc-2.2.3-gcc/bin/../lib/gcc/sparc-gaisler-elf/10.2.0/leon3v7/soft/libgcc.a(_thenan_df.o)
                0x0000000040011478                __thenan_df
 .rodata        0x0000000040011490      0x100 /home/fsw/rep/tasa/lib/bcc-2.2.3-gcc/bin/../lib/gcc/sparc-gaisler-elf/10.2.0/leon3v7/soft/libgcc.a(_clz.o)
                0x0000000040011490                __clz_tab
 *(.gnu.linkonce.r*)
                0x0000000040011590                . = ALIGN (0x10)
                0x0000000040011590                __rodata_end = .

.rela.dyn       0x0000000040011590        0x0
 .rela.iplt     0x0000000040011590        0x0 /home/fsw/rep/tasa/lib/bcc-2.2.3-gcc/bin/../sparc-gaisler-elf/bsp/leon3/leon3v7/soft/trap_table_mvt.S.o
 .rela.text.traptable
                0x0000000040011590        0x0 /home/fsw/rep/tasa/lib/bcc-2.2.3-gcc/bin/../sparc-gaisler-elf/bsp/leon3/leon3v7/soft/trap_table_mvt.S.o
 .rela.text     0x0000000040011590        0x0 /home/fsw/rep/tasa/lib/bcc-2.2.3-gcc/bin/../sparc-gaisler-elf/bsp/leon3/leon3v7/soft/trap_table_mvt.S.o

.ext.data       0x0000000040011590        0x0
                0x0000000040011590                . = ALIGN (0x8)
                0x0000000040011590                __extdata_start = .
 *(.data.ext)
                0x0000000040011590                . = ALIGN (0x8)
                0x0000000040011590                __extdata_end = .
                0x0000000040011590                __extdata_start_lma = LOADADDR (.ext.data)
                0x0000000000000000                __extdata_size = SIZEOF (.ext.data)

.data           0x0000000040011590      0x610
                0x0000000040011590                . = ALIGN (0x8)
                0x0000000040011590                __data_start = .
 *(.data .data.*)
 .data          0x0000000040011590        0x0 /home/fsw/rep/tasa/lib/bcc-2.2.3-gcc/bin/../sparc-gaisler-elf/bsp/leon3/leon3v7/soft/trap_table_mvt.S.o
 .data          0x0000000040011590        0x0 /home/fsw/rep/tasa/lib/bcc-2.2.3-gcc/bin/../sparc-gaisler-elf/bsp/leon3/leon3v7/soft/crt0.S.o
 .data          0x0000000040011590        0x0 /home/fsw/rep/tasa/lib/bcc-2.2.3-gcc/bin/../lib/gcc/sparc-gaisler-elf/10.2.0/leon3v7/soft/crti.o
 .data          0x0000000040011590        0x4 /home/fsw/rep/tasa/lib/bcc-2.2.3-gcc/bin/../lib/gcc/sparc-gaisler-elf/10.2.0/leon3v7/soft/crtbegin.o
                0x0000000040011590                __dso_handle
 .data          0x0000000040011594        0x0 /tmp/ccK7ILCi.o
 .data          0x0000000040011594        0x0 /home/fsw/rep/tasa/lib/bcc-2.2.3-gcc/bin/../sparc-gaisler-elf/bsp/leon3/leon3v7/soft/libbcc.a(reset_trap_mvt.S.o)
 .data          0x0000000040011594        0x0 /home/fsw/rep/tasa/lib/bcc-2.2.3-gcc/bin/../sparc-gaisler-elf/bsp/leon3/leon3v7/soft/libbcc.a(window_trap.S.o)
 .data          0x0000000040011594        0x0 /home/fsw/rep/tasa/lib/bcc-2.2.3-gcc/bin/../sparc-gaisler-elf/bsp/leon3/leon3v7/soft/libbcc.a(interrupt_trap.S.o)
 .data          0x0000000040011594        0x0 /home/fsw/rep/tasa/lib/bcc-2.2.3-gcc/bin/../sparc-gaisler-elf/bsp/leon3/leon3v7/soft/libbcc.a(flush_windows_trap.S.o)
 .data          0x0000000040011594        0x0 /home/fsw/rep/tasa/lib/bcc-2.2.3-gcc/bin/../sparc-gaisler-elf/bsp/leon3/leon3v7/soft/libbcc.a(sw_trap_set_pil.S.o)
 .data          0x0000000040011594        0x0 /home/fsw/rep/tasa/lib/bcc-2.2.3-gcc/bin/../sparc-gaisler-elf/bsp/leon3/leon3v7/soft/libbcc.a(isr.c.o)
 *fill*         0x0000000040011594        0x4 
 .data          0x0000000040011598       0x10 /home/fsw/rep/tasa/lib/bcc-2.2.3-gcc/bin/../sparc-gaisler-elf/bsp/leon3/leon3v7/soft/libbcc.a(int_nest.c.o)
                0x0000000040011598                __bcc_int_nest
 .data          0x00000000400115a8        0x0 /home/fsw/rep/tasa/lib/bcc-2.2.3-gcc/bin/../sparc-gaisler-elf/bsp/leon3/leon3v7/soft/libbcc.a(init.S.o)
 .data          0x00000000400115a8       0x10 /home/fsw/rep/tasa/lib/bcc-2.2.3-gcc/bin/../sparc-gaisler-elf/bsp/leon3/leon3v7/soft/libbcc.a(leon_info.S.o)
                0x00000000400115a8                __bcc_leon_version
                0x00000000400115ac                __bcc_nwindows_min1
                0x00000000400115b0                __bcc_nwindows
                0x00000000400115b4                __bcc_cpuid
 .data          0x00000000400115b8        0x0 /home/fsw/rep/tasa/lib/bcc-2.2.3-gcc/bin/../sparc-gaisler-elf/bsp/leon3/leon3v7/soft/libbcc.a(dwzero.S.o)
 .data          0x00000000400115b8        0x0 /home/fsw/rep/tasa/lib/bcc-2.2.3-gcc/bin/../sparc-gaisler-elf/bsp/leon3/leon3v7/soft/libbcc.a(copy_data.c.o)
 .data          0x00000000400115b8        0x4 /home/fsw/rep/tasa/lib/bcc-2.2.3-gcc/bin/../sparc-gaisler-elf/bsp/leon3/leon3v7/soft/libbcc.a(argv.c.o)
                0x00000000400115b8                __bcc_argvp
 .data          0x00000000400115bc        0x0 /home/fsw/rep/tasa/lib/bcc-2.2.3-gcc/bin/../sparc-gaisler-elf/bsp/leon3/leon3v7/soft/libbcc.a(int_irqmp_get_source.c.o)
 .data          0x00000000400115bc        0x0 /home/fsw/rep/tasa/lib/bcc-2.2.3-gcc/bin/../sparc-gaisler-elf/bsp/leon3/leon3v7/soft/libbcc.a(int_irqmp_mp.c.o)
 .data          0x00000000400115bc        0x0 /home/fsw/rep/tasa/lib/bcc-2.2.3-gcc/bin/../sparc-gaisler-elf/bsp/leon3/leon3v7/soft/libbcc.a(int_irqmp_init.c.o)
 .data          0x00000000400115bc        0x0 /home/fsw/rep/tasa/lib/bcc-2.2.3-gcc/bin/../sparc-gaisler-elf/bsp/leon3/leon3v7/soft/libbcc.a(con_apbuart_init.c.o)
 .data          0x00000000400115bc        0x0 /home/fsw/rep/tasa/lib/bcc-2.2.3-gcc/bin/../sparc-gaisler-elf/bsp/leon3/leon3v7/soft/libbcc.a(timer_gptimer_init.c.o)
 .data          0x00000000400115bc        0x0 /home/fsw/rep/tasa/lib/bcc-2.2.3-gcc/bin/../sparc-gaisler-elf/bsp/leon3/leon3v7/soft/libbcc.a(ambapp.c.o)
 .data          0x00000000400115bc        0x0 /home/fsw/rep/tasa/lib/bcc-2.2.3-gcc/bin/../sparc-gaisler-elf/bsp/leon3/leon3v7/soft/libbcc.a(ambapp_findfirst_fn.c.o)
 .data          0x00000000400115bc        0x0 /home/fsw/rep/tasa/lib/bcc-2.2.3-gcc/bin/../sparc-gaisler-elf/bsp/leon3/leon3v7/soft/libbcc.a(int_irqmp_handle.c.o)
 .data          0x00000000400115bc        0x0 /home/fsw/rep/tasa/lib/bcc-2.2.3-gcc/bin/../sparc-gaisler-elf/bsp/leon3/leon3v7/soft/libbcc.a(con_handle.c.o)
 .data          0x00000000400115bc        0x0 /home/fsw/rep/tasa/lib/bcc-2.2.3-gcc/bin/../sparc-gaisler-elf/bsp/leon3/leon3v7/soft/libbcc.a(timer_handle.c.o)
 .data          0x00000000400115bc        0x0 /home/fsw/rep/tasa/lib/bcc-2.2.3-gcc/bin/../lib/gcc/sparc-gaisler-elf/10.2.0/../../../../sparc-gaisler-elf/lib/leon3v7/soft/libc.a(lib_a-atexit.o)
 .data          0x00000000400115bc        0x0 /home/fsw/rep/tasa/lib/bcc-2.2.3-gcc/bin/../lib/gcc/sparc-gaisler-elf/10.2.0/../../../../sparc-gaisler-elf/lib/leon3v7/soft/libc.a(lib_a-exit.o)
 .data          0x00000000400115bc       0x64 /home/fsw/rep/tasa/lib/bcc-2.2.3-gcc/bin/../lib/gcc/sparc-gaisler-elf/10.2.0/../../../../sparc-gaisler-elf/lib/leon3v7/soft/libc.a(lib_a-impure.o)
                0x00000000400115bc                _impure_ptr
 .data          0x0000000040011620        0x0 /home/fsw/rep/tasa/lib/bcc-2.2.3-gcc/bin/../lib/gcc/sparc-gaisler-elf/10.2.0/../../../../sparc-gaisler-elf/lib/leon3v7/soft/libc.a(lib_a-memcpy.o)
 .data          0x0000000040011620        0x0 /home/fsw/rep/tasa/lib/bcc-2.2.3-gcc/bin/../lib/gcc/sparc-gaisler-elf/10.2.0/../../../../sparc-gaisler-elf/lib/leon3v7/soft/libc.a(lib_a-printf.o)
 .data          0x0000000040011620        0x0 /home/fsw/rep/tasa/lib/bcc-2.2.3-gcc/bin/../lib/gcc/sparc-gaisler-elf/10.2.0/../../../../sparc-gaisler-elf/lib/leon3v7/soft/libc.a(lib_a-putchar.o)
 .data          0x0000000040011620        0x0 /home/fsw/rep/tasa/lib/bcc-2.2.3-gcc/bin/../lib/gcc/sparc-gaisler-elf/10.2.0/../../../../sparc-gaisler-elf/lib/leon3v7/soft/libc.a(lib_a-puts.o)
 .data          0x0000000040011620        0x0 /home/fsw/rep/tasa/lib/bcc-2.2.3-gcc/bin/../lib/gcc/sparc-gaisler-elf/10.2.0/../../../../sparc-gaisler-elf/lib/leon3v7/soft/libc.a(lib_a-strlen.o)
 .data          0x0000000040011620        0x0 /home/fsw/rep/tasa/lib/bcc-2.2.3-gcc/bin/../lib/gcc/sparc-gaisler-elf/10.2.0/../../../../sparc-gaisler-elf/lib/leon3v7/soft/libc.a(lib_a-vfprintf.o)
 .data          0x0000000040011620        0x0 /home/fsw/rep/tasa/lib/bcc-2.2.3-gcc/bin/../lib/gcc/sparc-gaisler-elf/10.2.0/../../../../sparc-gaisler-elf/lib/leon3v7/soft/libc.a(lib_a-wsetup.o)
 .data          0x0000000040011620        0x0 /home/fsw/rep/tasa/lib/bcc-2.2.3-gcc/bin/../lib/gcc/sparc-gaisler-elf/10.2.0/../../../../sparc-gaisler-elf/lib/leon3v7/soft/libc.a(lib_a-__atexit.o)
 .data          0x0000000040011620        0x0 /home/fsw/rep/tasa/lib/bcc-2.2.3-gcc/bin/../lib/gcc/sparc-gaisler-elf/10.2.0/../../../../sparc-gaisler-elf/lib/leon3v7/soft/libc.a(lib_a-__call_atexit.o)
 .data          0x0000000040011620        0x0 /home/fsw/rep/tasa/lib/bcc-2.2.3-gcc/bin/../lib/gcc/sparc-gaisler-elf/10.2.0/../../../../sparc-gaisler-elf/lib/leon3v7/soft/libc.a(lib_a-dtoa.o)
 .data          0x0000000040011620        0x0 /home/fsw/rep/tasa/lib/bcc-2.2.3-gcc/bin/../lib/gcc/sparc-gaisler-elf/10.2.0/../../../../sparc-gaisler-elf/lib/leon3v7/soft/libc.a(lib_a-fflush.o)
 .data          0x0000000040011620        0x0 /home/fsw/rep/tasa/lib/bcc-2.2.3-gcc/bin/../lib/gcc/sparc-gaisler-elf/10.2.0/../../../../sparc-gaisler-elf/lib/leon3v7/soft/libc.a(lib_a-findfp.o)
 .data          0x0000000040011620        0x0 /home/fsw/rep/tasa/lib/bcc-2.2.3-gcc/bin/../lib/gcc/sparc-gaisler-elf/10.2.0/../../../../sparc-gaisler-elf/lib/leon3v7/soft/libc.a(lib_a-freer.o)
 .data          0x0000000040011620        0x0 /home/fsw/rep/tasa/lib/bcc-2.2.3-gcc/bin/../lib/gcc/sparc-gaisler-elf/10.2.0/../../../../sparc-gaisler-elf/lib/leon3v7/soft/libc.a(lib_a-fvwrite.o)
 .data          0x0000000040011620        0x0 /home/fsw/rep/tasa/lib/bcc-2.2.3-gcc/bin/../lib/gcc/sparc-gaisler-elf/10.2.0/../../../../sparc-gaisler-elf/lib/leon3v7/soft/libc.a(lib_a-fwalk.o)
 .data          0x0000000040011620        0x0 /home/fsw/rep/tasa/lib/bcc-2.2.3-gcc/bin/../lib/gcc/sparc-gaisler-elf/10.2.0/../../../../sparc-gaisler-elf/lib/leon3v7/soft/libc.a(lib_a-localeconv.o)
 .data          0x0000000040011620        0x0 /home/fsw/rep/tasa/lib/bcc-2.2.3-gcc/bin/../lib/gcc/sparc-gaisler-elf/10.2.0/../../../../sparc-gaisler-elf/lib/leon3v7/soft/libc.a(lib_a-makebuf.o)
 .data          0x0000000040011620        0x0 /home/fsw/rep/tasa/lib/bcc-2.2.3-gcc/bin/../lib/gcc/sparc-gaisler-elf/10.2.0/../../../../sparc-gaisler-elf/lib/leon3v7/soft/libc.a(lib_a-malloc.o)
 .data          0x0000000040011620      0x410 /home/fsw/rep/tasa/lib/bcc-2.2.3-gcc/bin/../lib/gcc/sparc-gaisler-elf/10.2.0/../../../../sparc-gaisler-elf/lib/leon3v7/soft/libc.a(lib_a-mallocr.o)
                0x0000000040011620                __malloc_sbrk_base
                0x0000000040011624                __malloc_trim_threshold
                0x0000000040011628                __malloc_av_
 .data          0x0000000040011a30        0x0 /home/fsw/rep/tasa/lib/bcc-2.2.3-gcc/bin/../lib/gcc/sparc-gaisler-elf/10.2.0/../../../../sparc-gaisler-elf/lib/leon3v7/soft/libc.a(lib_a-memchr.o)
 .data          0x0000000040011a30        0x0 /home/fsw/rep/tasa/lib/bcc-2.2.3-gcc/bin/../lib/gcc/sparc-gaisler-elf/10.2.0/../../../../sparc-gaisler-elf/lib/leon3v7/soft/libc.a(lib_a-memmove.o)
 .data          0x0000000040011a30        0x0 /home/fsw/rep/tasa/lib/bcc-2.2.3-gcc/bin/../lib/gcc/sparc-gaisler-elf/10.2.0/../../../../sparc-gaisler-elf/lib/leon3v7/soft/libc.a(lib_a-memset.o)
 .data          0x0000000040011a30        0x0 /home/fsw/rep/tasa/lib/bcc-2.2.3-gcc/bin/../lib/gcc/sparc-gaisler-elf/10.2.0/../../../../sparc-gaisler-elf/lib/leon3v7/soft/libc.a(lib_a-mlock.o)
 .data          0x0000000040011a30        0x0 /home/fsw/rep/tasa/lib/bcc-2.2.3-gcc/bin/../lib/gcc/sparc-gaisler-elf/10.2.0/../../../../sparc-gaisler-elf/lib/leon3v7/soft/libc.a(lib_a-mprec.o)
 .data          0x0000000040011a30        0x0 /home/fsw/rep/tasa/lib/bcc-2.2.3-gcc/bin/../lib/gcc/sparc-gaisler-elf/10.2.0/../../../../sparc-gaisler-elf/lib/leon3v7/soft/libc.a(lib_a-putc.o)
 .data          0x0000000040011a30        0x0 /home/fsw/rep/tasa/lib/bcc-2.2.3-gcc/bin/../lib/gcc/sparc-gaisler-elf/10.2.0/../../../../sparc-gaisler-elf/lib/leon3v7/soft/libc.a(lib_a-reallocr.o)
 .data          0x0000000040011a30        0x0 /home/fsw/rep/tasa/lib/bcc-2.2.3-gcc/bin/../lib/gcc/sparc-gaisler-elf/10.2.0/../../../../sparc-gaisler-elf/lib/leon3v7/soft/libc.a(lib_a-s_frexp.o)
 .data          0x0000000040011a30        0x0 /home/fsw/rep/tasa/lib/bcc-2.2.3-gcc/bin/../lib/gcc/sparc-gaisler-elf/10.2.0/../../../../sparc-gaisler-elf/lib/leon3v7/soft/libc.a(lib_a-sbrkr.o)
 .data          0x0000000040011a30        0x0 /home/fsw/rep/tasa/lib/bcc-2.2.3-gcc/bin/../lib/gcc/sparc-gaisler-elf/10.2.0/../../../../sparc-gaisler-elf/lib/leon3v7/soft/libc.a(lib_a-stdio.o)
 .data          0x0000000040011a30        0x0 /home/fsw/rep/tasa/lib/bcc-2.2.3-gcc/bin/../lib/gcc/sparc-gaisler-elf/10.2.0/../../../../sparc-gaisler-elf/lib/leon3v7/soft/libc.a(lib_a-strncpy.o)
 .data          0x0000000040011a30        0x0 /home/fsw/rep/tasa/lib/bcc-2.2.3-gcc/bin/../lib/gcc/sparc-gaisler-elf/10.2.0/../../../../sparc-gaisler-elf/lib/leon3v7/soft/libc.a(lib_a-vfiprintf.o)
 .data          0x0000000040011a30        0x0 /home/fsw/rep/tasa/lib/bcc-2.2.3-gcc/bin/../lib/gcc/sparc-gaisler-elf/10.2.0/../../../../sparc-gaisler-elf/lib/leon3v7/soft/libc.a(lib_a-wbuf.o)
 .data          0x0000000040011a30        0x0 /home/fsw/rep/tasa/lib/bcc-2.2.3-gcc/bin/../lib/gcc/sparc-gaisler-elf/10.2.0/../../../../sparc-gaisler-elf/lib/leon3v7/soft/libc.a(lib_a-writer.o)
 .data          0x0000000040011a30        0x0 /home/fsw/rep/tasa/lib/bcc-2.2.3-gcc/bin/../lib/gcc/sparc-gaisler-elf/10.2.0/../../../../sparc-gaisler-elf/lib/leon3v7/soft/libc.a(lib_a-callocr.o)
 .data          0x0000000040011a30        0x0 /home/fsw/rep/tasa/lib/bcc-2.2.3-gcc/bin/../lib/gcc/sparc-gaisler-elf/10.2.0/../../../../sparc-gaisler-elf/lib/leon3v7/soft/libc.a(lib_a-closer.o)
 .data          0x0000000040011a30        0x0 /home/fsw/rep/tasa/lib/bcc-2.2.3-gcc/bin/../lib/gcc/sparc-gaisler-elf/10.2.0/../../../../sparc-gaisler-elf/lib/leon3v7/soft/libc.a(lib_a-fclose.o)
 .data          0x0000000040011a30        0x0 /home/fsw/rep/tasa/lib/bcc-2.2.3-gcc/bin/../lib/gcc/sparc-gaisler-elf/10.2.0/../../../../sparc-gaisler-elf/lib/leon3v7/soft/libc.a(lib_a-fputwc.o)
 .data          0x0000000040011a30        0x0 /home/fsw/rep/tasa/lib/bcc-2.2.3-gcc/bin/../lib/gcc/sparc-gaisler-elf/10.2.0/../../../../sparc-gaisler-elf/lib/leon3v7/soft/libc.a(lib_a-fstatr.o)
 .data          0x0000000040011a30        0x0 /home/fsw/rep/tasa/lib/bcc-2.2.3-gcc/bin/../lib/gcc/sparc-gaisler-elf/10.2.0/../../../../sparc-gaisler-elf/lib/leon3v7/soft/libc.a(lib_a-isattyr.o)
 .data          0x0000000040011a30      0x16c /home/fsw/rep/tasa/lib/bcc-2.2.3-gcc/bin/../lib/gcc/sparc-gaisler-elf/10.2.0/../../../../sparc-gaisler-elf/lib/leon3v7/soft/libc.a(lib_a-locale.o)
                0x0000000040011a30                __global_locale
 .data          0x0000000040011b9c        0x0 /home/fsw/rep/tasa/lib/bcc-2.2.3-gcc/bin/../lib/gcc/sparc-gaisler-elf/10.2.0/../../../../sparc-gaisler-elf/lib/leon3v7/soft/libc.a(lib_a-lseekr.o)
 .data          0x0000000040011b9c        0x0 /home/fsw/rep/tasa/lib/bcc-2.2.3-gcc/bin/../lib/gcc/sparc-gaisler-elf/10.2.0/../../../../sparc-gaisler-elf/lib/leon3v7/soft/libc.a(lib_a-mbtowc_r.o)
 .data          0x0000000040011b9c        0x0 /home/fsw/rep/tasa/lib/bcc-2.2.3-gcc/bin/../lib/gcc/sparc-gaisler-elf/10.2.0/../../../../sparc-gaisler-elf/lib/leon3v7/soft/libc.a(lib_a-readr.o)
 .data          0x0000000040011b9c        0x0 /home/fsw/rep/tasa/lib/bcc-2.2.3-gcc/bin/../lib/gcc/sparc-gaisler-elf/10.2.0/../../../../sparc-gaisler-elf/lib/leon3v7/soft/libc.a(lib_a-reent.o)
 .data          0x0000000040011b9c        0x0 /home/fsw/rep/tasa/lib/bcc-2.2.3-gcc/bin/../lib/gcc/sparc-gaisler-elf/10.2.0/../../../../sparc-gaisler-elf/lib/leon3v7/soft/libc.a(lib_a-strcmp.o)
 .data          0x0000000040011b9c        0x0 /home/fsw/rep/tasa/lib/bcc-2.2.3-gcc/bin/../lib/gcc/sparc-gaisler-elf/10.2.0/../../../../sparc-gaisler-elf/lib/leon3v7/soft/libc.a(lib_a-wcrtomb.o)
 .data          0x0000000040011b9c        0x0 /home/fsw/rep/tasa/lib/bcc-2.2.3-gcc/bin/../lib/gcc/sparc-gaisler-elf/10.2.0/../../../../sparc-gaisler-elf/lib/leon3v7/soft/libc.a(lib_a-wctomb_r.o)
 .data          0x0000000040011b9c        0x0 /home/fsw/rep/tasa/lib/bcc-2.2.3-gcc/bin/../lib/gcc/sparc-gaisler-elf/10.2.0/../../../../sparc-gaisler-elf/lib/leon3v7/soft/libc.a(lib_a-ctype_.o)
 .data          0x0000000040011b9c        0x0 /home/fsw/rep/tasa/lib/bcc-2.2.3-gcc/bin/../sparc-gaisler-elf/bsp/leon3/leon3v7/soft/libbcc.a(_exit.S.o)
 .data          0x0000000040011b9c        0x0 /home/fsw/rep/tasa/lib/bcc-2.2.3-gcc/bin/../sparc-gaisler-elf/bsp/leon3/leon3v7/soft/libbcc.a(read.c.o)
 .data          0x0000000040011b9c        0x0 /home/fsw/rep/tasa/lib/bcc-2.2.3-gcc/bin/../sparc-gaisler-elf/bsp/leon3/leon3v7/soft/libbcc.a(sbrk.c.o)
 .data          0x0000000040011b9c        0x0 /home/fsw/rep/tasa/lib/bcc-2.2.3-gcc/bin/../sparc-gaisler-elf/bsp/leon3/leon3v7/soft/libbcc.a(heap.c.o)
 .data          0x0000000040011b9c        0x0 /home/fsw/rep/tasa/lib/bcc-2.2.3-gcc/bin/../sparc-gaisler-elf/bsp/leon3/leon3v7/soft/libbcc.a(write.c.o)
 .data          0x0000000040011b9c        0x0 /home/fsw/rep/tasa/lib/bcc-2.2.3-gcc/bin/../sparc-gaisler-elf/bsp/leon3/leon3v7/soft/libbcc.a(stubs.S.o)
 .data          0x0000000040011b9c        0x0 /home/fsw/rep/tasa/lib/bcc-2.2.3-gcc/bin/../sparc-gaisler-elf/bsp/leon3/leon3v7/soft/libbcc.a(con_apbuart.c.o)
 .data          0x0000000040011b9c        0x0 /home/fsw/rep/tasa/lib/bcc-2.2.3-gcc/bin/../lib/gcc/sparc-gaisler-elf/10.2.0/leon3v7/soft/libgcc.a(_mulsi3.o)
 .data          0x0000000040011b9c        0x0 /home/fsw/rep/tasa/lib/bcc-2.2.3-gcc/bin/../lib/gcc/sparc-gaisler-elf/10.2.0/leon3v7/soft/libgcc.a(_divsi3.o)
 .data          0x0000000040011b9c        0x0 /home/fsw/rep/tasa/lib/bcc-2.2.3-gcc/bin/../lib/gcc/sparc-gaisler-elf/10.2.0/leon3v7/soft/libgcc.a(_modsi3.o)
 .data          0x0000000040011b9c        0x0 /home/fsw/rep/tasa/lib/bcc-2.2.3-gcc/bin/../lib/gcc/sparc-gaisler-elf/10.2.0/leon3v7/soft/libgcc.a(_udivdi3.o)
 .data          0x0000000040011b9c        0x0 /home/fsw/rep/tasa/lib/bcc-2.2.3-gcc/bin/../lib/gcc/sparc-gaisler-elf/10.2.0/leon3v7/soft/libgcc.a(_umoddi3.o)
 .data          0x0000000040011b9c        0x0 /home/fsw/rep/tasa/lib/bcc-2.2.3-gcc/bin/../lib/gcc/sparc-gaisler-elf/10.2.0/leon3v7/soft/libgcc.a(_addsub_df.o)
 .data          0x0000000040011b9c        0x0 /home/fsw/rep/tasa/lib/bcc-2.2.3-gcc/bin/../lib/gcc/sparc-gaisler-elf/10.2.0/leon3v7/soft/libgcc.a(_mul_df.o)
 .data          0x0000000040011b9c        0x0 /home/fsw/rep/tasa/lib/bcc-2.2.3-gcc/bin/../lib/gcc/sparc-gaisler-elf/10.2.0/leon3v7/soft/libgcc.a(_div_df.o)
 .data          0x0000000040011b9c        0x0 /home/fsw/rep/tasa/lib/bcc-2.2.3-gcc/bin/../lib/gcc/sparc-gaisler-elf/10.2.0/leon3v7/soft/libgcc.a(_eq_df.o)
 .data          0x0000000040011b9c        0x0 /home/fsw/rep/tasa/lib/bcc-2.2.3-gcc/bin/../lib/gcc/sparc-gaisler-elf/10.2.0/leon3v7/soft/libgcc.a(_ne_df.o)
 .data          0x0000000040011b9c        0x0 /home/fsw/rep/tasa/lib/bcc-2.2.3-gcc/bin/../lib/gcc/sparc-gaisler-elf/10.2.0/leon3v7/soft/libgcc.a(_gt_df.o)
 .data          0x0000000040011b9c        0x0 /home/fsw/rep/tasa/lib/bcc-2.2.3-gcc/bin/../lib/gcc/sparc-gaisler-elf/10.2.0/leon3v7/soft/libgcc.a(_lt_df.o)
 .data          0x0000000040011b9c        0x0 /home/fsw/rep/tasa/lib/bcc-2.2.3-gcc/bin/../lib/gcc/sparc-gaisler-elf/10.2.0/leon3v7/soft/libgcc.a(_le_df.o)
 .data          0x0000000040011b9c        0x0 /home/fsw/rep/tasa/lib/bcc-2.2.3-gcc/bin/../lib/gcc/sparc-gaisler-elf/10.2.0/leon3v7/soft/libgcc.a(_unord_df.o)
 .data          0x0000000040011b9c        0x0 /home/fsw/rep/tasa/lib/bcc-2.2.3-gcc/bin/../lib/gcc/sparc-gaisler-elf/10.2.0/leon3v7/soft/libgcc.a(_si_to_df.o)
 .data          0x0000000040011b9c        0x0 /home/fsw/rep/tasa/lib/bcc-2.2.3-gcc/bin/../lib/gcc/sparc-gaisler-elf/10.2.0/leon3v7/soft/libgcc.a(_df_to_si.o)
 .data          0x0000000040011b9c        0x0 /home/fsw/rep/tasa/lib/bcc-2.2.3-gcc/bin/../lib/gcc/sparc-gaisler-elf/10.2.0/leon3v7/soft/libgcc.a(_thenan_df.o)
 .data          0x0000000040011b9c        0x0 /home/fsw/rep/tasa/lib/bcc-2.2.3-gcc/bin/../lib/gcc/sparc-gaisler-elf/10.2.0/leon3v7/soft/libgcc.a(_usi_to_df.o)
 .data          0x0000000040011b9c        0x0 /home/fsw/rep/tasa/lib/bcc-2.2.3-gcc/bin/../lib/gcc/sparc-gaisler-elf/10.2.0/leon3v7/soft/libgcc.a(_muldi3.o)
 .data          0x0000000040011b9c        0x0 /home/fsw/rep/tasa/lib/bcc-2.2.3-gcc/bin/../lib/gcc/sparc-gaisler-elf/10.2.0/leon3v7/soft/libgcc.a(_clz.o)
 .data          0x0000000040011b9c        0x0 /home/fsw/rep/tasa/lib/bcc-2.2.3-gcc/bin/../lib/gcc/sparc-gaisler-elf/10.2.0/leon3v7/soft/libgcc.a(_clzsi2.o)
 .data          0x0000000040011b9c        0x0 /home/fsw/rep/tasa/lib/bcc-2.2.3-gcc/bin/../lib/gcc/sparc-gaisler-elf/10.2.0/leon3v7/soft/libgcc.a(_pack_df.o)
 .data          0x0000000040011b9c        0x0 /home/fsw/rep/tasa/lib/bcc-2.2.3-gcc/bin/../lib/gcc/sparc-gaisler-elf/10.2.0/leon3v7/soft/libgcc.a(_unpack_df.o)
 .data          0x0000000040011b9c        0x0 /home/fsw/rep/tasa/lib/bcc-2.2.3-gcc/bin/../lib/gcc/sparc-gaisler-elf/10.2.0/leon3v7/soft/libgcc.a(_fpcmp_parts_df.o)
 .data          0x0000000040011b9c        0x0 /home/fsw/rep/tasa/lib/bcc-2.2.3-gcc/bin/../lib/gcc/sparc-gaisler-elf/10.2.0/leon3v7/soft/crtend.o
 .data          0x0000000040011b9c        0x0 /home/fsw/rep/tasa/lib/bcc-2.2.3-gcc/bin/../lib/gcc/sparc-gaisler-elf/10.2.0/leon3v7/soft/crtn.o
                0x0000000040011ba0                . = ALIGN (0x8)
 *fill*         0x0000000040011b9c        0x4 
                0x0000000040011ba0                __data_end = .
                0x0000000040011590                __data_start_lma = LOADADDR (.data)
                0x0000000000000610                __data_size = SIZEOF (.data)

.iplt           0x0000000040011ba0        0x0
 .iplt          0x0000000040011ba0        0x0 /home/fsw/rep/tasa/lib/bcc-2.2.3-gcc/bin/../sparc-gaisler-elf/bsp/leon3/leon3v7/soft/trap_table_mvt.S.o

.tm_clone_table
                0x0000000040011ba0        0x0
 .tm_clone_table
                0x0000000040011ba0        0x0 /home/fsw/rep/tasa/lib/bcc-2.2.3-gcc/bin/../lib/gcc/sparc-gaisler-elf/10.2.0/leon3v7/soft/crtbegin.o
 .tm_clone_table
                0x0000000040011ba0        0x0 /home/fsw/rep/tasa/lib/bcc-2.2.3-gcc/bin/../lib/gcc/sparc-gaisler-elf/10.2.0/leon3v7/soft/crtend.o

.bss            0x0000000040011ba0      0x1c0
                0x0000000040011ba0                . = ALIGN (0x8)
                0x0000000040011ba0                __bss_start = .
 *(.bss .bss.*)
 .bss           0x0000000040011ba0        0x0 /home/fsw/rep/tasa/lib/bcc-2.2.3-gcc/bin/../sparc-gaisler-elf/bsp/leon3/leon3v7/soft/trap_table_mvt.S.o
 .bss           0x0000000040011ba0        0x4 /home/fsw/rep/tasa/lib/bcc-2.2.3-gcc/bin/../sparc-gaisler-elf/bsp/leon3/leon3v7/soft/crt0.S.o
                0x0000000040011ba0                __bcc_sp_at_entry
 .bss           0x0000000040011ba4        0x0 /home/fsw/rep/tasa/lib/bcc-2.2.3-gcc/bin/../lib/gcc/sparc-gaisler-elf/10.2.0/leon3v7/soft/crti.o
 .bss           0x0000000040011ba4       0x20 /home/fsw/rep/tasa/lib/bcc-2.2.3-gcc/bin/../lib/gcc/sparc-gaisler-elf/10.2.0/leon3v7/soft/crtbegin.o
 .bss           0x0000000040011bc4        0x0 /tmp/ccK7ILCi.o
 .bss           0x0000000040011bc4        0x0 /home/fsw/rep/tasa/lib/bcc-2.2.3-gcc/bin/../sparc-gaisler-elf/bsp/leon3/leon3v7/soft/libbcc.a(reset_trap_mvt.S.o)
 .bss           0x0000000040011bc4        0x0 /home/fsw/rep/tasa/lib/bcc-2.2.3-gcc/bin/../sparc-gaisler-elf/bsp/leon3/leon3v7/soft/libbcc.a(window_trap.S.o)
 .bss           0x0000000040011bc4        0x0 /home/fsw/rep/tasa/lib/bcc-2.2.3-gcc/bin/../sparc-gaisler-elf/bsp/leon3/leon3v7/soft/libbcc.a(interrupt_trap.S.o)
 *fill*         0x0000000040011bc4        0x4 
 .bss           0x0000000040011bc8       0x14 /home/fsw/rep/tasa/lib/bcc-2.2.3-gcc/bin/../sparc-gaisler-elf/bsp/leon3/leon3v7/soft/libbcc.a(flush_windows_trap.S.o)
 .bss           0x0000000040011bdc        0x0 /home/fsw/rep/tasa/lib/bcc-2.2.3-gcc/bin/../sparc-gaisler-elf/bsp/leon3/leon3v7/soft/libbcc.a(sw_trap_set_pil.S.o)
 .bss           0x0000000040011bdc       0x80 /home/fsw/rep/tasa/lib/bcc-2.2.3-gcc/bin/../sparc-gaisler-elf/bsp/leon3/leon3v7/soft/libbcc.a(isr.c.o)
                0x0000000040011bdc                __bcc_isr_list
 .bss           0x0000000040011c5c        0x0 /home/fsw/rep/tasa/lib/bcc-2.2.3-gcc/bin/../sparc-gaisler-elf/bsp/leon3/leon3v7/soft/libbcc.a(int_nest.c.o)
 .bss           0x0000000040011c5c        0x0 /home/fsw/rep/tasa/lib/bcc-2.2.3-gcc/bin/../sparc-gaisler-elf/bsp/leon3/leon3v7/soft/libbcc.a(init.S.o)
 .bss           0x0000000040011c5c        0x0 /home/fsw/rep/tasa/lib/bcc-2.2.3-gcc/bin/../sparc-gaisler-elf/bsp/leon3/leon3v7/soft/libbcc.a(leon_info.S.o)
 .bss           0x0000000040011c5c        0x0 /home/fsw/rep/tasa/lib/bcc-2.2.3-gcc/bin/../sparc-gaisler-elf/bsp/leon3/leon3v7/soft/libbcc.a(dwzero.S.o)
 .bss           0x0000000040011c5c        0x0 /home/fsw/rep/tasa/lib/bcc-2.2.3-gcc/bin/../sparc-gaisler-elf/bsp/leon3/leon3v7/soft/libbcc.a(copy_data.c.o)
 .bss           0x0000000040011c5c        0x8 /home/fsw/rep/tasa/lib/bcc-2.2.3-gcc/bin/../sparc-gaisler-elf/bsp/leon3/leon3v7/soft/libbcc.a(argv.c.o)
                0x0000000040011c60                __bcc_argc
 .bss           0x0000000040011c64        0x0 /home/fsw/rep/tasa/lib/bcc-2.2.3-gcc/bin/../sparc-gaisler-elf/bsp/leon3/leon3v7/soft/libbcc.a(int_irqmp_get_source.c.o)
 .bss           0x0000000040011c64        0x0 /home/fsw/rep/tasa/lib/bcc-2.2.3-gcc/bin/../sparc-gaisler-elf/bsp/leon3/leon3v7/soft/libbcc.a(int_irqmp_mp.c.o)
 .bss           0x0000000040011c64        0x0 /home/fsw/rep/tasa/lib/bcc-2.2.3-gcc/bin/../sparc-gaisler-elf/bsp/leon3/leon3v7/soft/libbcc.a(int_irqmp_init.c.o)
 .bss           0x0000000040011c64        0x0 /home/fsw/rep/tasa/lib/bcc-2.2.3-gcc/bin/../sparc-gaisler-elf/bsp/leon3/leon3v7/soft/libbcc.a(con_apbuart_init.c.o)
 .bss           0x0000000040011c64        0x0 /home/fsw/rep/tasa/lib/bcc-2.2.3-gcc/bin/../sparc-gaisler-elf/bsp/leon3/leon3v7/soft/libbcc.a(timer_gptimer_init.c.o)
 .bss           0x0000000040011c64        0x0 /home/fsw/rep/tasa/lib/bcc-2.2.3-gcc/bin/../sparc-gaisler-elf/bsp/leon3/leon3v7/soft/libbcc.a(ambapp.c.o)
 .bss           0x0000000040011c64        0x0 /home/fsw/rep/tasa/lib/bcc-2.2.3-gcc/bin/../sparc-gaisler-elf/bsp/leon3/leon3v7/soft/libbcc.a(ambapp_findfirst_fn.c.o)
 .bss           0x0000000040011c64       0x10 /home/fsw/rep/tasa/lib/bcc-2.2.3-gcc/bin/../sparc-gaisler-elf/bsp/leon3/leon3v7/soft/libbcc.a(int_irqmp_handle.c.o)
                0x0000000040011c64                __bcc_int_irqmp_nts
                0x0000000040011c68                __bcc_int_irqmp_map
                0x0000000040011c6c                __bcc_int_irqmp_eirq
                0x0000000040011c70                __bcc_int_handle
 .bss           0x0000000040011c74        0x4 /home/fsw/rep/tasa/lib/bcc-2.2.3-gcc/bin/../sparc-gaisler-elf/bsp/leon3/leon3v7/soft/libbcc.a(con_handle.c.o)
                0x0000000040011c74                __bcc_con_handle
 .bss           0x0000000040011c78        0x8 /home/fsw/rep/tasa/lib/bcc-2.2.3-gcc/bin/../sparc-gaisler-elf/bsp/leon3/leon3v7/soft/libbcc.a(timer_handle.c.o)
                0x0000000040011c78                __bcc_timer_interrupt
                0x0000000040011c7c                __bcc_timer_handle
 .bss           0x0000000040011c80        0x0 /home/fsw/rep/tasa/lib/bcc-2.2.3-gcc/bin/../lib/gcc/sparc-gaisler-elf/10.2.0/../../../../sparc-gaisler-elf/lib/leon3v7/soft/libc.a(lib_a-atexit.o)
 .bss           0x0000000040011c80        0x0 /home/fsw/rep/tasa/lib/bcc-2.2.3-gcc/bin/../lib/gcc/sparc-gaisler-elf/10.2.0/../../../../sparc-gaisler-elf/lib/leon3v7/soft/libc.a(lib_a-exit.o)
 .bss           0x0000000040011c80        0x0 /home/fsw/rep/tasa/lib/bcc-2.2.3-gcc/bin/../lib/gcc/sparc-gaisler-elf/10.2.0/../../../../sparc-gaisler-elf/lib/leon3v7/soft/libc.a(lib_a-impure.o)
 .bss           0x0000000040011c80        0x0 /home/fsw/rep/tasa/lib/bcc-2.2.3-gcc/bin/../lib/gcc/sparc-gaisler-elf/10.2.0/../../../../sparc-gaisler-elf/lib/leon3v7/soft/libc.a(lib_a-memcpy.o)
 .bss           0x0000000040011c80        0x0 /home/fsw/rep/tasa/lib/bcc-2.2.3-gcc/bin/../lib/gcc/sparc-gaisler-elf/10.2.0/../../../../sparc-gaisler-elf/lib/leon3v7/soft/libc.a(lib_a-printf.o)
 .bss           0x0000000040011c80        0x0 /home/fsw/rep/tasa/lib/bcc-2.2.3-gcc/bin/../lib/gcc/sparc-gaisler-elf/10.2.0/../../../../sparc-gaisler-elf/lib/leon3v7/soft/libc.a(lib_a-putchar.o)
 .bss           0x0000000040011c80        0x0 /home/fsw/rep/tasa/lib/bcc-2.2.3-gcc/bin/../lib/gcc/sparc-gaisler-elf/10.2.0/../../../../sparc-gaisler-elf/lib/leon3v7/soft/libc.a(lib_a-puts.o)
 .bss           0x0000000040011c80        0x0 /home/fsw/rep/tasa/lib/bcc-2.2.3-gcc/bin/../lib/gcc/sparc-gaisler-elf/10.2.0/../../../../sparc-gaisler-elf/lib/leon3v7/soft/libc.a(lib_a-strlen.o)
 .bss           0x0000000040011c80        0x0 /home/fsw/rep/tasa/lib/bcc-2.2.3-gcc/bin/../lib/gcc/sparc-gaisler-elf/10.2.0/../../../../sparc-gaisler-elf/lib/leon3v7/soft/libc.a(lib_a-vfprintf.o)
 .bss           0x0000000040011c80        0x0 /home/fsw/rep/tasa/lib/bcc-2.2.3-gcc/bin/../lib/gcc/sparc-gaisler-elf/10.2.0/../../../../sparc-gaisler-elf/lib/leon3v7/soft/libc.a(lib_a-wsetup.o)
 .bss           0x0000000040011c80       0x8c /home/fsw/rep/tasa/lib/bcc-2.2.3-gcc/bin/../lib/gcc/sparc-gaisler-elf/10.2.0/../../../../sparc-gaisler-elf/lib/leon3v7/soft/libc.a(lib_a-__atexit.o)
 .bss           0x0000000040011d0c        0x4 /home/fsw/rep/tasa/lib/bcc-2.2.3-gcc/bin/../lib/gcc/sparc-gaisler-elf/10.2.0/../../../../sparc-gaisler-elf/lib/leon3v7/soft/libc.a(lib_a-__call_atexit.o)
                0x0000000040011d0c                _global_atexit
 .bss           0x0000000040011d10        0x0 /home/fsw/rep/tasa/lib/bcc-2.2.3-gcc/bin/../lib/gcc/sparc-gaisler-elf/10.2.0/../../../../sparc-gaisler-elf/lib/leon3v7/soft/libc.a(lib_a-dtoa.o)
 .bss           0x0000000040011d10        0x0 /home/fsw/rep/tasa/lib/bcc-2.2.3-gcc/bin/../lib/gcc/sparc-gaisler-elf/10.2.0/../../../../sparc-gaisler-elf/lib/leon3v7/soft/libc.a(lib_a-fflush.o)
 .bss           0x0000000040011d10        0x0 /home/fsw/rep/tasa/lib/bcc-2.2.3-gcc/bin/../lib/gcc/sparc-gaisler-elf/10.2.0/../../../../sparc-gaisler-elf/lib/leon3v7/soft/libc.a(lib_a-findfp.o)
 .bss           0x0000000040011d10        0x0 /home/fsw/rep/tasa/lib/bcc-2.2.3-gcc/bin/../lib/gcc/sparc-gaisler-elf/10.2.0/../../../../sparc-gaisler-elf/lib/leon3v7/soft/libc.a(lib_a-freer.o)
 .bss           0x0000000040011d10        0x0 /home/fsw/rep/tasa/lib/bcc-2.2.3-gcc/bin/../lib/gcc/sparc-gaisler-elf/10.2.0/../../../../sparc-gaisler-elf/lib/leon3v7/soft/libc.a(lib_a-fvwrite.o)
 .bss           0x0000000040011d10        0x0 /home/fsw/rep/tasa/lib/bcc-2.2.3-gcc/bin/../lib/gcc/sparc-gaisler-elf/10.2.0/../../../../sparc-gaisler-elf/lib/leon3v7/soft/libc.a(lib_a-fwalk.o)
 .bss           0x0000000040011d10        0x0 /home/fsw/rep/tasa/lib/bcc-2.2.3-gcc/bin/../lib/gcc/sparc-gaisler-elf/10.2.0/../../../../sparc-gaisler-elf/lib/leon3v7/soft/libc.a(lib_a-localeconv.o)
 .bss           0x0000000040011d10        0x0 /home/fsw/rep/tasa/lib/bcc-2.2.3-gcc/bin/../lib/gcc/sparc-gaisler-elf/10.2.0/../../../../sparc-gaisler-elf/lib/leon3v7/soft/libc.a(lib_a-makebuf.o)
 .bss           0x0000000040011d10        0x0 /home/fsw/rep/tasa/lib/bcc-2.2.3-gcc/bin/../lib/gcc/sparc-gaisler-elf/10.2.0/../../../../sparc-gaisler-elf/lib/leon3v7/soft/libc.a(lib_a-malloc.o)
 .bss           0x0000000040011d10       0x34 /home/fsw/rep/tasa/lib/bcc-2.2.3-gcc/bin/../lib/gcc/sparc-gaisler-elf/10.2.0/../../../../sparc-gaisler-elf/lib/leon3v7/soft/libc.a(lib_a-mallocr.o)
                0x0000000040011d10                __malloc_current_mallinfo
                0x0000000040011d38                __malloc_max_total_mem
                0x0000000040011d3c                __malloc_max_sbrked_mem
                0x0000000040011d40                __malloc_top_pad
 .bss           0x0000000040011d44        0x0 /home/fsw/rep/tasa/lib/bcc-2.2.3-gcc/bin/../lib/gcc/sparc-gaisler-elf/10.2.0/../../../../sparc-gaisler-elf/lib/leon3v7/soft/libc.a(lib_a-memchr.o)
 .bss           0x0000000040011d44        0x0 /home/fsw/rep/tasa/lib/bcc-2.2.3-gcc/bin/../lib/gcc/sparc-gaisler-elf/10.2.0/../../../../sparc-gaisler-elf/lib/leon3v7/soft/libc.a(lib_a-memmove.o)
 .bss           0x0000000040011d44        0x0 /home/fsw/rep/tasa/lib/bcc-2.2.3-gcc/bin/../lib/gcc/sparc-gaisler-elf/10.2.0/../../../../sparc-gaisler-elf/lib/leon3v7/soft/libc.a(lib_a-memset.o)
 .bss           0x0000000040011d44        0x0 /home/fsw/rep/tasa/lib/bcc-2.2.3-gcc/bin/../lib/gcc/sparc-gaisler-elf/10.2.0/../../../../sparc-gaisler-elf/lib/leon3v7/soft/libc.a(lib_a-mlock.o)
 .bss           0x0000000040011d44        0x0 /home/fsw/rep/tasa/lib/bcc-2.2.3-gcc/bin/../lib/gcc/sparc-gaisler-elf/10.2.0/../../../../sparc-gaisler-elf/lib/leon3v7/soft/libc.a(lib_a-mprec.o)
 .bss           0x0000000040011d44        0x0 /home/fsw/rep/tasa/lib/bcc-2.2.3-gcc/bin/../lib/gcc/sparc-gaisler-elf/10.2.0/../../../../sparc-gaisler-elf/lib/leon3v7/soft/libc.a(lib_a-putc.o)
 .bss           0x0000000040011d44        0x0 /home/fsw/rep/tasa/lib/bcc-2.2.3-gcc/bin/../lib/gcc/sparc-gaisler-elf/10.2.0/../../../../sparc-gaisler-elf/lib/leon3v7/soft/libc.a(lib_a-reallocr.o)
 .bss           0x0000000040011d44        0x0 /home/fsw/rep/tasa/lib/bcc-2.2.3-gcc/bin/../lib/gcc/sparc-gaisler-elf/10.2.0/../../../../sparc-gaisler-elf/lib/leon3v7/soft/libc.a(lib_a-s_frexp.o)
 .bss           0x0000000040011d44        0x0 /home/fsw/rep/tasa/lib/bcc-2.2.3-gcc/bin/../lib/gcc/sparc-gaisler-elf/10.2.0/../../../../sparc-gaisler-elf/lib/leon3v7/soft/libc.a(lib_a-sbrkr.o)
 .bss           0x0000000040011d44        0x0 /home/fsw/rep/tasa/lib/bcc-2.2.3-gcc/bin/../lib/gcc/sparc-gaisler-elf/10.2.0/../../../../sparc-gaisler-elf/lib/leon3v7/soft/libc.a(lib_a-stdio.o)
 .bss           0x0000000040011d44        0x0 /home/fsw/rep/tasa/lib/bcc-2.2.3-gcc/bin/../lib/gcc/sparc-gaisler-elf/10.2.0/../../../../sparc-gaisler-elf/lib/leon3v7/soft/libc.a(lib_a-strncpy.o)
 .bss           0x0000000040011d44        0x0 /home/fsw/rep/tasa/lib/bcc-2.2.3-gcc/bin/../lib/gcc/sparc-gaisler-elf/10.2.0/../../../../sparc-gaisler-elf/lib/leon3v7/soft/libc.a(lib_a-vfiprintf.o)
 .bss           0x0000000040011d44        0x0 /home/fsw/rep/tasa/lib/bcc-2.2.3-gcc/bin/../lib/gcc/sparc-gaisler-elf/10.2.0/../../../../sparc-gaisler-elf/lib/leon3v7/soft/libc.a(lib_a-wbuf.o)
 .bss           0x0000000040011d44        0x0 /home/fsw/rep/tasa/lib/bcc-2.2.3-gcc/bin/../lib/gcc/sparc-gaisler-elf/10.2.0/../../../../sparc-gaisler-elf/lib/leon3v7/soft/libc.a(lib_a-writer.o)
 .bss           0x0000000040011d44        0x0 /home/fsw/rep/tasa/lib/bcc-2.2.3-gcc/bin/../lib/gcc/sparc-gaisler-elf/10.2.0/../../../../sparc-gaisler-elf/lib/leon3v7/soft/libc.a(lib_a-callocr.o)
 .bss           0x0000000040011d44        0x0 /home/fsw/rep/tasa/lib/bcc-2.2.3-gcc/bin/../lib/gcc/sparc-gaisler-elf/10.2.0/../../../../sparc-gaisler-elf/lib/leon3v7/soft/libc.a(lib_a-closer.o)
 .bss           0x0000000040011d44        0x0 /home/fsw/rep/tasa/lib/bcc-2.2.3-gcc/bin/../lib/gcc/sparc-gaisler-elf/10.2.0/../../../../sparc-gaisler-elf/lib/leon3v7/soft/libc.a(lib_a-fclose.o)
 .bss           0x0000000040011d44        0x0 /home/fsw/rep/tasa/lib/bcc-2.2.3-gcc/bin/../lib/gcc/sparc-gaisler-elf/10.2.0/../../../../sparc-gaisler-elf/lib/leon3v7/soft/libc.a(lib_a-fputwc.o)
 .bss           0x0000000040011d44        0x0 /home/fsw/rep/tasa/lib/bcc-2.2.3-gcc/bin/../lib/gcc/sparc-gaisler-elf/10.2.0/../../../../sparc-gaisler-elf/lib/leon3v7/soft/libc.a(lib_a-fstatr.o)
 .bss           0x0000000040011d44        0x0 /home/fsw/rep/tasa/lib/bcc-2.2.3-gcc/bin/../lib/gcc/sparc-gaisler-elf/10.2.0/../../../../sparc-gaisler-elf/lib/leon3v7/soft/libc.a(lib_a-isattyr.o)
 .bss           0x0000000040011d44        0x4 /home/fsw/rep/tasa/lib/bcc-2.2.3-gcc/bin/../lib/gcc/sparc-gaisler-elf/10.2.0/../../../../sparc-gaisler-elf/lib/leon3v7/soft/libc.a(lib_a-locale.o)
                0x0000000040011d44                _PathLocale
 .bss           0x0000000040011d48        0x0 /home/fsw/rep/tasa/lib/bcc-2.2.3-gcc/bin/../lib/gcc/sparc-gaisler-elf/10.2.0/../../../../sparc-gaisler-elf/lib/leon3v7/soft/libc.a(lib_a-lseekr.o)
 .bss           0x0000000040011d48        0x0 /home/fsw/rep/tasa/lib/bcc-2.2.3-gcc/bin/../lib/gcc/sparc-gaisler-elf/10.2.0/../../../../sparc-gaisler-elf/lib/leon3v7/soft/libc.a(lib_a-mbtowc_r.o)
 .bss           0x0000000040011d48        0x0 /home/fsw/rep/tasa/lib/bcc-2.2.3-gcc/bin/../lib/gcc/sparc-gaisler-elf/10.2.0/../../../../sparc-gaisler-elf/lib/leon3v7/soft/libc.a(lib_a-readr.o)
 .bss           0x0000000040011d48        0x4 /home/fsw/rep/tasa/lib/bcc-2.2.3-gcc/bin/../lib/gcc/sparc-gaisler-elf/10.2.0/../../../../sparc-gaisler-elf/lib/leon3v7/soft/libc.a(lib_a-reent.o)
                0x0000000040011d48                errno
 .bss           0x0000000040011d4c        0x0 /home/fsw/rep/tasa/lib/bcc-2.2.3-gcc/bin/../lib/gcc/sparc-gaisler-elf/10.2.0/../../../../sparc-gaisler-elf/lib/leon3v7/soft/libc.a(lib_a-strcmp.o)
 .bss           0x0000000040011d4c        0x0 /home/fsw/rep/tasa/lib/bcc-2.2.3-gcc/bin/../lib/gcc/sparc-gaisler-elf/10.2.0/../../../../sparc-gaisler-elf/lib/leon3v7/soft/libc.a(lib_a-wcrtomb.o)
 .bss           0x0000000040011d4c        0x0 /home/fsw/rep/tasa/lib/bcc-2.2.3-gcc/bin/../lib/gcc/sparc-gaisler-elf/10.2.0/../../../../sparc-gaisler-elf/lib/leon3v7/soft/libc.a(lib_a-wctomb_r.o)
 .bss           0x0000000040011d4c        0x0 /home/fsw/rep/tasa/lib/bcc-2.2.3-gcc/bin/../lib/gcc/sparc-gaisler-elf/10.2.0/../../../../sparc-gaisler-elf/lib/leon3v7/soft/libc.a(lib_a-ctype_.o)
 .bss           0x0000000040011d4c        0x0 /home/fsw/rep/tasa/lib/bcc-2.2.3-gcc/bin/../sparc-gaisler-elf/bsp/leon3/leon3v7/soft/libbcc.a(_exit.S.o)
 .bss           0x0000000040011d4c        0x0 /home/fsw/rep/tasa/lib/bcc-2.2.3-gcc/bin/../sparc-gaisler-elf/bsp/leon3/leon3v7/soft/libbcc.a(read.c.o)
 .bss           0x0000000040011d4c        0x4 /home/fsw/rep/tasa/lib/bcc-2.2.3-gcc/bin/../sparc-gaisler-elf/bsp/leon3/leon3v7/soft/libbcc.a(sbrk.c.o)
 .bss           0x0000000040011d50        0x8 /home/fsw/rep/tasa/lib/bcc-2.2.3-gcc/bin/../sparc-gaisler-elf/bsp/leon3/leon3v7/soft/libbcc.a(heap.c.o)
                0x0000000040011d50                __bcc_heap_max
                0x0000000040011d54                __bcc_heap_min
 .bss           0x0000000040011d58        0x0 /home/fsw/rep/tasa/lib/bcc-2.2.3-gcc/bin/../sparc-gaisler-elf/bsp/leon3/leon3v7/soft/libbcc.a(write.c.o)
 .bss           0x0000000040011d58        0x0 /home/fsw/rep/tasa/lib/bcc-2.2.3-gcc/bin/../sparc-gaisler-elf/bsp/leon3/leon3v7/soft/libbcc.a(stubs.S.o)
 .bss           0x0000000040011d58        0x4 /home/fsw/rep/tasa/lib/bcc-2.2.3-gcc/bin/../sparc-gaisler-elf/bsp/leon3/leon3v7/soft/libbcc.a(con_apbuart.c.o)
 .bss           0x0000000040011d5c        0x0 /home/fsw/rep/tasa/lib/bcc-2.2.3-gcc/bin/../lib/gcc/sparc-gaisler-elf/10.2.0/leon3v7/soft/libgcc.a(_mulsi3.o)
 .bss           0x0000000040011d5c        0x0 /home/fsw/rep/tasa/lib/bcc-2.2.3-gcc/bin/../lib/gcc/sparc-gaisler-elf/10.2.0/leon3v7/soft/libgcc.a(_divsi3.o)
 .bss           0x0000000040011d5c        0x0 /home/fsw/rep/tasa/lib/bcc-2.2.3-gcc/bin/../lib/gcc/sparc-gaisler-elf/10.2.0/leon3v7/soft/libgcc.a(_modsi3.o)
 .bss           0x0000000040011d5c        0x0 /home/fsw/rep/tasa/lib/bcc-2.2.3-gcc/bin/../lib/gcc/sparc-gaisler-elf/10.2.0/leon3v7/soft/libgcc.a(_udivdi3.o)
 .bss           0x0000000040011d5c        0x0 /home/fsw/rep/tasa/lib/bcc-2.2.3-gcc/bin/../lib/gcc/sparc-gaisler-elf/10.2.0/leon3v7/soft/libgcc.a(_umoddi3.o)
 .bss           0x0000000040011d5c        0x0 /home/fsw/rep/tasa/lib/bcc-2.2.3-gcc/bin/../lib/gcc/sparc-gaisler-elf/10.2.0/leon3v7/soft/libgcc.a(_addsub_df.o)
 .bss           0x0000000040011d5c        0x0 /home/fsw/rep/tasa/lib/bcc-2.2.3-gcc/bin/../lib/gcc/sparc-gaisler-elf/10.2.0/leon3v7/soft/libgcc.a(_mul_df.o)
 .bss           0x0000000040011d5c        0x0 /home/fsw/rep/tasa/lib/bcc-2.2.3-gcc/bin/../lib/gcc/sparc-gaisler-elf/10.2.0/leon3v7/soft/libgcc.a(_div_df.o)
 .bss           0x0000000040011d5c        0x0 /home/fsw/rep/tasa/lib/bcc-2.2.3-gcc/bin/../lib/gcc/sparc-gaisler-elf/10.2.0/leon3v7/soft/libgcc.a(_eq_df.o)
 .bss           0x0000000040011d5c        0x0 /home/fsw/rep/tasa/lib/bcc-2.2.3-gcc/bin/../lib/gcc/sparc-gaisler-elf/10.2.0/leon3v7/soft/libgcc.a(_ne_df.o)
 .bss           0x0000000040011d5c        0x0 /home/fsw/rep/tasa/lib/bcc-2.2.3-gcc/bin/../lib/gcc/sparc-gaisler-elf/10.2.0/leon3v7/soft/libgcc.a(_gt_df.o)
 .bss           0x0000000040011d5c        0x0 /home/fsw/rep/tasa/lib/bcc-2.2.3-gcc/bin/../lib/gcc/sparc-gaisler-elf/10.2.0/leon3v7/soft/libgcc.a(_lt_df.o)
 .bss           0x0000000040011d5c        0x0 /home/fsw/rep/tasa/lib/bcc-2.2.3-gcc/bin/../lib/gcc/sparc-gaisler-elf/10.2.0/leon3v7/soft/libgcc.a(_le_df.o)
 .bss           0x0000000040011d5c        0x0 /home/fsw/rep/tasa/lib/bcc-2.2.3-gcc/bin/../lib/gcc/sparc-gaisler-elf/10.2.0/leon3v7/soft/libgcc.a(_unord_df.o)
 .bss           0x0000000040011d5c        0x0 /home/fsw/rep/tasa/lib/bcc-2.2.3-gcc/bin/../lib/gcc/sparc-gaisler-elf/10.2.0/leon3v7/soft/libgcc.a(_si_to_df.o)
 .bss           0x0000000040011d5c        0x0 /home/fsw/rep/tasa/lib/bcc-2.2.3-gcc/bin/../lib/gcc/sparc-gaisler-elf/10.2.0/leon3v7/soft/libgcc.a(_df_to_si.o)
 .bss           0x0000000040011d5c        0x0 /home/fsw/rep/tasa/lib/bcc-2.2.3-gcc/bin/../lib/gcc/sparc-gaisler-elf/10.2.0/leon3v7/soft/libgcc.a(_thenan_df.o)
 .bss           0x0000000040011d5c        0x0 /home/fsw/rep/tasa/lib/bcc-2.2.3-gcc/bin/../lib/gcc/sparc-gaisler-elf/10.2.0/leon3v7/soft/libgcc.a(_usi_to_df.o)
 .bss           0x0000000040011d5c        0x0 /home/fsw/rep/tasa/lib/bcc-2.2.3-gcc/bin/../lib/gcc/sparc-gaisler-elf/10.2.0/leon3v7/soft/libgcc.a(_muldi3.o)
 .bss           0x0000000040011d5c        0x0 /home/fsw/rep/tasa/lib/bcc-2.2.3-gcc/bin/../lib/gcc/sparc-gaisler-elf/10.2.0/leon3v7/soft/libgcc.a(_clz.o)
 .bss           0x0000000040011d5c        0x0 /home/fsw/rep/tasa/lib/bcc-2.2.3-gcc/bin/../lib/gcc/sparc-gaisler-elf/10.2.0/leon3v7/soft/libgcc.a(_clzsi2.o)
 .bss           0x0000000040011d5c        0x0 /home/fsw/rep/tasa/lib/bcc-2.2.3-gcc/bin/../lib/gcc/sparc-gaisler-elf/10.2.0/leon3v7/soft/libgcc.a(_pack_df.o)
 .bss           0x0000000040011d5c        0x0 /home/fsw/rep/tasa/lib/bcc-2.2.3-gcc/bin/../lib/gcc/sparc-gaisler-elf/10.2.0/leon3v7/soft/libgcc.a(_unpack_df.o)
 .bss           0x0000000040011d5c        0x0 /home/fsw/rep/tasa/lib/bcc-2.2.3-gcc/bin/../lib/gcc/sparc-gaisler-elf/10.2.0/leon3v7/soft/libgcc.a(_fpcmp_parts_df.o)
 .bss           0x0000000040011d5c        0x0 /home/fsw/rep/tasa/lib/bcc-2.2.3-gcc/bin/../lib/gcc/sparc-gaisler-elf/10.2.0/leon3v7/soft/crtend.o
 .bss           0x0000000040011d5c        0x0 /home/fsw/rep/tasa/lib/bcc-2.2.3-gcc/bin/../lib/gcc/sparc-gaisler-elf/10.2.0/leon3v7/soft/crtn.o
 *(COMMON)
                0x0000000040011d60                . = ALIGN (0x8)
 *fill*         0x0000000040011d5c        0x4 
                0x0000000040011d60                __bss_end = .
                0x0000000040011d60                __heap_min = .
                0x0000000040011d60                . = ALIGN (0x8)

.jcr
 *(.jcr)

.stab
 *(.stab)

.stabstr
 *(.stabstr)

.debug
 *(.debug)

.line
 *(.line)

.debug_srcinfo
 *(.debug_srcinfo)

.debug_sfnames
 *(.debug_sfnames)

.debug_aranges  0x0000000000000000      0xd08
 *(.debug_aranges)
 .debug_aranges
                0x0000000000000000       0x20 /home/fsw/rep/tasa/lib/bcc-2.2.3-gcc/bin/../sparc-gaisler-elf/bsp/leon3/leon3v7/soft/trap_table_mvt.S.o
 .debug_aranges
                0x0000000000000020       0x20 /home/fsw/rep/tasa/lib/bcc-2.2.3-gcc/bin/../sparc-gaisler-elf/bsp/leon3/leon3v7/soft/crt0.S.o
 .debug_aranges
                0x0000000000000040       0x20 /tmp/ccK7ILCi.o
 .debug_aranges
                0x0000000000000060       0x20 /home/fsw/rep/tasa/lib/bcc-2.2.3-gcc/bin/../sparc-gaisler-elf/bsp/leon3/leon3v7/soft/libbcc.a(reset_trap_mvt.S.o)
 .debug_aranges
                0x0000000000000080       0x20 /home/fsw/rep/tasa/lib/bcc-2.2.3-gcc/bin/../sparc-gaisler-elf/bsp/leon3/leon3v7/soft/libbcc.a(window_trap.S.o)
 .debug_aranges
                0x00000000000000a0       0x20 /home/fsw/rep/tasa/lib/bcc-2.2.3-gcc/bin/../sparc-gaisler-elf/bsp/leon3/leon3v7/soft/libbcc.a(interrupt_trap.S.o)
 .debug_aranges
                0x00000000000000c0       0x20 /home/fsw/rep/tasa/lib/bcc-2.2.3-gcc/bin/../sparc-gaisler-elf/bsp/leon3/leon3v7/soft/libbcc.a(flush_windows_trap.S.o)
 .debug_aranges
                0x00000000000000e0       0x20 /home/fsw/rep/tasa/lib/bcc-2.2.3-gcc/bin/../sparc-gaisler-elf/bsp/leon3/leon3v7/soft/libbcc.a(sw_trap_set_pil.S.o)
 .debug_aranges
                0x0000000000000100       0x18 /home/fsw/rep/tasa/lib/bcc-2.2.3-gcc/bin/../sparc-gaisler-elf/bsp/leon3/leon3v7/soft/libbcc.a(isr.c.o)
 .debug_aranges
                0x0000000000000118       0x18 /home/fsw/rep/tasa/lib/bcc-2.2.3-gcc/bin/../sparc-gaisler-elf/bsp/leon3/leon3v7/soft/libbcc.a(int_nest.c.o)
 .debug_aranges
                0x0000000000000130       0x20 /home/fsw/rep/tasa/lib/bcc-2.2.3-gcc/bin/../sparc-gaisler-elf/bsp/leon3/leon3v7/soft/libbcc.a(init.S.o)
 .debug_aranges
                0x0000000000000150       0x20 /home/fsw/rep/tasa/lib/bcc-2.2.3-gcc/bin/../sparc-gaisler-elf/bsp/leon3/leon3v7/soft/libbcc.a(leon_info.S.o)
 .debug_aranges
                0x0000000000000170       0x20 /home/fsw/rep/tasa/lib/bcc-2.2.3-gcc/bin/../sparc-gaisler-elf/bsp/leon3/leon3v7/soft/libbcc.a(dwzero.S.o)
 .debug_aranges
                0x0000000000000190       0x20 /home/fsw/rep/tasa/lib/bcc-2.2.3-gcc/bin/../sparc-gaisler-elf/bsp/leon3/leon3v7/soft/libbcc.a(copy_data.c.o)
 .debug_aranges
                0x00000000000001b0       0x18 /home/fsw/rep/tasa/lib/bcc-2.2.3-gcc/bin/../sparc-gaisler-elf/bsp/leon3/leon3v7/soft/libbcc.a(argv.c.o)
 .debug_aranges
                0x00000000000001c8       0x20 /home/fsw/rep/tasa/lib/bcc-2.2.3-gcc/bin/../sparc-gaisler-elf/bsp/leon3/leon3v7/soft/libbcc.a(int_irqmp_get_source.c.o)
 .debug_aranges
                0x00000000000001e8       0x20 /home/fsw/rep/tasa/lib/bcc-2.2.3-gcc/bin/../sparc-gaisler-elf/bsp/leon3/leon3v7/soft/libbcc.a(int_irqmp_mp.c.o)
 .debug_aranges
                0x0000000000000208       0x20 /home/fsw/rep/tasa/lib/bcc-2.2.3-gcc/bin/../sparc-gaisler-elf/bsp/leon3/leon3v7/soft/libbcc.a(int_irqmp_init.c.o)
 .debug_aranges
                0x0000000000000228       0x20 /home/fsw/rep/tasa/lib/bcc-2.2.3-gcc/bin/../sparc-gaisler-elf/bsp/leon3/leon3v7/soft/libbcc.a(con_apbuart_init.c.o)
 .debug_aranges
                0x0000000000000248       0x20 /home/fsw/rep/tasa/lib/bcc-2.2.3-gcc/bin/../sparc-gaisler-elf/bsp/leon3/leon3v7/soft/libbcc.a(timer_gptimer_init.c.o)
 .debug_aranges
                0x0000000000000268       0x20 /home/fsw/rep/tasa/lib/bcc-2.2.3-gcc/bin/../sparc-gaisler-elf/bsp/leon3/leon3v7/soft/libbcc.a(ambapp.c.o)
 .debug_aranges
                0x0000000000000288       0x20 /home/fsw/rep/tasa/lib/bcc-2.2.3-gcc/bin/../sparc-gaisler-elf/bsp/leon3/leon3v7/soft/libbcc.a(ambapp_findfirst_fn.c.o)
 .debug_aranges
                0x00000000000002a8       0x18 /home/fsw/rep/tasa/lib/bcc-2.2.3-gcc/bin/../sparc-gaisler-elf/bsp/leon3/leon3v7/soft/libbcc.a(int_irqmp_handle.c.o)
 .debug_aranges
                0x00000000000002c0       0x18 /home/fsw/rep/tasa/lib/bcc-2.2.3-gcc/bin/../sparc-gaisler-elf/bsp/leon3/leon3v7/soft/libbcc.a(con_handle.c.o)
 .debug_aranges
                0x00000000000002d8       0x18 /home/fsw/rep/tasa/lib/bcc-2.2.3-gcc/bin/../sparc-gaisler-elf/bsp/leon3/leon3v7/soft/libbcc.a(timer_handle.c.o)
 .debug_aranges
                0x00000000000002f0       0x20 /home/fsw/rep/tasa/lib/bcc-2.2.3-gcc/bin/../lib/gcc/sparc-gaisler-elf/10.2.0/../../../../sparc-gaisler-elf/lib/leon3v7/soft/libc.a(lib_a-atexit.o)
 .debug_aranges
                0x0000000000000310       0x20 /home/fsw/rep/tasa/lib/bcc-2.2.3-gcc/bin/../lib/gcc/sparc-gaisler-elf/10.2.0/../../../../sparc-gaisler-elf/lib/leon3v7/soft/libc.a(lib_a-exit.o)
 .debug_aranges
                0x0000000000000330       0x18 /home/fsw/rep/tasa/lib/bcc-2.2.3-gcc/bin/../lib/gcc/sparc-gaisler-elf/10.2.0/../../../../sparc-gaisler-elf/lib/leon3v7/soft/libc.a(lib_a-impure.o)
 .debug_aranges
                0x0000000000000348       0x20 /home/fsw/rep/tasa/lib/bcc-2.2.3-gcc/bin/../lib/gcc/sparc-gaisler-elf/10.2.0/../../../../sparc-gaisler-elf/lib/leon3v7/soft/libc.a(lib_a-memcpy.o)
 .debug_aranges
                0x0000000000000368       0x20 /home/fsw/rep/tasa/lib/bcc-2.2.3-gcc/bin/../lib/gcc/sparc-gaisler-elf/10.2.0/../../../../sparc-gaisler-elf/lib/leon3v7/soft/libc.a(lib_a-printf.o)
 .debug_aranges
                0x0000000000000388       0x20 /home/fsw/rep/tasa/lib/bcc-2.2.3-gcc/bin/../lib/gcc/sparc-gaisler-elf/10.2.0/../../../../sparc-gaisler-elf/lib/leon3v7/soft/libc.a(lib_a-putchar.o)
 .debug_aranges
                0x00000000000003a8       0x20 /home/fsw/rep/tasa/lib/bcc-2.2.3-gcc/bin/../lib/gcc/sparc-gaisler-elf/10.2.0/../../../../sparc-gaisler-elf/lib/leon3v7/soft/libc.a(lib_a-puts.o)
 .debug_aranges
                0x00000000000003c8       0x20 /home/fsw/rep/tasa/lib/bcc-2.2.3-gcc/bin/../lib/gcc/sparc-gaisler-elf/10.2.0/../../../../sparc-gaisler-elf/lib/leon3v7/soft/libc.a(lib_a-strlen.o)
 .debug_aranges
                0x00000000000003e8       0x20 /home/fsw/rep/tasa/lib/bcc-2.2.3-gcc/bin/../lib/gcc/sparc-gaisler-elf/10.2.0/../../../../sparc-gaisler-elf/lib/leon3v7/soft/libc.a(lib_a-vfprintf.o)
 .debug_aranges
                0x0000000000000408       0x20 /home/fsw/rep/tasa/lib/bcc-2.2.3-gcc/bin/../lib/gcc/sparc-gaisler-elf/10.2.0/../../../../sparc-gaisler-elf/lib/leon3v7/soft/libc.a(lib_a-wsetup.o)
 .debug_aranges
                0x0000000000000428       0x20 /home/fsw/rep/tasa/lib/bcc-2.2.3-gcc/bin/../lib/gcc/sparc-gaisler-elf/10.2.0/../../../../sparc-gaisler-elf/lib/leon3v7/soft/libc.a(lib_a-__atexit.o)
 .debug_aranges
                0x0000000000000448       0x20 /home/fsw/rep/tasa/lib/bcc-2.2.3-gcc/bin/../lib/gcc/sparc-gaisler-elf/10.2.0/../../../../sparc-gaisler-elf/lib/leon3v7/soft/libc.a(lib_a-__call_atexit.o)
 .debug_aranges
                0x0000000000000468       0x20 /home/fsw/rep/tasa/lib/bcc-2.2.3-gcc/bin/../lib/gcc/sparc-gaisler-elf/10.2.0/../../../../sparc-gaisler-elf/lib/leon3v7/soft/libc.a(lib_a-dtoa.o)
 .debug_aranges
                0x0000000000000488       0x20 /home/fsw/rep/tasa/lib/bcc-2.2.3-gcc/bin/../lib/gcc/sparc-gaisler-elf/10.2.0/../../../../sparc-gaisler-elf/lib/leon3v7/soft/libc.a(lib_a-fflush.o)
 .debug_aranges
                0x00000000000004a8       0x20 /home/fsw/rep/tasa/lib/bcc-2.2.3-gcc/bin/../lib/gcc/sparc-gaisler-elf/10.2.0/../../../../sparc-gaisler-elf/lib/leon3v7/soft/libc.a(lib_a-findfp.o)
 .debug_aranges
                0x00000000000004c8       0x20 /home/fsw/rep/tasa/lib/bcc-2.2.3-gcc/bin/../lib/gcc/sparc-gaisler-elf/10.2.0/../../../../sparc-gaisler-elf/lib/leon3v7/soft/libc.a(lib_a-freer.o)
 .debug_aranges
                0x00000000000004e8       0x20 /home/fsw/rep/tasa/lib/bcc-2.2.3-gcc/bin/../lib/gcc/sparc-gaisler-elf/10.2.0/../../../../sparc-gaisler-elf/lib/leon3v7/soft/libc.a(lib_a-fvwrite.o)
 .debug_aranges
                0x0000000000000508       0x20 /home/fsw/rep/tasa/lib/bcc-2.2.3-gcc/bin/../lib/gcc/sparc-gaisler-elf/10.2.0/../../../../sparc-gaisler-elf/lib/leon3v7/soft/libc.a(lib_a-fwalk.o)
 .debug_aranges
                0x0000000000000528       0x20 /home/fsw/rep/tasa/lib/bcc-2.2.3-gcc/bin/../lib/gcc/sparc-gaisler-elf/10.2.0/../../../../sparc-gaisler-elf/lib/leon3v7/soft/libc.a(lib_a-localeconv.o)
 .debug_aranges
                0x0000000000000548       0x20 /home/fsw/rep/tasa/lib/bcc-2.2.3-gcc/bin/../lib/gcc/sparc-gaisler-elf/10.2.0/../../../../sparc-gaisler-elf/lib/leon3v7/soft/libc.a(lib_a-makebuf.o)
 .debug_aranges
                0x0000000000000568       0x20 /home/fsw/rep/tasa/lib/bcc-2.2.3-gcc/bin/../lib/gcc/sparc-gaisler-elf/10.2.0/../../../../sparc-gaisler-elf/lib/leon3v7/soft/libc.a(lib_a-malloc.o)
 .debug_aranges
                0x0000000000000588       0x20 /home/fsw/rep/tasa/lib/bcc-2.2.3-gcc/bin/../lib/gcc/sparc-gaisler-elf/10.2.0/../../../../sparc-gaisler-elf/lib/leon3v7/soft/libc.a(lib_a-mallocr.o)
 .debug_aranges
                0x00000000000005a8       0x20 /home/fsw/rep/tasa/lib/bcc-2.2.3-gcc/bin/../lib/gcc/sparc-gaisler-elf/10.2.0/../../../../sparc-gaisler-elf/lib/leon3v7/soft/libc.a(lib_a-memchr.o)
 .debug_aranges
                0x00000000000005c8       0x20 /home/fsw/rep/tasa/lib/bcc-2.2.3-gcc/bin/../lib/gcc/sparc-gaisler-elf/10.2.0/../../../../sparc-gaisler-elf/lib/leon3v7/soft/libc.a(lib_a-memmove.o)
 .debug_aranges
                0x00000000000005e8       0x20 /home/fsw/rep/tasa/lib/bcc-2.2.3-gcc/bin/../lib/gcc/sparc-gaisler-elf/10.2.0/../../../../sparc-gaisler-elf/lib/leon3v7/soft/libc.a(lib_a-memset.o)
 .debug_aranges
                0x0000000000000608       0x20 /home/fsw/rep/tasa/lib/bcc-2.2.3-gcc/bin/../lib/gcc/sparc-gaisler-elf/10.2.0/../../../../sparc-gaisler-elf/lib/leon3v7/soft/libc.a(lib_a-mlock.o)
 .debug_aranges
                0x0000000000000628       0x20 /home/fsw/rep/tasa/lib/bcc-2.2.3-gcc/bin/../lib/gcc/sparc-gaisler-elf/10.2.0/../../../../sparc-gaisler-elf/lib/leon3v7/soft/libc.a(lib_a-mprec.o)
 .debug_aranges
                0x0000000000000648       0x20 /home/fsw/rep/tasa/lib/bcc-2.2.3-gcc/bin/../lib/gcc/sparc-gaisler-elf/10.2.0/../../../../sparc-gaisler-elf/lib/leon3v7/soft/libc.a(lib_a-putc.o)
 .debug_aranges
                0x0000000000000668       0x20 /home/fsw/rep/tasa/lib/bcc-2.2.3-gcc/bin/../lib/gcc/sparc-gaisler-elf/10.2.0/../../../../sparc-gaisler-elf/lib/leon3v7/soft/libc.a(lib_a-reallocr.o)
 .debug_aranges
                0x0000000000000688       0x20 /home/fsw/rep/tasa/lib/bcc-2.2.3-gcc/bin/../lib/gcc/sparc-gaisler-elf/10.2.0/../../../../sparc-gaisler-elf/lib/leon3v7/soft/libc.a(lib_a-s_frexp.o)
 .debug_aranges
                0x00000000000006a8       0x20 /home/fsw/rep/tasa/lib/bcc-2.2.3-gcc/bin/../lib/gcc/sparc-gaisler-elf/10.2.0/../../../../sparc-gaisler-elf/lib/leon3v7/soft/libc.a(lib_a-sbrkr.o)
 .debug_aranges
                0x00000000000006c8       0x20 /home/fsw/rep/tasa/lib/bcc-2.2.3-gcc/bin/../lib/gcc/sparc-gaisler-elf/10.2.0/../../../../sparc-gaisler-elf/lib/leon3v7/soft/libc.a(lib_a-stdio.o)
 .debug_aranges
                0x00000000000006e8       0x20 /home/fsw/rep/tasa/lib/bcc-2.2.3-gcc/bin/../lib/gcc/sparc-gaisler-elf/10.2.0/../../../../sparc-gaisler-elf/lib/leon3v7/soft/libc.a(lib_a-strncpy.o)
 .debug_aranges
                0x0000000000000708       0x20 /home/fsw/rep/tasa/lib/bcc-2.2.3-gcc/bin/../lib/gcc/sparc-gaisler-elf/10.2.0/../../../../sparc-gaisler-elf/lib/leon3v7/soft/libc.a(lib_a-vfiprintf.o)
 .debug_aranges
                0x0000000000000728       0x20 /home/fsw/rep/tasa/lib/bcc-2.2.3-gcc/bin/../lib/gcc/sparc-gaisler-elf/10.2.0/../../../../sparc-gaisler-elf/lib/leon3v7/soft/libc.a(lib_a-wbuf.o)
 .debug_aranges
                0x0000000000000748       0x20 /home/fsw/rep/tasa/lib/bcc-2.2.3-gcc/bin/../lib/gcc/sparc-gaisler-elf/10.2.0/../../../../sparc-gaisler-elf/lib/leon3v7/soft/libc.a(lib_a-writer.o)
 .debug_aranges
                0x0000000000000768       0x20 /home/fsw/rep/tasa/lib/bcc-2.2.3-gcc/bin/../lib/gcc/sparc-gaisler-elf/10.2.0/../../../../sparc-gaisler-elf/lib/leon3v7/soft/libc.a(lib_a-callocr.o)
 .debug_aranges