Archive member included to satisfy reference by file (symbol)

/home/fsw/rep/tasa/lib/bcc-2.2.3-gcc/bin/../sparc-gaisler-elf/bsp/leon3/libbcc.a(reset_trap_mvt.S.o)
                              /home/fsw/rep/tasa/lib/bcc-2.2.3-gcc/bin/../sparc-gaisler-elf/bsp/leon3/trap_table_mvt_tn0018.S.o (__bcc_trap_reset_mvt)
/home/fsw/rep/tasa/lib/bcc-2.2.3-gcc/bin/../sparc-gaisler-elf/bsp/leon3/libbcc.a(window_trap.S.o)
                              /home/fsw/rep/tasa/lib/bcc-2.2.3-gcc/bin/../sparc-gaisler-elf/bsp/leon3/trap_table_mvt_tn0018.S.o (__bcc_trap_window_overflow)
/home/fsw/rep/tasa/lib/bcc-2.2.3-gcc/bin/../sparc-gaisler-elf/bsp/leon3/libbcc.a(flush_windows_trap.S.o)
                              /home/fsw/rep/tasa/lib/bcc-2.2.3-gcc/bin/../sparc-gaisler-elf/bsp/leon3/trap_table_mvt_tn0018.S.o (__bcc_trap_flush_windows)
/home/fsw/rep/tasa/lib/bcc-2.2.3-gcc/bin/../sparc-gaisler-elf/bsp/leon3/libbcc.a(sw_trap_set_pil.S.o)
                              /home/fsw/rep/tasa/lib/bcc-2.2.3-gcc/bin/../sparc-gaisler-elf/bsp/leon3/trap_table_mvt_tn0018.S.o (__bcc_trap_sw_set_pil)
/home/fsw/rep/tasa/lib/bcc-2.2.3-gcc/bin/../sparc-gaisler-elf/bsp/leon3/libbcc.a(init.S.o)
                              /home/fsw/rep/tasa/lib/bcc-2.2.3-gcc/bin/../sparc-gaisler-elf/bsp/leon3/libbcc.a(reset_trap_mvt.S.o) (__bcc_init40)
/home/fsw/rep/tasa/lib/bcc-2.2.3-gcc/bin/../sparc-gaisler-elf/bsp/leon3/libbcc.a(leon_info.S.o)
                              /home/fsw/rep/tasa/lib/bcc-2.2.3-gcc/bin/../sparc-gaisler-elf/bsp/leon3/crt0.S.o (__bcc_get_leon_info)
/home/fsw/rep/tasa/lib/bcc-2.2.3-gcc/bin/../sparc-gaisler-elf/bsp/leon3/libbcc.a(dwzero.S.o)
                              /home/fsw/rep/tasa/lib/bcc-2.2.3-gcc/bin/../sparc-gaisler-elf/bsp/leon3/crt0.S.o (bcc_dwzero)
/home/fsw/rep/tasa/lib/bcc-2.2.3-gcc/bin/../sparc-gaisler-elf/bsp/leon3/libbcc.a(copy_data.c.o)
                              /home/fsw/rep/tasa/lib/bcc-2.2.3-gcc/bin/../sparc-gaisler-elf/bsp/leon3/crt0.S.o (__bcc_copy_data)
/home/fsw/rep/tasa/lib/bcc-2.2.3-gcc/bin/../sparc-gaisler-elf/bsp/leon3/libbcc.a(argv.c.o)
                              /home/fsw/rep/tasa/lib/bcc-2.2.3-gcc/bin/../sparc-gaisler-elf/bsp/leon3/crt0.S.o (__bcc_argvp)
/home/fsw/rep/tasa/lib/bcc-2.2.3-gcc/bin/../sparc-gaisler-elf/bsp/leon3/libbcc.a(interrupt_trap_tn0018.S.o)
                              /home/fsw/rep/tasa/lib/bcc-2.2.3-gcc/bin/../sparc-gaisler-elf/bsp/leon3/trap_table_mvt_tn0018.S.o (__bcc_trap_interrupt_tn0018)
/home/fsw/rep/tasa/lib/bcc-2.2.3-gcc/bin/../sparc-gaisler-elf/bsp/leon3/libbcc.a(int_irqmp_get_source.c.o)
                              /home/fsw/rep/tasa/lib/bcc-2.2.3-gcc/bin/../sparc-gaisler-elf/bsp/leon3/libbcc.a(interrupt_trap_tn0018.S.o) (__bcc_int_get_source)
/home/fsw/rep/tasa/lib/bcc-2.2.3-gcc/bin/../sparc-gaisler-elf/bsp/leon3/libbcc.a(int_irqmp_mp.c.o)
                              /tmp/ccBbdJF8.o (bcc_get_cpu_count)
/home/fsw/rep/tasa/lib/bcc-2.2.3-gcc/bin/../sparc-gaisler-elf/bsp/leon3/libbcc.a(int_irqmp_init.c.o)
                              /home/fsw/rep/tasa/lib/bcc-2.2.3-gcc/bin/../sparc-gaisler-elf/bsp/leon3/crt0.S.o (__bcc_int_init)
/home/fsw/rep/tasa/lib/bcc-2.2.3-gcc/bin/../sparc-gaisler-elf/bsp/leon3/libbcc.a(con_apbuart_init.c.o)
                              /home/fsw/rep/tasa/lib/bcc-2.2.3-gcc/bin/../sparc-gaisler-elf/bsp/leon3/crt0.S.o (__bcc_con_init)
/home/fsw/rep/tasa/lib/bcc-2.2.3-gcc/bin/../sparc-gaisler-elf/bsp/leon3/libbcc.a(timer_gptimer_init.c.o)
                              /home/fsw/rep/tasa/lib/bcc-2.2.3-gcc/bin/../sparc-gaisler-elf/bsp/leon3/crt0.S.o (__bcc_timer_init)
/home/fsw/rep/tasa/lib/bcc-2.2.3-gcc/bin/../sparc-gaisler-elf/bsp/leon3/libbcc.a(isr.c.o)
                              /home/fsw/rep/tasa/lib/bcc-2.2.3-gcc/bin/../sparc-gaisler-elf/bsp/leon3/libbcc.a(interrupt_trap_tn0018.S.o) (__bcc_isr_list)
/home/fsw/rep/tasa/lib/bcc-2.2.3-gcc/bin/../sparc-gaisler-elf/bsp/leon3/libbcc.a(int_nest.c.o)
                              /home/fsw/rep/tasa/lib/bcc-2.2.3-gcc/bin/../sparc-gaisler-elf/bsp/leon3/libbcc.a(interrupt_trap_tn0018.S.o) (__bcc_int_nest)
/home/fsw/rep/tasa/lib/bcc-2.2.3-gcc/bin/../sparc-gaisler-elf/bsp/leon3/libbcc.a(ambapp.c.o)
                              /home/fsw/rep/tasa/lib/bcc-2.2.3-gcc/bin/../sparc-gaisler-elf/bsp/leon3/libbcc.a(int_irqmp_init.c.o) (ambapp_visit)
/home/fsw/rep/tasa/lib/bcc-2.2.3-gcc/bin/../sparc-gaisler-elf/bsp/leon3/libbcc.a(ambapp_findfirst_fn.c.o)
                              /home/fsw/rep/tasa/lib/bcc-2.2.3-gcc/bin/../sparc-gaisler-elf/bsp/leon3/libbcc.a(int_irqmp_init.c.o) (ambapp_findfirst_fn)
/home/fsw/rep/tasa/lib/bcc-2.2.3-gcc/bin/../sparc-gaisler-elf/bsp/leon3/libbcc.a(int_irqmp_handle.c.o)
                              /home/fsw/rep/tasa/lib/bcc-2.2.3-gcc/bin/../sparc-gaisler-elf/bsp/leon3/libbcc.a(int_irqmp_init.c.o) (__bcc_int_irqmp_nts)
/home/fsw/rep/tasa/lib/bcc-2.2.3-gcc/bin/../sparc-gaisler-elf/bsp/leon3/libbcc.a(con_handle.c.o)
[...]
Memory Configuration

Name             Origin             Length             Attributes
rom              0x0000000000000000 0x0000000020000000
ram              0x0000000040000000 0x0000000040000000
*default*        0x0000000000000000 0xffffffffffffffff

Linker script and memory map

LOAD /home/fsw/rep/tasa/lib/bcc-2.2.3-gcc/bin/../sparc-gaisler-elf/bsp/leon3/trap_table_mvt_tn0018.S.o
LOAD /home/fsw/rep/tasa/lib/bcc-2.2.3-gcc/bin/../sparc-gaisler-elf/bsp/leon3/crt0.S.o
LOAD /home/fsw/rep/tasa/lib/bcc-2.2.3-gcc/bin/../lib/gcc/sparc-gaisler-elf/10.2.0/crti.o
LOAD /home/fsw/rep/tasa/lib/bcc-2.2.3-gcc/bin/../lib/gcc/sparc-gaisler-elf/10.2.0/crtbegin.o
LOAD /tmp/ccBbdJF8.o
                0x0000000000000000                PROVIDE (__bcc_cfg_skip_clear_bss = 0x0)

.text           0x0000000040000000     0xf350
 CREATE_OBJECT_SYMBOLS
                0x0000000040000000                __text_start = .
                0x0000000040000000                . = ALIGN (0x1000)
 *(.text.traptable)
 .text.traptable
                0x0000000040000000     0x1000 /home/fsw/rep/tasa/lib/bcc-2.2.3-gcc/bin/../sparc-gaisler-elf/bsp/leon3/trap_table_mvt_tn0018.S.o
                0x0000000040000000                __bcc_trap_table
                0x0000000040000000                __bcc_entry_point
 *(.text .text.*)
 .text          0x0000000040001000        0x0 /home/fsw/rep/tasa/lib/bcc-2.2.3-gcc/bin/../sparc-gaisler-elf/bsp/leon3/trap_table_mvt_tn0018.S.o
 .text          0x0000000040001000       0xc8 /home/fsw/rep/tasa/lib/bcc-2.2.3-gcc/bin/../sparc-gaisler-elf/bsp/leon3/crt0.S.o
                0x0000000040001000                __bcc_crt0
 .text          0x00000000400010c8        0x0 /home/fsw/rep/tasa/lib/bcc-2.2.3-gcc/bin/../lib/gcc/sparc-gaisler-elf/10.2.0/crti.o
 .text          0x00000000400010c8      0x188 /home/fsw/rep/tasa/lib/bcc-2.2.3-gcc/bin/../lib/gcc/sparc-gaisler-elf/10.2.0/crtbegin.o
 .text          0x0000000040001250        0x0 /tmp/ccBbdJF8.o
 .text.startup  0x0000000040001250      0x174 /tmp/ccBbdJF8.o
                0x0000000040001250                main
 .text          0x00000000400013c4       0x90 /home/fsw/rep/tasa/lib/bcc-2.2.3-gcc/bin/../sparc-gaisler-elf/bsp/leon3/libbcc.a(reset_trap_mvt.S.o)
                0x00000000400013c4                __bcc_trap_reset_mvt
 .text          0x0000000040001454       0xb0 /home/fsw/rep/tasa/lib/bcc-2.2.3-gcc/bin/../sparc-gaisler-elf/bsp/leon3/libbcc.a(window_trap.S.o)
                0x0000000040001454                __bcc_trap_window_overflow
                0x00000000400014a4                __bcc_trap_window_underflow
 .text          0x0000000040001504       0x88 /home/fsw/rep/tasa/lib/bcc-2.2.3-gcc/bin/../sparc-gaisler-elf/bsp/leon3/libbcc.a(flush_windows_trap.S.o)
                0x0000000040001504                __bcc_trap_flush_windows
 .text          0x000000004000158c       0x2c /home/fsw/rep/tasa/lib/bcc-2.2.3-gcc/bin/../sparc-gaisler-elf/bsp/leon3/libbcc.a(sw_trap_set_pil.S.o)
                0x000000004000158c                __bcc_trap_sw_set_pil
 .text          0x00000000400015b8        0x8 /home/fsw/rep/tasa/lib/bcc-2.2.3-gcc/bin/../sparc-gaisler-elf/bsp/leon3/libbcc.a(init.S.o)
                0x00000000400015b8                __bcc_init50
                0x00000000400015b8                __bcc_init40
                0x00000000400015b8                __bcc_init70
                0x00000000400015b8                __bcc_init60
 .text          0x00000000400015c0       0x98 /home/fsw/rep/tasa/lib/bcc-2.2.3-gcc/bin/../sparc-gaisler-elf/bsp/leon3/libbcc.a(leon_info.S.o)
                0x00000000400015c0                __bcc_get_leon_info
                0x0000000040001648                bcc_get_cpuid
 .text          0x0000000040001658       0x2c /home/fsw/rep/tasa/lib/bcc-2.2.3-gcc/bin/../sparc-gaisler-elf/bsp/leon3/libbcc.a(dwzero.S.o)
                0x0000000040001658                bcc_dwzero
 .text          0x0000000040001684       0x5c /home/fsw/rep/tasa/lib/bcc-2.2.3-gcc/bin/../sparc-gaisler-elf/bsp/leon3/libbcc.a(copy_data.c.o)
                0x0000000040001684                __bcc_copy_data
 .text          0x00000000400016e0        0x0 /home/fsw/rep/tasa/lib/bcc-2.2.3-gcc/bin/../sparc-gaisler-elf/bsp/leon3/libbcc.a(argv.c.o)
 .text          0x00000000400016e0      0x1e0 /home/fsw/rep/tasa/lib/bcc-2.2.3-gcc/bin/../sparc-gaisler-elf/bsp/leon3/libbcc.a(interrupt_trap_tn0018.S.o)
                0x00000000400016e0                __bcc_trap_interrupt_svt_tn0018
                0x00000000400016e4                __bcc_trap_interrupt_tn0018
 .text          0x00000000400018c0       0x48 /home/fsw/rep/tasa/lib/bcc-2.2.3-gcc/bin/../sparc-gaisler-elf/bsp/leon3/libbcc.a(int_irqmp_get_source.c.o)
                0x00000000400018c0                __bcc_int_get_source
 .text          0x0000000040001908       0x9c /home/fsw/rep/tasa/lib/bcc-2.2.3-gcc/bin/../sparc-gaisler-elf/bsp/leon3/libbcc.a(int_irqmp_mp.c.o)
                0x0000000040001908                bcc_send_interrupt
                0x0000000040001944                bcc_get_cpu_count
                0x0000000040001970                bcc_start_processor
 .text          0x00000000400019a4      0x1b0 /home/fsw/rep/tasa/lib/bcc-2.2.3-gcc/bin/../sparc-gaisler-elf/bsp/leon3/libbcc.a(int_irqmp_init.c.o)
                0x00000000400019a4                __bcc_int_init
 .text          0x0000000040001b54       0x50 /home/fsw/rep/tasa/lib/bcc-2.2.3-gcc/bin/../sparc-gaisler-elf/bsp/leon3/libbcc.a(con_apbuart_init.c.o)
                0x0000000040001b54                __bcc_con_init
 .text          0x0000000040001ba4       0x6c /home/fsw/rep/tasa/lib/bcc-2.2.3-gcc/bin/../sparc-gaisler-elf/bsp/leon3/libbcc.a(timer_gptimer_init.c.o)
                0x0000000040001ba4                __bcc_timer_init
 .text          0x0000000040001c10        0x0 /home/fsw/rep/tasa/lib/bcc-2.2.3-gcc/bin/../sparc-gaisler-elf/bsp/leon3/libbcc.a(isr.c.o)
 .text          0x0000000040001c10        0x0 /home/fsw/rep/tasa/lib/bcc-2.2.3-gcc/bin/../sparc-gaisler-elf/bsp/leon3/libbcc.a(int_nest.c.o)
 .text          0x0000000040001c10      0x72c /home/fsw/rep/tasa/lib/bcc-2.2.3-gcc/bin/../sparc-gaisler-elf/bsp/leon3/libbcc.a(ambapp.c.o)
                0x0000000040001c10                ambapp_get_ahbinfo
                0x0000000040002280                ambapp_get_apbinfo
                0x0000000040002308                ambapp_visit
 .text          0x000000004000233c       0x74 /home/fsw/rep/tasa/lib/bcc-2.2.3-gcc/bin/../sparc-gaisler-elf/bsp/leon3/libbcc.a(ambapp_findfirst_fn.c.o)
                0x000000004000233c                ambapp_findfirst_fn
 .text          0x00000000400023b0        0x0 /home/fsw/rep/tasa/lib/bcc-2.2.3-gcc/bin/../sparc-gaisler-elf/bsp/leon3/libbcc.a(int_irqmp_handle.c.o)
 .text          0x00000000400023b0        0x0 /home/fsw/rep/tasa/lib/bcc-2.2.3-gcc/bin/../sparc-gaisler-elf/bsp/leon3/libbcc.a(con_handle.c.o)
 .text          0x00000000400023b0        0x0 /home/fsw/rep/tasa/lib/bcc-2.2.3-gcc/bin/../sparc-gaisler-elf/bsp/leon3/libbcc.a(timer_handle.c.o)
 .text          0x00000000400023b0       0x1c /home/fsw/rep/tasa/lib/bcc-2.2.3-gcc/bin/../lib/gcc/sparc-gaisler-elf/10.2.0/../../../../sparc-gaisler-elf/lib/libc.a(lib_a-atexit.o)
                0x00000000400023b0                atexit
 .text          0x00000000400023cc       0x3c /home/fsw/rep/tasa/lib/bcc-2.2.3-gcc/bin/../lib/gcc/sparc-gaisler-elf/10.2.0/../../../../sparc-gaisler-elf/lib/libc.a(lib_a-exit.o)
                0x00000000400023cc                exit
 .text          0x0000000040002408        0x0 /home/fsw/rep/tasa/lib/bcc-2.2.3-gcc/bin/../lib/gcc/sparc-gaisler-elf/10.2.0/../../../../sparc-gaisler-elf/lib/libc.a(lib_a-impure.o)
 .text          0x0000000040002408      0x1ac /home/fsw/rep/tasa/lib/bcc-2.2.3-gcc/bin/../lib/gcc/sparc-gaisler-elf/10.2.0/../../../../sparc-gaisler-elf/lib/libc.a(lib_a-memcpy.o)
                0x0000000040002408                memcpy
 .text          0x00000000400025b4       0xf0 /home/fsw/rep/tasa/lib/bcc-2.2.3-gcc/bin/../lib/gcc/sparc-gaisler-elf/10.2.0/../../../../sparc-gaisler-elf/lib/libc.a(lib_a-printf.o)
                0x00000000400025b4                _printf_r
                0x0000000040002628                printf
 .text          0x00000000400026a4       0x8c /home/fsw/rep/tasa/lib/bcc-2.2.3-gcc/bin/../lib/gcc/sparc-gaisler-elf/10.2.0/../../../../sparc-gaisler-elf/lib/libc.a(lib_a-putchar.o)
                0x00000000400026a4                _putchar_r
                0x00000000400026e4                putchar
 .text          0x0000000040002730      0x250 /home/fsw/rep/tasa/lib/bcc-2.2.3-gcc/bin/../lib/gcc/sparc-gaisler-elf/10.2.0/../../../../sparc-gaisler-elf/lib/libc.a(lib_a-puts.o)
                0x0000000040002730                _puts_r
                0x0000000040002854                puts
 .text          0x0000000040002980       0xac /home/fsw/rep/tasa/lib/bcc-2.2.3-gcc/bin/../lib/gcc/sparc-gaisler-elf/10.2.0/../../../../sparc-gaisler-elf/lib/libc.a(lib_a-strlen.o)
                0x0000000040002980                strlen
 .text          0x0000000040002a2c     0x2d0c /home/fsw/rep/tasa/lib/bcc-2.2.3-gcc/bin/../lib/gcc/sparc-gaisler-elf/10.2.0/../../../../sparc-gaisler-elf/lib/libc.a(lib_a-vfprintf.o)
                0x0000000040002b98                _vfprintf_r
                0x000000004000566c                vfprintf
 .text          0x0000000040005738      0x1c4 /home/fsw/rep/tasa/lib/bcc-2.2.3-gcc/bin/../lib/gcc/sparc-gaisler-elf/10.2.0/../../../../sparc-gaisler-elf/lib/libc.a(lib_a-wsetup.o)
                0x0000000040005738                __swsetup_r
 .text          0x00000000400058fc      0x158 /home/fsw/rep/tasa/lib/bcc-2.2.3-gcc/bin/../lib/gcc/sparc-gaisler-elf/10.2.0/../../../../sparc-gaisler-elf/lib/libc.a(lib_a-__atexit.o)
                0x00000000400058fc                __register_exitproc
 .text          0x0000000040005a54      0x2b8 /home/fsw/rep/tasa/lib/bcc-2.2.3-gcc/bin/../lib/gcc/sparc-gaisler-elf/10.2.0/../../../../sparc-gaisler-elf/lib/libc.a(lib_a-__call_atexit.o)
                0x0000000040005a54                __call_exitprocs
 .text          0x0000000040005d0c     0x1518 /home/fsw/rep/tasa/lib/bcc-2.2.3-gcc/bin/../lib/gcc/sparc-gaisler-elf/10.2.0/../../../../sparc-gaisler-elf/lib/libc.a(lib_a-dtoa.o)
                0x0000000040005f14                _dtoa_r
 .text          0x0000000040007224      0x3d8 /home/fsw/rep/tasa/lib/bcc-2.2.3-gcc/bin/../lib/gcc/sparc-gaisler-elf/10.2.0/../../../../sparc-gaisler-elf/lib/libc.a(lib_a-fflush.o)
                0x0000000040007224                __sflush_r
                0x000000004000747c                _fflush_r
                0x000000004000751c                fflush
 .text          0x00000000400075fc      0x340 /home/fsw/rep/tasa/lib/bcc-2.2.3-gcc/bin/../lib/gcc/sparc-gaisler-elf/10.2.0/../../../../sparc-gaisler-elf/lib/libc.a(lib_a-findfp.o)
                0x00000000400075fc                _cleanup_r
                0x0000000040007610                __sfmoreglue
                0x0000000040007664                __sfp
                0x00000000400078fc                _cleanup
                0x0000000040007918                __sinit
 .text          0x000000004000793c      0x3fc /home/fsw/rep/tasa/lib/bcc-2.2.3-gcc/bin/../lib/gcc/sparc-gaisler-elf/10.2.0/../../../../sparc-gaisler-elf/lib/libc.a(lib_a-freer.o)
                0x000000004000793c                _malloc_trim_r
                0x0000000040007a2c                _free_r
 .text          0x0000000040007d38      0x4f0 /home/fsw/rep/tasa/lib/bcc-2.2.3-gcc/bin/../lib/gcc/sparc-gaisler-elf/10.2.0/../../../../sparc-gaisler-elf/lib/libc.a(lib_a-fvwrite.o)
                0x0000000040007d38                __sfvwrite_r
 .text          0x0000000040008228       0xe0 /home/fsw/rep/tasa/lib/bcc-2.2.3-gcc/bin/../lib/gcc/sparc-gaisler-elf/10.2.0/../../../../sparc-gaisler-elf/lib/libc.a(lib_a-fwalk.o)
                0x0000000040008228                _fwalk
                0x0000000040008298                _fwalk_reent
 .text          0x0000000040008308       0x60 /home/fsw/rep/tasa/lib/bcc-2.2.3-gcc/bin/../lib/gcc/sparc-gaisler-elf/10.2.0/../../../../sparc-gaisler-elf/lib/libc.a(lib_a-localeconv.o)
                0x0000000040008308                __localeconv_l
                0x0000000040008310                _localeconv_r
                0x000000004000833c                localeconv
 .text          0x0000000040008368      0x1e8 /home/fsw/rep/tasa/lib/bcc-2.2.3-gcc/bin/../lib/gcc/sparc-gaisler-elf/10.2.0/../../../../sparc-gaisler-elf/lib/libc.a(lib_a-makebuf.o)
                0x0000000040008368                __smakebuf_r
                0x00000000400084cc                __swhatbuf_r
 .text          0x0000000040008550       0x30 /home/fsw/rep/tasa/lib/bcc-2.2.3-gcc/bin/../lib/gcc/sparc-gaisler-elf/10.2.0/../../../../sparc-gaisler-elf/lib/libc.a(lib_a-malloc.o)
                0x0000000040008550                malloc
                0x0000000040008568                free
 .text          0x0000000040008580      0x7d4 /home/fsw/rep/tasa/lib/bcc-2.2.3-gcc/bin/../lib/gcc/sparc-gaisler-elf/10.2.0/../../../../sparc-gaisler-elf/lib/libc.a(lib_a-mallocr.o)
                0x0000000040008580                _malloc_r
 .text          0x0000000040008d54       0xf8 /home/fsw/rep/tasa/lib/bcc-2.2.3-gcc/bin/../lib/gcc/sparc-gaisler-elf/10.2.0/../../../../sparc-gaisler-elf/lib/libc.a(lib_a-memchr.o)
                0x0000000040008d54                memchr
 .text          0x0000000040008e4c      0x1fc /home/fsw/rep/tasa/lib/bcc-2.2.3-gcc/bin/../lib/gcc/sparc-gaisler-elf/10.2.0/../../../../sparc-gaisler-elf/lib/libc.a(lib_a-memmove.o)
                0x0000000040008e4c                memmove
 .text          0x0000000040009048      0x124 /home/fsw/rep/tasa/lib/bcc-2.2.3-gcc/bin/../lib/gcc/sparc-gaisler-elf/10.2.0/../../../../sparc-gaisler-elf/lib/libc.a(lib_a-memset.o)
                0x0000000040009048                memset
 .text          0x000000004000916c       0x10 /home/fsw/rep/tasa/lib/bcc-2.2.3-gcc/bin/../lib/gcc/sparc-gaisler-elf/10.2.0/../../../../sparc-gaisler-elf/lib/libc.a(lib_a-mlock.o)
                0x000000004000916c                __malloc_lock
                0x0000000040009174                __malloc_unlock
 .text          0x000000004000917c     0x16f8 /home/fsw/rep/tasa/lib/bcc-2.2.3-gcc/bin/../lib/gcc/sparc-gaisler-elf/10.2.0/../../../../sparc-gaisler-elf/lib/libc.a(lib_a-mprec.o)
                0x000000004000917c                _Balloc
                0x000000004000924c                _Bfree
                0x00000000400092ac                __multadd
                0x00000000400093c4                __s2b
                0x000000004000949c                __hi0bits
                0x000000004000952c                __lo0bits
                0x0000000040009608                __i2b
                0x00000000400096e8                __multiply
                0x0000000040009948                __pow5mult
                0x0000000040009ad4                __lshift
                0x0000000040009c98                __mcmp
                0x0000000040009d00                __mdiff
                0x0000000040009f20                __ulp
                0x0000000040009fb0                __b2d
                0x000000004000a154                __d2b
                0x000000004000a514                __ratio
                0x000000004000a72c                _mprec_log10
                0x000000004000a76c                __copybits
                0x000000004000a7f0                __any_on
 .text          0x000000004000a874      0x1c0 /home/fsw/rep/tasa/lib/bcc-2.2.3-gcc/bin/../lib/gcc/sparc-gaisler-elf/10.2.0/../../../../sparc-gaisler-elf/lib/libc.a(lib_a-putc.o)
                0x000000004000a874                _putc_r
                0x000000004000a94c                putc
 .text          0x000000004000aa34      0x500 /home/fsw/rep/tasa/lib/bcc-2.2.3-gcc/bin/../lib/gcc/sparc-gaisler-elf/10.2.0/../../../../sparc-gaisler-elf/lib/libc.a(lib_a-reallocr.o)
                0x000000004000aa34                _realloc_r
 .text          0x000000004000af34       0x98 /home/fsw/rep/tasa/lib/bcc-2.2.3-gcc/bin/../lib/gcc/sparc-gaisler-elf/10.2.0/../../../../sparc-gaisler-elf/lib/libc.a(lib_a-s_frexp.o)
                0x000000004000af34                frexp
 .text          0x000000004000afcc       0x40 /home/fsw/rep/tasa/lib/bcc-2.2.3-gcc/bin/../lib/gcc/sparc-gaisler-elf/10.2.0/../../../../sparc-gaisler-elf/lib/libc.a(lib_a-sbrkr.o)
                0x000000004000afcc                _sbrk_r
 .text          0x000000004000b00c      0x114 /home/fsw/rep/tasa/lib/bcc-2.2.3-gcc/bin/../lib/gcc/sparc-gaisler-elf/10.2.0/../../../../sparc-gaisler-elf/lib/libc.a(lib_a-stdio.o)
                0x000000004000b00c                __sread
                0x000000004000b058                __seofread
                0x000000004000b060                __swrite
                0x000000004000b0bc                __sseek
                0x000000004000b110                __sclose
 .text          0x000000004000b120      0x1ac /home/fsw/rep/tasa/lib/bcc-2.2.3-gcc/bin/../lib/gcc/sparc-gaisler-elf/10.2.0/../../../../sparc-gaisler-elf/lib/libc.a(lib_a-strncpy.o)
                0x000000004000b120                strncpy
 .text          0x000000004000b2cc     0x1e5c /home/fsw/rep/tasa/lib/bcc-2.2.3-gcc/bin/../lib/gcc/sparc-gaisler-elf/10.2.0/../../../../sparc-gaisler-elf/lib/libc.a(lib_a-vfiprintf.o)
                0x000000004000b438                __sprint_r
                0x000000004000b504                _vfiprintf_r
                0x000000004000d05c                vfiprintf
 .text          0x000000004000d128      0x354 /home/fsw/rep/tasa/lib/bcc-2.2.3-gcc/bin/../lib/gcc/sparc-gaisler-elf/10.2.0/../../../../sparc-gaisler-elf/lib/libc.a(lib_a-wbuf.o)
                0x000000004000d128                __swbuf_r
                0x000000004000d2cc                __swbuf
 .text          0x000000004000d47c       0x48 /home/fsw/rep/tasa/lib/bcc-2.2.3-gcc/bin/../lib/gcc/sparc-gaisler-elf/10.2.0/../../../../sparc-gaisler-elf/lib/libc.a(lib_a-writer.o)
                0x000000004000d47c                _write_r
 .text          0x000000004000d4c4       0xa4 /home/fsw/rep/tasa/lib/bcc-2.2.3-gcc/bin/../lib/gcc/sparc-gaisler-elf/10.2.0/../../../../sparc-gaisler-elf/lib/libc.a(lib_a-callocr.o)
                0x000000004000d4c4                _calloc_r
 .text          0x000000004000d568       0x40 /home/fsw/rep/tasa/lib/bcc-2.2.3-gcc/bin/../lib/gcc/sparc-gaisler-elf/10.2.0/../../../../sparc-gaisler-elf/lib/libc.a(lib_a-closer.o)
                0x000000004000d568                _close_r
 .text          0x000000004000d5a8      0x294 /home/fsw/rep/tasa/lib/bcc-2.2.3-gcc/bin/../lib/gcc/sparc-gaisler-elf/10.2.0/../../../../sparc-gaisler-elf/lib/libc.a(lib_a-fclose.o)
                0x000000004000d5a8                _fclose_r
                0x000000004000d6f0                fclose
 .text          0x000000004000d83c      0x1d4 /home/fsw/rep/tasa/lib/bcc-2.2.3-gcc/bin/../lib/gcc/sparc-gaisler-elf/10.2.0/../../../../sparc-gaisler-elf/lib/libc.a(lib_a-fputwc.o)
                0x000000004000d83c                __fputwc
                0x000000004000d924                _fputwc_r
                0x000000004000d954                fputwc
 .text          0x000000004000da10       0x44 /home/fsw/rep/tasa/lib/bcc-2.2.3-gcc/bin/../lib/gcc/sparc-gaisler-elf/10.2.0/../../../../sparc-gaisler-elf/lib/libc.a(lib_a-fstatr.o)
                0x000000004000da10                _fstat_r
 .text          0x000000004000da54       0x40 /home/fsw/rep/tasa/lib/bcc-2.2.3-gcc/bin/../lib/gcc/sparc-gaisler-elf/10.2.0/../../../../sparc-gaisler-elf/lib/libc.a(lib_a-isattyr.o)
                0x000000004000da54                _isatty_r
 .text          0x000000004000da94      0x148 /home/fsw/rep/tasa/lib/bcc-2.2.3-gcc/bin/../lib/gcc/sparc-gaisler-elf/10.2.0/../../../../sparc-gaisler-elf/lib/libc.a(lib_a-locale.o)
                0x000000004000da94                _setlocale_r
                0x000000004000db08                __locale_mb_cur_max
                0x000000004000db34                __locale_ctype_ptr_l
                0x000000004000db3c                __locale_ctype_ptr
                0x000000004000db68                setlocale
 .text          0x000000004000dbdc       0x48 /home/fsw/rep/tasa/lib/bcc-2.2.3-gcc/bin/../lib/gcc/sparc-gaisler-elf/10.2.0/../../../../sparc-gaisler-elf/lib/libc.a(lib_a-lseekr.o)
                0x000000004000dbdc                _lseek_r
 .text          0x000000004000dc24       0xb8 /home/fsw/rep/tasa/lib/bcc-2.2.3-gcc/bin/../lib/gcc/sparc-gaisler-elf/10.2.0/../../../../sparc-gaisler-elf/lib/libc.a(lib_a-mbtowc_r.o)
                0x000000004000dc24                _mbtowc_r
                0x000000004000dc88                __ascii_mbtowc
 .text          0x000000004000dcdc       0x48 /home/fsw/rep/tasa/lib/bcc-2.2.3-gcc/bin/../lib/gcc/sparc-gaisler-elf/10.2.0/../../../../sparc-gaisler-elf/lib/libc.a(lib_a-readr.o)
                0x000000004000dcdc                _read_r
 .text          0x000000004000dd24      0x31c /home/fsw/rep/tasa/lib/bcc-2.2.3-gcc/bin/../lib/gcc/sparc-gaisler-elf/10.2.0/../../../../sparc-gaisler-elf/lib/libc.a(lib_a-reent.o)
                0x000000004000dd24                cleanup_glue
                0x000000004000dd9c                _reclaim_reent
 .text          0x000000004000e040       0xc0 /home/fsw/rep/tasa/lib/bcc-2.2.3-gcc/bin/../lib/gcc/sparc-gaisler-elf/10.2.0/../../../../sparc-gaisler-elf/lib/libc.a(lib_a-strcmp.o)
                0x000000004000e040                strcmp
 .text          0x000000004000e100      0x144 /home/fsw/rep/tasa/lib/bcc-2.2.3-gcc/bin/../lib/gcc/sparc-gaisler-elf/10.2.0/../../../../sparc-gaisler-elf/lib/libc.a(lib_a-wcrtomb.o)
                0x000000004000e100                _wcrtomb_r
                0x000000004000e1a4                wcrtomb
 .text          0x000000004000e244       0x9c /home/fsw/rep/tasa/lib/bcc-2.2.3-gcc/bin/../lib/gcc/sparc-gaisler-elf/10.2.0/../../../../sparc-gaisler-elf/lib/libc.a(lib_a-wctomb_r.o)
                0x000000004000e244                _wctomb_r
                0x000000004000e2a0                __ascii_wctomb
 .text          0x000000004000e2e0        0x0 /home/fsw/rep/tasa/lib/bcc-2.2.3-gcc/bin/../lib/gcc/sparc-gaisler-elf/10.2.0/../../../../sparc-gaisler-elf/lib/libc.a(lib_a-ctype_.o)
 .text          0x000000004000e2e0       0x10 /home/fsw/rep/tasa/lib/bcc-2.2.3-gcc/bin/../sparc-gaisler-elf/bsp/leon3/libbcc.a(_exit.S.o)
                0x000000004000e2e0                _exit
 .text          0x000000004000e2f0       0x4c /home/fsw/rep/tasa/lib/bcc-2.2.3-gcc/bin/../sparc-gaisler-elf/bsp/leon3/libbcc.a(read.c.o)
                0x000000004000e2f0                read
 .text          0x000000004000e33c       0xb0 /home/fsw/rep/tasa/lib/bcc-2.2.3-gcc/bin/../sparc-gaisler-elf/bsp/leon3/libbcc.a(sbrk.c.o)
                0x000000004000e33c                sbrk
 .text          0x000000004000e3ec        0x0 /home/fsw/rep/tasa/lib/bcc-2.2.3-gcc/bin/../sparc-gaisler-elf/bsp/leon3/libbcc.a(heap.c.o)
 .text          0x000000004000e3ec       0x64 /home/fsw/rep/tasa/lib/bcc-2.2.3-gcc/bin/../sparc-gaisler-elf/bsp/leon3/libbcc.a(write.c.o)
                0x000000004000e3ec                write
 .text          0x000000004000e450       0x20 /home/fsw/rep/tasa/lib/bcc-2.2.3-gcc/bin/../sparc-gaisler-elf/bsp/leon3/libbcc.a(stubs.S.o)
                0x000000004000e450                execve
                0x000000004000e450                lseek
                0x000000004000e450                fstat
                0x000000004000e450                kill
                0x000000004000e450                wait
                0x000000004000e450                unlink
                0x000000004000e450                fork
                0x000000004000e450                stat
                0x000000004000e450                link
                0x000000004000e450                open
                0x000000004000e450                close
                0x000000004000e468                getpid
                0x000000004000e468                isatty
 .text          0x000000004000e470       0xc4 /home/fsw/rep/tasa/lib/bcc-2.2.3-gcc/bin/../sparc-gaisler-elf/bsp/leon3/libbcc.a(con_apbuart.c.o)
                0x000000004000e470                __bcc_con_outbyte
                0x000000004000e500                __bcc_con_inbyte
 .text          0x000000004000e534       0xe8 /home/fsw/rep/tasa/lib/bcc-2.2.3-gcc/bin/../lib/gcc/sparc-gaisler-elf/10.2.0/libgcc.a(_mulsi3.o)
                0x000000004000e534                .umul
 .text          0x000000004000e61c      0x2b0 /home/fsw/rep/tasa/lib/bcc-2.2.3-gcc/bin/../lib/gcc/sparc-gaisler-elf/10.2.0/libgcc.a(_divsi3.o)
                0x000000004000e61c                .udiv
                0x000000004000e624                .div
 .text          0x000000004000e8cc      0x2b0 /home/fsw/rep/tasa/lib/bcc-2.2.3-gcc/bin/../lib/gcc/sparc-gaisler-elf/10.2.0/libgcc.a(_modsi3.o)
                0x000000004000e8cc                .urem
                0x000000004000e8d4                .rem
 .text          0x000000004000eb7c      0x354 /home/fsw/rep/tasa/lib/bcc-2.2.3-gcc/bin/../lib/gcc/sparc-gaisler-elf/10.2.0/libgcc.a(_udivdi3.o)
                0x000000004000eb7c                __udivdi3
 .text          0x000000004000eed0      0x370 /home/fsw/rep/tasa/lib/bcc-2.2.3-gcc/bin/../lib/gcc/sparc-gaisler-elf/10.2.0/libgcc.a(_umoddi3.o)
                0x000000004000eed0                __umoddi3
 .text          0x000000004000f240        0x0 /home/fsw/rep/tasa/lib/bcc-2.2.3-gcc/bin/../lib/gcc/sparc-gaisler-elf/10.2.0/libgcc.a(_clz.o)
 .text          0x000000004000f240       0x48 /home/fsw/rep/tasa/lib/bcc-2.2.3-gcc/bin/../lib/gcc/sparc-gaisler-elf/10.2.0/crtend.o
 .text          0x000000004000f288        0x0 /home/fsw/rep/tasa/lib/bcc-2.2.3-gcc/bin/../lib/gcc/sparc-gaisler-elf/10.2.0/crtn.o
                0x000000004000f290                . = ALIGN (0x10)
 *fill*         0x000000004000f288        0x8 
 *(.eh_frame)
 .eh_frame      0x000000004000f290        0x0 /home/fsw/rep/tasa/lib/bcc-2.2.3-gcc/bin/../lib/gcc/sparc-gaisler-elf/10.2.0/crtbegin.o
 .eh_frame      0x000000004000f290       0x2c /home/fsw/rep/tasa/lib/bcc-2.2.3-gcc/bin/../lib/gcc/sparc-gaisler-elf/10.2.0/libgcc.a(_udivdi3.o)
 .eh_frame      0x000000004000f2bc       0x2c /home/fsw/rep/tasa/lib/bcc-2.2.3-gcc/bin/../lib/gcc/sparc-gaisler-elf/10.2.0/libgcc.a(_umoddi3.o)
 .eh_frame      0x000000004000f2e8        0x4 /home/fsw/rep/tasa/lib/bcc-2.2.3-gcc/bin/../lib/gcc/sparc-gaisler-elf/10.2.0/crtend.o
                0x000000004000f2f0                . = ALIGN (0x10)
 *fill*         0x000000004000f2ec        0x4 
 *(.gnu.linkonce.t*)
                0x000000004000f2f0                ___CTOR_LIST__ = .
                0x000000004000f2f0        0x4 LONG 0x2 (((___CTOR_END__ - ___CTOR_LIST__) / 0x4) - 0x2)
 *(SORT_BY_NAME(.ctors.*))
 *(.ctors)
 .ctors         0x000000004000f2f4        0x4 /home/fsw/rep/tasa/lib/bcc-2.2.3-gcc/bin/../lib/gcc/sparc-gaisler-elf/10.2.0/crtbegin.o
 .ctors         0x000000004000f2f8        0x4 /home/fsw/rep/tasa/lib/bcc-2.2.3-gcc/bin/../lib/gcc/sparc-gaisler-elf/10.2.0/crtend.o
                0x000000004000f2fc        0x4 LONG 0x0
                0x000000004000f300                ___CTOR_END__ = .
                0x000000004000f300                ___DTOR_LIST__ = .
                0x000000004000f300        0x4 LONG 0x2 (((___DTOR_END__ - ___DTOR_LIST__) / 0x4) - 0x2)
 *(SORT_BY_NAME(.dtors.*))
 *(.dtors)
 .dtors         0x000000004000f304        0x4 /home/fsw/rep/tasa/lib/bcc-2.2.3-gcc/bin/../lib/gcc/sparc-gaisler-elf/10.2.0/crtbegin.o
 .dtors         0x000000004000f308        0x4 /home/fsw/rep/tasa/lib/bcc-2.2.3-gcc/bin/../lib/gcc/sparc-gaisler-elf/10.2.0/crtend.o
                0x000000004000f308                __DTOR_END__
                0x000000004000f30c        0x4 LONG 0x0
                0x000000004000f310                ___DTOR_END__ = .
 *(.gnu.linkonce*)
 *(.init)
 .init          0x000000004000f310        0x4 /home/fsw/rep/tasa/lib/bcc-2.2.3-gcc/bin/../lib/gcc/sparc-gaisler-elf/10.2.0/crti.o
                0x000000004000f310                _init
 .init          0x000000004000f314        0x8 /home/fsw/rep/tasa/lib/bcc-2.2.3-gcc/bin/../lib/gcc/sparc-gaisler-elf/10.2.0/crtbegin.o
 .init          0x000000004000f31c        0x8 /home/fsw/rep/tasa/lib/bcc-2.2.3-gcc/bin/../lib/gcc/sparc-gaisler-elf/10.2.0/crtend.o
 .init          0x000000004000f324        0xc /home/fsw/rep/tasa/lib/bcc-2.2.3-gcc/bin/../lib/gcc/sparc-gaisler-elf/10.2.0/crtn.o
 *(.fini)
 .fini          0x000000004000f330        0x4 /home/fsw/rep/tasa/lib/bcc-2.2.3-gcc/bin/../lib/gcc/sparc-gaisler-elf/10.2.0/crti.o
                0x000000004000f330                _fini
 .fini          0x000000004000f334        0x8 /home/fsw/rep/tasa/lib/bcc-2.2.3-gcc/bin/../lib/gcc/sparc-gaisler-elf/10.2.0/crtbegin.o
 .fini          0x000000004000f33c        0xc /home/fsw/rep/tasa/lib/bcc-2.2.3-gcc/bin/../lib/gcc/sparc-gaisler-elf/10.2.0/crtn.o
 *(.lit)
 *(.shdata)
                0x000000004000f350                . = ALIGN (0x10)
 *fill*         0x000000004000f348        0x8 
                0x000000004000f350                __text_end = .

.gcc_except_table
 *(.gcc_except_table.*)

.rodata         0x000000004000f350      0x740
                0x000000004000f350                __rodata_start = .
 *(.rodata*)
 .rodata.str1.8
                0x000000004000f350       0xcf /tmp/ccBbdJF8.o
 *fill*         0x000000004000f41f        0x1 
 .rodata        0x000000004000f420        0x5 /tmp/ccBbdJF8.o
 *fill*         0x000000004000f425        0x3 
 .rodata        0x000000004000f428        0x4 /home/fsw/rep/tasa/lib/bcc-2.2.3-gcc/bin/../lib/gcc/sparc-gaisler-elf/10.2.0/../../../../sparc-gaisler-elf/lib/libc.a(lib_a-impure.o)
                0x000000004000f428                _global_impure_ptr
 *fill*         0x000000004000f42c        0x4 
 .rodata.str1.8
                0x000000004000f430        0x2 /home/fsw/rep/tasa/lib/bcc-2.2.3-gcc/bin/../lib/gcc/sparc-gaisler-elf/10.2.0/../../../../sparc-gaisler-elf/lib/libc.a(lib_a-puts.o)
 *fill*         0x000000004000f432        0x6 
 .rodata.str1.8
                0x000000004000f438       0x5a /home/fsw/rep/tasa/lib/bcc-2.2.3-gcc/bin/../lib/gcc/sparc-gaisler-elf/10.2.0/../../../../sparc-gaisler-elf/lib/libc.a(lib_a-vfprintf.o)
 *fill*         0x000000004000f492        0x6 
 .rodata.cst8   0x000000004000f498       0x28 /home/fsw/rep/tasa/lib/bcc-2.2.3-gcc/bin/../lib/gcc/sparc-gaisler-elf/10.2.0/../../../../sparc-gaisler-elf/lib/libc.a(lib_a-vfprintf.o)
 .rodata        0x000000004000f4c0       0x20 /home/fsw/rep/tasa/lib/bcc-2.2.3-gcc/bin/../lib/gcc/sparc-gaisler-elf/10.2.0/../../../../sparc-gaisler-elf/lib/libc.a(lib_a-vfprintf.o)
 .rodata.str1.8
                0x000000004000f4e0       0x14 /home/fsw/rep/tasa/lib/bcc-2.2.3-gcc/bin/../lib/gcc/sparc-gaisler-elf/10.2.0/../../../../sparc-gaisler-elf/lib/libc.a(lib_a-dtoa.o)
                                         0x1a (size before relaxing)
 *fill*         0x000000004000f4f4        0x4 
 .rodata.cst8   0x000000004000f4f8       0x48 /home/fsw/rep/tasa/lib/bcc-2.2.3-gcc/bin/../lib/gcc/sparc-gaisler-elf/10.2.0/../../../../sparc-gaisler-elf/lib/libc.a(lib_a-dtoa.o)
                                         0x50 (size before relaxing)
 .rodata        0x000000004000f540       0x60 /home/fsw/rep/tasa/lib/bcc-2.2.3-gcc/bin/../lib/gcc/sparc-gaisler-elf/10.2.0/../../../../sparc-gaisler-elf/lib/libc.a(lib_a-findfp.o)
                0x000000004000f540                __sf_fake_stderr
                0x000000004000f560                __sf_fake_stdout
                0x000000004000f580                __sf_fake_stdin
 .rodata.cst8   0x000000004000f5a0       0x10 /home/fsw/rep/tasa/lib/bcc-2.2.3-gcc/bin/../lib/gcc/sparc-gaisler-elf/10.2.0/../../../../sparc-gaisler-elf/lib/libc.a(lib_a-mprec.o)
 .rodata        0x000000004000f5a0      0x128 /home/fsw/rep/tasa/lib/bcc-2.2.3-gcc/bin/../lib/gcc/sparc-gaisler-elf/10.2.0/../../../../sparc-gaisler-elf/lib/libc.a(lib_a-mprec.o)
                0x000000004000f5b0                __mprec_tinytens
                0x000000004000f5d8                __mprec_bigtens
                0x000000004000f600                __mprec_tens
 .rodata.cst8   0x000000004000f6c8        0x8 /home/fsw/rep/tasa/lib/bcc-2.2.3-gcc/bin/../lib/gcc/sparc-gaisler-elf/10.2.0/../../../../sparc-gaisler-elf/lib/libc.a(lib_a-s_frexp.o)
 .rodata.str1.8
                0x000000004000f6d0       0x37 /home/fsw/rep/tasa/lib/bcc-2.2.3-gcc/bin/../lib/gcc/sparc-gaisler-elf/10.2.0/../../../../sparc-gaisler-elf/lib/libc.a(lib_a-vfiprintf.o)
 .rodata        0x000000004000f6d0       0x20 /home/fsw/rep/tasa/lib/bcc-2.2.3-gcc/bin/../lib/gcc/sparc-gaisler-elf/10.2.0/../../../../sparc-gaisler-elf/lib/libc.a(lib_a-vfiprintf.o)
 .rodata.str1.8
                0x000000004000f6f0       0x12 /home/fsw/rep/tasa/lib/bcc-2.2.3-gcc/bin/../lib/gcc/sparc-gaisler-elf/10.2.0/../../../../sparc-gaisler-elf/lib/libc.a(lib_a-locale.o)
                                         0x1a (size before relaxing)
 *fill*         0x000000004000f702        0x6 
 .rodata        0x000000004000f708      0x288 /home/fsw/rep/tasa/lib/bcc-2.2.3-gcc/bin/../lib/gcc/sparc-gaisler-elf/10.2.0/../../../../sparc-gaisler-elf/lib/libc.a(lib_a-ctype_.o)
                0x000000004000f708                _ctype_
                0x000000004000f810                _ctype_b
 .rodata        0x000000004000f990      0x100 /home/fsw/rep/tasa/lib/bcc-2.2.3-gcc/bin/../lib/gcc/sparc-gaisler-elf/10.2.0/libgcc.a(_clz.o)
                0x000000004000f990                __clz_tab
 *(.gnu.linkonce.r*)
                0x000000004000fa90                . = ALIGN (0x10)
                0x000000004000fa90                __rodata_end = .

.rela.dyn       0x000000004000fa90        0x0
 .rela.iplt     0x000000004000fa90        0x0 /home/fsw/rep/tasa/lib/bcc-2.2.3-gcc/bin/../sparc-gaisler-elf/bsp/leon3/trap_table_mvt_tn0018.S.o
 .rela.text.traptable
                0x000000004000fa90        0x0 /home/fsw/rep/tasa/lib/bcc-2.2.3-gcc/bin/../sparc-gaisler-elf/bsp/leon3/trap_table_mvt_tn0018.S.o
 .rela.text     0x000000004000fa90        0x0 /home/fsw/rep/tasa/lib/bcc-2.2.3-gcc/bin/../sparc-gaisler-elf/bsp/leon3/trap_table_mvt_tn0018.S.o

.ext.data       0x000000004000fa90        0x0
                0x000000004000fa90                . = ALIGN (0x8)
                0x000000004000fa90                __extdata_start = .
 *(.data.ext)
                0x000000004000fa90                . = ALIGN (0x8)
                0x000000004000fa90                __extdata_end = .
                0x000000004000fa90                __extdata_start_lma = LOADADDR (.ext.data)
                0x0000000000000000                __extdata_size = SIZEOF (.ext.data)

.data           0x000000004000fa90      0x608
                0x000000004000fa90                . = ALIGN (0x8)
                0x000000004000fa90                __data_start = .
 *(.data .data.*)
 .data          0x000000004000fa90        0x0 /home/fsw/rep/tasa/lib/bcc-2.2.3-gcc/bin/../sparc-gaisler-elf/bsp/leon3/trap_table_mvt_tn0018.S.o
 .data          0x000000004000fa90        0x0 /home/fsw/rep/tasa/lib/bcc-2.2.3-gcc/bin/../sparc-gaisler-elf/bsp/leon3/crt0.S.o
 .data          0x000000004000fa90        0x0 /home/fsw/rep/tasa/lib/bcc-2.2.3-gcc/bin/../lib/gcc/sparc-gaisler-elf/10.2.0/crti.o
 .data          0x000000004000fa90        0x4 /home/fsw/rep/tasa/lib/bcc-2.2.3-gcc/bin/../lib/gcc/sparc-gaisler-elf/10.2.0/crtbegin.o
                0x000000004000fa90                __dso_handle
 .data          0x000000004000fa94        0x0 /tmp/ccBbdJF8.o
 .data          0x000000004000fa94        0x0 /home/fsw/rep/tasa/lib/bcc-2.2.3-gcc/bin/../sparc-gaisler-elf/bsp/leon3/libbcc.a(reset_trap_mvt.S.o)
 .data          0x000000004000fa94        0x0 /home/fsw/rep/tasa/lib/bcc-2.2.3-gcc/bin/../sparc-gaisler-elf/bsp/leon3/libbcc.a(window_trap.S.o)
 .data          0x000000004000fa94        0x0 /home/fsw/rep/tasa/lib/bcc-2.2.3-gcc/bin/../sparc-gaisler-elf/bsp/leon3/libbcc.a(flush_windows_trap.S.o)
 .data          0x000000004000fa94        0x0 /home/fsw/rep/tasa/lib/bcc-2.2.3-gcc/bin/../sparc-gaisler-elf/bsp/leon3/libbcc.a(sw_trap_set_pil.S.o)
 .data          0x000000004000fa94        0x0 /home/fsw/rep/tasa/lib/bcc-2.2.3-gcc/bin/../sparc-gaisler-elf/bsp/leon3/libbcc.a(init.S.o)
 .data          0x000000004000fa94       0x10 /home/fsw/rep/tasa/lib/bcc-2.2.3-gcc/bin/../sparc-gaisler-elf/bsp/leon3/libbcc.a(leon_info.S.o)
                0x000000004000fa94                __bcc_leon_version
                0x000000004000fa98                __bcc_nwindows_min1
                0x000000004000fa9c                __bcc_nwindows
                0x000000004000faa0                __bcc_cpuid
 .data          0x000000004000faa4        0x0 /home/fsw/rep/tasa/lib/bcc-2.2.3-gcc/bin/../sparc-gaisler-elf/bsp/leon3/libbcc.a(dwzero.S.o)
 .data          0x000000004000faa4        0x0 /home/fsw/rep/tasa/lib/bcc-2.2.3-gcc/bin/../sparc-gaisler-elf/bsp/leon3/libbcc.a(copy_data.c.o)
 .data          0x000000004000faa4        0x4 /home/fsw/rep/tasa/lib/bcc-2.2.3-gcc/bin/../sparc-gaisler-elf/bsp/leon3/libbcc.a(argv.c.o)
                0x000000004000faa4                __bcc_argvp
 .data          0x000000004000faa8        0x0 /home/fsw/rep/tasa/lib/bcc-2.2.3-gcc/bin/../sparc-gaisler-elf/bsp/leon3/libbcc.a(interrupt_trap_tn0018.S.o)
 .data          0x000000004000faa8        0x0 /home/fsw/rep/tasa/lib/bcc-2.2.3-gcc/bin/../sparc-gaisler-elf/bsp/leon3/libbcc.a(int_irqmp_get_source.c.o)
 .data          0x000000004000faa8        0x0 /home/fsw/rep/tasa/lib/bcc-2.2.3-gcc/bin/../sparc-gaisler-elf/bsp/leon3/libbcc.a(int_irqmp_mp.c.o)
 .data          0x000000004000faa8        0x0 /home/fsw/rep/tasa/lib/bcc-2.2.3-gcc/bin/../sparc-gaisler-elf/bsp/leon3/libbcc.a(int_irqmp_init.c.o)
 .data          0x000000004000faa8        0x0 /home/fsw/rep/tasa/lib/bcc-2.2.3-gcc/bin/../sparc-gaisler-elf/bsp/leon3/libbcc.a(con_apbuart_init.c.o)
 .data          0x000000004000faa8        0x0 /home/fsw/rep/tasa/lib/bcc-2.2.3-gcc/bin/../sparc-gaisler-elf/bsp/leon3/libbcc.a(timer_gptimer_init.c.o)
 .data          0x000000004000faa8        0x0 /home/fsw/rep/tasa/lib/bcc-2.2.3-gcc/bin/../sparc-gaisler-elf/bsp/leon3/libbcc.a(isr.c.o)
 .data          0x000000004000faa8       0x10 /home/fsw/rep/tasa/lib/bcc-2.2.3-gcc/bin/../sparc-gaisler-elf/bsp/leon3/libbcc.a(int_nest.c.o)
                0x000000004000faa8                __bcc_int_nest
 .data          0x000000004000fab8        0x0 /home/fsw/rep/tasa/lib/bcc-2.2.3-gcc/bin/../sparc-gaisler-elf/bsp/leon3/libbcc.a(ambapp.c.o)
 .data          0x000000004000fab8        0x0 /home/fsw/rep/tasa/lib/bcc-2.2.3-gcc/bin/../sparc-gaisler-elf/bsp/leon3/libbcc.a(ambapp_findfirst_fn.c.o)
 .data          0x000000004000fab8        0x0 /home/fsw/rep/tasa/lib/bcc-2.2.3-gcc/bin/../sparc-gaisler-elf/bsp/leon3/libbcc.a(int_irqmp_handle.c.o)
 .data          0x000000004000fab8        0x0 /home/fsw/rep/tasa/lib/bcc-2.2.3-gcc/bin/../sparc-gaisler-elf/bsp/leon3/libbcc.a(con_handle.c.o)
 .data          0x000000004000fab8        0x0 /home/fsw/rep/tasa/lib/bcc-2.2.3-gcc/bin/../sparc-gaisler-elf/bsp/leon3/libbcc.a(timer_handle.c.o)
 .data          0x000000004000fab8        0x0 /home/fsw/rep/tasa/lib/bcc-2.2.3-gcc/bin/../lib/gcc/sparc-gaisler-elf/10.2.0/../../../../sparc-gaisler-elf/lib/libc.a(lib_a-atexit.o)
 .data          0x000000004000fab8        0x0 /home/fsw/rep/tasa/lib/bcc-2.2.3-gcc/bin/../lib/gcc/sparc-gaisler-elf/10.2.0/../../../../sparc-gaisler-elf/lib/libc.a(lib_a-exit.o)
 .data          0x000000004000fab8       0x64 /home/fsw/rep/tasa/lib/bcc-2.2.3-gcc/bin/../lib/gcc/sparc-gaisler-elf/10.2.0/../../../../sparc-gaisler-elf/lib/libc.a(lib_a-impure.o)
                0x000000004000fab8                _impure_ptr
 .data          0x000000004000fb1c        0x0 /home/fsw/rep/tasa/lib/bcc-2.2.3-gcc/bin/../lib/gcc/sparc-gaisler-elf/10.2.0/../../../../sparc-gaisler-elf/lib/libc.a(lib_a-memcpy.o)
 .data          0x000000004000fb1c        0x0 /home/fsw/rep/tasa/lib/bcc-2.2.3-gcc/bin/../lib/gcc/sparc-gaisler-elf/10.2.0/../../../../sparc-gaisler-elf/lib/libc.a(lib_a-printf.o)
 .data          0x000000004000fb1c        0x0 /home/fsw/rep/tasa/lib/bcc-2.2.3-gcc/bin/../lib/gcc/sparc-gaisler-elf/10.2.0/../../../../sparc-gaisler-elf/lib/libc.a(lib_a-putchar.o)
 .data          0x000000004000fb1c        0x0 /home/fsw/rep/tasa/lib/bcc-2.2.3-gcc/bin/../lib/gcc/sparc-gaisler-elf/10.2.0/../../../../sparc-gaisler-elf/lib/libc.a(lib_a-puts.o)
 .data          0x000000004000fb1c        0x0 /home/fsw/rep/tasa/lib/bcc-2.2.3-gcc/bin/../lib/gcc/sparc-gaisler-elf/10.2.0/../../../../sparc-gaisler-elf/lib/libc.a(lib_a-strlen.o)
 .data          0x000000004000fb1c        0x0 /home/fsw/rep/tasa/lib/bcc-2.2.3-gcc/bin/../lib/gcc/sparc-gaisler-elf/10.2.0/../../../../sparc-gaisler-elf/lib/libc.a(lib_a-vfprintf.o)
 .data          0x000000004000fb1c        0x0 /home/fsw/rep/tasa/lib/bcc-2.2.3-gcc/bin/../lib/gcc/sparc-gaisler-elf/10.2.0/../../../../sparc-gaisler-elf/lib/libc.a(lib_a-wsetup.o)
 .data          0x000000004000fb1c        0x0 /home/fsw/rep/tasa/lib/bcc-2.2.3-gcc/bin/../lib/gcc/sparc-gaisler-elf/10.2.0/../../../../sparc-gaisler-elf/lib/libc.a(lib_a-__atexit.o)
 .data          0x000000004000fb1c        0x0 /home/fsw/rep/tasa/lib/bcc-2.2.3-gcc/bin/../lib/gcc/sparc-gaisler-elf/10.2.0/../../../../sparc-gaisler-elf/lib/libc.a(lib_a-__call_atexit.o)
 .data          0x000000004000fb1c        0x0 /home/fsw/rep/tasa/lib/bcc-2.2.3-gcc/bin/../lib/gcc/sparc-gaisler-elf/10.2.0/../../../../sparc-gaisler-elf/lib/libc.a(lib_a-dtoa.o)
 .data          0x000000004000fb1c        0x0 /home/fsw/rep/tasa/lib/bcc-2.2.3-gcc/bin/../lib/gcc/sparc-gaisler-elf/10.2.0/../../../../sparc-gaisler-elf/lib/libc.a(lib_a-fflush.o)
 .data          0x000000004000fb1c        0x0 /home/fsw/rep/tasa/lib/bcc-2.2.3-gcc/bin/../lib/gcc/sparc-gaisler-elf/10.2.0/../../../../sparc-gaisler-elf/lib/libc.a(lib_a-findfp.o)
 .data          0x000000004000fb1c        0x0 /home/fsw/rep/tasa/lib/bcc-2.2.3-gcc/bin/../lib/gcc/sparc-gaisler-elf/10.2.0/../../../../sparc-gaisler-elf/lib/libc.a(lib_a-freer.o)
 .data          0x000000004000fb1c        0x0 /home/fsw/rep/tasa/lib/bcc-2.2.3-gcc/bin/../lib/gcc/sparc-gaisler-elf/10.2.0/../../../../sparc-gaisler-elf/lib/libc.a(lib_a-fvwrite.o)
 .data          0x000000004000fb1c        0x0 /home/fsw/rep/tasa/lib/bcc-2.2.3-gcc/bin/../lib/gcc/sparc-gaisler-elf/10.2.0/../../../../sparc-gaisler-elf/lib/libc.a(lib_a-fwalk.o)
 .data          0x000000004000fb1c        0x0 /home/fsw/rep/tasa/lib/bcc-2.2.3-gcc/bin/../lib/gcc/sparc-gaisler-elf/10.2.0/../../../../sparc-gaisler-elf/lib/libc.a(lib_a-localeconv.o)
 .data          0x000000004000fb1c        0x0 /home/fsw/rep/tasa/lib/bcc-2.2.3-gcc/bin/../lib/gcc/sparc-gaisler-elf/10.2.0/../../../../sparc-gaisler-elf/lib/libc.a(lib_a-makebuf.o)
 .data          0x000000004000fb1c        0x0 /home/fsw/rep/tasa/lib/bcc-2.2.3-gcc/bin/../lib/gcc/sparc-gaisler-elf/10.2.0/../../../../sparc-gaisler-elf/lib/libc.a(lib_a-malloc.o)
 .data          0x000000004000fb1c      0x410 /home/fsw/rep/tasa/lib/bcc-2.2.3-gcc/bin/../lib/gcc/sparc-gaisler-elf/10.2.0/../../../../sparc-gaisler-elf/lib/libc.a(lib_a-mallocr.o)
                0x000000004000fb1c                __malloc_sbrk_base
                0x000000004000fb20                __malloc_trim_threshold
                0x000000004000fb24                __malloc_av_
 .data          0x000000004000ff2c        0x0 /home/fsw/rep/tasa/lib/bcc-2.2.3-gcc/bin/../lib/gcc/sparc-gaisler-elf/10.2.0/../../../../sparc-gaisler-elf/lib/libc.a(lib_a-memchr.o)
 .data          0x000000004000ff2c        0x0 /home/fsw/rep/tasa/lib/bcc-2.2.3-gcc/bin/../lib/gcc/sparc-gaisler-elf/10.2.0/../../../../sparc-gaisler-elf/lib/libc.a(lib_a-memmove.o)
 .data          0x000000004000ff2c        0x0 /home/fsw/rep/tasa/lib/bcc-2.2.3-gcc/bin/../lib/gcc/sparc-gaisler-elf/10.2.0/../../../../sparc-gaisler-elf/lib/libc.a(lib_a-memset.o)
 .data          0x000000004000ff2c        0x0 /home/fsw/rep/tasa/lib/bcc-2.2.3-gcc/bin/../lib/gcc/sparc-gaisler-elf/10.2.0/../../../../sparc-gaisler-elf/lib/libc.a(lib_a-mlock.o)
 .data          0x000000004000ff2c        0x0 /home/fsw/rep/tasa/lib/bcc-2.2.3-gcc/bin/../lib/gcc/sparc-gaisler-elf/10.2.0/../../../../sparc-gaisler-elf/lib/libc.a(lib_a-mprec.o)
 .data          0x000000004000ff2c        0x0 /home/fsw/rep/tasa/lib/bcc-2.2.3-gcc/bin/../lib/gcc/sparc-gaisler-elf/10.2.0/../../../../sparc-gaisler-elf/lib/libc.a(lib_a-putc.o)
 .data          0x000000004000ff2c        0x0 /home/fsw/rep/tasa/lib/bcc-2.2.3-gcc/bin/../lib/gcc/sparc-gaisler-elf/10.2.0/../../../../sparc-gaisler-elf/lib/libc.a(lib_a-reallocr.o)
 .data          0x000000004000ff2c        0x0 /home/fsw/rep/tasa/lib/bcc-2.2.3-gcc/bin/../lib/gcc/sparc-gaisler-elf/10.2.0/../../../../sparc-gaisler-elf/lib/libc.a(lib_a-s_frexp.o)
 .data          0x000000004000ff2c        0x0 /home/fsw/rep/tasa/lib/bcc-2.2.3-gcc/bin/../lib/gcc/sparc-gaisler-elf/10.2.0/../../../../sparc-gaisler-elf/lib/libc.a(lib_a-sbrkr.o)
 .data          0x000000004000ff2c        0x0 /home/fsw/rep/tasa/lib/bcc-2.2.3-gcc/bin/../lib/gcc/sparc-gaisler-elf/10.2.0/../../../../sparc-gaisler-elf/lib/libc.a(lib_a-stdio.o)
 .data          0x000000004000ff2c        0x0 /home/fsw/rep/tasa/lib/bcc-2.2.3-gcc/bin/../lib/gcc/sparc-gaisler-elf/10.2.0/../../../../sparc-gaisler-elf/lib/libc.a(lib_a-strncpy.o)
 .data          0x000000004000ff2c        0x0 /home/fsw/rep/tasa/lib/bcc-2.2.3-gcc/bin/../lib/gcc/sparc-gaisler-elf/10.2.0/../../../../sparc-gaisler-elf/lib/libc.a(lib_a-vfiprintf.o)
 .data          0x000000004000ff2c        0x0 /home/fsw/rep/tasa/lib/bcc-2.2.3-gcc/bin/../lib/gcc/sparc-gaisler-elf/10.2.0/../../../../sparc-gaisler-elf/lib/libc.a(lib_a-wbuf.o)
 .data          0x000000004000ff2c        0x0 /home/fsw/rep/tasa/lib/bcc-2.2.3-gcc/bin/../lib/gcc/sparc-gaisler-elf/10.2.0/../../../../sparc-gaisler-elf/lib/libc.a(lib_a-writer.o)
 .data          0x000000004000ff2c        0x0 /home/fsw/rep/tasa/lib/bcc-2.2.3-gcc/bin/../lib/gcc/sparc-gaisler-elf/10.2.0/../../../../sparc-gaisler-elf/lib/libc.a(lib_a-callocr.o)
 .data          0x000000004000ff2c        0x0 /home/fsw/rep/tasa/lib/bcc-2.2.3-gcc/bin/../lib/gcc/sparc-gaisler-elf/10.2.0/../../../../sparc-gaisler-elf/lib/libc.a(lib_a-closer.o)
 .data          0x000000004000ff2c        0x0 /home/fsw/rep/tasa/lib/bcc-2.2.3-gcc/bin/../lib/gcc/sparc-gaisler-elf/10.2.0/../../../../sparc-gaisler-elf/lib/libc.a(lib_a-fclose.o)
 .data          0x000000004000ff2c        0x0 /home/fsw/rep/tasa/lib/bcc-2.2.3-gcc/bin/../lib/gcc/sparc-gaisler-elf/10.2.0/../../../../sparc-gaisler-elf/lib/libc.a(lib_a-fputwc.o)
 .data          0x000000004000ff2c        0x0 /home/fsw/rep/tasa/lib/bcc-2.2.3-gcc/bin/../lib/gcc/sparc-gaisler-elf/10.2.0/../../../../sparc-gaisler-elf/lib/libc.a(lib_a-fstatr.o)
 .data          0x000000004000ff2c        0x0 /home/fsw/rep/tasa/lib/bcc-2.2.3-gcc/bin/../lib/gcc/sparc-gaisler-elf/10.2.0/../../../../sparc-gaisler-elf/lib/libc.a(lib_a-isattyr.o)
 .data          0x000000004000ff2c      0x16c /home/fsw/rep/tasa/lib/bcc-2.2.3-gcc/bin/../lib/gcc/sparc-gaisler-elf/10.2.0/../../../../sparc-gaisler-elf/lib/libc.a(lib_a-locale.o)
                0x000000004000ff2c                __global_locale
 .data          0x0000000040010098        0x0 /home/fsw/rep/tasa/lib/bcc-2.2.3-gcc/bin/../lib/gcc/sparc-gaisler-elf/10.2.0/../../../../sparc-gaisler-elf/lib/libc.a(lib_a-lseekr.o)
 .data          0x0000000040010098        0x0 /home/fsw/rep/tasa/lib/bcc-2.2.3-gcc/bin/../lib/gcc/sparc-gaisler-elf/10.2.0/../../../../sparc-gaisler-elf/lib/libc.a(lib_a-mbtowc_r.o)
 .data          0x0000000040010098        0x0 /home/fsw/rep/tasa/lib/bcc-2.2.3-gcc/bin/../lib/gcc/sparc-gaisler-elf/10.2.0/../../../../sparc-gaisler-elf/lib/libc.a(lib_a-readr.o)
 .data          0x0000000040010098        0x0 /home/fsw/rep/tasa/lib/bcc-2.2.3-gcc/bin/../lib/gcc/sparc-gaisler-elf/10.2.0/../../../../sparc-gaisler-elf/lib/libc.a(lib_a-reent.o)
 .data          0x0000000040010098        0x0 /home/fsw/rep/tasa/lib/bcc-2.2.3-gcc/bin/../lib/gcc/sparc-gaisler-elf/10.2.0/../../../../sparc-gaisler-elf/lib/libc.a(lib_a-strcmp.o)
 .data          0x0000000040010098        0x0 /home/fsw/rep/tasa/lib/bcc-2.2.3-gcc/bin/../lib/gcc/sparc-gaisler-elf/10.2.0/../../../../sparc-gaisler-elf/lib/libc.a(lib_a-wcrtomb.o)
 .data          0x0000000040010098        0x0 /home/fsw/rep/tasa/lib/bcc-2.2.3-gcc/bin/../lib/gcc/sparc-gaisler-elf/10.2.0/../../../../sparc-gaisler-elf/lib/libc.a(lib_a-wctomb_r.o)
 .data          0x0000000040010098        0x0 /home/fsw/rep/tasa/lib/bcc-2.2.3-gcc/bin/../lib/gcc/sparc-gaisler-elf/10.2.0/../../../../sparc-gaisler-elf/lib/libc.a(lib_a-ctype_.o)
 .data          0x0000000040010098        0x0 /home/fsw/rep/tasa/lib/bcc-2.2.3-gcc/bin/../sparc-gaisler-elf/bsp/leon3/libbcc.a(_exit.S.o)
 .data          0x0000000040010098        0x0 /home/fsw/rep/tasa/lib/bcc-2.2.3-gcc/bin/../sparc-gaisler-elf/bsp/leon3/libbcc.a(read.c.o)
 .data          0x0000000040010098        0x0 /home/fsw/rep/tasa/lib/bcc-2.2.3-gcc/bin/../sparc-gaisler-elf/bsp/leon3/libbcc.a(sbrk.c.o)
 .data          0x0000000040010098        0x0 /home/fsw/rep/tasa/lib/bcc-2.2.3-gcc/bin/../sparc-gaisler-elf/bsp/leon3/libbcc.a(heap.c.o)
 .data          0x0000000040010098        0x0 /home/fsw/rep/tasa/lib/bcc-2.2.3-gcc/bin/../sparc-gaisler-elf/bsp/leon3/libbcc.a(write.c.o)
 .data          0x0000000040010098        0x0 /home/fsw/rep/tasa/lib/bcc-2.2.3-gcc/bin/../sparc-gaisler-elf/bsp/leon3/libbcc.a(stubs.S.o)
 .data          0x0000000040010098        0x0 /home/fsw/rep/tasa/lib/bcc-2.2.3-gcc/bin/../sparc-gaisler-elf/bsp/leon3/libbcc.a(con_apbuart.c.o)
 .data          0x0000000040010098        0x0 /home/fsw/rep/tasa/lib/bcc-2.2.3-gcc/bin/../lib/gcc/sparc-gaisler-elf/10.2.0/libgcc.a(_mulsi3.o)
 .data          0x0000000040010098        0x0 /home/fsw/rep/tasa/lib/bcc-2.2.3-gcc/bin/../lib/gcc/sparc-gaisler-elf/10.2.0/libgcc.a(_divsi3.o)
 .data          0x0000000040010098        0x0 /home/fsw/rep/tasa/lib/bcc-2.2.3-gcc/bin/../lib/gcc/sparc-gaisler-elf/10.2.0/libgcc.a(_modsi3.o)
 .data          0x0000000040010098        0x0 /home/fsw/rep/tasa/lib/bcc-2.2.3-gcc/bin/../lib/gcc/sparc-gaisler-elf/10.2.0/libgcc.a(_udivdi3.o)
 .data          0x0000000040010098        0x0 /home/fsw/rep/tasa/lib/bcc-2.2.3-gcc/bin/../lib/gcc/sparc-gaisler-elf/10.2.0/libgcc.a(_umoddi3.o)
 .data          0x0000000040010098        0x0 /home/fsw/rep/tasa/lib/bcc-2.2.3-gcc/bin/../lib/gcc/sparc-gaisler-elf/10.2.0/libgcc.a(_clz.o)
 .data          0x0000000040010098        0x0 /home/fsw/rep/tasa/lib/bcc-2.2.3-gcc/bin/../lib/gcc/sparc-gaisler-elf/10.2.0/crtend.o
 .data          0x0000000040010098        0x0 /home/fsw/rep/tasa/lib/bcc-2.2.3-gcc/bin/../lib/gcc/sparc-gaisler-elf/10.2.0/crtn.o
                0x0000000040010098                . = ALIGN (0x8)
                0x0000000040010098                __data_end = .
                0x000000004000fa90                __data_start_lma = LOADADDR (.data)
                0x0000000000000608                __data_size = SIZEOF (.data)

.iplt           0x0000000040010098        0x0
 .iplt          0x0000000040010098        0x0 /home/fsw/rep/tasa/lib/bcc-2.2.3-gcc/bin/../sparc-gaisler-elf/bsp/leon3/trap_table_mvt_tn0018.S.o

.tm_clone_table
                0x0000000040010098        0x0
 .tm_clone_table
                0x0000000040010098        0x0 /home/fsw/rep/tasa/lib/bcc-2.2.3-gcc/bin/../lib/gcc/sparc-gaisler-elf/10.2.0/crtbegin.o
 .tm_clone_table
                0x0000000040010098        0x0 /home/fsw/rep/tasa/lib/bcc-2.2.3-gcc/bin/../lib/gcc/sparc-gaisler-elf/10.2.0/crtend.o

.bss            0x0000000040010098      0x1c0
                0x0000000040010098                . = ALIGN (0x8)
                0x0000000040010098                __bss_start = .
 *(.bss .bss.*)
 .bss           0x0000000040010098        0x0 /home/fsw/rep/tasa/lib/bcc-2.2.3-gcc/bin/../sparc-gaisler-elf/bsp/leon3/trap_table_mvt_tn0018.S.o
 .bss           0x0000000040010098        0x4 /home/fsw/rep/tasa/lib/bcc-2.2.3-gcc/bin/../sparc-gaisler-elf/bsp/leon3/crt0.S.o
                0x0000000040010098                __bcc_sp_at_entry
 .bss           0x000000004001009c        0x0 /home/fsw/rep/tasa/lib/bcc-2.2.3-gcc/bin/../lib/gcc/sparc-gaisler-elf/10.2.0/crti.o
 .bss           0x000000004001009c       0x20 /home/fsw/rep/tasa/lib/bcc-2.2.3-gcc/bin/../lib/gcc/sparc-gaisler-elf/10.2.0/crtbegin.o
 .bss           0x00000000400100bc        0x0 /tmp/ccBbdJF8.o
 .bss           0x00000000400100bc        0x0 /home/fsw/rep/tasa/lib/bcc-2.2.3-gcc/bin/../sparc-gaisler-elf/bsp/leon3/libbcc.a(reset_trap_mvt.S.o)
 .bss           0x00000000400100bc        0x0 /home/fsw/rep/tasa/lib/bcc-2.2.3-gcc/bin/../sparc-gaisler-elf/bsp/leon3/libbcc.a(window_trap.S.o)
 *fill*         0x00000000400100bc        0x4 
 .bss           0x00000000400100c0       0x14 /home/fsw/rep/tasa/lib/bcc-2.2.3-gcc/bin/../sparc-gaisler-elf/bsp/leon3/libbcc.a(flush_windows_trap.S.o)
 .bss           0x00000000400100d4        0x0 /home/fsw/rep/tasa/lib/bcc-2.2.3-gcc/bin/../sparc-gaisler-elf/bsp/leon3/libbcc.a(sw_trap_set_pil.S.o)
 .bss           0x00000000400100d4        0x0 /home/fsw/rep/tasa/lib/bcc-2.2.3-gcc/bin/../sparc-gaisler-elf/bsp/leon3/libbcc.a(init.S.o)
 .bss           0x00000000400100d4        0x0 /home/fsw/rep/tasa/lib/bcc-2.2.3-gcc/bin/../sparc-gaisler-elf/bsp/leon3/libbcc.a(leon_info.S.o)
 .bss           0x00000000400100d4        0x0 /home/fsw/rep/tasa/lib/bcc-2.2.3-gcc/bin/../sparc-gaisler-elf/bsp/leon3/libbcc.a(dwzero.S.o)
 .bss           0x00000000400100d4        0x0 /home/fsw/rep/tasa/lib/bcc-2.2.3-gcc/bin/../sparc-gaisler-elf/bsp/leon3/libbcc.a(copy_data.c.o)
 .bss           0x00000000400100d4        0x8 /home/fsw/rep/tasa/lib/bcc-2.2.3-gcc/bin/../sparc-gaisler-elf/bsp/leon3/libbcc.a(argv.c.o)
                0x00000000400100d8                __bcc_argc
 .bss           0x00000000400100dc        0x0 /home/fsw/rep/tasa/lib/bcc-2.2.3-gcc/bin/../sparc-gaisler-elf/bsp/leon3/libbcc.a(interrupt_trap_tn0018.S.o)
 .bss           0x00000000400100dc        0x0 /home/fsw/rep/tasa/lib/bcc-2.2.3-gcc/bin/../sparc-gaisler-elf/bsp/leon3/libbcc.a(int_irqmp_get_source.c.o)
 .bss           0x00000000400100dc        0x0 /home/fsw/rep/tasa/lib/bcc-2.2.3-gcc/bin/../sparc-gaisler-elf/bsp/leon3/libbcc.a(int_irqmp_mp.c.o)
 .bss           0x00000000400100dc        0x0 /home/fsw/rep/tasa/lib/bcc-2.2.3-gcc/bin/../sparc-gaisler-elf/bsp/leon3/libbcc.a(int_irqmp_init.c.o)
 .bss           0x00000000400100dc        0x0 /home/fsw/rep/tasa/lib/bcc-2.2.3-gcc/bin/../sparc-gaisler-elf/bsp/leon3/libbcc.a(con_apbuart_init.c.o)
 .bss           0x00000000400100dc        0x0 /home/fsw/rep/tasa/lib/bcc-2.2.3-gcc/bin/../sparc-gaisler-elf/bsp/leon3/libbcc.a(timer_gptimer_init.c.o)
 .bss           0x00000000400100dc       0x80 /home/fsw/rep/tasa/lib/bcc-2.2.3-gcc/bin/../sparc-gaisler-elf/bsp/leon3/libbcc.a(isr.c.o)
                0x00000000400100dc                __bcc_isr_list
 .bss           0x000000004001015c        0x0 /home/fsw/rep/tasa/lib/bcc-2.2.3-gcc/bin/../sparc-gaisler-elf/bsp/leon3/libbcc.a(int_nest.c.o)
 .bss           0x000000004001015c        0x0 /home/fsw/rep/tasa/lib/bcc-2.2.3-gcc/bin/../sparc-gaisler-elf/bsp/leon3/libbcc.a(ambapp.c.o)
 .bss           0x000000004001015c        0x0 /home/fsw/rep/tasa/lib/bcc-2.2.3-gcc/bin/../sparc-gaisler-elf/bsp/leon3/libbcc.a(ambapp_findfirst_fn.c.o)
 .bss           0x000000004001015c       0x10 /home/fsw/rep/tasa/lib/bcc-2.2.3-gcc/bin/../sparc-gaisler-elf/bsp/leon3/libbcc.a(int_irqmp_handle.c.o)
                0x000000004001015c                __bcc_int_irqmp_nts
                0x0000000040010160                __bcc_int_irqmp_map
                0x0000000040010164                __bcc_int_irqmp_eirq
                0x0000000040010168                __bcc_int_handle
 .bss           0x000000004001016c        0x4 /home/fsw/rep/tasa/lib/bcc-2.2.3-gcc/bin/../sparc-gaisler-elf/bsp/leon3/libbcc.a(con_handle.c.o)
                0x000000004001016c                __bcc_con_handle
 .bss           0x0000000040010170        0x8 /home/fsw/rep/tasa/lib/bcc-2.2.3-gcc/bin/../sparc-gaisler-elf/bsp/leon3/libbcc.a(timer_handle.c.o)
                0x0000000040010170                __bcc_timer_interrupt
                0x0000000040010174                __bcc_timer_handle
 .bss           0x0000000040010178        0x0 /home/fsw/rep/tasa/lib/bcc-2.2.3-gcc/bin/../lib/gcc/sparc-gaisler-elf/10.2.0/../../../../sparc-gaisler-elf/lib/libc.a(lib_a-atexit.o)
 .bss           0x0000000040010178        0x0 /home/fsw/rep/tasa/lib/bcc-2.2.3-gcc/bin/../lib/gcc/sparc-gaisler-elf/10.2.0/../../../../sparc-gaisler-elf/lib/libc.a(lib_a-exit.o)
 .bss           0x0000000040010178        0x0 /home/fsw/rep/tasa/lib/bcc-2.2.3-gcc/bin/../lib/gcc/sparc-gaisler-elf/10.2.0/../../../../sparc-gaisler-elf/lib/libc.a(lib_a-impure.o)
 .bss           0x0000000040010178        0x0 /home/fsw/rep/tasa/lib/bcc-2.2.3-gcc/bin/../lib/gcc/sparc-gaisler-elf/10.2.0/../../../../sparc-gaisler-elf/lib/libc.a(lib_a-memcpy.o)
 .bss           0x0000000040010178        0x0 /home/fsw/rep/tasa/lib/bcc-2.2.3-gcc/bin/../lib/gcc/sparc-gaisler-elf/10.2.0/../../../../sparc-gaisler-elf/lib/libc.a(lib_a-printf.o)
 .bss           0x0000000040010178        0x0 /home/fsw/rep/tasa/lib/bcc-2.2.3-gcc/bin/../lib/gcc/sparc-gaisler-elf/10.2.0/../../../../sparc-gaisler-elf/lib/libc.a(lib_a-putchar.o)
 .bss           0x0000000040010178        0x0 /home/fsw/rep/tasa/lib/bcc-2.2.3-gcc/bin/../lib/gcc/sparc-gaisler-elf/10.2.0/../../../../sparc-gaisler-elf/lib/libc.a(lib_a-puts.o)
 .bss           0x0000000040010178        0x0 /home/fsw/rep/tasa/lib/bcc-2.2.3-gcc/bin/../lib/gcc/sparc-gaisler-elf/10.2.0/../../../../sparc-gaisler-elf/lib/libc.a(lib_a-strlen.o)
 .bss           0x0000000040010178        0x0 /home/fsw/rep/tasa/lib/bcc-2.2.3-gcc/bin/../lib/gcc/sparc-gaisler-elf/10.2.0/../../../../sparc-gaisler-elf/lib/libc.a(lib_a-vfprintf.o)
 .bss           0x0000000040010178        0x0 /home/fsw/rep/tasa/lib/bcc-2.2.3-gcc/bin/../lib/gcc/sparc-gaisler-elf/10.2.0/../../../../sparc-gaisler-elf/lib/libc.a(lib_a-wsetup.o)
 .bss           0x0000000040010178       0x8c /home/fsw/rep/tasa/lib/bcc-2.2.3-gcc/bin/../lib/gcc/sparc-gaisler-elf/10.2.0/../../../../sparc-gaisler-elf/lib/libc.a(lib_a-__atexit.o)
 .bss           0x0000000040010204        0x4 /home/fsw/rep/tasa/lib/bcc-2.2.3-gcc/bin/../lib/gcc/sparc-gaisler-elf/10.2.0/../../../../sparc-gaisler-elf/lib/libc.a(lib_a-__call_atexit.o)
                0x0000000040010204                _global_atexit
 .bss           0x0000000040010208        0x0 /home/fsw/rep/tasa/lib/bcc-2.2.3-gcc/bin/../lib/gcc/sparc-gaisler-elf/10.2.0/../../../../sparc-gaisler-elf/lib/libc.a(lib_a-dtoa.o)
 .bss           0x0000000040010208        0x0 /home/fsw/rep/tasa/lib/bcc-2.2.3-gcc/bin/../lib/gcc/sparc-gaisler-elf/10.2.0/../../../../sparc-gaisler-elf/lib/libc.a(lib_a-fflush.o)
 .bss           0x0000000040010208        0x0 /home/fsw/rep/tasa/lib/bcc-2.2.3-gcc/bin/../lib/gcc/sparc-gaisler-elf/10.2.0/../../../../sparc-gaisler-elf/lib/libc.a(lib_a-findfp.o)
 .bss           0x0000000040010208        0x0 /home/fsw/rep/tasa/lib/bcc-2.2.3-gcc/bin/../lib/gcc/sparc-gaisler-elf/10.2.0/../../../../sparc-gaisler-elf/lib/libc.a(lib_a-freer.o)
 .bss           0x0000000040010208        0x0 /home/fsw/rep/tasa/lib/bcc-2.2.3-gcc/bin/../lib/gcc/sparc-gaisler-elf/10.2.0/../../../../sparc-gaisler-elf/lib/libc.a(lib_a-fvwrite.o)
 .bss           0x0000000040010208        0x0 /home/fsw/rep/tasa/lib/bcc-2.2.3-gcc/bin/../lib/gcc/sparc-gaisler-elf/10.2.0/../../../../sparc-gaisler-elf/lib/libc.a(lib_a-fwalk.o)
 .bss           0x0000000040010208        0x0 /home/fsw/rep/tasa/lib/bcc-2.2.3-gcc/bin/../lib/gcc/sparc-gaisler-elf/10.2.0/../../../../sparc-gaisler-elf/lib/libc.a(lib_a-localeconv.o)
 .bss           0x0000000040010208        0x0 /home/fsw/rep/tasa/lib/bcc-2.2.3-gcc/bin/../lib/gcc/sparc-gaisler-elf/10.2.0/../../../../sparc-gaisler-elf/lib/libc.a(lib_a-makebuf.o)
 .bss           0x0000000040010208        0x0 /home/fsw/rep/tasa/lib/bcc-2.2.3-gcc/bin/../lib/gcc/sparc-gaisler-elf/10.2.0/../../../../sparc-gaisler-elf/lib/libc.a(lib_a-malloc.o)
 .bss           0x0000000040010208       0x34 /home/fsw/rep/tasa/lib/bcc-2.2.3-gcc/bin/../lib/gcc/sparc-gaisler-elf/10.2.0/../../../../sparc-gaisler-elf/lib/libc.a(lib_a-mallocr.o)
                0x0000000040010208                __malloc_current_mallinfo
                0x0000000040010230                __malloc_max_total_mem
                0x0000000040010234                __malloc_max_sbrked_mem
                0x0000000040010238                __malloc_top_pad
 .bss           0x000000004001023c        0x0 /home/fsw/rep/tasa/lib/bcc-2.2.3-gcc/bin/../lib/gcc/sparc-gaisler-elf/10.2.0/../../../../sparc-gaisler-elf/lib/libc.a(lib_a-memchr.o)
 .bss           0x000000004001023c        0x0 /home/fsw/rep/tasa/lib/bcc-2.2.3-gcc/bin/../lib/gcc/sparc-gaisler-elf/10.2.0/../../../../sparc-gaisler-elf/lib/libc.a(lib_a-memmove.o)
 .bss           0x000000004001023c        0x0 /home/fsw/rep/tasa/lib/bcc-2.2.3-gcc/bin/../lib/gcc/sparc-gaisler-elf/10.2.0/../../../../sparc-gaisler-elf/lib/libc.a(lib_a-memset.o)
 .bss           0x000000004001023c        0x0 /home/fsw/rep/tasa/lib/bcc-2.2.3-gcc/bin/../lib/gcc/sparc-gaisler-elf/10.2.0/../../../../sparc-gaisler-elf/lib/libc.a(lib_a-mlock.o)
 .bss           0x000000004001023c        0x0 /home/fsw/rep/tasa/lib/bcc-2.2.3-gcc/bin/../lib/gcc/sparc-gaisler-elf/10.2.0/../../../../sparc-gaisler-elf/lib/libc.a(lib_a-mprec.o)
 .bss           0x000000004001023c        0x0 /home/fsw/rep/tasa/lib/bcc-2.2.3-gcc/bin/../lib/gcc/sparc-gaisler-elf/10.2.0/../../../../sparc-gaisler-elf/lib/libc.a(lib_a-putc.o)
 .bss           0x000000004001023c        0x0 /home/fsw/rep/tasa/lib/bcc-2.2.3-gcc/bin/../lib/gcc/sparc-gaisler-elf/10.2.0/../../../../sparc-gaisler-elf/lib/libc.a(lib_a-reallocr.o)
 .bss           0x000000004001023c        0x0 /home/fsw/rep/tasa/lib/bcc-2.2.3-gcc/bin/../lib/gcc/sparc-gaisler-elf/10.2.0/../../../../sparc-gaisler-elf/lib/libc.a(lib_a-s_frexp.o)
 .bss           0x000000004001023c        0x0 /home/fsw/rep/tasa/lib/bcc-2.2.3-gcc/bin/../lib/gcc/sparc-gaisler-elf/10.2.0/../../../../sparc-gaisler-elf/lib/libc.a(lib_a-sbrkr.o)
 .bss           0x000000004001023c        0x0 /home/fsw/rep/tasa/lib/bcc-2.2.3-gcc/bin/../lib/gcc/sparc-gaisler-elf/10.2.0/../../../../sparc-gaisler-elf/lib/libc.a(lib_a-stdio.o)
 .bss           0x000000004001023c        0x0 /home/fsw/rep/tasa/lib/bcc-2.2.3-gcc/bin/../lib/gcc/sparc-gaisler-elf/10.2.0/../../../../sparc-gaisler-elf/lib/libc.a(lib_a-strncpy.o)
 .bss           0x000000004001023c        0x0 /home/fsw/rep/tasa/lib/bcc-2.2.3-gcc/bin/../lib/gcc/sparc-gaisler-elf/10.2.0/../../../../sparc-gaisler-elf/lib/libc.a(lib_a-vfiprintf.o)
 .bss           0x000000004001023c        0x0 /home/fsw/rep/tasa/lib/bcc-2.2.3-gcc/bin/../lib/gcc/sparc-gaisler-elf/10.2.0/../../../../sparc-gaisler-elf/lib/libc.a(lib_a-wbuf.o)
 .bss           0x000000004001023c        0x0 /home/fsw/rep/tasa/lib/bcc-2.2.3-gcc/bin/../lib/gcc/sparc-gaisler-elf/10.2.0/../../../../sparc-gaisler-elf/lib/libc.a(lib_a-writer.o)
 .bss           0x000000004001023c        0x0 /home/fsw/rep/tasa/lib/bcc-2.2.3-gcc/bin/../lib/gcc/sparc-gaisler-elf/10.2.0/../../../../sparc-gaisler-elf/lib/libc.a(lib_a-callocr.o)
 .bss           0x000000004001023c        0x0 /home/fsw/rep/tasa/lib/bcc-2.2.3-gcc/bin/../lib/gcc/sparc-gaisler-elf/10.2.0/../../../../sparc-gaisler-elf/lib/libc.a(lib_a-closer.o)
 .bss           0x000000004001023c        0x0 /home/fsw/rep/tasa/lib/bcc-2.2.3-gcc/bin/../lib/gcc/sparc-gaisler-elf/10.2.0/../../../../sparc-gaisler-elf/lib/libc.a(lib_a-fclose.o)
 .bss           0x000000004001023c        0x0 /home/fsw/rep/tasa/lib/bcc-2.2.3-gcc/bin/../lib/gcc/sparc-gaisler-elf/10.2.0/../../../../sparc-gaisler-elf/lib/libc.a(lib_a-fputwc.o)
 .bss           0x000000004001023c        0x0 /home/fsw/rep/tasa/lib/bcc-2.2.3-gcc/bin/../lib/gcc/sparc-gaisler-elf/10.2.0/../../../../sparc-gaisler-elf/lib/libc.a(lib_a-fstatr.o)
 .bss           0x000000004001023c        0x0 /home/fsw/rep/tasa/lib/bcc-2.2.3-gcc/bin/../lib/gcc/sparc-gaisler-elf/10.2.0/../../../../sparc-gaisler-elf/lib/libc.a(lib_a-isattyr.o)
 .bss           0x000000004001023c        0x4 /home/fsw/rep/tasa/lib/bcc-2.2.3-gcc/bin/../lib/gcc/sparc-gaisler-elf/10.2.0/../../../../sparc-gaisler-elf/lib/libc.a(lib_a-locale.o)
                0x000000004001023c                _PathLocale
 .bss           0x0000000040010240        0x0 /home/fsw/rep/tasa/lib/bcc-2.2.3-gcc/bin/../lib/gcc/sparc-gaisler-elf/10.2.0/../../../../sparc-gaisler-elf/lib/libc.a(lib_a-lseekr.o)
 .bss           0x0000000040010240        0x0 /home/fsw/rep/tasa/lib/bcc-2.2.3-gcc/bin/../lib/gcc/sparc-gaisler-elf/10.2.0/../../../../sparc-gaisler-elf/lib/libc.a(lib_a-mbtowc_r.o)
 .bss           0x0000000040010240        0x0 /home/fsw/rep/tasa/lib/bcc-2.2.3-gcc/bin/../lib/gcc/sparc-gaisler-elf/10.2.0/../../../../sparc-gaisler-elf/lib/libc.a(lib_a-readr.o)
 .bss           0x0000000040010240        0x4 /home/fsw/rep/tasa/lib/bcc-2.2.3-gcc/bin/../lib/gcc/sparc-gaisler-elf/10.2.0/../../../../sparc-gaisler-elf/lib/libc.a(lib_a-reent.o)
                0x0000000040010240                errno
 .bss           0x0000000040010244        0x0 /home/fsw/rep/tasa/lib/bcc-2.2.3-gcc/bin/../lib/gcc/sparc-gaisler-elf/10.2.0/../../../../sparc-gaisler-elf/lib/libc.a(lib_a-strcmp.o)
 .bss           0x0000000040010244        0x0 /home/fsw/rep/tasa/lib/bcc-2.2.3-gcc/bin/../lib/gcc/sparc-gaisler-elf/10.2.0/../../../../sparc-gaisler-elf/lib/libc.a(lib_a-wcrtomb.o)
 .bss           0x0000000040010244        0x0 /home/fsw/rep/tasa/lib/bcc-2.2.3-gcc/bin/../lib/gcc/sparc-gaisler-elf/10.2.0/../../../../sparc-gaisler-elf/lib/libc.a(lib_a-wctomb_r.o)
 .bss           0x0000000040010244        0x0 /home/fsw/rep/tasa/lib/bcc-2.2.3-gcc/bin/../lib/gcc/sparc-gaisler-elf/10.2.0/../../../../sparc-gaisler-elf/lib/libc.a(lib_a-ctype_.o)
 .bss           0x0000000040010244        0x0 /home/fsw/rep/tasa/lib/bcc-2.2.3-gcc/bin/../sparc-gaisler-elf/bsp/leon3/libbcc.a(_exit.S.o)
 .bss           0x0000000040010244        0x0 /home/fsw/rep/tasa/lib/bcc-2.2.3-gcc/bin/../sparc-gaisler-elf/bsp/leon3/libbcc.a(read.c.o)
 .bss           0x0000000040010244        0x4 /home/fsw/rep/tasa/lib/bcc-2.2.3-gcc/bin/../sparc-gaisler-elf/bsp/leon3/libbcc.a(sbrk.c.o)
 .bss           0x0000000040010248        0x8 /home/fsw/rep/tasa/lib/bcc-2.2.3-gcc/bin/../sparc-gaisler-elf/bsp/leon3/libbcc.a(heap.c.o)
                0x0000000040010248                __bcc_heap_max
                0x000000004001024c                __bcc_heap_min
 .bss           0x0000000040010250        0x0 /home/fsw/rep/tasa/lib/bcc-2.2.3-gcc/bin/../sparc-gaisler-elf/bsp/leon3/libbcc.a(write.c.o)
 .bss           0x0000000040010250        0x0 /home/fsw/rep/tasa/lib/bcc-2.2.3-gcc/bin/../sparc-gaisler-elf/bsp/leon3/libbcc.a(stubs.S.o)
 .bss           0x0000000040010250        0x4 /home/fsw/rep/tasa/lib/bcc-2.2.3-gcc/bin/../sparc-gaisler-elf/bsp/leon3/libbcc.a(con_apbuart.c.o)
 .bss           0x0000000040010254        0x0 /home/fsw/rep/tasa/lib/bcc-2.2.3-gcc/bin/../lib/gcc/sparc-gaisler-elf/10.2.0/libgcc.a(_mulsi3.o)
 .bss           0x0000000040010254        0x0 /home/fsw/rep/tasa/lib/bcc-2.2.3-gcc/bin/../lib/gcc/sparc-gaisler-elf/10.2.0/libgcc.a(_divsi3.o)
 .bss           0x0000000040010254        0x0 /home/fsw/rep/tasa/lib/bcc-2.2.3-gcc/bin/../lib/gcc/sparc-gaisler-elf/10.2.0/libgcc.a(_modsi3.o)
 .bss           0x0000000040010254        0x0 /home/fsw/rep/tasa/lib/bcc-2.2.3-gcc/bin/../lib/gcc/sparc-gaisler-elf/10.2.0/libgcc.a(_udivdi3.o)
 .bss           0x0000000040010254        0x0 /home/fsw/rep/tasa/lib/bcc-2.2.3-gcc/bin/../lib/gcc/sparc-gaisler-elf/10.2.0/libgcc.a(_umoddi3.o)
 .bss           0x0000000040010254        0x0 /home/fsw/rep/tasa/lib/bcc-2.2.3-gcc/bin/../lib/gcc/sparc-gaisler-elf/10.2.0/libgcc.a(_clz.o)
 .bss           0x0000000040010254        0x0 /home/fsw/rep/tasa/lib/bcc-2.2.3-gcc/bin/../lib/gcc/sparc-gaisler-elf/10.2.0/crtend.o
 .bss           0x0000000040010254        0x0 /home/fsw/rep/tasa/lib/bcc-2.2.3-gcc/bin/../lib/gcc/sparc-gaisler-elf/10.2.0/crtn.o
 *(COMMON)
                0x0000000040010258                . = ALIGN (0x8)
 *fill*         0x0000000040010254        0x4 
                0x0000000040010258                __bss_end = .
                0x0000000040010258                __heap_min = .
                0x0000000040010258                . = ALIGN (0x8)

.jcr
 *(.jcr)

.stab
 *(.stab)

.stabstr
 *(.stabstr)

.debug
 *(.debug)

.line
 *(.line)

.debug_srcinfo
 *(.debug_srcinfo)

.debug_sfnames
 *(.debug_sfnames)

.debug_aranges  0x0000000000000000      0xad0
 *(.debug_aranges)
 .debug_aranges
                0x0000000000000000       0x20 /home/fsw/rep/tasa/lib/bcc-2.2.3-gcc/bin/../sparc-gaisler-elf/bsp/leon3/trap_table_mvt_tn0018.S.o
 .debug_aranges
                0x0000000000000020       0x20 /home/fsw/rep/tasa/lib/bcc-2.2.3-gcc/bin/../sparc-gaisler-elf/bsp/leon3/crt0.S.o
 .debug_aranges
                0x0000000000000040       0x20 /tmp/ccBbdJF8.o
 .debug_aranges
                0x0000000000000060       0x20 /home/fsw/rep/tasa/lib/bcc-2.2.3-gcc/bin/../sparc-gaisler-elf/bsp/leon3/libbcc.a(reset_trap_mvt.S.o)
 .debug_aranges
                0x0000000000000080       0x20 /home/fsw/rep/tasa/lib/bcc-2.2.3-gcc/bin/../sparc-gaisler-elf/bsp/leon3/libbcc.a(window_trap.S.o)
 .debug_aranges
                0x00000000000000a0       0x20 /home/fsw/rep/tasa/lib/bcc-2.2.3-gcc/bin/../sparc-gaisler-elf/bsp/leon3/libbcc.a(flush_windows_trap.S.o)
 .debug_aranges
                0x00000000000000c0       0x20 /home/fsw/rep/tasa/lib/bcc-2.2.3-gcc/bin/../sparc-gaisler-elf/bsp/leon3/libbcc.a(sw_trap_set_pil.S.o)
 .debug_aranges
                0x00000000000000e0       0x20 /home/fsw/rep/tasa/lib/bcc-2.2.3-gcc/bin/../sparc-gaisler-elf/bsp/leon3/libbcc.a(init.S.o)
 .debug_aranges
                0x0000000000000100       0x20 /home/fsw/rep/tasa/lib/bcc-2.2.3-gcc/bin/../sparc-gaisler-elf/bsp/leon3/libbcc.a(leon_info.S.o)
 .debug_aranges
                0x0000000000000120       0x20 /home/fsw/rep/tasa/lib/bcc-2.2.3-gcc/bin/../sparc-gaisler-elf/bsp/leon3/libbcc.a(dwzero.S.o)
 .debug_aranges
                0x0000000000000140       0x20 /home/fsw/rep/tasa/lib/bcc-2.2.3-gcc/bin/../sparc-gaisler-elf/bsp/leon3/libbcc.a(copy_data.c.o)
 .debug_aranges
                0x0000000000000160       0x18 /home/fsw/rep/tasa/lib/bcc-2.2.3-gcc/bin/../sparc-gaisler-elf/bsp/leon3/libbcc.a(argv.c.o)
 .debug_aranges
                0x0000000000000178       0x20 /home/fsw/rep/tasa/lib/bcc-2.2.3-gcc/bin/../sparc-gaisler-elf/bsp/leon3/libbcc.a(interrupt_trap_tn0018.S.o)
 .debug_aranges
                0x0000000000000198       0x20 /home/fsw/rep/tasa/lib/bcc-2.2.3-gcc/bin/../sparc-gaisler-elf/bsp/leon3/libbcc.a(int_irqmp_get_source.c.o)
 .debug_aranges
                0x00000000000001b8       0x20 /home/fsw/rep/tasa/lib/bcc-2.2.3-gcc/bin/../sparc-gaisler-elf/bsp/leon3/libbcc.a(int_irqmp_mp.c.o)
 .debug_aranges
                0x00000000000001d8       0x20 /home/fsw/rep/tasa/lib/bcc-2.2.3-gcc/bin/../sparc-gaisler-elf/bsp/leon3/libbcc.a(int_irqmp_init.c.o)
 .debug_aranges
                0x00000000000001f8       0x20 /home/fsw/rep/tasa/lib/bcc-2.2.3-gcc/bin/../sparc-gaisler-elf/bsp/leon3/libbcc.a(con_apbuart_init.c.o)
 .debug_aranges
                0x0000000000000218       0x20 /home/fsw/rep/tasa/lib/bcc-2.2.3-gcc/bin/../sparc-gaisler-elf/bsp/leon3/libbcc.a(timer_gptimer_init.c.o)
 .debug_aranges
                0x0000000000000238       0x18 /home/fsw/rep/tasa/lib/bcc-2.2.3-gcc/bin/../sparc-gaisler-elf/bsp/leon3/libbcc.a(isr.c.o)
 .debug_aranges
                0x0000000000000250       0x18 /home/fsw/rep/tasa/lib/bcc-2.2.3-gcc/bin/../sparc-gaisler-elf/bsp/leon3/libbcc.a(int_nest.c.o)
 .debug_aranges
                0x0000000000000268       0x20 /home/fsw/rep/tasa/lib/bcc-2.2.3-gcc/bin/../sparc-gaisler-elf/bsp/leon3/libbcc.a(ambapp.c.o)
 .debug_aranges
                0x0000000000000288       0x20 /home/fsw/rep/tasa/lib/bcc-2.2.3-gcc/bin/../sparc-gaisler-elf/bsp/leon3/libbcc.a(ambapp_findfirst_fn.c.o)
 .debug_aranges
                0x00000000000002a8       0x18 /home/fsw/rep/tasa/lib/bcc-2.2.3-gcc/bin/../sparc-gaisler-elf/bsp/leon3/libbcc.a(int_irqmp_handle.c.o)
 .debug_aranges
                0x00000000000002c0       0x18 /home/fsw/rep/tasa/lib/bcc-2.2.3-gcc/bin/../sparc-gaisler-elf/bsp/leon3/libbcc.a(con_handle.c.o)
 .debug_aranges
                0x00000000000002d8       0x18 /home/fsw/rep/tasa/lib/bcc-2.2.3-gcc/bin/../sparc-gaisler-elf/bsp/leon3/libbcc.a(timer_handle.c.o)
 .debug_aranges
                0x00000000000002f0       0x20 /home/fsw/rep/tasa/lib/bcc-2.2.3-gcc/bin/../lib/gcc/sparc-gaisler-elf/10.2.0/../../../../sparc-gaisler-elf/lib/libc.a(lib_a-atexit.o)
 .debug_aranges
                0x0000000000000310       0x20 /home/fsw/rep/tasa/lib/bcc-2.2.3-gcc/bin/../lib/gcc/sparc-gaisler-elf/10.2.0/../../../../sparc-gaisler-elf/lib/libc.a(lib_a-exit.o)
 .debug_aranges
                0x0000000000000330       0x18 /home/fsw/rep/tasa/lib/bcc-2.2.3-gcc/bin/../lib/gcc/sparc-gaisler-elf/10.2.0/../../../../sparc-gaisler-elf/lib/libc.a(lib_a-impure.o)
 .debug_aranges
                0x0000000000000348       0x20 /home/fsw/rep/tasa/lib/bcc-2.2.3-gcc/bin/../lib/gcc/sparc-gaisler-elf/10.2.0/../../../../sparc-gaisler-elf/lib/libc.a(lib_a-memcpy.o)
 .debug_aranges
                0x0000000000000368       0x20 /home/fsw/rep/tasa/lib/bcc-2.2.3-gcc/bin/../lib/gcc/sparc-gaisler-elf/10.2.0/../../../../sparc-gaisler-elf/lib/libc.a(lib_a-printf.o)
 .debug_aranges
                0x0000000000000388       0x20 /home/fsw/rep/tasa/lib/bcc-2.2.3-gcc/bin/../lib/gcc/sparc-gaisler-elf/10.2.0/../../../../sparc-gaisler-elf/lib/libc.a(lib_a-putchar.o)
 .debug_aranges
                0x00000000000003a8       0x20 /home/fsw/rep/tasa/lib/bcc-2.2.3-gcc/bin/../lib/gcc/sparc-gaisler-elf/10.2.0/../../../../sparc-gaisler-elf/lib/libc.a(lib_a-puts.o)
 .debug_aranges
                0x00000000000003c8       0x20 /home/fsw/rep/tasa/lib/bcc-2.2.3-gcc/bin/../lib/gcc/sparc-gaisler-elf/10.2.0/../../../../sparc-gaisler-elf/lib/libc.a(lib_a-strlen.o)
 .debug_aranges
                0x00000000000003e8       0x20 /home/fsw/rep/tasa/lib/bcc-2.2.3-gcc/bin/../lib/gcc/sparc-gaisler-elf/10.2.0/../../../../sparc-gaisler-elf/lib/libc.a(lib_a-vfprintf.o)
 .debug_aranges
                0x0000000000000408       0x20 /home/fsw/rep/tasa/lib/bcc-2.2.3-gcc/bin/../lib/gcc/sparc-gaisler-elf/10.2.0/../../../../sparc-gaisler-elf/lib/libc.a(lib_a-wsetup.o)
 .debug_aranges
                0x0000000000000428       0x20 /home/fsw/rep/tasa/lib/bcc-2.2.3-gcc/bin/../lib/gcc/sparc-gaisler-elf/10.2.0/../../../../sparc-gaisler-elf/lib/libc.a(lib_a-__atexit.o)
 .debug_aranges
                0x0000000000000448       0x20 /home/fsw/rep/tasa/lib/bcc-2.2.3-gcc/bin/../lib/gcc/sparc-gaisler-elf/10.2.0/../../../../sparc-gaisler-elf/lib/libc.a(lib_a-__call_atexit.o)
 .debug_aranges
                0x0000000000000468       0x20 /home/fsw/rep/tasa/lib/bcc-2.2.3-gcc/bin/../lib/gcc/sparc-gaisler-elf/10.2.0/../../../../sparc-gaisler-elf/lib/libc.a(lib_a-dtoa.o)
 .debug_aranges
                0x0000000000000488       0x20 /home/fsw/rep/tasa/lib/bcc-2.2.3-gcc/bin/../lib/gcc/sparc-gaisler-elf/10.2.0/../../../../sparc-gaisler-elf/lib/libc.a(lib_a-fflush.o)
 .debug_aranges
                0x00000000000004a8       0x20 /home/fsw/rep/tasa/lib/bcc-2.2.3-gcc/bin/../lib/gcc/sparc-gaisler-elf/10.2.0/../../../../sparc-gaisler-elf/lib/libc.a(lib_a-findfp.o)
 .debug_aranges
                0x00000000000004c8       0x20 /home/fsw/rep/tasa/lib/bcc-2.2.3-gcc/bin/../lib/gcc/sparc-gaisler-elf/10.2.0/../../../../sparc-gaisler-elf/lib/libc.a(lib_a-freer.o)
 .debug_aranges
                0x00000000000004e8       0x20 /home/fsw/rep/tasa/lib/bcc-2.2.3-gcc/bin/../lib/gcc/sparc-gaisler-elf/10.2.0/../../../../sparc-gaisler-elf/lib/libc.a(lib_a-fvwrite.o)
 .debug_aranges
                0x0000000000000508       0x20 /home/fsw/rep/tasa/lib/bcc-2.2.3-gcc/bin/../lib/gcc/sparc-gaisler-elf/10.2.0/../../../../sparc-gaisler-elf/lib/libc.a(lib_a-fwalk.o)
 .debug_aranges
                0x0000000000000528       0x20 /home/fsw/rep/tasa/lib/bcc-2.2.3-gcc/bin/../lib/gcc/sparc-gaisler-elf/10.2.0/../../../../sparc-gaisler-elf/lib/libc.a(lib_a-localeconv.o)
 .debug_aranges
                0x0000000000000548       0x20 /home/fsw/rep/tasa/lib/bcc-2.2.3-gcc/bin/../lib/gcc/sparc-gaisler-elf/10.2.0/../../../../sparc-gaisler-elf/lib/libc.a(lib_a-makebuf.o)
 .debug_aranges
                0x0000000000000568       0x20 /home/fsw/rep/tasa/lib/bcc-2.2.3-gcc/bin/../lib/gcc/sparc-gaisler-elf/10.2.0/../../../../sparc-gaisler-elf/lib/libc.a(lib_a-malloc.o)
 .debug_aranges
                0x0000000000000588       0x20 /home/fsw/rep/tasa/lib/bcc-2.2.3-gcc/bin/../lib/gcc/sparc-gaisler-elf/10.2.0/../../../../sparc-gaisler-elf/lib/libc.a(lib_a-mallocr.o)
 .debug_aranges
                0x00000000000005a8       0x20 /home/fsw/rep/tasa/lib/bcc-2.2.3-gcc/bin/../lib/gcc/sparc-gaisler-elf/10.2.0/../../../../sparc-gaisler-elf/lib/libc.a(lib_a-memchr.o)
 .debug_aranges
                0x00000000000005c8       0x20 /home/fsw/rep/tasa/lib/bcc-2.2.3-gcc/bin/../lib/gcc/sparc-gaisler-elf/10.2.0/../../../../sparc-gaisler-elf/lib/libc.a(lib_a-memmove.o)
 .debug_aranges
                0x00000000000005e8       0x20 /home/fsw/rep/tasa/lib/bcc-2.2.3-gcc/bin/../lib/gcc/sparc-gaisler-elf/10.2.0/../../../../sparc-gaisler-elf/lib/libc.a(lib_a-memset.o)
 .debug_aranges
                0x0000000000000608       0x20 /home/fsw/rep/tasa/lib/bcc-2.2.3-gcc/bin/../lib/gcc/sparc-gaisler-elf/10.2.0/../../../../sparc-gaisler-elf/lib/libc.a(lib_a-mlock.o)
 .debug_aranges
                0x0000000000000628       0x20 /home/fsw/rep/tasa/lib/bcc-2.2.3-gcc/bin/../lib/gcc/sparc-gaisler-elf/10.2.0/../../../../sparc-gaisler-elf/lib/libc.a(lib_a-mprec.o)
 .debug_aranges
                0x0000000000000648       0x20 /home/fsw/rep/tasa/lib/bcc-2.2.3-gcc/bin/../lib/gcc/sparc-gaisler-elf/10.2.0/../../../../sparc-gaisler-elf/lib/libc.a(lib_a-putc.o)
 .debug_aranges
                0x0000000000000668       0x20 /home/fsw/rep/tasa/lib/bcc-2.2.3-gcc/bin/../lib/gcc/sparc-gaisler-elf/10.2.0/../../../../sparc-gaisler-elf/lib/libc.a(lib_a-reallocr.o)
 .debug_aranges
                0x0000000000000688       0x20 /home/fsw/rep/tasa/lib/bcc-2.2.3-gcc/bin/../lib/gcc/sparc-gaisler-elf/10.2.0/../../../../sparc-gaisler-elf/lib/libc.a(lib_a-s_frexp.o)
 .debug_aranges
                0x00000000000006a8       0x20 /home/fsw/rep/tasa/lib/bcc-2.2.3-gcc/bin/../lib/gcc/sparc-gaisler-elf/10.2.0/../../../../sparc-gaisler-elf/lib/libc.a(lib_a-sbrkr.o)
 .debug_aranges
                0x00000000000006c8       0x20 /home/fsw/rep/tasa/lib/bcc-2.2.3-gcc/bin/../lib/gcc/sparc-gaisler-elf/10.2.0/../../../../sparc-gaisler-elf/lib/libc.a(lib_a-stdio.o)
 .debug_aranges
                0x00000000000006e8       0x20 /home/fsw/rep/tasa/lib/bcc-2.2.3-gcc/bin/../lib/gcc/sparc-gaisler-elf/10.2.0/../../../../sparc-gaisler-elf/lib/libc.a(lib_a-strncpy.o)
 .debug_aranges
                0x0000000000000708       0x20 /home/fsw/rep/tasa/lib/bcc-2.2.3-gcc/bin/../lib/gcc/sparc-gaisler-elf/10.2.0/../../../../sparc-gaisler-elf/lib/libc.a(lib_a-vfiprintf.o)
 .debug_aranges
                0x0000000000000728       0x20 /home/fsw/rep/tasa/lib/bcc-2.2.3-gcc/bin/../lib/gcc/sparc-gaisler-elf/10.2.0/../../../../sparc-gaisler-elf/lib/libc.a(lib_a-wbuf.o)
 .debug_aranges
                0x0000000000000748       0x20 /home/fsw/rep/tasa/lib/bcc-2.2.3-gcc/bin/../lib/gcc/sparc-gaisler-elf/10.2.0/../../../../sparc-gaisler-elf/lib/libc.a(lib_a-writer.o)
 .debug_aranges
                0x0000000000000768       0x20 /home/fsw/rep/tasa/lib/bcc-2.2.3-gcc/bin/../lib/gcc/sparc-gaisler-elf/10.2.0/../../../../sparc-gaisler-elf/lib/libc.a(lib_a-callocr.o)
 .debug_aranges
                0x0000000000000788       0x20 /home/fsw/rep/tasa/lib/bcc-2.2.3-gcc/bin/../lib/gcc/sparc-gaisler-elf/10.2.0/../../../../sparc-gaisler-elf/lib/libc.a(lib_a-closer.o)
 .debug_aranges
                0x00000000000007a8       0x20 /home/fsw/rep/tasa/lib/bcc-2.2.3-gcc/bin/../lib/gcc/sparc-gaisler-elf/10.2.0/../../../../sparc-gaisler-elf/lib/libc.a(lib_a-fclose.o)
 .debug_aranges
                0x00000000000007c8       0x20 /home/fsw/rep/tasa/lib/bcc-2.2.3-gcc/bin/../lib/gcc/sparc-gaisler-elf/10.2.0/../../../../sparc-gaisler-elf/lib/libc.a(lib_a-fputwc.o)
 .debug_aranges
                0x00000000000007e8       0x20 /home/fsw/rep/tasa/lib/bcc-2.2.3-gcc/bin/../lib/gcc/sparc-gaisler-elf/10.2.0/../../../../sparc-gaisler-elf/lib/libc.a(lib_a-fstatr.o)
 .debug_aranges
                0x0000000000000808       0x20 /home/fsw/rep/tasa/lib/bcc-2.2.3-gcc/bin/../lib/gcc/sparc-gaisler-elf/10.2.0/../../../../sparc-gaisler-elf/lib/libc.a(lib_a-isattyr.o)
 .debug_aranges
                0x0000000000000828       0x20 /home/fsw/rep/tasa/lib/bcc-2.2.3-gcc/bin/../lib/gcc/sparc-gaisler-elf/10.2.0/../../../../sparc-gaisler-elf/lib/libc.a(lib_a-locale.o)
 .debug_aranges
                0x0000000000000848       0x20 /home/fsw/rep/tasa/lib/bcc-2.2.3-gcc/bin/../lib/gcc/sparc-gaisler-elf/10.2.0/../../../../sparc-gaisler-elf/lib/libc.a(lib_a-lseekr.o)
 .debug_aranges
                0x0000000000000868       0x20 /home/fsw/rep/tasa/lib/bcc-2.2.3-gcc/bin/../lib/gcc/sparc-gaisler-elf/10.2.0/../../../../sparc-gaisler-elf/lib/libc.a(lib_a-mbtowc_r.o)
 .debug_aranges
                0x0000000000000888       0x20 /home/fsw/rep/tasa/lib/bcc-2.2.3-gcc/bin/../lib/gcc/sparc-gaisler-elf/10.2.0/../../../../sparc-gaisler-elf/lib/libc.a(lib_a-readr.o)
 .debug_aranges
                0x00000000000008a8       0x20 /home/fsw/rep/tasa/lib/bcc-2.2.3-gcc/bin/../lib/gcc/sparc-gaisler-elf/10.2.0/../../../../sparc-gaisler-elf/lib/libc.a(lib_a-reent.o)
 .debug_aranges
                0x00000000000008c8       0x20 /home/fsw/rep/tasa/lib/bcc-2.2.3-gcc/bin/../lib/gcc/sparc-gaisler-elf/10.2.0/../../../../sparc-gaisler-elf/lib/libc.a(lib_a-strcmp.o)
 .debug_aranges
                0x00000000000008e8       0x20 /home/fsw/rep/tasa/lib/bcc-2.2.3-gcc/bin/../lib/gcc/sparc-gaisler-elf/10.2.0/../../../../sparc-gaisler-elf/lib/libc.a(lib_a-wcrtomb.o)
 .debug_aranges
                0x0000000000000908       0x20 /home/fsw/rep/tasa/lib/bcc-2.2.3-gcc/bin/../lib/gcc/sparc-gaisler-elf/10.2.0/../../../../sparc-gaisler-elf/lib/libc.a(lib_a-wctomb_r.o)
 .debug_aranges
                0x0000000000000928       0x18 /home/fsw/rep/tasa/lib/bcc-2.2.3-gcc/bin/../lib/gcc/sparc-gaisler-elf/10.2.0/../../../../sparc-gaisler-elf/lib/libc.a(lib_a-ctype_.o)
 .debug_aranges
                0x0000000000000940       0x20 /home/fsw/rep/tasa/lib/bcc-2.2.3-gcc/bin/../sparc-gaisler-elf/bsp/leon3/libbcc.a(_exit.S.o)
 .debug_aranges
                0x0000000000000960       0x20 /home/fsw/rep/tasa/lib/bcc-2.2.3-gcc/bin/../sparc-gaisler-elf/bsp/leon3/libbcc.a(read.c.o)
 .debug_aranges
                0x0000000000000980       0x20 /home/fsw/rep/tasa/lib/bcc-2.2.3-gcc/bin/../sparc-gaisler-elf/bsp/leon3/libbcc.a(sbrk.c.o)
 .debug_aranges
                0x00000000000009a0       0x18 /home/fsw/rep/tasa/lib/bcc-2.2.3-gcc/bin/../sparc-gaisler-elf/bsp/leon3/libbcc.a(heap.c.o)
 .debug_aranges
                0x00000000000009b8       0x20 /home/fsw/rep/tasa/lib/bcc-2.2.3-gcc/bin/../sparc-gaisler-elf/bsp/leon3/libbcc.a(write.c.o)
 .debug_aranges
                0x00000000000009d8       0x20 /home/fsw/rep/tasa/lib/bcc-2.2.3-gcc/bin/../sparc-gaisler-elf/bsp/leon3/libbcc.a(stubs.S.o)
 .debug_aranges
                0x00000000000009f8       0x20 /home/fsw/rep/tasa/lib/bcc-2.2.3-gcc/bin/../sparc-gaisler-elf/bsp/leon3/libbcc.a(con_apbuart.c.o)
 .debug_aranges
                0x0000000000000a18       0x20 /home/fsw/rep/tasa/lib/bcc-2.2.3-gcc/bin/../lib/gcc/sparc-gaisler-elf/10.2.0/libgcc.a(_mulsi3.o)
 .debug_aranges
                0x0000000000000a38       0x20 /home/fsw/rep/tasa/lib/bcc-2.2.3-gcc/bin/../lib/gcc/sparc-gaisler-elf/10.2.0/libgcc.a(_divsi3.o)
 .debug_aranges
                0x0000000000000a58       0x20 /home/fsw/rep/tasa/lib/bcc-2.2.3-gcc/bin/../lib/gcc/sparc-gaisler-elf/10.2.0/libgcc.a(_modsi3.o)
 .debug_aranges
                0x0000000000000a78       0x20 /home/fsw/rep/tasa/lib/bcc-2.2.3-gcc/bin/../lib/gcc/sparc-gaisler-elf/10.2.0/libgcc.a(_udivdi3.o)
 .debug_aranges
                0x0000000000000a98       0x20 /home/fsw/rep/tasa/lib/bcc-2.2.3-gcc/bin/../lib/gcc/sparc-gaisler-elf/10.2.0/libgcc.a(_umoddi3.o)
 .debug_aranges
                0x0000000000000ab8       0x18 /home/fsw/rep/tasa/lib/bcc-2.2.3-gcc/bin/../lib/gcc/sparc-gaisler-elf/10.2.0/libgcc.a(_clz.o)

.debug_pubnames
 *(.debug_pubnames)

.debug_info     0x0000000000000000    0x220d4
 *(.debug_info)
 .debug_info    0x0000000000000000       0x26 /home/fsw/rep/tasa/lib/bcc-2.2.3-gcc/bin/../sparc-gaisler-elf/bsp/leon3/trap_table_mvt_tn0018.S.o
 .debug_info    0x0000000000000026       0x26 /home/fsw/rep/tasa/lib/bcc-2.2.3-gcc/bin/../sparc-gaisler-elf/bsp/leon3/crt0.S.o
 .debug_info    0x000000000000004c      0x368 /tmp/ccBbdJF8.o
 .debug_info    0x00000000000003b4       0x26 /home/fsw/rep/tasa/lib/bcc-2.2.3-gcc/bin/../sparc-gaisler-elf/bsp/leon3/libbcc.a(reset_trap_mvt.S.o)
 .debug_info    0x00000000000003da       0x26 /home/fsw/rep/tasa/lib/bcc-2.2.3-gcc/bin/../sparc-gaisler-elf/bsp/leon3/libbcc.a(window_trap.S.o)
 .debug_info    0x0000000000000400       0x26 /home/fsw/rep/tasa/lib/bcc-2.2.3-gcc/bin/../sparc-gaisler-elf/bsp/leon3/libbcc.a(flush_windows_trap.S.o)
 .debug_info    0x0000000000000426       0x26 /home/fsw/rep/tasa/lib/bcc-2.2.3-gcc/bin/../sparc-gaisler-elf/bsp/leon3/libbcc.a(sw_trap_set_pil.S.o)
 .debug_info    0x000000000000044c       0x26 /home/fsw/rep/tasa/lib/bcc-2.2.3-gcc/bin/../sparc-gaisler-elf/bsp/leon3/libbcc.a(init.S.o)
 .debug_info    0x0000000000000472       0x26 /home/fsw/rep/tasa/lib/bcc-2.2.3-gcc/bin/../sparc-gaisler-elf/bsp/leon3/libbcc.a(leon_info.S.o)
 .debug_info    0x0000000000000498       0x26 /home/fsw/rep/tasa/lib/bcc-2.2.3-gcc/bin/../sparc-gaisler-elf/bsp/leon3/libbcc.a(dwzero.S.o)
 .debug_info    0x00000000000004be       0xe8 /home/fsw/rep/tasa/lib/bcc-2.2.3-gcc/bin/../sparc-gaisler-elf/bsp/leon3/libbcc.a(copy_data.c.o)
 .debug_info    0x00000000000005a6       0xd9 /home/fsw/rep/tasa/lib/bcc-2.2.3-gcc/bin/../sparc-gaisler-elf/bsp/leon3/libbcc.a(argv.c.o)
 .debug_info    0x000000000000067f       0x26 /home/fsw/rep/tasa/lib/bcc-2.2.3-gcc/bin/../sparc-gaisler-elf/bsp/leon3/libbcc.a(interrupt_trap_tn0018.S.o)
 .debug_info    0x00000000000006a5      0x2db /home/fsw/rep/tasa/lib/bcc-2.2.3-gcc/bin/../sparc-gaisler-elf/bsp/leon3/libbcc.a(int_irqmp_get_source.c.o)
 .debug_info    0x0000000000000980      0x3a6 /home/fsw/rep/tasa/lib/bcc-2.2.3-gcc/bin/../sparc-gaisler-elf/bsp/leon3/libbcc.a(int_irqmp_mp.c.o)
 .debug_info    0x0000000000000d26      0x5c9 /home/fsw/rep/tasa/lib/bcc-2.2.3-gcc/bin/../sparc-gaisler-elf/bsp/leon3/libbcc.a(int_irqmp_init.c.o)
 .debug_info    0x00000000000012ef      0x122 /home/fsw/rep/tasa/lib/bcc-2.2.3-gcc/bin/../sparc-gaisler-elf/bsp/leon3/libbcc.a(con_apbuart_init.c.o)
 .debug_info    0x0000000000001411      0x1d6 /home/fsw/rep/tasa/lib/bcc-2.2.3-gcc/bin/../sparc-gaisler-elf/bsp/leon3/libbcc.a(timer_gptimer_init.c.o)
 .debug_info    0x00000000000015e7       0xf5 /home/fsw/rep/tasa/lib/bcc-2.2.3-gcc/bin/../sparc-gaisler-elf/bsp/leon3/libbcc.a(isr.c.o)
 .debug_info    0x00000000000016dc       0xcd /home/fsw/rep/tasa/lib/bcc-2.2.3-gcc/bin/../sparc-gaisler-elf/bsp/leon3/libbcc.a(int_nest.c.o)
 .debug_info    0x00000000000017a9      0x8e0 /home/fsw/rep/tasa/lib/bcc-2.2.3-gcc/bin/../sparc-gaisler-elf/bsp/leon3/libbcc.a(ambapp.c.o)
 .debug_info    0x0000000000002089      0x336 /home/fsw/rep/tasa/lib/bcc-2.2.3-gcc/bin/../sparc-gaisler-elf/bsp/leon3/libbcc.a(ambapp_findfirst_fn.c.o)
 .debug_info    0x00000000000023bf       0xeb /home/fsw/rep/tasa/lib/bcc-2.2.3-gcc/bin/../sparc-gaisler-elf/bsp/leon3/libbcc.a(int_irqmp_handle.c.o)
 .debug_info    0x00000000000024aa       0x9d /home/fsw/rep/tasa/lib/bcc-2.2.3-gcc/bin/../sparc-gaisler-elf/bsp/leon3/libbcc.a(con_handle.c.o)
 .debug_info    0x0000000000002547       0xb7 /home/fsw/rep/tasa/lib/bcc-2.2.3-gcc/bin/../sparc-gaisler-elf/bsp/leon3/libbcc.a(timer_handle.c.o)
 .debug_info    0x00000000000025fe      0x102 /home/fsw/rep/tasa/lib/bcc-2.2.3-gcc/bin/../lib/gcc/sparc-gaisler-elf/10.2.0/../../../../sparc-gaisler-elf/lib/libc.a(lib_a-atexit.o)
 .debug_info    0x0000000000002700      0x7de /home/fsw/rep/tasa/lib/bcc-2.2.3-gcc/bin/../lib/gcc/sparc-gaisler-elf/10.2.0/../../../../sparc-gaisler-elf/lib/libc.a(lib_a-exit.o)
 .debug_info    0x0000000000002ede      0x83e /home/fsw/rep/tasa/lib/bcc-2.2.3-gcc/bin/../lib/gcc/sparc-gaisler-elf/10.2.0/../../../../sparc-gaisler-elf/lib/libc.a(lib_a-impure.o)
 .debug_info    0x000000000000371c      0x162 /home/fsw/rep/tasa/lib/bcc-2.2.3-gcc/bin/../lib/gcc/sparc-gaisler-elf/10.2.0/../../../../sparc-gaisler-elf/lib/libc.a(lib_a-memcpy.o)
 .debug_info    0x000000000000387e      0x916 /home/fsw/rep/tasa/lib/bcc-2.2.3-gcc/bin/../lib/gcc/sparc-gaisler-elf/10.2.0/../../../../sparc-gaisler-elf/lib/libc.a(lib_a-printf.o)
 .debug_info    0x0000000000004194      0x891 /home/fsw/rep/tasa/lib/bcc-2.2.3-gcc/bin/../lib/gcc/sparc-gaisler-elf/10.2.0/../../../../sparc-gaisler-elf/lib/libc.a(lib_a-putchar.o)
 .debug_info    0x0000000000004a25      0xaf5 /home/fsw/rep/tasa/lib/bcc-2.2.3-gcc/bin/../lib/gcc/sparc-gaisler-elf/10.2.0/../../../../sparc-gaisler-elf/lib/libc.a(lib_a-puts.o)
 .debug_info    0x000000000000551a       0xee /home/fsw/rep/tasa/lib/bcc-2.2.3-gcc/bin/../lib/gcc/sparc-gaisler-elf/10.2.0/../../../../sparc-gaisler-elf/lib/libc.a(lib_a-strlen.o)
 .debug_info    0x0000000000005608     0x1dcf /home/fsw/rep/tasa/lib/bcc-2.2.3-gcc/bin/../lib/gcc/sparc-gaisler-elf/10.2.0/../../../../sparc-gaisler-elf/lib/libc.a(lib_a-vfprintf.o)
 .debug_info    0x00000000000073d7      0x8dd /home/fsw/rep/tasa/lib/bcc-2.2.3-gcc/bin/../lib/gcc/sparc-gaisler-elf/10.2.0/../../../../sparc-gaisler-elf/lib/libc.a(lib_a-wsetup.o)
 .debug_info    0x0000000000007cb4      0x264 /home/fsw/rep/tasa/lib/bcc-2.2.3-gcc/bin/../lib/gcc/sparc-gaisler-elf/10.2.0/../../../../sparc-gaisler-elf/lib/libc.a(lib_a-__atexit.o)
 .debug_info    0x0000000000007f18      0x28d /home/fsw/rep/tasa/lib/bcc-2.2.3-gcc/bin/../lib/gcc/sparc-gaisler-elf/10.2.0/../../../../sparc-gaisler-elf/lib/libc.a(lib_a-__call_atexit.o)
 .debug_info    0x00000000000081a5     0x1560 /home/fsw/rep/tasa/lib/bcc-2.2.3-gcc/bin/../lib/gcc/sparc-gaisler-elf/10.2.0/../../../../sparc-gaisler-elf/lib/libc.a(lib_a-dtoa.o)
 .debug_info    0x0000000000009705      0xafe /home/fsw/rep/tasa/lib/bcc-2.2.3-gcc/bin/../lib/gcc/sparc-gaisler-elf/10.2.0/../../../../sparc-gaisler-elf/lib/libc.a(lib_a-fflush.o)
 .debug_info    0x000000000000a203      0xdd9 /home/fsw/rep/tasa/lib/bcc-2.2.3-gcc/bin/../lib/gcc/sparc-gaisler-elf/10.2.0/../../../../sparc-gaisler-elf/lib/libc.a(lib_a-findfp.o)
 .debug_info    0x000000000000afdc      0xb8d /home/fsw/rep/tasa/lib/bcc-2.2.3-gcc/bin/../lib/gcc/sparc-gaisler-elf/10.2.0/../../../../sparc-gaisler-elf/lib/libc.a(lib_a-freer.o)
 .debug_info    0x000000000000bb69      0xb27 /home/fsw/rep/tasa/lib/bcc-2.2.3-gcc/bin/../lib/gcc/sparc-gaisler-elf/10.2.0/../../../../sparc-gaisler-elf/lib/libc.a(lib_a-fvwrite.o)
 .debug_info    0x000000000000c690      0x8db /home/fsw/rep/tasa/lib/bcc-2.2.3-gcc/bin/../lib/gcc/sparc-gaisler-elf/10.2.0/../../../../sparc-gaisler-elf/lib/libc.a(lib_a-fwalk.o)
 .debug_info    0x000000000000cf6b      0xb4b /home/fsw/rep/tasa/lib/bcc-2.2.3-gcc/bin/../lib/gcc/sparc-gaisler-elf/10.2.0/../../../../sparc-gaisler-elf/lib/libc.a(lib_a-localeconv.o)
 .debug_info    0x000000000000dab6      0xc41 /home/fsw/rep/tasa/lib/bcc-2.2.3-gcc/bin/../lib/gcc/sparc-gaisler-elf/10.2.0/../../../../sparc-gaisler-elf/lib/libc.a(lib_a-makebuf.o)
 .debug_info    0x000000000000e6f7      0x817 /home/fsw/rep/tasa/lib/bcc-2.2.3-gcc/bin/../lib/gcc/sparc-gaisler-elf/10.2.0/../../../../sparc-gaisler-elf/lib/libc.a(lib_a-malloc.o)
 .debug_info    0x000000000000ef0e      0xcf9 /home/fsw/rep/tasa/lib/bcc-2.2.3-gcc/bin/../lib/gcc/sparc-gaisler-elf/10.2.0/../../../../sparc-gaisler-elf/lib/libc.a(lib_a-mallocr.o)
 .debug_info    0x000000000000fc07      0x14e /home/fsw/rep/tasa/lib/bcc-2.2.3-gcc/bin/../lib/gcc/sparc-gaisler-elf/10.2.0/../../../../sparc-gaisler-elf/lib/libc.a(lib_a-memchr.o)
 .debug_info    0x000000000000fd55      0x152 /home/fsw/rep/tasa/lib/bcc-2.2.3-gcc/bin/../lib/gcc/sparc-gaisler-elf/10.2.0/../../../../sparc-gaisler-elf/lib/libc.a(lib_a-memmove.o)
 .debug_info    0x000000000000fea7      0x13d /home/fsw/rep/tasa/lib/bcc-2.2.3-gcc/bin/../lib/gcc/sparc-gaisler-elf/10.2.0/../../../../sparc-gaisler-elf/lib/libc.a(lib_a-memset.o)
 .debug_info    0x000000000000ffe4      0x7aa /home/fsw/rep/tasa/lib/bcc-2.2.3-gcc/bin/../lib/gcc/sparc-gaisler-elf/10.2.0/../../../../sparc-gaisler-elf/lib/libc.a(lib_a-mlock.o)
 .debug_info    0x000000000001078e     0x2152 /home/fsw/rep/tasa/lib/bcc-2.2.3-gcc/bin/../lib/gcc/sparc-gaisler-elf/10.2.0/../../../../sparc-gaisler-elf/lib/libc.a(lib_a-mprec.o)
 .debug_info    0x00000000000128e0      0xa23 /home/fsw/rep/tasa/lib/bcc-2.2.3-gcc/bin/../lib/gcc/sparc-gaisler-elf/10.2.0/../../../../sparc-gaisler-elf/lib/libc.a(lib_a-putc.o)
 .debug_info    0x0000000000013303      0xbfc /home/fsw/rep/tasa/lib/bcc-2.2.3-gcc/bin/../lib/gcc/sparc-gaisler-elf/10.2.0/../../../../sparc-gaisler-elf/lib/libc.a(lib_a-reallocr.o)
 .debug_info    0x0000000000013eff      0x1cf /home/fsw/rep/tasa/lib/bcc-2.2.3-gcc/bin/../lib/gcc/sparc-gaisler-elf/10.2.0/../../../../sparc-gaisler-elf/lib/libc.a(lib_a-s_frexp.o)
 .debug_info    0x00000000000140ce      0x801 /home/fsw/rep/tasa/lib/bcc-2.2.3-gcc/bin/../lib/gcc/sparc-gaisler-elf/10.2.0/../../../../sparc-gaisler-elf/lib/libc.a(lib_a-sbrkr.o)
 .debug_info    0x00000000000148cf      0xab3 /home/fsw/rep/tasa/lib/bcc-2.2.3-gcc/bin/../lib/gcc/sparc-gaisler-elf/10.2.0/../../../../sparc-gaisler-elf/lib/libc.a(lib_a-stdio.o)
 .debug_info    0x0000000000015382      0x153 /home/fsw/rep/tasa/lib/bcc-2.2.3-gcc/bin/../lib/gcc/sparc-gaisler-elf/10.2.0/../../../../sparc-gaisler-elf/lib/libc.a(lib_a-strncpy.o)
 .debug_info    0x00000000000154d5     0x2413 /home/fsw/rep/tasa/lib/bcc-2.2.3-gcc/bin/../lib/gcc/sparc-gaisler-elf/10.2.0/../../../../sparc-gaisler-elf/lib/libc.a(lib_a-vfiprintf.o)
 .debug_info    0x00000000000178e8      0xa45 /home/fsw/rep/tasa/lib/bcc-2.2.3-gcc/bin/../lib/gcc/sparc-gaisler-elf/10.2.0/../../../../sparc-gaisler-elf/lib/libc.a(lib_a-wbuf.o)