Archive member included to satisfy reference by file (symbol)

/home/fsw/rep/tasa/lib/bcc-2.2.3-gcc/bin/../sparc-gaisler-elf/bsp/leon3/leon/mfix-ut699/soft/flat/libbcc.a(reset_trap_mvt.S.o)
                              /home/fsw/rep/tasa/lib/bcc-2.2.3-gcc/bin/../sparc-gaisler-elf/bsp/leon3/leon/mfix-ut699/soft/flat/trap_table_mvt_tn0018.S.o (__bcc_trap_reset_mvt)
/home/fsw/rep/tasa/lib/bcc-2.2.3-gcc/bin/../sparc-gaisler-elf/bsp/leon3/leon/mfix-ut699/soft/flat/libbcc.a(sw_trap_set_pil.S.o)
                              /home/fsw/rep/tasa/lib/bcc-2.2.3-gcc/bin/../sparc-gaisler-elf/bsp/leon3/leon/mfix-ut699/soft/flat/trap_table_mvt_tn0018.S.o (__bcc_trap_sw_set_pil)
/home/fsw/rep/tasa/lib/bcc-2.2.3-gcc/bin/../sparc-gaisler-elf/bsp/leon3/leon/mfix-ut699/soft/flat/libbcc.a(init.S.o)
                              /home/fsw/rep/tasa/lib/bcc-2.2.3-gcc/bin/../sparc-gaisler-elf/bsp/leon3/leon/mfix-ut699/soft/flat/libbcc.a(reset_trap_mvt.S.o) (__bcc_init40)
/home/fsw/rep/tasa/lib/bcc-2.2.3-gcc/bin/../sparc-gaisler-elf/bsp/leon3/leon/mfix-ut699/soft/flat/libbcc.a(leon_info.S.o)
                              /home/fsw/rep/tasa/lib/bcc-2.2.3-gcc/bin/../sparc-gaisler-elf/bsp/leon3/leon/mfix-ut699/soft/flat/crt0.S.o (__bcc_get_leon_info)
/home/fsw/rep/tasa/lib/bcc-2.2.3-gcc/bin/../sparc-gaisler-elf/bsp/leon3/leon/mfix-ut699/soft/flat/libbcc.a(dwzero.S.o)
                              /home/fsw/rep/tasa/lib/bcc-2.2.3-gcc/bin/../sparc-gaisler-elf/bsp/leon3/leon/mfix-ut699/soft/flat/crt0.S.o (bcc_dwzero)
/home/fsw/rep/tasa/lib/bcc-2.2.3-gcc/bin/../sparc-gaisler-elf/bsp/leon3/leon/mfix-ut699/soft/flat/libbcc.a(copy_data.c.o)
                              /home/fsw/rep/tasa/lib/bcc-2.2.3-gcc/bin/../sparc-gaisler-elf/bsp/leon3/leon/mfix-ut699/soft/flat/crt0.S.o (__bcc_copy_data)
/home/fsw/rep/tasa/lib/bcc-2.2.3-gcc/bin/../sparc-gaisler-elf/bsp/leon3/leon/mfix-ut699/soft/flat/libbcc.a(argv.c.o)
                              /home/fsw/rep/tasa/lib/bcc-2.2.3-gcc/bin/../sparc-gaisler-elf/bsp/leon3/leon/mfix-ut699/soft/flat/crt0.S.o (__bcc_argvp)
/home/fsw/rep/tasa/lib/bcc-2.2.3-gcc/bin/../sparc-gaisler-elf/bsp/leon3/leon/mfix-ut699/soft/flat/libbcc.a(interrupt_trap_flat_tn0018.S.o)
                              /home/fsw/rep/tasa/lib/bcc-2.2.3-gcc/bin/../sparc-gaisler-elf/bsp/leon3/leon/mfix-ut699/soft/flat/trap_table_mvt_tn0018.S.o (__bcc_trap_interrupt_flat_tn0018)
/home/fsw/rep/tasa/lib/bcc-2.2.3-gcc/bin/../sparc-gaisler-elf/bsp/leon3/leon/mfix-ut699/soft/flat/libbcc.a(int_irqmp_get_source.c.o)
                              /home/fsw/rep/tasa/lib/bcc-2.2.3-gcc/bin/../sparc-gaisler-elf/bsp/leon3/leon/mfix-ut699/soft/flat/libbcc.a(interrupt_trap_flat_tn0018.S.o) (__bcc_int_get_source)
/home/fsw/rep/tasa/lib/bcc-2.2.3-gcc/bin/../sparc-gaisler-elf/bsp/leon3/leon/mfix-ut699/soft/flat/libbcc.a(int_irqmp_mp.c.o)
                              /tmp/ccK56PDv.o (bcc_get_cpu_count)
/home/fsw/rep/tasa/lib/bcc-2.2.3-gcc/bin/../sparc-gaisler-elf/bsp/leon3/leon/mfix-ut699/soft/flat/libbcc.a(int_irqmp_init.c.o)
                              /home/fsw/rep/tasa/lib/bcc-2.2.3-gcc/bin/../sparc-gaisler-elf/bsp/leon3/leon/mfix-ut699/soft/flat/crt0.S.o (__bcc_int_init)
/home/fsw/rep/tasa/lib/bcc-2.2.3-gcc/bin/../sparc-gaisler-elf/bsp/leon3/leon/mfix-ut699/soft/flat/libbcc.a(con_apbuart_init.c.o)
                              /home/fsw/rep/tasa/lib/bcc-2.2.3-gcc/bin/../sparc-gaisler-elf/bsp/leon3/leon/mfix-ut699/soft/flat/crt0.S.o (__bcc_con_init)
/home/fsw/rep/tasa/lib/bcc-2.2.3-gcc/bin/../sparc-gaisler-elf/bsp/leon3/leon/mfix-ut699/soft/flat/libbcc.a(timer_gptimer_init.c.o)
                              /home/fsw/rep/tasa/lib/bcc-2.2.3-gcc/bin/../sparc-gaisler-elf/bsp/leon3/leon/mfix-ut699/soft/flat/crt0.S.o (__bcc_timer_init)
/home/fsw/rep/tasa/lib/bcc-2.2.3-gcc/bin/../sparc-gaisler-elf/bsp/leon3/leon/mfix-ut699/soft/flat/libbcc.a(isr.c.o)
                              /home/fsw/rep/tasa/lib/bcc-2.2.3-gcc/bin/../sparc-gaisler-elf/bsp/leon3/leon/mfix-ut699/soft/flat/libbcc.a(interrupt_trap_flat_tn0018.S.o) (__bcc_isr_list)
/home/fsw/rep/tasa/lib/bcc-2.2.3-gcc/bin/../sparc-gaisler-elf/bsp/leon3/leon/mfix-ut699/soft/flat/libbcc.a(int_nest.c.o)
                              /home/fsw/rep/tasa/lib/bcc-2.2.3-gcc/bin/../sparc-gaisler-elf/bsp/leon3/leon/mfix-ut699/soft/flat/libbcc.a(interrupt_trap_flat_tn0018.S.o) (__bcc_int_nest)
/home/fsw/rep/tasa/lib/bcc-2.2.3-gcc/bin/../sparc-gaisler-elf/bsp/leon3/leon/mfix-ut699/soft/flat/libbcc.a(ambapp.c.o)
                              /home/fsw/rep/tasa/lib/bcc-2.2.3-gcc/bin/../sparc-gaisler-elf/bsp/leon3/leon/mfix-ut699/soft/flat/libbcc.a(int_irqmp_init.c.o) (ambapp_visit)
/home/fsw/rep/tasa/lib/bcc-2.2.3-gcc/bin/../sparc-gaisler-elf/bsp/leon3/leon/mfix-ut699/soft/flat/libbcc.a(ambapp_findfirst_fn.c.o)
                              /home/fsw/rep/tasa/lib/bcc-2.2.3-gcc/bin/../sparc-gaisler-elf/bsp/leon3/leon/mfix-ut699/soft/flat/libbcc.a(int_irqmp_init.c.o) (ambapp_findfirst_fn)
[...]
Memory Configuration

Name             Origin             Length             Attributes
rom              0x0000000000000000 0x0000000020000000
ram              0x0000000040000000 0x0000000040000000
*default*        0x0000000000000000 0xffffffffffffffff

Linker script and memory map

LOAD /home/fsw/rep/tasa/lib/bcc-2.2.3-gcc/bin/../sparc-gaisler-elf/bsp/leon3/leon/mfix-ut699/soft/flat/trap_table_mvt_tn0018.S.o
LOAD /home/fsw/rep/tasa/lib/bcc-2.2.3-gcc/bin/../sparc-gaisler-elf/bsp/leon3/leon/mfix-ut699/soft/flat/crt0.S.o
LOAD /home/fsw/rep/tasa/lib/bcc-2.2.3-gcc/bin/../lib/gcc/sparc-gaisler-elf/10.2.0/leon/mfix-ut699/soft/flat/crti.o
LOAD /home/fsw/rep/tasa/lib/bcc-2.2.3-gcc/bin/../lib/gcc/sparc-gaisler-elf/10.2.0/leon/mfix-ut699/soft/flat/crtbegin.o
LOAD /tmp/ccK56PDv.o
                0x0000000000000000                PROVIDE (__bcc_cfg_skip_clear_bss = 0x0)

.text           0x0000000040000000    0x12290
 CREATE_OBJECT_SYMBOLS
                0x0000000040000000                __text_start = .
                0x0000000040000000                . = ALIGN (0x1000)
 *(.text.traptable)
 .text.traptable
                0x0000000040000000     0x1000 /home/fsw/rep/tasa/lib/bcc-2.2.3-gcc/bin/../sparc-gaisler-elf/bsp/leon3/leon/mfix-ut699/soft/flat/trap_table_mvt_tn0018.S.o
                0x0000000040000000                __bcc_trap_table
                0x0000000040000000                __bcc_entry_point
 *(.text .text.*)
 .text          0x0000000040001000        0x0 /home/fsw/rep/tasa/lib/bcc-2.2.3-gcc/bin/../sparc-gaisler-elf/bsp/leon3/leon/mfix-ut699/soft/flat/trap_table_mvt_tn0018.S.o
 .text          0x0000000040001000       0xc8 /home/fsw/rep/tasa/lib/bcc-2.2.3-gcc/bin/../sparc-gaisler-elf/bsp/leon3/leon/mfix-ut699/soft/flat/crt0.S.o
                0x0000000040001000                __bcc_crt0
 .text          0x00000000400010c8        0x0 /home/fsw/rep/tasa/lib/bcc-2.2.3-gcc/bin/../lib/gcc/sparc-gaisler-elf/10.2.0/leon/mfix-ut699/soft/flat/crti.o
 .text          0x00000000400010c8      0x204 /home/fsw/rep/tasa/lib/bcc-2.2.3-gcc/bin/../lib/gcc/sparc-gaisler-elf/10.2.0/leon/mfix-ut699/soft/flat/crtbegin.o
 .text          0x00000000400012cc        0x0 /tmp/ccK56PDv.o
 .text.startup  0x00000000400012cc      0x170 /tmp/ccK56PDv.o
                0x00000000400012cc                main
 .text          0x000000004000143c       0x90 /home/fsw/rep/tasa/lib/bcc-2.2.3-gcc/bin/../sparc-gaisler-elf/bsp/leon3/leon/mfix-ut699/soft/flat/libbcc.a(reset_trap_mvt.S.o)
                0x000000004000143c                __bcc_trap_reset_mvt
 .text          0x00000000400014cc       0x2c /home/fsw/rep/tasa/lib/bcc-2.2.3-gcc/bin/../sparc-gaisler-elf/bsp/leon3/leon/mfix-ut699/soft/flat/libbcc.a(sw_trap_set_pil.S.o)
                0x00000000400014cc                __bcc_trap_sw_set_pil
 .text          0x00000000400014f8        0x8 /home/fsw/rep/tasa/lib/bcc-2.2.3-gcc/bin/../sparc-gaisler-elf/bsp/leon3/leon/mfix-ut699/soft/flat/libbcc.a(init.S.o)
                0x00000000400014f8                __bcc_init50
                0x00000000400014f8                __bcc_init40
                0x00000000400014f8                __bcc_init70
                0x00000000400014f8                __bcc_init60
 .text          0x0000000040001500       0x98 /home/fsw/rep/tasa/lib/bcc-2.2.3-gcc/bin/../sparc-gaisler-elf/bsp/leon3/leon/mfix-ut699/soft/flat/libbcc.a(leon_info.S.o)
                0x0000000040001500                __bcc_get_leon_info
                0x0000000040001588                bcc_get_cpuid
 .text          0x0000000040001598       0x2c /home/fsw/rep/tasa/lib/bcc-2.2.3-gcc/bin/../sparc-gaisler-elf/bsp/leon3/leon/mfix-ut699/soft/flat/libbcc.a(dwzero.S.o)
                0x0000000040001598                bcc_dwzero
 .text          0x00000000400015c4       0x78 /home/fsw/rep/tasa/lib/bcc-2.2.3-gcc/bin/../sparc-gaisler-elf/bsp/leon3/leon/mfix-ut699/soft/flat/libbcc.a(copy_data.c.o)
                0x00000000400015c4                __bcc_copy_data
 .text          0x000000004000163c        0x0 /home/fsw/rep/tasa/lib/bcc-2.2.3-gcc/bin/../sparc-gaisler-elf/bsp/leon3/leon/mfix-ut699/soft/flat/libbcc.a(argv.c.o)
 *fill*         0x000000004000163c        0x4 
 .text          0x0000000040001640      0x1a0 /home/fsw/rep/tasa/lib/bcc-2.2.3-gcc/bin/../sparc-gaisler-elf/bsp/leon3/leon/mfix-ut699/soft/flat/libbcc.a(interrupt_trap_flat_tn0018.S.o)
                0x0000000040001640                __bcc_trap_interrupt_flat_svt_tn0018
                0x0000000040001644                __bcc_trap_interrupt_flat_tn0018
 .text          0x00000000400017e0       0x48 /home/fsw/rep/tasa/lib/bcc-2.2.3-gcc/bin/../sparc-gaisler-elf/bsp/leon3/leon/mfix-ut699/soft/flat/libbcc.a(int_irqmp_get_source.c.o)
                0x00000000400017e0                __bcc_int_get_source
 .text          0x0000000040001828       0xa0 /home/fsw/rep/tasa/lib/bcc-2.2.3-gcc/bin/../sparc-gaisler-elf/bsp/leon3/leon/mfix-ut699/soft/flat/libbcc.a(int_irqmp_mp.c.o)
                0x0000000040001828                bcc_send_interrupt
                0x0000000040001868                bcc_get_cpu_count
                0x0000000040001894                bcc_start_processor
 .text          0x00000000400018c8      0x1ec /home/fsw/rep/tasa/lib/bcc-2.2.3-gcc/bin/../sparc-gaisler-elf/bsp/leon3/leon/mfix-ut699/soft/flat/libbcc.a(int_irqmp_init.c.o)
                0x00000000400018c8                __bcc_int_init
 .text          0x0000000040001ab4       0x6c /home/fsw/rep/tasa/lib/bcc-2.2.3-gcc/bin/../sparc-gaisler-elf/bsp/leon3/leon/mfix-ut699/soft/flat/libbcc.a(con_apbuart_init.c.o)
                0x0000000040001ab4                __bcc_con_init
 .text          0x0000000040001b20       0x9c /home/fsw/rep/tasa/lib/bcc-2.2.3-gcc/bin/../sparc-gaisler-elf/bsp/leon3/leon/mfix-ut699/soft/flat/libbcc.a(timer_gptimer_init.c.o)
                0x0000000040001b20                __bcc_timer_init
 .text          0x0000000040001bbc        0x0 /home/fsw/rep/tasa/lib/bcc-2.2.3-gcc/bin/../sparc-gaisler-elf/bsp/leon3/leon/mfix-ut699/soft/flat/libbcc.a(isr.c.o)
 .text          0x0000000040001bbc        0x0 /home/fsw/rep/tasa/lib/bcc-2.2.3-gcc/bin/../sparc-gaisler-elf/bsp/leon3/leon/mfix-ut699/soft/flat/libbcc.a(int_nest.c.o)
 .text          0x0000000040001bbc      0x7f4 /home/fsw/rep/tasa/lib/bcc-2.2.3-gcc/bin/../sparc-gaisler-elf/bsp/leon3/leon/mfix-ut699/soft/flat/libbcc.a(ambapp.c.o)
                0x0000000040001bbc                ambapp_get_ahbinfo
                0x00000000400022d0                ambapp_get_apbinfo
                0x0000000040002378                ambapp_visit
 .text          0x00000000400023b0       0xbc /home/fsw/rep/tasa/lib/bcc-2.2.3-gcc/bin/../sparc-gaisler-elf/bsp/leon3/leon/mfix-ut699/soft/flat/libbcc.a(ambapp_findfirst_fn.c.o)
                0x00000000400023b0                ambapp_findfirst_fn
 .text          0x000000004000246c        0x0 /home/fsw/rep/tasa/lib/bcc-2.2.3-gcc/bin/../sparc-gaisler-elf/bsp/leon3/leon/mfix-ut699/soft/flat/libbcc.a(int_irqmp_handle.c.o)
 .text          0x000000004000246c        0x0 /home/fsw/rep/tasa/lib/bcc-2.2.3-gcc/bin/../sparc-gaisler-elf/bsp/leon3/leon/mfix-ut699/soft/flat/libbcc.a(con_handle.c.o)
 .text          0x000000004000246c        0x0 /home/fsw/rep/tasa/lib/bcc-2.2.3-gcc/bin/../sparc-gaisler-elf/bsp/leon3/leon/mfix-ut699/soft/flat/libbcc.a(timer_handle.c.o)
 .text          0x000000004000246c       0x1c /home/fsw/rep/tasa/lib/bcc-2.2.3-gcc/bin/../lib/gcc/sparc-gaisler-elf/10.2.0/../../../../sparc-gaisler-elf/lib/leon/mfix-ut699/soft/flat/libc.a(lib_a-atexit.o)
                0x000000004000246c                atexit
 .text          0x0000000040002488       0x50 /home/fsw/rep/tasa/lib/bcc-2.2.3-gcc/bin/../lib/gcc/sparc-gaisler-elf/10.2.0/../../../../sparc-gaisler-elf/lib/leon/mfix-ut699/soft/flat/libc.a(lib_a-exit.o)
                0x0000000040002488                exit
 .text          0x00000000400024d8        0x0 /home/fsw/rep/tasa/lib/bcc-2.2.3-gcc/bin/../lib/gcc/sparc-gaisler-elf/10.2.0/../../../../sparc-gaisler-elf/lib/leon/mfix-ut699/soft/flat/libc.a(lib_a-impure.o)
 .text          0x00000000400024d8      0x1d0 /home/fsw/rep/tasa/lib/bcc-2.2.3-gcc/bin/../lib/gcc/sparc-gaisler-elf/10.2.0/../../../../sparc-gaisler-elf/lib/leon/mfix-ut699/soft/flat/libc.a(lib_a-memcpy.o)
                0x00000000400024d8                memcpy
 .text          0x00000000400026a8      0x174 /home/fsw/rep/tasa/lib/bcc-2.2.3-gcc/bin/../lib/gcc/sparc-gaisler-elf/10.2.0/../../../../sparc-gaisler-elf/lib/leon/mfix-ut699/soft/flat/libc.a(lib_a-printf.o)
                0x00000000400026a8                _printf_r
                0x0000000040002764                printf
 .text          0x000000004000281c      0x124 /home/fsw/rep/tasa/lib/bcc-2.2.3-gcc/bin/../lib/gcc/sparc-gaisler-elf/10.2.0/../../../../sparc-gaisler-elf/lib/leon/mfix-ut699/soft/flat/libc.a(lib_a-putchar.o)
                0x000000004000281c                _putchar_r
                0x00000000400028a8                putchar
 .text          0x0000000040002940      0x2bc /home/fsw/rep/tasa/lib/bcc-2.2.3-gcc/bin/../lib/gcc/sparc-gaisler-elf/10.2.0/../../../../sparc-gaisler-elf/lib/leon/mfix-ut699/soft/flat/libc.a(lib_a-puts.o)
                0x0000000040002940                _puts_r
                0x0000000040002a9c                puts
 .text          0x0000000040002bfc       0xc4 /home/fsw/rep/tasa/lib/bcc-2.2.3-gcc/bin/../lib/gcc/sparc-gaisler-elf/10.2.0/../../../../sparc-gaisler-elf/lib/leon/mfix-ut699/soft/flat/libc.a(lib_a-strlen.o)
                0x0000000040002bfc                strlen
 .text          0x0000000040002cc0     0x3130 /home/fsw/rep/tasa/lib/bcc-2.2.3-gcc/bin/../lib/gcc/sparc-gaisler-elf/10.2.0/../../../../sparc-gaisler-elf/lib/leon/mfix-ut699/soft/flat/libc.a(lib_a-vfprintf.o)
                0x0000000040002e2c                _vfprintf_r
                0x0000000040005cfc                vfprintf
 .text          0x0000000040005df0      0x210 /home/fsw/rep/tasa/lib/bcc-2.2.3-gcc/bin/../lib/gcc/sparc-gaisler-elf/10.2.0/../../../../sparc-gaisler-elf/lib/leon/mfix-ut699/soft/flat/libc.a(lib_a-wsetup.o)
                0x0000000040005df0                __swsetup_r
 .text          0x0000000040006000      0x198 /home/fsw/rep/tasa/lib/bcc-2.2.3-gcc/bin/../lib/gcc/sparc-gaisler-elf/10.2.0/../../../../sparc-gaisler-elf/lib/leon/mfix-ut699/soft/flat/libc.a(lib_a-__atexit.o)
                0x0000000040006000                __register_exitproc
 .text          0x0000000040006198      0x30c /home/fsw/rep/tasa/lib/bcc-2.2.3-gcc/bin/../lib/gcc/sparc-gaisler-elf/10.2.0/../../../../sparc-gaisler-elf/lib/leon/mfix-ut699/soft/flat/libc.a(lib_a-__call_atexit.o)
                0x0000000040006198                __call_exitprocs
 .text          0x00000000400064a4     0x1974 /home/fsw/rep/tasa/lib/bcc-2.2.3-gcc/bin/../lib/gcc/sparc-gaisler-elf/10.2.0/../../../../sparc-gaisler-elf/lib/leon/mfix-ut699/soft/flat/libc.a(lib_a-dtoa.o)
                0x00000000400066dc                _dtoa_r
 .text          0x0000000040007e18      0x4dc /home/fsw/rep/tasa/lib/bcc-2.2.3-gcc/bin/../lib/gcc/sparc-gaisler-elf/10.2.0/../../../../sparc-gaisler-elf/lib/leon/mfix-ut699/soft/flat/libc.a(lib_a-fflush.o)
                0x0000000040007e18                __sflush_r
                0x00000000400080d4                _fflush_r
                0x00000000400081c4                fflush
 .text          0x00000000400082f4      0x414 /home/fsw/rep/tasa/lib/bcc-2.2.3-gcc/bin/../lib/gcc/sparc-gaisler-elf/10.2.0/../../../../sparc-gaisler-elf/lib/leon/mfix-ut699/soft/flat/libc.a(lib_a-findfp.o)
                0x00000000400082f4                _cleanup_r
                0x0000000040008308                __sfmoreglue
                0x0000000040008374                __sfp
                0x00000000400086c8                _cleanup
                0x00000000400086e4                __sinit
 .text          0x0000000040008708      0x4b8 /home/fsw/rep/tasa/lib/bcc-2.2.3-gcc/bin/../lib/gcc/sparc-gaisler-elf/10.2.0/../../../../sparc-gaisler-elf/lib/leon/mfix-ut699/soft/flat/libc.a(lib_a-freer.o)
                0x0000000040008708                _malloc_trim_r
                0x0000000040008828                _free_r
 .text          0x0000000040008bc0      0x5a8 /home/fsw/rep/tasa/lib/bcc-2.2.3-gcc/bin/../lib/gcc/sparc-gaisler-elf/10.2.0/../../../../sparc-gaisler-elf/lib/leon/mfix-ut699/soft/flat/libc.a(lib_a-fvwrite.o)
                0x0000000040008bc0                __sfvwrite_r
 .text          0x0000000040009168      0x154 /home/fsw/rep/tasa/lib/bcc-2.2.3-gcc/bin/../lib/gcc/sparc-gaisler-elf/10.2.0/../../../../sparc-gaisler-elf/lib/leon/mfix-ut699/soft/flat/libc.a(lib_a-fwalk.o)
                0x0000000040009168                _fwalk
                0x0000000040009214                _fwalk_reent
 .text          0x00000000400092bc       0x60 /home/fsw/rep/tasa/lib/bcc-2.2.3-gcc/bin/../lib/gcc/sparc-gaisler-elf/10.2.0/../../../../sparc-gaisler-elf/lib/leon/mfix-ut699/soft/flat/libc.a(lib_a-localeconv.o)
                0x00000000400092bc                __localeconv_l
                0x00000000400092c4                _localeconv_r
                0x00000000400092f0                localeconv
 .text          0x000000004000931c      0x2b0 /home/fsw/rep/tasa/lib/bcc-2.2.3-gcc/bin/../lib/gcc/sparc-gaisler-elf/10.2.0/../../../../sparc-gaisler-elf/lib/leon/mfix-ut699/soft/flat/libc.a(lib_a-makebuf.o)
                0x000000004000931c                __smakebuf_r
                0x00000000400094ec                __swhatbuf_r
 .text          0x00000000400095cc       0x30 /home/fsw/rep/tasa/lib/bcc-2.2.3-gcc/bin/../lib/gcc/sparc-gaisler-elf/10.2.0/../../../../sparc-gaisler-elf/lib/leon/mfix-ut699/soft/flat/libc.a(lib_a-malloc.o)
                0x00000000400095cc                malloc
                0x00000000400095e4                free
 .text          0x00000000400095fc      0x8e8 /home/fsw/rep/tasa/lib/bcc-2.2.3-gcc/bin/../lib/gcc/sparc-gaisler-elf/10.2.0/../../../../sparc-gaisler-elf/lib/leon/mfix-ut699/soft/flat/libc.a(lib_a-mallocr.o)
                0x00000000400095fc                _malloc_r
 .text          0x0000000040009ee4      0x120 /home/fsw/rep/tasa/lib/bcc-2.2.3-gcc/bin/../lib/gcc/sparc-gaisler-elf/10.2.0/../../../../sparc-gaisler-elf/lib/leon/mfix-ut699/soft/flat/libc.a(lib_a-memchr.o)
                0x0000000040009ee4                memchr
 .text          0x000000004000a004      0x228 /home/fsw/rep/tasa/lib/bcc-2.2.3-gcc/bin/../lib/gcc/sparc-gaisler-elf/10.2.0/../../../../sparc-gaisler-elf/lib/leon/mfix-ut699/soft/flat/libc.a(lib_a-memmove.o)
                0x000000004000a004                memmove
 .text          0x000000004000a22c      0x144 /home/fsw/rep/tasa/lib/bcc-2.2.3-gcc/bin/../lib/gcc/sparc-gaisler-elf/10.2.0/../../../../sparc-gaisler-elf/lib/leon/mfix-ut699/soft/flat/libc.a(lib_a-memset.o)
                0x000000004000a22c                memset
 .text          0x000000004000a370       0x10 /home/fsw/rep/tasa/lib/bcc-2.2.3-gcc/bin/../lib/gcc/sparc-gaisler-elf/10.2.0/../../../../sparc-gaisler-elf/lib/leon/mfix-ut699/soft/flat/libc.a(lib_a-mlock.o)
                0x000000004000a370                __malloc_lock
                0x000000004000a378                __malloc_unlock
 .text          0x000000004000a380     0x1a54 /home/fsw/rep/tasa/lib/bcc-2.2.3-gcc/bin/../lib/gcc/sparc-gaisler-elf/10.2.0/../../../../sparc-gaisler-elf/lib/leon/mfix-ut699/soft/flat/libc.a(lib_a-mprec.o)
                0x000000004000a380                _Balloc
                0x000000004000a480                _Bfree
                0x000000004000a50c                __multadd
                0x000000004000a664                __s2b
                0x000000004000a790                __hi0bits
                0x000000004000a824                __lo0bits
                0x000000004000a8fc                __i2b
                0x000000004000aa30                __multiply
                0x000000004000ac98                __pow5mult
                0x000000004000ae60                __lshift
                0x000000004000b098                __mcmp
                0x000000004000b124                __mdiff
                0x000000004000b394                __ulp
                0x000000004000b3fc                __b2d
                0x000000004000b5a4                __d2b
                0x000000004000b9c8                __ratio
                0x000000004000bc1c                _mprec_log10
                0x000000004000bcb8                __copybits
                0x000000004000bd50                __any_on
 .text          0x000000004000bdd4      0x280 /home/fsw/rep/tasa/lib/bcc-2.2.3-gcc/bin/../lib/gcc/sparc-gaisler-elf/10.2.0/../../../../sparc-gaisler-elf/lib/leon/mfix-ut699/soft/flat/libc.a(lib_a-putc.o)
                0x000000004000bdd4                _putc_r
                0x000000004000bf04                putc
 .text          0x000000004000c054      0x5e8 /home/fsw/rep/tasa/lib/bcc-2.2.3-gcc/bin/../lib/gcc/sparc-gaisler-elf/10.2.0/../../../../sparc-gaisler-elf/lib/leon/mfix-ut699/soft/flat/libc.a(lib_a-reallocr.o)
                0x000000004000c054                _realloc_r
 .text          0x000000004000c63c       0xbc /home/fsw/rep/tasa/lib/bcc-2.2.3-gcc/bin/../lib/gcc/sparc-gaisler-elf/10.2.0/../../../../sparc-gaisler-elf/lib/leon/mfix-ut699/soft/flat/libc.a(lib_a-s_frexp.o)
                0x000000004000c63c                frexp
 .text          0x000000004000c6f8       0x6c /home/fsw/rep/tasa/lib/bcc-2.2.3-gcc/bin/../lib/gcc/sparc-gaisler-elf/10.2.0/../../../../sparc-gaisler-elf/lib/leon/mfix-ut699/soft/flat/libc.a(lib_a-sbrkr.o)
                0x000000004000c6f8                _sbrk_r
 .text          0x000000004000c764      0x1cc /home/fsw/rep/tasa/lib/bcc-2.2.3-gcc/bin/../lib/gcc/sparc-gaisler-elf/10.2.0/../../../../sparc-gaisler-elf/lib/leon/mfix-ut699/soft/flat/libc.a(lib_a-stdio.o)
                0x000000004000c764                __sread
                0x000000004000c7dc                __seofread
                0x000000004000c7e4                __swrite
                0x000000004000c89c                __sseek
                0x000000004000c920                __sclose
 .text          0x000000004000c930      0x1d0 /home/fsw/rep/tasa/lib/bcc-2.2.3-gcc/bin/../lib/gcc/sparc-gaisler-elf/10.2.0/../../../../sparc-gaisler-elf/lib/leon/mfix-ut699/soft/flat/libc.a(lib_a-strncpy.o)
                0x000000004000c930                strncpy
 .text          0x000000004000cb00     0x205c /home/fsw/rep/tasa/lib/bcc-2.2.3-gcc/bin/../lib/gcc/sparc-gaisler-elf/10.2.0/../../../../sparc-gaisler-elf/lib/leon/mfix-ut699/soft/flat/libc.a(lib_a-vfiprintf.o)
                0x000000004000cc6c                __sprint_r
                0x000000004000cd8c                _vfiprintf_r
                0x000000004000ea68                vfiprintf
 .text          0x000000004000eb5c      0x3c4 /home/fsw/rep/tasa/lib/bcc-2.2.3-gcc/bin/../lib/gcc/sparc-gaisler-elf/10.2.0/../../../../sparc-gaisler-elf/lib/leon/mfix-ut699/soft/flat/libc.a(lib_a-wbuf.o)
                0x000000004000eb5c                __swbuf_r
                0x000000004000ed3c                __swbuf
 .text          0x000000004000ef20       0x74 /home/fsw/rep/tasa/lib/bcc-2.2.3-gcc/bin/../lib/gcc/sparc-gaisler-elf/10.2.0/../../../../sparc-gaisler-elf/lib/leon/mfix-ut699/soft/flat/libc.a(lib_a-writer.o)
                0x000000004000ef20                _write_r
 .text          0x000000004000ef94       0xd0 /home/fsw/rep/tasa/lib/bcc-2.2.3-gcc/bin/../lib/gcc/sparc-gaisler-elf/10.2.0/../../../../sparc-gaisler-elf/lib/leon/mfix-ut699/soft/flat/libc.a(lib_a-callocr.o)
                0x000000004000ef94                _calloc_r
 .text          0x000000004000f064       0x6c /home/fsw/rep/tasa/lib/bcc-2.2.3-gcc/bin/../lib/gcc/sparc-gaisler-elf/10.2.0/../../../../sparc-gaisler-elf/lib/leon/mfix-ut699/soft/flat/libc.a(lib_a-closer.o)
                0x000000004000f064                _close_r
 .text          0x000000004000f0d0      0x344 /home/fsw/rep/tasa/lib/bcc-2.2.3-gcc/bin/../lib/gcc/sparc-gaisler-elf/10.2.0/../../../../sparc-gaisler-elf/lib/leon/mfix-ut699/soft/flat/libc.a(lib_a-fclose.o)
                0x000000004000f0d0                _fclose_r
                0x000000004000f270                fclose
 .text          0x000000004000f414      0x260 /home/fsw/rep/tasa/lib/bcc-2.2.3-gcc/bin/../lib/gcc/sparc-gaisler-elf/10.2.0/../../../../sparc-gaisler-elf/lib/leon/mfix-ut699/soft/flat/libc.a(lib_a-fputwc.o)
                0x000000004000f414                __fputwc
                0x000000004000f548                _fputwc_r
                0x000000004000f578                fputwc
 .text          0x000000004000f674       0x70 /home/fsw/rep/tasa/lib/bcc-2.2.3-gcc/bin/../lib/gcc/sparc-gaisler-elf/10.2.0/../../../../sparc-gaisler-elf/lib/leon/mfix-ut699/soft/flat/libc.a(lib_a-fstatr.o)
                0x000000004000f674                _fstat_r
 .text          0x000000004000f6e4       0x6c /home/fsw/rep/tasa/lib/bcc-2.2.3-gcc/bin/../lib/gcc/sparc-gaisler-elf/10.2.0/../../../../sparc-gaisler-elf/lib/leon/mfix-ut699/soft/flat/libc.a(lib_a-isattyr.o)
                0x000000004000f6e4                _isatty_r
 .text          0x000000004000f750      0x194 /home/fsw/rep/tasa/lib/bcc-2.2.3-gcc/bin/../lib/gcc/sparc-gaisler-elf/10.2.0/../../../../sparc-gaisler-elf/lib/leon/mfix-ut699/soft/flat/libc.a(lib_a-locale.o)
                0x000000004000f750                _setlocale_r
                0x000000004000f7e0                __locale_mb_cur_max
                0x000000004000f814                __locale_ctype_ptr_l
                0x000000004000f820                __locale_ctype_ptr
                0x000000004000f854                setlocale
 .text          0x000000004000f8e4       0x74 /home/fsw/rep/tasa/lib/bcc-2.2.3-gcc/bin/../lib/gcc/sparc-gaisler-elf/10.2.0/../../../../sparc-gaisler-elf/lib/leon/mfix-ut699/soft/flat/libc.a(lib_a-lseekr.o)
                0x000000004000f8e4                _lseek_r
 .text          0x000000004000f958       0xb4 /home/fsw/rep/tasa/lib/bcc-2.2.3-gcc/bin/../lib/gcc/sparc-gaisler-elf/10.2.0/../../../../sparc-gaisler-elf/lib/leon/mfix-ut699/soft/flat/libc.a(lib_a-mbtowc_r.o)
                0x000000004000f958                _mbtowc_r
                0x000000004000f9b8                __ascii_mbtowc
 .text          0x000000004000fa0c       0x74 /home/fsw/rep/tasa/lib/bcc-2.2.3-gcc/bin/../lib/gcc/sparc-gaisler-elf/10.2.0/../../../../sparc-gaisler-elf/lib/leon/mfix-ut699/soft/flat/libc.a(lib_a-readr.o)
                0x000000004000fa0c                _read_r
 .text          0x000000004000fa80      0x3d8 /home/fsw/rep/tasa/lib/bcc-2.2.3-gcc/bin/../lib/gcc/sparc-gaisler-elf/10.2.0/../../../../sparc-gaisler-elf/lib/leon/mfix-ut699/soft/flat/libc.a(lib_a-reent.o)
                0x000000004000fa80                cleanup_glue
                0x000000004000fb3c                _reclaim_reent
 .text          0x000000004000fe58       0xc8 /home/fsw/rep/tasa/lib/bcc-2.2.3-gcc/bin/../lib/gcc/sparc-gaisler-elf/10.2.0/../../../../sparc-gaisler-elf/lib/leon/mfix-ut699/soft/flat/libc.a(lib_a-strcmp.o)
                0x000000004000fe58                strcmp
 .text          0x000000004000ff20      0x19c /home/fsw/rep/tasa/lib/bcc-2.2.3-gcc/bin/../lib/gcc/sparc-gaisler-elf/10.2.0/../../../../sparc-gaisler-elf/lib/leon/mfix-ut699/soft/flat/libc.a(lib_a-wcrtomb.o)
                0x000000004000ff20                _wcrtomb_r
                0x000000004000ffec                wcrtomb
 .text          0x00000000400100bc       0x98 /home/fsw/rep/tasa/lib/bcc-2.2.3-gcc/bin/../lib/gcc/sparc-gaisler-elf/10.2.0/../../../../sparc-gaisler-elf/lib/leon/mfix-ut699/soft/flat/libc.a(lib_a-wctomb_r.o)
                0x00000000400100bc                _wctomb_r
                0x000000004001011c                __ascii_wctomb
 .text          0x0000000040010154        0x0 /home/fsw/rep/tasa/lib/bcc-2.2.3-gcc/bin/../lib/gcc/sparc-gaisler-elf/10.2.0/../../../../sparc-gaisler-elf/lib/leon/mfix-ut699/soft/flat/libc.a(lib_a-ctype_.o)
 .text          0x0000000040010154       0x10 /home/fsw/rep/tasa/lib/bcc-2.2.3-gcc/bin/../sparc-gaisler-elf/bsp/leon3/leon/mfix-ut699/soft/flat/libbcc.a(_exit.S.o)
                0x0000000040010154                _exit
 .text          0x0000000040010164       0x80 /home/fsw/rep/tasa/lib/bcc-2.2.3-gcc/bin/../sparc-gaisler-elf/bsp/leon3/leon/mfix-ut699/soft/flat/libbcc.a(read.c.o)
                0x0000000040010164                read
 .text          0x00000000400101e4       0xd0 /home/fsw/rep/tasa/lib/bcc-2.2.3-gcc/bin/../sparc-gaisler-elf/bsp/leon3/leon/mfix-ut699/soft/flat/libbcc.a(sbrk.c.o)
                0x00000000400101e4                sbrk
 .text          0x00000000400102b4        0x0 /home/fsw/rep/tasa/lib/bcc-2.2.3-gcc/bin/../sparc-gaisler-elf/bsp/leon3/leon/mfix-ut699/soft/flat/libbcc.a(heap.c.o)
 .text          0x00000000400102b4       0xa8 /home/fsw/rep/tasa/lib/bcc-2.2.3-gcc/bin/../sparc-gaisler-elf/bsp/leon3/leon/mfix-ut699/soft/flat/libbcc.a(write.c.o)
                0x00000000400102b4                write
 .text          0x000000004001035c       0x20 /home/fsw/rep/tasa/lib/bcc-2.2.3-gcc/bin/../sparc-gaisler-elf/bsp/leon3/leon/mfix-ut699/soft/flat/libbcc.a(stubs.S.o)
                0x000000004001035c                execve
                0x000000004001035c                lseek
                0x000000004001035c                fstat
                0x000000004001035c                kill
                0x000000004001035c                wait
                0x000000004001035c                unlink
                0x000000004001035c                fork
                0x000000004001035c                stat
                0x000000004001035c                link
                0x000000004001035c                open
                0x000000004001035c                close
                0x0000000040010374                getpid
                0x0000000040010374                isatty
 .text          0x000000004001037c       0xc4 /home/fsw/rep/tasa/lib/bcc-2.2.3-gcc/bin/../sparc-gaisler-elf/bsp/leon3/leon/mfix-ut699/soft/flat/libbcc.a(con_apbuart.c.o)
                0x000000004001037c                __bcc_con_outbyte
                0x000000004001040c                __bcc_con_inbyte
 .text          0x0000000040010440      0x1f0 /home/fsw/rep/tasa/lib/bcc-2.2.3-gcc/bin/../lib/gcc/sparc-gaisler-elf/10.2.0/leon/mfix-ut699/soft/flat/libgcc.a(_udivdi3.o)
                0x0000000040010440                __udivdi3
 .text          0x0000000040010630      0x21c /home/fsw/rep/tasa/lib/bcc-2.2.3-gcc/bin/../lib/gcc/sparc-gaisler-elf/10.2.0/leon/mfix-ut699/soft/flat/libgcc.a(_umoddi3.o)
                0x0000000040010630                __umoddi3
 .text          0x000000004001084c      0x814 /home/fsw/rep/tasa/lib/bcc-2.2.3-gcc/bin/../lib/gcc/sparc-gaisler-elf/10.2.0/leon/mfix-ut699/soft/flat/libgcc.a(_addsub_df.o)
                0x000000004001084c                __adddf3
                0x0000000040010c68                __subdf3
 .text          0x0000000040011060      0x334 /home/fsw/rep/tasa/lib/bcc-2.2.3-gcc/bin/../lib/gcc/sparc-gaisler-elf/10.2.0/leon/mfix-ut699/soft/flat/libgcc.a(_mul_df.o)
                0x0000000040011060                __muldf3
 .text          0x0000000040011394      0x23c /home/fsw/rep/tasa/lib/bcc-2.2.3-gcc/bin/../lib/gcc/sparc-gaisler-elf/10.2.0/leon/mfix-ut699/soft/flat/libgcc.a(_div_df.o)
                0x0000000040011394                __divdf3
 .text          0x00000000400115d0       0x7c /home/fsw/rep/tasa/lib/bcc-2.2.3-gcc/bin/../lib/gcc/sparc-gaisler-elf/10.2.0/leon/mfix-ut699/soft/flat/libgcc.a(_eq_df.o)
                0x00000000400115d0                __eqdf2
 .text          0x000000004001164c       0x7c /home/fsw/rep/tasa/lib/bcc-2.2.3-gcc/bin/../lib/gcc/sparc-gaisler-elf/10.2.0/leon/mfix-ut699/soft/flat/libgcc.a(_ne_df.o)
                0x000000004001164c                __nedf2
 .text          0x00000000400116c8       0x7c /home/fsw/rep/tasa/lib/bcc-2.2.3-gcc/bin/../lib/gcc/sparc-gaisler-elf/10.2.0/leon/mfix-ut699/soft/flat/libgcc.a(_gt_df.o)
                0x00000000400116c8                __gtdf2
 .text          0x0000000040011744       0x7c /home/fsw/rep/tasa/lib/bcc-2.2.3-gcc/bin/../lib/gcc/sparc-gaisler-elf/10.2.0/leon/mfix-ut699/soft/flat/libgcc.a(_lt_df.o)
                0x0000000040011744                __ltdf2
 .text          0x00000000400117c0       0x7c /home/fsw/rep/tasa/lib/bcc-2.2.3-gcc/bin/../lib/gcc/sparc-gaisler-elf/10.2.0/leon/mfix-ut699/soft/flat/libgcc.a(_le_df.o)
                0x00000000400117c0                __ledf2
 .text          0x000000004001183c       0x70 /home/fsw/rep/tasa/lib/bcc-2.2.3-gcc/bin/../lib/gcc/sparc-gaisler-elf/10.2.0/leon/mfix-ut699/soft/flat/libgcc.a(_unord_df.o)
                0x000000004001183c                __unorddf2
 .text          0x00000000400118ac       0xcc /home/fsw/rep/tasa/lib/bcc-2.2.3-gcc/bin/../lib/gcc/sparc-gaisler-elf/10.2.0/leon/mfix-ut699/soft/flat/libgcc.a(_si_to_df.o)
                0x00000000400118ac                __floatsidf
 .text          0x0000000040011978       0xe4 /home/fsw/rep/tasa/lib/bcc-2.2.3-gcc/bin/../lib/gcc/sparc-gaisler-elf/10.2.0/leon/mfix-ut699/soft/flat/libgcc.a(_df_to_si.o)
                0x0000000040011978                __fixdfsi
 .text          0x0000000040011a5c        0x0 /home/fsw/rep/tasa/lib/bcc-2.2.3-gcc/bin/../lib/gcc/sparc-gaisler-elf/10.2.0/leon/mfix-ut699/soft/flat/libgcc.a(_thenan_df.o)
 .text          0x0000000040011a5c       0xa0 /home/fsw/rep/tasa/lib/bcc-2.2.3-gcc/bin/../lib/gcc/sparc-gaisler-elf/10.2.0/leon/mfix-ut699/soft/flat/libgcc.a(_usi_to_df.o)
                0x0000000040011a5c                __floatunsidf
 .text          0x0000000040011afc        0x0 /home/fsw/rep/tasa/lib/bcc-2.2.3-gcc/bin/../lib/gcc/sparc-gaisler-elf/10.2.0/leon/mfix-ut699/soft/flat/libgcc.a(_clz.o)
 .text          0x0000000040011afc       0x94 /home/fsw/rep/tasa/lib/bcc-2.2.3-gcc/bin/../lib/gcc/sparc-gaisler-elf/10.2.0/leon/mfix-ut699/soft/flat/libgcc.a(_clzsi2.o)
                0x0000000040011afc                __clzsi2
 .text          0x0000000040011b90      0x2a0 /home/fsw/rep/tasa/lib/bcc-2.2.3-gcc/bin/../lib/gcc/sparc-gaisler-elf/10.2.0/leon/mfix-ut699/soft/flat/libgcc.a(_pack_df.o)
                0x0000000040011b90                __pack_d
 .text          0x0000000040011e30      0x14c /home/fsw/rep/tasa/lib/bcc-2.2.3-gcc/bin/../lib/gcc/sparc-gaisler-elf/10.2.0/leon/mfix-ut699/soft/flat/libgcc.a(_unpack_df.o)
                0x0000000040011e30                __unpack_d
 .text          0x0000000040011f7c      0x1a8 /home/fsw/rep/tasa/lib/bcc-2.2.3-gcc/bin/../lib/gcc/sparc-gaisler-elf/10.2.0/leon/mfix-ut699/soft/flat/libgcc.a(_fpcmp_parts_df.o)
                0x0000000040011f7c                __fpcmp_parts_d
 .text          0x0000000040012124       0x74 /home/fsw/rep/tasa/lib/bcc-2.2.3-gcc/bin/../lib/gcc/sparc-gaisler-elf/10.2.0/leon/mfix-ut699/soft/flat/crtend.o
 .text          0x0000000040012198        0x0 /home/fsw/rep/tasa/lib/bcc-2.2.3-gcc/bin/../lib/gcc/sparc-gaisler-elf/10.2.0/leon/mfix-ut699/soft/flat/crtn.o
                0x00000000400121a0                . = ALIGN (0x10)
 *fill*         0x0000000040012198        0x8 
 *(.eh_frame)
 .eh_frame      0x00000000400121a0        0x0 /home/fsw/rep/tasa/lib/bcc-2.2.3-gcc/bin/../lib/gcc/sparc-gaisler-elf/10.2.0/leon/mfix-ut699/soft/flat/crtbegin.o
 .eh_frame      0x00000000400121a0       0x30 /home/fsw/rep/tasa/lib/bcc-2.2.3-gcc/bin/../lib/gcc/sparc-gaisler-elf/10.2.0/leon/mfix-ut699/soft/flat/libgcc.a(_udivdi3.o)
 .eh_frame      0x00000000400121d0       0x30 /home/fsw/rep/tasa/lib/bcc-2.2.3-gcc/bin/../lib/gcc/sparc-gaisler-elf/10.2.0/leon/mfix-ut699/soft/flat/libgcc.a(_umoddi3.o)
 .eh_frame      0x0000000040012200        0x4 /home/fsw/rep/tasa/lib/bcc-2.2.3-gcc/bin/../lib/gcc/sparc-gaisler-elf/10.2.0/leon/mfix-ut699/soft/flat/crtend.o
                0x0000000040012210                . = ALIGN (0x10)
 *fill*         0x0000000040012204        0xc 
 *(.gnu.linkonce.t*)
                0x0000000040012210                ___CTOR_LIST__ = .
                0x0000000040012210        0x4 LONG 0x2 (((___CTOR_END__ - ___CTOR_LIST__) / 0x4) - 0x2)
 *(SORT_BY_NAME(.ctors.*))
 *(.ctors)
 .ctors         0x0000000040012214        0x4 /home/fsw/rep/tasa/lib/bcc-2.2.3-gcc/bin/../lib/gcc/sparc-gaisler-elf/10.2.0/leon/mfix-ut699/soft/flat/crtbegin.o
 .ctors         0x0000000040012218        0x4 /home/fsw/rep/tasa/lib/bcc-2.2.3-gcc/bin/../lib/gcc/sparc-gaisler-elf/10.2.0/leon/mfix-ut699/soft/flat/crtend.o
                0x000000004001221c        0x4 LONG 0x0
                0x0000000040012220                ___CTOR_END__ = .
                0x0000000040012220                ___DTOR_LIST__ = .
                0x0000000040012220        0x4 LONG 0x2 (((___DTOR_END__ - ___DTOR_LIST__) / 0x4) - 0x2)
 *(SORT_BY_NAME(.dtors.*))
 *(.dtors)
 .dtors         0x0000000040012224        0x4 /home/fsw/rep/tasa/lib/bcc-2.2.3-gcc/bin/../lib/gcc/sparc-gaisler-elf/10.2.0/leon/mfix-ut699/soft/flat/crtbegin.o
 .dtors         0x0000000040012228        0x4 /home/fsw/rep/tasa/lib/bcc-2.2.3-gcc/bin/../lib/gcc/sparc-gaisler-elf/10.2.0/leon/mfix-ut699/soft/flat/crtend.o
                0x0000000040012228                __DTOR_END__
                0x000000004001222c        0x4 LONG 0x0
                0x0000000040012230                ___DTOR_END__ = .
 *(.gnu.linkonce*)
 *(.init)
 .init          0x0000000040012230        0xc /home/fsw/rep/tasa/lib/bcc-2.2.3-gcc/bin/../lib/gcc/sparc-gaisler-elf/10.2.0/leon/mfix-ut699/soft/flat/crti.o
                0x0000000040012230                _init
 .init          0x000000004001223c        0x8 /home/fsw/rep/tasa/lib/bcc-2.2.3-gcc/bin/../lib/gcc/sparc-gaisler-elf/10.2.0/leon/mfix-ut699/soft/flat/crtbegin.o
 .init          0x0000000040012244        0x8 /home/fsw/rep/tasa/lib/bcc-2.2.3-gcc/bin/../lib/gcc/sparc-gaisler-elf/10.2.0/leon/mfix-ut699/soft/flat/crtend.o
 .init          0x000000004001224c       0x14 /home/fsw/rep/tasa/lib/bcc-2.2.3-gcc/bin/../lib/gcc/sparc-gaisler-elf/10.2.0/leon/mfix-ut699/soft/flat/crtn.o
 *(.fini)
 .fini          0x0000000040012260        0xc /home/fsw/rep/tasa/lib/bcc-2.2.3-gcc/bin/../lib/gcc/sparc-gaisler-elf/10.2.0/leon/mfix-ut699/soft/flat/crti.o
                0x0000000040012260                _fini
 .fini          0x000000004001226c        0x8 /home/fsw/rep/tasa/lib/bcc-2.2.3-gcc/bin/../lib/gcc/sparc-gaisler-elf/10.2.0/leon/mfix-ut699/soft/flat/crtbegin.o
 .fini          0x0000000040012274       0x14 /home/fsw/rep/tasa/lib/bcc-2.2.3-gcc/bin/../lib/gcc/sparc-gaisler-elf/10.2.0/leon/mfix-ut699/soft/flat/crtn.o
 *(.lit)
 *(.shdata)
                0x0000000040012290                . = ALIGN (0x10)
 *fill*         0x0000000040012288        0x8 
                0x0000000040012290                __text_end = .

.gcc_except_table
 *(.gcc_except_table.*)

.rodata         0x0000000040012290      0x750
                0x0000000040012290                __rodata_start = .
 *(.rodata*)
 .rodata.str1.8
                0x0000000040012290       0xcf /tmp/ccK56PDv.o
 *fill*         0x000000004001235f        0x1 
 .rodata        0x0000000040012360        0x5 /tmp/ccK56PDv.o
 *fill*         0x0000000040012365        0x3 
 .rodata        0x0000000040012368        0x4 /home/fsw/rep/tasa/lib/bcc-2.2.3-gcc/bin/../lib/gcc/sparc-gaisler-elf/10.2.0/../../../../sparc-gaisler-elf/lib/leon/mfix-ut699/soft/flat/libc.a(lib_a-impure.o)
                0x0000000040012368                _global_impure_ptr
 *fill*         0x000000004001236c        0x4 
 .rodata.str1.8
                0x0000000040012370        0x2 /home/fsw/rep/tasa/lib/bcc-2.2.3-gcc/bin/../lib/gcc/sparc-gaisler-elf/10.2.0/../../../../sparc-gaisler-elf/lib/leon/mfix-ut699/soft/flat/libc.a(lib_a-puts.o)
 *fill*         0x0000000040012372        0x6 
 .rodata.str1.8
                0x0000000040012378       0x5a /home/fsw/rep/tasa/lib/bcc-2.2.3-gcc/bin/../lib/gcc/sparc-gaisler-elf/10.2.0/../../../../sparc-gaisler-elf/lib/leon/mfix-ut699/soft/flat/libc.a(lib_a-vfprintf.o)
 *fill*         0x00000000400123d2        0x6 
 .rodata.cst8   0x00000000400123d8       0x18 /home/fsw/rep/tasa/lib/bcc-2.2.3-gcc/bin/../lib/gcc/sparc-gaisler-elf/10.2.0/../../../../sparc-gaisler-elf/lib/leon/mfix-ut699/soft/flat/libc.a(lib_a-vfprintf.o)
 .rodata        0x00000000400123f0       0x20 /home/fsw/rep/tasa/lib/bcc-2.2.3-gcc/bin/../lib/gcc/sparc-gaisler-elf/10.2.0/../../../../sparc-gaisler-elf/lib/leon/mfix-ut699/soft/flat/libc.a(lib_a-vfprintf.o)
 .rodata.str1.8
                0x0000000040012410       0x14 /home/fsw/rep/tasa/lib/bcc-2.2.3-gcc/bin/../lib/gcc/sparc-gaisler-elf/10.2.0/../../../../sparc-gaisler-elf/lib/leon/mfix-ut699/soft/flat/libc.a(lib_a-dtoa.o)
                                         0x1a (size before relaxing)
 *fill*         0x0000000040012424        0x4 
 .rodata.cst8   0x0000000040012428       0x48 /home/fsw/rep/tasa/lib/bcc-2.2.3-gcc/bin/../lib/gcc/sparc-gaisler-elf/10.2.0/../../../../sparc-gaisler-elf/lib/leon/mfix-ut699/soft/flat/libc.a(lib_a-dtoa.o)
 .rodata        0x0000000040012470       0x60 /home/fsw/rep/tasa/lib/bcc-2.2.3-gcc/bin/../lib/gcc/sparc-gaisler-elf/10.2.0/../../../../sparc-gaisler-elf/lib/leon/mfix-ut699/soft/flat/libc.a(lib_a-findfp.o)
                0x0000000040012470                __sf_fake_stderr
                0x0000000040012490                __sf_fake_stdout
                0x00000000400124b0                __sf_fake_stdin
 .rodata.cst8   0x00000000400124d0       0x10 /home/fsw/rep/tasa/lib/bcc-2.2.3-gcc/bin/../lib/gcc/sparc-gaisler-elf/10.2.0/../../../../sparc-gaisler-elf/lib/leon/mfix-ut699/soft/flat/libc.a(lib_a-mprec.o)
 .rodata        0x00000000400124d0      0x128 /home/fsw/rep/tasa/lib/bcc-2.2.3-gcc/bin/../lib/gcc/sparc-gaisler-elf/10.2.0/../../../../sparc-gaisler-elf/lib/leon/mfix-ut699/soft/flat/libc.a(lib_a-mprec.o)
                0x00000000400124e0                __mprec_tinytens
                0x0000000040012508                __mprec_bigtens
                0x0000000040012530                __mprec_tens
 .rodata.cst8   0x00000000400125f8        0x8 /home/fsw/rep/tasa/lib/bcc-2.2.3-gcc/bin/../lib/gcc/sparc-gaisler-elf/10.2.0/../../../../sparc-gaisler-elf/lib/leon/mfix-ut699/soft/flat/libc.a(lib_a-s_frexp.o)
 .rodata.str1.8
                0x0000000040012600       0x37 /home/fsw/rep/tasa/lib/bcc-2.2.3-gcc/bin/../lib/gcc/sparc-gaisler-elf/10.2.0/../../../../sparc-gaisler-elf/lib/leon/mfix-ut699/soft/flat/libc.a(lib_a-vfiprintf.o)
 .rodata        0x0000000040012600       0x20 /home/fsw/rep/tasa/lib/bcc-2.2.3-gcc/bin/../lib/gcc/sparc-gaisler-elf/10.2.0/../../../../sparc-gaisler-elf/lib/leon/mfix-ut699/soft/flat/libc.a(lib_a-vfiprintf.o)
 .rodata.str1.8
                0x0000000040012620       0x12 /home/fsw/rep/tasa/lib/bcc-2.2.3-gcc/bin/../lib/gcc/sparc-gaisler-elf/10.2.0/../../../../sparc-gaisler-elf/lib/leon/mfix-ut699/soft/flat/libc.a(lib_a-locale.o)
                                         0x1a (size before relaxing)
 *fill*         0x0000000040012632        0x6 
 .rodata        0x0000000040012638      0x288 /home/fsw/rep/tasa/lib/bcc-2.2.3-gcc/bin/../lib/gcc/sparc-gaisler-elf/10.2.0/../../../../sparc-gaisler-elf/lib/leon/mfix-ut699/soft/flat/libc.a(lib_a-ctype_.o)
                0x0000000040012638                _ctype_
                0x0000000040012740                _ctype_b
 .rodata.cst8   0x00000000400128c0        0x8 /home/fsw/rep/tasa/lib/bcc-2.2.3-gcc/bin/../lib/gcc/sparc-gaisler-elf/10.2.0/leon/mfix-ut699/soft/flat/libgcc.a(_si_to_df.o)
 .rodata        0x00000000400128c8       0x18 /home/fsw/rep/tasa/lib/bcc-2.2.3-gcc/bin/../lib/gcc/sparc-gaisler-elf/10.2.0/leon/mfix-ut699/soft/flat/libgcc.a(_thenan_df.o)
                0x00000000400128c8                __thenan_df
 .rodata        0x00000000400128e0      0x100 /home/fsw/rep/tasa/lib/bcc-2.2.3-gcc/bin/../lib/gcc/sparc-gaisler-elf/10.2.0/leon/mfix-ut699/soft/flat/libgcc.a(_clz.o)
                0x00000000400128e0                __clz_tab
 *(.gnu.linkonce.r*)
                0x00000000400129e0                . = ALIGN (0x10)
                0x00000000400129e0                __rodata_end = .

.rela.dyn       0x00000000400129e0        0x0
 .rela.iplt     0x00000000400129e0        0x0 /home/fsw/rep/tasa/lib/bcc-2.2.3-gcc/bin/../sparc-gaisler-elf/bsp/leon3/leon/mfix-ut699/soft/flat/trap_table_mvt_tn0018.S.o
 .rela.text.traptable
                0x00000000400129e0        0x0 /home/fsw/rep/tasa/lib/bcc-2.2.3-gcc/bin/../sparc-gaisler-elf/bsp/leon3/leon/mfix-ut699/soft/flat/trap_table_mvt_tn0018.S.o
 .rela.text     0x00000000400129e0        0x0 /home/fsw/rep/tasa/lib/bcc-2.2.3-gcc/bin/../sparc-gaisler-elf/bsp/leon3/leon/mfix-ut699/soft/flat/trap_table_mvt_tn0018.S.o

.ext.data       0x00000000400129e0        0x0
                0x00000000400129e0                . = ALIGN (0x8)
                0x00000000400129e0                __extdata_start = .
 *(.data.ext)
                0x00000000400129e0                . = ALIGN (0x8)
                0x00000000400129e0                __extdata_end = .
                0x00000000400129e0                __extdata_start_lma = LOADADDR (.ext.data)
                0x0000000000000000                __extdata_size = SIZEOF (.ext.data)

.data           0x00000000400129e0      0x608
                0x00000000400129e0                . = ALIGN (0x8)
                0x00000000400129e0                __data_start = .
 *(.data .data.*)
 .data          0x00000000400129e0        0x0 /home/fsw/rep/tasa/lib/bcc-2.2.3-gcc/bin/../sparc-gaisler-elf/bsp/leon3/leon/mfix-ut699/soft/flat/trap_table_mvt_tn0018.S.o
 .data          0x00000000400129e0        0x0 /home/fsw/rep/tasa/lib/bcc-2.2.3-gcc/bin/../sparc-gaisler-elf/bsp/leon3/leon/mfix-ut699/soft/flat/crt0.S.o
 .data          0x00000000400129e0        0x0 /home/fsw/rep/tasa/lib/bcc-2.2.3-gcc/bin/../lib/gcc/sparc-gaisler-elf/10.2.0/leon/mfix-ut699/soft/flat/crti.o
 .data          0x00000000400129e0        0x4 /home/fsw/rep/tasa/lib/bcc-2.2.3-gcc/bin/../lib/gcc/sparc-gaisler-elf/10.2.0/leon/mfix-ut699/soft/flat/crtbegin.o
                0x00000000400129e0                __dso_handle
 .data          0x00000000400129e4        0x0 /tmp/ccK56PDv.o
 .data          0x00000000400129e4        0x0 /home/fsw/rep/tasa/lib/bcc-2.2.3-gcc/bin/../sparc-gaisler-elf/bsp/leon3/leon/mfix-ut699/soft/flat/libbcc.a(reset_trap_mvt.S.o)
 .data          0x00000000400129e4        0x0 /home/fsw/rep/tasa/lib/bcc-2.2.3-gcc/bin/../sparc-gaisler-elf/bsp/leon3/leon/mfix-ut699/soft/flat/libbcc.a(sw_trap_set_pil.S.o)
 .data          0x00000000400129e4        0x0 /home/fsw/rep/tasa/lib/bcc-2.2.3-gcc/bin/../sparc-gaisler-elf/bsp/leon3/leon/mfix-ut699/soft/flat/libbcc.a(init.S.o)
 .data          0x00000000400129e4       0x10 /home/fsw/rep/tasa/lib/bcc-2.2.3-gcc/bin/../sparc-gaisler-elf/bsp/leon3/leon/mfix-ut699/soft/flat/libbcc.a(leon_info.S.o)
                0x00000000400129e4                __bcc_leon_version
                0x00000000400129e8                __bcc_nwindows_min1
                0x00000000400129ec                __bcc_nwindows
                0x00000000400129f0                __bcc_cpuid
 .data          0x00000000400129f4        0x0 /home/fsw/rep/tasa/lib/bcc-2.2.3-gcc/bin/../sparc-gaisler-elf/bsp/leon3/leon/mfix-ut699/soft/flat/libbcc.a(dwzero.S.o)
 .data          0x00000000400129f4        0x0 /home/fsw/rep/tasa/lib/bcc-2.2.3-gcc/bin/../sparc-gaisler-elf/bsp/leon3/leon/mfix-ut699/soft/flat/libbcc.a(copy_data.c.o)
 .data          0x00000000400129f4        0x4 /home/fsw/rep/tasa/lib/bcc-2.2.3-gcc/bin/../sparc-gaisler-elf/bsp/leon3/leon/mfix-ut699/soft/flat/libbcc.a(argv.c.o)
                0x00000000400129f4                __bcc_argvp
 .data          0x00000000400129f8        0x0 /home/fsw/rep/tasa/lib/bcc-2.2.3-gcc/bin/../sparc-gaisler-elf/bsp/leon3/leon/mfix-ut699/soft/flat/libbcc.a(interrupt_trap_flat_tn0018.S.o)
 .data          0x00000000400129f8        0x0 /home/fsw/rep/tasa/lib/bcc-2.2.3-gcc/bin/../sparc-gaisler-elf/bsp/leon3/leon/mfix-ut699/soft/flat/libbcc.a(int_irqmp_get_source.c.o)
 .data          0x00000000400129f8        0x0 /home/fsw/rep/tasa/lib/bcc-2.2.3-gcc/bin/../sparc-gaisler-elf/bsp/leon3/leon/mfix-ut699/soft/flat/libbcc.a(int_irqmp_mp.c.o)
 .data          0x00000000400129f8        0x0 /home/fsw/rep/tasa/lib/bcc-2.2.3-gcc/bin/../sparc-gaisler-elf/bsp/leon3/leon/mfix-ut699/soft/flat/libbcc.a(int_irqmp_init.c.o)
 .data          0x00000000400129f8        0x0 /home/fsw/rep/tasa/lib/bcc-2.2.3-gcc/bin/../sparc-gaisler-elf/bsp/leon3/leon/mfix-ut699/soft/flat/libbcc.a(con_apbuart_init.c.o)
 .data          0x00000000400129f8        0x0 /home/fsw/rep/tasa/lib/bcc-2.2.3-gcc/bin/../sparc-gaisler-elf/bsp/leon3/leon/mfix-ut699/soft/flat/libbcc.a(timer_gptimer_init.c.o)
 .data          0x00000000400129f8        0x0 /home/fsw/rep/tasa/lib/bcc-2.2.3-gcc/bin/../sparc-gaisler-elf/bsp/leon3/leon/mfix-ut699/soft/flat/libbcc.a(isr.c.o)
 .data          0x00000000400129f8       0x10 /home/fsw/rep/tasa/lib/bcc-2.2.3-gcc/bin/../sparc-gaisler-elf/bsp/leon3/leon/mfix-ut699/soft/flat/libbcc.a(int_nest.c.o)
                0x00000000400129f8                __bcc_int_nest
 .data          0x0000000040012a08        0x0 /home/fsw/rep/tasa/lib/bcc-2.2.3-gcc/bin/../sparc-gaisler-elf/bsp/leon3/leon/mfix-ut699/soft/flat/libbcc.a(ambapp.c.o)
 .data          0x0000000040012a08        0x0 /home/fsw/rep/tasa/lib/bcc-2.2.3-gcc/bin/../sparc-gaisler-elf/bsp/leon3/leon/mfix-ut699/soft/flat/libbcc.a(ambapp_findfirst_fn.c.o)
 .data          0x0000000040012a08        0x0 /home/fsw/rep/tasa/lib/bcc-2.2.3-gcc/bin/../sparc-gaisler-elf/bsp/leon3/leon/mfix-ut699/soft/flat/libbcc.a(int_irqmp_handle.c.o)
 .data          0x0000000040012a08        0x0 /home/fsw/rep/tasa/lib/bcc-2.2.3-gcc/bin/../sparc-gaisler-elf/bsp/leon3/leon/mfix-ut699/soft/flat/libbcc.a(con_handle.c.o)
 .data          0x0000000040012a08        0x0 /home/fsw/rep/tasa/lib/bcc-2.2.3-gcc/bin/../sparc-gaisler-elf/bsp/leon3/leon/mfix-ut699/soft/flat/libbcc.a(timer_handle.c.o)
 .data          0x0000000040012a08        0x0 /home/fsw/rep/tasa/lib/bcc-2.2.3-gcc/bin/../lib/gcc/sparc-gaisler-elf/10.2.0/../../../../sparc-gaisler-elf/lib/leon/mfix-ut699/soft/flat/libc.a(lib_a-atexit.o)
 .data          0x0000000040012a08        0x0 /home/fsw/rep/tasa/lib/bcc-2.2.3-gcc/bin/../lib/gcc/sparc-gaisler-elf/10.2.0/../../../../sparc-gaisler-elf/lib/leon/mfix-ut699/soft/flat/libc.a(lib_a-exit.o)
 .data          0x0000000040012a08       0x64 /home/fsw/rep/tasa/lib/bcc-2.2.3-gcc/bin/../lib/gcc/sparc-gaisler-elf/10.2.0/../../../../sparc-gaisler-elf/lib/leon/mfix-ut699/soft/flat/libc.a(lib_a-impure.o)
                0x0000000040012a08                _impure_ptr
 .data          0x0000000040012a6c        0x0 /home/fsw/rep/tasa/lib/bcc-2.2.3-gcc/bin/../lib/gcc/sparc-gaisler-elf/10.2.0/../../../../sparc-gaisler-elf/lib/leon/mfix-ut699/soft/flat/libc.a(lib_a-memcpy.o)
 .data          0x0000000040012a6c        0x0 /home/fsw/rep/tasa/lib/bcc-2.2.3-gcc/bin/../lib/gcc/sparc-gaisler-elf/10.2.0/../../../../sparc-gaisler-elf/lib/leon/mfix-ut699/soft/flat/libc.a(lib_a-printf.o)
 .data          0x0000000040012a6c        0x0 /home/fsw/rep/tasa/lib/bcc-2.2.3-gcc/bin/../lib/gcc/sparc-gaisler-elf/10.2.0/../../../../sparc-gaisler-elf/lib/leon/mfix-ut699/soft/flat/libc.a(lib_a-putchar.o)
 .data          0x0000000040012a6c        0x0 /home/fsw/rep/tasa/lib/bcc-2.2.3-gcc/bin/../lib/gcc/sparc-gaisler-elf/10.2.0/../../../../sparc-gaisler-elf/lib/leon/mfix-ut699/soft/flat/libc.a(lib_a-puts.o)
 .data          0x0000000040012a6c        0x0 /home/fsw/rep/tasa/lib/bcc-2.2.3-gcc/bin/../lib/gcc/sparc-gaisler-elf/10.2.0/../../../../sparc-gaisler-elf/lib/leon/mfix-ut699/soft/flat/libc.a(lib_a-strlen.o)
 .data          0x0000000040012a6c        0x0 /home/fsw/rep/tasa/lib/bcc-2.2.3-gcc/bin/../lib/gcc/sparc-gaisler-elf/10.2.0/../../../../sparc-gaisler-elf/lib/leon/mfix-ut699/soft/flat/libc.a(lib_a-vfprintf.o)
 .data          0x0000000040012a6c        0x0 /home/fsw/rep/tasa/lib/bcc-2.2.3-gcc/bin/../lib/gcc/sparc-gaisler-elf/10.2.0/../../../../sparc-gaisler-elf/lib/leon/mfix-ut699/soft/flat/libc.a(lib_a-wsetup.o)
 .data          0x0000000040012a6c        0x0 /home/fsw/rep/tasa/lib/bcc-2.2.3-gcc/bin/../lib/gcc/sparc-gaisler-elf/10.2.0/../../../../sparc-gaisler-elf/lib/leon/mfix-ut699/soft/flat/libc.a(lib_a-__atexit.o)
 .data          0x0000000040012a6c        0x0 /home/fsw/rep/tasa/lib/bcc-2.2.3-gcc/bin/../lib/gcc/sparc-gaisler-elf/10.2.0/../../../../sparc-gaisler-elf/lib/leon/mfix-ut699/soft/flat/libc.a(lib_a-__call_atexit.o)
 .data          0x0000000040012a6c        0x0 /home/fsw/rep/tasa/lib/bcc-2.2.3-gcc/bin/../lib/gcc/sparc-gaisler-elf/10.2.0/../../../../sparc-gaisler-elf/lib/leon/mfix-ut699/soft/flat/libc.a(lib_a-dtoa.o)
 .data          0x0000000040012a6c        0x0 /home/fsw/rep/tasa/lib/bcc-2.2.3-gcc/bin/../lib/gcc/sparc-gaisler-elf/10.2.0/../../../../sparc-gaisler-elf/lib/leon/mfix-ut699/soft/flat/libc.a(lib_a-fflush.o)
 .data          0x0000000040012a6c        0x0 /home/fsw/rep/tasa/lib/bcc-2.2.3-gcc/bin/../lib/gcc/sparc-gaisler-elf/10.2.0/../../../../sparc-gaisler-elf/lib/leon/mfix-ut699/soft/flat/libc.a(lib_a-findfp.o)
 .data          0x0000000040012a6c        0x0 /home/fsw/rep/tasa/lib/bcc-2.2.3-gcc/bin/../lib/gcc/sparc-gaisler-elf/10.2.0/../../../../sparc-gaisler-elf/lib/leon/mfix-ut699/soft/flat/libc.a(lib_a-freer.o)
 .data          0x0000000040012a6c        0x0 /home/fsw/rep/tasa/lib/bcc-2.2.3-gcc/bin/../lib/gcc/sparc-gaisler-elf/10.2.0/../../../../sparc-gaisler-elf/lib/leon/mfix-ut699/soft/flat/libc.a(lib_a-fvwrite.o)
 .data          0x0000000040012a6c        0x0 /home/fsw/rep/tasa/lib/bcc-2.2.3-gcc/bin/../lib/gcc/sparc-gaisler-elf/10.2.0/../../../../sparc-gaisler-elf/lib/leon/mfix-ut699/soft/flat/libc.a(lib_a-fwalk.o)
 .data          0x0000000040012a6c        0x0 /home/fsw/rep/tasa/lib/bcc-2.2.3-gcc/bin/../lib/gcc/sparc-gaisler-elf/10.2.0/../../../../sparc-gaisler-elf/lib/leon/mfix-ut699/soft/flat/libc.a(lib_a-localeconv.o)
 .data          0x0000000040012a6c        0x0 /home/fsw/rep/tasa/lib/bcc-2.2.3-gcc/bin/../lib/gcc/sparc-gaisler-elf/10.2.0/../../../../sparc-gaisler-elf/lib/leon/mfix-ut699/soft/flat/libc.a(lib_a-makebuf.o)
 .data          0x0000000040012a6c        0x0 /home/fsw/rep/tasa/lib/bcc-2.2.3-gcc/bin/../lib/gcc/sparc-gaisler-elf/10.2.0/../../../../sparc-gaisler-elf/lib/leon/mfix-ut699/soft/flat/libc.a(lib_a-malloc.o)
 .data          0x0000000040012a6c      0x410 /home/fsw/rep/tasa/lib/bcc-2.2.3-gcc/bin/../lib/gcc/sparc-gaisler-elf/10.2.0/../../../../sparc-gaisler-elf/lib/leon/mfix-ut699/soft/flat/libc.a(lib_a-mallocr.o)
                0x0000000040012a6c                __malloc_sbrk_base
                0x0000000040012a70                __malloc_trim_threshold
                0x0000000040012a74                __malloc_av_
 .data          0x0000000040012e7c        0x0 /home/fsw/rep/tasa/lib/bcc-2.2.3-gcc/bin/../lib/gcc/sparc-gaisler-elf/10.2.0/../../../../sparc-gaisler-elf/lib/leon/mfix-ut699/soft/flat/libc.a(lib_a-memchr.o)
 .data          0x0000000040012e7c        0x0 /home/fsw/rep/tasa/lib/bcc-2.2.3-gcc/bin/../lib/gcc/sparc-gaisler-elf/10.2.0/../../../../sparc-gaisler-elf/lib/leon/mfix-ut699/soft/flat/libc.a(lib_a-memmove.o)
 .data          0x0000000040012e7c        0x0 /home/fsw/rep/tasa/lib/bcc-2.2.3-gcc/bin/../lib/gcc/sparc-gaisler-elf/10.2.0/../../../../sparc-gaisler-elf/lib/leon/mfix-ut699/soft/flat/libc.a(lib_a-memset.o)
 .data          0x0000000040012e7c        0x0 /home/fsw/rep/tasa/lib/bcc-2.2.3-gcc/bin/../lib/gcc/sparc-gaisler-elf/10.2.0/../../../../sparc-gaisler-elf/lib/leon/mfix-ut699/soft/flat/libc.a(lib_a-mlock.o)
 .data          0x0000000040012e7c        0x0 /home/fsw/rep/tasa/lib/bcc-2.2.3-gcc/bin/../lib/gcc/sparc-gaisler-elf/10.2.0/../../../../sparc-gaisler-elf/lib/leon/mfix-ut699/soft/flat/libc.a(lib_a-mprec.o)
 .data          0x0000000040012e7c        0x0 /home/fsw/rep/tasa/lib/bcc-2.2.3-gcc/bin/../lib/gcc/sparc-gaisler-elf/10.2.0/../../../../sparc-gaisler-elf/lib/leon/mfix-ut699/soft/flat/libc.a(lib_a-putc.o)
 .data          0x0000000040012e7c        0x0 /home/fsw/rep/tasa/lib/bcc-2.2.3-gcc/bin/../lib/gcc/sparc-gaisler-elf/10.2.0/../../../../sparc-gaisler-elf/lib/leon/mfix-ut699/soft/flat/libc.a(lib_a-reallocr.o)
 .data          0x0000000040012e7c        0x0 /home/fsw/rep/tasa/lib/bcc-2.2.3-gcc/bin/../lib/gcc/sparc-gaisler-elf/10.2.0/../../../../sparc-gaisler-elf/lib/leon/mfix-ut699/soft/flat/libc.a(lib_a-s_frexp.o)
 .data          0x0000000040012e7c        0x0 /home/fsw/rep/tasa/lib/bcc-2.2.3-gcc/bin/../lib/gcc/sparc-gaisler-elf/10.2.0/../../../../sparc-gaisler-elf/lib/leon/mfix-ut699/soft/flat/libc.a(lib_a-sbrkr.o)
 .data          0x0000000040012e7c        0x0 /home/fsw/rep/tasa/lib/bcc-2.2.3-gcc/bin/../lib/gcc/sparc-gaisler-elf/10.2.0/../../../../sparc-gaisler-elf/lib/leon/mfix-ut699/soft/flat/libc.a(lib_a-stdio.o)
 .data          0x0000000040012e7c        0x0 /home/fsw/rep/tasa/lib/bcc-2.2.3-gcc/bin/../lib/gcc/sparc-gaisler-elf/10.2.0/../../../../sparc-gaisler-elf/lib/leon/mfix-ut699/soft/flat/libc.a(lib_a-strncpy.o)
 .data          0x0000000040012e7c        0x0 /home/fsw/rep/tasa/lib/bcc-2.2.3-gcc/bin/../lib/gcc/sparc-gaisler-elf/10.2.0/../../../../sparc-gaisler-elf/lib/leon/mfix-ut699/soft/flat/libc.a(lib_a-vfiprintf.o)
 .data          0x0000000040012e7c        0x0 /home/fsw/rep/tasa/lib/bcc-2.2.3-gcc/bin/../lib/gcc/sparc-gaisler-elf/10.2.0/../../../../sparc-gaisler-elf/lib/leon/mfix-ut699/soft/flat/libc.a(lib_a-wbuf.o)
 .data          0x0000000040012e7c        0x0 /home/fsw/rep/tasa/lib/bcc-2.2.3-gcc/bin/../lib/gcc/sparc-gaisler-elf/10.2.0/../../../../sparc-gaisler-elf/lib/leon/mfix-ut699/soft/flat/libc.a(lib_a-writer.o)
 .data          0x0000000040012e7c        0x0 /home/fsw/rep/tasa/lib/bcc-2.2.3-gcc/bin/../lib/gcc/sparc-gaisler-elf/10.2.0/../../../../sparc-gaisler-elf/lib/leon/mfix-ut699/soft/flat/libc.a(lib_a-callocr.o)
 .data          0x0000000040012e7c        0x0 /home/fsw/rep/tasa/lib/bcc-2.2.3-gcc/bin/../lib/gcc/sparc-gaisler-elf/10.2.0/../../../../sparc-gaisler-elf/lib/leon/mfix-ut699/soft/flat/libc.a(lib_a-closer.o)
 .data          0x0000000040012e7c        0x0 /home/fsw/rep/tasa/lib/bcc-2.2.3-gcc/bin/../lib/gcc/sparc-gaisler-elf/10.2.0/../../../../sparc-gaisler-elf/lib/leon/mfix-ut699/soft/flat/libc.a(lib_a-fclose.o)
 .data          0x0000000040012e7c        0x0 /home/fsw/rep/tasa/lib/bcc-2.2.3-gcc/bin/../lib/gcc/sparc-gaisler-elf/10.2.0/../../../../sparc-gaisler-elf/lib/leon/mfix-ut699/soft/flat/libc.a(lib_a-fputwc.o)
 .data          0x0000000040012e7c        0x0 /home/fsw/rep/tasa/lib/bcc-2.2.3-gcc/bin/../lib/gcc/sparc-gaisler-elf/10.2.0/../../../../sparc-gaisler-elf/lib/leon/mfix-ut699/soft/flat/libc.a(lib_a-fstatr.o)
 .data          0x0000000040012e7c        0x0 /home/fsw/rep/tasa/lib/bcc-2.2.3-gcc/bin/../lib/gcc/sparc-gaisler-elf/10.2.0/../../../../sparc-gaisler-elf/lib/leon/mfix-ut699/soft/flat/libc.a(lib_a-isattyr.o)
 .data          0x0000000040012e7c      0x16c /home/fsw/rep/tasa/lib/bcc-2.2.3-gcc/bin/../lib/gcc/sparc-gaisler-elf/10.2.0/../../../../sparc-gaisler-elf/lib/leon/mfix-ut699/soft/flat/libc.a(lib_a-locale.o)
                0x0000000040012e7c                __global_locale
 .data          0x0000000040012fe8        0x0 /home/fsw/rep/tasa/lib/bcc-2.2.3-gcc/bin/../lib/gcc/sparc-gaisler-elf/10.2.0/../../../../sparc-gaisler-elf/lib/leon/mfix-ut699/soft/flat/libc.a(lib_a-lseekr.o)
 .data          0x0000000040012fe8        0x0 /home/fsw/rep/tasa/lib/bcc-2.2.3-gcc/bin/../lib/gcc/sparc-gaisler-elf/10.2.0/../../../../sparc-gaisler-elf/lib/leon/mfix-ut699/soft/flat/libc.a(lib_a-mbtowc_r.o)
 .data          0x0000000040012fe8        0x0 /home/fsw/rep/tasa/lib/bcc-2.2.3-gcc/bin/../lib/gcc/sparc-gaisler-elf/10.2.0/../../../../sparc-gaisler-elf/lib/leon/mfix-ut699/soft/flat/libc.a(lib_a-readr.o)
 .data          0x0000000040012fe8        0x0 /home/fsw/rep/tasa/lib/bcc-2.2.3-gcc/bin/../lib/gcc/sparc-gaisler-elf/10.2.0/../../../../sparc-gaisler-elf/lib/leon/mfix-ut699/soft/flat/libc.a(lib_a-reent.o)
 .data          0x0000000040012fe8        0x0 /home/fsw/rep/tasa/lib/bcc-2.2.3-gcc/bin/../lib/gcc/sparc-gaisler-elf/10.2.0/../../../../sparc-gaisler-elf/lib/leon/mfix-ut699/soft/flat/libc.a(lib_a-strcmp.o)
 .data          0x0000000040012fe8        0x0 /home/fsw/rep/tasa/lib/bcc-2.2.3-gcc/bin/../lib/gcc/sparc-gaisler-elf/10.2.0/../../../../sparc-gaisler-elf/lib/leon/mfix-ut699/soft/flat/libc.a(lib_a-wcrtomb.o)
 .data          0x0000000040012fe8        0x0 /home/fsw/rep/tasa/lib/bcc-2.2.3-gcc/bin/../lib/gcc/sparc-gaisler-elf/10.2.0/../../../../sparc-gaisler-elf/lib/leon/mfix-ut699/soft/flat/libc.a(lib_a-wctomb_r.o)
 .data          0x0000000040012fe8        0x0 /home/fsw/rep/tasa/lib/bcc-2.2.3-gcc/bin/../lib/gcc/sparc-gaisler-elf/10.2.0/../../../../sparc-gaisler-elf/lib/leon/mfix-ut699/soft/flat/libc.a(lib_a-ctype_.o)
 .data          0x0000000040012fe8        0x0 /home/fsw/rep/tasa/lib/bcc-2.2.3-gcc/bin/../sparc-gaisler-elf/bsp/leon3/leon/mfix-ut699/soft/flat/libbcc.a(_exit.S.o)
 .data          0x0000000040012fe8        0x0 /home/fsw/rep/tasa/lib/bcc-2.2.3-gcc/bin/../sparc-gaisler-elf/bsp/leon3/leon/mfix-ut699/soft/flat/libbcc.a(read.c.o)
 .data          0x0000000040012fe8        0x0 /home/fsw/rep/tasa/lib/bcc-2.2.3-gcc/bin/../sparc-gaisler-elf/bsp/leon3/leon/mfix-ut699/soft/flat/libbcc.a(sbrk.c.o)
 .data          0x0000000040012fe8        0x0 /home/fsw/rep/tasa/lib/bcc-2.2.3-gcc/bin/../sparc-gaisler-elf/bsp/leon3/leon/mfix-ut699/soft/flat/libbcc.a(heap.c.o)
 .data          0x0000000040012fe8        0x0 /home/fsw/rep/tasa/lib/bcc-2.2.3-gcc/bin/../sparc-gaisler-elf/bsp/leon3/leon/mfix-ut699/soft/flat/libbcc.a(write.c.o)
 .data          0x0000000040012fe8        0x0 /home/fsw/rep/tasa/lib/bcc-2.2.3-gcc/bin/../sparc-gaisler-elf/bsp/leon3/leon/mfix-ut699/soft/flat/libbcc.a(stubs.S.o)
 .data          0x0000000040012fe8        0x0 /home/fsw/rep/tasa/lib/bcc-2.2.3-gcc/bin/../sparc-gaisler-elf/bsp/leon3/leon/mfix-ut699/soft/flat/libbcc.a(con_apbuart.c.o)
 .data          0x0000000040012fe8        0x0 /home/fsw/rep/tasa/lib/bcc-2.2.3-gcc/bin/../lib/gcc/sparc-gaisler-elf/10.2.0/leon/mfix-ut699/soft/flat/libgcc.a(_udivdi3.o)
 .data          0x0000000040012fe8        0x0 /home/fsw/rep/tasa/lib/bcc-2.2.3-gcc/bin/../lib/gcc/sparc-gaisler-elf/10.2.0/leon/mfix-ut699/soft/flat/libgcc.a(_umoddi3.o)
 .data          0x0000000040012fe8        0x0 /home/fsw/rep/tasa/lib/bcc-2.2.3-gcc/bin/../lib/gcc/sparc-gaisler-elf/10.2.0/leon/mfix-ut699/soft/flat/libgcc.a(_addsub_df.o)
 .data          0x0000000040012fe8        0x0 /home/fsw/rep/tasa/lib/bcc-2.2.3-gcc/bin/../lib/gcc/sparc-gaisler-elf/10.2.0/leon/mfix-ut699/soft/flat/libgcc.a(_mul_df.o)
 .data          0x0000000040012fe8        0x0 /home/fsw/rep/tasa/lib/bcc-2.2.3-gcc/bin/../lib/gcc/sparc-gaisler-elf/10.2.0/leon/mfix-ut699/soft/flat/libgcc.a(_div_df.o)
 .data          0x0000000040012fe8        0x0 /home/fsw/rep/tasa/lib/bcc-2.2.3-gcc/bin/../lib/gcc/sparc-gaisler-elf/10.2.0/leon/mfix-ut699/soft/flat/libgcc.a(_eq_df.o)
 .data          0x0000000040012fe8        0x0 /home/fsw/rep/tasa/lib/bcc-2.2.3-gcc/bin/../lib/gcc/sparc-gaisler-elf/10.2.0/leon/mfix-ut699/soft/flat/libgcc.a(_ne_df.o)
 .data          0x0000000040012fe8        0x0 /home/fsw/rep/tasa/lib/bcc-2.2.3-gcc/bin/../lib/gcc/sparc-gaisler-elf/10.2.0/leon/mfix-ut699/soft/flat/libgcc.a(_gt_df.o)
 .data          0x0000000040012fe8        0x0 /home/fsw/rep/tasa/lib/bcc-2.2.3-gcc/bin/../lib/gcc/sparc-gaisler-elf/10.2.0/leon/mfix-ut699/soft/flat/libgcc.a(_lt_df.o)
 .data          0x0000000040012fe8        0x0 /home/fsw/rep/tasa/lib/bcc-2.2.3-gcc/bin/../lib/gcc/sparc-gaisler-elf/10.2.0/leon/mfix-ut699/soft/flat/libgcc.a(_le_df.o)
 .data          0x0000000040012fe8        0x0 /home/fsw/rep/tasa/lib/bcc-2.2.3-gcc/bin/../lib/gcc/sparc-gaisler-elf/10.2.0/leon/mfix-ut699/soft/flat/libgcc.a(_unord_df.o)
 .data          0x0000000040012fe8        0x0 /home/fsw/rep/tasa/lib/bcc-2.2.3-gcc/bin/../lib/gcc/sparc-gaisler-elf/10.2.0/leon/mfix-ut699/soft/flat/libgcc.a(_si_to_df.o)
 .data          0x0000000040012fe8        0x0 /home/fsw/rep/tasa/lib/bcc-2.2.3-gcc/bin/../lib/gcc/sparc-gaisler-elf/10.2.0/leon/mfix-ut699/soft/flat/libgcc.a(_df_to_si.o)
 .data          0x0000000040012fe8        0x0 /home/fsw/rep/tasa/lib/bcc-2.2.3-gcc/bin/../lib/gcc/sparc-gaisler-elf/10.2.0/leon/mfix-ut699/soft/flat/libgcc.a(_thenan_df.o)
 .data          0x0000000040012fe8        0x0 /home/fsw/rep/tasa/lib/bcc-2.2.3-gcc/bin/../lib/gcc/sparc-gaisler-elf/10.2.0/leon/mfix-ut699/soft/flat/libgcc.a(_usi_to_df.o)
 .data          0x0000000040012fe8        0x0 /home/fsw/rep/tasa/lib/bcc-2.2.3-gcc/bin/../lib/gcc/sparc-gaisler-elf/10.2.0/leon/mfix-ut699/soft/flat/libgcc.a(_clz.o)
 .data          0x0000000040012fe8        0x0 /home/fsw/rep/tasa/lib/bcc-2.2.3-gcc/bin/../lib/gcc/sparc-gaisler-elf/10.2.0/leon/mfix-ut699/soft/flat/libgcc.a(_clzsi2.o)
 .data          0x0000000040012fe8        0x0 /home/fsw/rep/tasa/lib/bcc-2.2.3-gcc/bin/../lib/gcc/sparc-gaisler-elf/10.2.0/leon/mfix-ut699/soft/flat/libgcc.a(_pack_df.o)
 .data          0x0000000040012fe8        0x0 /home/fsw/rep/tasa/lib/bcc-2.2.3-gcc/bin/../lib/gcc/sparc-gaisler-elf/10.2.0/leon/mfix-ut699/soft/flat/libgcc.a(_unpack_df.o)
 .data          0x0000000040012fe8        0x0 /home/fsw/rep/tasa/lib/bcc-2.2.3-gcc/bin/../lib/gcc/sparc-gaisler-elf/10.2.0/leon/mfix-ut699/soft/flat/libgcc.a(_fpcmp_parts_df.o)
 .data          0x0000000040012fe8        0x0 /home/fsw/rep/tasa/lib/bcc-2.2.3-gcc/bin/../lib/gcc/sparc-gaisler-elf/10.2.0/leon/mfix-ut699/soft/flat/crtend.o
 .data          0x0000000040012fe8        0x0 /home/fsw/rep/tasa/lib/bcc-2.2.3-gcc/bin/../lib/gcc/sparc-gaisler-elf/10.2.0/leon/mfix-ut699/soft/flat/crtn.o
                0x0000000040012fe8                . = ALIGN (0x8)
                0x0000000040012fe8                __data_end = .
                0x00000000400129e0                __data_start_lma = LOADADDR (.data)
                0x0000000000000608                __data_size = SIZEOF (.data)

.iplt           0x0000000040012fe8        0x0
 .iplt          0x0000000040012fe8        0x0 /home/fsw/rep/tasa/lib/bcc-2.2.3-gcc/bin/../sparc-gaisler-elf/bsp/leon3/leon/mfix-ut699/soft/flat/trap_table_mvt_tn0018.S.o

.tm_clone_table
                0x0000000040012fe8        0x0
 .tm_clone_table
                0x0000000040012fe8        0x0 /home/fsw/rep/tasa/lib/bcc-2.2.3-gcc/bin/../lib/gcc/sparc-gaisler-elf/10.2.0/leon/mfix-ut699/soft/flat/crtbegin.o
 .tm_clone_table
                0x0000000040012fe8        0x0 /home/fsw/rep/tasa/lib/bcc-2.2.3-gcc/bin/../lib/gcc/sparc-gaisler-elf/10.2.0/leon/mfix-ut699/soft/flat/crtend.o

.bss            0x0000000040012fe8      0x1a8
                0x0000000040012fe8                . = ALIGN (0x8)
                0x0000000040012fe8                __bss_start = .
 *(.bss .bss.*)
 .bss           0x0000000040012fe8        0x0 /home/fsw/rep/tasa/lib/bcc-2.2.3-gcc/bin/../sparc-gaisler-elf/bsp/leon3/leon/mfix-ut699/soft/flat/trap_table_mvt_tn0018.S.o
 .bss           0x0000000040012fe8        0x4 /home/fsw/rep/tasa/lib/bcc-2.2.3-gcc/bin/../sparc-gaisler-elf/bsp/leon3/leon/mfix-ut699/soft/flat/crt0.S.o
                0x0000000040012fe8                __bcc_sp_at_entry
 .bss           0x0000000040012fec        0x0 /home/fsw/rep/tasa/lib/bcc-2.2.3-gcc/bin/../lib/gcc/sparc-gaisler-elf/10.2.0/leon/mfix-ut699/soft/flat/crti.o
 .bss           0x0000000040012fec       0x20 /home/fsw/rep/tasa/lib/bcc-2.2.3-gcc/bin/../lib/gcc/sparc-gaisler-elf/10.2.0/leon/mfix-ut699/soft/flat/crtbegin.o
 .bss           0x000000004001300c        0x0 /tmp/ccK56PDv.o
 .bss           0x000000004001300c        0x0 /home/fsw/rep/tasa/lib/bcc-2.2.3-gcc/bin/../sparc-gaisler-elf/bsp/leon3/leon/mfix-ut699/soft/flat/libbcc.a(reset_trap_mvt.S.o)
 .bss           0x000000004001300c        0x0 /home/fsw/rep/tasa/lib/bcc-2.2.3-gcc/bin/../sparc-gaisler-elf/bsp/leon3/leon/mfix-ut699/soft/flat/libbcc.a(sw_trap_set_pil.S.o)
 .bss           0x000000004001300c        0x0 /home/fsw/rep/tasa/lib/bcc-2.2.3-gcc/bin/../sparc-gaisler-elf/bsp/leon3/leon/mfix-ut699/soft/flat/libbcc.a(init.S.o)
 .bss           0x000000004001300c        0x0 /home/fsw/rep/tasa/lib/bcc-2.2.3-gcc/bin/../sparc-gaisler-elf/bsp/leon3/leon/mfix-ut699/soft/flat/libbcc.a(leon_info.S.o)
 .bss           0x000000004001300c        0x0 /home/fsw/rep/tasa/lib/bcc-2.2.3-gcc/bin/../sparc-gaisler-elf/bsp/leon3/leon/mfix-ut699/soft/flat/libbcc.a(dwzero.S.o)
 .bss           0x000000004001300c        0x0 /home/fsw/rep/tasa/lib/bcc-2.2.3-gcc/bin/../sparc-gaisler-elf/bsp/leon3/leon/mfix-ut699/soft/flat/libbcc.a(copy_data.c.o)
 .bss           0x000000004001300c        0x8 /home/fsw/rep/tasa/lib/bcc-2.2.3-gcc/bin/../sparc-gaisler-elf/bsp/leon3/leon/mfix-ut699/soft/flat/libbcc.a(argv.c.o)
                0x0000000040013010                __bcc_argc
 .bss           0x0000000040013014        0x0 /home/fsw/rep/tasa/lib/bcc-2.2.3-gcc/bin/../sparc-gaisler-elf/bsp/leon3/leon/mfix-ut699/soft/flat/libbcc.a(interrupt_trap_flat_tn0018.S.o)
 .bss           0x0000000040013014        0x0 /home/fsw/rep/tasa/lib/bcc-2.2.3-gcc/bin/../sparc-gaisler-elf/bsp/leon3/leon/mfix-ut699/soft/flat/libbcc.a(int_irqmp_get_source.c.o)
 .bss           0x0000000040013014        0x0 /home/fsw/rep/tasa/lib/bcc-2.2.3-gcc/bin/../sparc-gaisler-elf/bsp/leon3/leon/mfix-ut699/soft/flat/libbcc.a(int_irqmp_mp.c.o)
 .bss           0x0000000040013014        0x0 /home/fsw/rep/tasa/lib/bcc-2.2.3-gcc/bin/../sparc-gaisler-elf/bsp/leon3/leon/mfix-ut699/soft/flat/libbcc.a(int_irqmp_init.c.o)
 .bss           0x0000000040013014        0x0 /home/fsw/rep/tasa/lib/bcc-2.2.3-gcc/bin/../sparc-gaisler-elf/bsp/leon3/leon/mfix-ut699/soft/flat/libbcc.a(con_apbuart_init.c.o)
 .bss           0x0000000040013014        0x0 /home/fsw/rep/tasa/lib/bcc-2.2.3-gcc/bin/../sparc-gaisler-elf/bsp/leon3/leon/mfix-ut699/soft/flat/libbcc.a(timer_gptimer_init.c.o)
 .bss           0x0000000040013014       0x80 /home/fsw/rep/tasa/lib/bcc-2.2.3-gcc/bin/../sparc-gaisler-elf/bsp/leon3/leon/mfix-ut699/soft/flat/libbcc.a(isr.c.o)
                0x0000000040013014                __bcc_isr_list
 .bss           0x0000000040013094        0x0 /home/fsw/rep/tasa/lib/bcc-2.2.3-gcc/bin/../sparc-gaisler-elf/bsp/leon3/leon/mfix-ut699/soft/flat/libbcc.a(int_nest.c.o)
 .bss           0x0000000040013094        0x0 /home/fsw/rep/tasa/lib/bcc-2.2.3-gcc/bin/../sparc-gaisler-elf/bsp/leon3/leon/mfix-ut699/soft/flat/libbcc.a(ambapp.c.o)
 .bss           0x0000000040013094        0x0 /home/fsw/rep/tasa/lib/bcc-2.2.3-gcc/bin/../sparc-gaisler-elf/bsp/leon3/leon/mfix-ut699/soft/flat/libbcc.a(ambapp_findfirst_fn.c.o)
 .bss           0x0000000040013094       0x10 /home/fsw/rep/tasa/lib/bcc-2.2.3-gcc/bin/../sparc-gaisler-elf/bsp/leon3/leon/mfix-ut699/soft/flat/libbcc.a(int_irqmp_handle.c.o)
                0x0000000040013094                __bcc_int_irqmp_nts
                0x0000000040013098                __bcc_int_irqmp_map
                0x000000004001309c                __bcc_int_irqmp_eirq
                0x00000000400130a0                __bcc_int_handle
 .bss           0x00000000400130a4        0x4 /home/fsw/rep/tasa/lib/bcc-2.2.3-gcc/bin/../sparc-gaisler-elf/bsp/leon3/leon/mfix-ut699/soft/flat/libbcc.a(con_handle.c.o)
                0x00000000400130a4                __bcc_con_handle
 .bss           0x00000000400130a8        0x8 /home/fsw/rep/tasa/lib/bcc-2.2.3-gcc/bin/../sparc-gaisler-elf/bsp/leon3/leon/mfix-ut699/soft/flat/libbcc.a(timer_handle.c.o)
                0x00000000400130a8                __bcc_timer_interrupt
                0x00000000400130ac                __bcc_timer_handle
 .bss           0x00000000400130b0        0x0 /home/fsw/rep/tasa/lib/bcc-2.2.3-gcc/bin/../lib/gcc/sparc-gaisler-elf/10.2.0/../../../../sparc-gaisler-elf/lib/leon/mfix-ut699/soft/flat/libc.a(lib_a-atexit.o)
 .bss           0x00000000400130b0        0x0 /home/fsw/rep/tasa/lib/bcc-2.2.3-gcc/bin/../lib/gcc/sparc-gaisler-elf/10.2.0/../../../../sparc-gaisler-elf/lib/leon/mfix-ut699/soft/flat/libc.a(lib_a-exit.o)
 .bss           0x00000000400130b0        0x0 /home/fsw/rep/tasa/lib/bcc-2.2.3-gcc/bin/../lib/gcc/sparc-gaisler-elf/10.2.0/../../../../sparc-gaisler-elf/lib/leon/mfix-ut699/soft/flat/libc.a(lib_a-impure.o)
 .bss           0x00000000400130b0        0x0 /home/fsw/rep/tasa/lib/bcc-2.2.3-gcc/bin/../lib/gcc/sparc-gaisler-elf/10.2.0/../../../../sparc-gaisler-elf/lib/leon/mfix-ut699/soft/flat/libc.a(lib_a-memcpy.o)
 .bss           0x00000000400130b0        0x0 /home/fsw/rep/tasa/lib/bcc-2.2.3-gcc/bin/../lib/gcc/sparc-gaisler-elf/10.2.0/../../../../sparc-gaisler-elf/lib/leon/mfix-ut699/soft/flat/libc.a(lib_a-printf.o)
 .bss           0x00000000400130b0        0x0 /home/fsw/rep/tasa/lib/bcc-2.2.3-gcc/bin/../lib/gcc/sparc-gaisler-elf/10.2.0/../../../../sparc-gaisler-elf/lib/leon/mfix-ut699/soft/flat/libc.a(lib_a-putchar.o)
 .bss           0x00000000400130b0        0x0 /home/fsw/rep/tasa/lib/bcc-2.2.3-gcc/bin/../lib/gcc/sparc-gaisler-elf/10.2.0/../../../../sparc-gaisler-elf/lib/leon/mfix-ut699/soft/flat/libc.a(lib_a-puts.o)
 .bss           0x00000000400130b0        0x0 /home/fsw/rep/tasa/lib/bcc-2.2.3-gcc/bin/../lib/gcc/sparc-gaisler-elf/10.2.0/../../../../sparc-gaisler-elf/lib/leon/mfix-ut699/soft/flat/libc.a(lib_a-strlen.o)
 .bss           0x00000000400130b0        0x0 /home/fsw/rep/tasa/lib/bcc-2.2.3-gcc/bin/../lib/gcc/sparc-gaisler-elf/10.2.0/../../../../sparc-gaisler-elf/lib/leon/mfix-ut699/soft/flat/libc.a(lib_a-vfprintf.o)
 .bss           0x00000000400130b0        0x0 /home/fsw/rep/tasa/lib/bcc-2.2.3-gcc/bin/../lib/gcc/sparc-gaisler-elf/10.2.0/../../../../sparc-gaisler-elf/lib/leon/mfix-ut699/soft/flat/libc.a(lib_a-wsetup.o)
 .bss           0x00000000400130b0       0x8c /home/fsw/rep/tasa/lib/bcc-2.2.3-gcc/bin/../lib/gcc/sparc-gaisler-elf/10.2.0/../../../../sparc-gaisler-elf/lib/leon/mfix-ut699/soft/flat/libc.a(lib_a-__atexit.o)
 .bss           0x000000004001313c        0x4 /home/fsw/rep/tasa/lib/bcc-2.2.3-gcc/bin/../lib/gcc/sparc-gaisler-elf/10.2.0/../../../../sparc-gaisler-elf/lib/leon/mfix-ut699/soft/flat/libc.a(lib_a-__call_atexit.o)
                0x000000004001313c                _global_atexit
 .bss           0x0000000040013140        0x0 /home/fsw/rep/tasa/lib/bcc-2.2.3-gcc/bin/../lib/gcc/sparc-gaisler-elf/10.2.0/../../../../sparc-gaisler-elf/lib/leon/mfix-ut699/soft/flat/libc.a(lib_a-dtoa.o)
 .bss           0x0000000040013140        0x0 /home/fsw/rep/tasa/lib/bcc-2.2.3-gcc/bin/../lib/gcc/sparc-gaisler-elf/10.2.0/../../../../sparc-gaisler-elf/lib/leon/mfix-ut699/soft/flat/libc.a(lib_a-fflush.o)
 .bss           0x0000000040013140        0x0 /home/fsw/rep/tasa/lib/bcc-2.2.3-gcc/bin/../lib/gcc/sparc-gaisler-elf/10.2.0/../../../../sparc-gaisler-elf/lib/leon/mfix-ut699/soft/flat/libc.a(lib_a-findfp.o)
 .bss           0x0000000040013140        0x0 /home/fsw/rep/tasa/lib/bcc-2.2.3-gcc/bin/../lib/gcc/sparc-gaisler-elf/10.2.0/../../../../sparc-gaisler-elf/lib/leon/mfix-ut699/soft/flat/libc.a(lib_a-freer.o)
 .bss           0x0000000040013140        0x0 /home/fsw/rep/tasa/lib/bcc-2.2.3-gcc/bin/../lib/gcc/sparc-gaisler-elf/10.2.0/../../../../sparc-gaisler-elf/lib/leon/mfix-ut699/soft/flat/libc.a(lib_a-fvwrite.o)
 .bss           0x0000000040013140        0x0 /home/fsw/rep/tasa/lib/bcc-2.2.3-gcc/bin/../lib/gcc/sparc-gaisler-elf/10.2.0/../../../../sparc-gaisler-elf/lib/leon/mfix-ut699/soft/flat/libc.a(lib_a-fwalk.o)
 .bss           0x0000000040013140        0x0 /home/fsw/rep/tasa/lib/bcc-2.2.3-gcc/bin/../lib/gcc/sparc-gaisler-elf/10.2.0/../../../../sparc-gaisler-elf/lib/leon/mfix-ut699/soft/flat/libc.a(lib_a-localeconv.o)
 .bss           0x0000000040013140        0x0 /home/fsw/rep/tasa/lib/bcc-2.2.3-gcc/bin/../lib/gcc/sparc-gaisler-elf/10.2.0/../../../../sparc-gaisler-elf/lib/leon/mfix-ut699/soft/flat/libc.a(lib_a-makebuf.o)
 .bss           0x0000000040013140        0x0 /home/fsw/rep/tasa/lib/bcc-2.2.3-gcc/bin/../lib/gcc/sparc-gaisler-elf/10.2.0/../../../../sparc-gaisler-elf/lib/leon/mfix-ut699/soft/flat/libc.a(lib_a-malloc.o)
 .bss           0x0000000040013140       0x34 /home/fsw/rep/tasa/lib/bcc-2.2.3-gcc/bin/../lib/gcc/sparc-gaisler-elf/10.2.0/../../../../sparc-gaisler-elf/lib/leon/mfix-ut699/soft/flat/libc.a(lib_a-mallocr.o)
                0x0000000040013140                __malloc_current_mallinfo
                0x0000000040013168                __malloc_max_total_mem
                0x000000004001316c                __malloc_max_sbrked_mem
                0x0000000040013170                __malloc_top_pad
 .bss           0x0000000040013174        0x0 /home/fsw/rep/tasa/lib/bcc-2.2.3-gcc/bin/../lib/gcc/sparc-gaisler-elf/10.2.0/../../../../sparc-gaisler-elf/lib/leon/mfix-ut699/soft/flat/libc.a(lib_a-memchr.o)
 .bss           0x0000000040013174        0x0 /home/fsw/rep/tasa/lib/bcc-2.2.3-gcc/bin/../lib/gcc/sparc-gaisler-elf/10.2.0/../../../../sparc-gaisler-elf/lib/leon/mfix-ut699/soft/flat/libc.a(lib_a-memmove.o)
 .bss           0x0000000040013174        0x0 /home/fsw/rep/tasa/lib/bcc-2.2.3-gcc/bin/../lib/gcc/sparc-gaisler-elf/10.2.0/../../../../sparc-gaisler-elf/lib/leon/mfix-ut699/soft/flat/libc.a(lib_a-memset.o)
 .bss           0x0000000040013174        0x0 /home/fsw/rep/tasa/lib/bcc-2.2.3-gcc/bin/../lib/gcc/sparc-gaisler-elf/10.2.0/../../../../sparc-gaisler-elf/lib/leon/mfix-ut699/soft/flat/libc.a(lib_a-mlock.o)
 .bss           0x0000000040013174        0x0 /home/fsw/rep/tasa/lib/bcc-2.2.3-gcc/bin/../lib/gcc/sparc-gaisler-elf/10.2.0/../../../../sparc-gaisler-elf/lib/leon/mfix-ut699/soft/flat/libc.a(lib_a-mprec.o)
 .bss           0x0000000040013174        0x0 /home/fsw/rep/tasa/lib/bcc-2.2.3-gcc/bin/../lib/gcc/sparc-gaisler-elf/10.2.0/../../../../sparc-gaisler-elf/lib/leon/mfix-ut699/soft/flat/libc.a(lib_a-putc.o)
 .bss           0x0000000040013174        0x0 /home/fsw/rep/tasa/lib/bcc-2.2.3-gcc/bin/../lib/gcc/sparc-gaisler-elf/10.2.0/../../../../sparc-gaisler-elf/lib/leon/mfix-ut699/soft/flat/libc.a(lib_a-reallocr.o)
 .bss           0x0000000040013174        0x0 /home/fsw/rep/tasa/lib/bcc-2.2.3-gcc/bin/../lib/gcc/sparc-gaisler-elf/10.2.0/../../../../sparc-gaisler-elf/lib/leon/mfix-ut699/soft/flat/libc.a(lib_a-s_frexp.o)
 .bss           0x0000000040013174        0x0 /home/fsw/rep/tasa/lib/bcc-2.2.3-gcc/bin/../lib/gcc/sparc-gaisler-elf/10.2.0/../../../../sparc-gaisler-elf/lib/leon/mfix-ut699/soft/flat/libc.a(lib_a-sbrkr.o)
 .bss           0x0000000040013174        0x0 /home/fsw/rep/tasa/lib/bcc-2.2.3-gcc/bin/../lib/gcc/sparc-gaisler-elf/10.2.0/../../../../sparc-gaisler-elf/lib/leon/mfix-ut699/soft/flat/libc.a(lib_a-stdio.o)
 .bss           0x0000000040013174        0x0 /home/fsw/rep/tasa/lib/bcc-2.2.3-gcc/bin/../lib/gcc/sparc-gaisler-elf/10.2.0/../../../../sparc-gaisler-elf/lib/leon/mfix-ut699/soft/flat/libc.a(lib_a-strncpy.o)
 .bss           0x0000000040013174        0x0 /home/fsw/rep/tasa/lib/bcc-2.2.3-gcc/bin/../lib/gcc/sparc-gaisler-elf/10.2.0/../../../../sparc-gaisler-elf/lib/leon/mfix-ut699/soft/flat/libc.a(lib_a-vfiprintf.o)
 .bss           0x0000000040013174        0x0 /home/fsw/rep/tasa/lib/bcc-2.2.3-gcc/bin/../lib/gcc/sparc-gaisler-elf/10.2.0/../../../../sparc-gaisler-elf/lib/leon/mfix-ut699/soft/flat/libc.a(lib_a-wbuf.o)
 .bss           0x0000000040013174        0x0 /home/fsw/rep/tasa/lib/bcc-2.2.3-gcc/bin/../lib/gcc/sparc-gaisler-elf/10.2.0/../../../../sparc-gaisler-elf/lib/leon/mfix-ut699/soft/flat/libc.a(lib_a-writer.o)
 .bss           0x0000000040013174        0x0 /home/fsw/rep/tasa/lib/bcc-2.2.3-gcc/bin/../lib/gcc/sparc-gaisler-elf/10.2.0/../../../../sparc-gaisler-elf/lib/leon/mfix-ut699/soft/flat/libc.a(lib_a-callocr.o)
 .bss           0x0000000040013174        0x0 /home/fsw/rep/tasa/lib/bcc-2.2.3-gcc/bin/../lib/gcc/sparc-gaisler-elf/10.2.0/../../../../sparc-gaisler-elf/lib/leon/mfix-ut699/soft/flat/libc.a(lib_a-closer.o)
 .bss           0x0000000040013174        0x0 /home/fsw/rep/tasa/lib/bcc-2.2.3-gcc/bin/../lib/gcc/sparc-gaisler-elf/10.2.0/../../../../sparc-gaisler-elf/lib/leon/mfix-ut699/soft/flat/libc.a(lib_a-fclose.o)
 .bss           0x0000000040013174        0x0 /home/fsw/rep/tasa/lib/bcc-2.2.3-gcc/bin/../lib/gcc/sparc-gaisler-elf/10.2.0/../../../../sparc-gaisler-elf/lib/leon/mfix-ut699/soft/flat/libc.a(lib_a-fputwc.o)
 .bss           0x0000000040013174        0x0 /home/fsw/rep/tasa/lib/bcc-2.2.3-gcc/bin/../lib/gcc/sparc-gaisler-elf/10.2.0/../../../../sparc-gaisler-elf/lib/leon/mfix-ut699/soft/flat/libc.a(lib_a-fstatr.o)
 .bss           0x0000000040013174        0x0 /home/fsw/rep/tasa/lib/bcc-2.2.3-gcc/bin/../lib/gcc/sparc-gaisler-elf/10.2.0/../../../../sparc-gaisler-elf/lib/leon/mfix-ut699/soft/flat/libc.a(lib_a-isattyr.o)
 .bss           0x0000000040013174        0x4 /home/fsw/rep/tasa/lib/bcc-2.2.3-gcc/bin/../lib/gcc/sparc-gaisler-elf/10.2.0/../../../../sparc-gaisler-elf/lib/leon/mfix-ut699/soft/flat/libc.a(lib_a-locale.o)
                0x0000000040013174                _PathLocale
 .bss           0x0000000040013178        0x0 /home/fsw/rep/tasa/lib/bcc-2.2.3-gcc/bin/../lib/gcc/sparc-gaisler-elf/10.2.0/../../../../sparc-gaisler-elf/lib/leon/mfix-ut699/soft/flat/libc.a(lib_a-lseekr.o)
 .bss           0x0000000040013178        0x0 /home/fsw/rep/tasa/lib/bcc-2.2.3-gcc/bin/../lib/gcc/sparc-gaisler-elf/10.2.0/../../../../sparc-gaisler-elf/lib/leon/mfix-ut699/soft/flat/libc.a(lib_a-mbtowc_r.o)
 .bss           0x0000000040013178        0x0 /home/fsw/rep/tasa/lib/bcc-2.2.3-gcc/bin/../lib/gcc/sparc-gaisler-elf/10.2.0/../../../../sparc-gaisler-elf/lib/leon/mfix-ut699/soft/flat/libc.a(lib_a-readr.o)
 .bss           0x0000000040013178        0x4 /home/fsw/rep/tasa/lib/bcc-2.2.3-gcc/bin/../lib/gcc/sparc-gaisler-elf/10.2.0/../../../../sparc-gaisler-elf/lib/leon/mfix-ut699/soft/flat/libc.a(lib_a-reent.o)
                0x0000000040013178                errno
 .bss           0x000000004001317c        0x0 /home/fsw/rep/tasa/lib/bcc-2.2.3-gcc/bin/../lib/gcc/sparc-gaisler-elf/10.2.0/../../../../sparc-gaisler-elf/lib/leon/mfix-ut699/soft/flat/libc.a(lib_a-strcmp.o)
 .bss           0x000000004001317c        0x0 /home/fsw/rep/tasa/lib/bcc-2.2.3-gcc/bin/../lib/gcc/sparc-gaisler-elf/10.2.0/../../../../sparc-gaisler-elf/lib/leon/mfix-ut699/soft/flat/libc.a(lib_a-wcrtomb.o)
 .bss           0x000000004001317c        0x0 /home/fsw/rep/tasa/lib/bcc-2.2.3-gcc/bin/../lib/gcc/sparc-gaisler-elf/10.2.0/../../../../sparc-gaisler-elf/lib/leon/mfix-ut699/soft/flat/libc.a(lib_a-wctomb_r.o)
 .bss           0x000000004001317c        0x0 /home/fsw/rep/tasa/lib/bcc-2.2.3-gcc/bin/../lib/gcc/sparc-gaisler-elf/10.2.0/../../../../sparc-gaisler-elf/lib/leon/mfix-ut699/soft/flat/libc.a(lib_a-ctype_.o)
 .bss           0x000000004001317c        0x0 /home/fsw/rep/tasa/lib/bcc-2.2.3-gcc/bin/../sparc-gaisler-elf/bsp/leon3/leon/mfix-ut699/soft/flat/libbcc.a(_exit.S.o)
 .bss           0x000000004001317c        0x0 /home/fsw/rep/tasa/lib/bcc-2.2.3-gcc/bin/../sparc-gaisler-elf/bsp/leon3/leon/mfix-ut699/soft/flat/libbcc.a(read.c.o)
 .bss           0x000000004001317c        0x4 /home/fsw/rep/tasa/lib/bcc-2.2.3-gcc/bin/../sparc-gaisler-elf/bsp/leon3/leon/mfix-ut699/soft/flat/libbcc.a(sbrk.c.o)
 .bss           0x0000000040013180        0x8 /home/fsw/rep/tasa/lib/bcc-2.2.3-gcc/bin/../sparc-gaisler-elf/bsp/leon3/leon/mfix-ut699/soft/flat/libbcc.a(heap.c.o)
                0x0000000040013180                __bcc_heap_max
                0x0000000040013184                __bcc_heap_min
 .bss           0x0000000040013188        0x0 /home/fsw/rep/tasa/lib/bcc-2.2.3-gcc/bin/../sparc-gaisler-elf/bsp/leon3/leon/mfix-ut699/soft/flat/libbcc.a(write.c.o)
 .bss           0x0000000040013188        0x0 /home/fsw/rep/tasa/lib/bcc-2.2.3-gcc/bin/../sparc-gaisler-elf/bsp/leon3/leon/mfix-ut699/soft/flat/libbcc.a(stubs.S.o)
 .bss           0x0000000040013188        0x4 /home/fsw/rep/tasa/lib/bcc-2.2.3-gcc/bin/../sparc-gaisler-elf/bsp/leon3/leon/mfix-ut699/soft/flat/libbcc.a(con_apbuart.c.o)
 .bss           0x000000004001318c        0x0 /home/fsw/rep/tasa/lib/bcc-2.2.3-gcc/bin/../lib/gcc/sparc-gaisler-elf/10.2.0/leon/mfix-ut699/soft/flat/libgcc.a(_udivdi3.o)
 .bss           0x000000004001318c        0x0 /home/fsw/rep/tasa/lib/bcc-2.2.3-gcc/bin/../lib/gcc/sparc-gaisler-elf/10.2.0/leon/mfix-ut699/soft/flat/libgcc.a(_umoddi3.o)
 .bss           0x000000004001318c        0x0 /home/fsw/rep/tasa/lib/bcc-2.2.3-gcc/bin/../lib/gcc/sparc-gaisler-elf/10.2.0/leon/mfix-ut699/soft/flat/libgcc.a(_addsub_df.o)
 .bss           0x000000004001318c        0x0 /home/fsw/rep/tasa/lib/bcc-2.2.3-gcc/bin/../lib/gcc/sparc-gaisler-elf/10.2.0/leon/mfix-ut699/soft/flat/libgcc.a(_mul_df.o)
 .bss           0x000000004001318c        0x0 /home/fsw/rep/tasa/lib/bcc-2.2.3-gcc/bin/../lib/gcc/sparc-gaisler-elf/10.2.0/leon/mfix-ut699/soft/flat/libgcc.a(_div_df.o)
 .bss           0x000000004001318c        0x0 /home/fsw/rep/tasa/lib/bcc-2.2.3-gcc/bin/../lib/gcc/sparc-gaisler-elf/10.2.0/leon/mfix-ut699/soft/flat/libgcc.a(_eq_df.o)
 .bss           0x000000004001318c        0x0 /home/fsw/rep/tasa/lib/bcc-2.2.3-gcc/bin/../lib/gcc/sparc-gaisler-elf/10.2.0/leon/mfix-ut699/soft/flat/libgcc.a(_ne_df.o)
 .bss           0x000000004001318c        0x0 /home/fsw/rep/tasa/lib/bcc-2.2.3-gcc/bin/../lib/gcc/sparc-gaisler-elf/10.2.0/leon/mfix-ut699/soft/flat/libgcc.a(_gt_df.o)
 .bss           0x000000004001318c        0x0 /home/fsw/rep/tasa/lib/bcc-2.2.3-gcc/bin/../lib/gcc/sparc-gaisler-elf/10.2.0/leon/mfix-ut699/soft/flat/libgcc.a(_lt_df.o)
 .bss           0x000000004001318c        0x0 /home/fsw/rep/tasa/lib/bcc-2.2.3-gcc/bin/../lib/gcc/sparc-gaisler-elf/10.2.0/leon/mfix-ut699/soft/flat/libgcc.a(_le_df.o)
 .bss           0x000000004001318c        0x0 /home/fsw/rep/tasa/lib/bcc-2.2.3-gcc/bin/../lib/gcc/sparc-gaisler-elf/10.2.0/leon/mfix-ut699/soft/flat/libgcc.a(_unord_df.o)
 .bss           0x000000004001318c        0x0 /home/fsw/rep/tasa/lib/bcc-2.2.3-gcc/bin/../lib/gcc/sparc-gaisler-elf/10.2.0/leon/mfix-ut699/soft/flat/libgcc.a(_si_to_df.o)
 .bss           0x000000004001318c        0x0 /home/fsw/rep/tasa/lib/bcc-2.2.3-gcc/bin/../lib/gcc/sparc-gaisler-elf/10.2.0/leon/mfix-ut699/soft/flat/libgcc.a(_df_to_si.o)
 .bss           0x000000004001318c        0x0 /home/fsw/rep/tasa/lib/bcc-2.2.3-gcc/bin/../lib/gcc/sparc-gaisler-elf/10.2.0/leon/mfix-ut699/soft/flat/libgcc.a(_thenan_df.o)
 .bss           0x000000004001318c        0x0 /home/fsw/rep/tasa/lib/bcc-2.2.3-gcc/bin/../lib/gcc/sparc-gaisler-elf/10.2.0/leon/mfix-ut699/soft/flat/libgcc.a(_usi_to_df.o)
 .bss           0x000000004001318c        0x0 /home/fsw/rep/tasa/lib/bcc-2.2.3-gcc/bin/../lib/gcc/sparc-gaisler-elf/10.2.0/leon/mfix-ut699/soft/flat/libgcc.a(_clz.o)
 .bss           0x000000004001318c        0x0 /home/fsw/rep/tasa/lib/bcc-2.2.3-gcc/bin/../lib/gcc/sparc-gaisler-elf/10.2.0/leon/mfix-ut699/soft/flat/libgcc.a(_clzsi2.o)
 .bss           0x000000004001318c        0x0 /home/fsw/rep/tasa/lib/bcc-2.2.3-gcc/bin/../lib/gcc/sparc-gaisler-elf/10.2.0/leon/mfix-ut699/soft/flat/libgcc.a(_pack_df.o)
 .bss           0x000000004001318c        0x0 /home/fsw/rep/tasa/lib/bcc-2.2.3-gcc/bin/../lib/gcc/sparc-gaisler-elf/10.2.0/leon/mfix-ut699/soft/flat/libgcc.a(_unpack_df.o)
 .bss           0x000000004001318c        0x0 /home/fsw/rep/tasa/lib/bcc-2.2.3-gcc/bin/../lib/gcc/sparc-gaisler-elf/10.2.0/leon/mfix-ut699/soft/flat/libgcc.a(_fpcmp_parts_df.o)
 .bss           0x000000004001318c        0x0 /home/fsw/rep/tasa/lib/bcc-2.2.3-gcc/bin/../lib/gcc/sparc-gaisler-elf/10.2.0/leon/mfix-ut699/soft/flat/crtend.o
 .bss           0x000000004001318c        0x0 /home/fsw/rep/tasa/lib/bcc-2.2.3-gcc/bin/../lib/gcc/sparc-gaisler-elf/10.2.0/leon/mfix-ut699/soft/flat/crtn.o
 *(COMMON)
                0x0000000040013190                . = ALIGN (0x8)
 *fill*         0x000000004001318c        0x4 
                0x0000000040013190                __bss_end = .
                0x0000000040013190                __heap_min = .
                0x0000000040013190                . = ALIGN (0x8)

.jcr
 *(.jcr)

.stab
 *(.stab)

.stabstr
 *(.stabstr)

.debug
 *(.debug)

.line
 *(.line)

.debug_srcinfo
 *(.debug_srcinfo)

.debug_sfnames
 *(.debug_sfnames)

.debug_aranges  0x0000000000000000      0xc48
 *(.debug_aranges)
 .debug_aranges
                0x0000000000000000       0x20 /home/fsw/rep/tasa/lib/bcc-2.2.3-gcc/bin/../sparc-gaisler-elf/bsp/leon3/leon/mfix-ut699/soft/flat/trap_table_mvt_tn0018.S.o
 .debug_aranges
                0x0000000000000020       0x20 /home/fsw/rep/tasa/lib/bcc-2.2.3-gcc/bin/../sparc-gaisler-elf/bsp/leon3/leon/mfix-ut699/soft/flat/crt0.S.o
 .debug_aranges
                0x0000000000000040       0x20 /tmp/ccK56PDv.o
 .debug_aranges
                0x0000000000000060       0x20 /home/fsw/rep/tasa/lib/bcc-2.2.3-gcc/bin/../sparc-gaisler-elf/bsp/leon3/leon/mfix-ut699/soft/flat/libbcc.a(reset_trap_mvt.S.o)
 .debug_aranges
                0x0000000000000080       0x20 /home/fsw/rep/tasa/lib/bcc-2.2.3-gcc/bin/../sparc-gaisler-elf/bsp/leon3/leon/mfix-ut699/soft/flat/libbcc.a(sw_trap_set_pil.S.o)
 .debug_aranges
                0x00000000000000a0       0x20 /home/fsw/rep/tasa/lib/bcc-2.2.3-gcc/bin/../sparc-gaisler-elf/bsp/leon3/leon/mfix-ut699/soft/flat/libbcc.a(init.S.o)
 .debug_aranges
                0x00000000000000c0       0x20 /home/fsw/rep/tasa/lib/bcc-2.2.3-gcc/bin/../sparc-gaisler-elf/bsp/leon3/leon/mfix-ut699/soft/flat/libbcc.a(leon_info.S.o)
 .debug_aranges
                0x00000000000000e0       0x20 /home/fsw/rep/tasa/lib/bcc-2.2.3-gcc/bin/../sparc-gaisler-elf/bsp/leon3/leon/mfix-ut699/soft/flat/libbcc.a(dwzero.S.o)
 .debug_aranges
                0x0000000000000100       0x20 /home/fsw/rep/tasa/lib/bcc-2.2.3-gcc/bin/../sparc-gaisler-elf/bsp/leon3/leon/mfix-ut699/soft/flat/libbcc.a(copy_data.c.o)
 .debug_aranges
                0x0000000000000120       0x18 /home/fsw/rep/tasa/lib/bcc-2.2.3-gcc/bin/../sparc-gaisler-elf/bsp/leon3/leon/mfix-ut699/soft/flat/libbcc.a(argv.c.o)
 .debug_aranges
                0x0000000000000138       0x20 /home/fsw/rep/tasa/lib/bcc-2.2.3-gcc/bin/../sparc-gaisler-elf/bsp/leon3/leon/mfix-ut699/soft/flat/libbcc.a(interrupt_trap_flat_tn0018.S.o)
 .debug_aranges
                0x0000000000000158       0x20 /home/fsw/rep/tasa/lib/bcc-2.2.3-gcc/bin/../sparc-gaisler-elf/bsp/leon3/leon/mfix-ut699/soft/flat/libbcc.a(int_irqmp_get_source.c.o)
 .debug_aranges
                0x0000000000000178       0x20 /home/fsw/rep/tasa/lib/bcc-2.2.3-gcc/bin/../sparc-gaisler-elf/bsp/leon3/leon/mfix-ut699/soft/flat/libbcc.a(int_irqmp_mp.c.o)
 .debug_aranges
                0x0000000000000198       0x20 /home/fsw/rep/tasa/lib/bcc-2.2.3-gcc/bin/../sparc-gaisler-elf/bsp/leon3/leon/mfix-ut699/soft/flat/libbcc.a(int_irqmp_init.c.o)
 .debug_aranges
                0x00000000000001b8       0x20 /home/fsw/rep/tasa/lib/bcc-2.2.3-gcc/bin/../sparc-gaisler-elf/bsp/leon3/leon/mfix-ut699/soft/flat/libbcc.a(con_apbuart_init.c.o)
 .debug_aranges
                0x00000000000001d8       0x20 /home/fsw/rep/tasa/lib/bcc-2.2.3-gcc/bin/../sparc-gaisler-elf/bsp/leon3/leon/mfix-ut699/soft/flat/libbcc.a(timer_gptimer_init.c.o)
 .debug_aranges
                0x00000000000001f8       0x18 /home/fsw/rep/tasa/lib/bcc-2.2.3-gcc/bin/../sparc-gaisler-elf/bsp/leon3/leon/mfix-ut699/soft/flat/libbcc.a(isr.c.o)
 .debug_aranges
                0x0000000000000210       0x18 /home/fsw/rep/tasa/lib/bcc-2.2.3-gcc/bin/../sparc-gaisler-elf/bsp/leon3/leon/mfix-ut699/soft/flat/libbcc.a(int_nest.c.o)
 .debug_aranges
                0x0000000000000228       0x20 /home/fsw/rep/tasa/lib/bcc-2.2.3-gcc/bin/../sparc-gaisler-elf/bsp/leon3/leon/mfix-ut699/soft/flat/libbcc.a(ambapp.c.o)
 .debug_aranges
                0x0000000000000248       0x20 /home/fsw/rep/tasa/lib/bcc-2.2.3-gcc/bin/../sparc-gaisler-elf/bsp/leon3/leon/mfix-ut699/soft/flat/libbcc.a(ambapp_findfirst_fn.c.o)
 .debug_aranges
                0x0000000000000268       0x18 /home/fsw/rep/tasa/lib/bcc-2.2.3-gcc/bin/../sparc-gaisler-elf/bsp/leon3/leon/mfix-ut699/soft/flat/libbcc.a(int_irqmp_handle.c.o)
 .debug_aranges
                0x0000000000000280       0x18 /home/fsw/rep/tasa/lib/bcc-2.2.3-gcc/bin/../sparc-gaisler-elf/bsp/leon3/leon/mfix-ut699/soft/flat/libbcc.a(con_handle.c.o)
 .debug_aranges
                0x0000000000000298       0x18 /home/fsw/rep/tasa/lib/bcc-2.2.3-gcc/bin/../sparc-gaisler-elf/bsp/leon3/leon/mfix-ut699/soft/flat/libbcc.a(timer_handle.c.o)
 .debug_aranges
                0x00000000000002b0       0x20 /home/fsw/rep/tasa/lib/bcc-2.2.3-gcc/bin/../lib/gcc/sparc-gaisler-elf/10.2.0/../../../../sparc-gaisler-elf/lib/leon/mfix-ut699/soft/flat/libc.a(lib_a-atexit.o)
 .debug_aranges
                0x00000000000002d0       0x20 /home/fsw/rep/tasa/lib/bcc-2.2.3-gcc/bin/../lib/gcc/sparc-gaisler-elf/10.2.0/../../../../sparc-gaisler-elf/lib/leon/mfix-ut699/soft/flat/libc.a(lib_a-exit.o)
 .debug_aranges
                0x00000000000002f0       0x18 /home/fsw/rep/tasa/lib/bcc-2.2.3-gcc/bin/../lib/gcc/sparc-gaisler-elf/10.2.0/../../../../sparc-gaisler-elf/lib/leon/mfix-ut699/soft/flat/libc.a(lib_a-impure.o)
 .debug_aranges
                0x0000000000000308       0x20 /home/fsw/rep/tasa/lib/bcc-2.2.3-gcc/bin/../lib/gcc/sparc-gaisler-elf/10.2.0/../../../../sparc-gaisler-elf/lib/leon/mfix-ut699/soft/flat/libc.a(lib_a-memcpy.o)
 .debug_aranges
                0x0000000000000328       0x20 /home/fsw/rep/tasa/lib/bcc-2.2.3-gcc/bin/../lib/gcc/sparc-gaisler-elf/10.2.0/../../../../sparc-gaisler-elf/lib/leon/mfix-ut699/soft/flat/libc.a(lib_a-printf.o)
 .debug_aranges
                0x0000000000000348       0x20 /home/fsw/rep/tasa/lib/bcc-2.2.3-gcc/bin/../lib/gcc/sparc-gaisler-elf/10.2.0/../../../../sparc-gaisler-elf/lib/leon/mfix-ut699/soft/flat/libc.a(lib_a-putchar.o)
 .debug_aranges
                0x0000000000000368       0x20 /home/fsw/rep/tasa/lib/bcc-2.2.3-gcc/bin/../lib/gcc/sparc-gaisler-elf/10.2.0/../../../../sparc-gaisler-elf/lib/leon/mfix-ut699/soft/flat/libc.a(lib_a-puts.o)
 .debug_aranges
                0x0000000000000388       0x20 /home/fsw/rep/tasa/lib/bcc-2.2.3-gcc/bin/../lib/gcc/sparc-gaisler-elf/10.2.0/../../../../sparc-gaisler-elf/lib/leon/mfix-ut699/soft/flat/libc.a(lib_a-strlen.o)
 .debug_aranges
                0x00000000000003a8       0x20 /home/fsw/rep/tasa/lib/bcc-2.2.3-gcc/bin/../lib/gcc/sparc-gaisler-elf/10.2.0/../../../../sparc-gaisler-elf/lib/leon/mfix-ut699/soft/flat/libc.a(lib_a-vfprintf.o)
 .debug_aranges
                0x00000000000003c8       0x20 /home/fsw/rep/tasa/lib/bcc-2.2.3-gcc/bin/../lib/gcc/sparc-gaisler-elf/10.2.0/../../../../sparc-gaisler-elf/lib/leon/mfix-ut699/soft/flat/libc.a(lib_a-wsetup.o)
 .debug_aranges
                0x00000000000003e8       0x20 /home/fsw/rep/tasa/lib/bcc-2.2.3-gcc/bin/../lib/gcc/sparc-gaisler-elf/10.2.0/../../../../sparc-gaisler-elf/lib/leon/mfix-ut699/soft/flat/libc.a(lib_a-__atexit.o)
 .debug_aranges
                0x0000000000000408       0x20 /home/fsw/rep/tasa/lib/bcc-2.2.3-gcc/bin/../lib/gcc/sparc-gaisler-elf/10.2.0/../../../../sparc-gaisler-elf/lib/leon/mfix-ut699/soft/flat/libc.a(lib_a-__call_atexit.o)
 .debug_aranges
                0x0000000000000428       0x20 /home/fsw/rep/tasa/lib/bcc-2.2.3-gcc/bin/../lib/gcc/sparc-gaisler-elf/10.2.0/../../../../sparc-gaisler-elf/lib/leon/mfix-ut699/soft/flat/libc.a(lib_a-dtoa.o)
 .debug_aranges
                0x0000000000000448       0x20 /home/fsw/rep/tasa/lib/bcc-2.2.3-gcc/bin/../lib/gcc/sparc-gaisler-elf/10.2.0/../../../../sparc-gaisler-elf/lib/leon/mfix-ut699/soft/flat/libc.a(lib_a-fflush.o)
 .debug_aranges
                0x0000000000000468       0x20 /home/fsw/rep/tasa/lib/bcc-2.2.3-gcc/bin/../lib/gcc/sparc-gaisler-elf/10.2.0/../../../../sparc-gaisler-elf/lib/leon/mfix-ut699/soft/flat/libc.a(lib_a-findfp.o)
 .debug_aranges
                0x0000000000000488       0x20 /home/fsw/rep/tasa/lib/bcc-2.2.3-gcc/bin/../lib/gcc/sparc-gaisler-elf/10.2.0/../../../../sparc-gaisler-elf/lib/leon/mfix-ut699/soft/flat/libc.a(lib_a-freer.o)
 .debug_aranges
                0x00000000000004a8       0x20 /home/fsw/rep/tasa/lib/bcc-2.2.3-gcc/bin/../lib/gcc/sparc-gaisler-elf/10.2.0/../../../../sparc-gaisler-elf/lib/leon/mfix-ut699/soft/flat/libc.a(lib_a-fvwrite.o)
 .debug_aranges
                0x00000000000004c8       0x20 /home/fsw/rep/tasa/lib/bcc-2.2.3-gcc/bin/../lib/gcc/sparc-gaisler-elf/10.2.0/../../../../sparc-gaisler-elf/lib/leon/mfix-ut699/soft/flat/libc.a(lib_a-fwalk.o)
 .debug_aranges
                0x00000000000004e8       0x20 /home/fsw/rep/tasa/lib/bcc-2.2.3-gcc/bin/../lib/gcc/sparc-gaisler-elf/10.2.0/../../../../sparc-gaisler-elf/lib/leon/mfix-ut699/soft/flat/libc.a(lib_a-localeconv.o)
 .debug_aranges
                0x0000000000000508       0x20 /home/fsw/rep/tasa/lib/bcc-2.2.3-gcc/bin/../lib/gcc/sparc-gaisler-elf/10.2.0/../../../../sparc-gaisler-elf/lib/leon/mfix-ut699/soft/flat/libc.a(lib_a-makebuf.o)
 .debug_aranges
                0x0000000000000528       0x20 /home/fsw/rep/tasa/lib/bcc-2.2.3-gcc/bin/../lib/gcc/sparc-gaisler-elf/10.2.0/../../../../sparc-gaisler-elf/lib/leon/mfix-ut699/soft/flat/libc.a(lib_a-malloc.o)
 .debug_aranges
                0x0000000000000548       0x20 /home/fsw/rep/tasa/lib/bcc-2.2.3-gcc/bin/../lib/gcc/sparc-gaisler-elf/10.2.0/../../../../sparc-gaisler-elf/lib/leon/mfix-ut699/soft/flat/libc.a(lib_a-mallocr.o)
 .debug_aranges
                0x0000000000000568       0x20 /home/fsw/rep/tasa/lib/bcc-2.2.3-gcc/bin/../lib/gcc/sparc-gaisler-elf/10.2.0/../../../../sparc-gaisler-elf/lib/leon/mfix-ut699/soft/flat/libc.a(lib_a-memchr.o)
 .debug_aranges
                0x0000000000000588       0x20 /home/fsw/rep/tasa/lib/bcc-2.2.3-gcc/bin/../lib/gcc/sparc-gaisler-elf/10.2.0/../../../../sparc-gaisler-elf/lib/leon/mfix-ut699/soft/flat/libc.a(lib_a-memmove.o)
 .debug_aranges
                0x00000000000005a8       0x20 /home/fsw/rep/tasa/lib/bcc-2.2.3-gcc/bin/../lib/gcc/sparc-gaisler-elf/10.2.0/../../../../sparc-gaisler-elf/lib/leon/mfix-ut699/soft/flat/libc.a(lib_a-memset.o)
 .debug_aranges
                0x00000000000005c8       0x20 /home/fsw/rep/tasa/lib/bcc-2.2.3-gcc/bin/../lib/gcc/sparc-gaisler-elf/10.2.0/../../../../sparc-gaisler-elf/lib/leon/mfix-ut699/soft/flat/libc.a(lib_a-mlock.o)
 .debug_aranges
                0x00000000000005e8       0x20 /home/fsw/rep/tasa/lib/bcc-2.2.3-gcc/bin/../lib/gcc/sparc-gaisler-elf/10.2.0/../../../../sparc-gaisler-elf/lib/leon/mfix-ut699/soft/flat/libc.a(lib_a-mprec.o)
 .debug_aranges
                0x0000000000000608       0x20 /home/fsw/rep/tasa/lib/bcc-2.2.3-gcc/bin/../lib/gcc/sparc-gaisler-elf/10.2.0/../../../../sparc-gaisler-elf/lib/leon/mfix-ut699/soft/flat/libc.a(lib_a-putc.o)
 .debug_aranges
                0x0000000000000628       0x20 /home/fsw/rep/tasa/lib/bcc-2.2.3-gcc/bin/../lib/gcc/sparc-gaisler-elf/10.2.0/../../../../sparc-gaisler-elf/lib/leon/mfix-ut699/soft/flat/libc.a(lib_a-reallocr.o)
 .debug_aranges