Archive member included to satisfy reference by file (symbol)

/home/fsw/rep/tasa/lib/bcc-2.2.3-gcc/bin/../sparc-gaisler-elf/bsp/gr712rc/leon3/mfix-gr712rc/soft/libbcc.a(reset_trap_mvt.S.o)
                              /home/fsw/rep/tasa/lib/bcc-2.2.3-gcc/bin/../sparc-gaisler-elf/bsp/gr712rc/leon3/mfix-gr712rc/soft/trap_table_mvt_tn0018.S.o (__bcc_trap_reset_mvt)
/home/fsw/rep/tasa/lib/bcc-2.2.3-gcc/bin/../sparc-gaisler-elf/bsp/gr712rc/leon3/mfix-gr712rc/soft/libbcc.a(window_trap.S.o)
                              /home/fsw/rep/tasa/lib/bcc-2.2.3-gcc/bin/../sparc-gaisler-elf/bsp/gr712rc/leon3/mfix-gr712rc/soft/trap_table_mvt_tn0018.S.o (__bcc_trap_window_overflow)
/home/fsw/rep/tasa/lib/bcc-2.2.3-gcc/bin/../sparc-gaisler-elf/bsp/gr712rc/leon3/mfix-gr712rc/soft/libbcc.a(flush_windows_trap.S.o)
                              /home/fsw/rep/tasa/lib/bcc-2.2.3-gcc/bin/../sparc-gaisler-elf/bsp/gr712rc/leon3/mfix-gr712rc/soft/trap_table_mvt_tn0018.S.o (__bcc_trap_flush_windows)
/home/fsw/rep/tasa/lib/bcc-2.2.3-gcc/bin/../sparc-gaisler-elf/bsp/gr712rc/leon3/mfix-gr712rc/soft/libbcc.a(sw_trap_set_pil.S.o)
                              /home/fsw/rep/tasa/lib/bcc-2.2.3-gcc/bin/../sparc-gaisler-elf/bsp/gr712rc/leon3/mfix-gr712rc/soft/trap_table_mvt_tn0018.S.o (__bcc_trap_sw_set_pil)
/home/fsw/rep/tasa/lib/bcc-2.2.3-gcc/bin/../sparc-gaisler-elf/bsp/gr712rc/leon3/mfix-gr712rc/soft/libbcc.a(init.S.o)
                              /home/fsw/rep/tasa/lib/bcc-2.2.3-gcc/bin/../sparc-gaisler-elf/bsp/gr712rc/leon3/mfix-gr712rc/soft/libbcc.a(reset_trap_mvt.S.o) (__bcc_init40)
/home/fsw/rep/tasa/lib/bcc-2.2.3-gcc/bin/../sparc-gaisler-elf/bsp/gr712rc/leon3/mfix-gr712rc/soft/libbcc.a(leon_info.S.o)
                              /home/fsw/rep/tasa/lib/bcc-2.2.3-gcc/bin/../sparc-gaisler-elf/bsp/gr712rc/leon3/mfix-gr712rc/soft/crt0.S.o (__bcc_get_leon_info)
/home/fsw/rep/tasa/lib/bcc-2.2.3-gcc/bin/../sparc-gaisler-elf/bsp/gr712rc/leon3/mfix-gr712rc/soft/libbcc.a(dwzero.S.o)
                              /home/fsw/rep/tasa/lib/bcc-2.2.3-gcc/bin/../sparc-gaisler-elf/bsp/gr712rc/leon3/mfix-gr712rc/soft/crt0.S.o (bcc_dwzero)
/home/fsw/rep/tasa/lib/bcc-2.2.3-gcc/bin/../sparc-gaisler-elf/bsp/gr712rc/leon3/mfix-gr712rc/soft/libbcc.a(copy_data.c.o)
                              /home/fsw/rep/tasa/lib/bcc-2.2.3-gcc/bin/../sparc-gaisler-elf/bsp/gr712rc/leon3/mfix-gr712rc/soft/crt0.S.o (__bcc_copy_data)
/home/fsw/rep/tasa/lib/bcc-2.2.3-gcc/bin/../sparc-gaisler-elf/bsp/gr712rc/leon3/mfix-gr712rc/soft/libbcc.a(argv.c.o)
                              /home/fsw/rep/tasa/lib/bcc-2.2.3-gcc/bin/../sparc-gaisler-elf/bsp/gr712rc/leon3/mfix-gr712rc/soft/crt0.S.o (__bcc_argvp)
/home/fsw/rep/tasa/lib/bcc-2.2.3-gcc/bin/../sparc-gaisler-elf/bsp/gr712rc/leon3/mfix-gr712rc/soft/libbcc.a(interrupt_trap_tn0018.S.o)
                              /home/fsw/rep/tasa/lib/bcc-2.2.3-gcc/bin/../sparc-gaisler-elf/bsp/gr712rc/leon3/mfix-gr712rc/soft/trap_table_mvt_tn0018.S.o (__bcc_trap_interrupt_tn0018)
/home/fsw/rep/tasa/lib/bcc-2.2.3-gcc/bin/../sparc-gaisler-elf/bsp/gr712rc/leon3/mfix-gr712rc/soft/libbcc.a(int_irqmp_get_source.c.o)
                              /home/fsw/rep/tasa/lib/bcc-2.2.3-gcc/bin/../sparc-gaisler-elf/bsp/gr712rc/leon3/mfix-gr712rc/soft/libbcc.a(interrupt_trap_tn0018.S.o) (__bcc_int_get_source)
/home/fsw/rep/tasa/lib/bcc-2.2.3-gcc/bin/../sparc-gaisler-elf/bsp/gr712rc/leon3/mfix-gr712rc/soft/libbcc.a(int_irqmp_mp.c.o)
                              /tmp/ccucSNOv.o (bcc_get_cpu_count)
/home/fsw/rep/tasa/lib/bcc-2.2.3-gcc/bin/../sparc-gaisler-elf/bsp/gr712rc/leon3/mfix-gr712rc/soft/libbcc.a(int_irqmp_init.c.o)
                              /home/fsw/rep/tasa/lib/bcc-2.2.3-gcc/bin/../sparc-gaisler-elf/bsp/gr712rc/leon3/mfix-gr712rc/soft/crt0.S.o (__bcc_int_init)
/home/fsw/rep/tasa/lib/bcc-2.2.3-gcc/bin/../sparc-gaisler-elf/bsp/gr712rc/leon3/mfix-gr712rc/soft/libbcc.a(con_apbuart_init.c.o)
                              /home/fsw/rep/tasa/lib/bcc-2.2.3-gcc/bin/../sparc-gaisler-elf/bsp/gr712rc/leon3/mfix-gr712rc/soft/crt0.S.o (__bcc_con_init)
/home/fsw/rep/tasa/lib/bcc-2.2.3-gcc/bin/../sparc-gaisler-elf/bsp/gr712rc/leon3/mfix-gr712rc/soft/libbcc.a(timer_gptimer_init.c.o)
                              /home/fsw/rep/tasa/lib/bcc-2.2.3-gcc/bin/../sparc-gaisler-elf/bsp/gr712rc/leon3/mfix-gr712rc/soft/crt0.S.o (__bcc_timer_init)
/home/fsw/rep/tasa/lib/bcc-2.2.3-gcc/bin/../sparc-gaisler-elf/bsp/gr712rc/leon3/mfix-gr712rc/soft/libbcc.a(isr.c.o)
                              /home/fsw/rep/tasa/lib/bcc-2.2.3-gcc/bin/../sparc-gaisler-elf/bsp/gr712rc/leon3/mfix-gr712rc/soft/libbcc.a(interrupt_trap_tn0018.S.o) (__bcc_isr_list)
/home/fsw/rep/tasa/lib/bcc-2.2.3-gcc/bin/../sparc-gaisler-elf/bsp/gr712rc/leon3/mfix-gr712rc/soft/libbcc.a(int_nest.c.o)
                              /home/fsw/rep/tasa/lib/bcc-2.2.3-gcc/bin/../sparc-gaisler-elf/bsp/gr712rc/leon3/mfix-gr712rc/soft/libbcc.a(interrupt_trap_tn0018.S.o) (__bcc_int_nest)
[...]
Memory Configuration

Name             Origin             Length             Attributes
rom              0x0000000000000000 0x0000000020000000
ram              0x0000000040000000 0x0000000040000000
ahbram           0x00000000a0000000 0x0000000000030000
*default*        0x0000000000000000 0xffffffffffffffff

Linker script and memory map

LOAD /home/fsw/rep/tasa/lib/bcc-2.2.3-gcc/bin/../sparc-gaisler-elf/bsp/gr712rc/leon3/mfix-gr712rc/soft/trap_table_mvt_tn0018.S.o
LOAD /home/fsw/rep/tasa/lib/bcc-2.2.3-gcc/bin/../sparc-gaisler-elf/bsp/gr712rc/leon3/mfix-gr712rc/soft/crt0.S.o
LOAD /home/fsw/rep/tasa/lib/bcc-2.2.3-gcc/bin/../lib/gcc/sparc-gaisler-elf/10.2.0/leon3/mfix-gr712rc/soft/crti.o
LOAD /home/fsw/rep/tasa/lib/bcc-2.2.3-gcc/bin/../lib/gcc/sparc-gaisler-elf/10.2.0/leon3/mfix-gr712rc/soft/crtbegin.o
Address of section .text set to 0x40001000
LOAD /tmp/ccucSNOv.o
                0x0000000000000000                PROVIDE (__bcc_cfg_skip_clear_bss = 0x0)

.text           0x0000000040001000    0x100d0
 CREATE_OBJECT_SYMBOLS
                0x0000000040001000                __text_start = .
                0x0000000040001000                . = ALIGN (0x1000)
 *(.text.traptable)
 .text.traptable
                0x0000000040001000     0x1000 /home/fsw/rep/tasa/lib/bcc-2.2.3-gcc/bin/../sparc-gaisler-elf/bsp/gr712rc/leon3/mfix-gr712rc/soft/trap_table_mvt_tn0018.S.o
                0x0000000040001000                __bcc_trap_table
                0x0000000040001000                __bcc_entry_point
 *(.text .text.*)
 .text          0x0000000040002000        0x0 /home/fsw/rep/tasa/lib/bcc-2.2.3-gcc/bin/../sparc-gaisler-elf/bsp/gr712rc/leon3/mfix-gr712rc/soft/trap_table_mvt_tn0018.S.o
 .text          0x0000000040002000       0xc8 /home/fsw/rep/tasa/lib/bcc-2.2.3-gcc/bin/../sparc-gaisler-elf/bsp/gr712rc/leon3/mfix-gr712rc/soft/crt0.S.o
                0x0000000040002000                __bcc_crt0
 .text          0x00000000400020c8        0x0 /home/fsw/rep/tasa/lib/bcc-2.2.3-gcc/bin/../lib/gcc/sparc-gaisler-elf/10.2.0/leon3/mfix-gr712rc/soft/crti.o
 .text          0x00000000400020c8      0x184 /home/fsw/rep/tasa/lib/bcc-2.2.3-gcc/bin/../lib/gcc/sparc-gaisler-elf/10.2.0/leon3/mfix-gr712rc/soft/crtbegin.o
 .text          0x000000004000224c        0x0 /tmp/ccucSNOv.o
 .text.startup  0x000000004000224c      0x1a4 /tmp/ccucSNOv.o
                0x000000004000224c                main
 .text          0x00000000400023f0       0x90 /home/fsw/rep/tasa/lib/bcc-2.2.3-gcc/bin/../sparc-gaisler-elf/bsp/gr712rc/leon3/mfix-gr712rc/soft/libbcc.a(reset_trap_mvt.S.o)
                0x00000000400023f0                __bcc_trap_reset_mvt
 .text          0x0000000040002480       0xb0 /home/fsw/rep/tasa/lib/bcc-2.2.3-gcc/bin/../sparc-gaisler-elf/bsp/gr712rc/leon3/mfix-gr712rc/soft/libbcc.a(window_trap.S.o)
                0x0000000040002480                __bcc_trap_window_overflow
                0x00000000400024d0                __bcc_trap_window_underflow
 .text          0x0000000040002530       0x8c /home/fsw/rep/tasa/lib/bcc-2.2.3-gcc/bin/../sparc-gaisler-elf/bsp/gr712rc/leon3/mfix-gr712rc/soft/libbcc.a(flush_windows_trap.S.o)
                0x0000000040002530                __bcc_trap_flush_windows
 .text          0x00000000400025bc       0x2c /home/fsw/rep/tasa/lib/bcc-2.2.3-gcc/bin/../sparc-gaisler-elf/bsp/gr712rc/leon3/mfix-gr712rc/soft/libbcc.a(sw_trap_set_pil.S.o)
                0x00000000400025bc                __bcc_trap_sw_set_pil
 .text          0x00000000400025e8        0x8 /home/fsw/rep/tasa/lib/bcc-2.2.3-gcc/bin/../sparc-gaisler-elf/bsp/gr712rc/leon3/mfix-gr712rc/soft/libbcc.a(init.S.o)
                0x00000000400025e8                __bcc_init50
                0x00000000400025e8                __bcc_init40
                0x00000000400025e8                __bcc_init70
                0x00000000400025e8                __bcc_init60
 .text          0x00000000400025f0       0x98 /home/fsw/rep/tasa/lib/bcc-2.2.3-gcc/bin/../sparc-gaisler-elf/bsp/gr712rc/leon3/mfix-gr712rc/soft/libbcc.a(leon_info.S.o)
                0x00000000400025f0                __bcc_get_leon_info
                0x0000000040002678                bcc_get_cpuid
 .text          0x0000000040002688       0x2c /home/fsw/rep/tasa/lib/bcc-2.2.3-gcc/bin/../sparc-gaisler-elf/bsp/gr712rc/leon3/mfix-gr712rc/soft/libbcc.a(dwzero.S.o)
                0x0000000040002688                bcc_dwzero
 .text          0x00000000400026b4       0x5c /home/fsw/rep/tasa/lib/bcc-2.2.3-gcc/bin/../sparc-gaisler-elf/bsp/gr712rc/leon3/mfix-gr712rc/soft/libbcc.a(copy_data.c.o)
                0x00000000400026b4                __bcc_copy_data
 .text          0x0000000040002710        0x0 /home/fsw/rep/tasa/lib/bcc-2.2.3-gcc/bin/../sparc-gaisler-elf/bsp/gr712rc/leon3/mfix-gr712rc/soft/libbcc.a(argv.c.o)
 *fill*         0x0000000040002710       0x10 
 .text          0x0000000040002720      0x200 /home/fsw/rep/tasa/lib/bcc-2.2.3-gcc/bin/../sparc-gaisler-elf/bsp/gr712rc/leon3/mfix-gr712rc/soft/libbcc.a(interrupt_trap_tn0018.S.o)
                0x0000000040002720                __bcc_trap_interrupt_svt_tn0018
                0x0000000040002724                __bcc_trap_interrupt_tn0018
 .text          0x0000000040002920       0x48 /home/fsw/rep/tasa/lib/bcc-2.2.3-gcc/bin/../sparc-gaisler-elf/bsp/gr712rc/leon3/mfix-gr712rc/soft/libbcc.a(int_irqmp_get_source.c.o)
                0x0000000040002920                __bcc_int_get_source
 .text          0x0000000040002968       0x9c /home/fsw/rep/tasa/lib/bcc-2.2.3-gcc/bin/../sparc-gaisler-elf/bsp/gr712rc/leon3/mfix-gr712rc/soft/libbcc.a(int_irqmp_mp.c.o)
                0x0000000040002968                bcc_send_interrupt
                0x00000000400029a4                bcc_get_cpu_count
                0x00000000400029d0                bcc_start_processor
 .text          0x0000000040002a04        0x8 /home/fsw/rep/tasa/lib/bcc-2.2.3-gcc/bin/../sparc-gaisler-elf/bsp/gr712rc/leon3/mfix-gr712rc/soft/libbcc.a(int_irqmp_init.c.o)
                0x0000000040002a04                __bcc_int_init
 .text          0x0000000040002a0c        0x8 /home/fsw/rep/tasa/lib/bcc-2.2.3-gcc/bin/../sparc-gaisler-elf/bsp/gr712rc/leon3/mfix-gr712rc/soft/libbcc.a(con_apbuart_init.c.o)
                0x0000000040002a0c                __bcc_con_init
 .text          0x0000000040002a14        0x8 /home/fsw/rep/tasa/lib/bcc-2.2.3-gcc/bin/../sparc-gaisler-elf/bsp/gr712rc/leon3/mfix-gr712rc/soft/libbcc.a(timer_gptimer_init.c.o)
                0x0000000040002a14                __bcc_timer_init
 .text          0x0000000040002a1c        0x0 /home/fsw/rep/tasa/lib/bcc-2.2.3-gcc/bin/../sparc-gaisler-elf/bsp/gr712rc/leon3/mfix-gr712rc/soft/libbcc.a(isr.c.o)
 .text          0x0000000040002a1c        0x0 /home/fsw/rep/tasa/lib/bcc-2.2.3-gcc/bin/../sparc-gaisler-elf/bsp/gr712rc/leon3/mfix-gr712rc/soft/libbcc.a(int_nest.c.o)
 .text          0x0000000040002a1c        0x0 /home/fsw/rep/tasa/lib/bcc-2.2.3-gcc/bin/../sparc-gaisler-elf/bsp/gr712rc/leon3/mfix-gr712rc/soft/libbcc.a(int_irqmp_handle.c.o)
 .text          0x0000000040002a1c       0x1c /home/fsw/rep/tasa/lib/bcc-2.2.3-gcc/bin/../lib/gcc/sparc-gaisler-elf/10.2.0/../../../../sparc-gaisler-elf/lib/leon3/mfix-gr712rc/soft/libc.a(lib_a-atexit.o)
                0x0000000040002a1c                atexit
 .text          0x0000000040002a38       0x3c /home/fsw/rep/tasa/lib/bcc-2.2.3-gcc/bin/../lib/gcc/sparc-gaisler-elf/10.2.0/../../../../sparc-gaisler-elf/lib/leon3/mfix-gr712rc/soft/libc.a(lib_a-exit.o)
                0x0000000040002a38                exit
 .text          0x0000000040002a74        0x0 /home/fsw/rep/tasa/lib/bcc-2.2.3-gcc/bin/../lib/gcc/sparc-gaisler-elf/10.2.0/../../../../sparc-gaisler-elf/lib/leon3/mfix-gr712rc/soft/libc.a(lib_a-impure.o)
 .text          0x0000000040002a74      0x104 /home/fsw/rep/tasa/lib/bcc-2.2.3-gcc/bin/../lib/gcc/sparc-gaisler-elf/10.2.0/../../../../sparc-gaisler-elf/lib/leon3/mfix-gr712rc/soft/libc.a(lib_a-printf.o)
                0x0000000040002a74                _printf_r
                0x0000000040002af0                printf
 .text          0x0000000040002b78       0x88 /home/fsw/rep/tasa/lib/bcc-2.2.3-gcc/bin/../lib/gcc/sparc-gaisler-elf/10.2.0/../../../../sparc-gaisler-elf/lib/leon3/mfix-gr712rc/soft/libc.a(lib_a-putchar.o)
                0x0000000040002b78                _putchar_r
                0x0000000040002bb8                putchar
 .text          0x0000000040002c00      0x270 /home/fsw/rep/tasa/lib/bcc-2.2.3-gcc/bin/../lib/gcc/sparc-gaisler-elf/10.2.0/../../../../sparc-gaisler-elf/lib/leon3/mfix-gr712rc/soft/libc.a(lib_a-puts.o)
                0x0000000040002c00                _puts_r
                0x0000000040002d34                puts
 .text          0x0000000040002e70       0xa8 /home/fsw/rep/tasa/lib/bcc-2.2.3-gcc/bin/../lib/gcc/sparc-gaisler-elf/10.2.0/../../../../sparc-gaisler-elf/lib/leon3/mfix-gr712rc/soft/libc.a(lib_a-strlen.o)
                0x0000000040002e70                strlen
 .text          0x0000000040002f18     0x3030 /home/fsw/rep/tasa/lib/bcc-2.2.3-gcc/bin/../lib/gcc/sparc-gaisler-elf/10.2.0/../../../../sparc-gaisler-elf/lib/leon3/mfix-gr712rc/soft/libc.a(lib_a-vfprintf.o)
                0x0000000040003084                _vfprintf_r
                0x0000000040005e6c                vfprintf
 .text          0x0000000040005f48      0x1cc /home/fsw/rep/tasa/lib/bcc-2.2.3-gcc/bin/../lib/gcc/sparc-gaisler-elf/10.2.0/../../../../sparc-gaisler-elf/lib/leon3/mfix-gr712rc/soft/libc.a(lib_a-wsetup.o)
                0x0000000040005f48                __swsetup_r
 .text          0x0000000040006114      0x170 /home/fsw/rep/tasa/lib/bcc-2.2.3-gcc/bin/../lib/gcc/sparc-gaisler-elf/10.2.0/../../../../sparc-gaisler-elf/lib/leon3/mfix-gr712rc/soft/libc.a(lib_a-__atexit.o)
                0x0000000040006114                __register_exitproc
 .text          0x0000000040006284      0x2bc /home/fsw/rep/tasa/lib/bcc-2.2.3-gcc/bin/../lib/gcc/sparc-gaisler-elf/10.2.0/../../../../sparc-gaisler-elf/lib/leon3/mfix-gr712rc/soft/libc.a(lib_a-__call_atexit.o)
                0x0000000040006284                __call_exitprocs
 .text          0x0000000040006540     0x1938 /home/fsw/rep/tasa/lib/bcc-2.2.3-gcc/bin/../lib/gcc/sparc-gaisler-elf/10.2.0/../../../../sparc-gaisler-elf/lib/leon3/mfix-gr712rc/soft/libc.a(lib_a-dtoa.o)
                0x0000000040006734                _dtoa_r
 .text          0x0000000040007e78      0x3f0 /home/fsw/rep/tasa/lib/bcc-2.2.3-gcc/bin/../lib/gcc/sparc-gaisler-elf/10.2.0/../../../../sparc-gaisler-elf/lib/leon3/mfix-gr712rc/soft/libc.a(lib_a-fflush.o)
                0x0000000040007e78                __sflush_r
                0x00000000400080e8                _fflush_r
                0x0000000040008188                fflush
 .text          0x0000000040008268      0x394 /home/fsw/rep/tasa/lib/bcc-2.2.3-gcc/bin/../lib/gcc/sparc-gaisler-elf/10.2.0/../../../../sparc-gaisler-elf/lib/leon3/mfix-gr712rc/soft/libc.a(lib_a-findfp.o)
                0x0000000040008268                _cleanup_r
                0x000000004000827c                __sfmoreglue
                0x00000000400082c4                __sfp
                0x00000000400085bc                _cleanup
                0x00000000400085d8                __sinit
 .text          0x00000000400085fc      0x424 /home/fsw/rep/tasa/lib/bcc-2.2.3-gcc/bin/../lib/gcc/sparc-gaisler-elf/10.2.0/../../../../sparc-gaisler-elf/lib/leon3/mfix-gr712rc/soft/libc.a(lib_a-freer.o)
                0x00000000400085fc                _malloc_trim_r
                0x00000000400086f0                _free_r
 .text          0x0000000040008a20      0x50c /home/fsw/rep/tasa/lib/bcc-2.2.3-gcc/bin/../lib/gcc/sparc-gaisler-elf/10.2.0/../../../../sparc-gaisler-elf/lib/leon3/mfix-gr712rc/soft/libc.a(lib_a-fvwrite.o)
                0x0000000040008a20                __sfvwrite_r
 .text          0x0000000040008f2c       0xe0 /home/fsw/rep/tasa/lib/bcc-2.2.3-gcc/bin/../lib/gcc/sparc-gaisler-elf/10.2.0/../../../../sparc-gaisler-elf/lib/leon3/mfix-gr712rc/soft/libc.a(lib_a-fwalk.o)
                0x0000000040008f2c                _fwalk
                0x0000000040008f9c                _fwalk_reent
 .text          0x000000004000900c       0x60 /home/fsw/rep/tasa/lib/bcc-2.2.3-gcc/bin/../lib/gcc/sparc-gaisler-elf/10.2.0/../../../../sparc-gaisler-elf/lib/leon3/mfix-gr712rc/soft/libc.a(lib_a-localeconv.o)
                0x000000004000900c                __localeconv_l
                0x0000000040009014                _localeconv_r
                0x0000000040009040                localeconv
 .text          0x000000004000906c      0x1f8 /home/fsw/rep/tasa/lib/bcc-2.2.3-gcc/bin/../lib/gcc/sparc-gaisler-elf/10.2.0/../../../../sparc-gaisler-elf/lib/leon3/mfix-gr712rc/soft/libc.a(lib_a-makebuf.o)
                0x000000004000906c                __smakebuf_r
                0x00000000400091dc                __swhatbuf_r
 .text          0x0000000040009264       0x30 /home/fsw/rep/tasa/lib/bcc-2.2.3-gcc/bin/../lib/gcc/sparc-gaisler-elf/10.2.0/../../../../sparc-gaisler-elf/lib/leon3/mfix-gr712rc/soft/libc.a(lib_a-malloc.o)
                0x0000000040009264                malloc
                0x000000004000927c                free
 .text          0x0000000040009294      0x82c /home/fsw/rep/tasa/lib/bcc-2.2.3-gcc/bin/../lib/gcc/sparc-gaisler-elf/10.2.0/../../../../sparc-gaisler-elf/lib/leon3/mfix-gr712rc/soft/libc.a(lib_a-mallocr.o)
                0x0000000040009294                _malloc_r
 .text          0x0000000040009ac0       0xf8 /home/fsw/rep/tasa/lib/bcc-2.2.3-gcc/bin/../lib/gcc/sparc-gaisler-elf/10.2.0/../../../../sparc-gaisler-elf/lib/leon3/mfix-gr712rc/soft/libc.a(lib_a-memchr.o)
                0x0000000040009ac0                memchr
 .text          0x0000000040009bb8      0x1bc /home/fsw/rep/tasa/lib/bcc-2.2.3-gcc/bin/../lib/gcc/sparc-gaisler-elf/10.2.0/../../../../sparc-gaisler-elf/lib/leon3/mfix-gr712rc/soft/libc.a(lib_a-memcpy.o)
                0x0000000040009bb8                memcpy
 .text          0x0000000040009d74      0x210 /home/fsw/rep/tasa/lib/bcc-2.2.3-gcc/bin/../lib/gcc/sparc-gaisler-elf/10.2.0/../../../../sparc-gaisler-elf/lib/leon3/mfix-gr712rc/soft/libc.a(lib_a-memmove.o)
                0x0000000040009d74                memmove
 .text          0x0000000040009f84      0x134 /home/fsw/rep/tasa/lib/bcc-2.2.3-gcc/bin/../lib/gcc/sparc-gaisler-elf/10.2.0/../../../../sparc-gaisler-elf/lib/leon3/mfix-gr712rc/soft/libc.a(lib_a-memset.o)
                0x0000000040009f84                memset
 .text          0x000000004000a0b8       0x10 /home/fsw/rep/tasa/lib/bcc-2.2.3-gcc/bin/../lib/gcc/sparc-gaisler-elf/10.2.0/../../../../sparc-gaisler-elf/lib/leon3/mfix-gr712rc/soft/libc.a(lib_a-mlock.o)
                0x000000004000a0b8                __malloc_lock
                0x000000004000a0c0                __malloc_unlock
 .text          0x000000004000a0c8     0x16fc /home/fsw/rep/tasa/lib/bcc-2.2.3-gcc/bin/../lib/gcc/sparc-gaisler-elf/10.2.0/../../../../sparc-gaisler-elf/lib/leon3/mfix-gr712rc/soft/libc.a(lib_a-mprec.o)
                0x000000004000a0c8                _Balloc
                0x000000004000a19c                _Bfree
                0x000000004000a200                __multadd
                0x000000004000a318                __s2b
                0x000000004000a404                __hi0bits
                0x000000004000a494                __lo0bits
                0x000000004000a570                __i2b
                0x000000004000a660                __multiply
                0x000000004000a890                __pow5mult
                0x000000004000aa28                __lshift
                0x000000004000abf4                __mcmp
                0x000000004000ac5c                __mdiff
                0x000000004000ae7c                __ulp
                0x000000004000aee4                __b2d
                0x000000004000b078                __d2b
                0x000000004000b454                __ratio
                0x000000004000b65c                _mprec_log10
                0x000000004000b6bc                __copybits
                0x000000004000b740                __any_on
 .text          0x000000004000b7c4      0x1d0 /home/fsw/rep/tasa/lib/bcc-2.2.3-gcc/bin/../lib/gcc/sparc-gaisler-elf/10.2.0/../../../../sparc-gaisler-elf/lib/leon3/mfix-gr712rc/soft/libc.a(lib_a-putc.o)
                0x000000004000b7c4                _putc_r
                0x000000004000b8a4                putc
 .text          0x000000004000b994      0x548 /home/fsw/rep/tasa/lib/bcc-2.2.3-gcc/bin/../lib/gcc/sparc-gaisler-elf/10.2.0/../../../../sparc-gaisler-elf/lib/leon3/mfix-gr712rc/soft/libc.a(lib_a-reallocr.o)
                0x000000004000b994                _realloc_r
 .text          0x000000004000bedc       0x90 /home/fsw/rep/tasa/lib/bcc-2.2.3-gcc/bin/../lib/gcc/sparc-gaisler-elf/10.2.0/../../../../sparc-gaisler-elf/lib/leon3/mfix-gr712rc/soft/libc.a(lib_a-s_frexp.o)
                0x000000004000bedc                frexp
 .text          0x000000004000bf6c       0x40 /home/fsw/rep/tasa/lib/bcc-2.2.3-gcc/bin/../lib/gcc/sparc-gaisler-elf/10.2.0/../../../../sparc-gaisler-elf/lib/leon3/mfix-gr712rc/soft/libc.a(lib_a-sbrkr.o)
                0x000000004000bf6c                _sbrk_r
 .text          0x000000004000bfac      0x118 /home/fsw/rep/tasa/lib/bcc-2.2.3-gcc/bin/../lib/gcc/sparc-gaisler-elf/10.2.0/../../../../sparc-gaisler-elf/lib/leon3/mfix-gr712rc/soft/libc.a(lib_a-stdio.o)
                0x000000004000bfac                __sread
                0x000000004000bff8                __seofread
                0x000000004000c000                __swrite
                0x000000004000c05c                __sseek
                0x000000004000c0b4                __sclose
 .text          0x000000004000c0c4      0x1c0 /home/fsw/rep/tasa/lib/bcc-2.2.3-gcc/bin/../lib/gcc/sparc-gaisler-elf/10.2.0/../../../../sparc-gaisler-elf/lib/leon3/mfix-gr712rc/soft/libc.a(lib_a-strncpy.o)
                0x000000004000c0c4                strncpy
 .text          0x000000004000c284     0x1f74 /home/fsw/rep/tasa/lib/bcc-2.2.3-gcc/bin/../lib/gcc/sparc-gaisler-elf/10.2.0/../../../../sparc-gaisler-elf/lib/leon3/mfix-gr712rc/soft/libc.a(lib_a-vfiprintf.o)
                0x000000004000c3f0                __sprint_r
                0x000000004000c4bc                _vfiprintf_r
                0x000000004000e11c                vfiprintf
 .text          0x000000004000e1f8      0x35c /home/fsw/rep/tasa/lib/bcc-2.2.3-gcc/bin/../lib/gcc/sparc-gaisler-elf/10.2.0/../../../../sparc-gaisler-elf/lib/leon3/mfix-gr712rc/soft/libc.a(lib_a-wbuf.o)
                0x000000004000e1f8                __swbuf_r
                0x000000004000e3a0                __swbuf
 .text          0x000000004000e554       0x48 /home/fsw/rep/tasa/lib/bcc-2.2.3-gcc/bin/../lib/gcc/sparc-gaisler-elf/10.2.0/../../../../sparc-gaisler-elf/lib/leon3/mfix-gr712rc/soft/libc.a(lib_a-writer.o)
                0x000000004000e554                _write_r
 .text          0x000000004000e59c       0x98 /home/fsw/rep/tasa/lib/bcc-2.2.3-gcc/bin/../lib/gcc/sparc-gaisler-elf/10.2.0/../../../../sparc-gaisler-elf/lib/leon3/mfix-gr712rc/soft/libc.a(lib_a-callocr.o)
                0x000000004000e59c                _calloc_r
 .text          0x000000004000e634       0x40 /home/fsw/rep/tasa/lib/bcc-2.2.3-gcc/bin/../lib/gcc/sparc-gaisler-elf/10.2.0/../../../../sparc-gaisler-elf/lib/leon3/mfix-gr712rc/soft/libc.a(lib_a-closer.o)
                0x000000004000e634                _close_r
 .text          0x000000004000e674      0x294 /home/fsw/rep/tasa/lib/bcc-2.2.3-gcc/bin/../lib/gcc/sparc-gaisler-elf/10.2.0/../../../../sparc-gaisler-elf/lib/leon3/mfix-gr712rc/soft/libc.a(lib_a-fclose.o)
                0x000000004000e674                _fclose_r
                0x000000004000e7bc                fclose
 .text          0x000000004000e908      0x1e0 /home/fsw/rep/tasa/lib/bcc-2.2.3-gcc/bin/../lib/gcc/sparc-gaisler-elf/10.2.0/../../../../sparc-gaisler-elf/lib/leon3/mfix-gr712rc/soft/libc.a(lib_a-fputwc.o)
                0x000000004000e908                __fputwc
                0x000000004000e9fc                _fputwc_r
                0x000000004000ea2c                fputwc
 .text          0x000000004000eae8       0x44 /home/fsw/rep/tasa/lib/bcc-2.2.3-gcc/bin/../lib/gcc/sparc-gaisler-elf/10.2.0/../../../../sparc-gaisler-elf/lib/leon3/mfix-gr712rc/soft/libc.a(lib_a-fstatr.o)
                0x000000004000eae8                _fstat_r
 .text          0x000000004000eb2c       0x40 /home/fsw/rep/tasa/lib/bcc-2.2.3-gcc/bin/../lib/gcc/sparc-gaisler-elf/10.2.0/../../../../sparc-gaisler-elf/lib/leon3/mfix-gr712rc/soft/libc.a(lib_a-isattyr.o)
                0x000000004000eb2c                _isatty_r
 .text          0x000000004000eb6c      0x148 /home/fsw/rep/tasa/lib/bcc-2.2.3-gcc/bin/../lib/gcc/sparc-gaisler-elf/10.2.0/../../../../sparc-gaisler-elf/lib/leon3/mfix-gr712rc/soft/libc.a(lib_a-locale.o)
                0x000000004000eb6c                _setlocale_r
                0x000000004000ebe0                __locale_mb_cur_max
                0x000000004000ec0c                __locale_ctype_ptr_l
                0x000000004000ec14                __locale_ctype_ptr
                0x000000004000ec40                setlocale
 .text          0x000000004000ecb4       0x48 /home/fsw/rep/tasa/lib/bcc-2.2.3-gcc/bin/../lib/gcc/sparc-gaisler-elf/10.2.0/../../../../sparc-gaisler-elf/lib/leon3/mfix-gr712rc/soft/libc.a(lib_a-lseekr.o)
                0x000000004000ecb4                _lseek_r
 .text          0x000000004000ecfc       0xb8 /home/fsw/rep/tasa/lib/bcc-2.2.3-gcc/bin/../lib/gcc/sparc-gaisler-elf/10.2.0/../../../../sparc-gaisler-elf/lib/leon3/mfix-gr712rc/soft/libc.a(lib_a-mbtowc_r.o)
                0x000000004000ecfc                _mbtowc_r
                0x000000004000ed60                __ascii_mbtowc
 .text          0x000000004000edb4       0x48 /home/fsw/rep/tasa/lib/bcc-2.2.3-gcc/bin/../lib/gcc/sparc-gaisler-elf/10.2.0/../../../../sparc-gaisler-elf/lib/leon3/mfix-gr712rc/soft/libc.a(lib_a-readr.o)
                0x000000004000edb4                _read_r
 .text          0x000000004000edfc      0x31c /home/fsw/rep/tasa/lib/bcc-2.2.3-gcc/bin/../lib/gcc/sparc-gaisler-elf/10.2.0/../../../../sparc-gaisler-elf/lib/leon3/mfix-gr712rc/soft/libc.a(lib_a-reent.o)
                0x000000004000edfc                cleanup_glue
                0x000000004000ee74                _reclaim_reent
 .text          0x000000004000f118       0xc8 /home/fsw/rep/tasa/lib/bcc-2.2.3-gcc/bin/../lib/gcc/sparc-gaisler-elf/10.2.0/../../../../sparc-gaisler-elf/lib/leon3/mfix-gr712rc/soft/libc.a(lib_a-strcmp.o)
                0x000000004000f118                strcmp
 .text          0x000000004000f1e0      0x140 /home/fsw/rep/tasa/lib/bcc-2.2.3-gcc/bin/../lib/gcc/sparc-gaisler-elf/10.2.0/../../../../sparc-gaisler-elf/lib/leon3/mfix-gr712rc/soft/libc.a(lib_a-wcrtomb.o)
                0x000000004000f1e0                _wcrtomb_r
                0x000000004000f288                wcrtomb
 .text          0x000000004000f320       0x9c /home/fsw/rep/tasa/lib/bcc-2.2.3-gcc/bin/../lib/gcc/sparc-gaisler-elf/10.2.0/../../../../sparc-gaisler-elf/lib/leon3/mfix-gr712rc/soft/libc.a(lib_a-wctomb_r.o)
                0x000000004000f320                _wctomb_r
                0x000000004000f37c                __ascii_wctomb
 .text          0x000000004000f3bc        0x0 /home/fsw/rep/tasa/lib/bcc-2.2.3-gcc/bin/../lib/gcc/sparc-gaisler-elf/10.2.0/../../../../sparc-gaisler-elf/lib/leon3/mfix-gr712rc/soft/libc.a(lib_a-ctype_.o)
 .text          0x000000004000f3bc       0x10 /home/fsw/rep/tasa/lib/bcc-2.2.3-gcc/bin/../sparc-gaisler-elf/bsp/gr712rc/leon3/mfix-gr712rc/soft/libbcc.a(_exit.S.o)
                0x000000004000f3bc                _exit
 .text          0x000000004000f3cc       0x4c /home/fsw/rep/tasa/lib/bcc-2.2.3-gcc/bin/../sparc-gaisler-elf/bsp/gr712rc/leon3/mfix-gr712rc/soft/libbcc.a(read.c.o)
                0x000000004000f3cc                read
 .text          0x000000004000f418       0xb0 /home/fsw/rep/tasa/lib/bcc-2.2.3-gcc/bin/../sparc-gaisler-elf/bsp/gr712rc/leon3/mfix-gr712rc/soft/libbcc.a(sbrk.c.o)
                0x000000004000f418                sbrk
 .text          0x000000004000f4c8        0x0 /home/fsw/rep/tasa/lib/bcc-2.2.3-gcc/bin/../sparc-gaisler-elf/bsp/gr712rc/leon3/mfix-gr712rc/soft/libbcc.a(heap.c.o)
 .text          0x000000004000f4c8       0x64 /home/fsw/rep/tasa/lib/bcc-2.2.3-gcc/bin/../sparc-gaisler-elf/bsp/gr712rc/leon3/mfix-gr712rc/soft/libbcc.a(write.c.o)
                0x000000004000f4c8                write
 .text          0x000000004000f52c       0x20 /home/fsw/rep/tasa/lib/bcc-2.2.3-gcc/bin/../sparc-gaisler-elf/bsp/gr712rc/leon3/mfix-gr712rc/soft/libbcc.a(stubs.S.o)
                0x000000004000f52c                execve
                0x000000004000f52c                lseek
                0x000000004000f52c                fstat
                0x000000004000f52c                kill
                0x000000004000f52c                wait
                0x000000004000f52c                unlink
                0x000000004000f52c                fork
                0x000000004000f52c                stat
                0x000000004000f52c                link
                0x000000004000f52c                open
                0x000000004000f52c                close
                0x000000004000f544                getpid
                0x000000004000f544                isatty
 .text          0x000000004000f54c       0xc4 /home/fsw/rep/tasa/lib/bcc-2.2.3-gcc/bin/../sparc-gaisler-elf/bsp/gr712rc/leon3/mfix-gr712rc/soft/libbcc.a(con_apbuart.c.o)
                0x000000004000f54c                __bcc_con_outbyte
                0x000000004000f5dc                __bcc_con_inbyte
 .text          0x000000004000f610        0x0 /home/fsw/rep/tasa/lib/bcc-2.2.3-gcc/bin/../sparc-gaisler-elf/bsp/gr712rc/leon3/mfix-gr712rc/soft/libbcc.a(con_handle.c.o)
 .text          0x000000004000f610      0x1d0 /home/fsw/rep/tasa/lib/bcc-2.2.3-gcc/bin/../lib/gcc/sparc-gaisler-elf/10.2.0/leon3/mfix-gr712rc/soft/libgcc.a(_udivdi3.o)
                0x000000004000f610                __udivdi3
 .text          0x000000004000f7e0      0x1fc /home/fsw/rep/tasa/lib/bcc-2.2.3-gcc/bin/../lib/gcc/sparc-gaisler-elf/10.2.0/leon3/mfix-gr712rc/soft/libgcc.a(_umoddi3.o)
                0x000000004000f7e0                __umoddi3
 .text          0x000000004000f9dc      0x77c /home/fsw/rep/tasa/lib/bcc-2.2.3-gcc/bin/../lib/gcc/sparc-gaisler-elf/10.2.0/leon3/mfix-gr712rc/soft/libgcc.a(_addsub_df.o)
                0x000000004000f9dc                __adddf3
                0x000000004000fd9c                __subdf3
 .text          0x0000000040010158      0x2dc /home/fsw/rep/tasa/lib/bcc-2.2.3-gcc/bin/../lib/gcc/sparc-gaisler-elf/10.2.0/leon3/mfix-gr712rc/soft/libgcc.a(_mul_df.o)
                0x0000000040010158                __muldf3
 .text          0x0000000040010434      0x200 /home/fsw/rep/tasa/lib/bcc-2.2.3-gcc/bin/../lib/gcc/sparc-gaisler-elf/10.2.0/leon3/mfix-gr712rc/soft/libgcc.a(_div_df.o)
                0x0000000040010434                __divdf3
 .text          0x0000000040010634       0x5c /home/fsw/rep/tasa/lib/bcc-2.2.3-gcc/bin/../lib/gcc/sparc-gaisler-elf/10.2.0/leon3/mfix-gr712rc/soft/libgcc.a(_eq_df.o)
                0x0000000040010634                __eqdf2
 .text          0x0000000040010690       0x5c /home/fsw/rep/tasa/lib/bcc-2.2.3-gcc/bin/../lib/gcc/sparc-gaisler-elf/10.2.0/leon3/mfix-gr712rc/soft/libgcc.a(_ne_df.o)
                0x0000000040010690                __nedf2
 .text          0x00000000400106ec       0x5c /home/fsw/rep/tasa/lib/bcc-2.2.3-gcc/bin/../lib/gcc/sparc-gaisler-elf/10.2.0/leon3/mfix-gr712rc/soft/libgcc.a(_gt_df.o)
                0x00000000400106ec                __gtdf2
 .text          0x0000000040010748       0x5c /home/fsw/rep/tasa/lib/bcc-2.2.3-gcc/bin/../lib/gcc/sparc-gaisler-elf/10.2.0/leon3/mfix-gr712rc/soft/libgcc.a(_lt_df.o)
                0x0000000040010748                __ltdf2
 .text          0x00000000400107a4       0x5c /home/fsw/rep/tasa/lib/bcc-2.2.3-gcc/bin/../lib/gcc/sparc-gaisler-elf/10.2.0/leon3/mfix-gr712rc/soft/libgcc.a(_le_df.o)
                0x00000000400107a4                __ledf2
 .text          0x0000000040010800       0x50 /home/fsw/rep/tasa/lib/bcc-2.2.3-gcc/bin/../lib/gcc/sparc-gaisler-elf/10.2.0/leon3/mfix-gr712rc/soft/libgcc.a(_unord_df.o)
                0x0000000040010800                __unorddf2
 .text          0x0000000040010850       0xdc /home/fsw/rep/tasa/lib/bcc-2.2.3-gcc/bin/../lib/gcc/sparc-gaisler-elf/10.2.0/leon3/mfix-gr712rc/soft/libgcc.a(_si_to_df.o)
                0x0000000040010850                __floatsidf
 .text          0x000000004001092c       0xc8 /home/fsw/rep/tasa/lib/bcc-2.2.3-gcc/bin/../lib/gcc/sparc-gaisler-elf/10.2.0/leon3/mfix-gr712rc/soft/libgcc.a(_df_to_si.o)
                0x000000004001092c                __fixdfsi
 .text          0x00000000400109f4        0x0 /home/fsw/rep/tasa/lib/bcc-2.2.3-gcc/bin/../lib/gcc/sparc-gaisler-elf/10.2.0/leon3/mfix-gr712rc/soft/libgcc.a(_thenan_df.o)
 .text          0x00000000400109f4       0x80 /home/fsw/rep/tasa/lib/bcc-2.2.3-gcc/bin/../lib/gcc/sparc-gaisler-elf/10.2.0/leon3/mfix-gr712rc/soft/libgcc.a(_usi_to_df.o)
                0x00000000400109f4                __floatunsidf
 .text          0x0000000040010a74        0x0 /home/fsw/rep/tasa/lib/bcc-2.2.3-gcc/bin/../lib/gcc/sparc-gaisler-elf/10.2.0/leon3/mfix-gr712rc/soft/libgcc.a(_clz.o)
 .text          0x0000000040010a74       0x94 /home/fsw/rep/tasa/lib/bcc-2.2.3-gcc/bin/../lib/gcc/sparc-gaisler-elf/10.2.0/leon3/mfix-gr712rc/soft/libgcc.a(_clzsi2.o)
                0x0000000040010a74                __clzsi2
 .text          0x0000000040010b08      0x244 /home/fsw/rep/tasa/lib/bcc-2.2.3-gcc/bin/../lib/gcc/sparc-gaisler-elf/10.2.0/leon3/mfix-gr712rc/soft/libgcc.a(_pack_df.o)
                0x0000000040010b08                __pack_d
 .text          0x0000000040010d4c      0x124 /home/fsw/rep/tasa/lib/bcc-2.2.3-gcc/bin/../lib/gcc/sparc-gaisler-elf/10.2.0/leon3/mfix-gr712rc/soft/libgcc.a(_unpack_df.o)
                0x0000000040010d4c                __unpack_d
 .text          0x0000000040010e70      0x158 /home/fsw/rep/tasa/lib/bcc-2.2.3-gcc/bin/../lib/gcc/sparc-gaisler-elf/10.2.0/leon3/mfix-gr712rc/soft/libgcc.a(_fpcmp_parts_df.o)
                0x0000000040010e70                __fpcmp_parts_d
 .text          0x0000000040010fc8       0x48 /home/fsw/rep/tasa/lib/bcc-2.2.3-gcc/bin/../lib/gcc/sparc-gaisler-elf/10.2.0/leon3/mfix-gr712rc/soft/crtend.o
 .text          0x0000000040011010        0x0 /home/fsw/rep/tasa/lib/bcc-2.2.3-gcc/bin/../lib/gcc/sparc-gaisler-elf/10.2.0/leon3/mfix-gr712rc/soft/crtn.o
                0x0000000040011010                . = ALIGN (0x10)
 *(.eh_frame)
 .eh_frame      0x0000000040011010        0x0 /home/fsw/rep/tasa/lib/bcc-2.2.3-gcc/bin/../lib/gcc/sparc-gaisler-elf/10.2.0/leon3/mfix-gr712rc/soft/crtbegin.o
 .eh_frame      0x0000000040011010       0x28 /home/fsw/rep/tasa/lib/bcc-2.2.3-gcc/bin/../lib/gcc/sparc-gaisler-elf/10.2.0/leon3/mfix-gr712rc/soft/libgcc.a(_udivdi3.o)
 .eh_frame      0x0000000040011038       0x2c /home/fsw/rep/tasa/lib/bcc-2.2.3-gcc/bin/../lib/gcc/sparc-gaisler-elf/10.2.0/leon3/mfix-gr712rc/soft/libgcc.a(_umoddi3.o)
 .eh_frame      0x0000000040011064        0x4 /home/fsw/rep/tasa/lib/bcc-2.2.3-gcc/bin/../lib/gcc/sparc-gaisler-elf/10.2.0/leon3/mfix-gr712rc/soft/crtend.o
                0x0000000040011070                . = ALIGN (0x10)
 *fill*         0x0000000040011068        0x8 
 *(.gnu.linkonce.t*)
                0x0000000040011070                ___CTOR_LIST__ = .
                0x0000000040011070        0x4 LONG 0x2 (((___CTOR_END__ - ___CTOR_LIST__) / 0x4) - 0x2)
 *(SORT_BY_NAME(.ctors.*))
 *(.ctors)
 .ctors         0x0000000040011074        0x4 /home/fsw/rep/tasa/lib/bcc-2.2.3-gcc/bin/../lib/gcc/sparc-gaisler-elf/10.2.0/leon3/mfix-gr712rc/soft/crtbegin.o
 .ctors         0x0000000040011078        0x4 /home/fsw/rep/tasa/lib/bcc-2.2.3-gcc/bin/../lib/gcc/sparc-gaisler-elf/10.2.0/leon3/mfix-gr712rc/soft/crtend.o
                0x000000004001107c        0x4 LONG 0x0
                0x0000000040011080                ___CTOR_END__ = .
                0x0000000040011080                ___DTOR_LIST__ = .
                0x0000000040011080        0x4 LONG 0x2 (((___DTOR_END__ - ___DTOR_LIST__) / 0x4) - 0x2)
 *(SORT_BY_NAME(.dtors.*))
 *(.dtors)
 .dtors         0x0000000040011084        0x4 /home/fsw/rep/tasa/lib/bcc-2.2.3-gcc/bin/../lib/gcc/sparc-gaisler-elf/10.2.0/leon3/mfix-gr712rc/soft/crtbegin.o
 .dtors         0x0000000040011088        0x4 /home/fsw/rep/tasa/lib/bcc-2.2.3-gcc/bin/../lib/gcc/sparc-gaisler-elf/10.2.0/leon3/mfix-gr712rc/soft/crtend.o
                0x0000000040011088                __DTOR_END__
                0x000000004001108c        0x4 LONG 0x0
                0x0000000040011090                ___DTOR_END__ = .
 *(.gnu.linkonce*)
 *(.init)
 .init          0x0000000040011090        0x4 /home/fsw/rep/tasa/lib/bcc-2.2.3-gcc/bin/../lib/gcc/sparc-gaisler-elf/10.2.0/leon3/mfix-gr712rc/soft/crti.o
                0x0000000040011090                _init
 .init          0x0000000040011094        0x8 /home/fsw/rep/tasa/lib/bcc-2.2.3-gcc/bin/../lib/gcc/sparc-gaisler-elf/10.2.0/leon3/mfix-gr712rc/soft/crtbegin.o
 .init          0x000000004001109c        0x8 /home/fsw/rep/tasa/lib/bcc-2.2.3-gcc/bin/../lib/gcc/sparc-gaisler-elf/10.2.0/leon3/mfix-gr712rc/soft/crtend.o
 .init          0x00000000400110a4        0xc /home/fsw/rep/tasa/lib/bcc-2.2.3-gcc/bin/../lib/gcc/sparc-gaisler-elf/10.2.0/leon3/mfix-gr712rc/soft/crtn.o
 *(.fini)
 .fini          0x00000000400110b0        0x4 /home/fsw/rep/tasa/lib/bcc-2.2.3-gcc/bin/../lib/gcc/sparc-gaisler-elf/10.2.0/leon3/mfix-gr712rc/soft/crti.o
                0x00000000400110b0                _fini
 .fini          0x00000000400110b4        0x8 /home/fsw/rep/tasa/lib/bcc-2.2.3-gcc/bin/../lib/gcc/sparc-gaisler-elf/10.2.0/leon3/mfix-gr712rc/soft/crtbegin.o
 .fini          0x00000000400110bc        0xc /home/fsw/rep/tasa/lib/bcc-2.2.3-gcc/bin/../lib/gcc/sparc-gaisler-elf/10.2.0/leon3/mfix-gr712rc/soft/crtn.o
 *(.lit)
 *(.shdata)
                0x00000000400110d0                . = ALIGN (0x10)
 *fill*         0x00000000400110c8        0x8 
                0x00000000400110d0                __text_end = .

.gcc_except_table
 *(.gcc_except_table.*)

.rodata         0x00000000400110d0      0x780
                0x00000000400110d0                __rodata_start = .
 *(.rodata*)
 .rodata.str1.8
                0x00000000400110d0       0xff /tmp/ccucSNOv.o
 *fill*         0x00000000400111cf        0x1 
 .rodata        0x00000000400111d0        0x5 /tmp/ccucSNOv.o
 *fill*         0x00000000400111d5        0x3 
 .rodata        0x00000000400111d8        0x4 /home/fsw/rep/tasa/lib/bcc-2.2.3-gcc/bin/../lib/gcc/sparc-gaisler-elf/10.2.0/../../../../sparc-gaisler-elf/lib/leon3/mfix-gr712rc/soft/libc.a(lib_a-impure.o)
                0x00000000400111d8                _global_impure_ptr
 *fill*         0x00000000400111dc        0x4 
 .rodata.str1.8
                0x00000000400111e0        0x2 /home/fsw/rep/tasa/lib/bcc-2.2.3-gcc/bin/../lib/gcc/sparc-gaisler-elf/10.2.0/../../../../sparc-gaisler-elf/lib/leon3/mfix-gr712rc/soft/libc.a(lib_a-puts.o)
 *fill*         0x00000000400111e2        0x6 
 .rodata.str1.8
                0x00000000400111e8       0x5a /home/fsw/rep/tasa/lib/bcc-2.2.3-gcc/bin/../lib/gcc/sparc-gaisler-elf/10.2.0/../../../../sparc-gaisler-elf/lib/leon3/mfix-gr712rc/soft/libc.a(lib_a-vfprintf.o)
 *fill*         0x0000000040011242        0x6 
 .rodata.cst8   0x0000000040011248       0x18 /home/fsw/rep/tasa/lib/bcc-2.2.3-gcc/bin/../lib/gcc/sparc-gaisler-elf/10.2.0/../../../../sparc-gaisler-elf/lib/leon3/mfix-gr712rc/soft/libc.a(lib_a-vfprintf.o)
 .rodata        0x0000000040011260       0x20 /home/fsw/rep/tasa/lib/bcc-2.2.3-gcc/bin/../lib/gcc/sparc-gaisler-elf/10.2.0/../../../../sparc-gaisler-elf/lib/leon3/mfix-gr712rc/soft/libc.a(lib_a-vfprintf.o)
 .rodata.str1.8
                0x0000000040011280       0x14 /home/fsw/rep/tasa/lib/bcc-2.2.3-gcc/bin/../lib/gcc/sparc-gaisler-elf/10.2.0/../../../../sparc-gaisler-elf/lib/leon3/mfix-gr712rc/soft/libc.a(lib_a-dtoa.o)
                                         0x1a (size before relaxing)
 *fill*         0x0000000040011294        0x4 
 .rodata.cst8   0x0000000040011298       0x48 /home/fsw/rep/tasa/lib/bcc-2.2.3-gcc/bin/../lib/gcc/sparc-gaisler-elf/10.2.0/../../../../sparc-gaisler-elf/lib/leon3/mfix-gr712rc/soft/libc.a(lib_a-dtoa.o)
 .rodata        0x00000000400112e0       0x60 /home/fsw/rep/tasa/lib/bcc-2.2.3-gcc/bin/../lib/gcc/sparc-gaisler-elf/10.2.0/../../../../sparc-gaisler-elf/lib/leon3/mfix-gr712rc/soft/libc.a(lib_a-findfp.o)
                0x00000000400112e0                __sf_fake_stderr
                0x0000000040011300                __sf_fake_stdout
                0x0000000040011320                __sf_fake_stdin
 .rodata.cst8   0x0000000040011340       0x10 /home/fsw/rep/tasa/lib/bcc-2.2.3-gcc/bin/../lib/gcc/sparc-gaisler-elf/10.2.0/../../../../sparc-gaisler-elf/lib/leon3/mfix-gr712rc/soft/libc.a(lib_a-mprec.o)
 .rodata        0x0000000040011340      0x128 /home/fsw/rep/tasa/lib/bcc-2.2.3-gcc/bin/../lib/gcc/sparc-gaisler-elf/10.2.0/../../../../sparc-gaisler-elf/lib/leon3/mfix-gr712rc/soft/libc.a(lib_a-mprec.o)
                0x0000000040011350                __mprec_tinytens
                0x0000000040011378                __mprec_bigtens
                0x00000000400113a0                __mprec_tens
 .rodata.cst8   0x0000000040011468        0x8 /home/fsw/rep/tasa/lib/bcc-2.2.3-gcc/bin/../lib/gcc/sparc-gaisler-elf/10.2.0/../../../../sparc-gaisler-elf/lib/leon3/mfix-gr712rc/soft/libc.a(lib_a-s_frexp.o)
 .rodata.str1.8
                0x0000000040011470       0x37 /home/fsw/rep/tasa/lib/bcc-2.2.3-gcc/bin/../lib/gcc/sparc-gaisler-elf/10.2.0/../../../../sparc-gaisler-elf/lib/leon3/mfix-gr712rc/soft/libc.a(lib_a-vfiprintf.o)
 .rodata        0x0000000040011470       0x20 /home/fsw/rep/tasa/lib/bcc-2.2.3-gcc/bin/../lib/gcc/sparc-gaisler-elf/10.2.0/../../../../sparc-gaisler-elf/lib/leon3/mfix-gr712rc/soft/libc.a(lib_a-vfiprintf.o)
 .rodata.str1.8
                0x0000000040011490       0x12 /home/fsw/rep/tasa/lib/bcc-2.2.3-gcc/bin/../lib/gcc/sparc-gaisler-elf/10.2.0/../../../../sparc-gaisler-elf/lib/leon3/mfix-gr712rc/soft/libc.a(lib_a-locale.o)
                                         0x1a (size before relaxing)
 *fill*         0x00000000400114a2        0x6 
 .rodata        0x00000000400114a8      0x288 /home/fsw/rep/tasa/lib/bcc-2.2.3-gcc/bin/../lib/gcc/sparc-gaisler-elf/10.2.0/../../../../sparc-gaisler-elf/lib/leon3/mfix-gr712rc/soft/libc.a(lib_a-ctype_.o)
                0x00000000400114a8                _ctype_
                0x00000000400115b0                _ctype_b
 .rodata.cst8   0x0000000040011730        0x8 /home/fsw/rep/tasa/lib/bcc-2.2.3-gcc/bin/../lib/gcc/sparc-gaisler-elf/10.2.0/leon3/mfix-gr712rc/soft/libgcc.a(_si_to_df.o)
 .rodata        0x0000000040011738       0x18 /home/fsw/rep/tasa/lib/bcc-2.2.3-gcc/bin/../lib/gcc/sparc-gaisler-elf/10.2.0/leon3/mfix-gr712rc/soft/libgcc.a(_thenan_df.o)
                0x0000000040011738                __thenan_df
 .rodata        0x0000000040011750      0x100 /home/fsw/rep/tasa/lib/bcc-2.2.3-gcc/bin/../lib/gcc/sparc-gaisler-elf/10.2.0/leon3/mfix-gr712rc/soft/libgcc.a(_clz.o)
                0x0000000040011750                __clz_tab
 *(.gnu.linkonce.r*)
                0x0000000040011850                . = ALIGN (0x10)
                0x0000000040011850                __rodata_end = .

.rela.dyn       0x0000000040011850        0x0
 .rela.iplt     0x0000000040011850        0x0 /home/fsw/rep/tasa/lib/bcc-2.2.3-gcc/bin/../sparc-gaisler-elf/bsp/gr712rc/leon3/mfix-gr712rc/soft/trap_table_mvt_tn0018.S.o
 .rela.text.traptable
                0x0000000040011850        0x0 /home/fsw/rep/tasa/lib/bcc-2.2.3-gcc/bin/../sparc-gaisler-elf/bsp/gr712rc/leon3/mfix-gr712rc/soft/trap_table_mvt_tn0018.S.o
 .rela.text     0x0000000040011850        0x0 /home/fsw/rep/tasa/lib/bcc-2.2.3-gcc/bin/../sparc-gaisler-elf/bsp/gr712rc/leon3/mfix-gr712rc/soft/trap_table_mvt_tn0018.S.o

.ext.data       0x0000000040011850        0x0
                0x0000000040011850                . = ALIGN (0x8)
                0x0000000040011850                __extdata_start = .
 *(.data.ext)
                0x0000000040011850                . = ALIGN (0x8)
                0x0000000040011850                __extdata_end = .
                0x0000000040011850                __extdata_start_lma = LOADADDR (.ext.data)
                0x0000000000000000                __extdata_size = SIZEOF (.ext.data)

.data           0x0000000040011850      0x618
                0x0000000040011850                . = ALIGN (0x8)
                0x0000000040011850                __data_start = .
 *(.data .data.*)
 .data          0x0000000040011850        0x0 /home/fsw/rep/tasa/lib/bcc-2.2.3-gcc/bin/../sparc-gaisler-elf/bsp/gr712rc/leon3/mfix-gr712rc/soft/trap_table_mvt_tn0018.S.o
 .data          0x0000000040011850        0x0 /home/fsw/rep/tasa/lib/bcc-2.2.3-gcc/bin/../sparc-gaisler-elf/bsp/gr712rc/leon3/mfix-gr712rc/soft/crt0.S.o
 .data          0x0000000040011850        0x0 /home/fsw/rep/tasa/lib/bcc-2.2.3-gcc/bin/../lib/gcc/sparc-gaisler-elf/10.2.0/leon3/mfix-gr712rc/soft/crti.o
 .data          0x0000000040011850        0x4 /home/fsw/rep/tasa/lib/bcc-2.2.3-gcc/bin/../lib/gcc/sparc-gaisler-elf/10.2.0/leon3/mfix-gr712rc/soft/crtbegin.o
                0x0000000040011850                __dso_handle
 .data          0x0000000040011854        0x0 /tmp/ccucSNOv.o
 .data          0x0000000040011854        0x0 /home/fsw/rep/tasa/lib/bcc-2.2.3-gcc/bin/../sparc-gaisler-elf/bsp/gr712rc/leon3/mfix-gr712rc/soft/libbcc.a(reset_trap_mvt.S.o)
 .data          0x0000000040011854        0x0 /home/fsw/rep/tasa/lib/bcc-2.2.3-gcc/bin/../sparc-gaisler-elf/bsp/gr712rc/leon3/mfix-gr712rc/soft/libbcc.a(window_trap.S.o)
 .data          0x0000000040011854        0x0 /home/fsw/rep/tasa/lib/bcc-2.2.3-gcc/bin/../sparc-gaisler-elf/bsp/gr712rc/leon3/mfix-gr712rc/soft/libbcc.a(flush_windows_trap.S.o)
 .data          0x0000000040011854        0x0 /home/fsw/rep/tasa/lib/bcc-2.2.3-gcc/bin/../sparc-gaisler-elf/bsp/gr712rc/leon3/mfix-gr712rc/soft/libbcc.a(sw_trap_set_pil.S.o)
 .data          0x0000000040011854        0x0 /home/fsw/rep/tasa/lib/bcc-2.2.3-gcc/bin/../sparc-gaisler-elf/bsp/gr712rc/leon3/mfix-gr712rc/soft/libbcc.a(init.S.o)
 .data          0x0000000040011854       0x10 /home/fsw/rep/tasa/lib/bcc-2.2.3-gcc/bin/../sparc-gaisler-elf/bsp/gr712rc/leon3/mfix-gr712rc/soft/libbcc.a(leon_info.S.o)
                0x0000000040011854                __bcc_leon_version
                0x0000000040011858                __bcc_nwindows_min1
                0x000000004001185c                __bcc_nwindows
                0x0000000040011860                __bcc_cpuid
 .data          0x0000000040011864        0x0 /home/fsw/rep/tasa/lib/bcc-2.2.3-gcc/bin/../sparc-gaisler-elf/bsp/gr712rc/leon3/mfix-gr712rc/soft/libbcc.a(dwzero.S.o)
 .data          0x0000000040011864        0x0 /home/fsw/rep/tasa/lib/bcc-2.2.3-gcc/bin/../sparc-gaisler-elf/bsp/gr712rc/leon3/mfix-gr712rc/soft/libbcc.a(copy_data.c.o)
 .data          0x0000000040011864        0x4 /home/fsw/rep/tasa/lib/bcc-2.2.3-gcc/bin/../sparc-gaisler-elf/bsp/gr712rc/leon3/mfix-gr712rc/soft/libbcc.a(argv.c.o)
                0x0000000040011864                __bcc_argvp
 .data          0x0000000040011868        0x0 /home/fsw/rep/tasa/lib/bcc-2.2.3-gcc/bin/../sparc-gaisler-elf/bsp/gr712rc/leon3/mfix-gr712rc/soft/libbcc.a(interrupt_trap_tn0018.S.o)
 .data          0x0000000040011868        0x0 /home/fsw/rep/tasa/lib/bcc-2.2.3-gcc/bin/../sparc-gaisler-elf/bsp/gr712rc/leon3/mfix-gr712rc/soft/libbcc.a(int_irqmp_get_source.c.o)
 .data          0x0000000040011868        0x0 /home/fsw/rep/tasa/lib/bcc-2.2.3-gcc/bin/../sparc-gaisler-elf/bsp/gr712rc/leon3/mfix-gr712rc/soft/libbcc.a(int_irqmp_mp.c.o)
 .data          0x0000000040011868        0x0 /home/fsw/rep/tasa/lib/bcc-2.2.3-gcc/bin/../sparc-gaisler-elf/bsp/gr712rc/leon3/mfix-gr712rc/soft/libbcc.a(int_irqmp_init.c.o)
 .data          0x0000000040011868        0x0 /home/fsw/rep/tasa/lib/bcc-2.2.3-gcc/bin/../sparc-gaisler-elf/bsp/gr712rc/leon3/mfix-gr712rc/soft/libbcc.a(con_apbuart_init.c.o)
 .data          0x0000000040011868        0x0 /home/fsw/rep/tasa/lib/bcc-2.2.3-gcc/bin/../sparc-gaisler-elf/bsp/gr712rc/leon3/mfix-gr712rc/soft/libbcc.a(timer_gptimer_init.c.o)
 .data          0x0000000040011868        0x0 /home/fsw/rep/tasa/lib/bcc-2.2.3-gcc/bin/../sparc-gaisler-elf/bsp/gr712rc/leon3/mfix-gr712rc/soft/libbcc.a(isr.c.o)
 .data          0x0000000040011868       0x10 /home/fsw/rep/tasa/lib/bcc-2.2.3-gcc/bin/../sparc-gaisler-elf/bsp/gr712rc/leon3/mfix-gr712rc/soft/libbcc.a(int_nest.c.o)
                0x0000000040011868                __bcc_int_nest
 .data          0x0000000040011878        0x8 /home/fsw/rep/tasa/lib/bcc-2.2.3-gcc/bin/../sparc-gaisler-elf/bsp/gr712rc/leon3/mfix-gr712rc/soft/libbcc.a(int_irqmp_handle.c.o)
                0x0000000040011878                __bcc_int_irqmp_eirq
                0x000000004001187c                __bcc_int_handle
 .data          0x0000000040011880        0x0 /home/fsw/rep/tasa/lib/bcc-2.2.3-gcc/bin/../lib/gcc/sparc-gaisler-elf/10.2.0/../../../../sparc-gaisler-elf/lib/leon3/mfix-gr712rc/soft/libc.a(lib_a-atexit.o)
 .data          0x0000000040011880        0x0 /home/fsw/rep/tasa/lib/bcc-2.2.3-gcc/bin/../lib/gcc/sparc-gaisler-elf/10.2.0/../../../../sparc-gaisler-elf/lib/leon3/mfix-gr712rc/soft/libc.a(lib_a-exit.o)
 .data          0x0000000040011880       0x64 /home/fsw/rep/tasa/lib/bcc-2.2.3-gcc/bin/../lib/gcc/sparc-gaisler-elf/10.2.0/../../../../sparc-gaisler-elf/lib/leon3/mfix-gr712rc/soft/libc.a(lib_a-impure.o)
                0x0000000040011880                _impure_ptr
 .data          0x00000000400118e4        0x0 /home/fsw/rep/tasa/lib/bcc-2.2.3-gcc/bin/../lib/gcc/sparc-gaisler-elf/10.2.0/../../../../sparc-gaisler-elf/lib/leon3/mfix-gr712rc/soft/libc.a(lib_a-printf.o)
 .data          0x00000000400118e4        0x0 /home/fsw/rep/tasa/lib/bcc-2.2.3-gcc/bin/../lib/gcc/sparc-gaisler-elf/10.2.0/../../../../sparc-gaisler-elf/lib/leon3/mfix-gr712rc/soft/libc.a(lib_a-putchar.o)
 .data          0x00000000400118e4        0x0 /home/fsw/rep/tasa/lib/bcc-2.2.3-gcc/bin/../lib/gcc/sparc-gaisler-elf/10.2.0/../../../../sparc-gaisler-elf/lib/leon3/mfix-gr712rc/soft/libc.a(lib_a-puts.o)
 .data          0x00000000400118e4        0x0 /home/fsw/rep/tasa/lib/bcc-2.2.3-gcc/bin/../lib/gcc/sparc-gaisler-elf/10.2.0/../../../../sparc-gaisler-elf/lib/leon3/mfix-gr712rc/soft/libc.a(lib_a-strlen.o)
 .data          0x00000000400118e4        0x0 /home/fsw/rep/tasa/lib/bcc-2.2.3-gcc/bin/../lib/gcc/sparc-gaisler-elf/10.2.0/../../../../sparc-gaisler-elf/lib/leon3/mfix-gr712rc/soft/libc.a(lib_a-vfprintf.o)
 .data          0x00000000400118e4        0x0 /home/fsw/rep/tasa/lib/bcc-2.2.3-gcc/bin/../lib/gcc/sparc-gaisler-elf/10.2.0/../../../../sparc-gaisler-elf/lib/leon3/mfix-gr712rc/soft/libc.a(lib_a-wsetup.o)
 .data          0x00000000400118e4        0x0 /home/fsw/rep/tasa/lib/bcc-2.2.3-gcc/bin/../lib/gcc/sparc-gaisler-elf/10.2.0/../../../../sparc-gaisler-elf/lib/leon3/mfix-gr712rc/soft/libc.a(lib_a-__atexit.o)
 .data          0x00000000400118e4        0x0 /home/fsw/rep/tasa/lib/bcc-2.2.3-gcc/bin/../lib/gcc/sparc-gaisler-elf/10.2.0/../../../../sparc-gaisler-elf/lib/leon3/mfix-gr712rc/soft/libc.a(lib_a-__call_atexit.o)
 .data          0x00000000400118e4        0x0 /home/fsw/rep/tasa/lib/bcc-2.2.3-gcc/bin/../lib/gcc/sparc-gaisler-elf/10.2.0/../../../../sparc-gaisler-elf/lib/leon3/mfix-gr712rc/soft/libc.a(lib_a-dtoa.o)
 .data          0x00000000400118e4        0x0 /home/fsw/rep/tasa/lib/bcc-2.2.3-gcc/bin/../lib/gcc/sparc-gaisler-elf/10.2.0/../../../../sparc-gaisler-elf/lib/leon3/mfix-gr712rc/soft/libc.a(lib_a-fflush.o)
 .data          0x00000000400118e4        0x0 /home/fsw/rep/tasa/lib/bcc-2.2.3-gcc/bin/../lib/gcc/sparc-gaisler-elf/10.2.0/../../../../sparc-gaisler-elf/lib/leon3/mfix-gr712rc/soft/libc.a(lib_a-findfp.o)
 .data          0x00000000400118e4        0x0 /home/fsw/rep/tasa/lib/bcc-2.2.3-gcc/bin/../lib/gcc/sparc-gaisler-elf/10.2.0/../../../../sparc-gaisler-elf/lib/leon3/mfix-gr712rc/soft/libc.a(lib_a-freer.o)
 .data          0x00000000400118e4        0x0 /home/fsw/rep/tasa/lib/bcc-2.2.3-gcc/bin/../lib/gcc/sparc-gaisler-elf/10.2.0/../../../../sparc-gaisler-elf/lib/leon3/mfix-gr712rc/soft/libc.a(lib_a-fvwrite.o)
 .data          0x00000000400118e4        0x0 /home/fsw/rep/tasa/lib/bcc-2.2.3-gcc/bin/../lib/gcc/sparc-gaisler-elf/10.2.0/../../../../sparc-gaisler-elf/lib/leon3/mfix-gr712rc/soft/libc.a(lib_a-fwalk.o)
 .data          0x00000000400118e4        0x0 /home/fsw/rep/tasa/lib/bcc-2.2.3-gcc/bin/../lib/gcc/sparc-gaisler-elf/10.2.0/../../../../sparc-gaisler-elf/lib/leon3/mfix-gr712rc/soft/libc.a(lib_a-localeconv.o)
 .data          0x00000000400118e4        0x0 /home/fsw/rep/tasa/lib/bcc-2.2.3-gcc/bin/../lib/gcc/sparc-gaisler-elf/10.2.0/../../../../sparc-gaisler-elf/lib/leon3/mfix-gr712rc/soft/libc.a(lib_a-makebuf.o)
 .data          0x00000000400118e4        0x0 /home/fsw/rep/tasa/lib/bcc-2.2.3-gcc/bin/../lib/gcc/sparc-gaisler-elf/10.2.0/../../../../sparc-gaisler-elf/lib/leon3/mfix-gr712rc/soft/libc.a(lib_a-malloc.o)
 .data          0x00000000400118e4      0x410 /home/fsw/rep/tasa/lib/bcc-2.2.3-gcc/bin/../lib/gcc/sparc-gaisler-elf/10.2.0/../../../../sparc-gaisler-elf/lib/leon3/mfix-gr712rc/soft/libc.a(lib_a-mallocr.o)
                0x00000000400118e4                __malloc_sbrk_base
                0x00000000400118e8                __malloc_trim_threshold
                0x00000000400118ec                __malloc_av_
 .data          0x0000000040011cf4        0x0 /home/fsw/rep/tasa/lib/bcc-2.2.3-gcc/bin/../lib/gcc/sparc-gaisler-elf/10.2.0/../../../../sparc-gaisler-elf/lib/leon3/mfix-gr712rc/soft/libc.a(lib_a-memchr.o)
 .data          0x0000000040011cf4        0x0 /home/fsw/rep/tasa/lib/bcc-2.2.3-gcc/bin/../lib/gcc/sparc-gaisler-elf/10.2.0/../../../../sparc-gaisler-elf/lib/leon3/mfix-gr712rc/soft/libc.a(lib_a-memcpy.o)
 .data          0x0000000040011cf4        0x0 /home/fsw/rep/tasa/lib/bcc-2.2.3-gcc/bin/../lib/gcc/sparc-gaisler-elf/10.2.0/../../../../sparc-gaisler-elf/lib/leon3/mfix-gr712rc/soft/libc.a(lib_a-memmove.o)
 .data          0x0000000040011cf4        0x0 /home/fsw/rep/tasa/lib/bcc-2.2.3-gcc/bin/../lib/gcc/sparc-gaisler-elf/10.2.0/../../../../sparc-gaisler-elf/lib/leon3/mfix-gr712rc/soft/libc.a(lib_a-memset.o)
 .data          0x0000000040011cf4        0x0 /home/fsw/rep/tasa/lib/bcc-2.2.3-gcc/bin/../lib/gcc/sparc-gaisler-elf/10.2.0/../../../../sparc-gaisler-elf/lib/leon3/mfix-gr712rc/soft/libc.a(lib_a-mlock.o)
 .data          0x0000000040011cf4        0x0 /home/fsw/rep/tasa/lib/bcc-2.2.3-gcc/bin/../lib/gcc/sparc-gaisler-elf/10.2.0/../../../../sparc-gaisler-elf/lib/leon3/mfix-gr712rc/soft/libc.a(lib_a-mprec.o)
 .data          0x0000000040011cf4        0x0 /home/fsw/rep/tasa/lib/bcc-2.2.3-gcc/bin/../lib/gcc/sparc-gaisler-elf/10.2.0/../../../../sparc-gaisler-elf/lib/leon3/mfix-gr712rc/soft/libc.a(lib_a-putc.o)
 .data          0x0000000040011cf4        0x0 /home/fsw/rep/tasa/lib/bcc-2.2.3-gcc/bin/../lib/gcc/sparc-gaisler-elf/10.2.0/../../../../sparc-gaisler-elf/lib/leon3/mfix-gr712rc/soft/libc.a(lib_a-reallocr.o)
 .data          0x0000000040011cf4        0x0 /home/fsw/rep/tasa/lib/bcc-2.2.3-gcc/bin/../lib/gcc/sparc-gaisler-elf/10.2.0/../../../../sparc-gaisler-elf/lib/leon3/mfix-gr712rc/soft/libc.a(lib_a-s_frexp.o)
 .data          0x0000000040011cf4        0x0 /home/fsw/rep/tasa/lib/bcc-2.2.3-gcc/bin/../lib/gcc/sparc-gaisler-elf/10.2.0/../../../../sparc-gaisler-elf/lib/leon3/mfix-gr712rc/soft/libc.a(lib_a-sbrkr.o)
 .data          0x0000000040011cf4        0x0 /home/fsw/rep/tasa/lib/bcc-2.2.3-gcc/bin/../lib/gcc/sparc-gaisler-elf/10.2.0/../../../../sparc-gaisler-elf/lib/leon3/mfix-gr712rc/soft/libc.a(lib_a-stdio.o)
 .data          0x0000000040011cf4        0x0 /home/fsw/rep/tasa/lib/bcc-2.2.3-gcc/bin/../lib/gcc/sparc-gaisler-elf/10.2.0/../../../../sparc-gaisler-elf/lib/leon3/mfix-gr712rc/soft/libc.a(lib_a-strncpy.o)
 .data          0x0000000040011cf4        0x0 /home/fsw/rep/tasa/lib/bcc-2.2.3-gcc/bin/../lib/gcc/sparc-gaisler-elf/10.2.0/../../../../sparc-gaisler-elf/lib/leon3/mfix-gr712rc/soft/libc.a(lib_a-vfiprintf.o)
 .data          0x0000000040011cf4        0x0 /home/fsw/rep/tasa/lib/bcc-2.2.3-gcc/bin/../lib/gcc/sparc-gaisler-elf/10.2.0/../../../../sparc-gaisler-elf/lib/leon3/mfix-gr712rc/soft/libc.a(lib_a-wbuf.o)
 .data          0x0000000040011cf4        0x0 /home/fsw/rep/tasa/lib/bcc-2.2.3-gcc/bin/../lib/gcc/sparc-gaisler-elf/10.2.0/../../../../sparc-gaisler-elf/lib/leon3/mfix-gr712rc/soft/libc.a(lib_a-writer.o)
 .data          0x0000000040011cf4        0x0 /home/fsw/rep/tasa/lib/bcc-2.2.3-gcc/bin/../lib/gcc/sparc-gaisler-elf/10.2.0/../../../../sparc-gaisler-elf/lib/leon3/mfix-gr712rc/soft/libc.a(lib_a-callocr.o)
 .data          0x0000000040011cf4        0x0 /home/fsw/rep/tasa/lib/bcc-2.2.3-gcc/bin/../lib/gcc/sparc-gaisler-elf/10.2.0/../../../../sparc-gaisler-elf/lib/leon3/mfix-gr712rc/soft/libc.a(lib_a-closer.o)
 .data          0x0000000040011cf4        0x0 /home/fsw/rep/tasa/lib/bcc-2.2.3-gcc/bin/../lib/gcc/sparc-gaisler-elf/10.2.0/../../../../sparc-gaisler-elf/lib/leon3/mfix-gr712rc/soft/libc.a(lib_a-fclose.o)
 .data          0x0000000040011cf4        0x0 /home/fsw/rep/tasa/lib/bcc-2.2.3-gcc/bin/../lib/gcc/sparc-gaisler-elf/10.2.0/../../../../sparc-gaisler-elf/lib/leon3/mfix-gr712rc/soft/libc.a(lib_a-fputwc.o)
 .data          0x0000000040011cf4        0x0 /home/fsw/rep/tasa/lib/bcc-2.2.3-gcc/bin/../lib/gcc/sparc-gaisler-elf/10.2.0/../../../../sparc-gaisler-elf/lib/leon3/mfix-gr712rc/soft/libc.a(lib_a-fstatr.o)
 .data          0x0000000040011cf4        0x0 /home/fsw/rep/tasa/lib/bcc-2.2.3-gcc/bin/../lib/gcc/sparc-gaisler-elf/10.2.0/../../../../sparc-gaisler-elf/lib/leon3/mfix-gr712rc/soft/libc.a(lib_a-isattyr.o)
 .data          0x0000000040011cf4      0x16c /home/fsw/rep/tasa/lib/bcc-2.2.3-gcc/bin/../lib/gcc/sparc-gaisler-elf/10.2.0/../../../../sparc-gaisler-elf/lib/leon3/mfix-gr712rc/soft/libc.a(lib_a-locale.o)
                0x0000000040011cf4                __global_locale
 .data          0x0000000040011e60        0x0 /home/fsw/rep/tasa/lib/bcc-2.2.3-gcc/bin/../lib/gcc/sparc-gaisler-elf/10.2.0/../../../../sparc-gaisler-elf/lib/leon3/mfix-gr712rc/soft/libc.a(lib_a-lseekr.o)
 .data          0x0000000040011e60        0x0 /home/fsw/rep/tasa/lib/bcc-2.2.3-gcc/bin/../lib/gcc/sparc-gaisler-elf/10.2.0/../../../../sparc-gaisler-elf/lib/leon3/mfix-gr712rc/soft/libc.a(lib_a-mbtowc_r.o)
 .data          0x0000000040011e60        0x0 /home/fsw/rep/tasa/lib/bcc-2.2.3-gcc/bin/../lib/gcc/sparc-gaisler-elf/10.2.0/../../../../sparc-gaisler-elf/lib/leon3/mfix-gr712rc/soft/libc.a(lib_a-readr.o)
 .data          0x0000000040011e60        0x0 /home/fsw/rep/tasa/lib/bcc-2.2.3-gcc/bin/../lib/gcc/sparc-gaisler-elf/10.2.0/../../../../sparc-gaisler-elf/lib/leon3/mfix-gr712rc/soft/libc.a(lib_a-reent.o)
 .data          0x0000000040011e60        0x0 /home/fsw/rep/tasa/lib/bcc-2.2.3-gcc/bin/../lib/gcc/sparc-gaisler-elf/10.2.0/../../../../sparc-gaisler-elf/lib/leon3/mfix-gr712rc/soft/libc.a(lib_a-strcmp.o)
 .data          0x0000000040011e60        0x0 /home/fsw/rep/tasa/lib/bcc-2.2.3-gcc/bin/../lib/gcc/sparc-gaisler-elf/10.2.0/../../../../sparc-gaisler-elf/lib/leon3/mfix-gr712rc/soft/libc.a(lib_a-wcrtomb.o)
 .data          0x0000000040011e60        0x0 /home/fsw/rep/tasa/lib/bcc-2.2.3-gcc/bin/../lib/gcc/sparc-gaisler-elf/10.2.0/../../../../sparc-gaisler-elf/lib/leon3/mfix-gr712rc/soft/libc.a(lib_a-wctomb_r.o)
 .data          0x0000000040011e60        0x0 /home/fsw/rep/tasa/lib/bcc-2.2.3-gcc/bin/../lib/gcc/sparc-gaisler-elf/10.2.0/../../../../sparc-gaisler-elf/lib/leon3/mfix-gr712rc/soft/libc.a(lib_a-ctype_.o)
 .data          0x0000000040011e60        0x0 /home/fsw/rep/tasa/lib/bcc-2.2.3-gcc/bin/../sparc-gaisler-elf/bsp/gr712rc/leon3/mfix-gr712rc/soft/libbcc.a(_exit.S.o)
 .data          0x0000000040011e60        0x0 /home/fsw/rep/tasa/lib/bcc-2.2.3-gcc/bin/../sparc-gaisler-elf/bsp/gr712rc/leon3/mfix-gr712rc/soft/libbcc.a(read.c.o)
 .data          0x0000000040011e60        0x0 /home/fsw/rep/tasa/lib/bcc-2.2.3-gcc/bin/../sparc-gaisler-elf/bsp/gr712rc/leon3/mfix-gr712rc/soft/libbcc.a(sbrk.c.o)
 .data          0x0000000040011e60        0x0 /home/fsw/rep/tasa/lib/bcc-2.2.3-gcc/bin/../sparc-gaisler-elf/bsp/gr712rc/leon3/mfix-gr712rc/soft/libbcc.a(heap.c.o)
 .data          0x0000000040011e60        0x0 /home/fsw/rep/tasa/lib/bcc-2.2.3-gcc/bin/../sparc-gaisler-elf/bsp/gr712rc/leon3/mfix-gr712rc/soft/libbcc.a(write.c.o)
 .data          0x0000000040011e60        0x0 /home/fsw/rep/tasa/lib/bcc-2.2.3-gcc/bin/../sparc-gaisler-elf/bsp/gr712rc/leon3/mfix-gr712rc/soft/libbcc.a(stubs.S.o)
 .data          0x0000000040011e60        0x0 /home/fsw/rep/tasa/lib/bcc-2.2.3-gcc/bin/../sparc-gaisler-elf/bsp/gr712rc/leon3/mfix-gr712rc/soft/libbcc.a(con_apbuart.c.o)
 .data          0x0000000040011e60        0x4 /home/fsw/rep/tasa/lib/bcc-2.2.3-gcc/bin/../sparc-gaisler-elf/bsp/gr712rc/leon3/mfix-gr712rc/soft/libbcc.a(con_handle.c.o)
                0x0000000040011e60                __bcc_con_handle
 .data          0x0000000040011e64        0x0 /home/fsw/rep/tasa/lib/bcc-2.2.3-gcc/bin/../lib/gcc/sparc-gaisler-elf/10.2.0/leon3/mfix-gr712rc/soft/libgcc.a(_udivdi3.o)
 .data          0x0000000040011e64        0x0 /home/fsw/rep/tasa/lib/bcc-2.2.3-gcc/bin/../lib/gcc/sparc-gaisler-elf/10.2.0/leon3/mfix-gr712rc/soft/libgcc.a(_umoddi3.o)
 .data          0x0000000040011e64        0x0 /home/fsw/rep/tasa/lib/bcc-2.2.3-gcc/bin/../lib/gcc/sparc-gaisler-elf/10.2.0/leon3/mfix-gr712rc/soft/libgcc.a(_addsub_df.o)
 .data          0x0000000040011e64        0x0 /home/fsw/rep/tasa/lib/bcc-2.2.3-gcc/bin/../lib/gcc/sparc-gaisler-elf/10.2.0/leon3/mfix-gr712rc/soft/libgcc.a(_mul_df.o)
 .data          0x0000000040011e64        0x0 /home/fsw/rep/tasa/lib/bcc-2.2.3-gcc/bin/../lib/gcc/sparc-gaisler-elf/10.2.0/leon3/mfix-gr712rc/soft/libgcc.a(_div_df.o)
 .data          0x0000000040011e64        0x0 /home/fsw/rep/tasa/lib/bcc-2.2.3-gcc/bin/../lib/gcc/sparc-gaisler-elf/10.2.0/leon3/mfix-gr712rc/soft/libgcc.a(_eq_df.o)
 .data          0x0000000040011e64        0x0 /home/fsw/rep/tasa/lib/bcc-2.2.3-gcc/bin/../lib/gcc/sparc-gaisler-elf/10.2.0/leon3/mfix-gr712rc/soft/libgcc.a(_ne_df.o)
 .data          0x0000000040011e64        0x0 /home/fsw/rep/tasa/lib/bcc-2.2.3-gcc/bin/../lib/gcc/sparc-gaisler-elf/10.2.0/leon3/mfix-gr712rc/soft/libgcc.a(_gt_df.o)
 .data          0x0000000040011e64        0x0 /home/fsw/rep/tasa/lib/bcc-2.2.3-gcc/bin/../lib/gcc/sparc-gaisler-elf/10.2.0/leon3/mfix-gr712rc/soft/libgcc.a(_lt_df.o)
 .data          0x0000000040011e64        0x0 /home/fsw/rep/tasa/lib/bcc-2.2.3-gcc/bin/../lib/gcc/sparc-gaisler-elf/10.2.0/leon3/mfix-gr712rc/soft/libgcc.a(_le_df.o)
 .data          0x0000000040011e64        0x0 /home/fsw/rep/tasa/lib/bcc-2.2.3-gcc/bin/../lib/gcc/sparc-gaisler-elf/10.2.0/leon3/mfix-gr712rc/soft/libgcc.a(_unord_df.o)
 .data          0x0000000040011e64        0x0 /home/fsw/rep/tasa/lib/bcc-2.2.3-gcc/bin/../lib/gcc/sparc-gaisler-elf/10.2.0/leon3/mfix-gr712rc/soft/libgcc.a(_si_to_df.o)
 .data          0x0000000040011e64        0x0 /home/fsw/rep/tasa/lib/bcc-2.2.3-gcc/bin/../lib/gcc/sparc-gaisler-elf/10.2.0/leon3/mfix-gr712rc/soft/libgcc.a(_df_to_si.o)
 .data          0x0000000040011e64        0x0 /home/fsw/rep/tasa/lib/bcc-2.2.3-gcc/bin/../lib/gcc/sparc-gaisler-elf/10.2.0/leon3/mfix-gr712rc/soft/libgcc.a(_thenan_df.o)
 .data          0x0000000040011e64        0x0 /home/fsw/rep/tasa/lib/bcc-2.2.3-gcc/bin/../lib/gcc/sparc-gaisler-elf/10.2.0/leon3/mfix-gr712rc/soft/libgcc.a(_usi_to_df.o)
 .data          0x0000000040011e64        0x0 /home/fsw/rep/tasa/lib/bcc-2.2.3-gcc/bin/../lib/gcc/sparc-gaisler-elf/10.2.0/leon3/mfix-gr712rc/soft/libgcc.a(_clz.o)
 .data          0x0000000040011e64        0x0 /home/fsw/rep/tasa/lib/bcc-2.2.3-gcc/bin/../lib/gcc/sparc-gaisler-elf/10.2.0/leon3/mfix-gr712rc/soft/libgcc.a(_clzsi2.o)
 .data          0x0000000040011e64        0x0 /home/fsw/rep/tasa/lib/bcc-2.2.3-gcc/bin/../lib/gcc/sparc-gaisler-elf/10.2.0/leon3/mfix-gr712rc/soft/libgcc.a(_pack_df.o)
 .data          0x0000000040011e64        0x0 /home/fsw/rep/tasa/lib/bcc-2.2.3-gcc/bin/../lib/gcc/sparc-gaisler-elf/10.2.0/leon3/mfix-gr712rc/soft/libgcc.a(_unpack_df.o)
 .data          0x0000000040011e64        0x0 /home/fsw/rep/tasa/lib/bcc-2.2.3-gcc/bin/../lib/gcc/sparc-gaisler-elf/10.2.0/leon3/mfix-gr712rc/soft/libgcc.a(_fpcmp_parts_df.o)
 .data          0x0000000040011e64        0x0 /home/fsw/rep/tasa/lib/bcc-2.2.3-gcc/bin/../lib/gcc/sparc-gaisler-elf/10.2.0/leon3/mfix-gr712rc/soft/crtend.o
 .data          0x0000000040011e64        0x0 /home/fsw/rep/tasa/lib/bcc-2.2.3-gcc/bin/../lib/gcc/sparc-gaisler-elf/10.2.0/leon3/mfix-gr712rc/soft/crtn.o
                0x0000000040011e68                . = ALIGN (0x8)
 *fill*         0x0000000040011e64        0x4 
                0x0000000040011e68                __data_end = .
                0x0000000040011850                __data_start_lma = LOADADDR (.data)
                0x0000000000000618                __data_size = SIZEOF (.data)

.iplt           0x0000000040011e68        0x0
 .iplt          0x0000000040011e68        0x0 /home/fsw/rep/tasa/lib/bcc-2.2.3-gcc/bin/../sparc-gaisler-elf/bsp/gr712rc/leon3/mfix-gr712rc/soft/trap_table_mvt_tn0018.S.o

.tm_clone_table
                0x0000000040011e68        0x0
 .tm_clone_table
                0x0000000040011e68        0x0 /home/fsw/rep/tasa/lib/bcc-2.2.3-gcc/bin/../lib/gcc/sparc-gaisler-elf/10.2.0/leon3/mfix-gr712rc/soft/crtbegin.o
 .tm_clone_table
                0x0000000040011e68        0x0 /home/fsw/rep/tasa/lib/bcc-2.2.3-gcc/bin/../lib/gcc/sparc-gaisler-elf/10.2.0/leon3/mfix-gr712rc/soft/crtend.o

.bss            0x0000000040011e68      0x1a8
                0x0000000040011e68                . = ALIGN (0x8)
                0x0000000040011e68                __bss_start = .
 *(.bss .bss.*)
 .bss           0x0000000040011e68        0x0 /home/fsw/rep/tasa/lib/bcc-2.2.3-gcc/bin/../sparc-gaisler-elf/bsp/gr712rc/leon3/mfix-gr712rc/soft/trap_table_mvt_tn0018.S.o
 .bss           0x0000000040011e68        0x4 /home/fsw/rep/tasa/lib/bcc-2.2.3-gcc/bin/../sparc-gaisler-elf/bsp/gr712rc/leon3/mfix-gr712rc/soft/crt0.S.o
                0x0000000040011e68                __bcc_sp_at_entry
 .bss           0x0000000040011e6c        0x0 /home/fsw/rep/tasa/lib/bcc-2.2.3-gcc/bin/../lib/gcc/sparc-gaisler-elf/10.2.0/leon3/mfix-gr712rc/soft/crti.o
 .bss           0x0000000040011e6c       0x20 /home/fsw/rep/tasa/lib/bcc-2.2.3-gcc/bin/../lib/gcc/sparc-gaisler-elf/10.2.0/leon3/mfix-gr712rc/soft/crtbegin.o
 .bss           0x0000000040011e8c        0x0 /tmp/ccucSNOv.o
 .bss           0x0000000040011e8c        0x0 /home/fsw/rep/tasa/lib/bcc-2.2.3-gcc/bin/../sparc-gaisler-elf/bsp/gr712rc/leon3/mfix-gr712rc/soft/libbcc.a(reset_trap_mvt.S.o)
 .bss           0x0000000040011e8c        0x0 /home/fsw/rep/tasa/lib/bcc-2.2.3-gcc/bin/../sparc-gaisler-elf/bsp/gr712rc/leon3/mfix-gr712rc/soft/libbcc.a(window_trap.S.o)
 *fill*         0x0000000040011e8c        0x4 
 .bss           0x0000000040011e90       0x14 /home/fsw/rep/tasa/lib/bcc-2.2.3-gcc/bin/../sparc-gaisler-elf/bsp/gr712rc/leon3/mfix-gr712rc/soft/libbcc.a(flush_windows_trap.S.o)
 .bss           0x0000000040011ea4        0x0 /home/fsw/rep/tasa/lib/bcc-2.2.3-gcc/bin/../sparc-gaisler-elf/bsp/gr712rc/leon3/mfix-gr712rc/soft/libbcc.a(sw_trap_set_pil.S.o)
 .bss           0x0000000040011ea4        0x0 /home/fsw/rep/tasa/lib/bcc-2.2.3-gcc/bin/../sparc-gaisler-elf/bsp/gr712rc/leon3/mfix-gr712rc/soft/libbcc.a(init.S.o)
 .bss           0x0000000040011ea4        0x0 /home/fsw/rep/tasa/lib/bcc-2.2.3-gcc/bin/../sparc-gaisler-elf/bsp/gr712rc/leon3/mfix-gr712rc/soft/libbcc.a(leon_info.S.o)
 .bss           0x0000000040011ea4        0x0 /home/fsw/rep/tasa/lib/bcc-2.2.3-gcc/bin/../sparc-gaisler-elf/bsp/gr712rc/leon3/mfix-gr712rc/soft/libbcc.a(dwzero.S.o)
 .bss           0x0000000040011ea4        0x0 /home/fsw/rep/tasa/lib/bcc-2.2.3-gcc/bin/../sparc-gaisler-elf/bsp/gr712rc/leon3/mfix-gr712rc/soft/libbcc.a(copy_data.c.o)
 .bss           0x0000000040011ea4        0x8 /home/fsw/rep/tasa/lib/bcc-2.2.3-gcc/bin/../sparc-gaisler-elf/bsp/gr712rc/leon3/mfix-gr712rc/soft/libbcc.a(argv.c.o)
                0x0000000040011ea8                __bcc_argc
 .bss           0x0000000040011eac        0x0 /home/fsw/rep/tasa/lib/bcc-2.2.3-gcc/bin/../sparc-gaisler-elf/bsp/gr712rc/leon3/mfix-gr712rc/soft/libbcc.a(interrupt_trap_tn0018.S.o)
 .bss           0x0000000040011eac        0x0 /home/fsw/rep/tasa/lib/bcc-2.2.3-gcc/bin/../sparc-gaisler-elf/bsp/gr712rc/leon3/mfix-gr712rc/soft/libbcc.a(int_irqmp_get_source.c.o)
 .bss           0x0000000040011eac        0x0 /home/fsw/rep/tasa/lib/bcc-2.2.3-gcc/bin/../sparc-gaisler-elf/bsp/gr712rc/leon3/mfix-gr712rc/soft/libbcc.a(int_irqmp_mp.c.o)
 .bss           0x0000000040011eac        0x0 /home/fsw/rep/tasa/lib/bcc-2.2.3-gcc/bin/../sparc-gaisler-elf/bsp/gr712rc/leon3/mfix-gr712rc/soft/libbcc.a(int_irqmp_init.c.o)
 .bss           0x0000000040011eac        0x0 /home/fsw/rep/tasa/lib/bcc-2.2.3-gcc/bin/../sparc-gaisler-elf/bsp/gr712rc/leon3/mfix-gr712rc/soft/libbcc.a(con_apbuart_init.c.o)
 .bss           0x0000000040011eac        0x0 /home/fsw/rep/tasa/lib/bcc-2.2.3-gcc/bin/../sparc-gaisler-elf/bsp/gr712rc/leon3/mfix-gr712rc/soft/libbcc.a(timer_gptimer_init.c.o)
 .bss           0x0000000040011eac       0x80 /home/fsw/rep/tasa/lib/bcc-2.2.3-gcc/bin/../sparc-gaisler-elf/bsp/gr712rc/leon3/mfix-gr712rc/soft/libbcc.a(isr.c.o)
                0x0000000040011eac                __bcc_isr_list
 .bss           0x0000000040011f2c        0x0 /home/fsw/rep/tasa/lib/bcc-2.2.3-gcc/bin/../sparc-gaisler-elf/bsp/gr712rc/leon3/mfix-gr712rc/soft/libbcc.a(int_nest.c.o)
 .bss           0x0000000040011f2c        0x8 /home/fsw/rep/tasa/lib/bcc-2.2.3-gcc/bin/../sparc-gaisler-elf/bsp/gr712rc/leon3/mfix-gr712rc/soft/libbcc.a(int_irqmp_handle.c.o)
                0x0000000040011f2c                __bcc_int_irqmp_nts
                0x0000000040011f30                __bcc_int_irqmp_map
 .bss           0x0000000040011f34        0x0 /home/fsw/rep/tasa/lib/bcc-2.2.3-gcc/bin/../lib/gcc/sparc-gaisler-elf/10.2.0/../../../../sparc-gaisler-elf/lib/leon3/mfix-gr712rc/soft/libc.a(lib_a-atexit.o)
 .bss           0x0000000040011f34        0x0 /home/fsw/rep/tasa/lib/bcc-2.2.3-gcc/bin/../lib/gcc/sparc-gaisler-elf/10.2.0/../../../../sparc-gaisler-elf/lib/leon3/mfix-gr712rc/soft/libc.a(lib_a-exit.o)
 .bss           0x0000000040011f34        0x0 /home/fsw/rep/tasa/lib/bcc-2.2.3-gcc/bin/../lib/gcc/sparc-gaisler-elf/10.2.0/../../../../sparc-gaisler-elf/lib/leon3/mfix-gr712rc/soft/libc.a(lib_a-impure.o)
 .bss           0x0000000040011f34        0x0 /home/fsw/rep/tasa/lib/bcc-2.2.3-gcc/bin/../lib/gcc/sparc-gaisler-elf/10.2.0/../../../../sparc-gaisler-elf/lib/leon3/mfix-gr712rc/soft/libc.a(lib_a-printf.o)
 .bss           0x0000000040011f34        0x0 /home/fsw/rep/tasa/lib/bcc-2.2.3-gcc/bin/../lib/gcc/sparc-gaisler-elf/10.2.0/../../../../sparc-gaisler-elf/lib/leon3/mfix-gr712rc/soft/libc.a(lib_a-putchar.o)
 .bss           0x0000000040011f34        0x0 /home/fsw/rep/tasa/lib/bcc-2.2.3-gcc/bin/../lib/gcc/sparc-gaisler-elf/10.2.0/../../../../sparc-gaisler-elf/lib/leon3/mfix-gr712rc/soft/libc.a(lib_a-puts.o)
 .bss           0x0000000040011f34        0x0 /home/fsw/rep/tasa/lib/bcc-2.2.3-gcc/bin/../lib/gcc/sparc-gaisler-elf/10.2.0/../../../../sparc-gaisler-elf/lib/leon3/mfix-gr712rc/soft/libc.a(lib_a-strlen.o)
 .bss           0x0000000040011f34        0x0 /home/fsw/rep/tasa/lib/bcc-2.2.3-gcc/bin/../lib/gcc/sparc-gaisler-elf/10.2.0/../../../../sparc-gaisler-elf/lib/leon3/mfix-gr712rc/soft/libc.a(lib_a-vfprintf.o)
 .bss           0x0000000040011f34        0x0 /home/fsw/rep/tasa/lib/bcc-2.2.3-gcc/bin/../lib/gcc/sparc-gaisler-elf/10.2.0/../../../../sparc-gaisler-elf/lib/leon3/mfix-gr712rc/soft/libc.a(lib_a-wsetup.o)
 .bss           0x0000000040011f34       0x8c /home/fsw/rep/tasa/lib/bcc-2.2.3-gcc/bin/../lib/gcc/sparc-gaisler-elf/10.2.0/../../../../sparc-gaisler-elf/lib/leon3/mfix-gr712rc/soft/libc.a(lib_a-__atexit.o)
 .bss           0x0000000040011fc0        0x4 /home/fsw/rep/tasa/lib/bcc-2.2.3-gcc/bin/../lib/gcc/sparc-gaisler-elf/10.2.0/../../../../sparc-gaisler-elf/lib/leon3/mfix-gr712rc/soft/libc.a(lib_a-__call_atexit.o)
                0x0000000040011fc0                _global_atexit
 .bss           0x0000000040011fc4        0x0 /home/fsw/rep/tasa/lib/bcc-2.2.3-gcc/bin/../lib/gcc/sparc-gaisler-elf/10.2.0/../../../../sparc-gaisler-elf/lib/leon3/mfix-gr712rc/soft/libc.a(lib_a-dtoa.o)
 .bss           0x0000000040011fc4        0x0 /home/fsw/rep/tasa/lib/bcc-2.2.3-gcc/bin/../lib/gcc/sparc-gaisler-elf/10.2.0/../../../../sparc-gaisler-elf/lib/leon3/mfix-gr712rc/soft/libc.a(lib_a-fflush.o)
 .bss           0x0000000040011fc4        0x0 /home/fsw/rep/tasa/lib/bcc-2.2.3-gcc/bin/../lib/gcc/sparc-gaisler-elf/10.2.0/../../../../sparc-gaisler-elf/lib/leon3/mfix-gr712rc/soft/libc.a(lib_a-findfp.o)
 .bss           0x0000000040011fc4        0x0 /home/fsw/rep/tasa/lib/bcc-2.2.3-gcc/bin/../lib/gcc/sparc-gaisler-elf/10.2.0/../../../../sparc-gaisler-elf/lib/leon3/mfix-gr712rc/soft/libc.a(lib_a-freer.o)
 .bss           0x0000000040011fc4        0x0 /home/fsw/rep/tasa/lib/bcc-2.2.3-gcc/bin/../lib/gcc/sparc-gaisler-elf/10.2.0/../../../../sparc-gaisler-elf/lib/leon3/mfix-gr712rc/soft/libc.a(lib_a-fvwrite.o)
 .bss           0x0000000040011fc4        0x0 /home/fsw/rep/tasa/lib/bcc-2.2.3-gcc/bin/../lib/gcc/sparc-gaisler-elf/10.2.0/../../../../sparc-gaisler-elf/lib/leon3/mfix-gr712rc/soft/libc.a(lib_a-fwalk.o)
 .bss           0x0000000040011fc4        0x0 /home/fsw/rep/tasa/lib/bcc-2.2.3-gcc/bin/../lib/gcc/sparc-gaisler-elf/10.2.0/../../../../sparc-gaisler-elf/lib/leon3/mfix-gr712rc/soft/libc.a(lib_a-localeconv.o)
 .bss           0x0000000040011fc4        0x0 /home/fsw/rep/tasa/lib/bcc-2.2.3-gcc/bin/../lib/gcc/sparc-gaisler-elf/10.2.0/../../../../sparc-gaisler-elf/lib/leon3/mfix-gr712rc/soft/libc.a(lib_a-makebuf.o)
 .bss           0x0000000040011fc4        0x0 /home/fsw/rep/tasa/lib/bcc-2.2.3-gcc/bin/../lib/gcc/sparc-gaisler-elf/10.2.0/../../../../sparc-gaisler-elf/lib/leon3/mfix-gr712rc/soft/libc.a(lib_a-malloc.o)
 .bss           0x0000000040011fc4       0x34 /home/fsw/rep/tasa/lib/bcc-2.2.3-gcc/bin/../lib/gcc/sparc-gaisler-elf/10.2.0/../../../../sparc-gaisler-elf/lib/leon3/mfix-gr712rc/soft/libc.a(lib_a-mallocr.o)
                0x0000000040011fc4                __malloc_current_mallinfo
                0x0000000040011fec                __malloc_max_total_mem
                0x0000000040011ff0                __malloc_max_sbrked_mem
                0x0000000040011ff4                __malloc_top_pad
 .bss           0x0000000040011ff8        0x0 /home/fsw/rep/tasa/lib/bcc-2.2.3-gcc/bin/../lib/gcc/sparc-gaisler-elf/10.2.0/../../../../sparc-gaisler-elf/lib/leon3/mfix-gr712rc/soft/libc.a(lib_a-memchr.o)
 .bss           0x0000000040011ff8        0x0 /home/fsw/rep/tasa/lib/bcc-2.2.3-gcc/bin/../lib/gcc/sparc-gaisler-elf/10.2.0/../../../../sparc-gaisler-elf/lib/leon3/mfix-gr712rc/soft/libc.a(lib_a-memcpy.o)
 .bss           0x0000000040011ff8        0x0 /home/fsw/rep/tasa/lib/bcc-2.2.3-gcc/bin/../lib/gcc/sparc-gaisler-elf/10.2.0/../../../../sparc-gaisler-elf/lib/leon3/mfix-gr712rc/soft/libc.a(lib_a-memmove.o)
 .bss           0x0000000040011ff8        0x0 /home/fsw/rep/tasa/lib/bcc-2.2.3-gcc/bin/../lib/gcc/sparc-gaisler-elf/10.2.0/../../../../sparc-gaisler-elf/lib/leon3/mfix-gr712rc/soft/libc.a(lib_a-memset.o)
 .bss           0x0000000040011ff8        0x0 /home/fsw/rep/tasa/lib/bcc-2.2.3-gcc/bin/../lib/gcc/sparc-gaisler-elf/10.2.0/../../../../sparc-gaisler-elf/lib/leon3/mfix-gr712rc/soft/libc.a(lib_a-mlock.o)
 .bss           0x0000000040011ff8        0x0 /home/fsw/rep/tasa/lib/bcc-2.2.3-gcc/bin/../lib/gcc/sparc-gaisler-elf/10.2.0/../../../../sparc-gaisler-elf/lib/leon3/mfix-gr712rc/soft/libc.a(lib_a-mprec.o)
 .bss           0x0000000040011ff8        0x0 /home/fsw/rep/tasa/lib/bcc-2.2.3-gcc/bin/../lib/gcc/sparc-gaisler-elf/10.2.0/../../../../sparc-gaisler-elf/lib/leon3/mfix-gr712rc/soft/libc.a(lib_a-putc.o)
 .bss           0x0000000040011ff8        0x0 /home/fsw/rep/tasa/lib/bcc-2.2.3-gcc/bin/../lib/gcc/sparc-gaisler-elf/10.2.0/../../../../sparc-gaisler-elf/lib/leon3/mfix-gr712rc/soft/libc.a(lib_a-reallocr.o)
 .bss           0x0000000040011ff8        0x0 /home/fsw/rep/tasa/lib/bcc-2.2.3-gcc/bin/../lib/gcc/sparc-gaisler-elf/10.2.0/../../../../sparc-gaisler-elf/lib/leon3/mfix-gr712rc/soft/libc.a(lib_a-s_frexp.o)
 .bss           0x0000000040011ff8        0x0 /home/fsw/rep/tasa/lib/bcc-2.2.3-gcc/bin/../lib/gcc/sparc-gaisler-elf/10.2.0/../../../../sparc-gaisler-elf/lib/leon3/mfix-gr712rc/soft/libc.a(lib_a-sbrkr.o)
 .bss           0x0000000040011ff8        0x0 /home/fsw/rep/tasa/lib/bcc-2.2.3-gcc/bin/../lib/gcc/sparc-gaisler-elf/10.2.0/../../../../sparc-gaisler-elf/lib/leon3/mfix-gr712rc/soft/libc.a(lib_a-stdio.o)
 .bss           0x0000000040011ff8        0x0 /home/fsw/rep/tasa/lib/bcc-2.2.3-gcc/bin/../lib/gcc/sparc-gaisler-elf/10.2.0/../../../../sparc-gaisler-elf/lib/leon3/mfix-gr712rc/soft/libc.a(lib_a-strncpy.o)
 .bss           0x0000000040011ff8        0x0 /home/fsw/rep/tasa/lib/bcc-2.2.3-gcc/bin/../lib/gcc/sparc-gaisler-elf/10.2.0/../../../../sparc-gaisler-elf/lib/leon3/mfix-gr712rc/soft/libc.a(lib_a-vfiprintf.o)
 .bss           0x0000000040011ff8        0x0 /home/fsw/rep/tasa/lib/bcc-2.2.3-gcc/bin/../lib/gcc/sparc-gaisler-elf/10.2.0/../../../../sparc-gaisler-elf/lib/leon3/mfix-gr712rc/soft/libc.a(lib_a-wbuf.o)
 .bss           0x0000000040011ff8        0x0 /home/fsw/rep/tasa/lib/bcc-2.2.3-gcc/bin/../lib/gcc/sparc-gaisler-elf/10.2.0/../../../../sparc-gaisler-elf/lib/leon3/mfix-gr712rc/soft/libc.a(lib_a-writer.o)
 .bss           0x0000000040011ff8        0x0 /home/fsw/rep/tasa/lib/bcc-2.2.3-gcc/bin/../lib/gcc/sparc-gaisler-elf/10.2.0/../../../../sparc-gaisler-elf/lib/leon3/mfix-gr712rc/soft/libc.a(lib_a-callocr.o)
 .bss           0x0000000040011ff8        0x0 /home/fsw/rep/tasa/lib/bcc-2.2.3-gcc/bin/../lib/gcc/sparc-gaisler-elf/10.2.0/../../../../sparc-gaisler-elf/lib/leon3/mfix-gr712rc/soft/libc.a(lib_a-closer.o)
 .bss           0x0000000040011ff8        0x0 /home/fsw/rep/tasa/lib/bcc-2.2.3-gcc/bin/../lib/gcc/sparc-gaisler-elf/10.2.0/../../../../sparc-gaisler-elf/lib/leon3/mfix-gr712rc/soft/libc.a(lib_a-fclose.o)
 .bss           0x0000000040011ff8        0x0 /home/fsw/rep/tasa/lib/bcc-2.2.3-gcc/bin/../lib/gcc/sparc-gaisler-elf/10.2.0/../../../../sparc-gaisler-elf/lib/leon3/mfix-gr712rc/soft/libc.a(lib_a-fputwc.o)
 .bss           0x0000000040011ff8        0x0 /home/fsw/rep/tasa/lib/bcc-2.2.3-gcc/bin/../lib/gcc/sparc-gaisler-elf/10.2.0/../../../../sparc-gaisler-elf/lib/leon3/mfix-gr712rc/soft/libc.a(lib_a-fstatr.o)
 .bss           0x0000000040011ff8        0x0 /home/fsw/rep/tasa/lib/bcc-2.2.3-gcc/bin/../lib/gcc/sparc-gaisler-elf/10.2.0/../../../../sparc-gaisler-elf/lib/leon3/mfix-gr712rc/soft/libc.a(lib_a-isattyr.o)
 .bss           0x0000000040011ff8        0x4 /home/fsw/rep/tasa/lib/bcc-2.2.3-gcc/bin/../lib/gcc/sparc-gaisler-elf/10.2.0/../../../../sparc-gaisler-elf/lib/leon3/mfix-gr712rc/soft/libc.a(lib_a-locale.o)
                0x0000000040011ff8                _PathLocale
 .bss           0x0000000040011ffc        0x0 /home/fsw/rep/tasa/lib/bcc-2.2.3-gcc/bin/../lib/gcc/sparc-gaisler-elf/10.2.0/../../../../sparc-gaisler-elf/lib/leon3/mfix-gr712rc/soft/libc.a(lib_a-lseekr.o)
 .bss           0x0000000040011ffc        0x0 /home/fsw/rep/tasa/lib/bcc-2.2.3-gcc/bin/../lib/gcc/sparc-gaisler-elf/10.2.0/../../../../sparc-gaisler-elf/lib/leon3/mfix-gr712rc/soft/libc.a(lib_a-mbtowc_r.o)
 .bss           0x0000000040011ffc        0x0 /home/fsw/rep/tasa/lib/bcc-2.2.3-gcc/bin/../lib/gcc/sparc-gaisler-elf/10.2.0/../../../../sparc-gaisler-elf/lib/leon3/mfix-gr712rc/soft/libc.a(lib_a-readr.o)
 .bss           0x0000000040011ffc        0x4 /home/fsw/rep/tasa/lib/bcc-2.2.3-gcc/bin/../lib/gcc/sparc-gaisler-elf/10.2.0/../../../../sparc-gaisler-elf/lib/leon3/mfix-gr712rc/soft/libc.a(lib_a-reent.o)
                0x0000000040011ffc                errno
 .bss           0x0000000040012000        0x0 /home/fsw/rep/tasa/lib/bcc-2.2.3-gcc/bin/../lib/gcc/sparc-gaisler-elf/10.2.0/../../../../sparc-gaisler-elf/lib/leon3/mfix-gr712rc/soft/libc.a(lib_a-strcmp.o)
 .bss           0x0000000040012000        0x0 /home/fsw/rep/tasa/lib/bcc-2.2.3-gcc/bin/../lib/gcc/sparc-gaisler-elf/10.2.0/../../../../sparc-gaisler-elf/lib/leon3/mfix-gr712rc/soft/libc.a(lib_a-wcrtomb.o)
 .bss           0x0000000040012000        0x0 /home/fsw/rep/tasa/lib/bcc-2.2.3-gcc/bin/../lib/gcc/sparc-gaisler-elf/10.2.0/../../../../sparc-gaisler-elf/lib/leon3/mfix-gr712rc/soft/libc.a(lib_a-wctomb_r.o)
 .bss           0x0000000040012000        0x0 /home/fsw/rep/tasa/lib/bcc-2.2.3-gcc/bin/../lib/gcc/sparc-gaisler-elf/10.2.0/../../../../sparc-gaisler-elf/lib/leon3/mfix-gr712rc/soft/libc.a(lib_a-ctype_.o)
 .bss           0x0000000040012000        0x0 /home/fsw/rep/tasa/lib/bcc-2.2.3-gcc/bin/../sparc-gaisler-elf/bsp/gr712rc/leon3/mfix-gr712rc/soft/libbcc.a(_exit.S.o)
 .bss           0x0000000040012000        0x0 /home/fsw/rep/tasa/lib/bcc-2.2.3-gcc/bin/../sparc-gaisler-elf/bsp/gr712rc/leon3/mfix-gr712rc/soft/libbcc.a(read.c.o)
 .bss           0x0000000040012000        0x4 /home/fsw/rep/tasa/lib/bcc-2.2.3-gcc/bin/../sparc-gaisler-elf/bsp/gr712rc/leon3/mfix-gr712rc/soft/libbcc.a(sbrk.c.o)
 .bss           0x0000000040012004        0x8 /home/fsw/rep/tasa/lib/bcc-2.2.3-gcc/bin/../sparc-gaisler-elf/bsp/gr712rc/leon3/mfix-gr712rc/soft/libbcc.a(heap.c.o)
                0x0000000040012004                __bcc_heap_max
                0x0000000040012008                __bcc_heap_min
 .bss           0x000000004001200c        0x0 /home/fsw/rep/tasa/lib/bcc-2.2.3-gcc/bin/../sparc-gaisler-elf/bsp/gr712rc/leon3/mfix-gr712rc/soft/libbcc.a(write.c.o)
 .bss           0x000000004001200c        0x0 /home/fsw/rep/tasa/lib/bcc-2.2.3-gcc/bin/../sparc-gaisler-elf/bsp/gr712rc/leon3/mfix-gr712rc/soft/libbcc.a(stubs.S.o)
 .bss           0x000000004001200c        0x4 /home/fsw/rep/tasa/lib/bcc-2.2.3-gcc/bin/../sparc-gaisler-elf/bsp/gr712rc/leon3/mfix-gr712rc/soft/libbcc.a(con_apbuart.c.o)
 .bss           0x0000000040012010        0x0 /home/fsw/rep/tasa/lib/bcc-2.2.3-gcc/bin/../sparc-gaisler-elf/bsp/gr712rc/leon3/mfix-gr712rc/soft/libbcc.a(con_handle.c.o)
 .bss           0x0000000040012010        0x0 /home/fsw/rep/tasa/lib/bcc-2.2.3-gcc/bin/../lib/gcc/sparc-gaisler-elf/10.2.0/leon3/mfix-gr712rc/soft/libgcc.a(_udivdi3.o)
 .bss           0x0000000040012010        0x0 /home/fsw/rep/tasa/lib/bcc-2.2.3-gcc/bin/../lib/gcc/sparc-gaisler-elf/10.2.0/leon3/mfix-gr712rc/soft/libgcc.a(_umoddi3.o)
 .bss           0x0000000040012010        0x0 /home/fsw/rep/tasa/lib/bcc-2.2.3-gcc/bin/../lib/gcc/sparc-gaisler-elf/10.2.0/leon3/mfix-gr712rc/soft/libgcc.a(_addsub_df.o)
 .bss           0x0000000040012010        0x0 /home/fsw/rep/tasa/lib/bcc-2.2.3-gcc/bin/../lib/gcc/sparc-gaisler-elf/10.2.0/leon3/mfix-gr712rc/soft/libgcc.a(_mul_df.o)
 .bss           0x0000000040012010        0x0 /home/fsw/rep/tasa/lib/bcc-2.2.3-gcc/bin/../lib/gcc/sparc-gaisler-elf/10.2.0/leon3/mfix-gr712rc/soft/libgcc.a(_div_df.o)
 .bss           0x0000000040012010        0x0 /home/fsw/rep/tasa/lib/bcc-2.2.3-gcc/bin/../lib/gcc/sparc-gaisler-elf/10.2.0/leon3/mfix-gr712rc/soft/libgcc.a(_eq_df.o)
 .bss           0x0000000040012010        0x0 /home/fsw/rep/tasa/lib/bcc-2.2.3-gcc/bin/../lib/gcc/sparc-gaisler-elf/10.2.0/leon3/mfix-gr712rc/soft/libgcc.a(_ne_df.o)
 .bss           0x0000000040012010        0x0 /home/fsw/rep/tasa/lib/bcc-2.2.3-gcc/bin/../lib/gcc/sparc-gaisler-elf/10.2.0/leon3/mfix-gr712rc/soft/libgcc.a(_gt_df.o)
 .bss           0x0000000040012010        0x0 /home/fsw/rep/tasa/lib/bcc-2.2.3-gcc/bin/../lib/gcc/sparc-gaisler-elf/10.2.0/leon3/mfix-gr712rc/soft/libgcc.a(_lt_df.o)
 .bss           0x0000000040012010        0x0 /home/fsw/rep/tasa/lib/bcc-2.2.3-gcc/bin/../lib/gcc/sparc-gaisler-elf/10.2.0/leon3/mfix-gr712rc/soft/libgcc.a(_le_df.o)
 .bss           0x0000000040012010        0x0 /home/fsw/rep/tasa/lib/bcc-2.2.3-gcc/bin/../lib/gcc/sparc-gaisler-elf/10.2.0/leon3/mfix-gr712rc/soft/libgcc.a(_unord_df.o)
 .bss           0x0000000040012010        0x0 /home/fsw/rep/tasa/lib/bcc-2.2.3-gcc/bin/../lib/gcc/sparc-gaisler-elf/10.2.0/leon3/mfix-gr712rc/soft/libgcc.a(_si_to_df.o)
 .bss           0x0000000040012010        0x0 /home/fsw/rep/tasa/lib/bcc-2.2.3-gcc/bin/../lib/gcc/sparc-gaisler-elf/10.2.0/leon3/mfix-gr712rc/soft/libgcc.a(_df_to_si.o)
 .bss           0x0000000040012010        0x0 /home/fsw/rep/tasa/lib/bcc-2.2.3-gcc/bin/../lib/gcc/sparc-gaisler-elf/10.2.0/leon3/mfix-gr712rc/soft/libgcc.a(_thenan_df.o)
 .bss           0x0000000040012010        0x0 /home/fsw/rep/tasa/lib/bcc-2.2.3-gcc/bin/../lib/gcc/sparc-gaisler-elf/10.2.0/leon3/mfix-gr712rc/soft/libgcc.a(_usi_to_df.o)
 .bss           0x0000000040012010        0x0 /home/fsw/rep/tasa/lib/bcc-2.2.3-gcc/bin/../lib/gcc/sparc-gaisler-elf/10.2.0/leon3/mfix-gr712rc/soft/libgcc.a(_clz.o)
 .bss           0x0000000040012010        0x0 /home/fsw/rep/tasa/lib/bcc-2.2.3-gcc/bin/../lib/gcc/sparc-gaisler-elf/10.2.0/leon3/mfix-gr712rc/soft/libgcc.a(_clzsi2.o)
 .bss           0x0000000040012010        0x0 /home/fsw/rep/tasa/lib/bcc-2.2.3-gcc/bin/../lib/gcc/sparc-gaisler-elf/10.2.0/leon3/mfix-gr712rc/soft/libgcc.a(_pack_df.o)
 .bss           0x0000000040012010        0x0 /home/fsw/rep/tasa/lib/bcc-2.2.3-gcc/bin/../lib/gcc/sparc-gaisler-elf/10.2.0/leon3/mfix-gr712rc/soft/libgcc.a(_unpack_df.o)
 .bss           0x0000000040012010        0x0 /home/fsw/rep/tasa/lib/bcc-2.2.3-gcc/bin/../lib/gcc/sparc-gaisler-elf/10.2.0/leon3/mfix-gr712rc/soft/libgcc.a(_fpcmp_parts_df.o)
 .bss           0x0000000040012010        0x0 /home/fsw/rep/tasa/lib/bcc-2.2.3-gcc/bin/../lib/gcc/sparc-gaisler-elf/10.2.0/leon3/mfix-gr712rc/soft/crtend.o
 .bss           0x0000000040012010        0x0 /home/fsw/rep/tasa/lib/bcc-2.2.3-gcc/bin/../lib/gcc/sparc-gaisler-elf/10.2.0/leon3/mfix-gr712rc/soft/crtn.o
 *(COMMON)
                0x0000000040012010                . = ALIGN (0x8)
                0x0000000040012010                __bss_end = .
                0x0000000040012010                __heap_min = .
                0x0000000040012010                . = ALIGN (0x8)

.jcr
 *(.jcr)

.stab
 *(.stab)

.stabstr
 *(.stabstr)

.debug
 *(.debug)

.line
 *(.line)

.debug_srcinfo
 *(.debug_srcinfo)

.debug_sfnames
 *(.debug_sfnames)

.debug_aranges  0x0000000000000000      0xc30
 *(.debug_aranges)
 .debug_aranges
                0x0000000000000000       0x20 /home/fsw/rep/tasa/lib/bcc-2.2.3-gcc/bin/../sparc-gaisler-elf/bsp/gr712rc/leon3/mfix-gr712rc/soft/trap_table_mvt_tn0018.S.o
 .debug_aranges
                0x0000000000000020       0x20 /home/fsw/rep/tasa/lib/bcc-2.2.3-gcc/bin/../sparc-gaisler-elf/bsp/gr712rc/leon3/mfix-gr712rc/soft/crt0.S.o
 .debug_aranges
                0x0000000000000040       0x20 /tmp/ccucSNOv.o
 .debug_aranges
                0x0000000000000060       0x20 /home/fsw/rep/tasa/lib/bcc-2.2.3-gcc/bin/../sparc-gaisler-elf/bsp/gr712rc/leon3/mfix-gr712rc/soft/libbcc.a(reset_trap_mvt.S.o)
 .debug_aranges
                0x0000000000000080       0x20 /home/fsw/rep/tasa/lib/bcc-2.2.3-gcc/bin/../sparc-gaisler-elf/bsp/gr712rc/leon3/mfix-gr712rc/soft/libbcc.a(window_trap.S.o)
 .debug_aranges
                0x00000000000000a0       0x20 /home/fsw/rep/tasa/lib/bcc-2.2.3-gcc/bin/../sparc-gaisler-elf/bsp/gr712rc/leon3/mfix-gr712rc/soft/libbcc.a(flush_windows_trap.S.o)
 .debug_aranges
                0x00000000000000c0       0x20 /home/fsw/rep/tasa/lib/bcc-2.2.3-gcc/bin/../sparc-gaisler-elf/bsp/gr712rc/leon3/mfix-gr712rc/soft/libbcc.a(sw_trap_set_pil.S.o)
 .debug_aranges
                0x00000000000000e0       0x20 /home/fsw/rep/tasa/lib/bcc-2.2.3-gcc/bin/../sparc-gaisler-elf/bsp/gr712rc/leon3/mfix-gr712rc/soft/libbcc.a(init.S.o)
 .debug_aranges
                0x0000000000000100       0x20 /home/fsw/rep/tasa/lib/bcc-2.2.3-gcc/bin/../sparc-gaisler-elf/bsp/gr712rc/leon3/mfix-gr712rc/soft/libbcc.a(leon_info.S.o)
 .debug_aranges
                0x0000000000000120       0x20 /home/fsw/rep/tasa/lib/bcc-2.2.3-gcc/bin/../sparc-gaisler-elf/bsp/gr712rc/leon3/mfix-gr712rc/soft/libbcc.a(dwzero.S.o)
 .debug_aranges
                0x0000000000000140       0x20 /home/fsw/rep/tasa/lib/bcc-2.2.3-gcc/bin/../sparc-gaisler-elf/bsp/gr712rc/leon3/mfix-gr712rc/soft/libbcc.a(copy_data.c.o)
 .debug_aranges
                0x0000000000000160       0x18 /home/fsw/rep/tasa/lib/bcc-2.2.3-gcc/bin/../sparc-gaisler-elf/bsp/gr712rc/leon3/mfix-gr712rc/soft/libbcc.a(argv.c.o)
 .debug_aranges
                0x0000000000000178       0x20 /home/fsw/rep/tasa/lib/bcc-2.2.3-gcc/bin/../sparc-gaisler-elf/bsp/gr712rc/leon3/mfix-gr712rc/soft/libbcc.a(interrupt_trap_tn0018.S.o)
 .debug_aranges
                0x0000000000000198       0x20 /home/fsw/rep/tasa/lib/bcc-2.2.3-gcc/bin/../sparc-gaisler-elf/bsp/gr712rc/leon3/mfix-gr712rc/soft/libbcc.a(int_irqmp_get_source.c.o)
 .debug_aranges
                0x00000000000001b8       0x20 /home/fsw/rep/tasa/lib/bcc-2.2.3-gcc/bin/../sparc-gaisler-elf/bsp/gr712rc/leon3/mfix-gr712rc/soft/libbcc.a(int_irqmp_mp.c.o)
 .debug_aranges
                0x00000000000001d8       0x20 /home/fsw/rep/tasa/lib/bcc-2.2.3-gcc/bin/../sparc-gaisler-elf/bsp/gr712rc/leon3/mfix-gr712rc/soft/libbcc.a(int_irqmp_init.c.o)
 .debug_aranges
                0x00000000000001f8       0x20 /home/fsw/rep/tasa/lib/bcc-2.2.3-gcc/bin/../sparc-gaisler-elf/bsp/gr712rc/leon3/mfix-gr712rc/soft/libbcc.a(con_apbuart_init.c.o)
 .debug_aranges
                0x0000000000000218       0x20 /home/fsw/rep/tasa/lib/bcc-2.2.3-gcc/bin/../sparc-gaisler-elf/bsp/gr712rc/leon3/mfix-gr712rc/soft/libbcc.a(timer_gptimer_init.c.o)
 .debug_aranges
                0x0000000000000238       0x18 /home/fsw/rep/tasa/lib/bcc-2.2.3-gcc/bin/../sparc-gaisler-elf/bsp/gr712rc/leon3/mfix-gr712rc/soft/libbcc.a(isr.c.o)
 .debug_aranges
                0x0000000000000250       0x18 /home/fsw/rep/tasa/lib/bcc-2.2.3-gcc/bin/../sparc-gaisler-elf/bsp/gr712rc/leon3/mfix-gr712rc/soft/libbcc.a(int_nest.c.o)
 .debug_aranges
                0x0000000000000268       0x18 /home/fsw/rep/tasa/lib/bcc-2.2.3-gcc/bin/../sparc-gaisler-elf/bsp/gr712rc/leon3/mfix-gr712rc/soft/libbcc.a(int_irqmp_handle.c.o)
 .debug_aranges
                0x0000000000000280       0x20 /home/fsw/rep/tasa/lib/bcc-2.2.3-gcc/bin/../lib/gcc/sparc-gaisler-elf/10.2.0/../../../../sparc-gaisler-elf/lib/leon3/mfix-gr712rc/soft/libc.a(lib_a-atexit.o)
 .debug_aranges
                0x00000000000002a0       0x20 /home/fsw/rep/tasa/lib/bcc-2.2.3-gcc/bin/../lib/gcc/sparc-gaisler-elf/10.2.0/../../../../sparc-gaisler-elf/lib/leon3/mfix-gr712rc/soft/libc.a(lib_a-exit.o)
 .debug_aranges
                0x00000000000002c0       0x18 /home/fsw/rep/tasa/lib/bcc-2.2.3-gcc/bin/../lib/gcc/sparc-gaisler-elf/10.2.0/../../../../sparc-gaisler-elf/lib/leon3/mfix-gr712rc/soft/libc.a(lib_a-impure.o)
 .debug_aranges
                0x00000000000002d8       0x20 /home/fsw/rep/tasa/lib/bcc-2.2.3-gcc/bin/../lib/gcc/sparc-gaisler-elf/10.2.0/../../../../sparc-gaisler-elf/lib/leon3/mfix-gr712rc/soft/libc.a(lib_a-printf.o)
 .debug_aranges
                0x00000000000002f8       0x20 /home/fsw/rep/tasa/lib/bcc-2.2.3-gcc/bin/../lib/gcc/sparc-gaisler-elf/10.2.0/../../../../sparc-gaisler-elf/lib/leon3/mfix-gr712rc/soft/libc.a(lib_a-putchar.o)
 .debug_aranges
                0x0000000000000318       0x20 /home/fsw/rep/tasa/lib/bcc-2.2.3-gcc/bin/../lib/gcc/sparc-gaisler-elf/10.2.0/../../../../sparc-gaisler-elf/lib/leon3/mfix-gr712rc/soft/libc.a(lib_a-puts.o)
 .debug_aranges
                0x0000000000000338       0x20 /home/fsw/rep/tasa/lib/bcc-2.2.3-gcc/bin/../lib/gcc/sparc-gaisler-elf/10.2.0/../../../../sparc-gaisler-elf/lib/leon3/mfix-gr712rc/soft/libc.a(lib_a-strlen.o)
 .debug_aranges
                0x0000000000000358       0x20 /home/fsw/rep/tasa/lib/bcc-2.2.3-gcc/bin/../lib/gcc/sparc-gaisler-elf/10.2.0/../../../../sparc-gaisler-elf/lib/leon3/mfix-gr712rc/soft/libc.a(lib_a-vfprintf.o)
 .debug_aranges
                0x0000000000000378       0x20 /home/fsw/rep/tasa/lib/bcc-2.2.3-gcc/bin/../lib/gcc/sparc-gaisler-elf/10.2.0/../../../../sparc-gaisler-elf/lib/leon3/mfix-gr712rc/soft/libc.a(lib_a-wsetup.o)
 .debug_aranges
                0x0000000000000398       0x20 /home/fsw/rep/tasa/lib/bcc-2.2.3-gcc/bin/../lib/gcc/sparc-gaisler-elf/10.2.0/../../../../sparc-gaisler-elf/lib/leon3/mfix-gr712rc/soft/libc.a(lib_a-__atexit.o)
 .debug_aranges
                0x00000000000003b8       0x20 /home/fsw/rep/tasa/lib/bcc-2.2.3-gcc/bin/../lib/gcc/sparc-gaisler-elf/10.2.0/../../../../sparc-gaisler-elf/lib/leon3/mfix-gr712rc/soft/libc.a(lib_a-__call_atexit.o)
 .debug_aranges
                0x00000000000003d8       0x20 /home/fsw/rep/tasa/lib/bcc-2.2.3-gcc/bin/../lib/gcc/sparc-gaisler-elf/10.2.0/../../../../sparc-gaisler-elf/lib/leon3/mfix-gr712rc/soft/libc.a(lib_a-dtoa.o)
 .debug_aranges
                0x00000000000003f8       0x20 /home/fsw/rep/tasa/lib/bcc-2.2.3-gcc/bin/../lib/gcc/sparc-gaisler-elf/10.2.0/../../../../sparc-gaisler-elf/lib/leon3/mfix-gr712rc/soft/libc.a(lib_a-fflush.o)
 .debug_aranges
                0x0000000000000418       0x20 /home/fsw/rep/tasa/lib/bcc-2.2.3-gcc/bin/../lib/gcc/sparc-gaisler-elf/10.2.0/../../../../sparc-gaisler-elf/lib/leon3/mfix-gr712rc/soft/libc.a(lib_a-findfp.o)
 .debug_aranges
                0x0000000000000438       0x20 /home/fsw/rep/tasa/lib/bcc-2.2.3-gcc/bin/../lib/gcc/sparc-gaisler-elf/10.2.0/../../../../sparc-gaisler-elf/lib/leon3/mfix-gr712rc/soft/libc.a(lib_a-freer.o)
 .debug_aranges
                0x0000000000000458       0x20 /home/fsw/rep/tasa/lib/bcc-2.2.3-gcc/bin/../lib/gcc/sparc-gaisler-elf/10.2.0/../../../../sparc-gaisler-elf/lib/leon3/mfix-gr712rc/soft/libc.a(lib_a-fvwrite.o)
 .debug_aranges
                0x0000000000000478       0x20 /home/fsw/rep/tasa/lib/bcc-2.2.3-gcc/bin/../lib/gcc/sparc-gaisler-elf/10.2.0/../../../../sparc-gaisler-elf/lib/leon3/mfix-gr712rc/soft/libc.a(lib_a-fwalk.o)
 .debug_aranges
                0x0000000000000498       0x20 /home/fsw/rep/tasa/lib/bcc-2.2.3-gcc/bin/../lib/gcc/sparc-gaisler-elf/10.2.0/../../../../sparc-gaisler-elf/lib/leon3/mfix-gr712rc/soft/libc.a(lib_a-localeconv.o)
 .debug_aranges
                0x00000000000004b8       0x20 /home/fsw/rep/tasa/lib/bcc-2.2.3-gcc/bin/../lib/gcc/sparc-gaisler-elf/10.2.0/../../../../sparc-gaisler-elf/lib/leon3/mfix-gr712rc/soft/libc.a(lib_a-makebuf.o)
 .debug_aranges
                0x00000000000004d8       0x20 /home/fsw/rep/tasa/lib/bcc-2.2.3-gcc/bin/../lib/gcc/sparc-gaisler-elf/10.2.0/../../../../sparc-gaisler-elf/lib/leon3/mfix-gr712rc/soft/libc.a(lib_a-malloc.o)
 .debug_aranges
                0x00000000000004f8       0x20 /home/fsw/rep/tasa/lib/bcc-2.2.3-gcc/bin/../lib/gcc/sparc-gaisler-elf/10.2.0/../../../../sparc-gaisler-elf/lib/leon3/mfix-gr712rc/soft/libc.a(lib_a-mallocr.o)
 .debug_aranges
                0x0000000000000518       0x20 /home/fsw/rep/tasa/lib/bcc-2.2.3-gcc/bin/../lib/gcc/sparc-gaisler-elf/10.2.0/../../../../sparc-gaisler-elf/lib/leon3/mfix-gr712rc/soft/libc.a(lib_a-memchr.o)
 .debug_aranges
                0x0000000000000538       0x20 /home/fsw/rep/tasa/lib/bcc-2.2.3-gcc/bin/../lib/gcc/sparc-gaisler-elf/10.2.0/../../../../sparc-gaisler-elf/lib/leon3/mfix-gr712rc/soft/libc.a(lib_a-memcpy.o)
 .debug_aranges
                0x0000000000000558       0x20 /home/fsw/rep/tasa/lib/bcc-2.2.3-gcc/bin/../lib/gcc/sparc-gaisler-elf/10.2.0/../../../../sparc-gaisler-elf/lib/leon3/mfix-gr712rc/soft/libc.a(lib_a-memmove.o)
 .debug_aranges
                0x0000000000000578       0x20 /home/fsw/rep/tasa/lib/bcc-2.2.3-gcc/bin/../lib/gcc/sparc-gaisler-elf/10.2.0/../../../../sparc-gaisler-elf/lib/leon3/mfix-gr712rc/soft/libc.a(lib_a-memset.o)
 .debug_aranges
                0x0000000000000598       0x20 /home/fsw/rep/tasa/lib/bcc-2.2.3-gcc/bin/../lib/gcc/sparc-gaisler-elf/10.2.0/../../../../sparc-gaisler-elf/lib/leon3/mfix-gr712rc/soft/libc.a(lib_a-mlock.o)
 .debug_aranges
                0x00000000000005b8       0x20 /home/fsw/rep/tasa/lib/bcc-2.2.3-gcc/bin/../lib/gcc/sparc-gaisler-elf/10.2.0/../../../../sparc-gaisler-elf/lib/leon3/mfix-gr712rc/soft/libc.a(lib_a-mprec.o)
 .debug_aranges
                0x00000000000005d8       0x20 /home/fsw/rep/tasa/lib/bcc-2.2.3-gcc/bin/../lib/gcc/sparc-gaisler-elf/10.2.0/../../../../sparc-gaisler-elf/lib/leon3/mfix-gr712rc/soft/libc.a(lib_a-putc.o)
 .debug_aranges
                0x00000000000005f8       0x20 /home/fsw/rep/tasa/lib/bcc-2.2.3-gcc/bin/../lib/gcc/sparc-gaisler-elf/10.2.0/../../../../sparc-gaisler-elf/lib/leon3/mfix-gr712rc/soft/libc.a(lib_a-reallocr.o)
 .debug_aranges
                0x0000000000000618       0x20 /home/fsw/rep/tasa/lib/bcc-2.2.3-gcc/bin/../lib/gcc/sparc-gaisler-elf/10.2.0/../../../../sparc-gaisler-elf/lib/leon3/mfix-gr712rc/soft/libc.a(lib_a-s_frexp.o)
 .debug_aranges
                0x0000000000000638       0x20 /home/fsw/rep/tasa/lib/bcc-2.2.3-gcc/bin/../lib/gcc/sparc-gaisler-elf/10.2.0/../../../../sparc-gaisler-elf/lib/leon3/mfix-gr712rc/soft/libc.a(lib_a-sbrkr.o)
 .debug_aranges
                0x0000000000000658       0x20 /home/fsw/rep/tasa/lib/bcc-2.2.3-gcc/bin/../lib/gcc/sparc-gaisler-elf/10.2.0/../../../../sparc-gaisler-elf/lib/leon3/mfix-gr712rc/soft/libc.a(lib_a-stdio.o)
 .debug_aranges
                0x0000000000000678       0x20 /home/fsw/rep/tasa/lib/bcc-2.2.3-gcc/bin/../lib/gcc/sparc-gaisler-elf/10.2.0/../../../../sparc-gaisler-elf/lib/leon3/mfix-gr712rc/soft/libc.a(lib_a-strncpy.o)
 .debug_aranges
                0x0000000000000698       0x20 /home/fsw/rep/tasa/lib/bcc-2.2.3-gcc/bin/../lib/gcc/sparc-gaisler-elf/10.2.0/../../../../sparc-gaisler-elf/lib/leon3/mfix-gr712rc/soft/libc.a(lib_a-vfiprintf.o)
 .debug_aranges
                0x00000000000006b8       0x20 /home/fsw/rep/tasa/lib/bcc-2.2.3-gcc/bin/../lib/gcc/sparc-gaisler-elf/10.2.0/../../../../sparc-gaisler-elf/lib/leon3/mfix-gr712rc/soft/libc.a(lib_a-wbuf.o)
 .debug_aranges
                0x00000000000006d8       0x20 /home/fsw/rep/tasa/lib/bcc-2.2.3-gcc/bin/../lib/gcc/sparc-gaisler-elf/10.2.0/../../../../sparc-gaisler-elf/lib/leon3/mfix-gr712rc/soft/libc.a(lib_a-writer.o)
 .debug_aranges