Archive member included to satisfy reference by file (symbol)

/home/fsw/rep/tasa/lib/bcc-2.2.3-gcc/bin/../sparc-gaisler-elf/bsp/leon3/mfix-b2bst/mfix-tn0013/libbcc.a(reset_trap_mvt.S.o)
                              /home/fsw/rep/tasa/lib/bcc-2.2.3-gcc/bin/../sparc-gaisler-elf/bsp/leon3/mfix-b2bst/mfix-tn0013/trap_table_mvt.S.o (__bcc_trap_reset_mvt)
/home/fsw/rep/tasa/lib/bcc-2.2.3-gcc/bin/../sparc-gaisler-elf/bsp/leon3/mfix-b2bst/mfix-tn0013/libbcc.a(window_trap.S.o)
                              /home/fsw/rep/tasa/lib/bcc-2.2.3-gcc/bin/../sparc-gaisler-elf/bsp/leon3/mfix-b2bst/mfix-tn0013/trap_table_mvt.S.o (__bcc_trap_window_overflow)
/home/fsw/rep/tasa/lib/bcc-2.2.3-gcc/bin/../sparc-gaisler-elf/bsp/leon3/mfix-b2bst/mfix-tn0013/libbcc.a(interrupt_trap.S.o)
                              /home/fsw/rep/tasa/lib/bcc-2.2.3-gcc/bin/../sparc-gaisler-elf/bsp/leon3/mfix-b2bst/mfix-tn0013/trap_table_mvt.S.o (__bcc_trap_interrupt)
/home/fsw/rep/tasa/lib/bcc-2.2.3-gcc/bin/../sparc-gaisler-elf/bsp/leon3/mfix-b2bst/mfix-tn0013/libbcc.a(flush_windows_trap.S.o)
                              /home/fsw/rep/tasa/lib/bcc-2.2.3-gcc/bin/../sparc-gaisler-elf/bsp/leon3/mfix-b2bst/mfix-tn0013/trap_table_mvt.S.o (__bcc_trap_flush_windows)
/home/fsw/rep/tasa/lib/bcc-2.2.3-gcc/bin/../sparc-gaisler-elf/bsp/leon3/mfix-b2bst/mfix-tn0013/libbcc.a(sw_trap_set_pil.S.o)
                              /home/fsw/rep/tasa/lib/bcc-2.2.3-gcc/bin/../sparc-gaisler-elf/bsp/leon3/mfix-b2bst/mfix-tn0013/trap_table_mvt.S.o (__bcc_trap_sw_set_pil)
/home/fsw/rep/tasa/lib/bcc-2.2.3-gcc/bin/../sparc-gaisler-elf/bsp/leon3/mfix-b2bst/mfix-tn0013/libbcc.a(isr.c.o)
                              /home/fsw/rep/tasa/lib/bcc-2.2.3-gcc/bin/../sparc-gaisler-elf/bsp/leon3/mfix-b2bst/mfix-tn0013/libbcc.a(interrupt_trap.S.o) (__bcc_isr_list)
/home/fsw/rep/tasa/lib/bcc-2.2.3-gcc/bin/../sparc-gaisler-elf/bsp/leon3/mfix-b2bst/mfix-tn0013/libbcc.a(int_nest.c.o)
                              /home/fsw/rep/tasa/lib/bcc-2.2.3-gcc/bin/../sparc-gaisler-elf/bsp/leon3/mfix-b2bst/mfix-tn0013/libbcc.a(interrupt_trap.S.o) (__bcc_int_nest)
/home/fsw/rep/tasa/lib/bcc-2.2.3-gcc/bin/../sparc-gaisler-elf/bsp/leon3/mfix-b2bst/mfix-tn0013/libbcc.a(init.S.o)
                              /home/fsw/rep/tasa/lib/bcc-2.2.3-gcc/bin/../sparc-gaisler-elf/bsp/leon3/mfix-b2bst/mfix-tn0013/libbcc.a(reset_trap_mvt.S.o) (__bcc_init40)
/home/fsw/rep/tasa/lib/bcc-2.2.3-gcc/bin/../sparc-gaisler-elf/bsp/leon3/mfix-b2bst/mfix-tn0013/libbcc.a(leon_info.S.o)
                              /home/fsw/rep/tasa/lib/bcc-2.2.3-gcc/bin/../sparc-gaisler-elf/bsp/leon3/mfix-b2bst/mfix-tn0013/crt0.S.o (__bcc_get_leon_info)
/home/fsw/rep/tasa/lib/bcc-2.2.3-gcc/bin/../sparc-gaisler-elf/bsp/leon3/mfix-b2bst/mfix-tn0013/libbcc.a(dwzero.S.o)
                              /home/fsw/rep/tasa/lib/bcc-2.2.3-gcc/bin/../sparc-gaisler-elf/bsp/leon3/mfix-b2bst/mfix-tn0013/crt0.S.o (bcc_dwzero)
/home/fsw/rep/tasa/lib/bcc-2.2.3-gcc/bin/../sparc-gaisler-elf/bsp/leon3/mfix-b2bst/mfix-tn0013/libbcc.a(copy_data.c.o)
                              /home/fsw/rep/tasa/lib/bcc-2.2.3-gcc/bin/../sparc-gaisler-elf/bsp/leon3/mfix-b2bst/mfix-tn0013/crt0.S.o (__bcc_copy_data)
/home/fsw/rep/tasa/lib/bcc-2.2.3-gcc/bin/../sparc-gaisler-elf/bsp/leon3/mfix-b2bst/mfix-tn0013/libbcc.a(argv.c.o)
                              /home/fsw/rep/tasa/lib/bcc-2.2.3-gcc/bin/../sparc-gaisler-elf/bsp/leon3/mfix-b2bst/mfix-tn0013/crt0.S.o (__bcc_argvp)
/home/fsw/rep/tasa/lib/bcc-2.2.3-gcc/bin/../sparc-gaisler-elf/bsp/leon3/mfix-b2bst/mfix-tn0013/libbcc.a(int_irqmp_get_source.c.o)
                              /home/fsw/rep/tasa/lib/bcc-2.2.3-gcc/bin/../sparc-gaisler-elf/bsp/leon3/mfix-b2bst/mfix-tn0013/libbcc.a(interrupt_trap.S.o) (__bcc_int_get_source)
/home/fsw/rep/tasa/lib/bcc-2.2.3-gcc/bin/../sparc-gaisler-elf/bsp/leon3/mfix-b2bst/mfix-tn0013/libbcc.a(int_irqmp_mp.c.o)
                              /tmp/ccJ0NJKw.o (bcc_get_cpu_count)
/home/fsw/rep/tasa/lib/bcc-2.2.3-gcc/bin/../sparc-gaisler-elf/bsp/leon3/mfix-b2bst/mfix-tn0013/libbcc.a(int_irqmp_init.c.o)
                              /home/fsw/rep/tasa/lib/bcc-2.2.3-gcc/bin/../sparc-gaisler-elf/bsp/leon3/mfix-b2bst/mfix-tn0013/crt0.S.o (__bcc_int_init)
/home/fsw/rep/tasa/lib/bcc-2.2.3-gcc/bin/../sparc-gaisler-elf/bsp/leon3/mfix-b2bst/mfix-tn0013/libbcc.a(con_apbuart_init.c.o)
                              /home/fsw/rep/tasa/lib/bcc-2.2.3-gcc/bin/../sparc-gaisler-elf/bsp/leon3/mfix-b2bst/mfix-tn0013/crt0.S.o (__bcc_con_init)
/home/fsw/rep/tasa/lib/bcc-2.2.3-gcc/bin/../sparc-gaisler-elf/bsp/leon3/mfix-b2bst/mfix-tn0013/libbcc.a(timer_gptimer_init.c.o)
                              /home/fsw/rep/tasa/lib/bcc-2.2.3-gcc/bin/../sparc-gaisler-elf/bsp/leon3/mfix-b2bst/mfix-tn0013/crt0.S.o (__bcc_timer_init)
/home/fsw/rep/tasa/lib/bcc-2.2.3-gcc/bin/../sparc-gaisler-elf/bsp/leon3/mfix-b2bst/mfix-tn0013/libbcc.a(ambapp.c.o)
[...]
Memory Configuration

Name             Origin             Length             Attributes
rom              0x0000000000000000 0x0000000020000000
ram              0x0000000040000000 0x0000000040000000
*default*        0x0000000000000000 0xffffffffffffffff

Linker script and memory map

LOAD /home/fsw/rep/tasa/lib/bcc-2.2.3-gcc/bin/../sparc-gaisler-elf/bsp/leon3/mfix-b2bst/mfix-tn0013/trap_table_mvt.S.o
LOAD /home/fsw/rep/tasa/lib/bcc-2.2.3-gcc/bin/../sparc-gaisler-elf/bsp/leon3/mfix-b2bst/mfix-tn0013/crt0.S.o
LOAD /home/fsw/rep/tasa/lib/bcc-2.2.3-gcc/bin/../lib/gcc/sparc-gaisler-elf/10.2.0/mfix-b2bst/mfix-tn0013/crti.o
LOAD /home/fsw/rep/tasa/lib/bcc-2.2.3-gcc/bin/../lib/gcc/sparc-gaisler-elf/10.2.0/mfix-b2bst/mfix-tn0013/crtbegin.o
LOAD /tmp/ccJ0NJKw.o
                0x0000000000000000                PROVIDE (__bcc_cfg_skip_clear_bss = 0x0)

.text           0x0000000040000000     0xf5e0
 CREATE_OBJECT_SYMBOLS
                0x0000000040000000                __text_start = .
                0x0000000040000000                . = ALIGN (0x1000)
 *(.text.traptable)
 .text.traptable
                0x0000000040000000     0x1000 /home/fsw/rep/tasa/lib/bcc-2.2.3-gcc/bin/../sparc-gaisler-elf/bsp/leon3/mfix-b2bst/mfix-tn0013/trap_table_mvt.S.o
                0x0000000040000000                __bcc_trap_table
                0x0000000040000000                __bcc_entry_point
 *(.text .text.*)
 .text          0x0000000040001000        0x0 /home/fsw/rep/tasa/lib/bcc-2.2.3-gcc/bin/../sparc-gaisler-elf/bsp/leon3/mfix-b2bst/mfix-tn0013/trap_table_mvt.S.o
 .text          0x0000000040001000       0xc8 /home/fsw/rep/tasa/lib/bcc-2.2.3-gcc/bin/../sparc-gaisler-elf/bsp/leon3/mfix-b2bst/mfix-tn0013/crt0.S.o
                0x0000000040001000                __bcc_crt0
 .text          0x00000000400010c8        0x0 /home/fsw/rep/tasa/lib/bcc-2.2.3-gcc/bin/../lib/gcc/sparc-gaisler-elf/10.2.0/mfix-b2bst/mfix-tn0013/crti.o
 .text          0x00000000400010c8      0x188 /home/fsw/rep/tasa/lib/bcc-2.2.3-gcc/bin/../lib/gcc/sparc-gaisler-elf/10.2.0/mfix-b2bst/mfix-tn0013/crtbegin.o
 .text          0x0000000040001250        0x0 /tmp/ccJ0NJKw.o
 .text.startup  0x0000000040001250      0x14c /tmp/ccJ0NJKw.o
                0x0000000040001250                main
 .text          0x000000004000139c       0x90 /home/fsw/rep/tasa/lib/bcc-2.2.3-gcc/bin/../sparc-gaisler-elf/bsp/leon3/mfix-b2bst/mfix-tn0013/libbcc.a(reset_trap_mvt.S.o)
                0x000000004000139c                __bcc_trap_reset_mvt
 .text          0x000000004000142c       0xb0 /home/fsw/rep/tasa/lib/bcc-2.2.3-gcc/bin/../sparc-gaisler-elf/bsp/leon3/mfix-b2bst/mfix-tn0013/libbcc.a(window_trap.S.o)
                0x000000004000142c                __bcc_trap_window_overflow
                0x000000004000147c                __bcc_trap_window_underflow
 .text          0x00000000400014dc      0x1c8 /home/fsw/rep/tasa/lib/bcc-2.2.3-gcc/bin/../sparc-gaisler-elf/bsp/leon3/mfix-b2bst/mfix-tn0013/libbcc.a(interrupt_trap.S.o)
                0x00000000400014dc                __bcc_trap_interrupt_svt
                0x00000000400014e0                __bcc_trap_interrupt
 .text          0x00000000400016a4       0x8c /home/fsw/rep/tasa/lib/bcc-2.2.3-gcc/bin/../sparc-gaisler-elf/bsp/leon3/mfix-b2bst/mfix-tn0013/libbcc.a(flush_windows_trap.S.o)
                0x00000000400016a4                __bcc_trap_flush_windows
 .text          0x0000000040001730       0x2c /home/fsw/rep/tasa/lib/bcc-2.2.3-gcc/bin/../sparc-gaisler-elf/bsp/leon3/mfix-b2bst/mfix-tn0013/libbcc.a(sw_trap_set_pil.S.o)
                0x0000000040001730                __bcc_trap_sw_set_pil
 .text          0x000000004000175c        0x0 /home/fsw/rep/tasa/lib/bcc-2.2.3-gcc/bin/../sparc-gaisler-elf/bsp/leon3/mfix-b2bst/mfix-tn0013/libbcc.a(isr.c.o)
 .text          0x000000004000175c        0x0 /home/fsw/rep/tasa/lib/bcc-2.2.3-gcc/bin/../sparc-gaisler-elf/bsp/leon3/mfix-b2bst/mfix-tn0013/libbcc.a(int_nest.c.o)
 .text          0x000000004000175c        0x8 /home/fsw/rep/tasa/lib/bcc-2.2.3-gcc/bin/../sparc-gaisler-elf/bsp/leon3/mfix-b2bst/mfix-tn0013/libbcc.a(init.S.o)
                0x000000004000175c                __bcc_init50
                0x000000004000175c                __bcc_init40
                0x000000004000175c                __bcc_init70
                0x000000004000175c                __bcc_init60
 .text          0x0000000040001764       0x98 /home/fsw/rep/tasa/lib/bcc-2.2.3-gcc/bin/../sparc-gaisler-elf/bsp/leon3/mfix-b2bst/mfix-tn0013/libbcc.a(leon_info.S.o)
                0x0000000040001764                __bcc_get_leon_info
                0x00000000400017ec                bcc_get_cpuid
 .text          0x00000000400017fc       0x2c /home/fsw/rep/tasa/lib/bcc-2.2.3-gcc/bin/../sparc-gaisler-elf/bsp/leon3/mfix-b2bst/mfix-tn0013/libbcc.a(dwzero.S.o)
                0x00000000400017fc                bcc_dwzero
 .text          0x0000000040001828       0x5c /home/fsw/rep/tasa/lib/bcc-2.2.3-gcc/bin/../sparc-gaisler-elf/bsp/leon3/mfix-b2bst/mfix-tn0013/libbcc.a(copy_data.c.o)
                0x0000000040001828                __bcc_copy_data
 .text          0x0000000040001884        0x0 /home/fsw/rep/tasa/lib/bcc-2.2.3-gcc/bin/../sparc-gaisler-elf/bsp/leon3/mfix-b2bst/mfix-tn0013/libbcc.a(argv.c.o)
 .text          0x0000000040001884       0x48 /home/fsw/rep/tasa/lib/bcc-2.2.3-gcc/bin/../sparc-gaisler-elf/bsp/leon3/mfix-b2bst/mfix-tn0013/libbcc.a(int_irqmp_get_source.c.o)
                0x0000000040001884                __bcc_int_get_source
 .text          0x00000000400018cc       0x9c /home/fsw/rep/tasa/lib/bcc-2.2.3-gcc/bin/../sparc-gaisler-elf/bsp/leon3/mfix-b2bst/mfix-tn0013/libbcc.a(int_irqmp_mp.c.o)
                0x00000000400018cc                bcc_send_interrupt
                0x0000000040001908                bcc_get_cpu_count
                0x0000000040001934                bcc_start_processor
 .text          0x0000000040001968      0x1b0 /home/fsw/rep/tasa/lib/bcc-2.2.3-gcc/bin/../sparc-gaisler-elf/bsp/leon3/mfix-b2bst/mfix-tn0013/libbcc.a(int_irqmp_init.c.o)
                0x0000000040001968                __bcc_int_init
 .text          0x0000000040001b18       0x50 /home/fsw/rep/tasa/lib/bcc-2.2.3-gcc/bin/../sparc-gaisler-elf/bsp/leon3/mfix-b2bst/mfix-tn0013/libbcc.a(con_apbuart_init.c.o)
                0x0000000040001b18                __bcc_con_init
 .text          0x0000000040001b68       0x6c /home/fsw/rep/tasa/lib/bcc-2.2.3-gcc/bin/../sparc-gaisler-elf/bsp/leon3/mfix-b2bst/mfix-tn0013/libbcc.a(timer_gptimer_init.c.o)
                0x0000000040001b68                __bcc_timer_init
 .text          0x0000000040001bd4      0x73c /home/fsw/rep/tasa/lib/bcc-2.2.3-gcc/bin/../sparc-gaisler-elf/bsp/leon3/mfix-b2bst/mfix-tn0013/libbcc.a(ambapp.c.o)
                0x0000000040001bd4                ambapp_get_ahbinfo
                0x0000000040002254                ambapp_get_apbinfo
                0x00000000400022dc                ambapp_visit
 .text          0x0000000040002310       0x74 /home/fsw/rep/tasa/lib/bcc-2.2.3-gcc/bin/../sparc-gaisler-elf/bsp/leon3/mfix-b2bst/mfix-tn0013/libbcc.a(ambapp_findfirst_fn.c.o)
                0x0000000040002310                ambapp_findfirst_fn
 .text          0x0000000040002384        0x0 /home/fsw/rep/tasa/lib/bcc-2.2.3-gcc/bin/../sparc-gaisler-elf/bsp/leon3/mfix-b2bst/mfix-tn0013/libbcc.a(int_irqmp_handle.c.o)
 .text          0x0000000040002384        0x0 /home/fsw/rep/tasa/lib/bcc-2.2.3-gcc/bin/../sparc-gaisler-elf/bsp/leon3/mfix-b2bst/mfix-tn0013/libbcc.a(con_handle.c.o)
 .text          0x0000000040002384        0x0 /home/fsw/rep/tasa/lib/bcc-2.2.3-gcc/bin/../sparc-gaisler-elf/bsp/leon3/mfix-b2bst/mfix-tn0013/libbcc.a(timer_handle.c.o)
 .text          0x0000000040002384       0x1c /home/fsw/rep/tasa/lib/bcc-2.2.3-gcc/bin/../lib/gcc/sparc-gaisler-elf/10.2.0/../../../../sparc-gaisler-elf/lib/mfix-b2bst/mfix-tn0013/libc.a(lib_a-atexit.o)
                0x0000000040002384                atexit
 .text          0x00000000400023a0       0x3c /home/fsw/rep/tasa/lib/bcc-2.2.3-gcc/bin/../lib/gcc/sparc-gaisler-elf/10.2.0/../../../../sparc-gaisler-elf/lib/mfix-b2bst/mfix-tn0013/libc.a(lib_a-exit.o)
                0x00000000400023a0                exit
 .text          0x00000000400023dc        0x0 /home/fsw/rep/tasa/lib/bcc-2.2.3-gcc/bin/../lib/gcc/sparc-gaisler-elf/10.2.0/../../../../sparc-gaisler-elf/lib/mfix-b2bst/mfix-tn0013/libc.a(lib_a-impure.o)
 .text          0x00000000400023dc      0x1b4 /home/fsw/rep/tasa/lib/bcc-2.2.3-gcc/bin/../lib/gcc/sparc-gaisler-elf/10.2.0/../../../../sparc-gaisler-elf/lib/mfix-b2bst/mfix-tn0013/libc.a(lib_a-memcpy.o)
                0x00000000400023dc                memcpy
 .text          0x0000000040002590       0xf4 /home/fsw/rep/tasa/lib/bcc-2.2.3-gcc/bin/../lib/gcc/sparc-gaisler-elf/10.2.0/../../../../sparc-gaisler-elf/lib/mfix-b2bst/mfix-tn0013/libc.a(lib_a-printf.o)
                0x0000000040002590                _printf_r
                0x0000000040002604                printf
 .text          0x0000000040002684       0x8c /home/fsw/rep/tasa/lib/bcc-2.2.3-gcc/bin/../lib/gcc/sparc-gaisler-elf/10.2.0/../../../../sparc-gaisler-elf/lib/mfix-b2bst/mfix-tn0013/libc.a(lib_a-putchar.o)
                0x0000000040002684                _putchar_r
                0x00000000400026c4                putchar
 .text          0x0000000040002710      0x268 /home/fsw/rep/tasa/lib/bcc-2.2.3-gcc/bin/../lib/gcc/sparc-gaisler-elf/10.2.0/../../../../sparc-gaisler-elf/lib/mfix-b2bst/mfix-tn0013/libc.a(lib_a-puts.o)
                0x0000000040002710                _puts_r
                0x0000000040002840                puts
 .text          0x0000000040002978       0xac /home/fsw/rep/tasa/lib/bcc-2.2.3-gcc/bin/../lib/gcc/sparc-gaisler-elf/10.2.0/../../../../sparc-gaisler-elf/lib/mfix-b2bst/mfix-tn0013/libc.a(lib_a-strlen.o)
                0x0000000040002978                strlen
 .text          0x0000000040002a24     0x2dc0 /home/fsw/rep/tasa/lib/bcc-2.2.3-gcc/bin/../lib/gcc/sparc-gaisler-elf/10.2.0/../../../../sparc-gaisler-elf/lib/mfix-b2bst/mfix-tn0013/libc.a(lib_a-vfprintf.o)
                0x0000000040002b90                _vfprintf_r
                0x0000000040005718                vfprintf
 .text          0x00000000400057e4      0x1d0 /home/fsw/rep/tasa/lib/bcc-2.2.3-gcc/bin/../lib/gcc/sparc-gaisler-elf/10.2.0/../../../../sparc-gaisler-elf/lib/mfix-b2bst/mfix-tn0013/libc.a(lib_a-wsetup.o)
                0x00000000400057e4                __swsetup_r
 .text          0x00000000400059b4      0x164 /home/fsw/rep/tasa/lib/bcc-2.2.3-gcc/bin/../lib/gcc/sparc-gaisler-elf/10.2.0/../../../../sparc-gaisler-elf/lib/mfix-b2bst/mfix-tn0013/libc.a(lib_a-__atexit.o)
                0x00000000400059b4                __register_exitproc
 .text          0x0000000040005b18      0x2bc /home/fsw/rep/tasa/lib/bcc-2.2.3-gcc/bin/../lib/gcc/sparc-gaisler-elf/10.2.0/../../../../sparc-gaisler-elf/lib/mfix-b2bst/mfix-tn0013/libc.a(lib_a-__call_atexit.o)
                0x0000000040005b18                __call_exitprocs
 .text          0x0000000040005dd4     0x153c /home/fsw/rep/tasa/lib/bcc-2.2.3-gcc/bin/../lib/gcc/sparc-gaisler-elf/10.2.0/../../../../sparc-gaisler-elf/lib/mfix-b2bst/mfix-tn0013/libc.a(lib_a-dtoa.o)
                0x0000000040005fd4                _dtoa_r
 .text          0x0000000040007310      0x3e0 /home/fsw/rep/tasa/lib/bcc-2.2.3-gcc/bin/../lib/gcc/sparc-gaisler-elf/10.2.0/../../../../sparc-gaisler-elf/lib/mfix-b2bst/mfix-tn0013/libc.a(lib_a-fflush.o)
                0x0000000040007310                __sflush_r
                0x0000000040007570                _fflush_r
                0x0000000040007610                fflush
 .text          0x00000000400076f0      0x350 /home/fsw/rep/tasa/lib/bcc-2.2.3-gcc/bin/../lib/gcc/sparc-gaisler-elf/10.2.0/../../../../sparc-gaisler-elf/lib/mfix-b2bst/mfix-tn0013/libc.a(lib_a-findfp.o)
                0x00000000400076f0                _cleanup_r
                0x0000000040007704                __sfmoreglue
                0x0000000040007758                __sfp
                0x0000000040007a00                _cleanup
                0x0000000040007a1c                __sinit
 .text          0x0000000040007a40      0x410 /home/fsw/rep/tasa/lib/bcc-2.2.3-gcc/bin/../lib/gcc/sparc-gaisler-elf/10.2.0/../../../../sparc-gaisler-elf/lib/mfix-b2bst/mfix-tn0013/libc.a(lib_a-freer.o)
                0x0000000040007a40                _malloc_trim_r
                0x0000000040007b34                _free_r
 .text          0x0000000040007e50      0x4fc /home/fsw/rep/tasa/lib/bcc-2.2.3-gcc/bin/../lib/gcc/sparc-gaisler-elf/10.2.0/../../../../sparc-gaisler-elf/lib/mfix-b2bst/mfix-tn0013/libc.a(lib_a-fvwrite.o)
                0x0000000040007e50                __sfvwrite_r
 .text          0x000000004000834c       0xe0 /home/fsw/rep/tasa/lib/bcc-2.2.3-gcc/bin/../lib/gcc/sparc-gaisler-elf/10.2.0/../../../../sparc-gaisler-elf/lib/mfix-b2bst/mfix-tn0013/libc.a(lib_a-fwalk.o)
                0x000000004000834c                _fwalk
                0x00000000400083bc                _fwalk_reent
 .text          0x000000004000842c       0x60 /home/fsw/rep/tasa/lib/bcc-2.2.3-gcc/bin/../lib/gcc/sparc-gaisler-elf/10.2.0/../../../../sparc-gaisler-elf/lib/mfix-b2bst/mfix-tn0013/libc.a(lib_a-localeconv.o)
                0x000000004000842c                __localeconv_l
                0x0000000040008434                _localeconv_r
                0x0000000040008460                localeconv
 .text          0x000000004000848c      0x1f4 /home/fsw/rep/tasa/lib/bcc-2.2.3-gcc/bin/../lib/gcc/sparc-gaisler-elf/10.2.0/../../../../sparc-gaisler-elf/lib/mfix-b2bst/mfix-tn0013/libc.a(lib_a-makebuf.o)
                0x000000004000848c                __smakebuf_r
                0x00000000400085f8                __swhatbuf_r
 .text          0x0000000040008680       0x30 /home/fsw/rep/tasa/lib/bcc-2.2.3-gcc/bin/../lib/gcc/sparc-gaisler-elf/10.2.0/../../../../sparc-gaisler-elf/lib/mfix-b2bst/mfix-tn0013/libc.a(lib_a-malloc.o)
                0x0000000040008680                malloc
                0x0000000040008698                free
 .text          0x00000000400086b0      0x808 /home/fsw/rep/tasa/lib/bcc-2.2.3-gcc/bin/../lib/gcc/sparc-gaisler-elf/10.2.0/../../../../sparc-gaisler-elf/lib/mfix-b2bst/mfix-tn0013/libc.a(lib_a-mallocr.o)
                0x00000000400086b0                _malloc_r
 .text          0x0000000040008eb8       0xf8 /home/fsw/rep/tasa/lib/bcc-2.2.3-gcc/bin/../lib/gcc/sparc-gaisler-elf/10.2.0/../../../../sparc-gaisler-elf/lib/mfix-b2bst/mfix-tn0013/libc.a(lib_a-memchr.o)
                0x0000000040008eb8                memchr
 .text          0x0000000040008fb0      0x210 /home/fsw/rep/tasa/lib/bcc-2.2.3-gcc/bin/../lib/gcc/sparc-gaisler-elf/10.2.0/../../../../sparc-gaisler-elf/lib/mfix-b2bst/mfix-tn0013/libc.a(lib_a-memmove.o)
                0x0000000040008fb0                memmove
 .text          0x00000000400091c0      0x12c /home/fsw/rep/tasa/lib/bcc-2.2.3-gcc/bin/../lib/gcc/sparc-gaisler-elf/10.2.0/../../../../sparc-gaisler-elf/lib/mfix-b2bst/mfix-tn0013/libc.a(lib_a-memset.o)
                0x00000000400091c0                memset
 .text          0x00000000400092ec       0x10 /home/fsw/rep/tasa/lib/bcc-2.2.3-gcc/bin/../lib/gcc/sparc-gaisler-elf/10.2.0/../../../../sparc-gaisler-elf/lib/mfix-b2bst/mfix-tn0013/libc.a(lib_a-mlock.o)
                0x00000000400092ec                __malloc_lock
                0x00000000400092f4                __malloc_unlock
 .text          0x00000000400092fc     0x1740 /home/fsw/rep/tasa/lib/bcc-2.2.3-gcc/bin/../lib/gcc/sparc-gaisler-elf/10.2.0/../../../../sparc-gaisler-elf/lib/mfix-b2bst/mfix-tn0013/libc.a(lib_a-mprec.o)
                0x00000000400092fc                _Balloc
                0x00000000400093d0                _Bfree
                0x0000000040009434                __multadd
                0x0000000040009554                __s2b
                0x000000004000962c                __hi0bits
                0x00000000400096bc                __lo0bits
                0x0000000040009798                __i2b
                0x0000000040009888                __multiply
                0x0000000040009aec                __pow5mult
                0x0000000040009c80                __lshift
                0x0000000040009e44                __mcmp
                0x0000000040009eac                __mdiff
                0x000000004000a0cc                __ulp
                0x000000004000a15c                __b2d
                0x000000004000a2fc                __d2b
                0x000000004000a6d4                __ratio
                0x000000004000a8f4                _mprec_log10
                0x000000004000a934                __copybits
                0x000000004000a9b8                __any_on
 .text          0x000000004000aa3c      0x1c8 /home/fsw/rep/tasa/lib/bcc-2.2.3-gcc/bin/../lib/gcc/sparc-gaisler-elf/10.2.0/../../../../sparc-gaisler-elf/lib/mfix-b2bst/mfix-tn0013/libc.a(lib_a-putc.o)
                0x000000004000aa3c                _putc_r
                0x000000004000ab18                putc
 .text          0x000000004000ac04      0x508 /home/fsw/rep/tasa/lib/bcc-2.2.3-gcc/bin/../lib/gcc/sparc-gaisler-elf/10.2.0/../../../../sparc-gaisler-elf/lib/mfix-b2bst/mfix-tn0013/libc.a(lib_a-reallocr.o)
                0x000000004000ac04                _realloc_r
 .text          0x000000004000b10c       0x98 /home/fsw/rep/tasa/lib/bcc-2.2.3-gcc/bin/../lib/gcc/sparc-gaisler-elf/10.2.0/../../../../sparc-gaisler-elf/lib/mfix-b2bst/mfix-tn0013/libc.a(lib_a-s_frexp.o)
                0x000000004000b10c                frexp
 .text          0x000000004000b1a4       0x40 /home/fsw/rep/tasa/lib/bcc-2.2.3-gcc/bin/../lib/gcc/sparc-gaisler-elf/10.2.0/../../../../sparc-gaisler-elf/lib/mfix-b2bst/mfix-tn0013/libc.a(lib_a-sbrkr.o)
                0x000000004000b1a4                _sbrk_r
 .text          0x000000004000b1e4      0x114 /home/fsw/rep/tasa/lib/bcc-2.2.3-gcc/bin/../lib/gcc/sparc-gaisler-elf/10.2.0/../../../../sparc-gaisler-elf/lib/mfix-b2bst/mfix-tn0013/libc.a(lib_a-stdio.o)
                0x000000004000b1e4                __sread
                0x000000004000b230                __seofread
                0x000000004000b238                __swrite
                0x000000004000b294                __sseek
                0x000000004000b2e8                __sclose
 .text          0x000000004000b2f8      0x1c0 /home/fsw/rep/tasa/lib/bcc-2.2.3-gcc/bin/../lib/gcc/sparc-gaisler-elf/10.2.0/../../../../sparc-gaisler-elf/lib/mfix-b2bst/mfix-tn0013/libc.a(lib_a-strncpy.o)
                0x000000004000b2f8                strncpy
 .text          0x000000004000b4b8     0x1eec /home/fsw/rep/tasa/lib/bcc-2.2.3-gcc/bin/../lib/gcc/sparc-gaisler-elf/10.2.0/../../../../sparc-gaisler-elf/lib/mfix-b2bst/mfix-tn0013/libc.a(lib_a-vfiprintf.o)
                0x000000004000b624                __sprint_r
                0x000000004000b6f0                _vfiprintf_r
                0x000000004000d2d8                vfiprintf
 .text          0x000000004000d3a4      0x35c /home/fsw/rep/tasa/lib/bcc-2.2.3-gcc/bin/../lib/gcc/sparc-gaisler-elf/10.2.0/../../../../sparc-gaisler-elf/lib/mfix-b2bst/mfix-tn0013/libc.a(lib_a-wbuf.o)
                0x000000004000d3a4                __swbuf_r
                0x000000004000d54c                __swbuf
 .text          0x000000004000d700       0x48 /home/fsw/rep/tasa/lib/bcc-2.2.3-gcc/bin/../lib/gcc/sparc-gaisler-elf/10.2.0/../../../../sparc-gaisler-elf/lib/mfix-b2bst/mfix-tn0013/libc.a(lib_a-writer.o)
                0x000000004000d700                _write_r
 .text          0x000000004000d748       0xa4 /home/fsw/rep/tasa/lib/bcc-2.2.3-gcc/bin/../lib/gcc/sparc-gaisler-elf/10.2.0/../../../../sparc-gaisler-elf/lib/mfix-b2bst/mfix-tn0013/libc.a(lib_a-callocr.o)
                0x000000004000d748                _calloc_r
 .text          0x000000004000d7ec       0x40 /home/fsw/rep/tasa/lib/bcc-2.2.3-gcc/bin/../lib/gcc/sparc-gaisler-elf/10.2.0/../../../../sparc-gaisler-elf/lib/mfix-b2bst/mfix-tn0013/libc.a(lib_a-closer.o)
                0x000000004000d7ec                _close_r
 .text          0x000000004000d82c      0x294 /home/fsw/rep/tasa/lib/bcc-2.2.3-gcc/bin/../lib/gcc/sparc-gaisler-elf/10.2.0/../../../../sparc-gaisler-elf/lib/mfix-b2bst/mfix-tn0013/libc.a(lib_a-fclose.o)
                0x000000004000d82c                _fclose_r
                0x000000004000d974                fclose
 .text          0x000000004000dac0      0x1e0 /home/fsw/rep/tasa/lib/bcc-2.2.3-gcc/bin/../lib/gcc/sparc-gaisler-elf/10.2.0/../../../../sparc-gaisler-elf/lib/mfix-b2bst/mfix-tn0013/libc.a(lib_a-fputwc.o)
                0x000000004000dac0                __fputwc
                0x000000004000dbb4                _fputwc_r
                0x000000004000dbe4                fputwc
 .text          0x000000004000dca0       0x44 /home/fsw/rep/tasa/lib/bcc-2.2.3-gcc/bin/../lib/gcc/sparc-gaisler-elf/10.2.0/../../../../sparc-gaisler-elf/lib/mfix-b2bst/mfix-tn0013/libc.a(lib_a-fstatr.o)
                0x000000004000dca0                _fstat_r
 .text          0x000000004000dce4       0x40 /home/fsw/rep/tasa/lib/bcc-2.2.3-gcc/bin/../lib/gcc/sparc-gaisler-elf/10.2.0/../../../../sparc-gaisler-elf/lib/mfix-b2bst/mfix-tn0013/libc.a(lib_a-isattyr.o)
                0x000000004000dce4                _isatty_r
 .text          0x000000004000dd24      0x148 /home/fsw/rep/tasa/lib/bcc-2.2.3-gcc/bin/../lib/gcc/sparc-gaisler-elf/10.2.0/../../../../sparc-gaisler-elf/lib/mfix-b2bst/mfix-tn0013/libc.a(lib_a-locale.o)
                0x000000004000dd24                _setlocale_r
                0x000000004000dd98                __locale_mb_cur_max
                0x000000004000ddc4                __locale_ctype_ptr_l
                0x000000004000ddcc                __locale_ctype_ptr
                0x000000004000ddf8                setlocale
 .text          0x000000004000de6c       0x48 /home/fsw/rep/tasa/lib/bcc-2.2.3-gcc/bin/../lib/gcc/sparc-gaisler-elf/10.2.0/../../../../sparc-gaisler-elf/lib/mfix-b2bst/mfix-tn0013/libc.a(lib_a-lseekr.o)
                0x000000004000de6c                _lseek_r
 .text          0x000000004000deb4       0xb8 /home/fsw/rep/tasa/lib/bcc-2.2.3-gcc/bin/../lib/gcc/sparc-gaisler-elf/10.2.0/../../../../sparc-gaisler-elf/lib/mfix-b2bst/mfix-tn0013/libc.a(lib_a-mbtowc_r.o)
                0x000000004000deb4                _mbtowc_r
                0x000000004000df18                __ascii_mbtowc
 .text          0x000000004000df6c       0x48 /home/fsw/rep/tasa/lib/bcc-2.2.3-gcc/bin/../lib/gcc/sparc-gaisler-elf/10.2.0/../../../../sparc-gaisler-elf/lib/mfix-b2bst/mfix-tn0013/libc.a(lib_a-readr.o)
                0x000000004000df6c                _read_r
 .text          0x000000004000dfb4      0x31c /home/fsw/rep/tasa/lib/bcc-2.2.3-gcc/bin/../lib/gcc/sparc-gaisler-elf/10.2.0/../../../../sparc-gaisler-elf/lib/mfix-b2bst/mfix-tn0013/libc.a(lib_a-reent.o)
                0x000000004000dfb4                cleanup_glue
                0x000000004000e02c                _reclaim_reent
 .text          0x000000004000e2d0       0xc0 /home/fsw/rep/tasa/lib/bcc-2.2.3-gcc/bin/../lib/gcc/sparc-gaisler-elf/10.2.0/../../../../sparc-gaisler-elf/lib/mfix-b2bst/mfix-tn0013/libc.a(lib_a-strcmp.o)
                0x000000004000e2d0                strcmp
 .text          0x000000004000e390      0x140 /home/fsw/rep/tasa/lib/bcc-2.2.3-gcc/bin/../lib/gcc/sparc-gaisler-elf/10.2.0/../../../../sparc-gaisler-elf/lib/mfix-b2bst/mfix-tn0013/libc.a(lib_a-wcrtomb.o)
                0x000000004000e390                _wcrtomb_r
                0x000000004000e438                wcrtomb
 .text          0x000000004000e4d0       0x9c /home/fsw/rep/tasa/lib/bcc-2.2.3-gcc/bin/../lib/gcc/sparc-gaisler-elf/10.2.0/../../../../sparc-gaisler-elf/lib/mfix-b2bst/mfix-tn0013/libc.a(lib_a-wctomb_r.o)
                0x000000004000e4d0                _wctomb_r
                0x000000004000e52c                __ascii_wctomb
 .text          0x000000004000e56c        0x0 /home/fsw/rep/tasa/lib/bcc-2.2.3-gcc/bin/../lib/gcc/sparc-gaisler-elf/10.2.0/../../../../sparc-gaisler-elf/lib/mfix-b2bst/mfix-tn0013/libc.a(lib_a-ctype_.o)
 .text          0x000000004000e56c       0x10 /home/fsw/rep/tasa/lib/bcc-2.2.3-gcc/bin/../sparc-gaisler-elf/bsp/leon3/mfix-b2bst/mfix-tn0013/libbcc.a(_exit.S.o)
                0x000000004000e56c                _exit
 .text          0x000000004000e57c       0x4c /home/fsw/rep/tasa/lib/bcc-2.2.3-gcc/bin/../sparc-gaisler-elf/bsp/leon3/mfix-b2bst/mfix-tn0013/libbcc.a(read.c.o)
                0x000000004000e57c                read
 .text          0x000000004000e5c8       0xb0 /home/fsw/rep/tasa/lib/bcc-2.2.3-gcc/bin/../sparc-gaisler-elf/bsp/leon3/mfix-b2bst/mfix-tn0013/libbcc.a(sbrk.c.o)
                0x000000004000e5c8                sbrk
 .text          0x000000004000e678        0x0 /home/fsw/rep/tasa/lib/bcc-2.2.3-gcc/bin/../sparc-gaisler-elf/bsp/leon3/mfix-b2bst/mfix-tn0013/libbcc.a(heap.c.o)
 .text          0x000000004000e678       0x64 /home/fsw/rep/tasa/lib/bcc-2.2.3-gcc/bin/../sparc-gaisler-elf/bsp/leon3/mfix-b2bst/mfix-tn0013/libbcc.a(write.c.o)
                0x000000004000e678                write
 .text          0x000000004000e6dc       0x20 /home/fsw/rep/tasa/lib/bcc-2.2.3-gcc/bin/../sparc-gaisler-elf/bsp/leon3/mfix-b2bst/mfix-tn0013/libbcc.a(stubs.S.o)
                0x000000004000e6dc                execve
                0x000000004000e6dc                lseek
                0x000000004000e6dc                fstat
                0x000000004000e6dc                kill
                0x000000004000e6dc                wait
                0x000000004000e6dc                unlink
                0x000000004000e6dc                fork
                0x000000004000e6dc                stat
                0x000000004000e6dc                link
                0x000000004000e6dc                open
                0x000000004000e6dc                close
                0x000000004000e6f4                getpid
                0x000000004000e6f4                isatty
 .text          0x000000004000e6fc       0xc4 /home/fsw/rep/tasa/lib/bcc-2.2.3-gcc/bin/../sparc-gaisler-elf/bsp/leon3/mfix-b2bst/mfix-tn0013/libbcc.a(con_apbuart.c.o)
                0x000000004000e6fc                __bcc_con_outbyte
                0x000000004000e78c                __bcc_con_inbyte
 .text          0x000000004000e7c0       0xe8 /home/fsw/rep/tasa/lib/bcc-2.2.3-gcc/bin/../lib/gcc/sparc-gaisler-elf/10.2.0/mfix-b2bst/mfix-tn0013/libgcc.a(_mulsi3.o)
                0x000000004000e7c0                .umul
 .text          0x000000004000e8a8      0x2b0 /home/fsw/rep/tasa/lib/bcc-2.2.3-gcc/bin/../lib/gcc/sparc-gaisler-elf/10.2.0/mfix-b2bst/mfix-tn0013/libgcc.a(_divsi3.o)
                0x000000004000e8a8                .udiv
                0x000000004000e8b0                .div
 .text          0x000000004000eb58      0x2b0 /home/fsw/rep/tasa/lib/bcc-2.2.3-gcc/bin/../lib/gcc/sparc-gaisler-elf/10.2.0/mfix-b2bst/mfix-tn0013/libgcc.a(_modsi3.o)
                0x000000004000eb58                .urem
                0x000000004000eb60                .rem
 .text          0x000000004000ee08      0x354 /home/fsw/rep/tasa/lib/bcc-2.2.3-gcc/bin/../lib/gcc/sparc-gaisler-elf/10.2.0/mfix-b2bst/mfix-tn0013/libgcc.a(_udivdi3.o)
                0x000000004000ee08                __udivdi3
 .text          0x000000004000f15c      0x370 /home/fsw/rep/tasa/lib/bcc-2.2.3-gcc/bin/../lib/gcc/sparc-gaisler-elf/10.2.0/mfix-b2bst/mfix-tn0013/libgcc.a(_umoddi3.o)
                0x000000004000f15c                __umoddi3
 .text          0x000000004000f4cc        0x0 /home/fsw/rep/tasa/lib/bcc-2.2.3-gcc/bin/../lib/gcc/sparc-gaisler-elf/10.2.0/mfix-b2bst/mfix-tn0013/libgcc.a(_clz.o)
 .text          0x000000004000f4cc       0x48 /home/fsw/rep/tasa/lib/bcc-2.2.3-gcc/bin/../lib/gcc/sparc-gaisler-elf/10.2.0/mfix-b2bst/mfix-tn0013/crtend.o
 .text          0x000000004000f514        0x0 /home/fsw/rep/tasa/lib/bcc-2.2.3-gcc/bin/../lib/gcc/sparc-gaisler-elf/10.2.0/mfix-b2bst/mfix-tn0013/crtn.o
                0x000000004000f520                . = ALIGN (0x10)
 *fill*         0x000000004000f514        0xc 
 *(.eh_frame)
 .eh_frame      0x000000004000f520        0x0 /home/fsw/rep/tasa/lib/bcc-2.2.3-gcc/bin/../lib/gcc/sparc-gaisler-elf/10.2.0/mfix-b2bst/mfix-tn0013/crtbegin.o
 .eh_frame      0x000000004000f520       0x2c /home/fsw/rep/tasa/lib/bcc-2.2.3-gcc/bin/../lib/gcc/sparc-gaisler-elf/10.2.0/mfix-b2bst/mfix-tn0013/libgcc.a(_udivdi3.o)
 .eh_frame      0x000000004000f54c       0x2c /home/fsw/rep/tasa/lib/bcc-2.2.3-gcc/bin/../lib/gcc/sparc-gaisler-elf/10.2.0/mfix-b2bst/mfix-tn0013/libgcc.a(_umoddi3.o)
 .eh_frame      0x000000004000f578        0x4 /home/fsw/rep/tasa/lib/bcc-2.2.3-gcc/bin/../lib/gcc/sparc-gaisler-elf/10.2.0/mfix-b2bst/mfix-tn0013/crtend.o
                0x000000004000f580                . = ALIGN (0x10)
 *fill*         0x000000004000f57c        0x4 
 *(.gnu.linkonce.t*)
                0x000000004000f580                ___CTOR_LIST__ = .
                0x000000004000f580        0x4 LONG 0x2 (((___CTOR_END__ - ___CTOR_LIST__) / 0x4) - 0x2)
 *(SORT_BY_NAME(.ctors.*))
 *(.ctors)
 .ctors         0x000000004000f584        0x4 /home/fsw/rep/tasa/lib/bcc-2.2.3-gcc/bin/../lib/gcc/sparc-gaisler-elf/10.2.0/mfix-b2bst/mfix-tn0013/crtbegin.o
 .ctors         0x000000004000f588        0x4 /home/fsw/rep/tasa/lib/bcc-2.2.3-gcc/bin/../lib/gcc/sparc-gaisler-elf/10.2.0/mfix-b2bst/mfix-tn0013/crtend.o
                0x000000004000f58c        0x4 LONG 0x0
                0x000000004000f590                ___CTOR_END__ = .
                0x000000004000f590                ___DTOR_LIST__ = .
                0x000000004000f590        0x4 LONG 0x2 (((___DTOR_END__ - ___DTOR_LIST__) / 0x4) - 0x2)
 *(SORT_BY_NAME(.dtors.*))
 *(.dtors)
 .dtors         0x000000004000f594        0x4 /home/fsw/rep/tasa/lib/bcc-2.2.3-gcc/bin/../lib/gcc/sparc-gaisler-elf/10.2.0/mfix-b2bst/mfix-tn0013/crtbegin.o
 .dtors         0x000000004000f598        0x4 /home/fsw/rep/tasa/lib/bcc-2.2.3-gcc/bin/../lib/gcc/sparc-gaisler-elf/10.2.0/mfix-b2bst/mfix-tn0013/crtend.o
                0x000000004000f598                __DTOR_END__
                0x000000004000f59c        0x4 LONG 0x0
                0x000000004000f5a0                ___DTOR_END__ = .
 *(.gnu.linkonce*)
 *(.init)
 .init          0x000000004000f5a0        0x4 /home/fsw/rep/tasa/lib/bcc-2.2.3-gcc/bin/../lib/gcc/sparc-gaisler-elf/10.2.0/mfix-b2bst/mfix-tn0013/crti.o
                0x000000004000f5a0                _init
 .init          0x000000004000f5a4        0x8 /home/fsw/rep/tasa/lib/bcc-2.2.3-gcc/bin/../lib/gcc/sparc-gaisler-elf/10.2.0/mfix-b2bst/mfix-tn0013/crtbegin.o
 .init          0x000000004000f5ac        0x8 /home/fsw/rep/tasa/lib/bcc-2.2.3-gcc/bin/../lib/gcc/sparc-gaisler-elf/10.2.0/mfix-b2bst/mfix-tn0013/crtend.o
 .init          0x000000004000f5b4        0xc /home/fsw/rep/tasa/lib/bcc-2.2.3-gcc/bin/../lib/gcc/sparc-gaisler-elf/10.2.0/mfix-b2bst/mfix-tn0013/crtn.o
 *(.fini)
 .fini          0x000000004000f5c0        0x4 /home/fsw/rep/tasa/lib/bcc-2.2.3-gcc/bin/../lib/gcc/sparc-gaisler-elf/10.2.0/mfix-b2bst/mfix-tn0013/crti.o
                0x000000004000f5c0                _fini
 .fini          0x000000004000f5c4        0x8 /home/fsw/rep/tasa/lib/bcc-2.2.3-gcc/bin/../lib/gcc/sparc-gaisler-elf/10.2.0/mfix-b2bst/mfix-tn0013/crtbegin.o
 .fini          0x000000004000f5cc        0xc /home/fsw/rep/tasa/lib/bcc-2.2.3-gcc/bin/../lib/gcc/sparc-gaisler-elf/10.2.0/mfix-b2bst/mfix-tn0013/crtn.o
 *(.lit)
 *(.shdata)
                0x000000004000f5e0                . = ALIGN (0x10)
 *fill*         0x000000004000f5d8        0x8 
                0x000000004000f5e0                __text_end = .

.gcc_except_table
 *(.gcc_except_table.*)

.rodata         0x000000004000f5e0      0x740
                0x000000004000f5e0                __rodata_start = .
 *(.rodata*)
 .rodata.str1.8
                0x000000004000f5e0       0xcf /tmp/ccJ0NJKw.o
 *fill*         0x000000004000f6af        0x1 
 .rodata        0x000000004000f6b0        0x5 /tmp/ccJ0NJKw.o
 *fill*         0x000000004000f6b5        0x3 
 .rodata        0x000000004000f6b8        0x4 /home/fsw/rep/tasa/lib/bcc-2.2.3-gcc/bin/../lib/gcc/sparc-gaisler-elf/10.2.0/../../../../sparc-gaisler-elf/lib/mfix-b2bst/mfix-tn0013/libc.a(lib_a-impure.o)
                0x000000004000f6b8                _global_impure_ptr
 *fill*         0x000000004000f6bc        0x4 
 .rodata.str1.8
                0x000000004000f6c0        0x2 /home/fsw/rep/tasa/lib/bcc-2.2.3-gcc/bin/../lib/gcc/sparc-gaisler-elf/10.2.0/../../../../sparc-gaisler-elf/lib/mfix-b2bst/mfix-tn0013/libc.a(lib_a-puts.o)
 *fill*         0x000000004000f6c2        0x6 
 .rodata.str1.8
                0x000000004000f6c8       0x5a /home/fsw/rep/tasa/lib/bcc-2.2.3-gcc/bin/../lib/gcc/sparc-gaisler-elf/10.2.0/../../../../sparc-gaisler-elf/lib/mfix-b2bst/mfix-tn0013/libc.a(lib_a-vfprintf.o)
 *fill*         0x000000004000f722        0x6 
 .rodata.cst8   0x000000004000f728       0x28 /home/fsw/rep/tasa/lib/bcc-2.2.3-gcc/bin/../lib/gcc/sparc-gaisler-elf/10.2.0/../../../../sparc-gaisler-elf/lib/mfix-b2bst/mfix-tn0013/libc.a(lib_a-vfprintf.o)
 .rodata        0x000000004000f750       0x20 /home/fsw/rep/tasa/lib/bcc-2.2.3-gcc/bin/../lib/gcc/sparc-gaisler-elf/10.2.0/../../../../sparc-gaisler-elf/lib/mfix-b2bst/mfix-tn0013/libc.a(lib_a-vfprintf.o)
 .rodata.str1.8
                0x000000004000f770       0x14 /home/fsw/rep/tasa/lib/bcc-2.2.3-gcc/bin/../lib/gcc/sparc-gaisler-elf/10.2.0/../../../../sparc-gaisler-elf/lib/mfix-b2bst/mfix-tn0013/libc.a(lib_a-dtoa.o)
                                         0x1a (size before relaxing)
 *fill*         0x000000004000f784        0x4 
 .rodata.cst8   0x000000004000f788       0x48 /home/fsw/rep/tasa/lib/bcc-2.2.3-gcc/bin/../lib/gcc/sparc-gaisler-elf/10.2.0/../../../../sparc-gaisler-elf/lib/mfix-b2bst/mfix-tn0013/libc.a(lib_a-dtoa.o)
                                         0x50 (size before relaxing)
 .rodata        0x000000004000f7d0       0x60 /home/fsw/rep/tasa/lib/bcc-2.2.3-gcc/bin/../lib/gcc/sparc-gaisler-elf/10.2.0/../../../../sparc-gaisler-elf/lib/mfix-b2bst/mfix-tn0013/libc.a(lib_a-findfp.o)
                0x000000004000f7d0                __sf_fake_stderr
                0x000000004000f7f0                __sf_fake_stdout
                0x000000004000f810                __sf_fake_stdin
 .rodata.cst8   0x000000004000f830       0x10 /home/fsw/rep/tasa/lib/bcc-2.2.3-gcc/bin/../lib/gcc/sparc-gaisler-elf/10.2.0/../../../../sparc-gaisler-elf/lib/mfix-b2bst/mfix-tn0013/libc.a(lib_a-mprec.o)
 .rodata        0x000000004000f830      0x128 /home/fsw/rep/tasa/lib/bcc-2.2.3-gcc/bin/../lib/gcc/sparc-gaisler-elf/10.2.0/../../../../sparc-gaisler-elf/lib/mfix-b2bst/mfix-tn0013/libc.a(lib_a-mprec.o)
                0x000000004000f840                __mprec_tinytens
                0x000000004000f868                __mprec_bigtens
                0x000000004000f890                __mprec_tens
 .rodata.cst8   0x000000004000f958        0x8 /home/fsw/rep/tasa/lib/bcc-2.2.3-gcc/bin/../lib/gcc/sparc-gaisler-elf/10.2.0/../../../../sparc-gaisler-elf/lib/mfix-b2bst/mfix-tn0013/libc.a(lib_a-s_frexp.o)
 .rodata.str1.8
                0x000000004000f960       0x37 /home/fsw/rep/tasa/lib/bcc-2.2.3-gcc/bin/../lib/gcc/sparc-gaisler-elf/10.2.0/../../../../sparc-gaisler-elf/lib/mfix-b2bst/mfix-tn0013/libc.a(lib_a-vfiprintf.o)
 .rodata        0x000000004000f960       0x20 /home/fsw/rep/tasa/lib/bcc-2.2.3-gcc/bin/../lib/gcc/sparc-gaisler-elf/10.2.0/../../../../sparc-gaisler-elf/lib/mfix-b2bst/mfix-tn0013/libc.a(lib_a-vfiprintf.o)
 .rodata.str1.8
                0x000000004000f980       0x12 /home/fsw/rep/tasa/lib/bcc-2.2.3-gcc/bin/../lib/gcc/sparc-gaisler-elf/10.2.0/../../../../sparc-gaisler-elf/lib/mfix-b2bst/mfix-tn0013/libc.a(lib_a-locale.o)
                                         0x1a (size before relaxing)
 *fill*         0x000000004000f992        0x6 
 .rodata        0x000000004000f998      0x288 /home/fsw/rep/tasa/lib/bcc-2.2.3-gcc/bin/../lib/gcc/sparc-gaisler-elf/10.2.0/../../../../sparc-gaisler-elf/lib/mfix-b2bst/mfix-tn0013/libc.a(lib_a-ctype_.o)
                0x000000004000f998                _ctype_
                0x000000004000faa0                _ctype_b
 .rodata        0x000000004000fc20      0x100 /home/fsw/rep/tasa/lib/bcc-2.2.3-gcc/bin/../lib/gcc/sparc-gaisler-elf/10.2.0/mfix-b2bst/mfix-tn0013/libgcc.a(_clz.o)
                0x000000004000fc20                __clz_tab
 *(.gnu.linkonce.r*)
                0x000000004000fd20                . = ALIGN (0x10)
                0x000000004000fd20                __rodata_end = .

.rela.dyn       0x000000004000fd20        0x0
 .rela.iplt     0x000000004000fd20        0x0 /home/fsw/rep/tasa/lib/bcc-2.2.3-gcc/bin/../sparc-gaisler-elf/bsp/leon3/mfix-b2bst/mfix-tn0013/trap_table_mvt.S.o
 .rela.text.traptable
                0x000000004000fd20        0x0 /home/fsw/rep/tasa/lib/bcc-2.2.3-gcc/bin/../sparc-gaisler-elf/bsp/leon3/mfix-b2bst/mfix-tn0013/trap_table_mvt.S.o
 .rela.text     0x000000004000fd20        0x0 /home/fsw/rep/tasa/lib/bcc-2.2.3-gcc/bin/../sparc-gaisler-elf/bsp/leon3/mfix-b2bst/mfix-tn0013/trap_table_mvt.S.o

.ext.data       0x000000004000fd20        0x0
                0x000000004000fd20                . = ALIGN (0x8)
                0x000000004000fd20                __extdata_start = .
 *(.data.ext)
                0x000000004000fd20                . = ALIGN (0x8)
                0x000000004000fd20                __extdata_end = .
                0x000000004000fd20                __extdata_start_lma = LOADADDR (.ext.data)
                0x0000000000000000                __extdata_size = SIZEOF (.ext.data)

.data           0x000000004000fd20      0x610
                0x000000004000fd20                . = ALIGN (0x8)
                0x000000004000fd20                __data_start = .
 *(.data .data.*)
 .data          0x000000004000fd20        0x0 /home/fsw/rep/tasa/lib/bcc-2.2.3-gcc/bin/../sparc-gaisler-elf/bsp/leon3/mfix-b2bst/mfix-tn0013/trap_table_mvt.S.o
 .data          0x000000004000fd20        0x0 /home/fsw/rep/tasa/lib/bcc-2.2.3-gcc/bin/../sparc-gaisler-elf/bsp/leon3/mfix-b2bst/mfix-tn0013/crt0.S.o
 .data          0x000000004000fd20        0x0 /home/fsw/rep/tasa/lib/bcc-2.2.3-gcc/bin/../lib/gcc/sparc-gaisler-elf/10.2.0/mfix-b2bst/mfix-tn0013/crti.o
 .data          0x000000004000fd20        0x4 /home/fsw/rep/tasa/lib/bcc-2.2.3-gcc/bin/../lib/gcc/sparc-gaisler-elf/10.2.0/mfix-b2bst/mfix-tn0013/crtbegin.o
                0x000000004000fd20                __dso_handle
 .data          0x000000004000fd24        0x0 /tmp/ccJ0NJKw.o
 .data          0x000000004000fd24        0x0 /home/fsw/rep/tasa/lib/bcc-2.2.3-gcc/bin/../sparc-gaisler-elf/bsp/leon3/mfix-b2bst/mfix-tn0013/libbcc.a(reset_trap_mvt.S.o)
 .data          0x000000004000fd24        0x0 /home/fsw/rep/tasa/lib/bcc-2.2.3-gcc/bin/../sparc-gaisler-elf/bsp/leon3/mfix-b2bst/mfix-tn0013/libbcc.a(window_trap.S.o)
 .data          0x000000004000fd24        0x0 /home/fsw/rep/tasa/lib/bcc-2.2.3-gcc/bin/../sparc-gaisler-elf/bsp/leon3/mfix-b2bst/mfix-tn0013/libbcc.a(interrupt_trap.S.o)
 .data          0x000000004000fd24        0x0 /home/fsw/rep/tasa/lib/bcc-2.2.3-gcc/bin/../sparc-gaisler-elf/bsp/leon3/mfix-b2bst/mfix-tn0013/libbcc.a(flush_windows_trap.S.o)
 .data          0x000000004000fd24        0x0 /home/fsw/rep/tasa/lib/bcc-2.2.3-gcc/bin/../sparc-gaisler-elf/bsp/leon3/mfix-b2bst/mfix-tn0013/libbcc.a(sw_trap_set_pil.S.o)
 .data          0x000000004000fd24        0x0 /home/fsw/rep/tasa/lib/bcc-2.2.3-gcc/bin/../sparc-gaisler-elf/bsp/leon3/mfix-b2bst/mfix-tn0013/libbcc.a(isr.c.o)
 *fill*         0x000000004000fd24        0x4 
 .data          0x000000004000fd28       0x10 /home/fsw/rep/tasa/lib/bcc-2.2.3-gcc/bin/../sparc-gaisler-elf/bsp/leon3/mfix-b2bst/mfix-tn0013/libbcc.a(int_nest.c.o)
                0x000000004000fd28                __bcc_int_nest
 .data          0x000000004000fd38        0x0 /home/fsw/rep/tasa/lib/bcc-2.2.3-gcc/bin/../sparc-gaisler-elf/bsp/leon3/mfix-b2bst/mfix-tn0013/libbcc.a(init.S.o)
 .data          0x000000004000fd38       0x10 /home/fsw/rep/tasa/lib/bcc-2.2.3-gcc/bin/../sparc-gaisler-elf/bsp/leon3/mfix-b2bst/mfix-tn0013/libbcc.a(leon_info.S.o)
                0x000000004000fd38                __bcc_leon_version
                0x000000004000fd3c                __bcc_nwindows_min1
                0x000000004000fd40                __bcc_nwindows
                0x000000004000fd44                __bcc_cpuid
 .data          0x000000004000fd48        0x0 /home/fsw/rep/tasa/lib/bcc-2.2.3-gcc/bin/../sparc-gaisler-elf/bsp/leon3/mfix-b2bst/mfix-tn0013/libbcc.a(dwzero.S.o)
 .data          0x000000004000fd48        0x0 /home/fsw/rep/tasa/lib/bcc-2.2.3-gcc/bin/../sparc-gaisler-elf/bsp/leon3/mfix-b2bst/mfix-tn0013/libbcc.a(copy_data.c.o)
 .data          0x000000004000fd48        0x4 /home/fsw/rep/tasa/lib/bcc-2.2.3-gcc/bin/../sparc-gaisler-elf/bsp/leon3/mfix-b2bst/mfix-tn0013/libbcc.a(argv.c.o)
                0x000000004000fd48                __bcc_argvp
 .data          0x000000004000fd4c        0x0 /home/fsw/rep/tasa/lib/bcc-2.2.3-gcc/bin/../sparc-gaisler-elf/bsp/leon3/mfix-b2bst/mfix-tn0013/libbcc.a(int_irqmp_get_source.c.o)
 .data          0x000000004000fd4c        0x0 /home/fsw/rep/tasa/lib/bcc-2.2.3-gcc/bin/../sparc-gaisler-elf/bsp/leon3/mfix-b2bst/mfix-tn0013/libbcc.a(int_irqmp_mp.c.o)
 .data          0x000000004000fd4c        0x0 /home/fsw/rep/tasa/lib/bcc-2.2.3-gcc/bin/../sparc-gaisler-elf/bsp/leon3/mfix-b2bst/mfix-tn0013/libbcc.a(int_irqmp_init.c.o)
 .data          0x000000004000fd4c        0x0 /home/fsw/rep/tasa/lib/bcc-2.2.3-gcc/bin/../sparc-gaisler-elf/bsp/leon3/mfix-b2bst/mfix-tn0013/libbcc.a(con_apbuart_init.c.o)
 .data          0x000000004000fd4c        0x0 /home/fsw/rep/tasa/lib/bcc-2.2.3-gcc/bin/../sparc-gaisler-elf/bsp/leon3/mfix-b2bst/mfix-tn0013/libbcc.a(timer_gptimer_init.c.o)
 .data          0x000000004000fd4c        0x0 /home/fsw/rep/tasa/lib/bcc-2.2.3-gcc/bin/../sparc-gaisler-elf/bsp/leon3/mfix-b2bst/mfix-tn0013/libbcc.a(ambapp.c.o)
 .data          0x000000004000fd4c        0x0 /home/fsw/rep/tasa/lib/bcc-2.2.3-gcc/bin/../sparc-gaisler-elf/bsp/leon3/mfix-b2bst/mfix-tn0013/libbcc.a(ambapp_findfirst_fn.c.o)
 .data          0x000000004000fd4c        0x0 /home/fsw/rep/tasa/lib/bcc-2.2.3-gcc/bin/../sparc-gaisler-elf/bsp/leon3/mfix-b2bst/mfix-tn0013/libbcc.a(int_irqmp_handle.c.o)
 .data          0x000000004000fd4c        0x0 /home/fsw/rep/tasa/lib/bcc-2.2.3-gcc/bin/../sparc-gaisler-elf/bsp/leon3/mfix-b2bst/mfix-tn0013/libbcc.a(con_handle.c.o)
 .data          0x000000004000fd4c        0x0 /home/fsw/rep/tasa/lib/bcc-2.2.3-gcc/bin/../sparc-gaisler-elf/bsp/leon3/mfix-b2bst/mfix-tn0013/libbcc.a(timer_handle.c.o)
 .data          0x000000004000fd4c        0x0 /home/fsw/rep/tasa/lib/bcc-2.2.3-gcc/bin/../lib/gcc/sparc-gaisler-elf/10.2.0/../../../../sparc-gaisler-elf/lib/mfix-b2bst/mfix-tn0013/libc.a(lib_a-atexit.o)
 .data          0x000000004000fd4c        0x0 /home/fsw/rep/tasa/lib/bcc-2.2.3-gcc/bin/../lib/gcc/sparc-gaisler-elf/10.2.0/../../../../sparc-gaisler-elf/lib/mfix-b2bst/mfix-tn0013/libc.a(lib_a-exit.o)
 .data          0x000000004000fd4c       0x64 /home/fsw/rep/tasa/lib/bcc-2.2.3-gcc/bin/../lib/gcc/sparc-gaisler-elf/10.2.0/../../../../sparc-gaisler-elf/lib/mfix-b2bst/mfix-tn0013/libc.a(lib_a-impure.o)
                0x000000004000fd4c                _impure_ptr
 .data          0x000000004000fdb0        0x0 /home/fsw/rep/tasa/lib/bcc-2.2.3-gcc/bin/../lib/gcc/sparc-gaisler-elf/10.2.0/../../../../sparc-gaisler-elf/lib/mfix-b2bst/mfix-tn0013/libc.a(lib_a-memcpy.o)
 .data          0x000000004000fdb0        0x0 /home/fsw/rep/tasa/lib/bcc-2.2.3-gcc/bin/../lib/gcc/sparc-gaisler-elf/10.2.0/../../../../sparc-gaisler-elf/lib/mfix-b2bst/mfix-tn0013/libc.a(lib_a-printf.o)
 .data          0x000000004000fdb0        0x0 /home/fsw/rep/tasa/lib/bcc-2.2.3-gcc/bin/../lib/gcc/sparc-gaisler-elf/10.2.0/../../../../sparc-gaisler-elf/lib/mfix-b2bst/mfix-tn0013/libc.a(lib_a-putchar.o)
 .data          0x000000004000fdb0        0x0 /home/fsw/rep/tasa/lib/bcc-2.2.3-gcc/bin/../lib/gcc/sparc-gaisler-elf/10.2.0/../../../../sparc-gaisler-elf/lib/mfix-b2bst/mfix-tn0013/libc.a(lib_a-puts.o)
 .data          0x000000004000fdb0        0x0 /home/fsw/rep/tasa/lib/bcc-2.2.3-gcc/bin/../lib/gcc/sparc-gaisler-elf/10.2.0/../../../../sparc-gaisler-elf/lib/mfix-b2bst/mfix-tn0013/libc.a(lib_a-strlen.o)
 .data          0x000000004000fdb0        0x0 /home/fsw/rep/tasa/lib/bcc-2.2.3-gcc/bin/../lib/gcc/sparc-gaisler-elf/10.2.0/../../../../sparc-gaisler-elf/lib/mfix-b2bst/mfix-tn0013/libc.a(lib_a-vfprintf.o)
 .data          0x000000004000fdb0        0x0 /home/fsw/rep/tasa/lib/bcc-2.2.3-gcc/bin/../lib/gcc/sparc-gaisler-elf/10.2.0/../../../../sparc-gaisler-elf/lib/mfix-b2bst/mfix-tn0013/libc.a(lib_a-wsetup.o)
 .data          0x000000004000fdb0        0x0 /home/fsw/rep/tasa/lib/bcc-2.2.3-gcc/bin/../lib/gcc/sparc-gaisler-elf/10.2.0/../../../../sparc-gaisler-elf/lib/mfix-b2bst/mfix-tn0013/libc.a(lib_a-__atexit.o)
 .data          0x000000004000fdb0        0x0 /home/fsw/rep/tasa/lib/bcc-2.2.3-gcc/bin/../lib/gcc/sparc-gaisler-elf/10.2.0/../../../../sparc-gaisler-elf/lib/mfix-b2bst/mfix-tn0013/libc.a(lib_a-__call_atexit.o)
 .data          0x000000004000fdb0        0x0 /home/fsw/rep/tasa/lib/bcc-2.2.3-gcc/bin/../lib/gcc/sparc-gaisler-elf/10.2.0/../../../../sparc-gaisler-elf/lib/mfix-b2bst/mfix-tn0013/libc.a(lib_a-dtoa.o)
 .data          0x000000004000fdb0        0x0 /home/fsw/rep/tasa/lib/bcc-2.2.3-gcc/bin/../lib/gcc/sparc-gaisler-elf/10.2.0/../../../../sparc-gaisler-elf/lib/mfix-b2bst/mfix-tn0013/libc.a(lib_a-fflush.o)
 .data          0x000000004000fdb0        0x0 /home/fsw/rep/tasa/lib/bcc-2.2.3-gcc/bin/../lib/gcc/sparc-gaisler-elf/10.2.0/../../../../sparc-gaisler-elf/lib/mfix-b2bst/mfix-tn0013/libc.a(lib_a-findfp.o)
 .data          0x000000004000fdb0        0x0 /home/fsw/rep/tasa/lib/bcc-2.2.3-gcc/bin/../lib/gcc/sparc-gaisler-elf/10.2.0/../../../../sparc-gaisler-elf/lib/mfix-b2bst/mfix-tn0013/libc.a(lib_a-freer.o)
 .data          0x000000004000fdb0        0x0 /home/fsw/rep/tasa/lib/bcc-2.2.3-gcc/bin/../lib/gcc/sparc-gaisler-elf/10.2.0/../../../../sparc-gaisler-elf/lib/mfix-b2bst/mfix-tn0013/libc.a(lib_a-fvwrite.o)
 .data          0x000000004000fdb0        0x0 /home/fsw/rep/tasa/lib/bcc-2.2.3-gcc/bin/../lib/gcc/sparc-gaisler-elf/10.2.0/../../../../sparc-gaisler-elf/lib/mfix-b2bst/mfix-tn0013/libc.a(lib_a-fwalk.o)
 .data          0x000000004000fdb0        0x0 /home/fsw/rep/tasa/lib/bcc-2.2.3-gcc/bin/../lib/gcc/sparc-gaisler-elf/10.2.0/../../../../sparc-gaisler-elf/lib/mfix-b2bst/mfix-tn0013/libc.a(lib_a-localeconv.o)
 .data          0x000000004000fdb0        0x0 /home/fsw/rep/tasa/lib/bcc-2.2.3-gcc/bin/../lib/gcc/sparc-gaisler-elf/10.2.0/../../../../sparc-gaisler-elf/lib/mfix-b2bst/mfix-tn0013/libc.a(lib_a-makebuf.o)
 .data          0x000000004000fdb0        0x0 /home/fsw/rep/tasa/lib/bcc-2.2.3-gcc/bin/../lib/gcc/sparc-gaisler-elf/10.2.0/../../../../sparc-gaisler-elf/lib/mfix-b2bst/mfix-tn0013/libc.a(lib_a-malloc.o)
 .data          0x000000004000fdb0      0x410 /home/fsw/rep/tasa/lib/bcc-2.2.3-gcc/bin/../lib/gcc/sparc-gaisler-elf/10.2.0/../../../../sparc-gaisler-elf/lib/mfix-b2bst/mfix-tn0013/libc.a(lib_a-mallocr.o)
                0x000000004000fdb0                __malloc_sbrk_base
                0x000000004000fdb4                __malloc_trim_threshold
                0x000000004000fdb8                __malloc_av_
 .data          0x00000000400101c0        0x0 /home/fsw/rep/tasa/lib/bcc-2.2.3-gcc/bin/../lib/gcc/sparc-gaisler-elf/10.2.0/../../../../sparc-gaisler-elf/lib/mfix-b2bst/mfix-tn0013/libc.a(lib_a-memchr.o)
 .data          0x00000000400101c0        0x0 /home/fsw/rep/tasa/lib/bcc-2.2.3-gcc/bin/../lib/gcc/sparc-gaisler-elf/10.2.0/../../../../sparc-gaisler-elf/lib/mfix-b2bst/mfix-tn0013/libc.a(lib_a-memmove.o)
 .data          0x00000000400101c0        0x0 /home/fsw/rep/tasa/lib/bcc-2.2.3-gcc/bin/../lib/gcc/sparc-gaisler-elf/10.2.0/../../../../sparc-gaisler-elf/lib/mfix-b2bst/mfix-tn0013/libc.a(lib_a-memset.o)
 .data          0x00000000400101c0        0x0 /home/fsw/rep/tasa/lib/bcc-2.2.3-gcc/bin/../lib/gcc/sparc-gaisler-elf/10.2.0/../../../../sparc-gaisler-elf/lib/mfix-b2bst/mfix-tn0013/libc.a(lib_a-mlock.o)
 .data          0x00000000400101c0        0x0 /home/fsw/rep/tasa/lib/bcc-2.2.3-gcc/bin/../lib/gcc/sparc-gaisler-elf/10.2.0/../../../../sparc-gaisler-elf/lib/mfix-b2bst/mfix-tn0013/libc.a(lib_a-mprec.o)
 .data          0x00000000400101c0        0x0 /home/fsw/rep/tasa/lib/bcc-2.2.3-gcc/bin/../lib/gcc/sparc-gaisler-elf/10.2.0/../../../../sparc-gaisler-elf/lib/mfix-b2bst/mfix-tn0013/libc.a(lib_a-putc.o)
 .data          0x00000000400101c0        0x0 /home/fsw/rep/tasa/lib/bcc-2.2.3-gcc/bin/../lib/gcc/sparc-gaisler-elf/10.2.0/../../../../sparc-gaisler-elf/lib/mfix-b2bst/mfix-tn0013/libc.a(lib_a-reallocr.o)
 .data          0x00000000400101c0        0x0 /home/fsw/rep/tasa/lib/bcc-2.2.3-gcc/bin/../lib/gcc/sparc-gaisler-elf/10.2.0/../../../../sparc-gaisler-elf/lib/mfix-b2bst/mfix-tn0013/libc.a(lib_a-s_frexp.o)
 .data          0x00000000400101c0        0x0 /home/fsw/rep/tasa/lib/bcc-2.2.3-gcc/bin/../lib/gcc/sparc-gaisler-elf/10.2.0/../../../../sparc-gaisler-elf/lib/mfix-b2bst/mfix-tn0013/libc.a(lib_a-sbrkr.o)
 .data          0x00000000400101c0        0x0 /home/fsw/rep/tasa/lib/bcc-2.2.3-gcc/bin/../lib/gcc/sparc-gaisler-elf/10.2.0/../../../../sparc-gaisler-elf/lib/mfix-b2bst/mfix-tn0013/libc.a(lib_a-stdio.o)
 .data          0x00000000400101c0        0x0 /home/fsw/rep/tasa/lib/bcc-2.2.3-gcc/bin/../lib/gcc/sparc-gaisler-elf/10.2.0/../../../../sparc-gaisler-elf/lib/mfix-b2bst/mfix-tn0013/libc.a(lib_a-strncpy.o)
 .data          0x00000000400101c0        0x0 /home/fsw/rep/tasa/lib/bcc-2.2.3-gcc/bin/../lib/gcc/sparc-gaisler-elf/10.2.0/../../../../sparc-gaisler-elf/lib/mfix-b2bst/mfix-tn0013/libc.a(lib_a-vfiprintf.o)
 .data          0x00000000400101c0        0x0 /home/fsw/rep/tasa/lib/bcc-2.2.3-gcc/bin/../lib/gcc/sparc-gaisler-elf/10.2.0/../../../../sparc-gaisler-elf/lib/mfix-b2bst/mfix-tn0013/libc.a(lib_a-wbuf.o)
 .data          0x00000000400101c0        0x0 /home/fsw/rep/tasa/lib/bcc-2.2.3-gcc/bin/../lib/gcc/sparc-gaisler-elf/10.2.0/../../../../sparc-gaisler-elf/lib/mfix-b2bst/mfix-tn0013/libc.a(lib_a-writer.o)
 .data          0x00000000400101c0        0x0 /home/fsw/rep/tasa/lib/bcc-2.2.3-gcc/bin/../lib/gcc/sparc-gaisler-elf/10.2.0/../../../../sparc-gaisler-elf/lib/mfix-b2bst/mfix-tn0013/libc.a(lib_a-callocr.o)
 .data          0x00000000400101c0        0x0 /home/fsw/rep/tasa/lib/bcc-2.2.3-gcc/bin/../lib/gcc/sparc-gaisler-elf/10.2.0/../../../../sparc-gaisler-elf/lib/mfix-b2bst/mfix-tn0013/libc.a(lib_a-closer.o)
 .data          0x00000000400101c0        0x0 /home/fsw/rep/tasa/lib/bcc-2.2.3-gcc/bin/../lib/gcc/sparc-gaisler-elf/10.2.0/../../../../sparc-gaisler-elf/lib/mfix-b2bst/mfix-tn0013/libc.a(lib_a-fclose.o)
 .data          0x00000000400101c0        0x0 /home/fsw/rep/tasa/lib/bcc-2.2.3-gcc/bin/../lib/gcc/sparc-gaisler-elf/10.2.0/../../../../sparc-gaisler-elf/lib/mfix-b2bst/mfix-tn0013/libc.a(lib_a-fputwc.o)
 .data          0x00000000400101c0        0x0 /home/fsw/rep/tasa/lib/bcc-2.2.3-gcc/bin/../lib/gcc/sparc-gaisler-elf/10.2.0/../../../../sparc-gaisler-elf/lib/mfix-b2bst/mfix-tn0013/libc.a(lib_a-fstatr.o)
 .data          0x00000000400101c0        0x0 /home/fsw/rep/tasa/lib/bcc-2.2.3-gcc/bin/../lib/gcc/sparc-gaisler-elf/10.2.0/../../../../sparc-gaisler-elf/lib/mfix-b2bst/mfix-tn0013/libc.a(lib_a-isattyr.o)
 .data          0x00000000400101c0      0x16c /home/fsw/rep/tasa/lib/bcc-2.2.3-gcc/bin/../lib/gcc/sparc-gaisler-elf/10.2.0/../../../../sparc-gaisler-elf/lib/mfix-b2bst/mfix-tn0013/libc.a(lib_a-locale.o)
                0x00000000400101c0                __global_locale
 .data          0x000000004001032c        0x0 /home/fsw/rep/tasa/lib/bcc-2.2.3-gcc/bin/../lib/gcc/sparc-gaisler-elf/10.2.0/../../../../sparc-gaisler-elf/lib/mfix-b2bst/mfix-tn0013/libc.a(lib_a-lseekr.o)
 .data          0x000000004001032c        0x0 /home/fsw/rep/tasa/lib/bcc-2.2.3-gcc/bin/../lib/gcc/sparc-gaisler-elf/10.2.0/../../../../sparc-gaisler-elf/lib/mfix-b2bst/mfix-tn0013/libc.a(lib_a-mbtowc_r.o)
 .data          0x000000004001032c        0x0 /home/fsw/rep/tasa/lib/bcc-2.2.3-gcc/bin/../lib/gcc/sparc-gaisler-elf/10.2.0/../../../../sparc-gaisler-elf/lib/mfix-b2bst/mfix-tn0013/libc.a(lib_a-readr.o)
 .data          0x000000004001032c        0x0 /home/fsw/rep/tasa/lib/bcc-2.2.3-gcc/bin/../lib/gcc/sparc-gaisler-elf/10.2.0/../../../../sparc-gaisler-elf/lib/mfix-b2bst/mfix-tn0013/libc.a(lib_a-reent.o)
 .data          0x000000004001032c        0x0 /home/fsw/rep/tasa/lib/bcc-2.2.3-gcc/bin/../lib/gcc/sparc-gaisler-elf/10.2.0/../../../../sparc-gaisler-elf/lib/mfix-b2bst/mfix-tn0013/libc.a(lib_a-strcmp.o)
 .data          0x000000004001032c        0x0 /home/fsw/rep/tasa/lib/bcc-2.2.3-gcc/bin/../lib/gcc/sparc-gaisler-elf/10.2.0/../../../../sparc-gaisler-elf/lib/mfix-b2bst/mfix-tn0013/libc.a(lib_a-wcrtomb.o)
 .data          0x000000004001032c        0x0 /home/fsw/rep/tasa/lib/bcc-2.2.3-gcc/bin/../lib/gcc/sparc-gaisler-elf/10.2.0/../../../../sparc-gaisler-elf/lib/mfix-b2bst/mfix-tn0013/libc.a(lib_a-wctomb_r.o)
 .data          0x000000004001032c        0x0 /home/fsw/rep/tasa/lib/bcc-2.2.3-gcc/bin/../lib/gcc/sparc-gaisler-elf/10.2.0/../../../../sparc-gaisler-elf/lib/mfix-b2bst/mfix-tn0013/libc.a(lib_a-ctype_.o)
 .data          0x000000004001032c        0x0 /home/fsw/rep/tasa/lib/bcc-2.2.3-gcc/bin/../sparc-gaisler-elf/bsp/leon3/mfix-b2bst/mfix-tn0013/libbcc.a(_exit.S.o)
 .data          0x000000004001032c        0x0 /home/fsw/rep/tasa/lib/bcc-2.2.3-gcc/bin/../sparc-gaisler-elf/bsp/leon3/mfix-b2bst/mfix-tn0013/libbcc.a(read.c.o)
 .data          0x000000004001032c        0x0 /home/fsw/rep/tasa/lib/bcc-2.2.3-gcc/bin/../sparc-gaisler-elf/bsp/leon3/mfix-b2bst/mfix-tn0013/libbcc.a(sbrk.c.o)
 .data          0x000000004001032c        0x0 /home/fsw/rep/tasa/lib/bcc-2.2.3-gcc/bin/../sparc-gaisler-elf/bsp/leon3/mfix-b2bst/mfix-tn0013/libbcc.a(heap.c.o)
 .data          0x000000004001032c        0x0 /home/fsw/rep/tasa/lib/bcc-2.2.3-gcc/bin/../sparc-gaisler-elf/bsp/leon3/mfix-b2bst/mfix-tn0013/libbcc.a(write.c.o)
 .data          0x000000004001032c        0x0 /home/fsw/rep/tasa/lib/bcc-2.2.3-gcc/bin/../sparc-gaisler-elf/bsp/leon3/mfix-b2bst/mfix-tn0013/libbcc.a(stubs.S.o)
 .data          0x000000004001032c        0x0 /home/fsw/rep/tasa/lib/bcc-2.2.3-gcc/bin/../sparc-gaisler-elf/bsp/leon3/mfix-b2bst/mfix-tn0013/libbcc.a(con_apbuart.c.o)
 .data          0x000000004001032c        0x0 /home/fsw/rep/tasa/lib/bcc-2.2.3-gcc/bin/../lib/gcc/sparc-gaisler-elf/10.2.0/mfix-b2bst/mfix-tn0013/libgcc.a(_mulsi3.o)
 .data          0x000000004001032c        0x0 /home/fsw/rep/tasa/lib/bcc-2.2.3-gcc/bin/../lib/gcc/sparc-gaisler-elf/10.2.0/mfix-b2bst/mfix-tn0013/libgcc.a(_divsi3.o)
 .data          0x000000004001032c        0x0 /home/fsw/rep/tasa/lib/bcc-2.2.3-gcc/bin/../lib/gcc/sparc-gaisler-elf/10.2.0/mfix-b2bst/mfix-tn0013/libgcc.a(_modsi3.o)
 .data          0x000000004001032c        0x0 /home/fsw/rep/tasa/lib/bcc-2.2.3-gcc/bin/../lib/gcc/sparc-gaisler-elf/10.2.0/mfix-b2bst/mfix-tn0013/libgcc.a(_udivdi3.o)
 .data          0x000000004001032c        0x0 /home/fsw/rep/tasa/lib/bcc-2.2.3-gcc/bin/../lib/gcc/sparc-gaisler-elf/10.2.0/mfix-b2bst/mfix-tn0013/libgcc.a(_umoddi3.o)
 .data          0x000000004001032c        0x0 /home/fsw/rep/tasa/lib/bcc-2.2.3-gcc/bin/../lib/gcc/sparc-gaisler-elf/10.2.0/mfix-b2bst/mfix-tn0013/libgcc.a(_clz.o)
 .data          0x000000004001032c        0x0 /home/fsw/rep/tasa/lib/bcc-2.2.3-gcc/bin/../lib/gcc/sparc-gaisler-elf/10.2.0/mfix-b2bst/mfix-tn0013/crtend.o
 .data          0x000000004001032c        0x0 /home/fsw/rep/tasa/lib/bcc-2.2.3-gcc/bin/../lib/gcc/sparc-gaisler-elf/10.2.0/mfix-b2bst/mfix-tn0013/crtn.o
                0x0000000040010330                . = ALIGN (0x8)
 *fill*         0x000000004001032c        0x4 
                0x0000000040010330                __data_end = .
                0x000000004000fd20                __data_start_lma = LOADADDR (.data)
                0x0000000000000610                __data_size = SIZEOF (.data)

.iplt           0x0000000040010330        0x0
 .iplt          0x0000000040010330        0x0 /home/fsw/rep/tasa/lib/bcc-2.2.3-gcc/bin/../sparc-gaisler-elf/bsp/leon3/mfix-b2bst/mfix-tn0013/trap_table_mvt.S.o

.tm_clone_table
                0x0000000040010330        0x0
 .tm_clone_table
                0x0000000040010330        0x0 /home/fsw/rep/tasa/lib/bcc-2.2.3-gcc/bin/../lib/gcc/sparc-gaisler-elf/10.2.0/mfix-b2bst/mfix-tn0013/crtbegin.o
 .tm_clone_table
                0x0000000040010330        0x0 /home/fsw/rep/tasa/lib/bcc-2.2.3-gcc/bin/../lib/gcc/sparc-gaisler-elf/10.2.0/mfix-b2bst/mfix-tn0013/crtend.o

.bss            0x0000000040010330      0x1c0
                0x0000000040010330                . = ALIGN (0x8)
                0x0000000040010330                __bss_start = .
 *(.bss .bss.*)
 .bss           0x0000000040010330        0x0 /home/fsw/rep/tasa/lib/bcc-2.2.3-gcc/bin/../sparc-gaisler-elf/bsp/leon3/mfix-b2bst/mfix-tn0013/trap_table_mvt.S.o
 .bss           0x0000000040010330        0x4 /home/fsw/rep/tasa/lib/bcc-2.2.3-gcc/bin/../sparc-gaisler-elf/bsp/leon3/mfix-b2bst/mfix-tn0013/crt0.S.o
                0x0000000040010330                __bcc_sp_at_entry
 .bss           0x0000000040010334        0x0 /home/fsw/rep/tasa/lib/bcc-2.2.3-gcc/bin/../lib/gcc/sparc-gaisler-elf/10.2.0/mfix-b2bst/mfix-tn0013/crti.o
 .bss           0x0000000040010334       0x20 /home/fsw/rep/tasa/lib/bcc-2.2.3-gcc/bin/../lib/gcc/sparc-gaisler-elf/10.2.0/mfix-b2bst/mfix-tn0013/crtbegin.o
 .bss           0x0000000040010354        0x0 /tmp/ccJ0NJKw.o
 .bss           0x0000000040010354        0x0 /home/fsw/rep/tasa/lib/bcc-2.2.3-gcc/bin/../sparc-gaisler-elf/bsp/leon3/mfix-b2bst/mfix-tn0013/libbcc.a(reset_trap_mvt.S.o)
 .bss           0x0000000040010354        0x0 /home/fsw/rep/tasa/lib/bcc-2.2.3-gcc/bin/../sparc-gaisler-elf/bsp/leon3/mfix-b2bst/mfix-tn0013/libbcc.a(window_trap.S.o)
 .bss           0x0000000040010354        0x0 /home/fsw/rep/tasa/lib/bcc-2.2.3-gcc/bin/../sparc-gaisler-elf/bsp/leon3/mfix-b2bst/mfix-tn0013/libbcc.a(interrupt_trap.S.o)
 *fill*         0x0000000040010354        0x4 
 .bss           0x0000000040010358       0x14 /home/fsw/rep/tasa/lib/bcc-2.2.3-gcc/bin/../sparc-gaisler-elf/bsp/leon3/mfix-b2bst/mfix-tn0013/libbcc.a(flush_windows_trap.S.o)
 .bss           0x000000004001036c        0x0 /home/fsw/rep/tasa/lib/bcc-2.2.3-gcc/bin/../sparc-gaisler-elf/bsp/leon3/mfix-b2bst/mfix-tn0013/libbcc.a(sw_trap_set_pil.S.o)
 .bss           0x000000004001036c       0x80 /home/fsw/rep/tasa/lib/bcc-2.2.3-gcc/bin/../sparc-gaisler-elf/bsp/leon3/mfix-b2bst/mfix-tn0013/libbcc.a(isr.c.o)
                0x000000004001036c                __bcc_isr_list
 .bss           0x00000000400103ec        0x0 /home/fsw/rep/tasa/lib/bcc-2.2.3-gcc/bin/../sparc-gaisler-elf/bsp/leon3/mfix-b2bst/mfix-tn0013/libbcc.a(int_nest.c.o)
 .bss           0x00000000400103ec        0x0 /home/fsw/rep/tasa/lib/bcc-2.2.3-gcc/bin/../sparc-gaisler-elf/bsp/leon3/mfix-b2bst/mfix-tn0013/libbcc.a(init.S.o)
 .bss           0x00000000400103ec        0x0 /home/fsw/rep/tasa/lib/bcc-2.2.3-gcc/bin/../sparc-gaisler-elf/bsp/leon3/mfix-b2bst/mfix-tn0013/libbcc.a(leon_info.S.o)
 .bss           0x00000000400103ec        0x0 /home/fsw/rep/tasa/lib/bcc-2.2.3-gcc/bin/../sparc-gaisler-elf/bsp/leon3/mfix-b2bst/mfix-tn0013/libbcc.a(dwzero.S.o)
 .bss           0x00000000400103ec        0x0 /home/fsw/rep/tasa/lib/bcc-2.2.3-gcc/bin/../sparc-gaisler-elf/bsp/leon3/mfix-b2bst/mfix-tn0013/libbcc.a(copy_data.c.o)
 .bss           0x00000000400103ec        0x8 /home/fsw/rep/tasa/lib/bcc-2.2.3-gcc/bin/../sparc-gaisler-elf/bsp/leon3/mfix-b2bst/mfix-tn0013/libbcc.a(argv.c.o)
                0x00000000400103f0                __bcc_argc
 .bss           0x00000000400103f4        0x0 /home/fsw/rep/tasa/lib/bcc-2.2.3-gcc/bin/../sparc-gaisler-elf/bsp/leon3/mfix-b2bst/mfix-tn0013/libbcc.a(int_irqmp_get_source.c.o)
 .bss           0x00000000400103f4        0x0 /home/fsw/rep/tasa/lib/bcc-2.2.3-gcc/bin/../sparc-gaisler-elf/bsp/leon3/mfix-b2bst/mfix-tn0013/libbcc.a(int_irqmp_mp.c.o)
 .bss           0x00000000400103f4        0x0 /home/fsw/rep/tasa/lib/bcc-2.2.3-gcc/bin/../sparc-gaisler-elf/bsp/leon3/mfix-b2bst/mfix-tn0013/libbcc.a(int_irqmp_init.c.o)
 .bss           0x00000000400103f4        0x0 /home/fsw/rep/tasa/lib/bcc-2.2.3-gcc/bin/../sparc-gaisler-elf/bsp/leon3/mfix-b2bst/mfix-tn0013/libbcc.a(con_apbuart_init.c.o)
 .bss           0x00000000400103f4        0x0 /home/fsw/rep/tasa/lib/bcc-2.2.3-gcc/bin/../sparc-gaisler-elf/bsp/leon3/mfix-b2bst/mfix-tn0013/libbcc.a(timer_gptimer_init.c.o)
 .bss           0x00000000400103f4        0x0 /home/fsw/rep/tasa/lib/bcc-2.2.3-gcc/bin/../sparc-gaisler-elf/bsp/leon3/mfix-b2bst/mfix-tn0013/libbcc.a(ambapp.c.o)
 .bss           0x00000000400103f4        0x0 /home/fsw/rep/tasa/lib/bcc-2.2.3-gcc/bin/../sparc-gaisler-elf/bsp/leon3/mfix-b2bst/mfix-tn0013/libbcc.a(ambapp_findfirst_fn.c.o)
 .bss           0x00000000400103f4       0x10 /home/fsw/rep/tasa/lib/bcc-2.2.3-gcc/bin/../sparc-gaisler-elf/bsp/leon3/mfix-b2bst/mfix-tn0013/libbcc.a(int_irqmp_handle.c.o)
                0x00000000400103f4                __bcc_int_irqmp_nts
                0x00000000400103f8                __bcc_int_irqmp_map
                0x00000000400103fc                __bcc_int_irqmp_eirq
                0x0000000040010400                __bcc_int_handle
 .bss           0x0000000040010404        0x4 /home/fsw/rep/tasa/lib/bcc-2.2.3-gcc/bin/../sparc-gaisler-elf/bsp/leon3/mfix-b2bst/mfix-tn0013/libbcc.a(con_handle.c.o)
                0x0000000040010404                __bcc_con_handle
 .bss           0x0000000040010408        0x8 /home/fsw/rep/tasa/lib/bcc-2.2.3-gcc/bin/../sparc-gaisler-elf/bsp/leon3/mfix-b2bst/mfix-tn0013/libbcc.a(timer_handle.c.o)
                0x0000000040010408                __bcc_timer_interrupt
                0x000000004001040c                __bcc_timer_handle
 .bss           0x0000000040010410        0x0 /home/fsw/rep/tasa/lib/bcc-2.2.3-gcc/bin/../lib/gcc/sparc-gaisler-elf/10.2.0/../../../../sparc-gaisler-elf/lib/mfix-b2bst/mfix-tn0013/libc.a(lib_a-atexit.o)
 .bss           0x0000000040010410        0x0 /home/fsw/rep/tasa/lib/bcc-2.2.3-gcc/bin/../lib/gcc/sparc-gaisler-elf/10.2.0/../../../../sparc-gaisler-elf/lib/mfix-b2bst/mfix-tn0013/libc.a(lib_a-exit.o)
 .bss           0x0000000040010410        0x0 /home/fsw/rep/tasa/lib/bcc-2.2.3-gcc/bin/../lib/gcc/sparc-gaisler-elf/10.2.0/../../../../sparc-gaisler-elf/lib/mfix-b2bst/mfix-tn0013/libc.a(lib_a-impure.o)
 .bss           0x0000000040010410        0x0 /home/fsw/rep/tasa/lib/bcc-2.2.3-gcc/bin/../lib/gcc/sparc-gaisler-elf/10.2.0/../../../../sparc-gaisler-elf/lib/mfix-b2bst/mfix-tn0013/libc.a(lib_a-memcpy.o)
 .bss           0x0000000040010410        0x0 /home/fsw/rep/tasa/lib/bcc-2.2.3-gcc/bin/../lib/gcc/sparc-gaisler-elf/10.2.0/../../../../sparc-gaisler-elf/lib/mfix-b2bst/mfix-tn0013/libc.a(lib_a-printf.o)
 .bss           0x0000000040010410        0x0 /home/fsw/rep/tasa/lib/bcc-2.2.3-gcc/bin/../lib/gcc/sparc-gaisler-elf/10.2.0/../../../../sparc-gaisler-elf/lib/mfix-b2bst/mfix-tn0013/libc.a(lib_a-putchar.o)
 .bss           0x0000000040010410        0x0 /home/fsw/rep/tasa/lib/bcc-2.2.3-gcc/bin/../lib/gcc/sparc-gaisler-elf/10.2.0/../../../../sparc-gaisler-elf/lib/mfix-b2bst/mfix-tn0013/libc.a(lib_a-puts.o)
 .bss           0x0000000040010410        0x0 /home/fsw/rep/tasa/lib/bcc-2.2.3-gcc/bin/../lib/gcc/sparc-gaisler-elf/10.2.0/../../../../sparc-gaisler-elf/lib/mfix-b2bst/mfix-tn0013/libc.a(lib_a-strlen.o)
 .bss           0x0000000040010410        0x0 /home/fsw/rep/tasa/lib/bcc-2.2.3-gcc/bin/../lib/gcc/sparc-gaisler-elf/10.2.0/../../../../sparc-gaisler-elf/lib/mfix-b2bst/mfix-tn0013/libc.a(lib_a-vfprintf.o)
 .bss           0x0000000040010410        0x0 /home/fsw/rep/tasa/lib/bcc-2.2.3-gcc/bin/../lib/gcc/sparc-gaisler-elf/10.2.0/../../../../sparc-gaisler-elf/lib/mfix-b2bst/mfix-tn0013/libc.a(lib_a-wsetup.o)
 .bss           0x0000000040010410       0x8c /home/fsw/rep/tasa/lib/bcc-2.2.3-gcc/bin/../lib/gcc/sparc-gaisler-elf/10.2.0/../../../../sparc-gaisler-elf/lib/mfix-b2bst/mfix-tn0013/libc.a(lib_a-__atexit.o)
 .bss           0x000000004001049c        0x4 /home/fsw/rep/tasa/lib/bcc-2.2.3-gcc/bin/../lib/gcc/sparc-gaisler-elf/10.2.0/../../../../sparc-gaisler-elf/lib/mfix-b2bst/mfix-tn0013/libc.a(lib_a-__call_atexit.o)
                0x000000004001049c                _global_atexit
 .bss           0x00000000400104a0        0x0 /home/fsw/rep/tasa/lib/bcc-2.2.3-gcc/bin/../lib/gcc/sparc-gaisler-elf/10.2.0/../../../../sparc-gaisler-elf/lib/mfix-b2bst/mfix-tn0013/libc.a(lib_a-dtoa.o)
 .bss           0x00000000400104a0        0x0 /home/fsw/rep/tasa/lib/bcc-2.2.3-gcc/bin/../lib/gcc/sparc-gaisler-elf/10.2.0/../../../../sparc-gaisler-elf/lib/mfix-b2bst/mfix-tn0013/libc.a(lib_a-fflush.o)
 .bss           0x00000000400104a0        0x0 /home/fsw/rep/tasa/lib/bcc-2.2.3-gcc/bin/../lib/gcc/sparc-gaisler-elf/10.2.0/../../../../sparc-gaisler-elf/lib/mfix-b2bst/mfix-tn0013/libc.a(lib_a-findfp.o)
 .bss           0x00000000400104a0        0x0 /home/fsw/rep/tasa/lib/bcc-2.2.3-gcc/bin/../lib/gcc/sparc-gaisler-elf/10.2.0/../../../../sparc-gaisler-elf/lib/mfix-b2bst/mfix-tn0013/libc.a(lib_a-freer.o)
 .bss           0x00000000400104a0        0x0 /home/fsw/rep/tasa/lib/bcc-2.2.3-gcc/bin/../lib/gcc/sparc-gaisler-elf/10.2.0/../../../../sparc-gaisler-elf/lib/mfix-b2bst/mfix-tn0013/libc.a(lib_a-fvwrite.o)
 .bss           0x00000000400104a0        0x0 /home/fsw/rep/tasa/lib/bcc-2.2.3-gcc/bin/../lib/gcc/sparc-gaisler-elf/10.2.0/../../../../sparc-gaisler-elf/lib/mfix-b2bst/mfix-tn0013/libc.a(lib_a-fwalk.o)
 .bss           0x00000000400104a0        0x0 /home/fsw/rep/tasa/lib/bcc-2.2.3-gcc/bin/../lib/gcc/sparc-gaisler-elf/10.2.0/../../../../sparc-gaisler-elf/lib/mfix-b2bst/mfix-tn0013/libc.a(lib_a-localeconv.o)
 .bss           0x00000000400104a0        0x0 /home/fsw/rep/tasa/lib/bcc-2.2.3-gcc/bin/../lib/gcc/sparc-gaisler-elf/10.2.0/../../../../sparc-gaisler-elf/lib/mfix-b2bst/mfix-tn0013/libc.a(lib_a-makebuf.o)
 .bss           0x00000000400104a0        0x0 /home/fsw/rep/tasa/lib/bcc-2.2.3-gcc/bin/../lib/gcc/sparc-gaisler-elf/10.2.0/../../../../sparc-gaisler-elf/lib/mfix-b2bst/mfix-tn0013/libc.a(lib_a-malloc.o)
 .bss           0x00000000400104a0       0x34 /home/fsw/rep/tasa/lib/bcc-2.2.3-gcc/bin/../lib/gcc/sparc-gaisler-elf/10.2.0/../../../../sparc-gaisler-elf/lib/mfix-b2bst/mfix-tn0013/libc.a(lib_a-mallocr.o)
                0x00000000400104a0                __malloc_current_mallinfo
                0x00000000400104c8                __malloc_max_total_mem
                0x00000000400104cc                __malloc_max_sbrked_mem
                0x00000000400104d0                __malloc_top_pad
 .bss           0x00000000400104d4        0x0 /home/fsw/rep/tasa/lib/bcc-2.2.3-gcc/bin/../lib/gcc/sparc-gaisler-elf/10.2.0/../../../../sparc-gaisler-elf/lib/mfix-b2bst/mfix-tn0013/libc.a(lib_a-memchr.o)
 .bss           0x00000000400104d4        0x0 /home/fsw/rep/tasa/lib/bcc-2.2.3-gcc/bin/../lib/gcc/sparc-gaisler-elf/10.2.0/../../../../sparc-gaisler-elf/lib/mfix-b2bst/mfix-tn0013/libc.a(lib_a-memmove.o)
 .bss           0x00000000400104d4        0x0 /home/fsw/rep/tasa/lib/bcc-2.2.3-gcc/bin/../lib/gcc/sparc-gaisler-elf/10.2.0/../../../../sparc-gaisler-elf/lib/mfix-b2bst/mfix-tn0013/libc.a(lib_a-memset.o)
 .bss           0x00000000400104d4        0x0 /home/fsw/rep/tasa/lib/bcc-2.2.3-gcc/bin/../lib/gcc/sparc-gaisler-elf/10.2.0/../../../../sparc-gaisler-elf/lib/mfix-b2bst/mfix-tn0013/libc.a(lib_a-mlock.o)
 .bss           0x00000000400104d4        0x0 /home/fsw/rep/tasa/lib/bcc-2.2.3-gcc/bin/../lib/gcc/sparc-gaisler-elf/10.2.0/../../../../sparc-gaisler-elf/lib/mfix-b2bst/mfix-tn0013/libc.a(lib_a-mprec.o)
 .bss           0x00000000400104d4        0x0 /home/fsw/rep/tasa/lib/bcc-2.2.3-gcc/bin/../lib/gcc/sparc-gaisler-elf/10.2.0/../../../../sparc-gaisler-elf/lib/mfix-b2bst/mfix-tn0013/libc.a(lib_a-putc.o)
 .bss           0x00000000400104d4        0x0 /home/fsw/rep/tasa/lib/bcc-2.2.3-gcc/bin/../lib/gcc/sparc-gaisler-elf/10.2.0/../../../../sparc-gaisler-elf/lib/mfix-b2bst/mfix-tn0013/libc.a(lib_a-reallocr.o)
 .bss           0x00000000400104d4        0x0 /home/fsw/rep/tasa/lib/bcc-2.2.3-gcc/bin/../lib/gcc/sparc-gaisler-elf/10.2.0/../../../../sparc-gaisler-elf/lib/mfix-b2bst/mfix-tn0013/libc.a(lib_a-s_frexp.o)
 .bss           0x00000000400104d4        0x0 /home/fsw/rep/tasa/lib/bcc-2.2.3-gcc/bin/../lib/gcc/sparc-gaisler-elf/10.2.0/../../../../sparc-gaisler-elf/lib/mfix-b2bst/mfix-tn0013/libc.a(lib_a-sbrkr.o)
 .bss           0x00000000400104d4        0x0 /home/fsw/rep/tasa/lib/bcc-2.2.3-gcc/bin/../lib/gcc/sparc-gaisler-elf/10.2.0/../../../../sparc-gaisler-elf/lib/mfix-b2bst/mfix-tn0013/libc.a(lib_a-stdio.o)
 .bss           0x00000000400104d4        0x0 /home/fsw/rep/tasa/lib/bcc-2.2.3-gcc/bin/../lib/gcc/sparc-gaisler-elf/10.2.0/../../../../sparc-gaisler-elf/lib/mfix-b2bst/mfix-tn0013/libc.a(lib_a-strncpy.o)
 .bss           0x00000000400104d4        0x0 /home/fsw/rep/tasa/lib/bcc-2.2.3-gcc/bin/../lib/gcc/sparc-gaisler-elf/10.2.0/../../../../sparc-gaisler-elf/lib/mfix-b2bst/mfix-tn0013/libc.a(lib_a-vfiprintf.o)
 .bss           0x00000000400104d4        0x0 /home/fsw/rep/tasa/lib/bcc-2.2.3-gcc/bin/../lib/gcc/sparc-gaisler-elf/10.2.0/../../../../sparc-gaisler-elf/lib/mfix-b2bst/mfix-tn0013/libc.a(lib_a-wbuf.o)
 .bss           0x00000000400104d4        0x0 /home/fsw/rep/tasa/lib/bcc-2.2.3-gcc/bin/../lib/gcc/sparc-gaisler-elf/10.2.0/../../../../sparc-gaisler-elf/lib/mfix-b2bst/mfix-tn0013/libc.a(lib_a-writer.o)
 .bss           0x00000000400104d4        0x0 /home/fsw/rep/tasa/lib/bcc-2.2.3-gcc/bin/../lib/gcc/sparc-gaisler-elf/10.2.0/../../../../sparc-gaisler-elf/lib/mfix-b2bst/mfix-tn0013/libc.a(lib_a-callocr.o)
 .bss           0x00000000400104d4        0x0 /home/fsw/rep/tasa/lib/bcc-2.2.3-gcc/bin/../lib/gcc/sparc-gaisler-elf/10.2.0/../../../../sparc-gaisler-elf/lib/mfix-b2bst/mfix-tn0013/libc.a(lib_a-closer.o)
 .bss           0x00000000400104d4        0x0 /home/fsw/rep/tasa/lib/bcc-2.2.3-gcc/bin/../lib/gcc/sparc-gaisler-elf/10.2.0/../../../../sparc-gaisler-elf/lib/mfix-b2bst/mfix-tn0013/libc.a(lib_a-fclose.o)
 .bss           0x00000000400104d4        0x0 /home/fsw/rep/tasa/lib/bcc-2.2.3-gcc/bin/../lib/gcc/sparc-gaisler-elf/10.2.0/../../../../sparc-gaisler-elf/lib/mfix-b2bst/mfix-tn0013/libc.a(lib_a-fputwc.o)
 .bss           0x00000000400104d4        0x0 /home/fsw/rep/tasa/lib/bcc-2.2.3-gcc/bin/../lib/gcc/sparc-gaisler-elf/10.2.0/../../../../sparc-gaisler-elf/lib/mfix-b2bst/mfix-tn0013/libc.a(lib_a-fstatr.o)
 .bss           0x00000000400104d4        0x0 /home/fsw/rep/tasa/lib/bcc-2.2.3-gcc/bin/../lib/gcc/sparc-gaisler-elf/10.2.0/../../../../sparc-gaisler-elf/lib/mfix-b2bst/mfix-tn0013/libc.a(lib_a-isattyr.o)
 .bss           0x00000000400104d4        0x4 /home/fsw/rep/tasa/lib/bcc-2.2.3-gcc/bin/../lib/gcc/sparc-gaisler-elf/10.2.0/../../../../sparc-gaisler-elf/lib/mfix-b2bst/mfix-tn0013/libc.a(lib_a-locale.o)
                0x00000000400104d4                _PathLocale
 .bss           0x00000000400104d8        0x0 /home/fsw/rep/tasa/lib/bcc-2.2.3-gcc/bin/../lib/gcc/sparc-gaisler-elf/10.2.0/../../../../sparc-gaisler-elf/lib/mfix-b2bst/mfix-tn0013/libc.a(lib_a-lseekr.o)
 .bss           0x00000000400104d8        0x0 /home/fsw/rep/tasa/lib/bcc-2.2.3-gcc/bin/../lib/gcc/sparc-gaisler-elf/10.2.0/../../../../sparc-gaisler-elf/lib/mfix-b2bst/mfix-tn0013/libc.a(lib_a-mbtowc_r.o)
 .bss           0x00000000400104d8        0x0 /home/fsw/rep/tasa/lib/bcc-2.2.3-gcc/bin/../lib/gcc/sparc-gaisler-elf/10.2.0/../../../../sparc-gaisler-elf/lib/mfix-b2bst/mfix-tn0013/libc.a(lib_a-readr.o)
 .bss           0x00000000400104d8        0x4 /home/fsw/rep/tasa/lib/bcc-2.2.3-gcc/bin/../lib/gcc/sparc-gaisler-elf/10.2.0/../../../../sparc-gaisler-elf/lib/mfix-b2bst/mfix-tn0013/libc.a(lib_a-reent.o)
                0x00000000400104d8                errno
 .bss           0x00000000400104dc        0x0 /home/fsw/rep/tasa/lib/bcc-2.2.3-gcc/bin/../lib/gcc/sparc-gaisler-elf/10.2.0/../../../../sparc-gaisler-elf/lib/mfix-b2bst/mfix-tn0013/libc.a(lib_a-strcmp.o)
 .bss           0x00000000400104dc        0x0 /home/fsw/rep/tasa/lib/bcc-2.2.3-gcc/bin/../lib/gcc/sparc-gaisler-elf/10.2.0/../../../../sparc-gaisler-elf/lib/mfix-b2bst/mfix-tn0013/libc.a(lib_a-wcrtomb.o)
 .bss           0x00000000400104dc        0x0 /home/fsw/rep/tasa/lib/bcc-2.2.3-gcc/bin/../lib/gcc/sparc-gaisler-elf/10.2.0/../../../../sparc-gaisler-elf/lib/mfix-b2bst/mfix-tn0013/libc.a(lib_a-wctomb_r.o)
 .bss           0x00000000400104dc        0x0 /home/fsw/rep/tasa/lib/bcc-2.2.3-gcc/bin/../lib/gcc/sparc-gaisler-elf/10.2.0/../../../../sparc-gaisler-elf/lib/mfix-b2bst/mfix-tn0013/libc.a(lib_a-ctype_.o)
 .bss           0x00000000400104dc        0x0 /home/fsw/rep/tasa/lib/bcc-2.2.3-gcc/bin/../sparc-gaisler-elf/bsp/leon3/mfix-b2bst/mfix-tn0013/libbcc.a(_exit.S.o)
 .bss           0x00000000400104dc        0x0 /home/fsw/rep/tasa/lib/bcc-2.2.3-gcc/bin/../sparc-gaisler-elf/bsp/leon3/mfix-b2bst/mfix-tn0013/libbcc.a(read.c.o)
 .bss           0x00000000400104dc        0x4 /home/fsw/rep/tasa/lib/bcc-2.2.3-gcc/bin/../sparc-gaisler-elf/bsp/leon3/mfix-b2bst/mfix-tn0013/libbcc.a(sbrk.c.o)
 .bss           0x00000000400104e0        0x8 /home/fsw/rep/tasa/lib/bcc-2.2.3-gcc/bin/../sparc-gaisler-elf/bsp/leon3/mfix-b2bst/mfix-tn0013/libbcc.a(heap.c.o)
                0x00000000400104e0                __bcc_heap_max
                0x00000000400104e4                __bcc_heap_min
 .bss           0x00000000400104e8        0x0 /home/fsw/rep/tasa/lib/bcc-2.2.3-gcc/bin/../sparc-gaisler-elf/bsp/leon3/mfix-b2bst/mfix-tn0013/libbcc.a(write.c.o)
 .bss           0x00000000400104e8        0x0 /home/fsw/rep/tasa/lib/bcc-2.2.3-gcc/bin/../sparc-gaisler-elf/bsp/leon3/mfix-b2bst/mfix-tn0013/libbcc.a(stubs.S.o)
 .bss           0x00000000400104e8        0x4 /home/fsw/rep/tasa/lib/bcc-2.2.3-gcc/bin/../sparc-gaisler-elf/bsp/leon3/mfix-b2bst/mfix-tn0013/libbcc.a(con_apbuart.c.o)
 .bss           0x00000000400104ec        0x0 /home/fsw/rep/tasa/lib/bcc-2.2.3-gcc/bin/../lib/gcc/sparc-gaisler-elf/10.2.0/mfix-b2bst/mfix-tn0013/libgcc.a(_mulsi3.o)
 .bss           0x00000000400104ec        0x0 /home/fsw/rep/tasa/lib/bcc-2.2.3-gcc/bin/../lib/gcc/sparc-gaisler-elf/10.2.0/mfix-b2bst/mfix-tn0013/libgcc.a(_divsi3.o)
 .bss           0x00000000400104ec        0x0 /home/fsw/rep/tasa/lib/bcc-2.2.3-gcc/bin/../lib/gcc/sparc-gaisler-elf/10.2.0/mfix-b2bst/mfix-tn0013/libgcc.a(_modsi3.o)
 .bss           0x00000000400104ec        0x0 /home/fsw/rep/tasa/lib/bcc-2.2.3-gcc/bin/../lib/gcc/sparc-gaisler-elf/10.2.0/mfix-b2bst/mfix-tn0013/libgcc.a(_udivdi3.o)
 .bss           0x00000000400104ec        0x0 /home/fsw/rep/tasa/lib/bcc-2.2.3-gcc/bin/../lib/gcc/sparc-gaisler-elf/10.2.0/mfix-b2bst/mfix-tn0013/libgcc.a(_umoddi3.o)
 .bss           0x00000000400104ec        0x0 /home/fsw/rep/tasa/lib/bcc-2.2.3-gcc/bin/../lib/gcc/sparc-gaisler-elf/10.2.0/mfix-b2bst/mfix-tn0013/libgcc.a(_clz.o)
 .bss           0x00000000400104ec        0x0 /home/fsw/rep/tasa/lib/bcc-2.2.3-gcc/bin/../lib/gcc/sparc-gaisler-elf/10.2.0/mfix-b2bst/mfix-tn0013/crtend.o
 .bss           0x00000000400104ec        0x0 /home/fsw/rep/tasa/lib/bcc-2.2.3-gcc/bin/../lib/gcc/sparc-gaisler-elf/10.2.0/mfix-b2bst/mfix-tn0013/crtn.o
 *(COMMON)
                0x00000000400104f0                . = ALIGN (0x8)
 *fill*         0x00000000400104ec        0x4 
                0x00000000400104f0                __bss_end = .
                0x00000000400104f0                __heap_min = .
                0x00000000400104f0                . = ALIGN (0x8)

.jcr
 *(.jcr)

.stab
 *(.stab)

.stabstr
 *(.stabstr)

.debug
 *(.debug)

.line
 *(.line)

.debug_srcinfo
 *(.debug_srcinfo)

.debug_sfnames
 *(.debug_sfnames)

.debug_aranges  0x0000000000000000      0xad0
 *(.debug_aranges)
 .debug_aranges
                0x0000000000000000       0x20 /home/fsw/rep/tasa/lib/bcc-2.2.3-gcc/bin/../sparc-gaisler-elf/bsp/leon3/mfix-b2bst/mfix-tn0013/trap_table_mvt.S.o
 .debug_aranges
                0x0000000000000020       0x20 /home/fsw/rep/tasa/lib/bcc-2.2.3-gcc/bin/../sparc-gaisler-elf/bsp/leon3/mfix-b2bst/mfix-tn0013/crt0.S.o
 .debug_aranges
                0x0000000000000040       0x20 /tmp/ccJ0NJKw.o
 .debug_aranges
                0x0000000000000060       0x20 /home/fsw/rep/tasa/lib/bcc-2.2.3-gcc/bin/../sparc-gaisler-elf/bsp/leon3/mfix-b2bst/mfix-tn0013/libbcc.a(reset_trap_mvt.S.o)
 .debug_aranges
                0x0000000000000080       0x20 /home/fsw/rep/tasa/lib/bcc-2.2.3-gcc/bin/../sparc-gaisler-elf/bsp/leon3/mfix-b2bst/mfix-tn0013/libbcc.a(window_trap.S.o)
 .debug_aranges
                0x00000000000000a0       0x20 /home/fsw/rep/tasa/lib/bcc-2.2.3-gcc/bin/../sparc-gaisler-elf/bsp/leon3/mfix-b2bst/mfix-tn0013/libbcc.a(interrupt_trap.S.o)
 .debug_aranges
                0x00000000000000c0       0x20 /home/fsw/rep/tasa/lib/bcc-2.2.3-gcc/bin/../sparc-gaisler-elf/bsp/leon3/mfix-b2bst/mfix-tn0013/libbcc.a(flush_windows_trap.S.o)
 .debug_aranges
                0x00000000000000e0       0x20 /home/fsw/rep/tasa/lib/bcc-2.2.3-gcc/bin/../sparc-gaisler-elf/bsp/leon3/mfix-b2bst/mfix-tn0013/libbcc.a(sw_trap_set_pil.S.o)
 .debug_aranges
                0x0000000000000100       0x18 /home/fsw/rep/tasa/lib/bcc-2.2.3-gcc/bin/../sparc-gaisler-elf/bsp/leon3/mfix-b2bst/mfix-tn0013/libbcc.a(isr.c.o)
 .debug_aranges
                0x0000000000000118       0x18 /home/fsw/rep/tasa/lib/bcc-2.2.3-gcc/bin/../sparc-gaisler-elf/bsp/leon3/mfix-b2bst/mfix-tn0013/libbcc.a(int_nest.c.o)
 .debug_aranges
                0x0000000000000130       0x20 /home/fsw/rep/tasa/lib/bcc-2.2.3-gcc/bin/../sparc-gaisler-elf/bsp/leon3/mfix-b2bst/mfix-tn0013/libbcc.a(init.S.o)
 .debug_aranges
                0x0000000000000150       0x20 /home/fsw/rep/tasa/lib/bcc-2.2.3-gcc/bin/../sparc-gaisler-elf/bsp/leon3/mfix-b2bst/mfix-tn0013/libbcc.a(leon_info.S.o)
 .debug_aranges
                0x0000000000000170       0x20 /home/fsw/rep/tasa/lib/bcc-2.2.3-gcc/bin/../sparc-gaisler-elf/bsp/leon3/mfix-b2bst/mfix-tn0013/libbcc.a(dwzero.S.o)
 .debug_aranges
                0x0000000000000190       0x20 /home/fsw/rep/tasa/lib/bcc-2.2.3-gcc/bin/../sparc-gaisler-elf/bsp/leon3/mfix-b2bst/mfix-tn0013/libbcc.a(copy_data.c.o)
 .debug_aranges
                0x00000000000001b0       0x18 /home/fsw/rep/tasa/lib/bcc-2.2.3-gcc/bin/../sparc-gaisler-elf/bsp/leon3/mfix-b2bst/mfix-tn0013/libbcc.a(argv.c.o)
 .debug_aranges
                0x00000000000001c8       0x20 /home/fsw/rep/tasa/lib/bcc-2.2.3-gcc/bin/../sparc-gaisler-elf/bsp/leon3/mfix-b2bst/mfix-tn0013/libbcc.a(int_irqmp_get_source.c.o)
 .debug_aranges
                0x00000000000001e8       0x20 /home/fsw/rep/tasa/lib/bcc-2.2.3-gcc/bin/../sparc-gaisler-elf/bsp/leon3/mfix-b2bst/mfix-tn0013/libbcc.a(int_irqmp_mp.c.o)
 .debug_aranges
                0x0000000000000208       0x20 /home/fsw/rep/tasa/lib/bcc-2.2.3-gcc/bin/../sparc-gaisler-elf/bsp/leon3/mfix-b2bst/mfix-tn0013/libbcc.a(int_irqmp_init.c.o)
 .debug_aranges
                0x0000000000000228       0x20 /home/fsw/rep/tasa/lib/bcc-2.2.3-gcc/bin/../sparc-gaisler-elf/bsp/leon3/mfix-b2bst/mfix-tn0013/libbcc.a(con_apbuart_init.c.o)
 .debug_aranges
                0x0000000000000248       0x20 /home/fsw/rep/tasa/lib/bcc-2.2.3-gcc/bin/../sparc-gaisler-elf/bsp/leon3/mfix-b2bst/mfix-tn0013/libbcc.a(timer_gptimer_init.c.o)
 .debug_aranges
                0x0000000000000268       0x20 /home/fsw/rep/tasa/lib/bcc-2.2.3-gcc/bin/../sparc-gaisler-elf/bsp/leon3/mfix-b2bst/mfix-tn0013/libbcc.a(ambapp.c.o)
 .debug_aranges
                0x0000000000000288       0x20 /home/fsw/rep/tasa/lib/bcc-2.2.3-gcc/bin/../sparc-gaisler-elf/bsp/leon3/mfix-b2bst/mfix-tn0013/libbcc.a(ambapp_findfirst_fn.c.o)
 .debug_aranges
                0x00000000000002a8       0x18 /home/fsw/rep/tasa/lib/bcc-2.2.3-gcc/bin/../sparc-gaisler-elf/bsp/leon3/mfix-b2bst/mfix-tn0013/libbcc.a(int_irqmp_handle.c.o)
 .debug_aranges
                0x00000000000002c0       0x18 /home/fsw/rep/tasa/lib/bcc-2.2.3-gcc/bin/../sparc-gaisler-elf/bsp/leon3/mfix-b2bst/mfix-tn0013/libbcc.a(con_handle.c.o)
 .debug_aranges
                0x00000000000002d8       0x18 /home/fsw/rep/tasa/lib/bcc-2.2.3-gcc/bin/../sparc-gaisler-elf/bsp/leon3/mfix-b2bst/mfix-tn0013/libbcc.a(timer_handle.c.o)
 .debug_aranges
                0x00000000000002f0       0x20 /home/fsw/rep/tasa/lib/bcc-2.2.3-gcc/bin/../lib/gcc/sparc-gaisler-elf/10.2.0/../../../../sparc-gaisler-elf/lib/mfix-b2bst/mfix-tn0013/libc.a(lib_a-atexit.o)
 .debug_aranges
                0x0000000000000310       0x20 /home/fsw/rep/tasa/lib/bcc-2.2.3-gcc/bin/../lib/gcc/sparc-gaisler-elf/10.2.0/../../../../sparc-gaisler-elf/lib/mfix-b2bst/mfix-tn0013/libc.a(lib_a-exit.o)
 .debug_aranges
                0x0000000000000330       0x18 /home/fsw/rep/tasa/lib/bcc-2.2.3-gcc/bin/../lib/gcc/sparc-gaisler-elf/10.2.0/../../../../sparc-gaisler-elf/lib/mfix-b2bst/mfix-tn0013/libc.a(lib_a-impure.o)
 .debug_aranges
                0x0000000000000348       0x20 /home/fsw/rep/tasa/lib/bcc-2.2.3-gcc/bin/../lib/gcc/sparc-gaisler-elf/10.2.0/../../../../sparc-gaisler-elf/lib/mfix-b2bst/mfix-tn0013/libc.a(lib_a-memcpy.o)
 .debug_aranges
                0x0000000000000368       0x20 /home/fsw/rep/tasa/lib/bcc-2.2.3-gcc/bin/../lib/gcc/sparc-gaisler-elf/10.2.0/../../../../sparc-gaisler-elf/lib/mfix-b2bst/mfix-tn0013/libc.a(lib_a-printf.o)
 .debug_aranges
                0x0000000000000388       0x20 /home/fsw/rep/tasa/lib/bcc-2.2.3-gcc/bin/../lib/gcc/sparc-gaisler-elf/10.2.0/../../../../sparc-gaisler-elf/lib/mfix-b2bst/mfix-tn0013/libc.a(lib_a-putchar.o)
 .debug_aranges
                0x00000000000003a8       0x20 /home/fsw/rep/tasa/lib/bcc-2.2.3-gcc/bin/../lib/gcc/sparc-gaisler-elf/10.2.0/../../../../sparc-gaisler-elf/lib/mfix-b2bst/mfix-tn0013/libc.a(lib_a-puts.o)
 .debug_aranges
                0x00000000000003c8       0x20 /home/fsw/rep/tasa/lib/bcc-2.2.3-gcc/bin/../lib/gcc/sparc-gaisler-elf/10.2.0/../../../../sparc-gaisler-elf/lib/mfix-b2bst/mfix-tn0013/libc.a(lib_a-strlen.o)
 .debug_aranges
                0x00000000000003e8       0x20 /home/fsw/rep/tasa/lib/bcc-2.2.3-gcc/bin/../lib/gcc/sparc-gaisler-elf/10.2.0/../../../../sparc-gaisler-elf/lib/mfix-b2bst/mfix-tn0013/libc.a(lib_a-vfprintf.o)
 .debug_aranges
                0x0000000000000408       0x20 /home/fsw/rep/tasa/lib/bcc-2.2.3-gcc/bin/../lib/gcc/sparc-gaisler-elf/10.2.0/../../../../sparc-gaisler-elf/lib/mfix-b2bst/mfix-tn0013/libc.a(lib_a-wsetup.o)
 .debug_aranges
                0x0000000000000428       0x20 /home/fsw/rep/tasa/lib/bcc-2.2.3-gcc/bin/../lib/gcc/sparc-gaisler-elf/10.2.0/../../../../sparc-gaisler-elf/lib/mfix-b2bst/mfix-tn0013/libc.a(lib_a-__atexit.o)
 .debug_aranges
                0x0000000000000448       0x20 /home/fsw/rep/tasa/lib/bcc-2.2.3-gcc/bin/../lib/gcc/sparc-gaisler-elf/10.2.0/../../../../sparc-gaisler-elf/lib/mfix-b2bst/mfix-tn0013/libc.a(lib_a-__call_atexit.o)
 .debug_aranges
                0x0000000000000468       0x20 /home/fsw/rep/tasa/lib/bcc-2.2.3-gcc/bin/../lib/gcc/sparc-gaisler-elf/10.2.0/../../../../sparc-gaisler-elf/lib/mfix-b2bst/mfix-tn0013/libc.a(lib_a-dtoa.o)
 .debug_aranges
                0x0000000000000488       0x20 /home/fsw/rep/tasa/lib/bcc-2.2.3-gcc/bin/../lib/gcc/sparc-gaisler-elf/10.2.0/../../../../sparc-gaisler-elf/lib/mfix-b2bst/mfix-tn0013/libc.a(lib_a-fflush.o)
 .debug_aranges
                0x00000000000004a8       0x20 /home/fsw/rep/tasa/lib/bcc-2.2.3-gcc/bin/../lib/gcc/sparc-gaisler-elf/10.2.0/../../../../sparc-gaisler-elf/lib/mfix-b2bst/mfix-tn0013/libc.a(lib_a-findfp.o)
 .debug_aranges
                0x00000000000004c8       0x20 /home/fsw/rep/tasa/lib/bcc-2.2.3-gcc/bin/../lib/gcc/sparc-gaisler-elf/10.2.0/../../../../sparc-gaisler-elf/lib/mfix-b2bst/mfix-tn0013/libc.a(lib_a-freer.o)
 .debug_aranges
                0x00000000000004e8       0x20 /home/fsw/rep/tasa/lib/bcc-2.2.3-gcc/bin/../lib/gcc/sparc-gaisler-elf/10.2.0/../../../../sparc-gaisler-elf/lib/mfix-b2bst/mfix-tn0013/libc.a(lib_a-fvwrite.o)
 .debug_aranges
                0x0000000000000508       0x20 /home/fsw/rep/tasa/lib/bcc-2.2.3-gcc/bin/../lib/gcc/sparc-gaisler-elf/10.2.0/../../../../sparc-gaisler-elf/lib/mfix-b2bst/mfix-tn0013/libc.a(lib_a-fwalk.o)
 .debug_aranges
                0x0000000000000528       0x20 /home/fsw/rep/tasa/lib/bcc-2.2.3-gcc/bin/../lib/gcc/sparc-gaisler-elf/10.2.0/../../../../sparc-gaisler-elf/lib/mfix-b2bst/mfix-tn0013/libc.a(lib_a-localeconv.o)
 .debug_aranges
                0x0000000000000548       0x20 /home/fsw/rep/tasa/lib/bcc-2.2.3-gcc/bin/../lib/gcc/sparc-gaisler-elf/10.2.0/../../../../sparc-gaisler-elf/lib/mfix-b2bst/mfix-tn0013/libc.a(lib_a-makebuf.o)
 .debug_aranges
                0x0000000000000568       0x20 /home/fsw/rep/tasa/lib/bcc-2.2.3-gcc/bin/../lib/gcc/sparc-gaisler-elf/10.2.0/../../../../sparc-gaisler-elf/lib/mfix-b2bst/mfix-tn0013/libc.a(lib_a-malloc.o)
 .debug_aranges
                0x0000000000000588       0x20 /home/fsw/rep/tasa/lib/bcc-2.2.3-gcc/bin/../lib/gcc/sparc-gaisler-elf/10.2.0/../../../../sparc-gaisler-elf/lib/mfix-b2bst/mfix-tn0013/libc.a(lib_a-mallocr.o)
 .debug_aranges
                0x00000000000005a8       0x20 /home/fsw/rep/tasa/lib/bcc-2.2.3-gcc/bin/../lib/gcc/sparc-gaisler-elf/10.2.0/../../../../sparc-gaisler-elf/lib/mfix-b2bst/mfix-tn0013/libc.a(lib_a-memchr.o)
 .debug_aranges
                0x00000000000005c8       0x20 /home/fsw/rep/tasa/lib/bcc-2.2.3-gcc/bin/../lib/gcc/sparc-gaisler-elf/10.2.0/../../../../sparc-gaisler-elf/lib/mfix-b2bst/mfix-tn0013/libc.a(lib_a-memmove.o)
 .debug_aranges
                0x00000000000005e8       0x20 /home/fsw/rep/tasa/lib/bcc-2.2.3-gcc/bin/../lib/gcc/sparc-gaisler-elf/10.2.0/../../../../sparc-gaisler-elf/lib/mfix-b2bst/mfix-tn0013/libc.a(lib_a-memset.o)
 .debug_aranges
                0x0000000000000608       0x20 /home/fsw/rep/tasa/lib/bcc-2.2.3-gcc/bin/../lib/gcc/sparc-gaisler-elf/10.2.0/../../../../sparc-gaisler-elf/lib/mfix-b2bst/mfix-tn0013/libc.a(lib_a-mlock.o)
 .debug_aranges
                0x0000000000000628       0x20 /home/fsw/rep/tasa/lib/bcc-2.2.3-gcc/bin/../lib/gcc/sparc-gaisler-elf/10.2.0/../../../../sparc-gaisler-elf/lib/mfix-b2bst/mfix-tn0013/libc.a(lib_a-mprec.o)
 .debug_aranges
                0x0000000000000648       0x20 /home/fsw/rep/tasa/lib/bcc-2.2.3-gcc/bin/../lib/gcc/sparc-gaisler-elf/10.2.0/../../../../sparc-gaisler-elf/lib/mfix-b2bst/mfix-tn0013/libc.a(lib_a-putc.o)
 .debug_aranges
                0x0000000000000668       0x20 /home/fsw/rep/tasa/lib/bcc-2.2.3-gcc/bin/../lib/gcc/sparc-gaisler-elf/10.2.0/../../../../sparc-gaisler-elf/lib/mfix-b2bst/mfix-tn0013/libc.a(lib_a-reallocr.o)
 .debug_aranges
                0x0000000000000688       0x20 /home/fsw/rep/tasa/lib/bcc-2.2.3-gcc/bin/../lib/gcc/sparc-gaisler-elf/10.2.0/../../../../sparc-gaisler-elf/lib/mfix-b2bst/mfix-tn0013/libc.a(lib_a-s_frexp.o)
 .debug_aranges
                0x00000000000006a8       0x20 /home/fsw/rep/tasa/lib/bcc-2.2.3-gcc/bin/../lib/gcc/sparc-gaisler-elf/10.2.0/../../../../sparc-gaisler-elf/lib/mfix-b2bst/mfix-tn0013/libc.a(lib_a-sbrkr.o)
 .debug_aranges
                0x00000000000006c8       0x20 /home/fsw/rep/tasa/lib/bcc-2.2.3-gcc/bin/../lib/gcc/sparc-gaisler-elf/10.2.0/../../../../sparc-gaisler-elf/lib/mfix-b2bst/mfix-tn0013/libc.a(lib_a-stdio.o)
 .debug_aranges
                0x00000000000006e8       0x20 /home/fsw/rep/tasa/lib/bcc-2.2.3-gcc/bin/../lib/gcc/sparc-gaisler-elf/10.2.0/../../../../sparc-gaisler-elf/lib/mfix-b2bst/mfix-tn0013/libc.a(lib_a-strncpy.o)
 .debug_aranges
                0x0000000000000708       0x20 /home/fsw/rep/tasa/lib/bcc-2.2.3-gcc/bin/../lib/gcc/sparc-gaisler-elf/10.2.0/../../../../sparc-gaisler-elf/lib/mfix-b2bst/mfix-tn0013/libc.a(lib_a-vfiprintf.o)
 .debug_aranges
                0x0000000000000728       0x20 /home/fsw/rep/tasa/lib/bcc-2.2.3-gcc/bin/../lib/gcc/sparc-gaisler-elf/10.2.0/../../../../sparc-gaisler-elf/lib/mfix-b2bst/mfix-tn0013/libc.a(lib_a-wbuf.o)
 .debug_aranges
                0x0000000000000748       0x20 /home/fsw/rep/tasa/lib/bcc-2.2.3-gcc/bin/../lib/gcc/sparc-gaisler-elf/10.2.0/../../../../sparc-gaisler-elf/lib/mfix-b2bst/mfix-tn0013/libc.a(lib_a-writer.o)
 .debug_aranges
                0x0000000000000768       0x20 /home/fsw/rep/tasa/lib/bcc-2.2.3-gcc/bin/../lib/gcc/sparc-gaisler-elf/10.2.0/../../../../sparc-gaisler-elf/lib/mfix-b2bst/mfix-tn0013/libc.a(lib_a-callocr.o)
 .debug_aranges
                0x0000000000000788       0x20 /home/fsw/rep/tasa/lib/bcc-2.2.3-gcc/bin/../lib/gcc/sparc-gaisler-elf/10.2.0/../../../../sparc-gaisler-elf/lib/mfix-b2bst/mfix-tn0013/libc.a(lib_a-closer.o)
 .debug_aranges
                0x00000000000007a8       0x20 /home/fsw/rep/tasa/lib/bcc-2.2.3-gcc/bin/../lib/gcc/sparc-gaisler-elf/10.2.0/../../../../sparc-gaisler-elf/lib/mfix-b2bst/mfix-tn0013/libc.a(lib_a-fclose.o)
 .debug_aranges
                0x00000000000007c8       0x20 /home/fsw/rep/tasa/lib/bcc-2.2.3-gcc/bin/../lib/gcc/sparc-gaisler-elf/10.2.0/../../../../sparc-gaisler-elf/lib/mfix-b2bst/mfix-tn0013/libc.a(lib_a-fputwc.o)
 .debug_aranges
                0x00000000000007e8       0x20 /home/fsw/rep/tasa/lib/bcc-2.2.3-gcc/bin/../lib/gcc/sparc-gaisler-elf/10.2.0/../../../../sparc-gaisler-elf/lib/mfix-b2bst/mfix-tn0013/libc.a(lib_a-fstatr.o)
 .debug_aranges
                0x0000000000000808       0x20 /home/fsw/rep/tasa/lib/bcc-2.2.3-gcc/bin/../lib/gcc/sparc-gaisler-elf/10.2.0/../../../../sparc-gaisler-elf/lib/mfix-b2bst/mfix-tn0013/libc.a(lib_a-isattyr.o)
 .debug_aranges
                0x0000000000000828       0x20 /home/fsw/rep/tasa/lib/bcc-2.2.3-gcc/bin/../lib/gcc/sparc-gaisler-elf/10.2.0/../../../../sparc-gaisler-elf/lib/mfix-b2bst/mfix-tn0013/libc.a(lib_a-locale.o)
 .debug_aranges
                0x0000000000000848       0x20 /home/fsw/rep/tasa/lib/bcc-2.2.3-gcc/bin/../lib/gcc/sparc-gaisler-elf/10.2.0/../../../../sparc-gaisler-elf/lib/mfix-b2bst/mfix-tn0013/libc.a(lib_a-lseekr.o)
 .debug_aranges
                0x0000000000000868       0x20 /home/fsw/rep/tasa/lib/bcc-2.2.3-gcc/bin/../lib/gcc/sparc-gaisler-elf/10.2.0/../../../../sparc-gaisler-elf/lib/mfix-b2bst/mfix-tn0013/libc.a(lib_a-mbtowc_r.o)
 .debug_aranges
                0x0000000000000888       0x20 /home/fsw/rep/tasa/lib/bcc-2.2.3-gcc/bin/../lib/gcc/sparc-gaisler-elf/10.2.0/../../../../sparc-gaisler-elf/lib/mfix-b2bst/mfix-tn0013/libc.a(lib_a-readr.o)
 .debug_aranges
                0x00000000000008a8       0x20 /home/fsw/rep/tasa/lib/bcc-2.2.3-gcc/bin/../lib/gcc/sparc-gaisler-elf/10.2.0/../../../../sparc-gaisler-elf/lib/mfix-b2bst/mfix-tn0013/libc.a(lib_a-reent.o)
 .debug_aranges
                0x00000000000008c8       0x20 /home/fsw/rep/tasa/lib/bcc-2.2.3-gcc/bin/../lib/gcc/sparc-gaisler-elf/10.2.0/../../../../sparc-gaisler-elf/lib/mfix-b2bst/mfix-tn0013/libc.a(lib_a-strcmp.o)
 .debug_aranges
                0x00000000000008e8       0x20 /home/fsw/rep/tasa/lib/bcc-2.2.3-gcc/bin/../lib/gcc/sparc-gaisler-elf/10.2.0/../../../../sparc-gaisler-elf/lib/mfix-b2bst/mfix-tn0013/libc.a(lib_a-wcrtomb.o)
 .debug_aranges
                0x0000000000000908       0x20 /home/fsw/rep/tasa/lib/bcc-2.2.3-gcc/bin/../lib/gcc/sparc-gaisler-elf/10.2.0/../../../../sparc-gaisler-elf/lib/mfix-b2bst/mfix-tn0013/libc.a(lib_a-wctomb_r.o)
 .debug_aranges
                0x0000000000000928       0x18 /home/fsw/rep/tasa/lib/bcc-2.2.3-gcc/bin/../lib/gcc/sparc-gaisler-elf/10.2.0/../../../../sparc-gaisler-elf/lib/mfix-b2bst/mfix-tn0013/libc.a(lib_a-ctype_.o)
 .debug_aranges
                0x0000000000000940       0x20 /home/fsw/rep/tasa/lib/bcc-2.2.3-gcc/bin/../sparc-gaisler-elf/bsp/leon3/mfix-b2bst/mfix-tn0013/libbcc.a(_exit.S.o)
 .debug_aranges
                0x0000000000000960       0x20 /home/fsw/rep/tasa/lib/bcc-2.2.3-gcc/bin/../sparc-gaisler-elf/bsp/leon3/mfix-b2bst/mfix-tn0013/libbcc.a(read.c.o)
 .debug_aranges
                0x0000000000000980       0x20 /home/fsw/rep/tasa/lib/bcc-2.2.3-gcc/bin/../sparc-gaisler-elf/bsp/leon3/mfix-b2bst/mfix-tn0013/libbcc.a(sbrk.c.o)
 .debug_aranges
                0x00000000000009a0       0x18 /home/fsw/rep/tasa/lib/bcc-2.2.3-gcc/bin/../sparc-gaisler-elf/bsp/leon3/mfix-b2bst/mfix-tn0013/libbcc.a(heap.c.o)
 .debug_aranges
                0x00000000000009b8       0x20 /home/fsw/rep/tasa/lib/bcc-2.2.3-gcc/bin/../sparc-gaisler-elf/bsp/leon3/mfix-b2bst/mfix-tn0013/libbcc.a(write.c.o)
 .debug_aranges
                0x00000000000009d8       0x20 /home/fsw/rep/tasa/lib/bcc-2.2.3-gcc/bin/../sparc-gaisler-elf/bsp/leon3/mfix-b2bst/mfix-tn0013/libbcc.a(stubs.S.o)
 .debug_aranges
                0x00000000000009f8       0x20 /home/fsw/rep/tasa/lib/bcc-2.2.3-gcc/bin/../sparc-gaisler-elf/bsp/leon3/mfix-b2bst/mfix-tn0013/libbcc.a(con_apbuart.c.o)
 .debug_aranges
                0x0000000000000a18       0x20 /home/fsw/rep/tasa/lib/bcc-2.2.3-gcc/bin/../lib/gcc/sparc-gaisler-elf/10.2.0/mfix-b2bst/mfix-tn0013/libgcc.a(_mulsi3.o)
 .debug_aranges
                0x0000000000000a38       0x20 /home/fsw/rep/tasa/lib/bcc-2.2.3-gcc/bin/../lib/gcc/sparc-gaisler-elf/10.2.0/mfix-b2bst/mfix-tn0013/libgcc.a(_divsi3.o)
 .debug_aranges
                0x0000000000000a58       0x20 /home/fsw/rep/tasa/lib/bcc-2.2.3-gcc/bin/../lib/gcc/sparc-gaisler-elf/10.2.0/mfix-b2bst/mfix-tn0013/libgcc.a(_modsi3.o)
 .debug_aranges
                0x0000000000000a78       0x20 /home/fsw/rep/tasa/lib/bcc-2.2.3-gcc/bin/../lib/gcc/sparc-gaisler-elf/10.2.0/mfix-b2bst/mfix-tn0013/libgcc.a(_udivdi3.o)
 .debug_aranges
                0x0000000000000a98       0x20 /home/fsw/rep/tasa/lib/bcc-2.2.3-gcc/bin/../lib/gcc/sparc-gaisler-elf/10.2.0/mfix-b2bst/mfix-tn0013/libgcc.a(_umoddi3.o)
 .debug_aranges
                0x0000000000000ab8       0x18 /home/fsw/rep/tasa/lib/bcc-2.2.3-gcc/bin/../lib/gcc/sparc-gaisler-elf/10.2.0/mfix-b2bst/mfix-tn0013/libgcc.a(_clz.o)

.debug_pubnames
 *(.debug_pubnames)

.debug_info     0x0000000000000000    0x220d8
 *(.debug_info)
 .debug_info    0x0000000000000000       0x26 /home/fsw/rep/tasa/lib/bcc-2.2.3-gcc/bin/../sparc-gaisler-elf/bsp/leon3/mfix-b2bst/mfix-tn0013/trap_table_mvt.S.o
 .debug_info    0x0000000000000026       0x26 /home/fsw/rep/tasa/lib/bcc-2.2.3-gcc/bin/../sparc-gaisler-elf/bsp/leon3/mfix-b2bst/mfix-tn0013/crt0.S.o
 .debug_info    0x000000000000004c      0x368 /tmp/ccJ0NJKw.o
 .debug_info    0x00000000000003b4       0x26 /home/fsw/rep/tasa/lib/bcc-2.2.3-gcc/bin/../sparc-gaisler-elf/bsp/leon3/mfix-b2bst/mfix-tn0013/libbcc.a(reset_trap_mvt.S.o)