Archive member included to satisfy reference by file (symbol)

/home/fsw/rep/tasa/lib/bcc-2.2.3-gcc/bin/../sparc-gaisler-elf/bsp/leon3/leon3v7/flat/libbcc.a(reset_trap_mvt.S.o)
                              /home/fsw/rep/tasa/lib/bcc-2.2.3-gcc/bin/../sparc-gaisler-elf/bsp/leon3/leon3v7/flat/trap_table_mvt.S.o (__bcc_trap_reset_mvt)
/home/fsw/rep/tasa/lib/bcc-2.2.3-gcc/bin/../sparc-gaisler-elf/bsp/leon3/leon3v7/flat/libbcc.a(interrupt_trap_flat.S.o)
                              /home/fsw/rep/tasa/lib/bcc-2.2.3-gcc/bin/../sparc-gaisler-elf/bsp/leon3/leon3v7/flat/trap_table_mvt.S.o (__bcc_trap_interrupt_flat)
/home/fsw/rep/tasa/lib/bcc-2.2.3-gcc/bin/../sparc-gaisler-elf/bsp/leon3/leon3v7/flat/libbcc.a(sw_trap_set_pil.S.o)
                              /home/fsw/rep/tasa/lib/bcc-2.2.3-gcc/bin/../sparc-gaisler-elf/bsp/leon3/leon3v7/flat/trap_table_mvt.S.o (__bcc_trap_sw_set_pil)
/home/fsw/rep/tasa/lib/bcc-2.2.3-gcc/bin/../sparc-gaisler-elf/bsp/leon3/leon3v7/flat/libbcc.a(isr.c.o)
                              /home/fsw/rep/tasa/lib/bcc-2.2.3-gcc/bin/../sparc-gaisler-elf/bsp/leon3/leon3v7/flat/libbcc.a(interrupt_trap_flat.S.o) (__bcc_isr_list)
/home/fsw/rep/tasa/lib/bcc-2.2.3-gcc/bin/../sparc-gaisler-elf/bsp/leon3/leon3v7/flat/libbcc.a(int_nest.c.o)
                              /home/fsw/rep/tasa/lib/bcc-2.2.3-gcc/bin/../sparc-gaisler-elf/bsp/leon3/leon3v7/flat/libbcc.a(interrupt_trap_flat.S.o) (__bcc_int_nest)
/home/fsw/rep/tasa/lib/bcc-2.2.3-gcc/bin/../sparc-gaisler-elf/bsp/leon3/leon3v7/flat/libbcc.a(init.S.o)
                              /home/fsw/rep/tasa/lib/bcc-2.2.3-gcc/bin/../sparc-gaisler-elf/bsp/leon3/leon3v7/flat/libbcc.a(reset_trap_mvt.S.o) (__bcc_init40)
/home/fsw/rep/tasa/lib/bcc-2.2.3-gcc/bin/../sparc-gaisler-elf/bsp/leon3/leon3v7/flat/libbcc.a(leon_info.S.o)
                              /home/fsw/rep/tasa/lib/bcc-2.2.3-gcc/bin/../sparc-gaisler-elf/bsp/leon3/leon3v7/flat/crt0.S.o (__bcc_get_leon_info)
/home/fsw/rep/tasa/lib/bcc-2.2.3-gcc/bin/../sparc-gaisler-elf/bsp/leon3/leon3v7/flat/libbcc.a(dwzero.S.o)
                              /home/fsw/rep/tasa/lib/bcc-2.2.3-gcc/bin/../sparc-gaisler-elf/bsp/leon3/leon3v7/flat/crt0.S.o (bcc_dwzero)
/home/fsw/rep/tasa/lib/bcc-2.2.3-gcc/bin/../sparc-gaisler-elf/bsp/leon3/leon3v7/flat/libbcc.a(copy_data.c.o)
                              /home/fsw/rep/tasa/lib/bcc-2.2.3-gcc/bin/../sparc-gaisler-elf/bsp/leon3/leon3v7/flat/crt0.S.o (__bcc_copy_data)
/home/fsw/rep/tasa/lib/bcc-2.2.3-gcc/bin/../sparc-gaisler-elf/bsp/leon3/leon3v7/flat/libbcc.a(argv.c.o)
                              /home/fsw/rep/tasa/lib/bcc-2.2.3-gcc/bin/../sparc-gaisler-elf/bsp/leon3/leon3v7/flat/crt0.S.o (__bcc_argvp)
/home/fsw/rep/tasa/lib/bcc-2.2.3-gcc/bin/../sparc-gaisler-elf/bsp/leon3/leon3v7/flat/libbcc.a(int_irqmp_get_source.c.o)
                              /home/fsw/rep/tasa/lib/bcc-2.2.3-gcc/bin/../sparc-gaisler-elf/bsp/leon3/leon3v7/flat/libbcc.a(interrupt_trap_flat.S.o) (__bcc_int_get_source)
/home/fsw/rep/tasa/lib/bcc-2.2.3-gcc/bin/../sparc-gaisler-elf/bsp/leon3/leon3v7/flat/libbcc.a(int_irqmp_mp.c.o)
                              /tmp/cc6OYZ9W.o (bcc_get_cpu_count)
/home/fsw/rep/tasa/lib/bcc-2.2.3-gcc/bin/../sparc-gaisler-elf/bsp/leon3/leon3v7/flat/libbcc.a(int_irqmp_init.c.o)
                              /home/fsw/rep/tasa/lib/bcc-2.2.3-gcc/bin/../sparc-gaisler-elf/bsp/leon3/leon3v7/flat/crt0.S.o (__bcc_int_init)
/home/fsw/rep/tasa/lib/bcc-2.2.3-gcc/bin/../sparc-gaisler-elf/bsp/leon3/leon3v7/flat/libbcc.a(con_apbuart_init.c.o)
                              /home/fsw/rep/tasa/lib/bcc-2.2.3-gcc/bin/../sparc-gaisler-elf/bsp/leon3/leon3v7/flat/crt0.S.o (__bcc_con_init)
/home/fsw/rep/tasa/lib/bcc-2.2.3-gcc/bin/../sparc-gaisler-elf/bsp/leon3/leon3v7/flat/libbcc.a(timer_gptimer_init.c.o)
                              /home/fsw/rep/tasa/lib/bcc-2.2.3-gcc/bin/../sparc-gaisler-elf/bsp/leon3/leon3v7/flat/crt0.S.o (__bcc_timer_init)
/home/fsw/rep/tasa/lib/bcc-2.2.3-gcc/bin/../sparc-gaisler-elf/bsp/leon3/leon3v7/flat/libbcc.a(ambapp.c.o)
                              /home/fsw/rep/tasa/lib/bcc-2.2.3-gcc/bin/../sparc-gaisler-elf/bsp/leon3/leon3v7/flat/libbcc.a(int_irqmp_init.c.o) (ambapp_visit)
/home/fsw/rep/tasa/lib/bcc-2.2.3-gcc/bin/../sparc-gaisler-elf/bsp/leon3/leon3v7/flat/libbcc.a(ambapp_findfirst_fn.c.o)
                              /home/fsw/rep/tasa/lib/bcc-2.2.3-gcc/bin/../sparc-gaisler-elf/bsp/leon3/leon3v7/flat/libbcc.a(int_irqmp_init.c.o) (ambapp_findfirst_fn)
/home/fsw/rep/tasa/lib/bcc-2.2.3-gcc/bin/../sparc-gaisler-elf/bsp/leon3/leon3v7/flat/libbcc.a(int_irqmp_handle.c.o)
                              /home/fsw/rep/tasa/lib/bcc-2.2.3-gcc/bin/../sparc-gaisler-elf/bsp/leon3/leon3v7/flat/libbcc.a(int_irqmp_init.c.o) (__bcc_int_irqmp_nts)
/home/fsw/rep/tasa/lib/bcc-2.2.3-gcc/bin/../sparc-gaisler-elf/bsp/leon3/leon3v7/flat/libbcc.a(con_handle.c.o)
[...]
Memory Configuration

Name             Origin             Length             Attributes
rom              0x0000000000000000 0x0000000020000000
ram              0x0000000040000000 0x0000000040000000
*default*        0x0000000000000000 0xffffffffffffffff

Linker script and memory map

LOAD /home/fsw/rep/tasa/lib/bcc-2.2.3-gcc/bin/../sparc-gaisler-elf/bsp/leon3/leon3v7/flat/trap_table_mvt.S.o
LOAD /home/fsw/rep/tasa/lib/bcc-2.2.3-gcc/bin/../sparc-gaisler-elf/bsp/leon3/leon3v7/flat/crt0.S.o
LOAD /home/fsw/rep/tasa/lib/bcc-2.2.3-gcc/bin/../lib/gcc/sparc-gaisler-elf/10.2.0/leon3v7/flat/crti.o
LOAD /home/fsw/rep/tasa/lib/bcc-2.2.3-gcc/bin/../lib/gcc/sparc-gaisler-elf/10.2.0/leon3v7/flat/crtbegin.o
LOAD /tmp/cc6OYZ9W.o
                0x0000000000000000                PROVIDE (__bcc_cfg_skip_clear_bss = 0x0)

.text           0x0000000040000000    0x104f0
 CREATE_OBJECT_SYMBOLS
                0x0000000040000000                __text_start = .
                0x0000000040000000                . = ALIGN (0x1000)
 *(.text.traptable)
 .text.traptable
                0x0000000040000000     0x1000 /home/fsw/rep/tasa/lib/bcc-2.2.3-gcc/bin/../sparc-gaisler-elf/bsp/leon3/leon3v7/flat/trap_table_mvt.S.o
                0x0000000040000000                __bcc_trap_table
                0x0000000040000000                __bcc_entry_point
 *(.text .text.*)
 .text          0x0000000040001000        0x0 /home/fsw/rep/tasa/lib/bcc-2.2.3-gcc/bin/../sparc-gaisler-elf/bsp/leon3/leon3v7/flat/trap_table_mvt.S.o
 .text          0x0000000040001000       0xc8 /home/fsw/rep/tasa/lib/bcc-2.2.3-gcc/bin/../sparc-gaisler-elf/bsp/leon3/leon3v7/flat/crt0.S.o
                0x0000000040001000                __bcc_crt0
 .text          0x00000000400010c8        0x0 /home/fsw/rep/tasa/lib/bcc-2.2.3-gcc/bin/../lib/gcc/sparc-gaisler-elf/10.2.0/leon3v7/flat/crti.o
 .text          0x00000000400010c8      0x1f8 /home/fsw/rep/tasa/lib/bcc-2.2.3-gcc/bin/../lib/gcc/sparc-gaisler-elf/10.2.0/leon3v7/flat/crtbegin.o
 .text          0x00000000400012c0        0x0 /tmp/cc6OYZ9W.o
 .text.startup  0x00000000400012c0      0x16c /tmp/cc6OYZ9W.o
                0x00000000400012c0                main
 .text          0x000000004000142c       0x90 /home/fsw/rep/tasa/lib/bcc-2.2.3-gcc/bin/../sparc-gaisler-elf/bsp/leon3/leon3v7/flat/libbcc.a(reset_trap_mvt.S.o)
                0x000000004000142c                __bcc_trap_reset_mvt
 .text          0x00000000400014bc      0x15c /home/fsw/rep/tasa/lib/bcc-2.2.3-gcc/bin/../sparc-gaisler-elf/bsp/leon3/leon3v7/flat/libbcc.a(interrupt_trap_flat.S.o)
                0x00000000400014bc                __bcc_trap_interrupt_flat_svt
                0x00000000400014c0                __bcc_trap_interrupt_flat
 .text          0x0000000040001618       0x2c /home/fsw/rep/tasa/lib/bcc-2.2.3-gcc/bin/../sparc-gaisler-elf/bsp/leon3/leon3v7/flat/libbcc.a(sw_trap_set_pil.S.o)
                0x0000000040001618                __bcc_trap_sw_set_pil
 .text          0x0000000040001644        0x0 /home/fsw/rep/tasa/lib/bcc-2.2.3-gcc/bin/../sparc-gaisler-elf/bsp/leon3/leon3v7/flat/libbcc.a(isr.c.o)
 .text          0x0000000040001644        0x0 /home/fsw/rep/tasa/lib/bcc-2.2.3-gcc/bin/../sparc-gaisler-elf/bsp/leon3/leon3v7/flat/libbcc.a(int_nest.c.o)
 .text          0x0000000040001644        0x8 /home/fsw/rep/tasa/lib/bcc-2.2.3-gcc/bin/../sparc-gaisler-elf/bsp/leon3/leon3v7/flat/libbcc.a(init.S.o)
                0x0000000040001644                __bcc_init50
                0x0000000040001644                __bcc_init40
                0x0000000040001644                __bcc_init70
                0x0000000040001644                __bcc_init60
 .text          0x000000004000164c       0x98 /home/fsw/rep/tasa/lib/bcc-2.2.3-gcc/bin/../sparc-gaisler-elf/bsp/leon3/leon3v7/flat/libbcc.a(leon_info.S.o)
                0x000000004000164c                __bcc_get_leon_info
                0x00000000400016d4                bcc_get_cpuid
 .text          0x00000000400016e4       0x2c /home/fsw/rep/tasa/lib/bcc-2.2.3-gcc/bin/../sparc-gaisler-elf/bsp/leon3/leon3v7/flat/libbcc.a(dwzero.S.o)
                0x00000000400016e4                bcc_dwzero
 .text          0x0000000040001710       0x78 /home/fsw/rep/tasa/lib/bcc-2.2.3-gcc/bin/../sparc-gaisler-elf/bsp/leon3/leon3v7/flat/libbcc.a(copy_data.c.o)
                0x0000000040001710                __bcc_copy_data
 .text          0x0000000040001788        0x0 /home/fsw/rep/tasa/lib/bcc-2.2.3-gcc/bin/../sparc-gaisler-elf/bsp/leon3/leon3v7/flat/libbcc.a(argv.c.o)
 .text          0x0000000040001788       0x48 /home/fsw/rep/tasa/lib/bcc-2.2.3-gcc/bin/../sparc-gaisler-elf/bsp/leon3/leon3v7/flat/libbcc.a(int_irqmp_get_source.c.o)
                0x0000000040001788                __bcc_int_get_source
 .text          0x00000000400017d0       0xa0 /home/fsw/rep/tasa/lib/bcc-2.2.3-gcc/bin/../sparc-gaisler-elf/bsp/leon3/leon3v7/flat/libbcc.a(int_irqmp_mp.c.o)
                0x00000000400017d0                bcc_send_interrupt
                0x0000000040001810                bcc_get_cpu_count
                0x000000004000183c                bcc_start_processor
 .text          0x0000000040001870      0x1e0 /home/fsw/rep/tasa/lib/bcc-2.2.3-gcc/bin/../sparc-gaisler-elf/bsp/leon3/leon3v7/flat/libbcc.a(int_irqmp_init.c.o)
                0x0000000040001870                __bcc_int_init
 .text          0x0000000040001a50       0x68 /home/fsw/rep/tasa/lib/bcc-2.2.3-gcc/bin/../sparc-gaisler-elf/bsp/leon3/leon3v7/flat/libbcc.a(con_apbuart_init.c.o)
                0x0000000040001a50                __bcc_con_init
 .text          0x0000000040001ab8       0x98 /home/fsw/rep/tasa/lib/bcc-2.2.3-gcc/bin/../sparc-gaisler-elf/bsp/leon3/leon3v7/flat/libbcc.a(timer_gptimer_init.c.o)
                0x0000000040001ab8                __bcc_timer_init
 .text          0x0000000040001b50      0x7dc /home/fsw/rep/tasa/lib/bcc-2.2.3-gcc/bin/../sparc-gaisler-elf/bsp/leon3/leon3v7/flat/libbcc.a(ambapp.c.o)
                0x0000000040001b50                ambapp_get_ahbinfo
                0x0000000040002254                ambapp_get_apbinfo
                0x00000000400022f8                ambapp_visit
 .text          0x000000004000232c       0xa8 /home/fsw/rep/tasa/lib/bcc-2.2.3-gcc/bin/../sparc-gaisler-elf/bsp/leon3/leon3v7/flat/libbcc.a(ambapp_findfirst_fn.c.o)
                0x000000004000232c                ambapp_findfirst_fn
 .text          0x00000000400023d4        0x0 /home/fsw/rep/tasa/lib/bcc-2.2.3-gcc/bin/../sparc-gaisler-elf/bsp/leon3/leon3v7/flat/libbcc.a(int_irqmp_handle.c.o)
 .text          0x00000000400023d4        0x0 /home/fsw/rep/tasa/lib/bcc-2.2.3-gcc/bin/../sparc-gaisler-elf/bsp/leon3/leon3v7/flat/libbcc.a(con_handle.c.o)
 .text          0x00000000400023d4        0x0 /home/fsw/rep/tasa/lib/bcc-2.2.3-gcc/bin/../sparc-gaisler-elf/bsp/leon3/leon3v7/flat/libbcc.a(timer_handle.c.o)
 .text          0x00000000400023d4       0x1c /home/fsw/rep/tasa/lib/bcc-2.2.3-gcc/bin/../lib/gcc/sparc-gaisler-elf/10.2.0/../../../../sparc-gaisler-elf/lib/leon3v7/flat/libc.a(lib_a-atexit.o)
                0x00000000400023d4                atexit
 .text          0x00000000400023f0       0x4c /home/fsw/rep/tasa/lib/bcc-2.2.3-gcc/bin/../lib/gcc/sparc-gaisler-elf/10.2.0/../../../../sparc-gaisler-elf/lib/leon3v7/flat/libc.a(lib_a-exit.o)
                0x00000000400023f0                exit
 .text          0x000000004000243c        0x0 /home/fsw/rep/tasa/lib/bcc-2.2.3-gcc/bin/../lib/gcc/sparc-gaisler-elf/10.2.0/../../../../sparc-gaisler-elf/lib/leon3v7/flat/libc.a(lib_a-impure.o)
 .text          0x000000004000243c      0x1cc /home/fsw/rep/tasa/lib/bcc-2.2.3-gcc/bin/../lib/gcc/sparc-gaisler-elf/10.2.0/../../../../sparc-gaisler-elf/lib/leon3v7/flat/libc.a(lib_a-memcpy.o)
                0x000000004000243c                memcpy
 .text          0x0000000040002608      0x130 /home/fsw/rep/tasa/lib/bcc-2.2.3-gcc/bin/../lib/gcc/sparc-gaisler-elf/10.2.0/../../../../sparc-gaisler-elf/lib/leon3v7/flat/libc.a(lib_a-printf.o)
                0x0000000040002608                _printf_r
                0x00000000400026a4                printf
 .text          0x0000000040002738      0x104 /home/fsw/rep/tasa/lib/bcc-2.2.3-gcc/bin/../lib/gcc/sparc-gaisler-elf/10.2.0/../../../../sparc-gaisler-elf/lib/leon3v7/flat/libc.a(lib_a-putchar.o)
                0x0000000040002738                _putchar_r
                0x00000000400027b4                putchar
 .text          0x000000004000283c      0x288 /home/fsw/rep/tasa/lib/bcc-2.2.3-gcc/bin/../lib/gcc/sparc-gaisler-elf/10.2.0/../../../../sparc-gaisler-elf/lib/leon3v7/flat/libc.a(lib_a-puts.o)
                0x000000004000283c                _puts_r
                0x0000000040002980                puts
 .text          0x0000000040002ac4       0xc4 /home/fsw/rep/tasa/lib/bcc-2.2.3-gcc/bin/../lib/gcc/sparc-gaisler-elf/10.2.0/../../../../sparc-gaisler-elf/lib/leon3v7/flat/libc.a(lib_a-strlen.o)
                0x0000000040002ac4                strlen
 .text          0x0000000040002b88     0x2d18 /home/fsw/rep/tasa/lib/bcc-2.2.3-gcc/bin/../lib/gcc/sparc-gaisler-elf/10.2.0/../../../../sparc-gaisler-elf/lib/leon3v7/flat/libc.a(lib_a-vfprintf.o)
                0x0000000040002cf4                _vfprintf_r
                0x00000000400057b0                vfprintf
 .text          0x00000000400058a0      0x1f8 /home/fsw/rep/tasa/lib/bcc-2.2.3-gcc/bin/../lib/gcc/sparc-gaisler-elf/10.2.0/../../../../sparc-gaisler-elf/lib/leon3v7/flat/libc.a(lib_a-wsetup.o)
                0x00000000400058a0                __swsetup_r
 .text          0x0000000040005a98      0x188 /home/fsw/rep/tasa/lib/bcc-2.2.3-gcc/bin/../lib/gcc/sparc-gaisler-elf/10.2.0/../../../../sparc-gaisler-elf/lib/leon3v7/flat/libc.a(lib_a-__atexit.o)
                0x0000000040005a98                __register_exitproc
 .text          0x0000000040005c20      0x304 /home/fsw/rep/tasa/lib/bcc-2.2.3-gcc/bin/../lib/gcc/sparc-gaisler-elf/10.2.0/../../../../sparc-gaisler-elf/lib/leon3v7/flat/libc.a(lib_a-__call_atexit.o)
                0x0000000040005c20                __call_exitprocs
 .text          0x0000000040005f24     0x15e4 /home/fsw/rep/tasa/lib/bcc-2.2.3-gcc/bin/../lib/gcc/sparc-gaisler-elf/10.2.0/../../../../sparc-gaisler-elf/lib/leon3v7/flat/libc.a(lib_a-dtoa.o)
                0x0000000040006174                _dtoa_r
 .text          0x0000000040007508      0x490 /home/fsw/rep/tasa/lib/bcc-2.2.3-gcc/bin/../lib/gcc/sparc-gaisler-elf/10.2.0/../../../../sparc-gaisler-elf/lib/leon3v7/flat/libc.a(lib_a-fflush.o)
                0x0000000040007508                __sflush_r
                0x000000004000779c                _fflush_r
                0x0000000040007874                fflush
 .text          0x0000000040007998      0x3b4 /home/fsw/rep/tasa/lib/bcc-2.2.3-gcc/bin/../lib/gcc/sparc-gaisler-elf/10.2.0/../../../../sparc-gaisler-elf/lib/leon3v7/flat/libc.a(lib_a-findfp.o)
                0x0000000040007998                _cleanup_r
                0x00000000400079ac                __sfmoreglue
                0x0000000040007a24                __sfp
                0x0000000040007d0c                _cleanup
                0x0000000040007d28                __sinit
 .text          0x0000000040007d4c      0x488 /home/fsw/rep/tasa/lib/bcc-2.2.3-gcc/bin/../lib/gcc/sparc-gaisler-elf/10.2.0/../../../../sparc-gaisler-elf/lib/leon3v7/flat/libc.a(lib_a-freer.o)
                0x0000000040007d4c                _malloc_trim_r
                0x0000000040007e6c                _free_r
 .text          0x00000000400081d4      0x55c /home/fsw/rep/tasa/lib/bcc-2.2.3-gcc/bin/../lib/gcc/sparc-gaisler-elf/10.2.0/../../../../sparc-gaisler-elf/lib/leon3v7/flat/libc.a(lib_a-fvwrite.o)
                0x00000000400081d4                __sfvwrite_r
 .text          0x0000000040008730      0x144 /home/fsw/rep/tasa/lib/bcc-2.2.3-gcc/bin/../lib/gcc/sparc-gaisler-elf/10.2.0/../../../../sparc-gaisler-elf/lib/leon3v7/flat/libc.a(lib_a-fwalk.o)
                0x0000000040008730                _fwalk
                0x00000000400087d0                _fwalk_reent
 .text          0x0000000040008874       0x60 /home/fsw/rep/tasa/lib/bcc-2.2.3-gcc/bin/../lib/gcc/sparc-gaisler-elf/10.2.0/../../../../sparc-gaisler-elf/lib/leon3v7/flat/libc.a(lib_a-localeconv.o)
                0x0000000040008874                __localeconv_l
                0x000000004000887c                _localeconv_r
                0x00000000400088a8                localeconv
 .text          0x00000000400088d4      0x27c /home/fsw/rep/tasa/lib/bcc-2.2.3-gcc/bin/../lib/gcc/sparc-gaisler-elf/10.2.0/../../../../sparc-gaisler-elf/lib/leon3v7/flat/libc.a(lib_a-makebuf.o)
                0x00000000400088d4                __smakebuf_r
                0x0000000040008a78                __swhatbuf_r
 .text          0x0000000040008b50       0x30 /home/fsw/rep/tasa/lib/bcc-2.2.3-gcc/bin/../lib/gcc/sparc-gaisler-elf/10.2.0/../../../../sparc-gaisler-elf/lib/leon3v7/flat/libc.a(lib_a-malloc.o)
                0x0000000040008b50                malloc
                0x0000000040008b68                free
 .text          0x0000000040008b80      0x860 /home/fsw/rep/tasa/lib/bcc-2.2.3-gcc/bin/../lib/gcc/sparc-gaisler-elf/10.2.0/../../../../sparc-gaisler-elf/lib/leon3v7/flat/libc.a(lib_a-mallocr.o)
                0x0000000040008b80                _malloc_r
 .text          0x00000000400093e0      0x120 /home/fsw/rep/tasa/lib/bcc-2.2.3-gcc/bin/../lib/gcc/sparc-gaisler-elf/10.2.0/../../../../sparc-gaisler-elf/lib/leon3v7/flat/libc.a(lib_a-memchr.o)
                0x00000000400093e0                memchr
 .text          0x0000000040009500      0x220 /home/fsw/rep/tasa/lib/bcc-2.2.3-gcc/bin/../lib/gcc/sparc-gaisler-elf/10.2.0/../../../../sparc-gaisler-elf/lib/leon3v7/flat/libc.a(lib_a-memmove.o)
                0x0000000040009500                memmove
 .text          0x0000000040009720      0x134 /home/fsw/rep/tasa/lib/bcc-2.2.3-gcc/bin/../lib/gcc/sparc-gaisler-elf/10.2.0/../../../../sparc-gaisler-elf/lib/leon3v7/flat/libc.a(lib_a-memset.o)
                0x0000000040009720                memset
 .text          0x0000000040009854       0x10 /home/fsw/rep/tasa/lib/bcc-2.2.3-gcc/bin/../lib/gcc/sparc-gaisler-elf/10.2.0/../../../../sparc-gaisler-elf/lib/leon3v7/flat/libc.a(lib_a-mlock.o)
                0x0000000040009854                __malloc_lock
                0x000000004000985c                __malloc_unlock
 .text          0x0000000040009864     0x19e8 /home/fsw/rep/tasa/lib/bcc-2.2.3-gcc/bin/../lib/gcc/sparc-gaisler-elf/10.2.0/../../../../sparc-gaisler-elf/lib/leon3v7/flat/libc.a(lib_a-mprec.o)
                0x0000000040009864                _Balloc
                0x0000000040009958                _Bfree
                0x00000000400099d4                __multadd
                0x0000000040009b38                __s2b
                0x0000000040009c54                __hi0bits
                0x0000000040009ce8                __lo0bits
                0x0000000040009dc0                __i2b
                0x0000000040009ed4                __multiply
                0x000000004000a178                __pow5mult
                0x000000004000a334                __lshift
                0x000000004000a554                __mcmp
                0x000000004000a5dc                __mdiff
                0x000000004000a838                __ulp
                0x000000004000a8c8                __b2d
                0x000000004000aa84                __d2b
                0x000000004000ae94                __ratio
                0x000000004000b0f0                _mprec_log10
                0x000000004000b130                __copybits
                0x000000004000b1c8                __any_on
 .text          0x000000004000b24c      0x238 /home/fsw/rep/tasa/lib/bcc-2.2.3-gcc/bin/../lib/gcc/sparc-gaisler-elf/10.2.0/../../../../sparc-gaisler-elf/lib/leon3v7/flat/libc.a(lib_a-putc.o)
                0x000000004000b24c                _putc_r
                0x000000004000b358                putc
 .text          0x000000004000b484      0x5d4 /home/fsw/rep/tasa/lib/bcc-2.2.3-gcc/bin/../lib/gcc/sparc-gaisler-elf/10.2.0/../../../../sparc-gaisler-elf/lib/leon3v7/flat/libc.a(lib_a-reallocr.o)
                0x000000004000b484                _realloc_r
 .text          0x000000004000ba58       0xb8 /home/fsw/rep/tasa/lib/bcc-2.2.3-gcc/bin/../lib/gcc/sparc-gaisler-elf/10.2.0/../../../../sparc-gaisler-elf/lib/leon3v7/flat/libc.a(lib_a-s_frexp.o)
                0x000000004000ba58                frexp
 .text          0x000000004000bb10       0x68 /home/fsw/rep/tasa/lib/bcc-2.2.3-gcc/bin/../lib/gcc/sparc-gaisler-elf/10.2.0/../../../../sparc-gaisler-elf/lib/leon3v7/flat/libc.a(lib_a-sbrkr.o)
                0x000000004000bb10                _sbrk_r
 .text          0x000000004000bb78      0x1a4 /home/fsw/rep/tasa/lib/bcc-2.2.3-gcc/bin/../lib/gcc/sparc-gaisler-elf/10.2.0/../../../../sparc-gaisler-elf/lib/leon3v7/flat/libc.a(lib_a-stdio.o)
                0x000000004000bb78                __sread
                0x000000004000bbe0                __seofread
                0x000000004000bbe8                __swrite
                0x000000004000bca0                __sseek
                0x000000004000bd0c                __sclose
 .text          0x000000004000bd1c      0x1cc /home/fsw/rep/tasa/lib/bcc-2.2.3-gcc/bin/../lib/gcc/sparc-gaisler-elf/10.2.0/../../../../sparc-gaisler-elf/lib/leon3v7/flat/libc.a(lib_a-strncpy.o)
                0x000000004000bd1c                strncpy
 .text          0x000000004000bee8     0x1f30 /home/fsw/rep/tasa/lib/bcc-2.2.3-gcc/bin/../lib/gcc/sparc-gaisler-elf/10.2.0/../../../../sparc-gaisler-elf/lib/leon3v7/flat/libc.a(lib_a-vfiprintf.o)
                0x000000004000c054                __sprint_r
                0x000000004000c16c                _vfiprintf_r
                0x000000004000dd28                vfiprintf
 .text          0x000000004000de18      0x3ac /home/fsw/rep/tasa/lib/bcc-2.2.3-gcc/bin/../lib/gcc/sparc-gaisler-elf/10.2.0/../../../../sparc-gaisler-elf/lib/leon3v7/flat/libc.a(lib_a-wbuf.o)
                0x000000004000de18                __swbuf_r
                0x000000004000dfec                __swbuf
 .text          0x000000004000e1c4       0x70 /home/fsw/rep/tasa/lib/bcc-2.2.3-gcc/bin/../lib/gcc/sparc-gaisler-elf/10.2.0/../../../../sparc-gaisler-elf/lib/leon3v7/flat/libc.a(lib_a-writer.o)
                0x000000004000e1c4                _write_r
 .text          0x000000004000e234       0xd8 /home/fsw/rep/tasa/lib/bcc-2.2.3-gcc/bin/../lib/gcc/sparc-gaisler-elf/10.2.0/../../../../sparc-gaisler-elf/lib/leon3v7/flat/libc.a(lib_a-callocr.o)
                0x000000004000e234                _calloc_r
 .text          0x000000004000e30c       0x68 /home/fsw/rep/tasa/lib/bcc-2.2.3-gcc/bin/../lib/gcc/sparc-gaisler-elf/10.2.0/../../../../sparc-gaisler-elf/lib/leon3v7/flat/libc.a(lib_a-closer.o)
                0x000000004000e30c                _close_r
 .text          0x000000004000e374      0x314 /home/fsw/rep/tasa/lib/bcc-2.2.3-gcc/bin/../lib/gcc/sparc-gaisler-elf/10.2.0/../../../../sparc-gaisler-elf/lib/leon3v7/flat/libc.a(lib_a-fclose.o)
                0x000000004000e374                _fclose_r
                0x000000004000e4fc                fclose
 .text          0x000000004000e688      0x23c /home/fsw/rep/tasa/lib/bcc-2.2.3-gcc/bin/../lib/gcc/sparc-gaisler-elf/10.2.0/../../../../sparc-gaisler-elf/lib/leon3v7/flat/libc.a(lib_a-fputwc.o)
                0x000000004000e688                __fputwc
                0x000000004000e7ac                _fputwc_r
                0x000000004000e7dc                fputwc
 .text          0x000000004000e8c4       0x6c /home/fsw/rep/tasa/lib/bcc-2.2.3-gcc/bin/../lib/gcc/sparc-gaisler-elf/10.2.0/../../../../sparc-gaisler-elf/lib/leon3v7/flat/libc.a(lib_a-fstatr.o)
                0x000000004000e8c4                _fstat_r
 .text          0x000000004000e930       0x68 /home/fsw/rep/tasa/lib/bcc-2.2.3-gcc/bin/../lib/gcc/sparc-gaisler-elf/10.2.0/../../../../sparc-gaisler-elf/lib/leon3v7/flat/libc.a(lib_a-isattyr.o)
                0x000000004000e930                _isatty_r
 .text          0x000000004000e998      0x180 /home/fsw/rep/tasa/lib/bcc-2.2.3-gcc/bin/../lib/gcc/sparc-gaisler-elf/10.2.0/../../../../sparc-gaisler-elf/lib/leon3v7/flat/libc.a(lib_a-locale.o)
                0x000000004000e998                _setlocale_r
                0x000000004000ea28                __locale_mb_cur_max
                0x000000004000ea54                __locale_ctype_ptr_l
                0x000000004000ea5c                __locale_ctype_ptr
                0x000000004000ea88                setlocale
 .text          0x000000004000eb18       0x70 /home/fsw/rep/tasa/lib/bcc-2.2.3-gcc/bin/../lib/gcc/sparc-gaisler-elf/10.2.0/../../../../sparc-gaisler-elf/lib/leon3v7/flat/libc.a(lib_a-lseekr.o)
                0x000000004000eb18                _lseek_r
 .text          0x000000004000eb88       0xb4 /home/fsw/rep/tasa/lib/bcc-2.2.3-gcc/bin/../lib/gcc/sparc-gaisler-elf/10.2.0/../../../../sparc-gaisler-elf/lib/leon3v7/flat/libc.a(lib_a-mbtowc_r.o)
                0x000000004000eb88                _mbtowc_r
                0x000000004000ebe8                __ascii_mbtowc
 .text          0x000000004000ec3c       0x70 /home/fsw/rep/tasa/lib/bcc-2.2.3-gcc/bin/../lib/gcc/sparc-gaisler-elf/10.2.0/../../../../sparc-gaisler-elf/lib/leon3v7/flat/libc.a(lib_a-readr.o)
                0x000000004000ec3c                _read_r
 .text          0x000000004000ecac      0x3c0 /home/fsw/rep/tasa/lib/bcc-2.2.3-gcc/bin/../lib/gcc/sparc-gaisler-elf/10.2.0/../../../../sparc-gaisler-elf/lib/leon3v7/flat/libc.a(lib_a-reent.o)
                0x000000004000ecac                cleanup_glue
                0x000000004000ed64                _reclaim_reent
 .text          0x000000004000f06c       0xc8 /home/fsw/rep/tasa/lib/bcc-2.2.3-gcc/bin/../lib/gcc/sparc-gaisler-elf/10.2.0/../../../../sparc-gaisler-elf/lib/leon3v7/flat/libc.a(lib_a-strcmp.o)
                0x000000004000f06c                strcmp
 .text          0x000000004000f134      0x194 /home/fsw/rep/tasa/lib/bcc-2.2.3-gcc/bin/../lib/gcc/sparc-gaisler-elf/10.2.0/../../../../sparc-gaisler-elf/lib/leon3v7/flat/libc.a(lib_a-wcrtomb.o)
                0x000000004000f134                _wcrtomb_r
                0x000000004000f1fc                wcrtomb
 .text          0x000000004000f2c8       0x98 /home/fsw/rep/tasa/lib/bcc-2.2.3-gcc/bin/../lib/gcc/sparc-gaisler-elf/10.2.0/../../../../sparc-gaisler-elf/lib/leon3v7/flat/libc.a(lib_a-wctomb_r.o)
                0x000000004000f2c8                _wctomb_r
                0x000000004000f328                __ascii_wctomb
 .text          0x000000004000f360        0x0 /home/fsw/rep/tasa/lib/bcc-2.2.3-gcc/bin/../lib/gcc/sparc-gaisler-elf/10.2.0/../../../../sparc-gaisler-elf/lib/leon3v7/flat/libc.a(lib_a-ctype_.o)
 .text          0x000000004000f360       0x10 /home/fsw/rep/tasa/lib/bcc-2.2.3-gcc/bin/../sparc-gaisler-elf/bsp/leon3/leon3v7/flat/libbcc.a(_exit.S.o)
                0x000000004000f360                _exit
 .text          0x000000004000f370       0x7c /home/fsw/rep/tasa/lib/bcc-2.2.3-gcc/bin/../sparc-gaisler-elf/bsp/leon3/leon3v7/flat/libbcc.a(read.c.o)
                0x000000004000f370                read
 .text          0x000000004000f3ec       0xd0 /home/fsw/rep/tasa/lib/bcc-2.2.3-gcc/bin/../sparc-gaisler-elf/bsp/leon3/leon3v7/flat/libbcc.a(sbrk.c.o)
                0x000000004000f3ec                sbrk
 .text          0x000000004000f4bc        0x0 /home/fsw/rep/tasa/lib/bcc-2.2.3-gcc/bin/../sparc-gaisler-elf/bsp/leon3/leon3v7/flat/libbcc.a(heap.c.o)
 .text          0x000000004000f4bc       0xa0 /home/fsw/rep/tasa/lib/bcc-2.2.3-gcc/bin/../sparc-gaisler-elf/bsp/leon3/leon3v7/flat/libbcc.a(write.c.o)
                0x000000004000f4bc                write
 .text          0x000000004000f55c       0x20 /home/fsw/rep/tasa/lib/bcc-2.2.3-gcc/bin/../sparc-gaisler-elf/bsp/leon3/leon3v7/flat/libbcc.a(stubs.S.o)
                0x000000004000f55c                execve
                0x000000004000f55c                lseek
                0x000000004000f55c                fstat
                0x000000004000f55c                kill
                0x000000004000f55c                wait
                0x000000004000f55c                unlink
                0x000000004000f55c                fork
                0x000000004000f55c                stat
                0x000000004000f55c                link
                0x000000004000f55c                open
                0x000000004000f55c                close
                0x000000004000f574                getpid
                0x000000004000f574                isatty
 .text          0x000000004000f57c       0xc4 /home/fsw/rep/tasa/lib/bcc-2.2.3-gcc/bin/../sparc-gaisler-elf/bsp/leon3/leon3v7/flat/libbcc.a(con_apbuart.c.o)
                0x000000004000f57c                __bcc_con_outbyte
                0x000000004000f60c                __bcc_con_inbyte
 .text          0x000000004000f640       0xe8 /home/fsw/rep/tasa/lib/bcc-2.2.3-gcc/bin/../lib/gcc/sparc-gaisler-elf/10.2.0/leon3v7/flat/libgcc.a(_mulsi3.o)
                0x000000004000f640                .umul
 .text          0x000000004000f728      0x2b0 /home/fsw/rep/tasa/lib/bcc-2.2.3-gcc/bin/../lib/gcc/sparc-gaisler-elf/10.2.0/leon3v7/flat/libgcc.a(_divsi3.o)
                0x000000004000f728                .udiv
                0x000000004000f730                .div
 .text          0x000000004000f9d8      0x2b0 /home/fsw/rep/tasa/lib/bcc-2.2.3-gcc/bin/../lib/gcc/sparc-gaisler-elf/10.2.0/leon3v7/flat/libgcc.a(_modsi3.o)
                0x000000004000f9d8                .urem
                0x000000004000f9e0                .rem
 .text          0x000000004000fc88      0x37c /home/fsw/rep/tasa/lib/bcc-2.2.3-gcc/bin/../lib/gcc/sparc-gaisler-elf/10.2.0/leon3v7/flat/libgcc.a(_udivdi3.o)
                0x000000004000fc88                __udivdi3
 .text          0x0000000040010004      0x374 /home/fsw/rep/tasa/lib/bcc-2.2.3-gcc/bin/../lib/gcc/sparc-gaisler-elf/10.2.0/leon3v7/flat/libgcc.a(_umoddi3.o)
                0x0000000040010004                __umoddi3
 .text          0x0000000040010378        0x0 /home/fsw/rep/tasa/lib/bcc-2.2.3-gcc/bin/../lib/gcc/sparc-gaisler-elf/10.2.0/leon3v7/flat/libgcc.a(_clz.o)
 .text          0x0000000040010378       0x70 /home/fsw/rep/tasa/lib/bcc-2.2.3-gcc/bin/../lib/gcc/sparc-gaisler-elf/10.2.0/leon3v7/flat/crtend.o
 .text          0x00000000400103e8        0x0 /home/fsw/rep/tasa/lib/bcc-2.2.3-gcc/bin/../lib/gcc/sparc-gaisler-elf/10.2.0/leon3v7/flat/crtn.o
                0x00000000400103f0                . = ALIGN (0x10)
 *fill*         0x00000000400103e8        0x8 
 *(.eh_frame)
 .eh_frame      0x00000000400103f0        0x0 /home/fsw/rep/tasa/lib/bcc-2.2.3-gcc/bin/../lib/gcc/sparc-gaisler-elf/10.2.0/leon3v7/flat/crtbegin.o
 .eh_frame      0x00000000400103f0       0x38 /home/fsw/rep/tasa/lib/bcc-2.2.3-gcc/bin/../lib/gcc/sparc-gaisler-elf/10.2.0/leon3v7/flat/libgcc.a(_udivdi3.o)
 .eh_frame      0x0000000040010428       0x38 /home/fsw/rep/tasa/lib/bcc-2.2.3-gcc/bin/../lib/gcc/sparc-gaisler-elf/10.2.0/leon3v7/flat/libgcc.a(_umoddi3.o)
 .eh_frame      0x0000000040010460        0x4 /home/fsw/rep/tasa/lib/bcc-2.2.3-gcc/bin/../lib/gcc/sparc-gaisler-elf/10.2.0/leon3v7/flat/crtend.o
                0x0000000040010470                . = ALIGN (0x10)
 *fill*         0x0000000040010464        0xc 
 *(.gnu.linkonce.t*)
                0x0000000040010470                ___CTOR_LIST__ = .
                0x0000000040010470        0x4 LONG 0x2 (((___CTOR_END__ - ___CTOR_LIST__) / 0x4) - 0x2)
 *(SORT_BY_NAME(.ctors.*))
 *(.ctors)
 .ctors         0x0000000040010474        0x4 /home/fsw/rep/tasa/lib/bcc-2.2.3-gcc/bin/../lib/gcc/sparc-gaisler-elf/10.2.0/leon3v7/flat/crtbegin.o
 .ctors         0x0000000040010478        0x4 /home/fsw/rep/tasa/lib/bcc-2.2.3-gcc/bin/../lib/gcc/sparc-gaisler-elf/10.2.0/leon3v7/flat/crtend.o
                0x000000004001047c        0x4 LONG 0x0
                0x0000000040010480                ___CTOR_END__ = .
                0x0000000040010480                ___DTOR_LIST__ = .
                0x0000000040010480        0x4 LONG 0x2 (((___DTOR_END__ - ___DTOR_LIST__) / 0x4) - 0x2)
 *(SORT_BY_NAME(.dtors.*))
 *(.dtors)
 .dtors         0x0000000040010484        0x4 /home/fsw/rep/tasa/lib/bcc-2.2.3-gcc/bin/../lib/gcc/sparc-gaisler-elf/10.2.0/leon3v7/flat/crtbegin.o
 .dtors         0x0000000040010488        0x4 /home/fsw/rep/tasa/lib/bcc-2.2.3-gcc/bin/../lib/gcc/sparc-gaisler-elf/10.2.0/leon3v7/flat/crtend.o
                0x0000000040010488                __DTOR_END__
                0x000000004001048c        0x4 LONG 0x0
                0x0000000040010490                ___DTOR_END__ = .
 *(.gnu.linkonce*)
 *(.init)
 .init          0x0000000040010490        0xc /home/fsw/rep/tasa/lib/bcc-2.2.3-gcc/bin/../lib/gcc/sparc-gaisler-elf/10.2.0/leon3v7/flat/crti.o
                0x0000000040010490                _init
 .init          0x000000004001049c        0x8 /home/fsw/rep/tasa/lib/bcc-2.2.3-gcc/bin/../lib/gcc/sparc-gaisler-elf/10.2.0/leon3v7/flat/crtbegin.o
 .init          0x00000000400104a4        0x8 /home/fsw/rep/tasa/lib/bcc-2.2.3-gcc/bin/../lib/gcc/sparc-gaisler-elf/10.2.0/leon3v7/flat/crtend.o
 .init          0x00000000400104ac       0x14 /home/fsw/rep/tasa/lib/bcc-2.2.3-gcc/bin/../lib/gcc/sparc-gaisler-elf/10.2.0/leon3v7/flat/crtn.o
 *(.fini)
 .fini          0x00000000400104c0        0xc /home/fsw/rep/tasa/lib/bcc-2.2.3-gcc/bin/../lib/gcc/sparc-gaisler-elf/10.2.0/leon3v7/flat/crti.o
                0x00000000400104c0                _fini
 .fini          0x00000000400104cc        0x8 /home/fsw/rep/tasa/lib/bcc-2.2.3-gcc/bin/../lib/gcc/sparc-gaisler-elf/10.2.0/leon3v7/flat/crtbegin.o
 .fini          0x00000000400104d4       0x14 /home/fsw/rep/tasa/lib/bcc-2.2.3-gcc/bin/../lib/gcc/sparc-gaisler-elf/10.2.0/leon3v7/flat/crtn.o
 *(.lit)
 *(.shdata)
                0x00000000400104f0                . = ALIGN (0x10)
 *fill*         0x00000000400104e8        0x8 
                0x00000000400104f0                __text_end = .

.gcc_except_table
 *(.gcc_except_table.*)

.rodata         0x00000000400104f0      0x740
                0x00000000400104f0                __rodata_start = .
 *(.rodata*)
 .rodata.str1.8
                0x00000000400104f0       0xcf /tmp/cc6OYZ9W.o
 *fill*         0x00000000400105bf        0x1 
 .rodata        0x00000000400105c0        0x5 /tmp/cc6OYZ9W.o
 *fill*         0x00000000400105c5        0x3 
 .rodata        0x00000000400105c8        0x4 /home/fsw/rep/tasa/lib/bcc-2.2.3-gcc/bin/../lib/gcc/sparc-gaisler-elf/10.2.0/../../../../sparc-gaisler-elf/lib/leon3v7/flat/libc.a(lib_a-impure.o)
                0x00000000400105c8                _global_impure_ptr
 *fill*         0x00000000400105cc        0x4 
 .rodata.str1.8
                0x00000000400105d0        0x2 /home/fsw/rep/tasa/lib/bcc-2.2.3-gcc/bin/../lib/gcc/sparc-gaisler-elf/10.2.0/../../../../sparc-gaisler-elf/lib/leon3v7/flat/libc.a(lib_a-puts.o)
 *fill*         0x00000000400105d2        0x6 
 .rodata.str1.8
                0x00000000400105d8       0x5a /home/fsw/rep/tasa/lib/bcc-2.2.3-gcc/bin/../lib/gcc/sparc-gaisler-elf/10.2.0/../../../../sparc-gaisler-elf/lib/leon3v7/flat/libc.a(lib_a-vfprintf.o)
 *fill*         0x0000000040010632        0x6 
 .rodata.cst8   0x0000000040010638       0x28 /home/fsw/rep/tasa/lib/bcc-2.2.3-gcc/bin/../lib/gcc/sparc-gaisler-elf/10.2.0/../../../../sparc-gaisler-elf/lib/leon3v7/flat/libc.a(lib_a-vfprintf.o)
 .rodata        0x0000000040010660       0x20 /home/fsw/rep/tasa/lib/bcc-2.2.3-gcc/bin/../lib/gcc/sparc-gaisler-elf/10.2.0/../../../../sparc-gaisler-elf/lib/leon3v7/flat/libc.a(lib_a-vfprintf.o)
 .rodata.str1.8
                0x0000000040010680       0x14 /home/fsw/rep/tasa/lib/bcc-2.2.3-gcc/bin/../lib/gcc/sparc-gaisler-elf/10.2.0/../../../../sparc-gaisler-elf/lib/leon3v7/flat/libc.a(lib_a-dtoa.o)
                                         0x1a (size before relaxing)
 *fill*         0x0000000040010694        0x4 
 .rodata.cst8   0x0000000040010698       0x48 /home/fsw/rep/tasa/lib/bcc-2.2.3-gcc/bin/../lib/gcc/sparc-gaisler-elf/10.2.0/../../../../sparc-gaisler-elf/lib/leon3v7/flat/libc.a(lib_a-dtoa.o)
                                         0x58 (size before relaxing)
 .rodata        0x00000000400106e0       0x60 /home/fsw/rep/tasa/lib/bcc-2.2.3-gcc/bin/../lib/gcc/sparc-gaisler-elf/10.2.0/../../../../sparc-gaisler-elf/lib/leon3v7/flat/libc.a(lib_a-findfp.o)
                0x00000000400106e0                __sf_fake_stderr
                0x0000000040010700                __sf_fake_stdout
                0x0000000040010720                __sf_fake_stdin
 .rodata.cst8   0x0000000040010740       0x10 /home/fsw/rep/tasa/lib/bcc-2.2.3-gcc/bin/../lib/gcc/sparc-gaisler-elf/10.2.0/../../../../sparc-gaisler-elf/lib/leon3v7/flat/libc.a(lib_a-mprec.o)
 .rodata        0x0000000040010740      0x128 /home/fsw/rep/tasa/lib/bcc-2.2.3-gcc/bin/../lib/gcc/sparc-gaisler-elf/10.2.0/../../../../sparc-gaisler-elf/lib/leon3v7/flat/libc.a(lib_a-mprec.o)
                0x0000000040010750                __mprec_tinytens
                0x0000000040010778                __mprec_bigtens
                0x00000000400107a0                __mprec_tens
 .rodata.cst8   0x0000000040010868        0x8 /home/fsw/rep/tasa/lib/bcc-2.2.3-gcc/bin/../lib/gcc/sparc-gaisler-elf/10.2.0/../../../../sparc-gaisler-elf/lib/leon3v7/flat/libc.a(lib_a-s_frexp.o)
 .rodata.str1.8
                0x0000000040010870       0x37 /home/fsw/rep/tasa/lib/bcc-2.2.3-gcc/bin/../lib/gcc/sparc-gaisler-elf/10.2.0/../../../../sparc-gaisler-elf/lib/leon3v7/flat/libc.a(lib_a-vfiprintf.o)
 .rodata        0x0000000040010870       0x20 /home/fsw/rep/tasa/lib/bcc-2.2.3-gcc/bin/../lib/gcc/sparc-gaisler-elf/10.2.0/../../../../sparc-gaisler-elf/lib/leon3v7/flat/libc.a(lib_a-vfiprintf.o)
 .rodata.str1.8
                0x0000000040010890       0x12 /home/fsw/rep/tasa/lib/bcc-2.2.3-gcc/bin/../lib/gcc/sparc-gaisler-elf/10.2.0/../../../../sparc-gaisler-elf/lib/leon3v7/flat/libc.a(lib_a-locale.o)
                                         0x1a (size before relaxing)
 *fill*         0x00000000400108a2        0x6 
 .rodata        0x00000000400108a8      0x288 /home/fsw/rep/tasa/lib/bcc-2.2.3-gcc/bin/../lib/gcc/sparc-gaisler-elf/10.2.0/../../../../sparc-gaisler-elf/lib/leon3v7/flat/libc.a(lib_a-ctype_.o)
                0x00000000400108a8                _ctype_
                0x00000000400109b0                _ctype_b
 .rodata        0x0000000040010b30      0x100 /home/fsw/rep/tasa/lib/bcc-2.2.3-gcc/bin/../lib/gcc/sparc-gaisler-elf/10.2.0/leon3v7/flat/libgcc.a(_clz.o)
                0x0000000040010b30                __clz_tab
 *(.gnu.linkonce.r*)
                0x0000000040010c30                . = ALIGN (0x10)
                0x0000000040010c30                __rodata_end = .

.rela.dyn       0x0000000040010c30        0x0
 .rela.iplt     0x0000000040010c30        0x0 /home/fsw/rep/tasa/lib/bcc-2.2.3-gcc/bin/../sparc-gaisler-elf/bsp/leon3/leon3v7/flat/trap_table_mvt.S.o
 .rela.text.traptable
                0x0000000040010c30        0x0 /home/fsw/rep/tasa/lib/bcc-2.2.3-gcc/bin/../sparc-gaisler-elf/bsp/leon3/leon3v7/flat/trap_table_mvt.S.o
 .rela.text     0x0000000040010c30        0x0 /home/fsw/rep/tasa/lib/bcc-2.2.3-gcc/bin/../sparc-gaisler-elf/bsp/leon3/leon3v7/flat/trap_table_mvt.S.o

.ext.data       0x0000000040010c30        0x0
                0x0000000040010c30                . = ALIGN (0x8)
                0x0000000040010c30                __extdata_start = .
 *(.data.ext)
                0x0000000040010c30                . = ALIGN (0x8)
                0x0000000040010c30                __extdata_end = .
                0x0000000040010c30                __extdata_start_lma = LOADADDR (.ext.data)
                0x0000000000000000                __extdata_size = SIZEOF (.ext.data)

.data           0x0000000040010c30      0x610
                0x0000000040010c30                . = ALIGN (0x8)
                0x0000000040010c30                __data_start = .
 *(.data .data.*)
 .data          0x0000000040010c30        0x0 /home/fsw/rep/tasa/lib/bcc-2.2.3-gcc/bin/../sparc-gaisler-elf/bsp/leon3/leon3v7/flat/trap_table_mvt.S.o
 .data          0x0000000040010c30        0x0 /home/fsw/rep/tasa/lib/bcc-2.2.3-gcc/bin/../sparc-gaisler-elf/bsp/leon3/leon3v7/flat/crt0.S.o
 .data          0x0000000040010c30        0x0 /home/fsw/rep/tasa/lib/bcc-2.2.3-gcc/bin/../lib/gcc/sparc-gaisler-elf/10.2.0/leon3v7/flat/crti.o
 .data          0x0000000040010c30        0x4 /home/fsw/rep/tasa/lib/bcc-2.2.3-gcc/bin/../lib/gcc/sparc-gaisler-elf/10.2.0/leon3v7/flat/crtbegin.o
                0x0000000040010c30                __dso_handle
 .data          0x0000000040010c34        0x0 /tmp/cc6OYZ9W.o
 .data          0x0000000040010c34        0x0 /home/fsw/rep/tasa/lib/bcc-2.2.3-gcc/bin/../sparc-gaisler-elf/bsp/leon3/leon3v7/flat/libbcc.a(reset_trap_mvt.S.o)
 .data          0x0000000040010c34        0x0 /home/fsw/rep/tasa/lib/bcc-2.2.3-gcc/bin/../sparc-gaisler-elf/bsp/leon3/leon3v7/flat/libbcc.a(interrupt_trap_flat.S.o)
 .data          0x0000000040010c34        0x0 /home/fsw/rep/tasa/lib/bcc-2.2.3-gcc/bin/../sparc-gaisler-elf/bsp/leon3/leon3v7/flat/libbcc.a(sw_trap_set_pil.S.o)
 .data          0x0000000040010c34        0x0 /home/fsw/rep/tasa/lib/bcc-2.2.3-gcc/bin/../sparc-gaisler-elf/bsp/leon3/leon3v7/flat/libbcc.a(isr.c.o)
 *fill*         0x0000000040010c34        0x4 
 .data          0x0000000040010c38       0x10 /home/fsw/rep/tasa/lib/bcc-2.2.3-gcc/bin/../sparc-gaisler-elf/bsp/leon3/leon3v7/flat/libbcc.a(int_nest.c.o)
                0x0000000040010c38                __bcc_int_nest
 .data          0x0000000040010c48        0x0 /home/fsw/rep/tasa/lib/bcc-2.2.3-gcc/bin/../sparc-gaisler-elf/bsp/leon3/leon3v7/flat/libbcc.a(init.S.o)
 .data          0x0000000040010c48       0x10 /home/fsw/rep/tasa/lib/bcc-2.2.3-gcc/bin/../sparc-gaisler-elf/bsp/leon3/leon3v7/flat/libbcc.a(leon_info.S.o)
                0x0000000040010c48                __bcc_leon_version
                0x0000000040010c4c                __bcc_nwindows_min1
                0x0000000040010c50                __bcc_nwindows
                0x0000000040010c54                __bcc_cpuid
 .data          0x0000000040010c58        0x0 /home/fsw/rep/tasa/lib/bcc-2.2.3-gcc/bin/../sparc-gaisler-elf/bsp/leon3/leon3v7/flat/libbcc.a(dwzero.S.o)
 .data          0x0000000040010c58        0x0 /home/fsw/rep/tasa/lib/bcc-2.2.3-gcc/bin/../sparc-gaisler-elf/bsp/leon3/leon3v7/flat/libbcc.a(copy_data.c.o)
 .data          0x0000000040010c58        0x4 /home/fsw/rep/tasa/lib/bcc-2.2.3-gcc/bin/../sparc-gaisler-elf/bsp/leon3/leon3v7/flat/libbcc.a(argv.c.o)
                0x0000000040010c58                __bcc_argvp
 .data          0x0000000040010c5c        0x0 /home/fsw/rep/tasa/lib/bcc-2.2.3-gcc/bin/../sparc-gaisler-elf/bsp/leon3/leon3v7/flat/libbcc.a(int_irqmp_get_source.c.o)
 .data          0x0000000040010c5c        0x0 /home/fsw/rep/tasa/lib/bcc-2.2.3-gcc/bin/../sparc-gaisler-elf/bsp/leon3/leon3v7/flat/libbcc.a(int_irqmp_mp.c.o)
 .data          0x0000000040010c5c        0x0 /home/fsw/rep/tasa/lib/bcc-2.2.3-gcc/bin/../sparc-gaisler-elf/bsp/leon3/leon3v7/flat/libbcc.a(int_irqmp_init.c.o)
 .data          0x0000000040010c5c        0x0 /home/fsw/rep/tasa/lib/bcc-2.2.3-gcc/bin/../sparc-gaisler-elf/bsp/leon3/leon3v7/flat/libbcc.a(con_apbuart_init.c.o)
 .data          0x0000000040010c5c        0x0 /home/fsw/rep/tasa/lib/bcc-2.2.3-gcc/bin/../sparc-gaisler-elf/bsp/leon3/leon3v7/flat/libbcc.a(timer_gptimer_init.c.o)
 .data          0x0000000040010c5c        0x0 /home/fsw/rep/tasa/lib/bcc-2.2.3-gcc/bin/../sparc-gaisler-elf/bsp/leon3/leon3v7/flat/libbcc.a(ambapp.c.o)
 .data          0x0000000040010c5c        0x0 /home/fsw/rep/tasa/lib/bcc-2.2.3-gcc/bin/../sparc-gaisler-elf/bsp/leon3/leon3v7/flat/libbcc.a(ambapp_findfirst_fn.c.o)
 .data          0x0000000040010c5c        0x0 /home/fsw/rep/tasa/lib/bcc-2.2.3-gcc/bin/../sparc-gaisler-elf/bsp/leon3/leon3v7/flat/libbcc.a(int_irqmp_handle.c.o)
 .data          0x0000000040010c5c        0x0 /home/fsw/rep/tasa/lib/bcc-2.2.3-gcc/bin/../sparc-gaisler-elf/bsp/leon3/leon3v7/flat/libbcc.a(con_handle.c.o)
 .data          0x0000000040010c5c        0x0 /home/fsw/rep/tasa/lib/bcc-2.2.3-gcc/bin/../sparc-gaisler-elf/bsp/leon3/leon3v7/flat/libbcc.a(timer_handle.c.o)
 .data          0x0000000040010c5c        0x0 /home/fsw/rep/tasa/lib/bcc-2.2.3-gcc/bin/../lib/gcc/sparc-gaisler-elf/10.2.0/../../../../sparc-gaisler-elf/lib/leon3v7/flat/libc.a(lib_a-atexit.o)
 .data          0x0000000040010c5c        0x0 /home/fsw/rep/tasa/lib/bcc-2.2.3-gcc/bin/../lib/gcc/sparc-gaisler-elf/10.2.0/../../../../sparc-gaisler-elf/lib/leon3v7/flat/libc.a(lib_a-exit.o)
 .data          0x0000000040010c5c       0x64 /home/fsw/rep/tasa/lib/bcc-2.2.3-gcc/bin/../lib/gcc/sparc-gaisler-elf/10.2.0/../../../../sparc-gaisler-elf/lib/leon3v7/flat/libc.a(lib_a-impure.o)
                0x0000000040010c5c                _impure_ptr
 .data          0x0000000040010cc0        0x0 /home/fsw/rep/tasa/lib/bcc-2.2.3-gcc/bin/../lib/gcc/sparc-gaisler-elf/10.2.0/../../../../sparc-gaisler-elf/lib/leon3v7/flat/libc.a(lib_a-memcpy.o)
 .data          0x0000000040010cc0        0x0 /home/fsw/rep/tasa/lib/bcc-2.2.3-gcc/bin/../lib/gcc/sparc-gaisler-elf/10.2.0/../../../../sparc-gaisler-elf/lib/leon3v7/flat/libc.a(lib_a-printf.o)
 .data          0x0000000040010cc0        0x0 /home/fsw/rep/tasa/lib/bcc-2.2.3-gcc/bin/../lib/gcc/sparc-gaisler-elf/10.2.0/../../../../sparc-gaisler-elf/lib/leon3v7/flat/libc.a(lib_a-putchar.o)
 .data          0x0000000040010cc0        0x0 /home/fsw/rep/tasa/lib/bcc-2.2.3-gcc/bin/../lib/gcc/sparc-gaisler-elf/10.2.0/../../../../sparc-gaisler-elf/lib/leon3v7/flat/libc.a(lib_a-puts.o)
 .data          0x0000000040010cc0        0x0 /home/fsw/rep/tasa/lib/bcc-2.2.3-gcc/bin/../lib/gcc/sparc-gaisler-elf/10.2.0/../../../../sparc-gaisler-elf/lib/leon3v7/flat/libc.a(lib_a-strlen.o)
 .data          0x0000000040010cc0        0x0 /home/fsw/rep/tasa/lib/bcc-2.2.3-gcc/bin/../lib/gcc/sparc-gaisler-elf/10.2.0/../../../../sparc-gaisler-elf/lib/leon3v7/flat/libc.a(lib_a-vfprintf.o)
 .data          0x0000000040010cc0        0x0 /home/fsw/rep/tasa/lib/bcc-2.2.3-gcc/bin/../lib/gcc/sparc-gaisler-elf/10.2.0/../../../../sparc-gaisler-elf/lib/leon3v7/flat/libc.a(lib_a-wsetup.o)
 .data          0x0000000040010cc0        0x0 /home/fsw/rep/tasa/lib/bcc-2.2.3-gcc/bin/../lib/gcc/sparc-gaisler-elf/10.2.0/../../../../sparc-gaisler-elf/lib/leon3v7/flat/libc.a(lib_a-__atexit.o)
 .data          0x0000000040010cc0        0x0 /home/fsw/rep/tasa/lib/bcc-2.2.3-gcc/bin/../lib/gcc/sparc-gaisler-elf/10.2.0/../../../../sparc-gaisler-elf/lib/leon3v7/flat/libc.a(lib_a-__call_atexit.o)
 .data          0x0000000040010cc0        0x0 /home/fsw/rep/tasa/lib/bcc-2.2.3-gcc/bin/../lib/gcc/sparc-gaisler-elf/10.2.0/../../../../sparc-gaisler-elf/lib/leon3v7/flat/libc.a(lib_a-dtoa.o)
 .data          0x0000000040010cc0        0x0 /home/fsw/rep/tasa/lib/bcc-2.2.3-gcc/bin/../lib/gcc/sparc-gaisler-elf/10.2.0/../../../../sparc-gaisler-elf/lib/leon3v7/flat/libc.a(lib_a-fflush.o)
 .data          0x0000000040010cc0        0x0 /home/fsw/rep/tasa/lib/bcc-2.2.3-gcc/bin/../lib/gcc/sparc-gaisler-elf/10.2.0/../../../../sparc-gaisler-elf/lib/leon3v7/flat/libc.a(lib_a-findfp.o)
 .data          0x0000000040010cc0        0x0 /home/fsw/rep/tasa/lib/bcc-2.2.3-gcc/bin/../lib/gcc/sparc-gaisler-elf/10.2.0/../../../../sparc-gaisler-elf/lib/leon3v7/flat/libc.a(lib_a-freer.o)
 .data          0x0000000040010cc0        0x0 /home/fsw/rep/tasa/lib/bcc-2.2.3-gcc/bin/../lib/gcc/sparc-gaisler-elf/10.2.0/../../../../sparc-gaisler-elf/lib/leon3v7/flat/libc.a(lib_a-fvwrite.o)
 .data          0x0000000040010cc0        0x0 /home/fsw/rep/tasa/lib/bcc-2.2.3-gcc/bin/../lib/gcc/sparc-gaisler-elf/10.2.0/../../../../sparc-gaisler-elf/lib/leon3v7/flat/libc.a(lib_a-fwalk.o)
 .data          0x0000000040010cc0        0x0 /home/fsw/rep/tasa/lib/bcc-2.2.3-gcc/bin/../lib/gcc/sparc-gaisler-elf/10.2.0/../../../../sparc-gaisler-elf/lib/leon3v7/flat/libc.a(lib_a-localeconv.o)
 .data          0x0000000040010cc0        0x0 /home/fsw/rep/tasa/lib/bcc-2.2.3-gcc/bin/../lib/gcc/sparc-gaisler-elf/10.2.0/../../../../sparc-gaisler-elf/lib/leon3v7/flat/libc.a(lib_a-makebuf.o)
 .data          0x0000000040010cc0        0x0 /home/fsw/rep/tasa/lib/bcc-2.2.3-gcc/bin/../lib/gcc/sparc-gaisler-elf/10.2.0/../../../../sparc-gaisler-elf/lib/leon3v7/flat/libc.a(lib_a-malloc.o)
 .data          0x0000000040010cc0      0x410 /home/fsw/rep/tasa/lib/bcc-2.2.3-gcc/bin/../lib/gcc/sparc-gaisler-elf/10.2.0/../../../../sparc-gaisler-elf/lib/leon3v7/flat/libc.a(lib_a-mallocr.o)
                0x0000000040010cc0                __malloc_sbrk_base
                0x0000000040010cc4                __malloc_trim_threshold
                0x0000000040010cc8                __malloc_av_
 .data          0x00000000400110d0        0x0 /home/fsw/rep/tasa/lib/bcc-2.2.3-gcc/bin/../lib/gcc/sparc-gaisler-elf/10.2.0/../../../../sparc-gaisler-elf/lib/leon3v7/flat/libc.a(lib_a-memchr.o)
 .data          0x00000000400110d0        0x0 /home/fsw/rep/tasa/lib/bcc-2.2.3-gcc/bin/../lib/gcc/sparc-gaisler-elf/10.2.0/../../../../sparc-gaisler-elf/lib/leon3v7/flat/libc.a(lib_a-memmove.o)
 .data          0x00000000400110d0        0x0 /home/fsw/rep/tasa/lib/bcc-2.2.3-gcc/bin/../lib/gcc/sparc-gaisler-elf/10.2.0/../../../../sparc-gaisler-elf/lib/leon3v7/flat/libc.a(lib_a-memset.o)
 .data          0x00000000400110d0        0x0 /home/fsw/rep/tasa/lib/bcc-2.2.3-gcc/bin/../lib/gcc/sparc-gaisler-elf/10.2.0/../../../../sparc-gaisler-elf/lib/leon3v7/flat/libc.a(lib_a-mlock.o)
 .data          0x00000000400110d0        0x0 /home/fsw/rep/tasa/lib/bcc-2.2.3-gcc/bin/../lib/gcc/sparc-gaisler-elf/10.2.0/../../../../sparc-gaisler-elf/lib/leon3v7/flat/libc.a(lib_a-mprec.o)
 .data          0x00000000400110d0        0x0 /home/fsw/rep/tasa/lib/bcc-2.2.3-gcc/bin/../lib/gcc/sparc-gaisler-elf/10.2.0/../../../../sparc-gaisler-elf/lib/leon3v7/flat/libc.a(lib_a-putc.o)
 .data          0x00000000400110d0        0x0 /home/fsw/rep/tasa/lib/bcc-2.2.3-gcc/bin/../lib/gcc/sparc-gaisler-elf/10.2.0/../../../../sparc-gaisler-elf/lib/leon3v7/flat/libc.a(lib_a-reallocr.o)
 .data          0x00000000400110d0        0x0 /home/fsw/rep/tasa/lib/bcc-2.2.3-gcc/bin/../lib/gcc/sparc-gaisler-elf/10.2.0/../../../../sparc-gaisler-elf/lib/leon3v7/flat/libc.a(lib_a-s_frexp.o)
 .data          0x00000000400110d0        0x0 /home/fsw/rep/tasa/lib/bcc-2.2.3-gcc/bin/../lib/gcc/sparc-gaisler-elf/10.2.0/../../../../sparc-gaisler-elf/lib/leon3v7/flat/libc.a(lib_a-sbrkr.o)
 .data          0x00000000400110d0        0x0 /home/fsw/rep/tasa/lib/bcc-2.2.3-gcc/bin/../lib/gcc/sparc-gaisler-elf/10.2.0/../../../../sparc-gaisler-elf/lib/leon3v7/flat/libc.a(lib_a-stdio.o)
 .data          0x00000000400110d0        0x0 /home/fsw/rep/tasa/lib/bcc-2.2.3-gcc/bin/../lib/gcc/sparc-gaisler-elf/10.2.0/../../../../sparc-gaisler-elf/lib/leon3v7/flat/libc.a(lib_a-strncpy.o)
 .data          0x00000000400110d0        0x0 /home/fsw/rep/tasa/lib/bcc-2.2.3-gcc/bin/../lib/gcc/sparc-gaisler-elf/10.2.0/../../../../sparc-gaisler-elf/lib/leon3v7/flat/libc.a(lib_a-vfiprintf.o)
 .data          0x00000000400110d0        0x0 /home/fsw/rep/tasa/lib/bcc-2.2.3-gcc/bin/../lib/gcc/sparc-gaisler-elf/10.2.0/../../../../sparc-gaisler-elf/lib/leon3v7/flat/libc.a(lib_a-wbuf.o)
 .data          0x00000000400110d0        0x0 /home/fsw/rep/tasa/lib/bcc-2.2.3-gcc/bin/../lib/gcc/sparc-gaisler-elf/10.2.0/../../../../sparc-gaisler-elf/lib/leon3v7/flat/libc.a(lib_a-writer.o)
 .data          0x00000000400110d0        0x0 /home/fsw/rep/tasa/lib/bcc-2.2.3-gcc/bin/../lib/gcc/sparc-gaisler-elf/10.2.0/../../../../sparc-gaisler-elf/lib/leon3v7/flat/libc.a(lib_a-callocr.o)
 .data          0x00000000400110d0        0x0 /home/fsw/rep/tasa/lib/bcc-2.2.3-gcc/bin/../lib/gcc/sparc-gaisler-elf/10.2.0/../../../../sparc-gaisler-elf/lib/leon3v7/flat/libc.a(lib_a-closer.o)
 .data          0x00000000400110d0        0x0 /home/fsw/rep/tasa/lib/bcc-2.2.3-gcc/bin/../lib/gcc/sparc-gaisler-elf/10.2.0/../../../../sparc-gaisler-elf/lib/leon3v7/flat/libc.a(lib_a-fclose.o)
 .data          0x00000000400110d0        0x0 /home/fsw/rep/tasa/lib/bcc-2.2.3-gcc/bin/../lib/gcc/sparc-gaisler-elf/10.2.0/../../../../sparc-gaisler-elf/lib/leon3v7/flat/libc.a(lib_a-fputwc.o)
 .data          0x00000000400110d0        0x0 /home/fsw/rep/tasa/lib/bcc-2.2.3-gcc/bin/../lib/gcc/sparc-gaisler-elf/10.2.0/../../../../sparc-gaisler-elf/lib/leon3v7/flat/libc.a(lib_a-fstatr.o)
 .data          0x00000000400110d0        0x0 /home/fsw/rep/tasa/lib/bcc-2.2.3-gcc/bin/../lib/gcc/sparc-gaisler-elf/10.2.0/../../../../sparc-gaisler-elf/lib/leon3v7/flat/libc.a(lib_a-isattyr.o)
 .data          0x00000000400110d0      0x16c /home/fsw/rep/tasa/lib/bcc-2.2.3-gcc/bin/../lib/gcc/sparc-gaisler-elf/10.2.0/../../../../sparc-gaisler-elf/lib/leon3v7/flat/libc.a(lib_a-locale.o)
                0x00000000400110d0                __global_locale
 .data          0x000000004001123c        0x0 /home/fsw/rep/tasa/lib/bcc-2.2.3-gcc/bin/../lib/gcc/sparc-gaisler-elf/10.2.0/../../../../sparc-gaisler-elf/lib/leon3v7/flat/libc.a(lib_a-lseekr.o)
 .data          0x000000004001123c        0x0 /home/fsw/rep/tasa/lib/bcc-2.2.3-gcc/bin/../lib/gcc/sparc-gaisler-elf/10.2.0/../../../../sparc-gaisler-elf/lib/leon3v7/flat/libc.a(lib_a-mbtowc_r.o)
 .data          0x000000004001123c        0x0 /home/fsw/rep/tasa/lib/bcc-2.2.3-gcc/bin/../lib/gcc/sparc-gaisler-elf/10.2.0/../../../../sparc-gaisler-elf/lib/leon3v7/flat/libc.a(lib_a-readr.o)
 .data          0x000000004001123c        0x0 /home/fsw/rep/tasa/lib/bcc-2.2.3-gcc/bin/../lib/gcc/sparc-gaisler-elf/10.2.0/../../../../sparc-gaisler-elf/lib/leon3v7/flat/libc.a(lib_a-reent.o)
 .data          0x000000004001123c        0x0 /home/fsw/rep/tasa/lib/bcc-2.2.3-gcc/bin/../lib/gcc/sparc-gaisler-elf/10.2.0/../../../../sparc-gaisler-elf/lib/leon3v7/flat/libc.a(lib_a-strcmp.o)
 .data          0x000000004001123c        0x0 /home/fsw/rep/tasa/lib/bcc-2.2.3-gcc/bin/../lib/gcc/sparc-gaisler-elf/10.2.0/../../../../sparc-gaisler-elf/lib/leon3v7/flat/libc.a(lib_a-wcrtomb.o)
 .data          0x000000004001123c        0x0 /home/fsw/rep/tasa/lib/bcc-2.2.3-gcc/bin/../lib/gcc/sparc-gaisler-elf/10.2.0/../../../../sparc-gaisler-elf/lib/leon3v7/flat/libc.a(lib_a-wctomb_r.o)
 .data          0x000000004001123c        0x0 /home/fsw/rep/tasa/lib/bcc-2.2.3-gcc/bin/../lib/gcc/sparc-gaisler-elf/10.2.0/../../../../sparc-gaisler-elf/lib/leon3v7/flat/libc.a(lib_a-ctype_.o)
 .data          0x000000004001123c        0x0 /home/fsw/rep/tasa/lib/bcc-2.2.3-gcc/bin/../sparc-gaisler-elf/bsp/leon3/leon3v7/flat/libbcc.a(_exit.S.o)
 .data          0x000000004001123c        0x0 /home/fsw/rep/tasa/lib/bcc-2.2.3-gcc/bin/../sparc-gaisler-elf/bsp/leon3/leon3v7/flat/libbcc.a(read.c.o)
 .data          0x000000004001123c        0x0 /home/fsw/rep/tasa/lib/bcc-2.2.3-gcc/bin/../sparc-gaisler-elf/bsp/leon3/leon3v7/flat/libbcc.a(sbrk.c.o)
 .data          0x000000004001123c        0x0 /home/fsw/rep/tasa/lib/bcc-2.2.3-gcc/bin/../sparc-gaisler-elf/bsp/leon3/leon3v7/flat/libbcc.a(heap.c.o)
 .data          0x000000004001123c        0x0 /home/fsw/rep/tasa/lib/bcc-2.2.3-gcc/bin/../sparc-gaisler-elf/bsp/leon3/leon3v7/flat/libbcc.a(write.c.o)
 .data          0x000000004001123c        0x0 /home/fsw/rep/tasa/lib/bcc-2.2.3-gcc/bin/../sparc-gaisler-elf/bsp/leon3/leon3v7/flat/libbcc.a(stubs.S.o)
 .data          0x000000004001123c        0x0 /home/fsw/rep/tasa/lib/bcc-2.2.3-gcc/bin/../sparc-gaisler-elf/bsp/leon3/leon3v7/flat/libbcc.a(con_apbuart.c.o)
 .data          0x000000004001123c        0x0 /home/fsw/rep/tasa/lib/bcc-2.2.3-gcc/bin/../lib/gcc/sparc-gaisler-elf/10.2.0/leon3v7/flat/libgcc.a(_mulsi3.o)
 .data          0x000000004001123c        0x0 /home/fsw/rep/tasa/lib/bcc-2.2.3-gcc/bin/../lib/gcc/sparc-gaisler-elf/10.2.0/leon3v7/flat/libgcc.a(_divsi3.o)
 .data          0x000000004001123c        0x0 /home/fsw/rep/tasa/lib/bcc-2.2.3-gcc/bin/../lib/gcc/sparc-gaisler-elf/10.2.0/leon3v7/flat/libgcc.a(_modsi3.o)
 .data          0x000000004001123c        0x0 /home/fsw/rep/tasa/lib/bcc-2.2.3-gcc/bin/../lib/gcc/sparc-gaisler-elf/10.2.0/leon3v7/flat/libgcc.a(_udivdi3.o)
 .data          0x000000004001123c        0x0 /home/fsw/rep/tasa/lib/bcc-2.2.3-gcc/bin/../lib/gcc/sparc-gaisler-elf/10.2.0/leon3v7/flat/libgcc.a(_umoddi3.o)
 .data          0x000000004001123c        0x0 /home/fsw/rep/tasa/lib/bcc-2.2.3-gcc/bin/../lib/gcc/sparc-gaisler-elf/10.2.0/leon3v7/flat/libgcc.a(_clz.o)
 .data          0x000000004001123c        0x0 /home/fsw/rep/tasa/lib/bcc-2.2.3-gcc/bin/../lib/gcc/sparc-gaisler-elf/10.2.0/leon3v7/flat/crtend.o
 .data          0x000000004001123c        0x0 /home/fsw/rep/tasa/lib/bcc-2.2.3-gcc/bin/../lib/gcc/sparc-gaisler-elf/10.2.0/leon3v7/flat/crtn.o
                0x0000000040011240                . = ALIGN (0x8)
 *fill*         0x000000004001123c        0x4 
                0x0000000040011240                __data_end = .
                0x0000000040010c30                __data_start_lma = LOADADDR (.data)
                0x0000000000000610                __data_size = SIZEOF (.data)

.iplt           0x0000000040011240        0x0
 .iplt          0x0000000040011240        0x0 /home/fsw/rep/tasa/lib/bcc-2.2.3-gcc/bin/../sparc-gaisler-elf/bsp/leon3/leon3v7/flat/trap_table_mvt.S.o

.tm_clone_table
                0x0000000040011240        0x0
 .tm_clone_table
                0x0000000040011240        0x0 /home/fsw/rep/tasa/lib/bcc-2.2.3-gcc/bin/../lib/gcc/sparc-gaisler-elf/10.2.0/leon3v7/flat/crtbegin.o
 .tm_clone_table
                0x0000000040011240        0x0 /home/fsw/rep/tasa/lib/bcc-2.2.3-gcc/bin/../lib/gcc/sparc-gaisler-elf/10.2.0/leon3v7/flat/crtend.o

.bss            0x0000000040011240      0x1a8
                0x0000000040011240                . = ALIGN (0x8)
                0x0000000040011240                __bss_start = .
 *(.bss .bss.*)
 .bss           0x0000000040011240        0x0 /home/fsw/rep/tasa/lib/bcc-2.2.3-gcc/bin/../sparc-gaisler-elf/bsp/leon3/leon3v7/flat/trap_table_mvt.S.o
 .bss           0x0000000040011240        0x4 /home/fsw/rep/tasa/lib/bcc-2.2.3-gcc/bin/../sparc-gaisler-elf/bsp/leon3/leon3v7/flat/crt0.S.o
                0x0000000040011240                __bcc_sp_at_entry
 .bss           0x0000000040011244        0x0 /home/fsw/rep/tasa/lib/bcc-2.2.3-gcc/bin/../lib/gcc/sparc-gaisler-elf/10.2.0/leon3v7/flat/crti.o
 .bss           0x0000000040011244       0x20 /home/fsw/rep/tasa/lib/bcc-2.2.3-gcc/bin/../lib/gcc/sparc-gaisler-elf/10.2.0/leon3v7/flat/crtbegin.o
 .bss           0x0000000040011264        0x0 /tmp/cc6OYZ9W.o
 .bss           0x0000000040011264        0x0 /home/fsw/rep/tasa/lib/bcc-2.2.3-gcc/bin/../sparc-gaisler-elf/bsp/leon3/leon3v7/flat/libbcc.a(reset_trap_mvt.S.o)
 .bss           0x0000000040011264        0x0 /home/fsw/rep/tasa/lib/bcc-2.2.3-gcc/bin/../sparc-gaisler-elf/bsp/leon3/leon3v7/flat/libbcc.a(interrupt_trap_flat.S.o)
 .bss           0x0000000040011264        0x0 /home/fsw/rep/tasa/lib/bcc-2.2.3-gcc/bin/../sparc-gaisler-elf/bsp/leon3/leon3v7/flat/libbcc.a(sw_trap_set_pil.S.o)
 .bss           0x0000000040011264       0x80 /home/fsw/rep/tasa/lib/bcc-2.2.3-gcc/bin/../sparc-gaisler-elf/bsp/leon3/leon3v7/flat/libbcc.a(isr.c.o)
                0x0000000040011264                __bcc_isr_list
 .bss           0x00000000400112e4        0x0 /home/fsw/rep/tasa/lib/bcc-2.2.3-gcc/bin/../sparc-gaisler-elf/bsp/leon3/leon3v7/flat/libbcc.a(int_nest.c.o)
 .bss           0x00000000400112e4        0x0 /home/fsw/rep/tasa/lib/bcc-2.2.3-gcc/bin/../sparc-gaisler-elf/bsp/leon3/leon3v7/flat/libbcc.a(init.S.o)
 .bss           0x00000000400112e4        0x0 /home/fsw/rep/tasa/lib/bcc-2.2.3-gcc/bin/../sparc-gaisler-elf/bsp/leon3/leon3v7/flat/libbcc.a(leon_info.S.o)
 .bss           0x00000000400112e4        0x0 /home/fsw/rep/tasa/lib/bcc-2.2.3-gcc/bin/../sparc-gaisler-elf/bsp/leon3/leon3v7/flat/libbcc.a(dwzero.S.o)
 .bss           0x00000000400112e4        0x0 /home/fsw/rep/tasa/lib/bcc-2.2.3-gcc/bin/../sparc-gaisler-elf/bsp/leon3/leon3v7/flat/libbcc.a(copy_data.c.o)
 .bss           0x00000000400112e4        0x8 /home/fsw/rep/tasa/lib/bcc-2.2.3-gcc/bin/../sparc-gaisler-elf/bsp/leon3/leon3v7/flat/libbcc.a(argv.c.o)
                0x00000000400112e8                __bcc_argc
 .bss           0x00000000400112ec        0x0 /home/fsw/rep/tasa/lib/bcc-2.2.3-gcc/bin/../sparc-gaisler-elf/bsp/leon3/leon3v7/flat/libbcc.a(int_irqmp_get_source.c.o)
 .bss           0x00000000400112ec        0x0 /home/fsw/rep/tasa/lib/bcc-2.2.3-gcc/bin/../sparc-gaisler-elf/bsp/leon3/leon3v7/flat/libbcc.a(int_irqmp_mp.c.o)
 .bss           0x00000000400112ec        0x0 /home/fsw/rep/tasa/lib/bcc-2.2.3-gcc/bin/../sparc-gaisler-elf/bsp/leon3/leon3v7/flat/libbcc.a(int_irqmp_init.c.o)
 .bss           0x00000000400112ec        0x0 /home/fsw/rep/tasa/lib/bcc-2.2.3-gcc/bin/../sparc-gaisler-elf/bsp/leon3/leon3v7/flat/libbcc.a(con_apbuart_init.c.o)
 .bss           0x00000000400112ec        0x0 /home/fsw/rep/tasa/lib/bcc-2.2.3-gcc/bin/../sparc-gaisler-elf/bsp/leon3/leon3v7/flat/libbcc.a(timer_gptimer_init.c.o)
 .bss           0x00000000400112ec        0x0 /home/fsw/rep/tasa/lib/bcc-2.2.3-gcc/bin/../sparc-gaisler-elf/bsp/leon3/leon3v7/flat/libbcc.a(ambapp.c.o)
 .bss           0x00000000400112ec        0x0 /home/fsw/rep/tasa/lib/bcc-2.2.3-gcc/bin/../sparc-gaisler-elf/bsp/leon3/leon3v7/flat/libbcc.a(ambapp_findfirst_fn.c.o)
 .bss           0x00000000400112ec       0x10 /home/fsw/rep/tasa/lib/bcc-2.2.3-gcc/bin/../sparc-gaisler-elf/bsp/leon3/leon3v7/flat/libbcc.a(int_irqmp_handle.c.o)
                0x00000000400112ec                __bcc_int_irqmp_nts
                0x00000000400112f0                __bcc_int_irqmp_map
                0x00000000400112f4                __bcc_int_irqmp_eirq
                0x00000000400112f8                __bcc_int_handle
 .bss           0x00000000400112fc        0x4 /home/fsw/rep/tasa/lib/bcc-2.2.3-gcc/bin/../sparc-gaisler-elf/bsp/leon3/leon3v7/flat/libbcc.a(con_handle.c.o)
                0x00000000400112fc                __bcc_con_handle
 .bss           0x0000000040011300        0x8 /home/fsw/rep/tasa/lib/bcc-2.2.3-gcc/bin/../sparc-gaisler-elf/bsp/leon3/leon3v7/flat/libbcc.a(timer_handle.c.o)
                0x0000000040011300                __bcc_timer_interrupt
                0x0000000040011304                __bcc_timer_handle
 .bss           0x0000000040011308        0x0 /home/fsw/rep/tasa/lib/bcc-2.2.3-gcc/bin/../lib/gcc/sparc-gaisler-elf/10.2.0/../../../../sparc-gaisler-elf/lib/leon3v7/flat/libc.a(lib_a-atexit.o)
 .bss           0x0000000040011308        0x0 /home/fsw/rep/tasa/lib/bcc-2.2.3-gcc/bin/../lib/gcc/sparc-gaisler-elf/10.2.0/../../../../sparc-gaisler-elf/lib/leon3v7/flat/libc.a(lib_a-exit.o)
 .bss           0x0000000040011308        0x0 /home/fsw/rep/tasa/lib/bcc-2.2.3-gcc/bin/../lib/gcc/sparc-gaisler-elf/10.2.0/../../../../sparc-gaisler-elf/lib/leon3v7/flat/libc.a(lib_a-impure.o)
 .bss           0x0000000040011308        0x0 /home/fsw/rep/tasa/lib/bcc-2.2.3-gcc/bin/../lib/gcc/sparc-gaisler-elf/10.2.0/../../../../sparc-gaisler-elf/lib/leon3v7/flat/libc.a(lib_a-memcpy.o)
 .bss           0x0000000040011308        0x0 /home/fsw/rep/tasa/lib/bcc-2.2.3-gcc/bin/../lib/gcc/sparc-gaisler-elf/10.2.0/../../../../sparc-gaisler-elf/lib/leon3v7/flat/libc.a(lib_a-printf.o)
 .bss           0x0000000040011308        0x0 /home/fsw/rep/tasa/lib/bcc-2.2.3-gcc/bin/../lib/gcc/sparc-gaisler-elf/10.2.0/../../../../sparc-gaisler-elf/lib/leon3v7/flat/libc.a(lib_a-putchar.o)
 .bss           0x0000000040011308        0x0 /home/fsw/rep/tasa/lib/bcc-2.2.3-gcc/bin/../lib/gcc/sparc-gaisler-elf/10.2.0/../../../../sparc-gaisler-elf/lib/leon3v7/flat/libc.a(lib_a-puts.o)
 .bss           0x0000000040011308        0x0 /home/fsw/rep/tasa/lib/bcc-2.2.3-gcc/bin/../lib/gcc/sparc-gaisler-elf/10.2.0/../../../../sparc-gaisler-elf/lib/leon3v7/flat/libc.a(lib_a-strlen.o)
 .bss           0x0000000040011308        0x0 /home/fsw/rep/tasa/lib/bcc-2.2.3-gcc/bin/../lib/gcc/sparc-gaisler-elf/10.2.0/../../../../sparc-gaisler-elf/lib/leon3v7/flat/libc.a(lib_a-vfprintf.o)
 .bss           0x0000000040011308        0x0 /home/fsw/rep/tasa/lib/bcc-2.2.3-gcc/bin/../lib/gcc/sparc-gaisler-elf/10.2.0/../../../../sparc-gaisler-elf/lib/leon3v7/flat/libc.a(lib_a-wsetup.o)
 .bss           0x0000000040011308       0x8c /home/fsw/rep/tasa/lib/bcc-2.2.3-gcc/bin/../lib/gcc/sparc-gaisler-elf/10.2.0/../../../../sparc-gaisler-elf/lib/leon3v7/flat/libc.a(lib_a-__atexit.o)
 .bss           0x0000000040011394        0x4 /home/fsw/rep/tasa/lib/bcc-2.2.3-gcc/bin/../lib/gcc/sparc-gaisler-elf/10.2.0/../../../../sparc-gaisler-elf/lib/leon3v7/flat/libc.a(lib_a-__call_atexit.o)
                0x0000000040011394                _global_atexit
 .bss           0x0000000040011398        0x0 /home/fsw/rep/tasa/lib/bcc-2.2.3-gcc/bin/../lib/gcc/sparc-gaisler-elf/10.2.0/../../../../sparc-gaisler-elf/lib/leon3v7/flat/libc.a(lib_a-dtoa.o)
 .bss           0x0000000040011398        0x0 /home/fsw/rep/tasa/lib/bcc-2.2.3-gcc/bin/../lib/gcc/sparc-gaisler-elf/10.2.0/../../../../sparc-gaisler-elf/lib/leon3v7/flat/libc.a(lib_a-fflush.o)
 .bss           0x0000000040011398        0x0 /home/fsw/rep/tasa/lib/bcc-2.2.3-gcc/bin/../lib/gcc/sparc-gaisler-elf/10.2.0/../../../../sparc-gaisler-elf/lib/leon3v7/flat/libc.a(lib_a-findfp.o)
 .bss           0x0000000040011398        0x0 /home/fsw/rep/tasa/lib/bcc-2.2.3-gcc/bin/../lib/gcc/sparc-gaisler-elf/10.2.0/../../../../sparc-gaisler-elf/lib/leon3v7/flat/libc.a(lib_a-freer.o)
 .bss           0x0000000040011398        0x0 /home/fsw/rep/tasa/lib/bcc-2.2.3-gcc/bin/../lib/gcc/sparc-gaisler-elf/10.2.0/../../../../sparc-gaisler-elf/lib/leon3v7/flat/libc.a(lib_a-fvwrite.o)
 .bss           0x0000000040011398        0x0 /home/fsw/rep/tasa/lib/bcc-2.2.3-gcc/bin/../lib/gcc/sparc-gaisler-elf/10.2.0/../../../../sparc-gaisler-elf/lib/leon3v7/flat/libc.a(lib_a-fwalk.o)
 .bss           0x0000000040011398        0x0 /home/fsw/rep/tasa/lib/bcc-2.2.3-gcc/bin/../lib/gcc/sparc-gaisler-elf/10.2.0/../../../../sparc-gaisler-elf/lib/leon3v7/flat/libc.a(lib_a-localeconv.o)
 .bss           0x0000000040011398        0x0 /home/fsw/rep/tasa/lib/bcc-2.2.3-gcc/bin/../lib/gcc/sparc-gaisler-elf/10.2.0/../../../../sparc-gaisler-elf/lib/leon3v7/flat/libc.a(lib_a-makebuf.o)
 .bss           0x0000000040011398        0x0 /home/fsw/rep/tasa/lib/bcc-2.2.3-gcc/bin/../lib/gcc/sparc-gaisler-elf/10.2.0/../../../../sparc-gaisler-elf/lib/leon3v7/flat/libc.a(lib_a-malloc.o)
 .bss           0x0000000040011398       0x34 /home/fsw/rep/tasa/lib/bcc-2.2.3-gcc/bin/../lib/gcc/sparc-gaisler-elf/10.2.0/../../../../sparc-gaisler-elf/lib/leon3v7/flat/libc.a(lib_a-mallocr.o)
                0x0000000040011398                __malloc_current_mallinfo
                0x00000000400113c0                __malloc_max_total_mem
                0x00000000400113c4                __malloc_max_sbrked_mem
                0x00000000400113c8                __malloc_top_pad
 .bss           0x00000000400113cc        0x0 /home/fsw/rep/tasa/lib/bcc-2.2.3-gcc/bin/../lib/gcc/sparc-gaisler-elf/10.2.0/../../../../sparc-gaisler-elf/lib/leon3v7/flat/libc.a(lib_a-memchr.o)
 .bss           0x00000000400113cc        0x0 /home/fsw/rep/tasa/lib/bcc-2.2.3-gcc/bin/../lib/gcc/sparc-gaisler-elf/10.2.0/../../../../sparc-gaisler-elf/lib/leon3v7/flat/libc.a(lib_a-memmove.o)
 .bss           0x00000000400113cc        0x0 /home/fsw/rep/tasa/lib/bcc-2.2.3-gcc/bin/../lib/gcc/sparc-gaisler-elf/10.2.0/../../../../sparc-gaisler-elf/lib/leon3v7/flat/libc.a(lib_a-memset.o)
 .bss           0x00000000400113cc        0x0 /home/fsw/rep/tasa/lib/bcc-2.2.3-gcc/bin/../lib/gcc/sparc-gaisler-elf/10.2.0/../../../../sparc-gaisler-elf/lib/leon3v7/flat/libc.a(lib_a-mlock.o)
 .bss           0x00000000400113cc        0x0 /home/fsw/rep/tasa/lib/bcc-2.2.3-gcc/bin/../lib/gcc/sparc-gaisler-elf/10.2.0/../../../../sparc-gaisler-elf/lib/leon3v7/flat/libc.a(lib_a-mprec.o)
 .bss           0x00000000400113cc        0x0 /home/fsw/rep/tasa/lib/bcc-2.2.3-gcc/bin/../lib/gcc/sparc-gaisler-elf/10.2.0/../../../../sparc-gaisler-elf/lib/leon3v7/flat/libc.a(lib_a-putc.o)
 .bss           0x00000000400113cc        0x0 /home/fsw/rep/tasa/lib/bcc-2.2.3-gcc/bin/../lib/gcc/sparc-gaisler-elf/10.2.0/../../../../sparc-gaisler-elf/lib/leon3v7/flat/libc.a(lib_a-reallocr.o)
 .bss           0x00000000400113cc        0x0 /home/fsw/rep/tasa/lib/bcc-2.2.3-gcc/bin/../lib/gcc/sparc-gaisler-elf/10.2.0/../../../../sparc-gaisler-elf/lib/leon3v7/flat/libc.a(lib_a-s_frexp.o)
 .bss           0x00000000400113cc        0x0 /home/fsw/rep/tasa/lib/bcc-2.2.3-gcc/bin/../lib/gcc/sparc-gaisler-elf/10.2.0/../../../../sparc-gaisler-elf/lib/leon3v7/flat/libc.a(lib_a-sbrkr.o)
 .bss           0x00000000400113cc        0x0 /home/fsw/rep/tasa/lib/bcc-2.2.3-gcc/bin/../lib/gcc/sparc-gaisler-elf/10.2.0/../../../../sparc-gaisler-elf/lib/leon3v7/flat/libc.a(lib_a-stdio.o)
 .bss           0x00000000400113cc        0x0 /home/fsw/rep/tasa/lib/bcc-2.2.3-gcc/bin/../lib/gcc/sparc-gaisler-elf/10.2.0/../../../../sparc-gaisler-elf/lib/leon3v7/flat/libc.a(lib_a-strncpy.o)
 .bss           0x00000000400113cc        0x0 /home/fsw/rep/tasa/lib/bcc-2.2.3-gcc/bin/../lib/gcc/sparc-gaisler-elf/10.2.0/../../../../sparc-gaisler-elf/lib/leon3v7/flat/libc.a(lib_a-vfiprintf.o)
 .bss           0x00000000400113cc        0x0 /home/fsw/rep/tasa/lib/bcc-2.2.3-gcc/bin/../lib/gcc/sparc-gaisler-elf/10.2.0/../../../../sparc-gaisler-elf/lib/leon3v7/flat/libc.a(lib_a-wbuf.o)
 .bss           0x00000000400113cc        0x0 /home/fsw/rep/tasa/lib/bcc-2.2.3-gcc/bin/../lib/gcc/sparc-gaisler-elf/10.2.0/../../../../sparc-gaisler-elf/lib/leon3v7/flat/libc.a(lib_a-writer.o)
 .bss           0x00000000400113cc        0x0 /home/fsw/rep/tasa/lib/bcc-2.2.3-gcc/bin/../lib/gcc/sparc-gaisler-elf/10.2.0/../../../../sparc-gaisler-elf/lib/leon3v7/flat/libc.a(lib_a-callocr.o)
 .bss           0x00000000400113cc        0x0 /home/fsw/rep/tasa/lib/bcc-2.2.3-gcc/bin/../lib/gcc/sparc-gaisler-elf/10.2.0/../../../../sparc-gaisler-elf/lib/leon3v7/flat/libc.a(lib_a-closer.o)
 .bss           0x00000000400113cc        0x0 /home/fsw/rep/tasa/lib/bcc-2.2.3-gcc/bin/../lib/gcc/sparc-gaisler-elf/10.2.0/../../../../sparc-gaisler-elf/lib/leon3v7/flat/libc.a(lib_a-fclose.o)
 .bss           0x00000000400113cc        0x0 /home/fsw/rep/tasa/lib/bcc-2.2.3-gcc/bin/../lib/gcc/sparc-gaisler-elf/10.2.0/../../../../sparc-gaisler-elf/lib/leon3v7/flat/libc.a(lib_a-fputwc.o)
 .bss           0x00000000400113cc        0x0 /home/fsw/rep/tasa/lib/bcc-2.2.3-gcc/bin/../lib/gcc/sparc-gaisler-elf/10.2.0/../../../../sparc-gaisler-elf/lib/leon3v7/flat/libc.a(lib_a-fstatr.o)
 .bss           0x00000000400113cc        0x0 /home/fsw/rep/tasa/lib/bcc-2.2.3-gcc/bin/../lib/gcc/sparc-gaisler-elf/10.2.0/../../../../sparc-gaisler-elf/lib/leon3v7/flat/libc.a(lib_a-isattyr.o)
 .bss           0x00000000400113cc        0x4 /home/fsw/rep/tasa/lib/bcc-2.2.3-gcc/bin/../lib/gcc/sparc-gaisler-elf/10.2.0/../../../../sparc-gaisler-elf/lib/leon3v7/flat/libc.a(lib_a-locale.o)
                0x00000000400113cc                _PathLocale
 .bss           0x00000000400113d0        0x0 /home/fsw/rep/tasa/lib/bcc-2.2.3-gcc/bin/../lib/gcc/sparc-gaisler-elf/10.2.0/../../../../sparc-gaisler-elf/lib/leon3v7/flat/libc.a(lib_a-lseekr.o)
 .bss           0x00000000400113d0        0x0 /home/fsw/rep/tasa/lib/bcc-2.2.3-gcc/bin/../lib/gcc/sparc-gaisler-elf/10.2.0/../../../../sparc-gaisler-elf/lib/leon3v7/flat/libc.a(lib_a-mbtowc_r.o)
 .bss           0x00000000400113d0        0x0 /home/fsw/rep/tasa/lib/bcc-2.2.3-gcc/bin/../lib/gcc/sparc-gaisler-elf/10.2.0/../../../../sparc-gaisler-elf/lib/leon3v7/flat/libc.a(lib_a-readr.o)
 .bss           0x00000000400113d0        0x4 /home/fsw/rep/tasa/lib/bcc-2.2.3-gcc/bin/../lib/gcc/sparc-gaisler-elf/10.2.0/../../../../sparc-gaisler-elf/lib/leon3v7/flat/libc.a(lib_a-reent.o)
                0x00000000400113d0                errno
 .bss           0x00000000400113d4        0x0 /home/fsw/rep/tasa/lib/bcc-2.2.3-gcc/bin/../lib/gcc/sparc-gaisler-elf/10.2.0/../../../../sparc-gaisler-elf/lib/leon3v7/flat/libc.a(lib_a-strcmp.o)
 .bss           0x00000000400113d4        0x0 /home/fsw/rep/tasa/lib/bcc-2.2.3-gcc/bin/../lib/gcc/sparc-gaisler-elf/10.2.0/../../../../sparc-gaisler-elf/lib/leon3v7/flat/libc.a(lib_a-wcrtomb.o)
 .bss           0x00000000400113d4        0x0 /home/fsw/rep/tasa/lib/bcc-2.2.3-gcc/bin/../lib/gcc/sparc-gaisler-elf/10.2.0/../../../../sparc-gaisler-elf/lib/leon3v7/flat/libc.a(lib_a-wctomb_r.o)
 .bss           0x00000000400113d4        0x0 /home/fsw/rep/tasa/lib/bcc-2.2.3-gcc/bin/../lib/gcc/sparc-gaisler-elf/10.2.0/../../../../sparc-gaisler-elf/lib/leon3v7/flat/libc.a(lib_a-ctype_.o)
 .bss           0x00000000400113d4        0x0 /home/fsw/rep/tasa/lib/bcc-2.2.3-gcc/bin/../sparc-gaisler-elf/bsp/leon3/leon3v7/flat/libbcc.a(_exit.S.o)
 .bss           0x00000000400113d4        0x0 /home/fsw/rep/tasa/lib/bcc-2.2.3-gcc/bin/../sparc-gaisler-elf/bsp/leon3/leon3v7/flat/libbcc.a(read.c.o)
 .bss           0x00000000400113d4        0x4 /home/fsw/rep/tasa/lib/bcc-2.2.3-gcc/bin/../sparc-gaisler-elf/bsp/leon3/leon3v7/flat/libbcc.a(sbrk.c.o)
 .bss           0x00000000400113d8        0x8 /home/fsw/rep/tasa/lib/bcc-2.2.3-gcc/bin/../sparc-gaisler-elf/bsp/leon3/leon3v7/flat/libbcc.a(heap.c.o)
                0x00000000400113d8                __bcc_heap_max
                0x00000000400113dc                __bcc_heap_min
 .bss           0x00000000400113e0        0x0 /home/fsw/rep/tasa/lib/bcc-2.2.3-gcc/bin/../sparc-gaisler-elf/bsp/leon3/leon3v7/flat/libbcc.a(write.c.o)
 .bss           0x00000000400113e0        0x0 /home/fsw/rep/tasa/lib/bcc-2.2.3-gcc/bin/../sparc-gaisler-elf/bsp/leon3/leon3v7/flat/libbcc.a(stubs.S.o)
 .bss           0x00000000400113e0        0x4 /home/fsw/rep/tasa/lib/bcc-2.2.3-gcc/bin/../sparc-gaisler-elf/bsp/leon3/leon3v7/flat/libbcc.a(con_apbuart.c.o)
 .bss           0x00000000400113e4        0x0 /home/fsw/rep/tasa/lib/bcc-2.2.3-gcc/bin/../lib/gcc/sparc-gaisler-elf/10.2.0/leon3v7/flat/libgcc.a(_mulsi3.o)
 .bss           0x00000000400113e4        0x0 /home/fsw/rep/tasa/lib/bcc-2.2.3-gcc/bin/../lib/gcc/sparc-gaisler-elf/10.2.0/leon3v7/flat/libgcc.a(_divsi3.o)
 .bss           0x00000000400113e4        0x0 /home/fsw/rep/tasa/lib/bcc-2.2.3-gcc/bin/../lib/gcc/sparc-gaisler-elf/10.2.0/leon3v7/flat/libgcc.a(_modsi3.o)
 .bss           0x00000000400113e4        0x0 /home/fsw/rep/tasa/lib/bcc-2.2.3-gcc/bin/../lib/gcc/sparc-gaisler-elf/10.2.0/leon3v7/flat/libgcc.a(_udivdi3.o)
 .bss           0x00000000400113e4        0x0 /home/fsw/rep/tasa/lib/bcc-2.2.3-gcc/bin/../lib/gcc/sparc-gaisler-elf/10.2.0/leon3v7/flat/libgcc.a(_umoddi3.o)
 .bss           0x00000000400113e4        0x0 /home/fsw/rep/tasa/lib/bcc-2.2.3-gcc/bin/../lib/gcc/sparc-gaisler-elf/10.2.0/leon3v7/flat/libgcc.a(_clz.o)
 .bss           0x00000000400113e4        0x0 /home/fsw/rep/tasa/lib/bcc-2.2.3-gcc/bin/../lib/gcc/sparc-gaisler-elf/10.2.0/leon3v7/flat/crtend.o
 .bss           0x00000000400113e4        0x0 /home/fsw/rep/tasa/lib/bcc-2.2.3-gcc/bin/../lib/gcc/sparc-gaisler-elf/10.2.0/leon3v7/flat/crtn.o
 *(COMMON)
                0x00000000400113e8                . = ALIGN (0x8)
 *fill*         0x00000000400113e4        0x4 
                0x00000000400113e8                __bss_end = .
                0x00000000400113e8                __heap_min = .
                0x00000000400113e8                . = ALIGN (0x8)

.jcr
 *(.jcr)

.stab
 *(.stab)

.stabstr
 *(.stabstr)

.debug
 *(.debug)

.line
 *(.line)

.debug_srcinfo
 *(.debug_srcinfo)

.debug_sfnames
 *(.debug_sfnames)

.debug_aranges  0x0000000000000000      0xa90
 *(.debug_aranges)
 .debug_aranges
                0x0000000000000000       0x20 /home/fsw/rep/tasa/lib/bcc-2.2.3-gcc/bin/../sparc-gaisler-elf/bsp/leon3/leon3v7/flat/trap_table_mvt.S.o
 .debug_aranges
                0x0000000000000020       0x20 /home/fsw/rep/tasa/lib/bcc-2.2.3-gcc/bin/../sparc-gaisler-elf/bsp/leon3/leon3v7/flat/crt0.S.o
 .debug_aranges
                0x0000000000000040       0x20 /tmp/cc6OYZ9W.o
 .debug_aranges
                0x0000000000000060       0x20 /home/fsw/rep/tasa/lib/bcc-2.2.3-gcc/bin/../sparc-gaisler-elf/bsp/leon3/leon3v7/flat/libbcc.a(reset_trap_mvt.S.o)
 .debug_aranges
                0x0000000000000080       0x20 /home/fsw/rep/tasa/lib/bcc-2.2.3-gcc/bin/../sparc-gaisler-elf/bsp/leon3/leon3v7/flat/libbcc.a(interrupt_trap_flat.S.o)
 .debug_aranges
                0x00000000000000a0       0x20 /home/fsw/rep/tasa/lib/bcc-2.2.3-gcc/bin/../sparc-gaisler-elf/bsp/leon3/leon3v7/flat/libbcc.a(sw_trap_set_pil.S.o)
 .debug_aranges
                0x00000000000000c0       0x18 /home/fsw/rep/tasa/lib/bcc-2.2.3-gcc/bin/../sparc-gaisler-elf/bsp/leon3/leon3v7/flat/libbcc.a(isr.c.o)
 .debug_aranges
                0x00000000000000d8       0x18 /home/fsw/rep/tasa/lib/bcc-2.2.3-gcc/bin/../sparc-gaisler-elf/bsp/leon3/leon3v7/flat/libbcc.a(int_nest.c.o)
 .debug_aranges
                0x00000000000000f0       0x20 /home/fsw/rep/tasa/lib/bcc-2.2.3-gcc/bin/../sparc-gaisler-elf/bsp/leon3/leon3v7/flat/libbcc.a(init.S.o)
 .debug_aranges
                0x0000000000000110       0x20 /home/fsw/rep/tasa/lib/bcc-2.2.3-gcc/bin/../sparc-gaisler-elf/bsp/leon3/leon3v7/flat/libbcc.a(leon_info.S.o)
 .debug_aranges
                0x0000000000000130       0x20 /home/fsw/rep/tasa/lib/bcc-2.2.3-gcc/bin/../sparc-gaisler-elf/bsp/leon3/leon3v7/flat/libbcc.a(dwzero.S.o)
 .debug_aranges
                0x0000000000000150       0x20 /home/fsw/rep/tasa/lib/bcc-2.2.3-gcc/bin/../sparc-gaisler-elf/bsp/leon3/leon3v7/flat/libbcc.a(copy_data.c.o)
 .debug_aranges
                0x0000000000000170       0x18 /home/fsw/rep/tasa/lib/bcc-2.2.3-gcc/bin/../sparc-gaisler-elf/bsp/leon3/leon3v7/flat/libbcc.a(argv.c.o)
 .debug_aranges
                0x0000000000000188       0x20 /home/fsw/rep/tasa/lib/bcc-2.2.3-gcc/bin/../sparc-gaisler-elf/bsp/leon3/leon3v7/flat/libbcc.a(int_irqmp_get_source.c.o)
 .debug_aranges
                0x00000000000001a8       0x20 /home/fsw/rep/tasa/lib/bcc-2.2.3-gcc/bin/../sparc-gaisler-elf/bsp/leon3/leon3v7/flat/libbcc.a(int_irqmp_mp.c.o)
 .debug_aranges
                0x00000000000001c8       0x20 /home/fsw/rep/tasa/lib/bcc-2.2.3-gcc/bin/../sparc-gaisler-elf/bsp/leon3/leon3v7/flat/libbcc.a(int_irqmp_init.c.o)
 .debug_aranges
                0x00000000000001e8       0x20 /home/fsw/rep/tasa/lib/bcc-2.2.3-gcc/bin/../sparc-gaisler-elf/bsp/leon3/leon3v7/flat/libbcc.a(con_apbuart_init.c.o)
 .debug_aranges
                0x0000000000000208       0x20 /home/fsw/rep/tasa/lib/bcc-2.2.3-gcc/bin/../sparc-gaisler-elf/bsp/leon3/leon3v7/flat/libbcc.a(timer_gptimer_init.c.o)
 .debug_aranges
                0x0000000000000228       0x20 /home/fsw/rep/tasa/lib/bcc-2.2.3-gcc/bin/../sparc-gaisler-elf/bsp/leon3/leon3v7/flat/libbcc.a(ambapp.c.o)
 .debug_aranges
                0x0000000000000248       0x20 /home/fsw/rep/tasa/lib/bcc-2.2.3-gcc/bin/../sparc-gaisler-elf/bsp/leon3/leon3v7/flat/libbcc.a(ambapp_findfirst_fn.c.o)
 .debug_aranges
                0x0000000000000268       0x18 /home/fsw/rep/tasa/lib/bcc-2.2.3-gcc/bin/../sparc-gaisler-elf/bsp/leon3/leon3v7/flat/libbcc.a(int_irqmp_handle.c.o)
 .debug_aranges
                0x0000000000000280       0x18 /home/fsw/rep/tasa/lib/bcc-2.2.3-gcc/bin/../sparc-gaisler-elf/bsp/leon3/leon3v7/flat/libbcc.a(con_handle.c.o)
 .debug_aranges
                0x0000000000000298       0x18 /home/fsw/rep/tasa/lib/bcc-2.2.3-gcc/bin/../sparc-gaisler-elf/bsp/leon3/leon3v7/flat/libbcc.a(timer_handle.c.o)
 .debug_aranges
                0x00000000000002b0       0x20 /home/fsw/rep/tasa/lib/bcc-2.2.3-gcc/bin/../lib/gcc/sparc-gaisler-elf/10.2.0/../../../../sparc-gaisler-elf/lib/leon3v7/flat/libc.a(lib_a-atexit.o)
 .debug_aranges
                0x00000000000002d0       0x20 /home/fsw/rep/tasa/lib/bcc-2.2.3-gcc/bin/../lib/gcc/sparc-gaisler-elf/10.2.0/../../../../sparc-gaisler-elf/lib/leon3v7/flat/libc.a(lib_a-exit.o)
 .debug_aranges
                0x00000000000002f0       0x18 /home/fsw/rep/tasa/lib/bcc-2.2.3-gcc/bin/../lib/gcc/sparc-gaisler-elf/10.2.0/../../../../sparc-gaisler-elf/lib/leon3v7/flat/libc.a(lib_a-impure.o)
 .debug_aranges
                0x0000000000000308       0x20 /home/fsw/rep/tasa/lib/bcc-2.2.3-gcc/bin/../lib/gcc/sparc-gaisler-elf/10.2.0/../../../../sparc-gaisler-elf/lib/leon3v7/flat/libc.a(lib_a-memcpy.o)
 .debug_aranges
                0x0000000000000328       0x20 /home/fsw/rep/tasa/lib/bcc-2.2.3-gcc/bin/../lib/gcc/sparc-gaisler-elf/10.2.0/../../../../sparc-gaisler-elf/lib/leon3v7/flat/libc.a(lib_a-printf.o)
 .debug_aranges
                0x0000000000000348       0x20 /home/fsw/rep/tasa/lib/bcc-2.2.3-gcc/bin/../lib/gcc/sparc-gaisler-elf/10.2.0/../../../../sparc-gaisler-elf/lib/leon3v7/flat/libc.a(lib_a-putchar.o)
 .debug_aranges
                0x0000000000000368       0x20 /home/fsw/rep/tasa/lib/bcc-2.2.3-gcc/bin/../lib/gcc/sparc-gaisler-elf/10.2.0/../../../../sparc-gaisler-elf/lib/leon3v7/flat/libc.a(lib_a-puts.o)
 .debug_aranges
                0x0000000000000388       0x20 /home/fsw/rep/tasa/lib/bcc-2.2.3-gcc/bin/../lib/gcc/sparc-gaisler-elf/10.2.0/../../../../sparc-gaisler-elf/lib/leon3v7/flat/libc.a(lib_a-strlen.o)
 .debug_aranges
                0x00000000000003a8       0x20 /home/fsw/rep/tasa/lib/bcc-2.2.3-gcc/bin/../lib/gcc/sparc-gaisler-elf/10.2.0/../../../../sparc-gaisler-elf/lib/leon3v7/flat/libc.a(lib_a-vfprintf.o)
 .debug_aranges
                0x00000000000003c8       0x20 /home/fsw/rep/tasa/lib/bcc-2.2.3-gcc/bin/../lib/gcc/sparc-gaisler-elf/10.2.0/../../../../sparc-gaisler-elf/lib/leon3v7/flat/libc.a(lib_a-wsetup.o)
 .debug_aranges
                0x00000000000003e8       0x20 /home/fsw/rep/tasa/lib/bcc-2.2.3-gcc/bin/../lib/gcc/sparc-gaisler-elf/10.2.0/../../../../sparc-gaisler-elf/lib/leon3v7/flat/libc.a(lib_a-__atexit.o)
 .debug_aranges
                0x0000000000000408       0x20 /home/fsw/rep/tasa/lib/bcc-2.2.3-gcc/bin/../lib/gcc/sparc-gaisler-elf/10.2.0/../../../../sparc-gaisler-elf/lib/leon3v7/flat/libc.a(lib_a-__call_atexit.o)
 .debug_aranges
                0x0000000000000428       0x20 /home/fsw/rep/tasa/lib/bcc-2.2.3-gcc/bin/../lib/gcc/sparc-gaisler-elf/10.2.0/../../../../sparc-gaisler-elf/lib/leon3v7/flat/libc.a(lib_a-dtoa.o)
 .debug_aranges
                0x0000000000000448       0x20 /home/fsw/rep/tasa/lib/bcc-2.2.3-gcc/bin/../lib/gcc/sparc-gaisler-elf/10.2.0/../../../../sparc-gaisler-elf/lib/leon3v7/flat/libc.a(lib_a-fflush.o)
 .debug_aranges
                0x0000000000000468       0x20 /home/fsw/rep/tasa/lib/bcc-2.2.3-gcc/bin/../lib/gcc/sparc-gaisler-elf/10.2.0/../../../../sparc-gaisler-elf/lib/leon3v7/flat/libc.a(lib_a-findfp.o)
 .debug_aranges
                0x0000000000000488       0x20 /home/fsw/rep/tasa/lib/bcc-2.2.3-gcc/bin/../lib/gcc/sparc-gaisler-elf/10.2.0/../../../../sparc-gaisler-elf/lib/leon3v7/flat/libc.a(lib_a-freer.o)
 .debug_aranges
                0x00000000000004a8       0x20 /home/fsw/rep/tasa/lib/bcc-2.2.3-gcc/bin/../lib/gcc/sparc-gaisler-elf/10.2.0/../../../../sparc-gaisler-elf/lib/leon3v7/flat/libc.a(lib_a-fvwrite.o)
 .debug_aranges
                0x00000000000004c8       0x20 /home/fsw/rep/tasa/lib/bcc-2.2.3-gcc/bin/../lib/gcc/sparc-gaisler-elf/10.2.0/../../../../sparc-gaisler-elf/lib/leon3v7/flat/libc.a(lib_a-fwalk.o)
 .debug_aranges
                0x00000000000004e8       0x20 /home/fsw/rep/tasa/lib/bcc-2.2.3-gcc/bin/../lib/gcc/sparc-gaisler-elf/10.2.0/../../../../sparc-gaisler-elf/lib/leon3v7/flat/libc.a(lib_a-localeconv.o)
 .debug_aranges
                0x0000000000000508       0x20 /home/fsw/rep/tasa/lib/bcc-2.2.3-gcc/bin/../lib/gcc/sparc-gaisler-elf/10.2.0/../../../../sparc-gaisler-elf/lib/leon3v7/flat/libc.a(lib_a-makebuf.o)
 .debug_aranges
                0x0000000000000528       0x20 /home/fsw/rep/tasa/lib/bcc-2.2.3-gcc/bin/../lib/gcc/sparc-gaisler-elf/10.2.0/../../../../sparc-gaisler-elf/lib/leon3v7/flat/libc.a(lib_a-malloc.o)
 .debug_aranges
                0x0000000000000548       0x20 /home/fsw/rep/tasa/lib/bcc-2.2.3-gcc/bin/../lib/gcc/sparc-gaisler-elf/10.2.0/../../../../sparc-gaisler-elf/lib/leon3v7/flat/libc.a(lib_a-mallocr.o)
 .debug_aranges
                0x0000000000000568       0x20 /home/fsw/rep/tasa/lib/bcc-2.2.3-gcc/bin/../lib/gcc/sparc-gaisler-elf/10.2.0/../../../../sparc-gaisler-elf/lib/leon3v7/flat/libc.a(lib_a-memchr.o)
 .debug_aranges
                0x0000000000000588       0x20 /home/fsw/rep/tasa/lib/bcc-2.2.3-gcc/bin/../lib/gcc/sparc-gaisler-elf/10.2.0/../../../../sparc-gaisler-elf/lib/leon3v7/flat/libc.a(lib_a-memmove.o)
 .debug_aranges
                0x00000000000005a8       0x20 /home/fsw/rep/tasa/lib/bcc-2.2.3-gcc/bin/../lib/gcc/sparc-gaisler-elf/10.2.0/../../../../sparc-gaisler-elf/lib/leon3v7/flat/libc.a(lib_a-memset.o)
 .debug_aranges
                0x00000000000005c8       0x20 /home/fsw/rep/tasa/lib/bcc-2.2.3-gcc/bin/../lib/gcc/sparc-gaisler-elf/10.2.0/../../../../sparc-gaisler-elf/lib/leon3v7/flat/libc.a(lib_a-mlock.o)
 .debug_aranges
                0x00000000000005e8       0x20 /home/fsw/rep/tasa/lib/bcc-2.2.3-gcc/bin/../lib/gcc/sparc-gaisler-elf/10.2.0/../../../../sparc-gaisler-elf/lib/leon3v7/flat/libc.a(lib_a-mprec.o)
 .debug_aranges
                0x0000000000000608       0x20 /home/fsw/rep/tasa/lib/bcc-2.2.3-gcc/bin/../lib/gcc/sparc-gaisler-elf/10.2.0/../../../../sparc-gaisler-elf/lib/leon3v7/flat/libc.a(lib_a-putc.o)
 .debug_aranges
                0x0000000000000628       0x20 /home/fsw/rep/tasa/lib/bcc-2.2.3-gcc/bin/../lib/gcc/sparc-gaisler-elf/10.2.0/../../../../sparc-gaisler-elf/lib/leon3v7/flat/libc.a(lib_a-reallocr.o)
 .debug_aranges
                0x0000000000000648       0x20 /home/fsw/rep/tasa/lib/bcc-2.2.3-gcc/bin/../lib/gcc/sparc-gaisler-elf/10.2.0/../../../../sparc-gaisler-elf/lib/leon3v7/flat/libc.a(lib_a-s_frexp.o)
 .debug_aranges
                0x0000000000000668       0x20 /home/fsw/rep/tasa/lib/bcc-2.2.3-gcc/bin/../lib/gcc/sparc-gaisler-elf/10.2.0/../../../../sparc-gaisler-elf/lib/leon3v7/flat/libc.a(lib_a-sbrkr.o)
 .debug_aranges
                0x0000000000000688       0x20 /home/fsw/rep/tasa/lib/bcc-2.2.3-gcc/bin/../lib/gcc/sparc-gaisler-elf/10.2.0/../../../../sparc-gaisler-elf/lib/leon3v7/flat/libc.a(lib_a-stdio.o)
 .debug_aranges
                0x00000000000006a8       0x20 /home/fsw/rep/tasa/lib/bcc-2.2.3-gcc/bin/../lib/gcc/sparc-gaisler-elf/10.2.0/../../../../sparc-gaisler-elf/lib/leon3v7/flat/libc.a(lib_a-strncpy.o)
 .debug_aranges
                0x00000000000006c8       0x20 /home/fsw/rep/tasa/lib/bcc-2.2.3-gcc/bin/../lib/gcc/sparc-gaisler-elf/10.2.0/../../../../sparc-gaisler-elf/lib/leon3v7/flat/libc.a(lib_a-vfiprintf.o)
 .debug_aranges
                0x00000000000006e8       0x20 /home/fsw/rep/tasa/lib/bcc-2.2.3-gcc/bin/../lib/gcc/sparc-gaisler-elf/10.2.0/../../../../sparc-gaisler-elf/lib/leon3v7/flat/libc.a(lib_a-wbuf.o)
 .debug_aranges
                0x0000000000000708       0x20 /home/fsw/rep/tasa/lib/bcc-2.2.3-gcc/bin/../lib/gcc/sparc-gaisler-elf/10.2.0/../../../../sparc-gaisler-elf/lib/leon3v7/flat/libc.a(lib_a-writer.o)
 .debug_aranges
                0x0000000000000728       0x20 /home/fsw/rep/tasa/lib/bcc-2.2.3-gcc/bin/../lib/gcc/sparc-gaisler-elf/10.2.0/../../../../sparc-gaisler-elf/lib/leon3v7/flat/libc.a(lib_a-callocr.o)
 .debug_aranges
                0x0000000000000748       0x20 /home/fsw/rep/tasa/lib/bcc-2.2.3-gcc/bin/../lib/gcc/sparc-gaisler-elf/10.2.0/../../../../sparc-gaisler-elf/lib/leon3v7/flat/libc.a(lib_a-closer.o)
 .debug_aranges
                0x0000000000000768       0x20 /home/fsw/rep/tasa/lib/bcc-2.2.3-gcc/bin/../lib/gcc/sparc-gaisler-elf/10.2.0/../../../../sparc-gaisler-elf/lib/leon3v7/flat/libc.a(lib_a-fclose.o)
 .debug_aranges
                0x0000000000000788       0x20 /home/fsw/rep/tasa/lib/bcc-2.2.3-gcc/bin/../lib/gcc/sparc-gaisler-elf/10.2.0/../../../../sparc-gaisler-elf/lib/leon3v7/flat/libc.a(lib_a-fputwc.o)
 .debug_aranges
                0x00000000000007a8       0x20 /home/fsw/rep/tasa/lib/bcc-2.2.3-gcc/bin/../lib/gcc/sparc-gaisler-elf/10.2.0/../../../../sparc-gaisler-elf/lib/leon3v7/flat/libc.a(lib_a-fstatr.o)
 .debug_aranges
                0x00000000000007c8       0x20 /home/fsw/rep/tasa/lib/bcc-2.2.3-gcc/bin/../lib/gcc/sparc-gaisler-elf/10.2.0/../../../../sparc-gaisler-elf/lib/leon3v7/flat/libc.a(lib_a-isattyr.o)
 .debug_aranges
                0x00000000000007e8       0x20 /home/fsw/rep/tasa/lib/bcc-2.2.3-gcc/bin/../lib/gcc/sparc-gaisler-elf/10.2.0/../../../../sparc-gaisler-elf/lib/leon3v7/flat/libc.a(lib_a-locale.o)
 .debug_aranges
                0x0000000000000808       0x20 /home/fsw/rep/tasa/lib/bcc-2.2.3-gcc/bin/../lib/gcc/sparc-gaisler-elf/10.2.0/../../../../sparc-gaisler-elf/lib/leon3v7/flat/libc.a(lib_a-lseekr.o)
 .debug_aranges
                0x0000000000000828       0x20 /home/fsw/rep/tasa/lib/bcc-2.2.3-gcc/bin/../lib/gcc/sparc-gaisler-elf/10.2.0/../../../../sparc-gaisler-elf/lib/leon3v7/flat/libc.a(lib_a-mbtowc_r.o)
 .debug_aranges
                0x0000000000000848       0x20 /home/fsw/rep/tasa/lib/bcc-2.2.3-gcc/bin/../lib/gcc/sparc-gaisler-elf/10.2.0/../../../../sparc-gaisler-elf/lib/leon3v7/flat/libc.a(lib_a-readr.o)
 .debug_aranges
                0x0000000000000868       0x20 /home/fsw/rep/tasa/lib/bcc-2.2.3-gcc/bin/../lib/gcc/sparc-gaisler-elf/10.2.0/../../../../sparc-gaisler-elf/lib/leon3v7/flat/libc.a(lib_a-reent.o)
 .debug_aranges
                0x0000000000000888       0x20 /home/fsw/rep/tasa/lib/bcc-2.2.3-gcc/bin/../lib/gcc/sparc-gaisler-elf/10.2.0/../../../../sparc-gaisler-elf/lib/leon3v7/flat/libc.a(lib_a-strcmp.o)
 .debug_aranges
                0x00000000000008a8       0x20 /home/fsw/rep/tasa/lib/bcc-2.2.3-gcc/bin/../lib/gcc/sparc-gaisler-elf/10.2.0/../../../../sparc-gaisler-elf/lib/leon3v7/flat/libc.a(lib_a-wcrtomb.o)
 .debug_aranges
                0x00000000000008c8       0x20 /home/fsw/rep/tasa/lib/bcc-2.2.3-gcc/bin/../lib/gcc/sparc-gaisler-elf/10.2.0/../../../../sparc-gaisler-elf/lib/leon3v7/flat/libc.a(lib_a-wctomb_r.o)
 .debug_aranges
                0x00000000000008e8       0x18 /home/fsw/rep/tasa/lib/bcc-2.2.3-gcc/bin/../lib/gcc/sparc-gaisler-elf/10.2.0/../../../../sparc-gaisler-elf/lib/leon3v7/flat/libc.a(lib_a-ctype_.o)
 .debug_aranges
                0x0000000000000900       0x20 /home/fsw/rep/tasa/lib/bcc-2.2.3-gcc/bin/../sparc-gaisler-elf/bsp/leon3/leon3v7/flat/libbcc.a(_exit.S.o)
 .debug_aranges
                0x0000000000000920       0x20 /home/fsw/rep/tasa/lib/bcc-2.2.3-gcc/bin/../sparc-gaisler-elf/bsp/leon3/leon3v7/flat/libbcc.a(read.c.o)
 .debug_aranges
                0x0000000000000940       0x20 /home/fsw/rep/tasa/lib/bcc-2.2.3-gcc/bin/../sparc-gaisler-elf/bsp/leon3/leon3v7/flat/libbcc.a(sbrk.c.o)
 .debug_aranges
                0x0000000000000960       0x18 /home/fsw/rep/tasa/lib/bcc-2.2.3-gcc/bin/../sparc-gaisler-elf/bsp/leon3/leon3v7/flat/libbcc.a(heap.c.o)
 .debug_aranges
                0x0000000000000978       0x20 /home/fsw/rep/tasa/lib/bcc-2.2.3-gcc/bin/../sparc-gaisler-elf/bsp/leon3/leon3v7/flat/libbcc.a(write.c.o)
 .debug_aranges
                0x0000000000000998       0x20 /home/fsw/rep/tasa/lib/bcc-2.2.3-gcc/bin/../sparc-gaisler-elf/bsp/leon3/leon3v7/flat/libbcc.a(stubs.S.o)
 .debug_aranges
                0x00000000000009b8       0x20 /home/fsw/rep/tasa/lib/bcc-2.2.3-gcc/bin/../sparc-gaisler-elf/bsp/leon3/leon3v7/flat/libbcc.a(con_apbuart.c.o)
 .debug_aranges
                0x00000000000009d8       0x20 /home/fsw/rep/tasa/lib/bcc-2.2.3-gcc/bin/../lib/gcc/sparc-gaisler-elf/10.2.0/leon3v7/flat/libgcc.a(_mulsi3.o)
 .debug_aranges
                0x00000000000009f8       0x20 /home/fsw/rep/tasa/lib/bcc-2.2.3-gcc/bin/../lib/gcc/sparc-gaisler-elf/10.2.0/leon3v7/flat/libgcc.a(_divsi3.o)
 .debug_aranges
                0x0000000000000a18       0x20 /home/fsw/rep/tasa/lib/bcc-2.2.3-gcc/bin/../lib/gcc/sparc-gaisler-elf/10.2.0/leon3v7/flat/libgcc.a(_modsi3.o)
 .debug_aranges
                0x0000000000000a38       0x20 /home/fsw/rep/tasa/lib/bcc-2.2.3-gcc/bin/../lib/gcc/sparc-gaisler-elf/10.2.0/leon3v7/flat/libgcc.a(_udivdi3.o)
 .debug_aranges
                0x0000000000000a58       0x20 /home/fsw/rep/tasa/lib/bcc-2.2.3-gcc/bin/../lib/gcc/sparc-gaisler-elf/10.2.0/leon3v7/flat/libgcc.a(_umoddi3.o)
 .debug_aranges
                0x0000000000000a78       0x18 /home/fsw/rep/tasa/lib/bcc-2.2.3-gcc/bin/../lib/gcc/sparc-gaisler-elf/10.2.0/leon3v7/flat/libgcc.a(_clz.o)

.debug_pubnames
 *(.debug_pubnames)

.debug_info     0x0000000000000000    0x21fb5
 *(.debug_info)
 .debug_info    0x0000000000000000       0x26 /home/fsw/rep/tasa/lib/bcc-2.2.3-gcc/bin/../sparc-gaisler-elf/bsp/leon3/leon3v7/flat/trap_table_mvt.S.o
 .debug_info    0x0000000000000026       0x26 /home/fsw/rep/tasa/lib/bcc-2.2.3-gcc/bin/../sparc-gaisler-elf/bsp/leon3/leon3v7/flat/crt0.S.o
 .debug_info    0x000000000000004c      0x368 /tmp/cc6OYZ9W.o
 .debug_info    0x00000000000003b4       0x26 /home/fsw/rep/tasa/lib/bcc-2.2.3-gcc/bin/../sparc-gaisler-elf/bsp/leon3/leon3v7/flat/libbcc.a(reset_trap_mvt.S.o)
 .debug_info    0x00000000000003da       0x26 /home/fsw/rep/tasa/lib/bcc-2.2.3-gcc/bin/../sparc-gaisler-elf/bsp/leon3/leon3v7/flat/libbcc.a(interrupt_trap_flat.S.o)
 .debug_info    0x0000000000000400       0x26 /home/fsw/rep/tasa/lib/bcc-2.2.3-gcc/bin/../sparc-gaisler-elf/bsp/leon3/leon3v7/flat/libbcc.a(sw_trap_set_pil.S.o)
 .debug_info    0x0000000000000426       0xf5 /home/fsw/rep/tasa/lib/bcc-2.2.3-gcc/bin/../sparc-gaisler-elf/bsp/leon3/leon3v7/flat/libbcc.a(isr.c.o)
 .debug_info    0x000000000000051b       0xcd /home/fsw/rep/tasa/lib/bcc-2.2.3-gcc/bin/../sparc-gaisler-elf/bsp/leon3/leon3v7/flat/libbcc.a(int_nest.c.o)
 .debug_info    0x00000000000005e8       0x26 /home/fsw/rep/tasa/lib/bcc-2.2.3-gcc/bin/../sparc-gaisler-elf/bsp/leon3/leon3v7/flat/libbcc.a(init.S.o)
 .debug_info    0x000000000000060e       0x26 /home/fsw/rep/tasa/lib/bcc-2.2.3-gcc/bin/../sparc-gaisler-elf/bsp/leon3/leon3v7/flat/libbcc.a(leon_info.S.o)
 .debug_info    0x0000000000000634       0x26 /home/fsw/rep/tasa/lib/bcc-2.2.3-gcc/bin/../sparc-gaisler-elf/bsp/leon3/leon3v7/flat/libbcc.a(dwzero.S.o)
 .debug_info    0x000000000000065a       0xe8 /home/fsw/rep/tasa/lib/bcc-2.2.3-gcc/bin/../sparc-gaisler-elf/bsp/leon3/leon3v7/flat/libbcc.a(copy_data.c.o)
 .debug_info    0x0000000000000742       0xd9 /home/fsw/rep/tasa/lib/bcc-2.2.3-gcc/bin/../sparc-gaisler-elf/bsp/leon3/leon3v7/flat/libbcc.a(argv.c.o)
 .debug_info    0x000000000000081b      0x2db /home/fsw/rep/tasa/lib/bcc-2.2.3-gcc/bin/../sparc-gaisler-elf/bsp/leon3/leon3v7/flat/libbcc.a(int_irqmp_get_source.c.o)
 .debug_info    0x0000000000000af6      0x3a6 /home/fsw/rep/tasa/lib/bcc-2.2.3-gcc/bin/../sparc-gaisler-elf/bsp/leon3/leon3v7/flat/libbcc.a(int_irqmp_mp.c.o)
 .debug_info    0x0000000000000e9c      0x5d4 /home/fsw/rep/tasa/lib/bcc-2.2.3-gcc/bin/../sparc-gaisler-elf/bsp/leon3/leon3v7/flat/libbcc.a(int_irqmp_init.c.o)
 .debug_info    0x0000000000001470      0x121 /home/fsw/rep/tasa/lib/bcc-2.2.3-gcc/bin/../sparc-gaisler-elf/bsp/leon3/leon3v7/flat/libbcc.a(con_apbuart_init.c.o)
 .debug_info    0x0000000000001591      0x1d6 /home/fsw/rep/tasa/lib/bcc-2.2.3-gcc/bin/../sparc-gaisler-elf/bsp/leon3/leon3v7/flat/libbcc.a(timer_gptimer_init.c.o)
 .debug_info    0x0000000000001767      0x8ee /home/fsw/rep/tasa/lib/bcc-2.2.3-gcc/bin/../sparc-gaisler-elf/bsp/leon3/leon3v7/flat/libbcc.a(ambapp.c.o)
 .debug_info    0x0000000000002055      0x337 /home/fsw/rep/tasa/lib/bcc-2.2.3-gcc/bin/../sparc-gaisler-elf/bsp/leon3/leon3v7/flat/libbcc.a(ambapp_findfirst_fn.c.o)
 .debug_info    0x000000000000238c       0xeb /home/fsw/rep/tasa/lib/bcc-2.2.3-gcc/bin/../sparc-gaisler-elf/bsp/leon3/leon3v7/flat/libbcc.a(int_irqmp_handle.c.o)
 .debug_info    0x0000000000002477       0x9d /home/fsw/rep/tasa/lib/bcc-2.2.3-gcc/bin/../sparc-gaisler-elf/bsp/leon3/leon3v7/flat/libbcc.a(con_handle.c.o)
 .debug_info    0x0000000000002514       0xb7 /home/fsw/rep/tasa/lib/bcc-2.2.3-gcc/bin/../sparc-gaisler-elf/bsp/leon3/leon3v7/flat/libbcc.a(timer_handle.c.o)
 .debug_info    0x00000000000025cb      0x100 /home/fsw/rep/tasa/lib/bcc-2.2.3-gcc/bin/../lib/gcc/sparc-gaisler-elf/10.2.0/../../../../sparc-gaisler-elf/lib/leon3v7/flat/libc.a(lib_a-atexit.o)
 .debug_info    0x00000000000026cb      0x7de /home/fsw/rep/tasa/lib/bcc-2.2.3-gcc/bin/../lib/gcc/sparc-gaisler-elf/10.2.0/../../../../sparc-gaisler-elf/lib/leon3v7/flat/libc.a(lib_a-exit.o)
 .debug_info    0x0000000000002ea9      0x83e /home/fsw/rep/tasa/lib/bcc-2.2.3-gcc/bin/../lib/gcc/sparc-gaisler-elf/10.2.0/../../../../sparc-gaisler-elf/lib/leon3v7/flat/libc.a(lib_a-impure.o)
 .debug_info    0x00000000000036e7      0x15c /home/fsw/rep/tasa/lib/bcc-2.2.3-gcc/bin/../lib/gcc/sparc-gaisler-elf/10.2.0/../../../../sparc-gaisler-elf/lib/leon3v7/flat/libc.a(lib_a-memcpy.o)
 .debug_info    0x0000000000003843      0x903 /home/fsw/rep/tasa/lib/bcc-2.2.3-gcc/bin/../lib/gcc/sparc-gaisler-elf/10.2.0/../../../../sparc-gaisler-elf/lib/leon3v7/flat/libc.a(lib_a-printf.o)
 .debug_info    0x0000000000004146      0x86d /home/fsw/rep/tasa/lib/bcc-2.2.3-gcc/bin/../lib/gcc/sparc-gaisler-elf/10.2.0/../../../../sparc-gaisler-elf/lib/leon3v7/flat/libc.a(lib_a-putchar.o)
 .debug_info    0x00000000000049b3      0xaf5 /home/fsw/rep/tasa/lib/bcc-2.2.3-gcc/bin/../lib/gcc/sparc-gaisler-elf/10.2.0/../../../../sparc-gaisler-elf/lib/leon3v7/flat/libc.a(lib_a-puts.o)
 .debug_info    0x00000000000054a8       0xee /home/fsw/rep/tasa/lib/bcc-2.2.3-gcc/bin/../lib/gcc/sparc-gaisler-elf/10.2.0/../../../../sparc-gaisler-elf/lib/leon3v7/flat/libc.a(lib_a-strlen.o)
 .debug_info    0x0000000000005596     0x1dde /home/fsw/rep/tasa/lib/bcc-2.2.3-gcc/bin/../lib/gcc/sparc-gaisler-elf/10.2.0/../../../../sparc-gaisler-elf/lib/leon3v7/flat/libc.a(lib_a-vfprintf.o)
 .debug_info    0x0000000000007374      0x8dd /home/fsw/rep/tasa/lib/bcc-2.2.3-gcc/bin/../lib/gcc/sparc-gaisler-elf/10.2.0/../../../../sparc-gaisler-elf/lib/leon3v7/flat/libc.a(lib_a-wsetup.o)
 .debug_info    0x0000000000007c51      0x264 /home/fsw/rep/tasa/lib/bcc-2.2.3-gcc/bin/../lib/gcc/sparc-gaisler-elf/10.2.0/../../../../sparc-gaisler-elf/lib/leon3v7/flat/libc.a(lib_a-__atexit.o)
 .debug_info    0x0000000000007eb5      0x28d /home/fsw/rep/tasa/lib/bcc-2.2.3-gcc/bin/../lib/gcc/sparc-gaisler-elf/10.2.0/../../../../sparc-gaisler-elf/lib/leon3v7/flat/libc.a(lib_a-__call_atexit.o)
 .debug_info    0x0000000000008142     0x1577 /home/fsw/rep/tasa/lib/bcc-2.2.3-gcc/bin/../lib/gcc/sparc-gaisler-elf/10.2.0/../../../../sparc-gaisler-elf/lib/leon3v7/flat/libc.a(lib_a-dtoa.o)
 .debug_info    0x00000000000096b9      0xae9 /home/fsw/rep/tasa/lib/bcc-2.2.3-gcc/bin/../lib/gcc/sparc-gaisler-elf/10.2.0/../../../../sparc-gaisler-elf/lib/leon3v7/flat/libc.a(lib_a-fflush.o)