Archive member included to satisfy reference by file (symbol)

/home/fsw/rep/tasa/lib/bcc-2.2.3-gcc/bin/../sparc-gaisler-elf/bsp/gr740/leon3/libbcc.a(reset_trap_mvt.S.o)
                              /home/fsw/rep/tasa/lib/bcc-2.2.3-gcc/bin/../sparc-gaisler-elf/bsp/gr740/leon3/trap_table_mvt.S.o (__bcc_trap_reset_mvt)
/home/fsw/rep/tasa/lib/bcc-2.2.3-gcc/bin/../sparc-gaisler-elf/bsp/gr740/leon3/libbcc.a(window_trap.S.o)
                              /home/fsw/rep/tasa/lib/bcc-2.2.3-gcc/bin/../sparc-gaisler-elf/bsp/gr740/leon3/trap_table_mvt.S.o (__bcc_trap_window_overflow)
/home/fsw/rep/tasa/lib/bcc-2.2.3-gcc/bin/../sparc-gaisler-elf/bsp/gr740/leon3/libbcc.a(interrupt_trap.S.o)
                              /home/fsw/rep/tasa/lib/bcc-2.2.3-gcc/bin/../sparc-gaisler-elf/bsp/gr740/leon3/trap_table_mvt.S.o (__bcc_trap_interrupt)
/home/fsw/rep/tasa/lib/bcc-2.2.3-gcc/bin/../sparc-gaisler-elf/bsp/gr740/leon3/libbcc.a(flush_windows_trap.S.o)
                              /home/fsw/rep/tasa/lib/bcc-2.2.3-gcc/bin/../sparc-gaisler-elf/bsp/gr740/leon3/trap_table_mvt.S.o (__bcc_trap_flush_windows)
/home/fsw/rep/tasa/lib/bcc-2.2.3-gcc/bin/../sparc-gaisler-elf/bsp/gr740/leon3/libbcc.a(sw_trap_set_pil.S.o)
                              /home/fsw/rep/tasa/lib/bcc-2.2.3-gcc/bin/../sparc-gaisler-elf/bsp/gr740/leon3/trap_table_mvt.S.o (__bcc_trap_sw_set_pil)
/home/fsw/rep/tasa/lib/bcc-2.2.3-gcc/bin/../sparc-gaisler-elf/bsp/gr740/leon3/libbcc.a(isr.c.o)
                              /home/fsw/rep/tasa/lib/bcc-2.2.3-gcc/bin/../sparc-gaisler-elf/bsp/gr740/leon3/libbcc.a(interrupt_trap.S.o) (__bcc_isr_list)
/home/fsw/rep/tasa/lib/bcc-2.2.3-gcc/bin/../sparc-gaisler-elf/bsp/gr740/leon3/libbcc.a(int_nest.c.o)
                              /home/fsw/rep/tasa/lib/bcc-2.2.3-gcc/bin/../sparc-gaisler-elf/bsp/gr740/leon3/libbcc.a(interrupt_trap.S.o) (__bcc_int_nest)
/home/fsw/rep/tasa/lib/bcc-2.2.3-gcc/bin/../sparc-gaisler-elf/bsp/gr740/leon3/libbcc.a(init.S.o)
                              /home/fsw/rep/tasa/lib/bcc-2.2.3-gcc/bin/../sparc-gaisler-elf/bsp/gr740/leon3/libbcc.a(reset_trap_mvt.S.o) (__bcc_init40)
/home/fsw/rep/tasa/lib/bcc-2.2.3-gcc/bin/../sparc-gaisler-elf/bsp/gr740/leon3/libbcc.a(leon_info.S.o)
                              /home/fsw/rep/tasa/lib/bcc-2.2.3-gcc/bin/../sparc-gaisler-elf/bsp/gr740/leon3/crt0.S.o (__bcc_get_leon_info)
/home/fsw/rep/tasa/lib/bcc-2.2.3-gcc/bin/../sparc-gaisler-elf/bsp/gr740/leon3/libbcc.a(dwzero.S.o)
                              /home/fsw/rep/tasa/lib/bcc-2.2.3-gcc/bin/../sparc-gaisler-elf/bsp/gr740/leon3/crt0.S.o (bcc_dwzero)
/home/fsw/rep/tasa/lib/bcc-2.2.3-gcc/bin/../sparc-gaisler-elf/bsp/gr740/leon3/libbcc.a(copy_data.c.o)
                              /home/fsw/rep/tasa/lib/bcc-2.2.3-gcc/bin/../sparc-gaisler-elf/bsp/gr740/leon3/crt0.S.o (__bcc_copy_data)
/home/fsw/rep/tasa/lib/bcc-2.2.3-gcc/bin/../sparc-gaisler-elf/bsp/gr740/leon3/libbcc.a(argv.c.o)
                              /home/fsw/rep/tasa/lib/bcc-2.2.3-gcc/bin/../sparc-gaisler-elf/bsp/gr740/leon3/crt0.S.o (__bcc_argvp)
/home/fsw/rep/tasa/lib/bcc-2.2.3-gcc/bin/../sparc-gaisler-elf/bsp/gr740/leon3/libbcc.a(int_irqmp_get_source.c.o)
                              /home/fsw/rep/tasa/lib/bcc-2.2.3-gcc/bin/../sparc-gaisler-elf/bsp/gr740/leon3/libbcc.a(interrupt_trap.S.o) (__bcc_int_get_source)
/home/fsw/rep/tasa/lib/bcc-2.2.3-gcc/bin/../sparc-gaisler-elf/bsp/gr740/leon3/libbcc.a(int_irqmp_mp.c.o)
                              /tmp/ccIGPOov.o (bcc_get_cpu_count)
/home/fsw/rep/tasa/lib/bcc-2.2.3-gcc/bin/../sparc-gaisler-elf/bsp/gr740/leon3/libbcc.a(int_irqmp_init.c.o)
                              /home/fsw/rep/tasa/lib/bcc-2.2.3-gcc/bin/../sparc-gaisler-elf/bsp/gr740/leon3/crt0.S.o (__bcc_int_init)
/home/fsw/rep/tasa/lib/bcc-2.2.3-gcc/bin/../sparc-gaisler-elf/bsp/gr740/leon3/libbcc.a(con_apbuart_init.c.o)
                              /home/fsw/rep/tasa/lib/bcc-2.2.3-gcc/bin/../sparc-gaisler-elf/bsp/gr740/leon3/crt0.S.o (__bcc_con_init)
/home/fsw/rep/tasa/lib/bcc-2.2.3-gcc/bin/../sparc-gaisler-elf/bsp/gr740/leon3/libbcc.a(timer_gptimer_init.c.o)
                              /home/fsw/rep/tasa/lib/bcc-2.2.3-gcc/bin/../sparc-gaisler-elf/bsp/gr740/leon3/crt0.S.o (__bcc_timer_init)
/home/fsw/rep/tasa/lib/bcc-2.2.3-gcc/bin/../sparc-gaisler-elf/bsp/gr740/leon3/libbcc.a(int_irqmp_handle.c.o)
                              /home/fsw/rep/tasa/lib/bcc-2.2.3-gcc/bin/../sparc-gaisler-elf/bsp/gr740/leon3/libbcc.a(int_irqmp_get_source.c.o) (__bcc_int_irqmp_eirq)
/home/fsw/rep/tasa/lib/bcc-2.2.3-gcc/bin/../lib/gcc/sparc-gaisler-elf/10.2.0/../../../../sparc-gaisler-elf/lib/leon3/libc.a(lib_a-atexit.o)
                              /home/fsw/rep/tasa/lib/bcc-2.2.3-gcc/bin/../sparc-gaisler-elf/bsp/gr740/leon3/crt0.S.o (atexit)
/home/fsw/rep/tasa/lib/bcc-2.2.3-gcc/bin/../lib/gcc/sparc-gaisler-elf/10.2.0/../../../../sparc-gaisler-elf/lib/leon3/libc.a(lib_a-exit.o)
[...]
Memory Configuration

Name             Origin             Length             Attributes
rom              0x00000000c0000000 0x0000000010000000
ram              0x0000000000000000 0x0000000080000000
*default*        0x0000000000000000 0xffffffffffffffff

Linker script and memory map

LOAD /home/fsw/rep/tasa/lib/bcc-2.2.3-gcc/bin/../sparc-gaisler-elf/bsp/gr740/leon3/trap_table_mvt.S.o
LOAD /home/fsw/rep/tasa/lib/bcc-2.2.3-gcc/bin/../sparc-gaisler-elf/bsp/gr740/leon3/crt0.S.o
LOAD /home/fsw/rep/tasa/lib/bcc-2.2.3-gcc/bin/../lib/gcc/sparc-gaisler-elf/10.2.0/leon3/crti.o
LOAD /home/fsw/rep/tasa/lib/bcc-2.2.3-gcc/bin/../lib/gcc/sparc-gaisler-elf/10.2.0/leon3/crtbegin.o
Address of section .text set to 0x1000
LOAD /tmp/ccIGPOov.o
                0x0000000000000000                PROVIDE (__bcc_cfg_skip_clear_bss = 0x0)

.text           0x0000000000001000     0xdfb0
 CREATE_OBJECT_SYMBOLS
                0x0000000000001000                __text_start = .
                0x0000000000001000                . = ALIGN (0x1000)
 *(.text.traptable)
 .text.traptable
                0x0000000000001000     0x1000 /home/fsw/rep/tasa/lib/bcc-2.2.3-gcc/bin/../sparc-gaisler-elf/bsp/gr740/leon3/trap_table_mvt.S.o
                0x0000000000001000                __bcc_trap_table
                0x0000000000001000                __bcc_entry_point
 *(.text .text.*)
 .text          0x0000000000002000        0x0 /home/fsw/rep/tasa/lib/bcc-2.2.3-gcc/bin/../sparc-gaisler-elf/bsp/gr740/leon3/trap_table_mvt.S.o
 .text          0x0000000000002000       0xc8 /home/fsw/rep/tasa/lib/bcc-2.2.3-gcc/bin/../sparc-gaisler-elf/bsp/gr740/leon3/crt0.S.o
                0x0000000000002000                __bcc_crt0
 .text          0x00000000000020c8        0x0 /home/fsw/rep/tasa/lib/bcc-2.2.3-gcc/bin/../lib/gcc/sparc-gaisler-elf/10.2.0/leon3/crti.o
 .text          0x00000000000020c8      0x180 /home/fsw/rep/tasa/lib/bcc-2.2.3-gcc/bin/../lib/gcc/sparc-gaisler-elf/10.2.0/leon3/crtbegin.o
 .text          0x0000000000002248        0x0 /tmp/ccIGPOov.o
 .text.startup  0x0000000000002248      0x1a4 /tmp/ccIGPOov.o
                0x0000000000002248                main
 .text          0x00000000000023ec       0x90 /home/fsw/rep/tasa/lib/bcc-2.2.3-gcc/bin/../sparc-gaisler-elf/bsp/gr740/leon3/libbcc.a(reset_trap_mvt.S.o)
                0x00000000000023ec                __bcc_trap_reset_mvt
 .text          0x000000000000247c       0xb0 /home/fsw/rep/tasa/lib/bcc-2.2.3-gcc/bin/../sparc-gaisler-elf/bsp/gr740/leon3/libbcc.a(window_trap.S.o)
                0x000000000000247c                __bcc_trap_window_overflow
                0x00000000000024cc                __bcc_trap_window_underflow
 .text          0x000000000000252c      0x1b0 /home/fsw/rep/tasa/lib/bcc-2.2.3-gcc/bin/../sparc-gaisler-elf/bsp/gr740/leon3/libbcc.a(interrupt_trap.S.o)
                0x000000000000252c                __bcc_trap_interrupt_svt
                0x0000000000002530                __bcc_trap_interrupt
 .text          0x00000000000026dc       0x88 /home/fsw/rep/tasa/lib/bcc-2.2.3-gcc/bin/../sparc-gaisler-elf/bsp/gr740/leon3/libbcc.a(flush_windows_trap.S.o)
                0x00000000000026dc                __bcc_trap_flush_windows
 .text          0x0000000000002764       0x2c /home/fsw/rep/tasa/lib/bcc-2.2.3-gcc/bin/../sparc-gaisler-elf/bsp/gr740/leon3/libbcc.a(sw_trap_set_pil.S.o)
                0x0000000000002764                __bcc_trap_sw_set_pil
 .text          0x0000000000002790        0x0 /home/fsw/rep/tasa/lib/bcc-2.2.3-gcc/bin/../sparc-gaisler-elf/bsp/gr740/leon3/libbcc.a(isr.c.o)
 .text          0x0000000000002790        0x0 /home/fsw/rep/tasa/lib/bcc-2.2.3-gcc/bin/../sparc-gaisler-elf/bsp/gr740/leon3/libbcc.a(int_nest.c.o)
 .text          0x0000000000002790        0x8 /home/fsw/rep/tasa/lib/bcc-2.2.3-gcc/bin/../sparc-gaisler-elf/bsp/gr740/leon3/libbcc.a(init.S.o)
                0x0000000000002790                __bcc_init50
                0x0000000000002790                __bcc_init40
                0x0000000000002790                __bcc_init70
                0x0000000000002790                __bcc_init60
 .text          0x0000000000002798       0x98 /home/fsw/rep/tasa/lib/bcc-2.2.3-gcc/bin/../sparc-gaisler-elf/bsp/gr740/leon3/libbcc.a(leon_info.S.o)
                0x0000000000002798                __bcc_get_leon_info
                0x0000000000002820                bcc_get_cpuid
 .text          0x0000000000002830       0x2c /home/fsw/rep/tasa/lib/bcc-2.2.3-gcc/bin/../sparc-gaisler-elf/bsp/gr740/leon3/libbcc.a(dwzero.S.o)
                0x0000000000002830                bcc_dwzero
 .text          0x000000000000285c       0x5c /home/fsw/rep/tasa/lib/bcc-2.2.3-gcc/bin/../sparc-gaisler-elf/bsp/gr740/leon3/libbcc.a(copy_data.c.o)
                0x000000000000285c                __bcc_copy_data
 .text          0x00000000000028b8        0x0 /home/fsw/rep/tasa/lib/bcc-2.2.3-gcc/bin/../sparc-gaisler-elf/bsp/gr740/leon3/libbcc.a(argv.c.o)
 .text          0x00000000000028b8       0x48 /home/fsw/rep/tasa/lib/bcc-2.2.3-gcc/bin/../sparc-gaisler-elf/bsp/gr740/leon3/libbcc.a(int_irqmp_get_source.c.o)
                0x00000000000028b8                __bcc_int_get_source
 .text          0x0000000000002900       0x9c /home/fsw/rep/tasa/lib/bcc-2.2.3-gcc/bin/../sparc-gaisler-elf/bsp/gr740/leon3/libbcc.a(int_irqmp_mp.c.o)
                0x0000000000002900                bcc_send_interrupt
                0x000000000000293c                bcc_get_cpu_count
                0x0000000000002968                bcc_start_processor
 .text          0x000000000000299c        0x8 /home/fsw/rep/tasa/lib/bcc-2.2.3-gcc/bin/../sparc-gaisler-elf/bsp/gr740/leon3/libbcc.a(int_irqmp_init.c.o)
                0x000000000000299c                __bcc_int_init
 .text          0x00000000000029a4        0x8 /home/fsw/rep/tasa/lib/bcc-2.2.3-gcc/bin/../sparc-gaisler-elf/bsp/gr740/leon3/libbcc.a(con_apbuart_init.c.o)
                0x00000000000029a4                __bcc_con_init
 .text          0x00000000000029ac        0x8 /home/fsw/rep/tasa/lib/bcc-2.2.3-gcc/bin/../sparc-gaisler-elf/bsp/gr740/leon3/libbcc.a(timer_gptimer_init.c.o)
                0x00000000000029ac                __bcc_timer_init
 .text          0x00000000000029b4        0x0 /home/fsw/rep/tasa/lib/bcc-2.2.3-gcc/bin/../sparc-gaisler-elf/bsp/gr740/leon3/libbcc.a(int_irqmp_handle.c.o)
 .text          0x00000000000029b4       0x1c /home/fsw/rep/tasa/lib/bcc-2.2.3-gcc/bin/../lib/gcc/sparc-gaisler-elf/10.2.0/../../../../sparc-gaisler-elf/lib/leon3/libc.a(lib_a-atexit.o)
                0x00000000000029b4                atexit
 .text          0x00000000000029d0       0x3c /home/fsw/rep/tasa/lib/bcc-2.2.3-gcc/bin/../lib/gcc/sparc-gaisler-elf/10.2.0/../../../../sparc-gaisler-elf/lib/leon3/libc.a(lib_a-exit.o)
                0x00000000000029d0                exit
 .text          0x0000000000002a0c        0x0 /home/fsw/rep/tasa/lib/bcc-2.2.3-gcc/bin/../lib/gcc/sparc-gaisler-elf/10.2.0/../../../../sparc-gaisler-elf/lib/leon3/libc.a(lib_a-impure.o)
 .text          0x0000000000002a0c       0xf4 /home/fsw/rep/tasa/lib/bcc-2.2.3-gcc/bin/../lib/gcc/sparc-gaisler-elf/10.2.0/../../../../sparc-gaisler-elf/lib/leon3/libc.a(lib_a-printf.o)
                0x0000000000002a0c                _printf_r
                0x0000000000002a80                printf
 .text          0x0000000000002b00       0x88 /home/fsw/rep/tasa/lib/bcc-2.2.3-gcc/bin/../lib/gcc/sparc-gaisler-elf/10.2.0/../../../../sparc-gaisler-elf/lib/leon3/libc.a(lib_a-putchar.o)
                0x0000000000002b00                _putchar_r
                0x0000000000002b40                putchar
 .text          0x0000000000002b88      0x250 /home/fsw/rep/tasa/lib/bcc-2.2.3-gcc/bin/../lib/gcc/sparc-gaisler-elf/10.2.0/../../../../sparc-gaisler-elf/lib/leon3/libc.a(lib_a-puts.o)
                0x0000000000002b88                _puts_r
                0x0000000000002cac                puts
 .text          0x0000000000002dd8       0xa8 /home/fsw/rep/tasa/lib/bcc-2.2.3-gcc/bin/../lib/gcc/sparc-gaisler-elf/10.2.0/../../../../sparc-gaisler-elf/lib/leon3/libc.a(lib_a-strlen.o)
                0x0000000000002dd8                strlen
 .text          0x0000000000002e80     0x2ce8 /home/fsw/rep/tasa/lib/bcc-2.2.3-gcc/bin/../lib/gcc/sparc-gaisler-elf/10.2.0/../../../../sparc-gaisler-elf/lib/leon3/libc.a(lib_a-vfprintf.o)
                0x0000000000002fec                _vfprintf_r
                0x0000000000005a9c                vfprintf
 .text          0x0000000000005b68      0x1c4 /home/fsw/rep/tasa/lib/bcc-2.2.3-gcc/bin/../lib/gcc/sparc-gaisler-elf/10.2.0/../../../../sparc-gaisler-elf/lib/leon3/libc.a(lib_a-wsetup.o)
                0x0000000000005b68                __swsetup_r
 .text          0x0000000000005d2c      0x158 /home/fsw/rep/tasa/lib/bcc-2.2.3-gcc/bin/../lib/gcc/sparc-gaisler-elf/10.2.0/../../../../sparc-gaisler-elf/lib/leon3/libc.a(lib_a-__atexit.o)
                0x0000000000005d2c                __register_exitproc
 .text          0x0000000000005e84      0x2b8 /home/fsw/rep/tasa/lib/bcc-2.2.3-gcc/bin/../lib/gcc/sparc-gaisler-elf/10.2.0/../../../../sparc-gaisler-elf/lib/leon3/libc.a(lib_a-__call_atexit.o)
                0x0000000000005e84                __call_exitprocs
 .text          0x000000000000613c     0x14e4 /home/fsw/rep/tasa/lib/bcc-2.2.3-gcc/bin/../lib/gcc/sparc-gaisler-elf/10.2.0/../../../../sparc-gaisler-elf/lib/leon3/libc.a(lib_a-dtoa.o)
                0x0000000000006338                _dtoa_r
 .text          0x0000000000007620      0x3e0 /home/fsw/rep/tasa/lib/bcc-2.2.3-gcc/bin/../lib/gcc/sparc-gaisler-elf/10.2.0/../../../../sparc-gaisler-elf/lib/leon3/libc.a(lib_a-fflush.o)
                0x0000000000007620                __sflush_r
                0x0000000000007880                _fflush_r
                0x0000000000007920                fflush
 .text          0x0000000000007a00      0x328 /home/fsw/rep/tasa/lib/bcc-2.2.3-gcc/bin/../lib/gcc/sparc-gaisler-elf/10.2.0/../../../../sparc-gaisler-elf/lib/leon3/libc.a(lib_a-findfp.o)
                0x0000000000007a00                _cleanup_r
                0x0000000000007a14                __sfmoreglue
                0x0000000000007a58                __sfp
                0x0000000000007ce8                _cleanup
                0x0000000000007d04                __sinit
 .text          0x0000000000007d28      0x3fc /home/fsw/rep/tasa/lib/bcc-2.2.3-gcc/bin/../lib/gcc/sparc-gaisler-elf/10.2.0/../../../../sparc-gaisler-elf/lib/leon3/libc.a(lib_a-freer.o)
                0x0000000000007d28                _malloc_trim_r
                0x0000000000007e18                _free_r
 .text          0x0000000000008124      0x4f8 /home/fsw/rep/tasa/lib/bcc-2.2.3-gcc/bin/../lib/gcc/sparc-gaisler-elf/10.2.0/../../../../sparc-gaisler-elf/lib/leon3/libc.a(lib_a-fvwrite.o)
                0x0000000000008124                __sfvwrite_r
 .text          0x000000000000861c       0xe0 /home/fsw/rep/tasa/lib/bcc-2.2.3-gcc/bin/../lib/gcc/sparc-gaisler-elf/10.2.0/../../../../sparc-gaisler-elf/lib/leon3/libc.a(lib_a-fwalk.o)
                0x000000000000861c                _fwalk
                0x000000000000868c                _fwalk_reent
 .text          0x00000000000086fc       0x60 /home/fsw/rep/tasa/lib/bcc-2.2.3-gcc/bin/../lib/gcc/sparc-gaisler-elf/10.2.0/../../../../sparc-gaisler-elf/lib/leon3/libc.a(lib_a-localeconv.o)
                0x00000000000086fc                __localeconv_l
                0x0000000000008704                _localeconv_r
                0x0000000000008730                localeconv
 .text          0x000000000000875c      0x1e8 /home/fsw/rep/tasa/lib/bcc-2.2.3-gcc/bin/../lib/gcc/sparc-gaisler-elf/10.2.0/../../../../sparc-gaisler-elf/lib/leon3/libc.a(lib_a-makebuf.o)
                0x000000000000875c                __smakebuf_r
                0x00000000000088c0                __swhatbuf_r
 .text          0x0000000000008944       0x30 /home/fsw/rep/tasa/lib/bcc-2.2.3-gcc/bin/../lib/gcc/sparc-gaisler-elf/10.2.0/../../../../sparc-gaisler-elf/lib/leon3/libc.a(lib_a-malloc.o)
                0x0000000000008944                malloc
                0x000000000000895c                free
 .text          0x0000000000008974      0x7d8 /home/fsw/rep/tasa/lib/bcc-2.2.3-gcc/bin/../lib/gcc/sparc-gaisler-elf/10.2.0/../../../../sparc-gaisler-elf/lib/leon3/libc.a(lib_a-mallocr.o)
                0x0000000000008974                _malloc_r
 .text          0x000000000000914c       0xf8 /home/fsw/rep/tasa/lib/bcc-2.2.3-gcc/bin/../lib/gcc/sparc-gaisler-elf/10.2.0/../../../../sparc-gaisler-elf/lib/leon3/libc.a(lib_a-memchr.o)
                0x000000000000914c                memchr
 .text          0x0000000000009244      0x1ac /home/fsw/rep/tasa/lib/bcc-2.2.3-gcc/bin/../lib/gcc/sparc-gaisler-elf/10.2.0/../../../../sparc-gaisler-elf/lib/leon3/libc.a(lib_a-memcpy.o)
                0x0000000000009244                memcpy
 .text          0x00000000000093f0      0x1f8 /home/fsw/rep/tasa/lib/bcc-2.2.3-gcc/bin/../lib/gcc/sparc-gaisler-elf/10.2.0/../../../../sparc-gaisler-elf/lib/leon3/libc.a(lib_a-memmove.o)
                0x00000000000093f0                memmove
 .text          0x00000000000095e8      0x120 /home/fsw/rep/tasa/lib/bcc-2.2.3-gcc/bin/../lib/gcc/sparc-gaisler-elf/10.2.0/../../../../sparc-gaisler-elf/lib/leon3/libc.a(lib_a-memset.o)
                0x00000000000095e8                memset
 .text          0x0000000000009708       0x10 /home/fsw/rep/tasa/lib/bcc-2.2.3-gcc/bin/../lib/gcc/sparc-gaisler-elf/10.2.0/../../../../sparc-gaisler-elf/lib/leon3/libc.a(lib_a-mlock.o)
                0x0000000000009708                __malloc_lock
                0x0000000000009710                __malloc_unlock
 .text          0x0000000000009718     0x16e8 /home/fsw/rep/tasa/lib/bcc-2.2.3-gcc/bin/../lib/gcc/sparc-gaisler-elf/10.2.0/../../../../sparc-gaisler-elf/lib/leon3/libc.a(lib_a-mprec.o)
                0x0000000000009718                _Balloc
                0x00000000000097e8                _Bfree
                0x0000000000009848                __multadd
                0x0000000000009958                __s2b
                0x0000000000009a44                __hi0bits
                0x0000000000009ad4                __lo0bits
                0x0000000000009bb0                __i2b
                0x0000000000009c90                __multiply
                0x0000000000009ec8                __pow5mult
                0x000000000000a054                __lshift
                0x000000000000a218                __mcmp
                0x000000000000a280                __mdiff
                0x000000000000a4a0                __ulp
                0x000000000000a530                __b2d
                0x000000000000a6d4                __d2b
                0x000000000000aaa0                __ratio
                0x000000000000acb8                _mprec_log10
                0x000000000000acf8                __copybits
                0x000000000000ad7c                __any_on
 .text          0x000000000000ae00      0x1c4 /home/fsw/rep/tasa/lib/bcc-2.2.3-gcc/bin/../lib/gcc/sparc-gaisler-elf/10.2.0/../../../../sparc-gaisler-elf/lib/leon3/libc.a(lib_a-putc.o)
                0x000000000000ae00                _putc_r
                0x000000000000aed8                putc
 .text          0x000000000000afc4      0x528 /home/fsw/rep/tasa/lib/bcc-2.2.3-gcc/bin/../lib/gcc/sparc-gaisler-elf/10.2.0/../../../../sparc-gaisler-elf/lib/leon3/libc.a(lib_a-reallocr.o)
                0x000000000000afc4                _realloc_r
 .text          0x000000000000b4ec       0x98 /home/fsw/rep/tasa/lib/bcc-2.2.3-gcc/bin/../lib/gcc/sparc-gaisler-elf/10.2.0/../../../../sparc-gaisler-elf/lib/leon3/libc.a(lib_a-s_frexp.o)
                0x000000000000b4ec                frexp
 .text          0x000000000000b584       0x40 /home/fsw/rep/tasa/lib/bcc-2.2.3-gcc/bin/../lib/gcc/sparc-gaisler-elf/10.2.0/../../../../sparc-gaisler-elf/lib/leon3/libc.a(lib_a-sbrkr.o)
                0x000000000000b584                _sbrk_r
 .text          0x000000000000b5c4      0x118 /home/fsw/rep/tasa/lib/bcc-2.2.3-gcc/bin/../lib/gcc/sparc-gaisler-elf/10.2.0/../../../../sparc-gaisler-elf/lib/leon3/libc.a(lib_a-stdio.o)
                0x000000000000b5c4                __sread
                0x000000000000b610                __seofread
                0x000000000000b618                __swrite
                0x000000000000b674                __sseek
                0x000000000000b6cc                __sclose
 .text          0x000000000000b6dc      0x1ac /home/fsw/rep/tasa/lib/bcc-2.2.3-gcc/bin/../lib/gcc/sparc-gaisler-elf/10.2.0/../../../../sparc-gaisler-elf/lib/leon3/libc.a(lib_a-strncpy.o)
                0x000000000000b6dc                strncpy
 .text          0x000000000000b888     0x1e48 /home/fsw/rep/tasa/lib/bcc-2.2.3-gcc/bin/../lib/gcc/sparc-gaisler-elf/10.2.0/../../../../sparc-gaisler-elf/lib/leon3/libc.a(lib_a-vfiprintf.o)
                0x000000000000b9f4                __sprint_r
                0x000000000000bac0                _vfiprintf_r
                0x000000000000d604                vfiprintf
 .text          0x000000000000d6d0      0x354 /home/fsw/rep/tasa/lib/bcc-2.2.3-gcc/bin/../lib/gcc/sparc-gaisler-elf/10.2.0/../../../../sparc-gaisler-elf/lib/leon3/libc.a(lib_a-wbuf.o)
                0x000000000000d6d0                __swbuf_r
                0x000000000000d874                __swbuf
 .text          0x000000000000da24       0x48 /home/fsw/rep/tasa/lib/bcc-2.2.3-gcc/bin/../lib/gcc/sparc-gaisler-elf/10.2.0/../../../../sparc-gaisler-elf/lib/leon3/libc.a(lib_a-writer.o)
                0x000000000000da24                _write_r
 .text          0x000000000000da6c       0x98 /home/fsw/rep/tasa/lib/bcc-2.2.3-gcc/bin/../lib/gcc/sparc-gaisler-elf/10.2.0/../../../../sparc-gaisler-elf/lib/leon3/libc.a(lib_a-callocr.o)
                0x000000000000da6c                _calloc_r
 .text          0x000000000000db04       0x40 /home/fsw/rep/tasa/lib/bcc-2.2.3-gcc/bin/../lib/gcc/sparc-gaisler-elf/10.2.0/../../../../sparc-gaisler-elf/lib/leon3/libc.a(lib_a-closer.o)
                0x000000000000db04                _close_r
 .text          0x000000000000db44      0x294 /home/fsw/rep/tasa/lib/bcc-2.2.3-gcc/bin/../lib/gcc/sparc-gaisler-elf/10.2.0/../../../../sparc-gaisler-elf/lib/leon3/libc.a(lib_a-fclose.o)
                0x000000000000db44                _fclose_r
                0x000000000000dc8c                fclose
 .text          0x000000000000ddd8      0x1d4 /home/fsw/rep/tasa/lib/bcc-2.2.3-gcc/bin/../lib/gcc/sparc-gaisler-elf/10.2.0/../../../../sparc-gaisler-elf/lib/leon3/libc.a(lib_a-fputwc.o)
                0x000000000000ddd8                __fputwc
                0x000000000000dec0                _fputwc_r
                0x000000000000def0                fputwc
 .text          0x000000000000dfac       0x44 /home/fsw/rep/tasa/lib/bcc-2.2.3-gcc/bin/../lib/gcc/sparc-gaisler-elf/10.2.0/../../../../sparc-gaisler-elf/lib/leon3/libc.a(lib_a-fstatr.o)
                0x000000000000dfac                _fstat_r
 .text          0x000000000000dff0       0x40 /home/fsw/rep/tasa/lib/bcc-2.2.3-gcc/bin/../lib/gcc/sparc-gaisler-elf/10.2.0/../../../../sparc-gaisler-elf/lib/leon3/libc.a(lib_a-isattyr.o)
                0x000000000000dff0                _isatty_r
 .text          0x000000000000e030      0x148 /home/fsw/rep/tasa/lib/bcc-2.2.3-gcc/bin/../lib/gcc/sparc-gaisler-elf/10.2.0/../../../../sparc-gaisler-elf/lib/leon3/libc.a(lib_a-locale.o)
                0x000000000000e030                _setlocale_r
                0x000000000000e0a4                __locale_mb_cur_max
                0x000000000000e0d0                __locale_ctype_ptr_l
                0x000000000000e0d8                __locale_ctype_ptr
                0x000000000000e104                setlocale
 .text          0x000000000000e178       0x48 /home/fsw/rep/tasa/lib/bcc-2.2.3-gcc/bin/../lib/gcc/sparc-gaisler-elf/10.2.0/../../../../sparc-gaisler-elf/lib/leon3/libc.a(lib_a-lseekr.o)
                0x000000000000e178                _lseek_r
 .text          0x000000000000e1c0       0xb8 /home/fsw/rep/tasa/lib/bcc-2.2.3-gcc/bin/../lib/gcc/sparc-gaisler-elf/10.2.0/../../../../sparc-gaisler-elf/lib/leon3/libc.a(lib_a-mbtowc_r.o)
                0x000000000000e1c0                _mbtowc_r
                0x000000000000e224                __ascii_mbtowc
 .text          0x000000000000e278       0x48 /home/fsw/rep/tasa/lib/bcc-2.2.3-gcc/bin/../lib/gcc/sparc-gaisler-elf/10.2.0/../../../../sparc-gaisler-elf/lib/leon3/libc.a(lib_a-readr.o)
                0x000000000000e278                _read_r
 .text          0x000000000000e2c0      0x31c /home/fsw/rep/tasa/lib/bcc-2.2.3-gcc/bin/../lib/gcc/sparc-gaisler-elf/10.2.0/../../../../sparc-gaisler-elf/lib/leon3/libc.a(lib_a-reent.o)
                0x000000000000e2c0                cleanup_glue
                0x000000000000e338                _reclaim_reent
 .text          0x000000000000e5dc       0xc8 /home/fsw/rep/tasa/lib/bcc-2.2.3-gcc/bin/../lib/gcc/sparc-gaisler-elf/10.2.0/../../../../sparc-gaisler-elf/lib/leon3/libc.a(lib_a-strcmp.o)
                0x000000000000e5dc                strcmp
 .text          0x000000000000e6a4      0x144 /home/fsw/rep/tasa/lib/bcc-2.2.3-gcc/bin/../lib/gcc/sparc-gaisler-elf/10.2.0/../../../../sparc-gaisler-elf/lib/leon3/libc.a(lib_a-wcrtomb.o)
                0x000000000000e6a4                _wcrtomb_r
                0x000000000000e748                wcrtomb
 .text          0x000000000000e7e8       0x9c /home/fsw/rep/tasa/lib/bcc-2.2.3-gcc/bin/../lib/gcc/sparc-gaisler-elf/10.2.0/../../../../sparc-gaisler-elf/lib/leon3/libc.a(lib_a-wctomb_r.o)
                0x000000000000e7e8                _wctomb_r
                0x000000000000e844                __ascii_wctomb
 .text          0x000000000000e884        0x0 /home/fsw/rep/tasa/lib/bcc-2.2.3-gcc/bin/../lib/gcc/sparc-gaisler-elf/10.2.0/../../../../sparc-gaisler-elf/lib/leon3/libc.a(lib_a-ctype_.o)
 .text          0x000000000000e884       0x10 /home/fsw/rep/tasa/lib/bcc-2.2.3-gcc/bin/../sparc-gaisler-elf/bsp/gr740/leon3/libbcc.a(_exit.S.o)
                0x000000000000e884                _exit
 .text          0x000000000000e894       0x4c /home/fsw/rep/tasa/lib/bcc-2.2.3-gcc/bin/../sparc-gaisler-elf/bsp/gr740/leon3/libbcc.a(read.c.o)
                0x000000000000e894                read
 .text          0x000000000000e8e0       0xb0 /home/fsw/rep/tasa/lib/bcc-2.2.3-gcc/bin/../sparc-gaisler-elf/bsp/gr740/leon3/libbcc.a(sbrk.c.o)
                0x000000000000e8e0                sbrk
 .text          0x000000000000e990        0x0 /home/fsw/rep/tasa/lib/bcc-2.2.3-gcc/bin/../sparc-gaisler-elf/bsp/gr740/leon3/libbcc.a(heap.c.o)
 .text          0x000000000000e990       0x64 /home/fsw/rep/tasa/lib/bcc-2.2.3-gcc/bin/../sparc-gaisler-elf/bsp/gr740/leon3/libbcc.a(write.c.o)
                0x000000000000e990                write
 .text          0x000000000000e9f4       0x20 /home/fsw/rep/tasa/lib/bcc-2.2.3-gcc/bin/../sparc-gaisler-elf/bsp/gr740/leon3/libbcc.a(stubs.S.o)
                0x000000000000e9f4                execve
                0x000000000000e9f4                lseek
                0x000000000000e9f4                fstat
                0x000000000000e9f4                kill
                0x000000000000e9f4                wait
                0x000000000000e9f4                unlink
                0x000000000000e9f4                fork
                0x000000000000e9f4                stat
                0x000000000000e9f4                link
                0x000000000000e9f4                open
                0x000000000000e9f4                close
                0x000000000000ea0c                getpid
                0x000000000000ea0c                isatty
 .text          0x000000000000ea14       0xc4 /home/fsw/rep/tasa/lib/bcc-2.2.3-gcc/bin/../sparc-gaisler-elf/bsp/gr740/leon3/libbcc.a(con_apbuart.c.o)
                0x000000000000ea14                __bcc_con_outbyte
                0x000000000000eaa4                __bcc_con_inbyte
 .text          0x000000000000ead8        0x0 /home/fsw/rep/tasa/lib/bcc-2.2.3-gcc/bin/../sparc-gaisler-elf/bsp/gr740/leon3/libbcc.a(con_handle.c.o)
 .text          0x000000000000ead8      0x1d0 /home/fsw/rep/tasa/lib/bcc-2.2.3-gcc/bin/../lib/gcc/sparc-gaisler-elf/10.2.0/leon3/libgcc.a(_udivdi3.o)
                0x000000000000ead8                __udivdi3
 .text          0x000000000000eca8      0x1fc /home/fsw/rep/tasa/lib/bcc-2.2.3-gcc/bin/../lib/gcc/sparc-gaisler-elf/10.2.0/leon3/libgcc.a(_umoddi3.o)
                0x000000000000eca8                __umoddi3
 .text          0x000000000000eea4        0x0 /home/fsw/rep/tasa/lib/bcc-2.2.3-gcc/bin/../lib/gcc/sparc-gaisler-elf/10.2.0/leon3/libgcc.a(_clz.o)
 .text          0x000000000000eea4       0x48 /home/fsw/rep/tasa/lib/bcc-2.2.3-gcc/bin/../lib/gcc/sparc-gaisler-elf/10.2.0/leon3/crtend.o
 .text          0x000000000000eeec        0x0 /home/fsw/rep/tasa/lib/bcc-2.2.3-gcc/bin/../lib/gcc/sparc-gaisler-elf/10.2.0/leon3/crtn.o
                0x000000000000eef0                . = ALIGN (0x10)
 *fill*         0x000000000000eeec        0x4 
 *(.eh_frame)
 .eh_frame      0x000000000000eef0        0x0 /home/fsw/rep/tasa/lib/bcc-2.2.3-gcc/bin/../lib/gcc/sparc-gaisler-elf/10.2.0/leon3/crtbegin.o
 .eh_frame      0x000000000000eef0       0x28 /home/fsw/rep/tasa/lib/bcc-2.2.3-gcc/bin/../lib/gcc/sparc-gaisler-elf/10.2.0/leon3/libgcc.a(_udivdi3.o)
 .eh_frame      0x000000000000ef18       0x2c /home/fsw/rep/tasa/lib/bcc-2.2.3-gcc/bin/../lib/gcc/sparc-gaisler-elf/10.2.0/leon3/libgcc.a(_umoddi3.o)
 .eh_frame      0x000000000000ef44        0x4 /home/fsw/rep/tasa/lib/bcc-2.2.3-gcc/bin/../lib/gcc/sparc-gaisler-elf/10.2.0/leon3/crtend.o
                0x000000000000ef50                . = ALIGN (0x10)
 *fill*         0x000000000000ef48        0x8 
 *(.gnu.linkonce.t*)
                0x000000000000ef50                ___CTOR_LIST__ = .
                0x000000000000ef50        0x4 LONG 0x2 (((___CTOR_END__ - ___CTOR_LIST__) / 0x4) - 0x2)
 *(SORT_BY_NAME(.ctors.*))
 *(.ctors)
 .ctors         0x000000000000ef54        0x4 /home/fsw/rep/tasa/lib/bcc-2.2.3-gcc/bin/../lib/gcc/sparc-gaisler-elf/10.2.0/leon3/crtbegin.o
 .ctors         0x000000000000ef58        0x4 /home/fsw/rep/tasa/lib/bcc-2.2.3-gcc/bin/../lib/gcc/sparc-gaisler-elf/10.2.0/leon3/crtend.o
                0x000000000000ef5c        0x4 LONG 0x0
                0x000000000000ef60                ___CTOR_END__ = .
                0x000000000000ef60                ___DTOR_LIST__ = .
                0x000000000000ef60        0x4 LONG 0x2 (((___DTOR_END__ - ___DTOR_LIST__) / 0x4) - 0x2)
 *(SORT_BY_NAME(.dtors.*))
 *(.dtors)
 .dtors         0x000000000000ef64        0x4 /home/fsw/rep/tasa/lib/bcc-2.2.3-gcc/bin/../lib/gcc/sparc-gaisler-elf/10.2.0/leon3/crtbegin.o
 .dtors         0x000000000000ef68        0x4 /home/fsw/rep/tasa/lib/bcc-2.2.3-gcc/bin/../lib/gcc/sparc-gaisler-elf/10.2.0/leon3/crtend.o
                0x000000000000ef68                __DTOR_END__
                0x000000000000ef6c        0x4 LONG 0x0
                0x000000000000ef70                ___DTOR_END__ = .
 *(.gnu.linkonce*)
 *(.init)
 .init          0x000000000000ef70        0x4 /home/fsw/rep/tasa/lib/bcc-2.2.3-gcc/bin/../lib/gcc/sparc-gaisler-elf/10.2.0/leon3/crti.o
                0x000000000000ef70                _init
 .init          0x000000000000ef74        0x8 /home/fsw/rep/tasa/lib/bcc-2.2.3-gcc/bin/../lib/gcc/sparc-gaisler-elf/10.2.0/leon3/crtbegin.o
 .init          0x000000000000ef7c        0x8 /home/fsw/rep/tasa/lib/bcc-2.2.3-gcc/bin/../lib/gcc/sparc-gaisler-elf/10.2.0/leon3/crtend.o
 .init          0x000000000000ef84        0xc /home/fsw/rep/tasa/lib/bcc-2.2.3-gcc/bin/../lib/gcc/sparc-gaisler-elf/10.2.0/leon3/crtn.o
 *(.fini)
 .fini          0x000000000000ef90        0x4 /home/fsw/rep/tasa/lib/bcc-2.2.3-gcc/bin/../lib/gcc/sparc-gaisler-elf/10.2.0/leon3/crti.o
                0x000000000000ef90                _fini
 .fini          0x000000000000ef94        0x8 /home/fsw/rep/tasa/lib/bcc-2.2.3-gcc/bin/../lib/gcc/sparc-gaisler-elf/10.2.0/leon3/crtbegin.o
 .fini          0x000000000000ef9c        0xc /home/fsw/rep/tasa/lib/bcc-2.2.3-gcc/bin/../lib/gcc/sparc-gaisler-elf/10.2.0/leon3/crtn.o
 *(.lit)
 *(.shdata)
                0x000000000000efb0                . = ALIGN (0x10)
 *fill*         0x000000000000efa8        0x8 
                0x000000000000efb0                __text_end = .

.gcc_except_table
 *(.gcc_except_table.*)

.rodata         0x000000000000efb0      0x770
                0x000000000000efb0                __rodata_start = .
 *(.rodata*)
 .rodata.str1.8
                0x000000000000efb0       0xff /tmp/ccIGPOov.o
 *fill*         0x000000000000f0af        0x1 
 .rodata        0x000000000000f0b0        0x5 /tmp/ccIGPOov.o
 *fill*         0x000000000000f0b5        0x3 
 .rodata        0x000000000000f0b8        0x4 /home/fsw/rep/tasa/lib/bcc-2.2.3-gcc/bin/../lib/gcc/sparc-gaisler-elf/10.2.0/../../../../sparc-gaisler-elf/lib/leon3/libc.a(lib_a-impure.o)
                0x000000000000f0b8                _global_impure_ptr
 *fill*         0x000000000000f0bc        0x4 
 .rodata.str1.8
                0x000000000000f0c0        0x2 /home/fsw/rep/tasa/lib/bcc-2.2.3-gcc/bin/../lib/gcc/sparc-gaisler-elf/10.2.0/../../../../sparc-gaisler-elf/lib/leon3/libc.a(lib_a-puts.o)
 *fill*         0x000000000000f0c2        0x6 
 .rodata.str1.8
                0x000000000000f0c8       0x5a /home/fsw/rep/tasa/lib/bcc-2.2.3-gcc/bin/../lib/gcc/sparc-gaisler-elf/10.2.0/../../../../sparc-gaisler-elf/lib/leon3/libc.a(lib_a-vfprintf.o)
 *fill*         0x000000000000f122        0x6 
 .rodata.cst8   0x000000000000f128       0x28 /home/fsw/rep/tasa/lib/bcc-2.2.3-gcc/bin/../lib/gcc/sparc-gaisler-elf/10.2.0/../../../../sparc-gaisler-elf/lib/leon3/libc.a(lib_a-vfprintf.o)
 .rodata        0x000000000000f150       0x20 /home/fsw/rep/tasa/lib/bcc-2.2.3-gcc/bin/../lib/gcc/sparc-gaisler-elf/10.2.0/../../../../sparc-gaisler-elf/lib/leon3/libc.a(lib_a-vfprintf.o)
 .rodata.str1.8
                0x000000000000f170       0x14 /home/fsw/rep/tasa/lib/bcc-2.2.3-gcc/bin/../lib/gcc/sparc-gaisler-elf/10.2.0/../../../../sparc-gaisler-elf/lib/leon3/libc.a(lib_a-dtoa.o)
                                         0x1a (size before relaxing)
 *fill*         0x000000000000f184        0x4 
 .rodata.cst8   0x000000000000f188       0x48 /home/fsw/rep/tasa/lib/bcc-2.2.3-gcc/bin/../lib/gcc/sparc-gaisler-elf/10.2.0/../../../../sparc-gaisler-elf/lib/leon3/libc.a(lib_a-dtoa.o)
                                         0x58 (size before relaxing)
 .rodata        0x000000000000f1d0       0x60 /home/fsw/rep/tasa/lib/bcc-2.2.3-gcc/bin/../lib/gcc/sparc-gaisler-elf/10.2.0/../../../../sparc-gaisler-elf/lib/leon3/libc.a(lib_a-findfp.o)
                0x000000000000f1d0                __sf_fake_stderr
                0x000000000000f1f0                __sf_fake_stdout
                0x000000000000f210                __sf_fake_stdin
 .rodata.cst8   0x000000000000f230       0x10 /home/fsw/rep/tasa/lib/bcc-2.2.3-gcc/bin/../lib/gcc/sparc-gaisler-elf/10.2.0/../../../../sparc-gaisler-elf/lib/leon3/libc.a(lib_a-mprec.o)
 .rodata        0x000000000000f230      0x128 /home/fsw/rep/tasa/lib/bcc-2.2.3-gcc/bin/../lib/gcc/sparc-gaisler-elf/10.2.0/../../../../sparc-gaisler-elf/lib/leon3/libc.a(lib_a-mprec.o)
                0x000000000000f240                __mprec_tinytens
                0x000000000000f268                __mprec_bigtens
                0x000000000000f290                __mprec_tens
 .rodata.cst8   0x000000000000f358        0x8 /home/fsw/rep/tasa/lib/bcc-2.2.3-gcc/bin/../lib/gcc/sparc-gaisler-elf/10.2.0/../../../../sparc-gaisler-elf/lib/leon3/libc.a(lib_a-s_frexp.o)
 .rodata.str1.8
                0x000000000000f360       0x37 /home/fsw/rep/tasa/lib/bcc-2.2.3-gcc/bin/../lib/gcc/sparc-gaisler-elf/10.2.0/../../../../sparc-gaisler-elf/lib/leon3/libc.a(lib_a-vfiprintf.o)
 .rodata        0x000000000000f360       0x20 /home/fsw/rep/tasa/lib/bcc-2.2.3-gcc/bin/../lib/gcc/sparc-gaisler-elf/10.2.0/../../../../sparc-gaisler-elf/lib/leon3/libc.a(lib_a-vfiprintf.o)
 .rodata.str1.8
                0x000000000000f380       0x12 /home/fsw/rep/tasa/lib/bcc-2.2.3-gcc/bin/../lib/gcc/sparc-gaisler-elf/10.2.0/../../../../sparc-gaisler-elf/lib/leon3/libc.a(lib_a-locale.o)
                                         0x1a (size before relaxing)
 *fill*         0x000000000000f392        0x6 
 .rodata        0x000000000000f398      0x288 /home/fsw/rep/tasa/lib/bcc-2.2.3-gcc/bin/../lib/gcc/sparc-gaisler-elf/10.2.0/../../../../sparc-gaisler-elf/lib/leon3/libc.a(lib_a-ctype_.o)
                0x000000000000f398                _ctype_
                0x000000000000f4a0                _ctype_b
 .rodata        0x000000000000f620      0x100 /home/fsw/rep/tasa/lib/bcc-2.2.3-gcc/bin/../lib/gcc/sparc-gaisler-elf/10.2.0/leon3/libgcc.a(_clz.o)
                0x000000000000f620                __clz_tab
 *(.gnu.linkonce.r*)
                0x000000000000f720                . = ALIGN (0x10)
                0x000000000000f720                __rodata_end = .

.rela.dyn       0x000000000000f720        0x0
 .rela.iplt     0x000000000000f720        0x0 /home/fsw/rep/tasa/lib/bcc-2.2.3-gcc/bin/../sparc-gaisler-elf/bsp/gr740/leon3/trap_table_mvt.S.o
 .rela.text.traptable
                0x000000000000f720        0x0 /home/fsw/rep/tasa/lib/bcc-2.2.3-gcc/bin/../sparc-gaisler-elf/bsp/gr740/leon3/trap_table_mvt.S.o
 .rela.text     0x000000000000f720        0x0 /home/fsw/rep/tasa/lib/bcc-2.2.3-gcc/bin/../sparc-gaisler-elf/bsp/gr740/leon3/trap_table_mvt.S.o

.ext.data       0x000000000000f720        0x0
                0x000000000000f720                . = ALIGN (0x8)
                0x000000000000f720                __extdata_start = .
 *(.data.ext)
                0x000000000000f720                . = ALIGN (0x8)
                0x000000000000f720                __extdata_end = .
                0x000000000000f720                __extdata_start_lma = LOADADDR (.ext.data)
                0x0000000000000000                __extdata_size = SIZEOF (.ext.data)

.data           0x000000000000f720      0x620
                0x000000000000f720                . = ALIGN (0x8)
                0x000000000000f720                __data_start = .
 *(.data .data.*)
 .data          0x000000000000f720        0x0 /home/fsw/rep/tasa/lib/bcc-2.2.3-gcc/bin/../sparc-gaisler-elf/bsp/gr740/leon3/trap_table_mvt.S.o
 .data          0x000000000000f720        0x0 /home/fsw/rep/tasa/lib/bcc-2.2.3-gcc/bin/../sparc-gaisler-elf/bsp/gr740/leon3/crt0.S.o
 .data          0x000000000000f720        0x0 /home/fsw/rep/tasa/lib/bcc-2.2.3-gcc/bin/../lib/gcc/sparc-gaisler-elf/10.2.0/leon3/crti.o
 .data          0x000000000000f720        0x4 /home/fsw/rep/tasa/lib/bcc-2.2.3-gcc/bin/../lib/gcc/sparc-gaisler-elf/10.2.0/leon3/crtbegin.o
                0x000000000000f720                __dso_handle
 .data          0x000000000000f724        0x0 /tmp/ccIGPOov.o
 .data          0x000000000000f724        0x0 /home/fsw/rep/tasa/lib/bcc-2.2.3-gcc/bin/../sparc-gaisler-elf/bsp/gr740/leon3/libbcc.a(reset_trap_mvt.S.o)
 .data          0x000000000000f724        0x0 /home/fsw/rep/tasa/lib/bcc-2.2.3-gcc/bin/../sparc-gaisler-elf/bsp/gr740/leon3/libbcc.a(window_trap.S.o)
 .data          0x000000000000f724        0x0 /home/fsw/rep/tasa/lib/bcc-2.2.3-gcc/bin/../sparc-gaisler-elf/bsp/gr740/leon3/libbcc.a(interrupt_trap.S.o)
 .data          0x000000000000f724        0x0 /home/fsw/rep/tasa/lib/bcc-2.2.3-gcc/bin/../sparc-gaisler-elf/bsp/gr740/leon3/libbcc.a(flush_windows_trap.S.o)
 .data          0x000000000000f724        0x0 /home/fsw/rep/tasa/lib/bcc-2.2.3-gcc/bin/../sparc-gaisler-elf/bsp/gr740/leon3/libbcc.a(sw_trap_set_pil.S.o)
 .data          0x000000000000f724        0x0 /home/fsw/rep/tasa/lib/bcc-2.2.3-gcc/bin/../sparc-gaisler-elf/bsp/gr740/leon3/libbcc.a(isr.c.o)
 *fill*         0x000000000000f724        0x4 
 .data          0x000000000000f728       0x10 /home/fsw/rep/tasa/lib/bcc-2.2.3-gcc/bin/../sparc-gaisler-elf/bsp/gr740/leon3/libbcc.a(int_nest.c.o)
                0x000000000000f728                __bcc_int_nest
 .data          0x000000000000f738        0x0 /home/fsw/rep/tasa/lib/bcc-2.2.3-gcc/bin/../sparc-gaisler-elf/bsp/gr740/leon3/libbcc.a(init.S.o)
 .data          0x000000000000f738       0x10 /home/fsw/rep/tasa/lib/bcc-2.2.3-gcc/bin/../sparc-gaisler-elf/bsp/gr740/leon3/libbcc.a(leon_info.S.o)
                0x000000000000f738                __bcc_leon_version
                0x000000000000f73c                __bcc_nwindows_min1
                0x000000000000f740                __bcc_nwindows
                0x000000000000f744                __bcc_cpuid
 .data          0x000000000000f748        0x0 /home/fsw/rep/tasa/lib/bcc-2.2.3-gcc/bin/../sparc-gaisler-elf/bsp/gr740/leon3/libbcc.a(dwzero.S.o)
 .data          0x000000000000f748        0x0 /home/fsw/rep/tasa/lib/bcc-2.2.3-gcc/bin/../sparc-gaisler-elf/bsp/gr740/leon3/libbcc.a(copy_data.c.o)
 .data          0x000000000000f748        0x4 /home/fsw/rep/tasa/lib/bcc-2.2.3-gcc/bin/../sparc-gaisler-elf/bsp/gr740/leon3/libbcc.a(argv.c.o)
                0x000000000000f748                __bcc_argvp
 .data          0x000000000000f74c        0x0 /home/fsw/rep/tasa/lib/bcc-2.2.3-gcc/bin/../sparc-gaisler-elf/bsp/gr740/leon3/libbcc.a(int_irqmp_get_source.c.o)
 .data          0x000000000000f74c        0x0 /home/fsw/rep/tasa/lib/bcc-2.2.3-gcc/bin/../sparc-gaisler-elf/bsp/gr740/leon3/libbcc.a(int_irqmp_mp.c.o)
 .data          0x000000000000f74c        0x0 /home/fsw/rep/tasa/lib/bcc-2.2.3-gcc/bin/../sparc-gaisler-elf/bsp/gr740/leon3/libbcc.a(int_irqmp_init.c.o)
 .data          0x000000000000f74c        0x0 /home/fsw/rep/tasa/lib/bcc-2.2.3-gcc/bin/../sparc-gaisler-elf/bsp/gr740/leon3/libbcc.a(con_apbuart_init.c.o)
 .data          0x000000000000f74c        0x0 /home/fsw/rep/tasa/lib/bcc-2.2.3-gcc/bin/../sparc-gaisler-elf/bsp/gr740/leon3/libbcc.a(timer_gptimer_init.c.o)
 .data          0x000000000000f74c       0x10 /home/fsw/rep/tasa/lib/bcc-2.2.3-gcc/bin/../sparc-gaisler-elf/bsp/gr740/leon3/libbcc.a(int_irqmp_handle.c.o)
                0x000000000000f74c                __bcc_int_irqmp_nts
                0x000000000000f750                __bcc_int_irqmp_map
                0x000000000000f754                __bcc_int_irqmp_eirq
                0x000000000000f758                __bcc_int_handle
 .data          0x000000000000f75c        0x0 /home/fsw/rep/tasa/lib/bcc-2.2.3-gcc/bin/../lib/gcc/sparc-gaisler-elf/10.2.0/../../../../sparc-gaisler-elf/lib/leon3/libc.a(lib_a-atexit.o)
 .data          0x000000000000f75c        0x0 /home/fsw/rep/tasa/lib/bcc-2.2.3-gcc/bin/../lib/gcc/sparc-gaisler-elf/10.2.0/../../../../sparc-gaisler-elf/lib/leon3/libc.a(lib_a-exit.o)
 .data          0x000000000000f75c       0x64 /home/fsw/rep/tasa/lib/bcc-2.2.3-gcc/bin/../lib/gcc/sparc-gaisler-elf/10.2.0/../../../../sparc-gaisler-elf/lib/leon3/libc.a(lib_a-impure.o)
                0x000000000000f75c                _impure_ptr
 .data          0x000000000000f7c0        0x0 /home/fsw/rep/tasa/lib/bcc-2.2.3-gcc/bin/../lib/gcc/sparc-gaisler-elf/10.2.0/../../../../sparc-gaisler-elf/lib/leon3/libc.a(lib_a-printf.o)
 .data          0x000000000000f7c0        0x0 /home/fsw/rep/tasa/lib/bcc-2.2.3-gcc/bin/../lib/gcc/sparc-gaisler-elf/10.2.0/../../../../sparc-gaisler-elf/lib/leon3/libc.a(lib_a-putchar.o)
 .data          0x000000000000f7c0        0x0 /home/fsw/rep/tasa/lib/bcc-2.2.3-gcc/bin/../lib/gcc/sparc-gaisler-elf/10.2.0/../../../../sparc-gaisler-elf/lib/leon3/libc.a(lib_a-puts.o)
 .data          0x000000000000f7c0        0x0 /home/fsw/rep/tasa/lib/bcc-2.2.3-gcc/bin/../lib/gcc/sparc-gaisler-elf/10.2.0/../../../../sparc-gaisler-elf/lib/leon3/libc.a(lib_a-strlen.o)
 .data          0x000000000000f7c0        0x0 /home/fsw/rep/tasa/lib/bcc-2.2.3-gcc/bin/../lib/gcc/sparc-gaisler-elf/10.2.0/../../../../sparc-gaisler-elf/lib/leon3/libc.a(lib_a-vfprintf.o)
 .data          0x000000000000f7c0        0x0 /home/fsw/rep/tasa/lib/bcc-2.2.3-gcc/bin/../lib/gcc/sparc-gaisler-elf/10.2.0/../../../../sparc-gaisler-elf/lib/leon3/libc.a(lib_a-wsetup.o)
 .data          0x000000000000f7c0        0x0 /home/fsw/rep/tasa/lib/bcc-2.2.3-gcc/bin/../lib/gcc/sparc-gaisler-elf/10.2.0/../../../../sparc-gaisler-elf/lib/leon3/libc.a(lib_a-__atexit.o)
 .data          0x000000000000f7c0        0x0 /home/fsw/rep/tasa/lib/bcc-2.2.3-gcc/bin/../lib/gcc/sparc-gaisler-elf/10.2.0/../../../../sparc-gaisler-elf/lib/leon3/libc.a(lib_a-__call_atexit.o)
 .data          0x000000000000f7c0        0x0 /home/fsw/rep/tasa/lib/bcc-2.2.3-gcc/bin/../lib/gcc/sparc-gaisler-elf/10.2.0/../../../../sparc-gaisler-elf/lib/leon3/libc.a(lib_a-dtoa.o)
 .data          0x000000000000f7c0        0x0 /home/fsw/rep/tasa/lib/bcc-2.2.3-gcc/bin/../lib/gcc/sparc-gaisler-elf/10.2.0/../../../../sparc-gaisler-elf/lib/leon3/libc.a(lib_a-fflush.o)
 .data          0x000000000000f7c0        0x0 /home/fsw/rep/tasa/lib/bcc-2.2.3-gcc/bin/../lib/gcc/sparc-gaisler-elf/10.2.0/../../../../sparc-gaisler-elf/lib/leon3/libc.a(lib_a-findfp.o)
 .data          0x000000000000f7c0        0x0 /home/fsw/rep/tasa/lib/bcc-2.2.3-gcc/bin/../lib/gcc/sparc-gaisler-elf/10.2.0/../../../../sparc-gaisler-elf/lib/leon3/libc.a(lib_a-freer.o)
 .data          0x000000000000f7c0        0x0 /home/fsw/rep/tasa/lib/bcc-2.2.3-gcc/bin/../lib/gcc/sparc-gaisler-elf/10.2.0/../../../../sparc-gaisler-elf/lib/leon3/libc.a(lib_a-fvwrite.o)
 .data          0x000000000000f7c0        0x0 /home/fsw/rep/tasa/lib/bcc-2.2.3-gcc/bin/../lib/gcc/sparc-gaisler-elf/10.2.0/../../../../sparc-gaisler-elf/lib/leon3/libc.a(lib_a-fwalk.o)
 .data          0x000000000000f7c0        0x0 /home/fsw/rep/tasa/lib/bcc-2.2.3-gcc/bin/../lib/gcc/sparc-gaisler-elf/10.2.0/../../../../sparc-gaisler-elf/lib/leon3/libc.a(lib_a-localeconv.o)
 .data          0x000000000000f7c0        0x0 /home/fsw/rep/tasa/lib/bcc-2.2.3-gcc/bin/../lib/gcc/sparc-gaisler-elf/10.2.0/../../../../sparc-gaisler-elf/lib/leon3/libc.a(lib_a-makebuf.o)
 .data          0x000000000000f7c0        0x0 /home/fsw/rep/tasa/lib/bcc-2.2.3-gcc/bin/../lib/gcc/sparc-gaisler-elf/10.2.0/../../../../sparc-gaisler-elf/lib/leon3/libc.a(lib_a-malloc.o)
 .data          0x000000000000f7c0      0x410 /home/fsw/rep/tasa/lib/bcc-2.2.3-gcc/bin/../lib/gcc/sparc-gaisler-elf/10.2.0/../../../../sparc-gaisler-elf/lib/leon3/libc.a(lib_a-mallocr.o)
                0x000000000000f7c0                __malloc_sbrk_base
                0x000000000000f7c4                __malloc_trim_threshold
                0x000000000000f7c8                __malloc_av_
 .data          0x000000000000fbd0        0x0 /home/fsw/rep/tasa/lib/bcc-2.2.3-gcc/bin/../lib/gcc/sparc-gaisler-elf/10.2.0/../../../../sparc-gaisler-elf/lib/leon3/libc.a(lib_a-memchr.o)
 .data          0x000000000000fbd0        0x0 /home/fsw/rep/tasa/lib/bcc-2.2.3-gcc/bin/../lib/gcc/sparc-gaisler-elf/10.2.0/../../../../sparc-gaisler-elf/lib/leon3/libc.a(lib_a-memcpy.o)
 .data          0x000000000000fbd0        0x0 /home/fsw/rep/tasa/lib/bcc-2.2.3-gcc/bin/../lib/gcc/sparc-gaisler-elf/10.2.0/../../../../sparc-gaisler-elf/lib/leon3/libc.a(lib_a-memmove.o)
 .data          0x000000000000fbd0        0x0 /home/fsw/rep/tasa/lib/bcc-2.2.3-gcc/bin/../lib/gcc/sparc-gaisler-elf/10.2.0/../../../../sparc-gaisler-elf/lib/leon3/libc.a(lib_a-memset.o)
 .data          0x000000000000fbd0        0x0 /home/fsw/rep/tasa/lib/bcc-2.2.3-gcc/bin/../lib/gcc/sparc-gaisler-elf/10.2.0/../../../../sparc-gaisler-elf/lib/leon3/libc.a(lib_a-mlock.o)
 .data          0x000000000000fbd0        0x0 /home/fsw/rep/tasa/lib/bcc-2.2.3-gcc/bin/../lib/gcc/sparc-gaisler-elf/10.2.0/../../../../sparc-gaisler-elf/lib/leon3/libc.a(lib_a-mprec.o)
 .data          0x000000000000fbd0        0x0 /home/fsw/rep/tasa/lib/bcc-2.2.3-gcc/bin/../lib/gcc/sparc-gaisler-elf/10.2.0/../../../../sparc-gaisler-elf/lib/leon3/libc.a(lib_a-putc.o)
 .data          0x000000000000fbd0        0x0 /home/fsw/rep/tasa/lib/bcc-2.2.3-gcc/bin/../lib/gcc/sparc-gaisler-elf/10.2.0/../../../../sparc-gaisler-elf/lib/leon3/libc.a(lib_a-reallocr.o)
 .data          0x000000000000fbd0        0x0 /home/fsw/rep/tasa/lib/bcc-2.2.3-gcc/bin/../lib/gcc/sparc-gaisler-elf/10.2.0/../../../../sparc-gaisler-elf/lib/leon3/libc.a(lib_a-s_frexp.o)
 .data          0x000000000000fbd0        0x0 /home/fsw/rep/tasa/lib/bcc-2.2.3-gcc/bin/../lib/gcc/sparc-gaisler-elf/10.2.0/../../../../sparc-gaisler-elf/lib/leon3/libc.a(lib_a-sbrkr.o)
 .data          0x000000000000fbd0        0x0 /home/fsw/rep/tasa/lib/bcc-2.2.3-gcc/bin/../lib/gcc/sparc-gaisler-elf/10.2.0/../../../../sparc-gaisler-elf/lib/leon3/libc.a(lib_a-stdio.o)
 .data          0x000000000000fbd0        0x0 /home/fsw/rep/tasa/lib/bcc-2.2.3-gcc/bin/../lib/gcc/sparc-gaisler-elf/10.2.0/../../../../sparc-gaisler-elf/lib/leon3/libc.a(lib_a-strncpy.o)
 .data          0x000000000000fbd0        0x0 /home/fsw/rep/tasa/lib/bcc-2.2.3-gcc/bin/../lib/gcc/sparc-gaisler-elf/10.2.0/../../../../sparc-gaisler-elf/lib/leon3/libc.a(lib_a-vfiprintf.o)
 .data          0x000000000000fbd0        0x0 /home/fsw/rep/tasa/lib/bcc-2.2.3-gcc/bin/../lib/gcc/sparc-gaisler-elf/10.2.0/../../../../sparc-gaisler-elf/lib/leon3/libc.a(lib_a-wbuf.o)
 .data          0x000000000000fbd0        0x0 /home/fsw/rep/tasa/lib/bcc-2.2.3-gcc/bin/../lib/gcc/sparc-gaisler-elf/10.2.0/../../../../sparc-gaisler-elf/lib/leon3/libc.a(lib_a-writer.o)
 .data          0x000000000000fbd0        0x0 /home/fsw/rep/tasa/lib/bcc-2.2.3-gcc/bin/../lib/gcc/sparc-gaisler-elf/10.2.0/../../../../sparc-gaisler-elf/lib/leon3/libc.a(lib_a-callocr.o)
 .data          0x000000000000fbd0        0x0 /home/fsw/rep/tasa/lib/bcc-2.2.3-gcc/bin/../lib/gcc/sparc-gaisler-elf/10.2.0/../../../../sparc-gaisler-elf/lib/leon3/libc.a(lib_a-closer.o)
 .data          0x000000000000fbd0        0x0 /home/fsw/rep/tasa/lib/bcc-2.2.3-gcc/bin/../lib/gcc/sparc-gaisler-elf/10.2.0/../../../../sparc-gaisler-elf/lib/leon3/libc.a(lib_a-fclose.o)
 .data          0x000000000000fbd0        0x0 /home/fsw/rep/tasa/lib/bcc-2.2.3-gcc/bin/../lib/gcc/sparc-gaisler-elf/10.2.0/../../../../sparc-gaisler-elf/lib/leon3/libc.a(lib_a-fputwc.o)
 .data          0x000000000000fbd0        0x0 /home/fsw/rep/tasa/lib/bcc-2.2.3-gcc/bin/../lib/gcc/sparc-gaisler-elf/10.2.0/../../../../sparc-gaisler-elf/lib/leon3/libc.a(lib_a-fstatr.o)
 .data          0x000000000000fbd0        0x0 /home/fsw/rep/tasa/lib/bcc-2.2.3-gcc/bin/../lib/gcc/sparc-gaisler-elf/10.2.0/../../../../sparc-gaisler-elf/lib/leon3/libc.a(lib_a-isattyr.o)
 .data          0x000000000000fbd0      0x16c /home/fsw/rep/tasa/lib/bcc-2.2.3-gcc/bin/../lib/gcc/sparc-gaisler-elf/10.2.0/../../../../sparc-gaisler-elf/lib/leon3/libc.a(lib_a-locale.o)
                0x000000000000fbd0                __global_locale
 .data          0x000000000000fd3c        0x0 /home/fsw/rep/tasa/lib/bcc-2.2.3-gcc/bin/../lib/gcc/sparc-gaisler-elf/10.2.0/../../../../sparc-gaisler-elf/lib/leon3/libc.a(lib_a-lseekr.o)
 .data          0x000000000000fd3c        0x0 /home/fsw/rep/tasa/lib/bcc-2.2.3-gcc/bin/../lib/gcc/sparc-gaisler-elf/10.2.0/../../../../sparc-gaisler-elf/lib/leon3/libc.a(lib_a-mbtowc_r.o)
 .data          0x000000000000fd3c        0x0 /home/fsw/rep/tasa/lib/bcc-2.2.3-gcc/bin/../lib/gcc/sparc-gaisler-elf/10.2.0/../../../../sparc-gaisler-elf/lib/leon3/libc.a(lib_a-readr.o)
 .data          0x000000000000fd3c        0x0 /home/fsw/rep/tasa/lib/bcc-2.2.3-gcc/bin/../lib/gcc/sparc-gaisler-elf/10.2.0/../../../../sparc-gaisler-elf/lib/leon3/libc.a(lib_a-reent.o)
 .data          0x000000000000fd3c        0x0 /home/fsw/rep/tasa/lib/bcc-2.2.3-gcc/bin/../lib/gcc/sparc-gaisler-elf/10.2.0/../../../../sparc-gaisler-elf/lib/leon3/libc.a(lib_a-strcmp.o)
 .data          0x000000000000fd3c        0x0 /home/fsw/rep/tasa/lib/bcc-2.2.3-gcc/bin/../lib/gcc/sparc-gaisler-elf/10.2.0/../../../../sparc-gaisler-elf/lib/leon3/libc.a(lib_a-wcrtomb.o)
 .data          0x000000000000fd3c        0x0 /home/fsw/rep/tasa/lib/bcc-2.2.3-gcc/bin/../lib/gcc/sparc-gaisler-elf/10.2.0/../../../../sparc-gaisler-elf/lib/leon3/libc.a(lib_a-wctomb_r.o)
 .data          0x000000000000fd3c        0x0 /home/fsw/rep/tasa/lib/bcc-2.2.3-gcc/bin/../lib/gcc/sparc-gaisler-elf/10.2.0/../../../../sparc-gaisler-elf/lib/leon3/libc.a(lib_a-ctype_.o)
 .data          0x000000000000fd3c        0x0 /home/fsw/rep/tasa/lib/bcc-2.2.3-gcc/bin/../sparc-gaisler-elf/bsp/gr740/leon3/libbcc.a(_exit.S.o)
 .data          0x000000000000fd3c        0x0 /home/fsw/rep/tasa/lib/bcc-2.2.3-gcc/bin/../sparc-gaisler-elf/bsp/gr740/leon3/libbcc.a(read.c.o)
 .data          0x000000000000fd3c        0x0 /home/fsw/rep/tasa/lib/bcc-2.2.3-gcc/bin/../sparc-gaisler-elf/bsp/gr740/leon3/libbcc.a(sbrk.c.o)
 .data          0x000000000000fd3c        0x0 /home/fsw/rep/tasa/lib/bcc-2.2.3-gcc/bin/../sparc-gaisler-elf/bsp/gr740/leon3/libbcc.a(heap.c.o)
 .data          0x000000000000fd3c        0x0 /home/fsw/rep/tasa/lib/bcc-2.2.3-gcc/bin/../sparc-gaisler-elf/bsp/gr740/leon3/libbcc.a(write.c.o)
 .data          0x000000000000fd3c        0x0 /home/fsw/rep/tasa/lib/bcc-2.2.3-gcc/bin/../sparc-gaisler-elf/bsp/gr740/leon3/libbcc.a(stubs.S.o)
 .data          0x000000000000fd3c        0x0 /home/fsw/rep/tasa/lib/bcc-2.2.3-gcc/bin/../sparc-gaisler-elf/bsp/gr740/leon3/libbcc.a(con_apbuart.c.o)
 .data          0x000000000000fd3c        0x4 /home/fsw/rep/tasa/lib/bcc-2.2.3-gcc/bin/../sparc-gaisler-elf/bsp/gr740/leon3/libbcc.a(con_handle.c.o)
                0x000000000000fd3c                __bcc_con_handle
 .data          0x000000000000fd40        0x0 /home/fsw/rep/tasa/lib/bcc-2.2.3-gcc/bin/../lib/gcc/sparc-gaisler-elf/10.2.0/leon3/libgcc.a(_udivdi3.o)
 .data          0x000000000000fd40        0x0 /home/fsw/rep/tasa/lib/bcc-2.2.3-gcc/bin/../lib/gcc/sparc-gaisler-elf/10.2.0/leon3/libgcc.a(_umoddi3.o)
 .data          0x000000000000fd40        0x0 /home/fsw/rep/tasa/lib/bcc-2.2.3-gcc/bin/../lib/gcc/sparc-gaisler-elf/10.2.0/leon3/libgcc.a(_clz.o)
 .data          0x000000000000fd40        0x0 /home/fsw/rep/tasa/lib/bcc-2.2.3-gcc/bin/../lib/gcc/sparc-gaisler-elf/10.2.0/leon3/crtend.o
 .data          0x000000000000fd40        0x0 /home/fsw/rep/tasa/lib/bcc-2.2.3-gcc/bin/../lib/gcc/sparc-gaisler-elf/10.2.0/leon3/crtn.o
                0x000000000000fd40                . = ALIGN (0x8)
                0x000000000000fd40                __data_end = .
                0x000000000000f720                __data_start_lma = LOADADDR (.data)
                0x0000000000000620                __data_size = SIZEOF (.data)

.iplt           0x000000000000fd40        0x0
 .iplt          0x000000000000fd40        0x0 /home/fsw/rep/tasa/lib/bcc-2.2.3-gcc/bin/../sparc-gaisler-elf/bsp/gr740/leon3/trap_table_mvt.S.o

.tm_clone_table
                0x000000000000fd40        0x0
 .tm_clone_table
                0x000000000000fd40        0x0 /home/fsw/rep/tasa/lib/bcc-2.2.3-gcc/bin/../lib/gcc/sparc-gaisler-elf/10.2.0/leon3/crtbegin.o
 .tm_clone_table
                0x000000000000fd40        0x0 /home/fsw/rep/tasa/lib/bcc-2.2.3-gcc/bin/../lib/gcc/sparc-gaisler-elf/10.2.0/leon3/crtend.o

.bss            0x000000000000fd40      0x1a0
                0x000000000000fd40                . = ALIGN (0x8)
                0x000000000000fd40                __bss_start = .
 *(.bss .bss.*)
 .bss           0x000000000000fd40        0x0 /home/fsw/rep/tasa/lib/bcc-2.2.3-gcc/bin/../sparc-gaisler-elf/bsp/gr740/leon3/trap_table_mvt.S.o
 .bss           0x000000000000fd40        0x4 /home/fsw/rep/tasa/lib/bcc-2.2.3-gcc/bin/../sparc-gaisler-elf/bsp/gr740/leon3/crt0.S.o
                0x000000000000fd40                __bcc_sp_at_entry
 .bss           0x000000000000fd44        0x0 /home/fsw/rep/tasa/lib/bcc-2.2.3-gcc/bin/../lib/gcc/sparc-gaisler-elf/10.2.0/leon3/crti.o
 .bss           0x000000000000fd44       0x20 /home/fsw/rep/tasa/lib/bcc-2.2.3-gcc/bin/../lib/gcc/sparc-gaisler-elf/10.2.0/leon3/crtbegin.o
 .bss           0x000000000000fd64        0x0 /tmp/ccIGPOov.o
 .bss           0x000000000000fd64        0x0 /home/fsw/rep/tasa/lib/bcc-2.2.3-gcc/bin/../sparc-gaisler-elf/bsp/gr740/leon3/libbcc.a(reset_trap_mvt.S.o)
 .bss           0x000000000000fd64        0x0 /home/fsw/rep/tasa/lib/bcc-2.2.3-gcc/bin/../sparc-gaisler-elf/bsp/gr740/leon3/libbcc.a(window_trap.S.o)
 .bss           0x000000000000fd64        0x0 /home/fsw/rep/tasa/lib/bcc-2.2.3-gcc/bin/../sparc-gaisler-elf/bsp/gr740/leon3/libbcc.a(interrupt_trap.S.o)
 *fill*         0x000000000000fd64        0x4 
 .bss           0x000000000000fd68       0x14 /home/fsw/rep/tasa/lib/bcc-2.2.3-gcc/bin/../sparc-gaisler-elf/bsp/gr740/leon3/libbcc.a(flush_windows_trap.S.o)
 .bss           0x000000000000fd7c        0x0 /home/fsw/rep/tasa/lib/bcc-2.2.3-gcc/bin/../sparc-gaisler-elf/bsp/gr740/leon3/libbcc.a(sw_trap_set_pil.S.o)
 .bss           0x000000000000fd7c       0x80 /home/fsw/rep/tasa/lib/bcc-2.2.3-gcc/bin/../sparc-gaisler-elf/bsp/gr740/leon3/libbcc.a(isr.c.o)
                0x000000000000fd7c                __bcc_isr_list
 .bss           0x000000000000fdfc        0x0 /home/fsw/rep/tasa/lib/bcc-2.2.3-gcc/bin/../sparc-gaisler-elf/bsp/gr740/leon3/libbcc.a(int_nest.c.o)
 .bss           0x000000000000fdfc        0x0 /home/fsw/rep/tasa/lib/bcc-2.2.3-gcc/bin/../sparc-gaisler-elf/bsp/gr740/leon3/libbcc.a(init.S.o)
 .bss           0x000000000000fdfc        0x0 /home/fsw/rep/tasa/lib/bcc-2.2.3-gcc/bin/../sparc-gaisler-elf/bsp/gr740/leon3/libbcc.a(leon_info.S.o)
 .bss           0x000000000000fdfc        0x0 /home/fsw/rep/tasa/lib/bcc-2.2.3-gcc/bin/../sparc-gaisler-elf/bsp/gr740/leon3/libbcc.a(dwzero.S.o)
 .bss           0x000000000000fdfc        0x0 /home/fsw/rep/tasa/lib/bcc-2.2.3-gcc/bin/../sparc-gaisler-elf/bsp/gr740/leon3/libbcc.a(copy_data.c.o)
 .bss           0x000000000000fdfc        0x8 /home/fsw/rep/tasa/lib/bcc-2.2.3-gcc/bin/../sparc-gaisler-elf/bsp/gr740/leon3/libbcc.a(argv.c.o)
                0x000000000000fe00                __bcc_argc
 .bss           0x000000000000fe04        0x0 /home/fsw/rep/tasa/lib/bcc-2.2.3-gcc/bin/../sparc-gaisler-elf/bsp/gr740/leon3/libbcc.a(int_irqmp_get_source.c.o)
 .bss           0x000000000000fe04        0x0 /home/fsw/rep/tasa/lib/bcc-2.2.3-gcc/bin/../sparc-gaisler-elf/bsp/gr740/leon3/libbcc.a(int_irqmp_mp.c.o)
 .bss           0x000000000000fe04        0x0 /home/fsw/rep/tasa/lib/bcc-2.2.3-gcc/bin/../sparc-gaisler-elf/bsp/gr740/leon3/libbcc.a(int_irqmp_init.c.o)
 .bss           0x000000000000fe04        0x0 /home/fsw/rep/tasa/lib/bcc-2.2.3-gcc/bin/../sparc-gaisler-elf/bsp/gr740/leon3/libbcc.a(con_apbuart_init.c.o)
 .bss           0x000000000000fe04        0x0 /home/fsw/rep/tasa/lib/bcc-2.2.3-gcc/bin/../sparc-gaisler-elf/bsp/gr740/leon3/libbcc.a(timer_gptimer_init.c.o)
 .bss           0x000000000000fe04        0x0 /home/fsw/rep/tasa/lib/bcc-2.2.3-gcc/bin/../sparc-gaisler-elf/bsp/gr740/leon3/libbcc.a(int_irqmp_handle.c.o)
 .bss           0x000000000000fe04        0x0 /home/fsw/rep/tasa/lib/bcc-2.2.3-gcc/bin/../lib/gcc/sparc-gaisler-elf/10.2.0/../../../../sparc-gaisler-elf/lib/leon3/libc.a(lib_a-atexit.o)
 .bss           0x000000000000fe04        0x0 /home/fsw/rep/tasa/lib/bcc-2.2.3-gcc/bin/../lib/gcc/sparc-gaisler-elf/10.2.0/../../../../sparc-gaisler-elf/lib/leon3/libc.a(lib_a-exit.o)
 .bss           0x000000000000fe04        0x0 /home/fsw/rep/tasa/lib/bcc-2.2.3-gcc/bin/../lib/gcc/sparc-gaisler-elf/10.2.0/../../../../sparc-gaisler-elf/lib/leon3/libc.a(lib_a-impure.o)
 .bss           0x000000000000fe04        0x0 /home/fsw/rep/tasa/lib/bcc-2.2.3-gcc/bin/../lib/gcc/sparc-gaisler-elf/10.2.0/../../../../sparc-gaisler-elf/lib/leon3/libc.a(lib_a-printf.o)
 .bss           0x000000000000fe04        0x0 /home/fsw/rep/tasa/lib/bcc-2.2.3-gcc/bin/../lib/gcc/sparc-gaisler-elf/10.2.0/../../../../sparc-gaisler-elf/lib/leon3/libc.a(lib_a-putchar.o)
 .bss           0x000000000000fe04        0x0 /home/fsw/rep/tasa/lib/bcc-2.2.3-gcc/bin/../lib/gcc/sparc-gaisler-elf/10.2.0/../../../../sparc-gaisler-elf/lib/leon3/libc.a(lib_a-puts.o)
 .bss           0x000000000000fe04        0x0 /home/fsw/rep/tasa/lib/bcc-2.2.3-gcc/bin/../lib/gcc/sparc-gaisler-elf/10.2.0/../../../../sparc-gaisler-elf/lib/leon3/libc.a(lib_a-strlen.o)
 .bss           0x000000000000fe04        0x0 /home/fsw/rep/tasa/lib/bcc-2.2.3-gcc/bin/../lib/gcc/sparc-gaisler-elf/10.2.0/../../../../sparc-gaisler-elf/lib/leon3/libc.a(lib_a-vfprintf.o)
 .bss           0x000000000000fe04        0x0 /home/fsw/rep/tasa/lib/bcc-2.2.3-gcc/bin/../lib/gcc/sparc-gaisler-elf/10.2.0/../../../../sparc-gaisler-elf/lib/leon3/libc.a(lib_a-wsetup.o)
 .bss           0x000000000000fe04       0x8c /home/fsw/rep/tasa/lib/bcc-2.2.3-gcc/bin/../lib/gcc/sparc-gaisler-elf/10.2.0/../../../../sparc-gaisler-elf/lib/leon3/libc.a(lib_a-__atexit.o)
 .bss           0x000000000000fe90        0x4 /home/fsw/rep/tasa/lib/bcc-2.2.3-gcc/bin/../lib/gcc/sparc-gaisler-elf/10.2.0/../../../../sparc-gaisler-elf/lib/leon3/libc.a(lib_a-__call_atexit.o)
                0x000000000000fe90                _global_atexit
 .bss           0x000000000000fe94        0x0 /home/fsw/rep/tasa/lib/bcc-2.2.3-gcc/bin/../lib/gcc/sparc-gaisler-elf/10.2.0/../../../../sparc-gaisler-elf/lib/leon3/libc.a(lib_a-dtoa.o)
 .bss           0x000000000000fe94        0x0 /home/fsw/rep/tasa/lib/bcc-2.2.3-gcc/bin/../lib/gcc/sparc-gaisler-elf/10.2.0/../../../../sparc-gaisler-elf/lib/leon3/libc.a(lib_a-fflush.o)
 .bss           0x000000000000fe94        0x0 /home/fsw/rep/tasa/lib/bcc-2.2.3-gcc/bin/../lib/gcc/sparc-gaisler-elf/10.2.0/../../../../sparc-gaisler-elf/lib/leon3/libc.a(lib_a-findfp.o)
 .bss           0x000000000000fe94        0x0 /home/fsw/rep/tasa/lib/bcc-2.2.3-gcc/bin/../lib/gcc/sparc-gaisler-elf/10.2.0/../../../../sparc-gaisler-elf/lib/leon3/libc.a(lib_a-freer.o)
 .bss           0x000000000000fe94        0x0 /home/fsw/rep/tasa/lib/bcc-2.2.3-gcc/bin/../lib/gcc/sparc-gaisler-elf/10.2.0/../../../../sparc-gaisler-elf/lib/leon3/libc.a(lib_a-fvwrite.o)
 .bss           0x000000000000fe94        0x0 /home/fsw/rep/tasa/lib/bcc-2.2.3-gcc/bin/../lib/gcc/sparc-gaisler-elf/10.2.0/../../../../sparc-gaisler-elf/lib/leon3/libc.a(lib_a-fwalk.o)
 .bss           0x000000000000fe94        0x0 /home/fsw/rep/tasa/lib/bcc-2.2.3-gcc/bin/../lib/gcc/sparc-gaisler-elf/10.2.0/../../../../sparc-gaisler-elf/lib/leon3/libc.a(lib_a-localeconv.o)
 .bss           0x000000000000fe94        0x0 /home/fsw/rep/tasa/lib/bcc-2.2.3-gcc/bin/../lib/gcc/sparc-gaisler-elf/10.2.0/../../../../sparc-gaisler-elf/lib/leon3/libc.a(lib_a-makebuf.o)
 .bss           0x000000000000fe94        0x0 /home/fsw/rep/tasa/lib/bcc-2.2.3-gcc/bin/../lib/gcc/sparc-gaisler-elf/10.2.0/../../../../sparc-gaisler-elf/lib/leon3/libc.a(lib_a-malloc.o)
 .bss           0x000000000000fe94       0x34 /home/fsw/rep/tasa/lib/bcc-2.2.3-gcc/bin/../lib/gcc/sparc-gaisler-elf/10.2.0/../../../../sparc-gaisler-elf/lib/leon3/libc.a(lib_a-mallocr.o)
                0x000000000000fe94                __malloc_current_mallinfo
                0x000000000000febc                __malloc_max_total_mem
                0x000000000000fec0                __malloc_max_sbrked_mem
                0x000000000000fec4                __malloc_top_pad
 .bss           0x000000000000fec8        0x0 /home/fsw/rep/tasa/lib/bcc-2.2.3-gcc/bin/../lib/gcc/sparc-gaisler-elf/10.2.0/../../../../sparc-gaisler-elf/lib/leon3/libc.a(lib_a-memchr.o)
 .bss           0x000000000000fec8        0x0 /home/fsw/rep/tasa/lib/bcc-2.2.3-gcc/bin/../lib/gcc/sparc-gaisler-elf/10.2.0/../../../../sparc-gaisler-elf/lib/leon3/libc.a(lib_a-memcpy.o)
 .bss           0x000000000000fec8        0x0 /home/fsw/rep/tasa/lib/bcc-2.2.3-gcc/bin/../lib/gcc/sparc-gaisler-elf/10.2.0/../../../../sparc-gaisler-elf/lib/leon3/libc.a(lib_a-memmove.o)
 .bss           0x000000000000fec8        0x0 /home/fsw/rep/tasa/lib/bcc-2.2.3-gcc/bin/../lib/gcc/sparc-gaisler-elf/10.2.0/../../../../sparc-gaisler-elf/lib/leon3/libc.a(lib_a-memset.o)
 .bss           0x000000000000fec8        0x0 /home/fsw/rep/tasa/lib/bcc-2.2.3-gcc/bin/../lib/gcc/sparc-gaisler-elf/10.2.0/../../../../sparc-gaisler-elf/lib/leon3/libc.a(lib_a-mlock.o)
 .bss           0x000000000000fec8        0x0 /home/fsw/rep/tasa/lib/bcc-2.2.3-gcc/bin/../lib/gcc/sparc-gaisler-elf/10.2.0/../../../../sparc-gaisler-elf/lib/leon3/libc.a(lib_a-mprec.o)
 .bss           0x000000000000fec8        0x0 /home/fsw/rep/tasa/lib/bcc-2.2.3-gcc/bin/../lib/gcc/sparc-gaisler-elf/10.2.0/../../../../sparc-gaisler-elf/lib/leon3/libc.a(lib_a-putc.o)
 .bss           0x000000000000fec8        0x0 /home/fsw/rep/tasa/lib/bcc-2.2.3-gcc/bin/../lib/gcc/sparc-gaisler-elf/10.2.0/../../../../sparc-gaisler-elf/lib/leon3/libc.a(lib_a-reallocr.o)
 .bss           0x000000000000fec8        0x0 /home/fsw/rep/tasa/lib/bcc-2.2.3-gcc/bin/../lib/gcc/sparc-gaisler-elf/10.2.0/../../../../sparc-gaisler-elf/lib/leon3/libc.a(lib_a-s_frexp.o)
 .bss           0x000000000000fec8        0x0 /home/fsw/rep/tasa/lib/bcc-2.2.3-gcc/bin/../lib/gcc/sparc-gaisler-elf/10.2.0/../../../../sparc-gaisler-elf/lib/leon3/libc.a(lib_a-sbrkr.o)
 .bss           0x000000000000fec8        0x0 /home/fsw/rep/tasa/lib/bcc-2.2.3-gcc/bin/../lib/gcc/sparc-gaisler-elf/10.2.0/../../../../sparc-gaisler-elf/lib/leon3/libc.a(lib_a-stdio.o)
 .bss           0x000000000000fec8        0x0 /home/fsw/rep/tasa/lib/bcc-2.2.3-gcc/bin/../lib/gcc/sparc-gaisler-elf/10.2.0/../../../../sparc-gaisler-elf/lib/leon3/libc.a(lib_a-strncpy.o)
 .bss           0x000000000000fec8        0x0 /home/fsw/rep/tasa/lib/bcc-2.2.3-gcc/bin/../lib/gcc/sparc-gaisler-elf/10.2.0/../../../../sparc-gaisler-elf/lib/leon3/libc.a(lib_a-vfiprintf.o)
 .bss           0x000000000000fec8        0x0 /home/fsw/rep/tasa/lib/bcc-2.2.3-gcc/bin/../lib/gcc/sparc-gaisler-elf/10.2.0/../../../../sparc-gaisler-elf/lib/leon3/libc.a(lib_a-wbuf.o)
 .bss           0x000000000000fec8        0x0 /home/fsw/rep/tasa/lib/bcc-2.2.3-gcc/bin/../lib/gcc/sparc-gaisler-elf/10.2.0/../../../../sparc-gaisler-elf/lib/leon3/libc.a(lib_a-writer.o)
 .bss           0x000000000000fec8        0x0 /home/fsw/rep/tasa/lib/bcc-2.2.3-gcc/bin/../lib/gcc/sparc-gaisler-elf/10.2.0/../../../../sparc-gaisler-elf/lib/leon3/libc.a(lib_a-callocr.o)
 .bss           0x000000000000fec8        0x0 /home/fsw/rep/tasa/lib/bcc-2.2.3-gcc/bin/../lib/gcc/sparc-gaisler-elf/10.2.0/../../../../sparc-gaisler-elf/lib/leon3/libc.a(lib_a-closer.o)
 .bss           0x000000000000fec8        0x0 /home/fsw/rep/tasa/lib/bcc-2.2.3-gcc/bin/../lib/gcc/sparc-gaisler-elf/10.2.0/../../../../sparc-gaisler-elf/lib/leon3/libc.a(lib_a-fclose.o)
 .bss           0x000000000000fec8        0x0 /home/fsw/rep/tasa/lib/bcc-2.2.3-gcc/bin/../lib/gcc/sparc-gaisler-elf/10.2.0/../../../../sparc-gaisler-elf/lib/leon3/libc.a(lib_a-fputwc.o)
 .bss           0x000000000000fec8        0x0 /home/fsw/rep/tasa/lib/bcc-2.2.3-gcc/bin/../lib/gcc/sparc-gaisler-elf/10.2.0/../../../../sparc-gaisler-elf/lib/leon3/libc.a(lib_a-fstatr.o)
 .bss           0x000000000000fec8        0x0 /home/fsw/rep/tasa/lib/bcc-2.2.3-gcc/bin/../lib/gcc/sparc-gaisler-elf/10.2.0/../../../../sparc-gaisler-elf/lib/leon3/libc.a(lib_a-isattyr.o)
 .bss           0x000000000000fec8        0x4 /home/fsw/rep/tasa/lib/bcc-2.2.3-gcc/bin/../lib/gcc/sparc-gaisler-elf/10.2.0/../../../../sparc-gaisler-elf/lib/leon3/libc.a(lib_a-locale.o)
                0x000000000000fec8                _PathLocale
 .bss           0x000000000000fecc        0x0 /home/fsw/rep/tasa/lib/bcc-2.2.3-gcc/bin/../lib/gcc/sparc-gaisler-elf/10.2.0/../../../../sparc-gaisler-elf/lib/leon3/libc.a(lib_a-lseekr.o)
 .bss           0x000000000000fecc        0x0 /home/fsw/rep/tasa/lib/bcc-2.2.3-gcc/bin/../lib/gcc/sparc-gaisler-elf/10.2.0/../../../../sparc-gaisler-elf/lib/leon3/libc.a(lib_a-mbtowc_r.o)
 .bss           0x000000000000fecc        0x0 /home/fsw/rep/tasa/lib/bcc-2.2.3-gcc/bin/../lib/gcc/sparc-gaisler-elf/10.2.0/../../../../sparc-gaisler-elf/lib/leon3/libc.a(lib_a-readr.o)
 .bss           0x000000000000fecc        0x4 /home/fsw/rep/tasa/lib/bcc-2.2.3-gcc/bin/../lib/gcc/sparc-gaisler-elf/10.2.0/../../../../sparc-gaisler-elf/lib/leon3/libc.a(lib_a-reent.o)
                0x000000000000fecc                errno
 .bss           0x000000000000fed0        0x0 /home/fsw/rep/tasa/lib/bcc-2.2.3-gcc/bin/../lib/gcc/sparc-gaisler-elf/10.2.0/../../../../sparc-gaisler-elf/lib/leon3/libc.a(lib_a-strcmp.o)
 .bss           0x000000000000fed0        0x0 /home/fsw/rep/tasa/lib/bcc-2.2.3-gcc/bin/../lib/gcc/sparc-gaisler-elf/10.2.0/../../../../sparc-gaisler-elf/lib/leon3/libc.a(lib_a-wcrtomb.o)
 .bss           0x000000000000fed0        0x0 /home/fsw/rep/tasa/lib/bcc-2.2.3-gcc/bin/../lib/gcc/sparc-gaisler-elf/10.2.0/../../../../sparc-gaisler-elf/lib/leon3/libc.a(lib_a-wctomb_r.o)
 .bss           0x000000000000fed0        0x0 /home/fsw/rep/tasa/lib/bcc-2.2.3-gcc/bin/../lib/gcc/sparc-gaisler-elf/10.2.0/../../../../sparc-gaisler-elf/lib/leon3/libc.a(lib_a-ctype_.o)
 .bss           0x000000000000fed0        0x0 /home/fsw/rep/tasa/lib/bcc-2.2.3-gcc/bin/../sparc-gaisler-elf/bsp/gr740/leon3/libbcc.a(_exit.S.o)
 .bss           0x000000000000fed0        0x0 /home/fsw/rep/tasa/lib/bcc-2.2.3-gcc/bin/../sparc-gaisler-elf/bsp/gr740/leon3/libbcc.a(read.c.o)
 .bss           0x000000000000fed0        0x4 /home/fsw/rep/tasa/lib/bcc-2.2.3-gcc/bin/../sparc-gaisler-elf/bsp/gr740/leon3/libbcc.a(sbrk.c.o)
 .bss           0x000000000000fed4        0x8 /home/fsw/rep/tasa/lib/bcc-2.2.3-gcc/bin/../sparc-gaisler-elf/bsp/gr740/leon3/libbcc.a(heap.c.o)
                0x000000000000fed4                __bcc_heap_max
                0x000000000000fed8                __bcc_heap_min
 .bss           0x000000000000fedc        0x0 /home/fsw/rep/tasa/lib/bcc-2.2.3-gcc/bin/../sparc-gaisler-elf/bsp/gr740/leon3/libbcc.a(write.c.o)
 .bss           0x000000000000fedc        0x0 /home/fsw/rep/tasa/lib/bcc-2.2.3-gcc/bin/../sparc-gaisler-elf/bsp/gr740/leon3/libbcc.a(stubs.S.o)
 .bss           0x000000000000fedc        0x4 /home/fsw/rep/tasa/lib/bcc-2.2.3-gcc/bin/../sparc-gaisler-elf/bsp/gr740/leon3/libbcc.a(con_apbuart.c.o)
 .bss           0x000000000000fee0        0x0 /home/fsw/rep/tasa/lib/bcc-2.2.3-gcc/bin/../sparc-gaisler-elf/bsp/gr740/leon3/libbcc.a(con_handle.c.o)
 .bss           0x000000000000fee0        0x0 /home/fsw/rep/tasa/lib/bcc-2.2.3-gcc/bin/../lib/gcc/sparc-gaisler-elf/10.2.0/leon3/libgcc.a(_udivdi3.o)
 .bss           0x000000000000fee0        0x0 /home/fsw/rep/tasa/lib/bcc-2.2.3-gcc/bin/../lib/gcc/sparc-gaisler-elf/10.2.0/leon3/libgcc.a(_umoddi3.o)
 .bss           0x000000000000fee0        0x0 /home/fsw/rep/tasa/lib/bcc-2.2.3-gcc/bin/../lib/gcc/sparc-gaisler-elf/10.2.0/leon3/libgcc.a(_clz.o)
 .bss           0x000000000000fee0        0x0 /home/fsw/rep/tasa/lib/bcc-2.2.3-gcc/bin/../lib/gcc/sparc-gaisler-elf/10.2.0/leon3/crtend.o
 .bss           0x000000000000fee0        0x0 /home/fsw/rep/tasa/lib/bcc-2.2.3-gcc/bin/../lib/gcc/sparc-gaisler-elf/10.2.0/leon3/crtn.o
 *(COMMON)
                0x000000000000fee0                . = ALIGN (0x8)
                0x000000000000fee0                __bss_end = .
                0x000000000000fee0                __heap_min = .
                0x000000000000fee0                . = ALIGN (0x8)

.jcr
 *(.jcr)

.stab
 *(.stab)

.stabstr
 *(.stabstr)

.debug
 *(.debug)

.line
 *(.line)

.debug_srcinfo
 *(.debug_srcinfo)

.debug_sfnames
 *(.debug_sfnames)

.debug_aranges  0x0000000000000000      0xa18
 *(.debug_aranges)
 .debug_aranges
                0x0000000000000000       0x20 /home/fsw/rep/tasa/lib/bcc-2.2.3-gcc/bin/../sparc-gaisler-elf/bsp/gr740/leon3/trap_table_mvt.S.o
 .debug_aranges
                0x0000000000000020       0x20 /home/fsw/rep/tasa/lib/bcc-2.2.3-gcc/bin/../sparc-gaisler-elf/bsp/gr740/leon3/crt0.S.o
 .debug_aranges
                0x0000000000000040       0x20 /tmp/ccIGPOov.o
 .debug_aranges
                0x0000000000000060       0x20 /home/fsw/rep/tasa/lib/bcc-2.2.3-gcc/bin/../sparc-gaisler-elf/bsp/gr740/leon3/libbcc.a(reset_trap_mvt.S.o)
 .debug_aranges
                0x0000000000000080       0x20 /home/fsw/rep/tasa/lib/bcc-2.2.3-gcc/bin/../sparc-gaisler-elf/bsp/gr740/leon3/libbcc.a(window_trap.S.o)
 .debug_aranges
                0x00000000000000a0       0x20 /home/fsw/rep/tasa/lib/bcc-2.2.3-gcc/bin/../sparc-gaisler-elf/bsp/gr740/leon3/libbcc.a(interrupt_trap.S.o)
 .debug_aranges
                0x00000000000000c0       0x20 /home/fsw/rep/tasa/lib/bcc-2.2.3-gcc/bin/../sparc-gaisler-elf/bsp/gr740/leon3/libbcc.a(flush_windows_trap.S.o)
 .debug_aranges
                0x00000000000000e0       0x20 /home/fsw/rep/tasa/lib/bcc-2.2.3-gcc/bin/../sparc-gaisler-elf/bsp/gr740/leon3/libbcc.a(sw_trap_set_pil.S.o)
 .debug_aranges
                0x0000000000000100       0x18 /home/fsw/rep/tasa/lib/bcc-2.2.3-gcc/bin/../sparc-gaisler-elf/bsp/gr740/leon3/libbcc.a(isr.c.o)
 .debug_aranges
                0x0000000000000118       0x18 /home/fsw/rep/tasa/lib/bcc-2.2.3-gcc/bin/../sparc-gaisler-elf/bsp/gr740/leon3/libbcc.a(int_nest.c.o)
 .debug_aranges
                0x0000000000000130       0x20 /home/fsw/rep/tasa/lib/bcc-2.2.3-gcc/bin/../sparc-gaisler-elf/bsp/gr740/leon3/libbcc.a(init.S.o)
 .debug_aranges
                0x0000000000000150       0x20 /home/fsw/rep/tasa/lib/bcc-2.2.3-gcc/bin/../sparc-gaisler-elf/bsp/gr740/leon3/libbcc.a(leon_info.S.o)
 .debug_aranges
                0x0000000000000170       0x20 /home/fsw/rep/tasa/lib/bcc-2.2.3-gcc/bin/../sparc-gaisler-elf/bsp/gr740/leon3/libbcc.a(dwzero.S.o)
 .debug_aranges
                0x0000000000000190       0x20 /home/fsw/rep/tasa/lib/bcc-2.2.3-gcc/bin/../sparc-gaisler-elf/bsp/gr740/leon3/libbcc.a(copy_data.c.o)
 .debug_aranges
                0x00000000000001b0       0x18 /home/fsw/rep/tasa/lib/bcc-2.2.3-gcc/bin/../sparc-gaisler-elf/bsp/gr740/leon3/libbcc.a(argv.c.o)
 .debug_aranges
                0x00000000000001c8       0x20 /home/fsw/rep/tasa/lib/bcc-2.2.3-gcc/bin/../sparc-gaisler-elf/bsp/gr740/leon3/libbcc.a(int_irqmp_get_source.c.o)
 .debug_aranges
                0x00000000000001e8       0x20 /home/fsw/rep/tasa/lib/bcc-2.2.3-gcc/bin/../sparc-gaisler-elf/bsp/gr740/leon3/libbcc.a(int_irqmp_mp.c.o)
 .debug_aranges
                0x0000000000000208       0x20 /home/fsw/rep/tasa/lib/bcc-2.2.3-gcc/bin/../sparc-gaisler-elf/bsp/gr740/leon3/libbcc.a(int_irqmp_init.c.o)
 .debug_aranges
                0x0000000000000228       0x20 /home/fsw/rep/tasa/lib/bcc-2.2.3-gcc/bin/../sparc-gaisler-elf/bsp/gr740/leon3/libbcc.a(con_apbuart_init.c.o)
 .debug_aranges
                0x0000000000000248       0x20 /home/fsw/rep/tasa/lib/bcc-2.2.3-gcc/bin/../sparc-gaisler-elf/bsp/gr740/leon3/libbcc.a(timer_gptimer_init.c.o)
 .debug_aranges
                0x0000000000000268       0x18 /home/fsw/rep/tasa/lib/bcc-2.2.3-gcc/bin/../sparc-gaisler-elf/bsp/gr740/leon3/libbcc.a(int_irqmp_handle.c.o)
 .debug_aranges
                0x0000000000000280       0x20 /home/fsw/rep/tasa/lib/bcc-2.2.3-gcc/bin/../lib/gcc/sparc-gaisler-elf/10.2.0/../../../../sparc-gaisler-elf/lib/leon3/libc.a(lib_a-atexit.o)
 .debug_aranges
                0x00000000000002a0       0x20 /home/fsw/rep/tasa/lib/bcc-2.2.3-gcc/bin/../lib/gcc/sparc-gaisler-elf/10.2.0/../../../../sparc-gaisler-elf/lib/leon3/libc.a(lib_a-exit.o)
 .debug_aranges
                0x00000000000002c0       0x18 /home/fsw/rep/tasa/lib/bcc-2.2.3-gcc/bin/../lib/gcc/sparc-gaisler-elf/10.2.0/../../../../sparc-gaisler-elf/lib/leon3/libc.a(lib_a-impure.o)
 .debug_aranges
                0x00000000000002d8       0x20 /home/fsw/rep/tasa/lib/bcc-2.2.3-gcc/bin/../lib/gcc/sparc-gaisler-elf/10.2.0/../../../../sparc-gaisler-elf/lib/leon3/libc.a(lib_a-printf.o)
 .debug_aranges
                0x00000000000002f8       0x20 /home/fsw/rep/tasa/lib/bcc-2.2.3-gcc/bin/../lib/gcc/sparc-gaisler-elf/10.2.0/../../../../sparc-gaisler-elf/lib/leon3/libc.a(lib_a-putchar.o)
 .debug_aranges
                0x0000000000000318       0x20 /home/fsw/rep/tasa/lib/bcc-2.2.3-gcc/bin/../lib/gcc/sparc-gaisler-elf/10.2.0/../../../../sparc-gaisler-elf/lib/leon3/libc.a(lib_a-puts.o)
 .debug_aranges
                0x0000000000000338       0x20 /home/fsw/rep/tasa/lib/bcc-2.2.3-gcc/bin/../lib/gcc/sparc-gaisler-elf/10.2.0/../../../../sparc-gaisler-elf/lib/leon3/libc.a(lib_a-strlen.o)
 .debug_aranges
                0x0000000000000358       0x20 /home/fsw/rep/tasa/lib/bcc-2.2.3-gcc/bin/../lib/gcc/sparc-gaisler-elf/10.2.0/../../../../sparc-gaisler-elf/lib/leon3/libc.a(lib_a-vfprintf.o)
 .debug_aranges
                0x0000000000000378       0x20 /home/fsw/rep/tasa/lib/bcc-2.2.3-gcc/bin/../lib/gcc/sparc-gaisler-elf/10.2.0/../../../../sparc-gaisler-elf/lib/leon3/libc.a(lib_a-wsetup.o)
 .debug_aranges
                0x0000000000000398       0x20 /home/fsw/rep/tasa/lib/bcc-2.2.3-gcc/bin/../lib/gcc/sparc-gaisler-elf/10.2.0/../../../../sparc-gaisler-elf/lib/leon3/libc.a(lib_a-__atexit.o)
 .debug_aranges
                0x00000000000003b8       0x20 /home/fsw/rep/tasa/lib/bcc-2.2.3-gcc/bin/../lib/gcc/sparc-gaisler-elf/10.2.0/../../../../sparc-gaisler-elf/lib/leon3/libc.a(lib_a-__call_atexit.o)
 .debug_aranges
                0x00000000000003d8       0x20 /home/fsw/rep/tasa/lib/bcc-2.2.3-gcc/bin/../lib/gcc/sparc-gaisler-elf/10.2.0/../../../../sparc-gaisler-elf/lib/leon3/libc.a(lib_a-dtoa.o)
 .debug_aranges
                0x00000000000003f8       0x20 /home/fsw/rep/tasa/lib/bcc-2.2.3-gcc/bin/../lib/gcc/sparc-gaisler-elf/10.2.0/../../../../sparc-gaisler-elf/lib/leon3/libc.a(lib_a-fflush.o)
 .debug_aranges
                0x0000000000000418       0x20 /home/fsw/rep/tasa/lib/bcc-2.2.3-gcc/bin/../lib/gcc/sparc-gaisler-elf/10.2.0/../../../../sparc-gaisler-elf/lib/leon3/libc.a(lib_a-findfp.o)
 .debug_aranges
                0x0000000000000438       0x20 /home/fsw/rep/tasa/lib/bcc-2.2.3-gcc/bin/../lib/gcc/sparc-gaisler-elf/10.2.0/../../../../sparc-gaisler-elf/lib/leon3/libc.a(lib_a-freer.o)
 .debug_aranges
                0x0000000000000458       0x20 /home/fsw/rep/tasa/lib/bcc-2.2.3-gcc/bin/../lib/gcc/sparc-gaisler-elf/10.2.0/../../../../sparc-gaisler-elf/lib/leon3/libc.a(lib_a-fvwrite.o)
 .debug_aranges
                0x0000000000000478       0x20 /home/fsw/rep/tasa/lib/bcc-2.2.3-gcc/bin/../lib/gcc/sparc-gaisler-elf/10.2.0/../../../../sparc-gaisler-elf/lib/leon3/libc.a(lib_a-fwalk.o)
 .debug_aranges
                0x0000000000000498       0x20 /home/fsw/rep/tasa/lib/bcc-2.2.3-gcc/bin/../lib/gcc/sparc-gaisler-elf/10.2.0/../../../../sparc-gaisler-elf/lib/leon3/libc.a(lib_a-localeconv.o)
 .debug_aranges
                0x00000000000004b8       0x20 /home/fsw/rep/tasa/lib/bcc-2.2.3-gcc/bin/../lib/gcc/sparc-gaisler-elf/10.2.0/../../../../sparc-gaisler-elf/lib/leon3/libc.a(lib_a-makebuf.o)
 .debug_aranges
                0x00000000000004d8       0x20 /home/fsw/rep/tasa/lib/bcc-2.2.3-gcc/bin/../lib/gcc/sparc-gaisler-elf/10.2.0/../../../../sparc-gaisler-elf/lib/leon3/libc.a(lib_a-malloc.o)
 .debug_aranges
                0x00000000000004f8       0x20 /home/fsw/rep/tasa/lib/bcc-2.2.3-gcc/bin/../lib/gcc/sparc-gaisler-elf/10.2.0/../../../../sparc-gaisler-elf/lib/leon3/libc.a(lib_a-mallocr.o)
 .debug_aranges
                0x0000000000000518       0x20 /home/fsw/rep/tasa/lib/bcc-2.2.3-gcc/bin/../lib/gcc/sparc-gaisler-elf/10.2.0/../../../../sparc-gaisler-elf/lib/leon3/libc.a(lib_a-memchr.o)
 .debug_aranges
                0x0000000000000538       0x20 /home/fsw/rep/tasa/lib/bcc-2.2.3-gcc/bin/../lib/gcc/sparc-gaisler-elf/10.2.0/../../../../sparc-gaisler-elf/lib/leon3/libc.a(lib_a-memcpy.o)
 .debug_aranges
                0x0000000000000558       0x20 /home/fsw/rep/tasa/lib/bcc-2.2.3-gcc/bin/../lib/gcc/sparc-gaisler-elf/10.2.0/../../../../sparc-gaisler-elf/lib/leon3/libc.a(lib_a-memmove.o)
 .debug_aranges
                0x0000000000000578       0x20 /home/fsw/rep/tasa/lib/bcc-2.2.3-gcc/bin/../lib/gcc/sparc-gaisler-elf/10.2.0/../../../../sparc-gaisler-elf/lib/leon3/libc.a(lib_a-memset.o)
 .debug_aranges
                0x0000000000000598       0x20 /home/fsw/rep/tasa/lib/bcc-2.2.3-gcc/bin/../lib/gcc/sparc-gaisler-elf/10.2.0/../../../../sparc-gaisler-elf/lib/leon3/libc.a(lib_a-mlock.o)
 .debug_aranges
                0x00000000000005b8       0x20 /home/fsw/rep/tasa/lib/bcc-2.2.3-gcc/bin/../lib/gcc/sparc-gaisler-elf/10.2.0/../../../../sparc-gaisler-elf/lib/leon3/libc.a(lib_a-mprec.o)
 .debug_aranges
                0x00000000000005d8       0x20 /home/fsw/rep/tasa/lib/bcc-2.2.3-gcc/bin/../lib/gcc/sparc-gaisler-elf/10.2.0/../../../../sparc-gaisler-elf/lib/leon3/libc.a(lib_a-putc.o)
 .debug_aranges
                0x00000000000005f8       0x20 /home/fsw/rep/tasa/lib/bcc-2.2.3-gcc/bin/../lib/gcc/sparc-gaisler-elf/10.2.0/../../../../sparc-gaisler-elf/lib/leon3/libc.a(lib_a-reallocr.o)
 .debug_aranges
                0x0000000000000618       0x20 /home/fsw/rep/tasa/lib/bcc-2.2.3-gcc/bin/../lib/gcc/sparc-gaisler-elf/10.2.0/../../../../sparc-gaisler-elf/lib/leon3/libc.a(lib_a-s_frexp.o)
 .debug_aranges
                0x0000000000000638       0x20 /home/fsw/rep/tasa/lib/bcc-2.2.3-gcc/bin/../lib/gcc/sparc-gaisler-elf/10.2.0/../../../../sparc-gaisler-elf/lib/leon3/libc.a(lib_a-sbrkr.o)
 .debug_aranges
                0x0000000000000658       0x20 /home/fsw/rep/tasa/lib/bcc-2.2.3-gcc/bin/../lib/gcc/sparc-gaisler-elf/10.2.0/../../../../sparc-gaisler-elf/lib/leon3/libc.a(lib_a-stdio.o)
 .debug_aranges
                0x0000000000000678       0x20 /home/fsw/rep/tasa/lib/bcc-2.2.3-gcc/bin/../lib/gcc/sparc-gaisler-elf/10.2.0/../../../../sparc-gaisler-elf/lib/leon3/libc.a(lib_a-strncpy.o)
 .debug_aranges
                0x0000000000000698       0x20 /home/fsw/rep/tasa/lib/bcc-2.2.3-gcc/bin/../lib/gcc/sparc-gaisler-elf/10.2.0/../../../../sparc-gaisler-elf/lib/leon3/libc.a(lib_a-vfiprintf.o)
 .debug_aranges
                0x00000000000006b8       0x20 /home/fsw/rep/tasa/lib/bcc-2.2.3-gcc/bin/../lib/gcc/sparc-gaisler-elf/10.2.0/../../../../sparc-gaisler-elf/lib/leon3/libc.a(lib_a-wbuf.o)
 .debug_aranges
                0x00000000000006d8       0x20 /home/fsw/rep/tasa/lib/bcc-2.2.3-gcc/bin/../lib/gcc/sparc-gaisler-elf/10.2.0/../../../../sparc-gaisler-elf/lib/leon3/libc.a(lib_a-writer.o)
 .debug_aranges
                0x00000000000006f8       0x20 /home/fsw/rep/tasa/lib/bcc-2.2.3-gcc/bin/../lib/gcc/sparc-gaisler-elf/10.2.0/../../../../sparc-gaisler-elf/lib/leon3/libc.a(lib_a-callocr.o)
 .debug_aranges
                0x0000000000000718       0x20 /home/fsw/rep/tasa/lib/bcc-2.2.3-gcc/bin/../lib/gcc/sparc-gaisler-elf/10.2.0/../../../../sparc-gaisler-elf/lib/leon3/libc.a(lib_a-closer.o)
 .debug_aranges
                0x0000000000000738       0x20 /home/fsw/rep/tasa/lib/bcc-2.2.3-gcc/bin/../lib/gcc/sparc-gaisler-elf/10.2.0/../../../../sparc-gaisler-elf/lib/leon3/libc.a(lib_a-fclose.o)
 .debug_aranges
                0x0000000000000758       0x20 /home/fsw/rep/tasa/lib/bcc-2.2.3-gcc/bin/../lib/gcc/sparc-gaisler-elf/10.2.0/../../../../sparc-gaisler-elf/lib/leon3/libc.a(lib_a-fputwc.o)
 .debug_aranges
                0x0000000000000778       0x20 /home/fsw/rep/tasa/lib/bcc-2.2.3-gcc/bin/../lib/gcc/sparc-gaisler-elf/10.2.0/../../../../sparc-gaisler-elf/lib/leon3/libc.a(lib_a-fstatr.o)
 .debug_aranges
                0x0000000000000798       0x20 /home/fsw/rep/tasa/lib/bcc-2.2.3-gcc/bin/../lib/gcc/sparc-gaisler-elf/10.2.0/../../../../sparc-gaisler-elf/lib/leon3/libc.a(lib_a-isattyr.o)
 .debug_aranges
                0x00000000000007b8       0x20 /home/fsw/rep/tasa/lib/bcc-2.2.3-gcc/bin/../lib/gcc/sparc-gaisler-elf/10.2.0/../../../../sparc-gaisler-elf/lib/leon3/libc.a(lib_a-locale.o)
 .debug_aranges
                0x00000000000007d8       0x20 /home/fsw/rep/tasa/lib/bcc-2.2.3-gcc/bin/../lib/gcc/sparc-gaisler-elf/10.2.0/../../../../sparc-gaisler-elf/lib/leon3/libc.a(lib_a-lseekr.o)
 .debug_aranges
                0x00000000000007f8       0x20 /home/fsw/rep/tasa/lib/bcc-2.2.3-gcc/bin/../lib/gcc/sparc-gaisler-elf/10.2.0/../../../../sparc-gaisler-elf/lib/leon3/libc.a(lib_a-mbtowc_r.o)
 .debug_aranges
                0x0000000000000818       0x20 /home/fsw/rep/tasa/lib/bcc-2.2.3-gcc/bin/../lib/gcc/sparc-gaisler-elf/10.2.0/../../../../sparc-gaisler-elf/lib/leon3/libc.a(lib_a-readr.o)
 .debug_aranges
                0x0000000000000838       0x20 /home/fsw/rep/tasa/lib/bcc-2.2.3-gcc/bin/../lib/gcc/sparc-gaisler-elf/10.2.0/../../../../sparc-gaisler-elf/lib/leon3/libc.a(lib_a-reent.o)
 .debug_aranges
                0x0000000000000858       0x20 /home/fsw/rep/tasa/lib/bcc-2.2.3-gcc/bin/../lib/gcc/sparc-gaisler-elf/10.2.0/../../../../sparc-gaisler-elf/lib/leon3/libc.a(lib_a-strcmp.o)
 .debug_aranges
                0x0000000000000878       0x20 /home/fsw/rep/tasa/lib/bcc-2.2.3-gcc/bin/../lib/gcc/sparc-gaisler-elf/10.2.0/../../../../sparc-gaisler-elf/lib/leon3/libc.a(lib_a-wcrtomb.o)
 .debug_aranges
                0x0000000000000898       0x20 /home/fsw/rep/tasa/lib/bcc-2.2.3-gcc/bin/../lib/gcc/sparc-gaisler-elf/10.2.0/../../../../sparc-gaisler-elf/lib/leon3/libc.a(lib_a-wctomb_r.o)
 .debug_aranges
                0x00000000000008b8       0x18 /home/fsw/rep/tasa/lib/bcc-2.2.3-gcc/bin/../lib/gcc/sparc-gaisler-elf/10.2.0/../../../../sparc-gaisler-elf/lib/leon3/libc.a(lib_a-ctype_.o)
 .debug_aranges
                0x00000000000008d0       0x20 /home/fsw/rep/tasa/lib/bcc-2.2.3-gcc/bin/../sparc-gaisler-elf/bsp/gr740/leon3/libbcc.a(_exit.S.o)
 .debug_aranges
                0x00000000000008f0       0x20 /home/fsw/rep/tasa/lib/bcc-2.2.3-gcc/bin/../sparc-gaisler-elf/bsp/gr740/leon3/libbcc.a(read.c.o)
 .debug_aranges
                0x0000000000000910       0x20 /home/fsw/rep/tasa/lib/bcc-2.2.3-gcc/bin/../sparc-gaisler-elf/bsp/gr740/leon3/libbcc.a(sbrk.c.o)
 .debug_aranges
                0x0000000000000930       0x18 /home/fsw/rep/tasa/lib/bcc-2.2.3-gcc/bin/../sparc-gaisler-elf/bsp/gr740/leon3/libbcc.a(heap.c.o)
 .debug_aranges
                0x0000000000000948       0x20 /home/fsw/rep/tasa/lib/bcc-2.2.3-gcc/bin/../sparc-gaisler-elf/bsp/gr740/leon3/libbcc.a(write.c.o)
 .debug_aranges
                0x0000000000000968       0x20 /home/fsw/rep/tasa/lib/bcc-2.2.3-gcc/bin/../sparc-gaisler-elf/bsp/gr740/leon3/libbcc.a(stubs.S.o)
 .debug_aranges
                0x0000000000000988       0x20 /home/fsw/rep/tasa/lib/bcc-2.2.3-gcc/bin/../sparc-gaisler-elf/bsp/gr740/leon3/libbcc.a(con_apbuart.c.o)
 .debug_aranges
                0x00000000000009a8       0x18 /home/fsw/rep/tasa/lib/bcc-2.2.3-gcc/bin/../sparc-gaisler-elf/bsp/gr740/leon3/libbcc.a(con_handle.c.o)
 .debug_aranges
                0x00000000000009c0       0x20 /home/fsw/rep/tasa/lib/bcc-2.2.3-gcc/bin/../lib/gcc/sparc-gaisler-elf/10.2.0/leon3/libgcc.a(_udivdi3.o)
 .debug_aranges
                0x00000000000009e0       0x20 /home/fsw/rep/tasa/lib/bcc-2.2.3-gcc/bin/../lib/gcc/sparc-gaisler-elf/10.2.0/leon3/libgcc.a(_umoddi3.o)
 .debug_aranges
                0x0000000000000a00       0x18 /home/fsw/rep/tasa/lib/bcc-2.2.3-gcc/bin/../lib/gcc/sparc-gaisler-elf/10.2.0/leon3/libgcc.a(_clz.o)

.debug_pubnames
 *(.debug_pubnames)

.debug_info     0x0000000000000000    0x2104c
 *(.debug_info)
 .debug_info    0x0000000000000000       0x26 /home/fsw/rep/tasa/lib/bcc-2.2.3-gcc/bin/../sparc-gaisler-elf/bsp/gr740/leon3/trap_table_mvt.S.o
 .debug_info    0x0000000000000026       0x26 /home/fsw/rep/tasa/lib/bcc-2.2.3-gcc/bin/../sparc-gaisler-elf/bsp/gr740/leon3/crt0.S.o
 .debug_info    0x000000000000004c      0x40d /tmp/ccIGPOov.o
 .debug_info    0x0000000000000459       0x26 /home/fsw/rep/tasa/lib/bcc-2.2.3-gcc/bin/../sparc-gaisler-elf/bsp/gr740/leon3/libbcc.a(reset_trap_mvt.S.o)
 .debug_info    0x000000000000047f       0x26 /home/fsw/rep/tasa/lib/bcc-2.2.3-gcc/bin/../sparc-gaisler-elf/bsp/gr740/leon3/libbcc.a(window_trap.S.o)
 .debug_info    0x00000000000004a5       0x26 /home/fsw/rep/tasa/lib/bcc-2.2.3-gcc/bin/../sparc-gaisler-elf/bsp/gr740/leon3/libbcc.a(interrupt_trap.S.o)
 .debug_info    0x00000000000004cb       0x26 /home/fsw/rep/tasa/lib/bcc-2.2.3-gcc/bin/../sparc-gaisler-elf/bsp/gr740/leon3/libbcc.a(flush_windows_trap.S.o)
 .debug_info    0x00000000000004f1       0x26 /home/fsw/rep/tasa/lib/bcc-2.2.3-gcc/bin/../sparc-gaisler-elf/bsp/gr740/leon3/libbcc.a(sw_trap_set_pil.S.o)
 .debug_info    0x0000000000000517       0xf5 /home/fsw/rep/tasa/lib/bcc-2.2.3-gcc/bin/../sparc-gaisler-elf/bsp/gr740/leon3/libbcc.a(isr.c.o)
 .debug_info    0x000000000000060c       0xcd /home/fsw/rep/tasa/lib/bcc-2.2.3-gcc/bin/../sparc-gaisler-elf/bsp/gr740/leon3/libbcc.a(int_nest.c.o)
 .debug_info    0x00000000000006d9       0x26 /home/fsw/rep/tasa/lib/bcc-2.2.3-gcc/bin/../sparc-gaisler-elf/bsp/gr740/leon3/libbcc.a(init.S.o)
 .debug_info    0x00000000000006ff       0x26 /home/fsw/rep/tasa/lib/bcc-2.2.3-gcc/bin/../sparc-gaisler-elf/bsp/gr740/leon3/libbcc.a(leon_info.S.o)
 .debug_info    0x0000000000000725       0x26 /home/fsw/rep/tasa/lib/bcc-2.2.3-gcc/bin/../sparc-gaisler-elf/bsp/gr740/leon3/libbcc.a(dwzero.S.o)
 .debug_info    0x000000000000074b       0xe8 /home/fsw/rep/tasa/lib/bcc-2.2.3-gcc/bin/../sparc-gaisler-elf/bsp/gr740/leon3/libbcc.a(copy_data.c.o)
 .debug_info    0x0000000000000833       0xd9 /home/fsw/rep/tasa/lib/bcc-2.2.3-gcc/bin/../sparc-gaisler-elf/bsp/gr740/leon3/libbcc.a(argv.c.o)
 .debug_info    0x000000000000090c      0x2db /home/fsw/rep/tasa/lib/bcc-2.2.3-gcc/bin/../sparc-gaisler-elf/bsp/gr740/leon3/libbcc.a(int_irqmp_get_source.c.o)
 .debug_info    0x0000000000000be7      0x3a6 /home/fsw/rep/tasa/lib/bcc-2.2.3-gcc/bin/../sparc-gaisler-elf/bsp/gr740/leon3/libbcc.a(int_irqmp_mp.c.o)
 .debug_info    0x0000000000000f8d      0x390 /home/fsw/rep/tasa/lib/bcc-2.2.3-gcc/bin/../sparc-gaisler-elf/bsp/gr740/leon3/libbcc.a(int_irqmp_init.c.o)
 .debug_info    0x000000000000131d       0xd7 /home/fsw/rep/tasa/lib/bcc-2.2.3-gcc/bin/../sparc-gaisler-elf/bsp/gr740/leon3/libbcc.a(con_apbuart_init.c.o)
 .debug_info    0x00000000000013f4      0x17d /home/fsw/rep/tasa/lib/bcc-2.2.3-gcc/bin/../sparc-gaisler-elf/bsp/gr740/leon3/libbcc.a(timer_gptimer_init.c.o)
 .debug_info    0x0000000000001571       0xeb /home/fsw/rep/tasa/lib/bcc-2.2.3-gcc/bin/../sparc-gaisler-elf/bsp/gr740/leon3/libbcc.a(int_irqmp_handle.c.o)
 .debug_info    0x000000000000165c      0x102 /home/fsw/rep/tasa/lib/bcc-2.2.3-gcc/bin/../lib/gcc/sparc-gaisler-elf/10.2.0/../../../../sparc-gaisler-elf/lib/leon3/libc.a(lib_a-atexit.o)
 .debug_info    0x000000000000175e      0x7de /home/fsw/rep/tasa/lib/bcc-2.2.3-gcc/bin/../lib/gcc/sparc-gaisler-elf/10.2.0/../../../../sparc-gaisler-elf/lib/leon3/libc.a(lib_a-exit.o)
 .debug_info    0x0000000000001f3c      0x83e /home/fsw/rep/tasa/lib/bcc-2.2.3-gcc/bin/../lib/gcc/sparc-gaisler-elf/10.2.0/../../../../sparc-gaisler-elf/lib/leon3/libc.a(lib_a-impure.o)
 .debug_info    0x000000000000277a      0x916 /home/fsw/rep/tasa/lib/bcc-2.2.3-gcc/bin/../lib/gcc/sparc-gaisler-elf/10.2.0/../../../../sparc-gaisler-elf/lib/leon3/libc.a(lib_a-printf.o)
 .debug_info    0x0000000000003090      0x891 /home/fsw/rep/tasa/lib/bcc-2.2.3-gcc/bin/../lib/gcc/sparc-gaisler-elf/10.2.0/../../../../sparc-gaisler-elf/lib/leon3/libc.a(lib_a-putchar.o)
 .debug_info    0x0000000000003921      0xaf5 /home/fsw/rep/tasa/lib/bcc-2.2.3-gcc/bin/../lib/gcc/sparc-gaisler-elf/10.2.0/../../../../sparc-gaisler-elf/lib/leon3/libc.a(lib_a-puts.o)
 .debug_info    0x0000000000004416       0xee /home/fsw/rep/tasa/lib/bcc-2.2.3-gcc/bin/../lib/gcc/sparc-gaisler-elf/10.2.0/../../../../sparc-gaisler-elf/lib/leon3/libc.a(lib_a-strlen.o)
 .debug_info    0x0000000000004504     0x1d9f /home/fsw/rep/tasa/lib/bcc-2.2.3-gcc/bin/../lib/gcc/sparc-gaisler-elf/10.2.0/../../../../sparc-gaisler-elf/lib/leon3/libc.a(lib_a-vfprintf.o)
 .debug_info    0x00000000000062a3      0x8dd /home/fsw/rep/tasa/lib/bcc-2.2.3-gcc/bin/../lib/gcc/sparc-gaisler-elf/10.2.0/../../../../sparc-gaisler-elf/lib/leon3/libc.a(lib_a-wsetup.o)
 .debug_info    0x0000000000006b80      0x264 /home/fsw/rep/tasa/lib/bcc-2.2.3-gcc/bin/../lib/gcc/sparc-gaisler-elf/10.2.0/../../../../sparc-gaisler-elf/lib/leon3/libc.a(lib_a-__atexit.o)
 .debug_info    0x0000000000006de4      0x28d /home/fsw/rep/tasa/lib/bcc-2.2.3-gcc/bin/../lib/gcc/sparc-gaisler-elf/10.2.0/../../../../sparc-gaisler-elf/lib/leon3/libc.a(lib_a-__call_atexit.o)
 .debug_info    0x0000000000007071     0x152b /home/fsw/rep/tasa/lib/bcc-2.2.3-gcc/bin/../lib/gcc/sparc-gaisler-elf/10.2.0/../../../../sparc-gaisler-elf/lib/leon3/libc.a(lib_a-dtoa.o)
 .debug_info    0x000000000000859c      0xafe /home/fsw/rep/tasa/lib/bcc-2.2.3-gcc/bin/../lib/gcc/sparc-gaisler-elf/10.2.0/../../../../sparc-gaisler-elf/lib/leon3/libc.a(lib_a-fflush.o)
 .debug_info    0x000000000000909a      0xddb /home/fsw/rep/tasa/lib/bcc-2.2.3-gcc/bin/../lib/gcc/sparc-gaisler-elf/10.2.0/../../../../sparc-gaisler-elf/lib/leon3/libc.a(lib_a-findfp.o)
 .debug_info    0x0000000000009e75      0xb8d /home/fsw/rep/tasa/lib/bcc-2.2.3-gcc/bin/../lib/gcc/sparc-gaisler-elf/10.2.0/../../../../sparc-gaisler-elf/lib/leon3/libc.a(lib_a-freer.o)
 .debug_info    0x000000000000aa02      0xb03 /home/fsw/rep/tasa/lib/bcc-2.2.3-gcc/bin/../lib/gcc/sparc-gaisler-elf/10.2.0/../../../../sparc-gaisler-elf/lib/leon3/libc.a(lib_a-fvwrite.o)
 .debug_info    0x000000000000b505      0x8db /home/fsw/rep/tasa/lib/bcc-2.2.3-gcc/bin/../lib/gcc/sparc-gaisler-elf/10.2.0/../../../../sparc-gaisler-elf/lib/leon3/libc.a(lib_a-fwalk.o)
 .debug_info    0x000000000000bde0      0xb4b /home/fsw/rep/tasa/lib/bcc-2.2.3-gcc/bin/../lib/gcc/sparc-gaisler-elf/10.2.0/../../../../sparc-gaisler-elf/lib/leon3/libc.a(lib_a-localeconv.o)
 .debug_info    0x000000000000c92b      0xc41 /home/fsw/rep/tasa/lib/bcc-2.2.3-gcc/bin/../lib/gcc/sparc-gaisler-elf/10.2.0/../../../../sparc-gaisler-elf/lib/leon3/libc.a(lib_a-makebuf.o)
 .debug_info    0x000000000000d56c      0x817 /home/fsw/rep/tasa/lib/bcc-2.2.3-gcc/bin/../lib/gcc/sparc-gaisler-elf/10.2.0/../../../../sparc-gaisler-elf/lib/leon3/libc.a(lib_a-malloc.o)
 .debug_info    0x000000000000dd83      0xcf9 /home/fsw/rep/tasa/lib/bcc-2.2.3-gcc/bin/../lib/gcc/sparc-gaisler-elf/10.2.0/../../../../sparc-gaisler-elf/lib/leon3/libc.a(lib_a-mallocr.o)
 .debug_info    0x000000000000ea7c      0x14e /home/fsw/rep/tasa/lib/bcc-2.2.3-gcc/bin/../lib/gcc/sparc-gaisler-elf/10.2.0/../../../../sparc-gaisler-elf/lib/leon3/libc.a(lib_a-memchr.o)
 .debug_info    0x000000000000ebca      0x162 /home/fsw/rep/tasa/lib/bcc-2.2.3-gcc/bin/../lib/gcc/sparc-gaisler-elf/10.2.0/../../../../sparc-gaisler-elf/lib/leon3/libc.a(lib_a-memcpy.o)
 .debug_info    0x000000000000ed2c      0x152 /home/fsw/rep/tasa/lib/bcc-2.2.3-gcc/bin/../lib/gcc/sparc-gaisler-elf/10.2.0/../../../../sparc-gaisler-elf/lib/leon3/libc.a(lib_a-memmove.o)
 .debug_info    0x000000000000ee7e      0x13d /home/fsw/rep/tasa/lib/bcc-2.2.3-gcc/bin/../lib/gcc/sparc-gaisler-elf/10.2.0/../../../../sparc-gaisler-elf/lib/leon3/libc.a(lib_a-memset.o)
 .debug_info    0x000000000000efbb      0x7aa /home/fsw/rep/tasa/lib/bcc-2.2.3-gcc/bin/../lib/gcc/sparc-gaisler-elf/10.2.0/../../../../sparc-gaisler-elf/lib/leon3/libc.a(lib_a-mlock.o)
 .debug_info    0x000000000000f765     0x20f7 /home/fsw/rep/tasa/lib/bcc-2.2.3-gcc/bin/../lib/gcc/sparc-gaisler-elf/10.2.0/../../../../sparc-gaisler-elf/lib/leon3/libc.a(lib_a-mprec.o)
 .debug_info    0x000000000001185c      0xa23 /home/fsw/rep/tasa/lib/bcc-2.2.3-gcc/bin/../lib/gcc/sparc-gaisler-elf/10.2.0/../../../../sparc-gaisler-elf/lib/leon3/libc.a(lib_a-putc.o)
 .debug_info    0x000000000001227f      0xc02 /home/fsw/rep/tasa/lib/bcc-2.2.3-gcc/bin/../lib/gcc/sparc-gaisler-elf/10.2.0/../../../../sparc-gaisler-elf/lib/leon3/libc.a(lib_a-reallocr.o)
 .debug_info    0x0000000000012e81      0x1cf /home/fsw/rep/tasa/lib/bcc-2.2.3-gcc/bin/../lib/gcc/sparc-gaisler-elf/10.2.0/../../../../sparc-gaisler-elf/lib/leon3/libc.a(lib_a-s_frexp.o)
 .debug_info    0x0000000000013050      0x801 /home/fsw/rep/tasa/lib/bcc-2.2.3-gcc/bin/../lib/gcc/sparc-gaisler-elf/10.2.0/../../../../sparc-gaisler-elf/lib/leon3/libc.a(lib_a-sbrkr.o)
 .debug_info    0x0000000000013851      0xab3 /home/fsw/rep/tasa/lib/bcc-2.2.3-gcc/bin/../lib/gcc/sparc-gaisler-elf/10.2.0/../../../../sparc-gaisler-elf/lib/leon3/libc.a(lib_a-stdio.o)
 .debug_info    0x0000000000014304      0x153 /home/fsw/rep/tasa/lib/bcc-2.2.3-gcc/bin/../lib/gcc/sparc-gaisler-elf/10.2.0/../../../../sparc-gaisler-elf/lib/leon3/libc.a(lib_a-strncpy.o)
 .debug_info    0x0000000000014457     0x2413 /home/fsw/rep/tasa/lib/bcc-2.2.3-gcc/bin/../lib/gcc/sparc-gaisler-elf/10.2.0/../../../../sparc-gaisler-elf/lib/leon3/libc.a(lib_a-vfiprintf.o)
 .debug_info    0x000000000001686a      0xa45 /home/fsw/rep/tasa/lib/bcc-2.2.3-gcc/bin/../lib/gcc/sparc-gaisler-elf/10.2.0/../../../../sparc-gaisler-elf/lib/leon3/libc.a(lib_a-wbuf.o)
 .debug_info    0x00000000000172af      0x831 /home/fsw/rep/tasa/lib/bcc-2.2.3-gcc/bin/../lib/gcc/sparc-gaisler-elf/10.2.0/../../../../sparc-gaisler-elf/lib/leon3/libc.a(lib_a-writer.o)
 .debug_info    0x0000000000017ae0      0x8ed /home/fsw/rep/tasa/lib/bcc-2.2.3-gcc/bin/../lib/gcc/sparc-gaisler-elf/10.2.0/../../../../sparc-gaisler-elf/lib/leon3/libc.a(lib_a-callocr.o)
 .debug_info    0x00000000000183cd      0x7de /home/fsw/rep/tasa/lib/bcc-2.2.3-gcc/bin/../lib/gcc/sparc-gaisler-elf/10.2.0/../../../../sparc-gaisler-elf/lib/leon3/libc.a(lib_a-closer.o)
 .debug_info    0x0000000000018bab      0xa42 /home/fsw/rep/tasa/lib/bcc-2.2.3-gcc/bin/../lib/gcc/sparc-gaisler-elf/10.2.0/../../../../sparc-gaisler-elf/lib/leon3/libc.a(lib_a-fclose.o)
 .debug_info    0x00000000000195ed      0xb09 /home/fsw/rep/tasa/lib/bcc-2.2.3-gcc/bin/../lib/gcc/sparc-gaisler-elf/10.2.0/../../../../sparc-gaisler-elf/lib/leon3/libc.a(lib_a-fputwc.o)
 .debug_info    0x000000000001a0f6      0x9dd /home/fsw/rep/tasa/lib/bcc-2.2.3-gcc/bin/../lib/gcc/sparc-gaisler-elf/10.2.0/../../../../sparc-gaisler-elf/lib/leon3/libc.a(lib_a-fstatr.o)
 .debug_info    0x000000000001aad3      0x7de /home/fsw/rep/tasa/lib/bcc-2.2.3-gcc/bin/../lib/gcc/sparc-gaisler-elf/10.2.0/../../../../sparc-gaisler-elf/lib/leon3/libc.a(lib_a-isattyr.o)
 .debug_info    0x000000000001b2b1      0xcf4 /home/fsw/rep/tasa/lib/bcc-2.2.3-gcc/bin/../lib/gcc/sparc-gaisler-elf/10.2.0/../../../../sparc-gaisler-elf/lib/leon3/libc.a(lib_a-locale.o)
 .debug_info    0x000000000001bfa5      0x812 /home/fsw/rep/tasa/lib/bcc-2.2.3-gcc/bin/../lib/gcc/sparc-gaisler-elf/10.2.0/../../../../sparc-gaisler-elf/lib/leon3/libc.a(lib_a-lseekr.o)
 .debug_info    0x000000000001c7b7      0xb78 /home/fsw/rep/tasa/lib/bcc-2.2.3-gcc/bin/../lib/gcc/sparc-gaisler-elf/10.2.0/../../../../sparc-gaisler-elf/lib/leon3/libc.a(lib_a-mbtowc_r.o)
 .debug_info    0x000000000001d32f      0x82a /home/fsw/rep/tasa/lib/bcc-2.2.3-gcc/bin/../lib/gcc/sparc-gaisler-elf/10.2.0/../../../../sparc-gaisler-elf/lib/leon3/libc.a(lib_a-readr.o)
 .debug_info    0x000000000001db59      0xc8c /home/fsw/rep/tasa/lib/bcc-2.2.3-gcc/bin/../lib/gcc/sparc-gaisler-elf/10.2.0/../../../../sparc-gaisler-elf/lib/leon3/libc.a(lib_a-reent.o)