Archive member included to satisfy reference by file (symbol)

/home/fsw/rep/tasa/lib/bcc-2.2.3-gcc/bin/../sparc-gaisler-elf/bsp/gr716/leon3v7/soft/libbcc.a(reset_trap_mvt.S.o)
                              /home/fsw/rep/tasa/lib/bcc-2.2.3-gcc/bin/../sparc-gaisler-elf/bsp/gr716/leon3v7/soft/trap_table_mvt.S.o (__bcc_trap_reset_mvt)
/home/fsw/rep/tasa/lib/bcc-2.2.3-gcc/bin/../sparc-gaisler-elf/bsp/gr716/leon3v7/soft/libbcc.a(window_trap.S.o)
                              /home/fsw/rep/tasa/lib/bcc-2.2.3-gcc/bin/../sparc-gaisler-elf/bsp/gr716/leon3v7/soft/trap_table_mvt.S.o (__bcc_trap_window_overflow)
/home/fsw/rep/tasa/lib/bcc-2.2.3-gcc/bin/../sparc-gaisler-elf/bsp/gr716/leon3v7/soft/libbcc.a(interrupt_trap.S.o)
                              /home/fsw/rep/tasa/lib/bcc-2.2.3-gcc/bin/../sparc-gaisler-elf/bsp/gr716/leon3v7/soft/trap_table_mvt.S.o (__bcc_trap_interrupt)
/home/fsw/rep/tasa/lib/bcc-2.2.3-gcc/bin/../sparc-gaisler-elf/bsp/gr716/leon3v7/soft/libbcc.a(flush_windows_trap.S.o)
                              /home/fsw/rep/tasa/lib/bcc-2.2.3-gcc/bin/../sparc-gaisler-elf/bsp/gr716/leon3v7/soft/trap_table_mvt.S.o (__bcc_trap_flush_windows)
/home/fsw/rep/tasa/lib/bcc-2.2.3-gcc/bin/../sparc-gaisler-elf/bsp/gr716/leon3v7/soft/libbcc.a(sw_trap_set_pil.S.o)
                              /home/fsw/rep/tasa/lib/bcc-2.2.3-gcc/bin/../sparc-gaisler-elf/bsp/gr716/leon3v7/soft/trap_table_mvt.S.o (__bcc_trap_sw_set_pil)
/home/fsw/rep/tasa/lib/bcc-2.2.3-gcc/bin/../sparc-gaisler-elf/bsp/gr716/leon3v7/soft/libbcc.a(isr.c.o)
                              /home/fsw/rep/tasa/lib/bcc-2.2.3-gcc/bin/../sparc-gaisler-elf/bsp/gr716/leon3v7/soft/libbcc.a(interrupt_trap.S.o) (__bcc_isr_list)
/home/fsw/rep/tasa/lib/bcc-2.2.3-gcc/bin/../sparc-gaisler-elf/bsp/gr716/leon3v7/soft/libbcc.a(int_nest.c.o)
                              /home/fsw/rep/tasa/lib/bcc-2.2.3-gcc/bin/../sparc-gaisler-elf/bsp/gr716/leon3v7/soft/libbcc.a(interrupt_trap.S.o) (__bcc_int_nest)
/home/fsw/rep/tasa/lib/bcc-2.2.3-gcc/bin/../sparc-gaisler-elf/bsp/gr716/leon3v7/soft/libbcc.a(init.S.o)
                              /home/fsw/rep/tasa/lib/bcc-2.2.3-gcc/bin/../sparc-gaisler-elf/bsp/gr716/leon3v7/soft/libbcc.a(reset_trap_mvt.S.o) (__bcc_init40)
/home/fsw/rep/tasa/lib/bcc-2.2.3-gcc/bin/../sparc-gaisler-elf/bsp/gr716/leon3v7/soft/libbcc.a(leon_info.S.o)
                              /home/fsw/rep/tasa/lib/bcc-2.2.3-gcc/bin/../sparc-gaisler-elf/bsp/gr716/leon3v7/soft/crt0.S.o (__bcc_get_leon_info)
/home/fsw/rep/tasa/lib/bcc-2.2.3-gcc/bin/../sparc-gaisler-elf/bsp/gr716/leon3v7/soft/libbcc.a(dwzero.S.o)
                              /home/fsw/rep/tasa/lib/bcc-2.2.3-gcc/bin/../sparc-gaisler-elf/bsp/gr716/leon3v7/soft/crt0.S.o (bcc_dwzero)
/home/fsw/rep/tasa/lib/bcc-2.2.3-gcc/bin/../sparc-gaisler-elf/bsp/gr716/leon3v7/soft/libbcc.a(copy_data.c.o)
                              /home/fsw/rep/tasa/lib/bcc-2.2.3-gcc/bin/../sparc-gaisler-elf/bsp/gr716/leon3v7/soft/crt0.S.o (__bcc_copy_data)
/home/fsw/rep/tasa/lib/bcc-2.2.3-gcc/bin/../sparc-gaisler-elf/bsp/gr716/leon3v7/soft/libbcc.a(argv.c.o)
                              /home/fsw/rep/tasa/lib/bcc-2.2.3-gcc/bin/../sparc-gaisler-elf/bsp/gr716/leon3v7/soft/crt0.S.o (__bcc_argvp)
/home/fsw/rep/tasa/lib/bcc-2.2.3-gcc/bin/../sparc-gaisler-elf/bsp/gr716/leon3v7/soft/libbcc.a(int_irqmp_get_source.c.o)
                              /home/fsw/rep/tasa/lib/bcc-2.2.3-gcc/bin/../sparc-gaisler-elf/bsp/gr716/leon3v7/soft/libbcc.a(interrupt_trap.S.o) (__bcc_int_get_source)
/home/fsw/rep/tasa/lib/bcc-2.2.3-gcc/bin/../sparc-gaisler-elf/bsp/gr716/leon3v7/soft/libbcc.a(int_irqmp_mp.c.o)
                              /tmp/ccN9Pc1P.o (bcc_get_cpu_count)
/home/fsw/rep/tasa/lib/bcc-2.2.3-gcc/bin/../sparc-gaisler-elf/bsp/gr716/leon3v7/soft/libbcc.a(int_irqmp_init.c.o)
                              /home/fsw/rep/tasa/lib/bcc-2.2.3-gcc/bin/../sparc-gaisler-elf/bsp/gr716/leon3v7/soft/crt0.S.o (__bcc_int_init)
/home/fsw/rep/tasa/lib/bcc-2.2.3-gcc/bin/../sparc-gaisler-elf/bsp/gr716/leon3v7/soft/libbcc.a(bsp_timer_init.c.o)
                              /home/fsw/rep/tasa/lib/bcc-2.2.3-gcc/bin/../sparc-gaisler-elf/bsp/gr716/leon3v7/soft/crt0.S.o (__bcc_timer_init)
/home/fsw/rep/tasa/lib/bcc-2.2.3-gcc/bin/../sparc-gaisler-elf/bsp/gr716/leon3v7/soft/libbcc.a(bsp_con_init.c.o)
                              /home/fsw/rep/tasa/lib/bcc-2.2.3-gcc/bin/../sparc-gaisler-elf/bsp/gr716/leon3v7/soft/crt0.S.o (__bcc_con_init)
/home/fsw/rep/tasa/lib/bcc-2.2.3-gcc/bin/../sparc-gaisler-elf/bsp/gr716/leon3v7/soft/libbcc.a(int_irqmp_handle.c.o)
                              /home/fsw/rep/tasa/lib/bcc-2.2.3-gcc/bin/../sparc-gaisler-elf/bsp/gr716/leon3v7/soft/libbcc.a(int_irqmp_get_source.c.o) (__bcc_int_irqmp_eirq)
/home/fsw/rep/tasa/lib/bcc-2.2.3-gcc/bin/../sparc-gaisler-elf/bsp/gr716/leon3v7/soft/libbcc.a(con_handle.c.o)
[...]
Memory Configuration

Name             Origin             Length             Attributes
bootprom         0x0000000000000000 0x0000000000001000
extprom          0x0000000001000000 0x0000000001000000
spi0             0x0000000002000000 0x0000000002000000
spi1             0x0000000004000000 0x0000000002000000
dram             0x0000000030000000 0x0000000000010000
iram             0x0000000031000000 0x0000000000020000
extram           0x0000000040000000 0x0000000010000000
*default*        0x0000000000000000 0xffffffffffffffff

Linker script and memory map

LOAD /home/fsw/rep/tasa/lib/bcc-2.2.3-gcc/bin/../sparc-gaisler-elf/bsp/gr716/leon3v7/soft/trap_table_mvt.S.o
LOAD /home/fsw/rep/tasa/lib/bcc-2.2.3-gcc/bin/../sparc-gaisler-elf/bsp/gr716/leon3v7/soft/crt0.S.o
LOAD /home/fsw/rep/tasa/lib/bcc-2.2.3-gcc/bin/../lib/gcc/sparc-gaisler-elf/10.2.0/leon3v7/soft/crti.o
LOAD /home/fsw/rep/tasa/lib/bcc-2.2.3-gcc/bin/../lib/gcc/sparc-gaisler-elf/10.2.0/leon3v7/soft/crtbegin.o
LOAD /tmp/ccN9Pc1P.o
                0x0000000000000000                PROVIDE (__bcc_cfg_skip_clear_bss = 0x0)

.text           0x0000000031000000     0x91c0
 CREATE_OBJECT_SYMBOLS
                0x0000000031000000                __text_start = .
                0x0000000031000000                . = ALIGN (0x1000)
 *(.text.traptable)
 .text.traptable
                0x0000000031000000     0x1000 /home/fsw/rep/tasa/lib/bcc-2.2.3-gcc/bin/../sparc-gaisler-elf/bsp/gr716/leon3v7/soft/trap_table_mvt.S.o
                0x0000000031000000                __bcc_trap_table
                0x0000000031000000                __bcc_entry_point
 *(.text .text.*)
 .text          0x0000000031001000        0x0 /home/fsw/rep/tasa/lib/bcc-2.2.3-gcc/bin/../sparc-gaisler-elf/bsp/gr716/leon3v7/soft/trap_table_mvt.S.o
 .text          0x0000000031001000       0xc8 /home/fsw/rep/tasa/lib/bcc-2.2.3-gcc/bin/../sparc-gaisler-elf/bsp/gr716/leon3v7/soft/crt0.S.o
                0x0000000031001000                __bcc_crt0
 .text          0x00000000310010c8        0x0 /home/fsw/rep/tasa/lib/bcc-2.2.3-gcc/bin/../lib/gcc/sparc-gaisler-elf/10.2.0/leon3v7/soft/crti.o
 .text          0x00000000310010c8      0x180 /home/fsw/rep/tasa/lib/bcc-2.2.3-gcc/bin/../lib/gcc/sparc-gaisler-elf/10.2.0/leon3v7/soft/crtbegin.o
 .text          0x0000000031001248        0x0 /tmp/ccN9Pc1P.o
 .text.startup  0x0000000031001248      0x14c /tmp/ccN9Pc1P.o
                0x0000000031001248                main
 .text          0x0000000031001394       0x90 /home/fsw/rep/tasa/lib/bcc-2.2.3-gcc/bin/../sparc-gaisler-elf/bsp/gr716/leon3v7/soft/libbcc.a(reset_trap_mvt.S.o)
                0x0000000031001394                __bcc_trap_reset_mvt
 .text          0x0000000031001424       0xb0 /home/fsw/rep/tasa/lib/bcc-2.2.3-gcc/bin/../sparc-gaisler-elf/bsp/gr716/leon3v7/soft/libbcc.a(window_trap.S.o)
                0x0000000031001424                __bcc_trap_window_overflow
                0x0000000031001474                __bcc_trap_window_underflow
 .text          0x00000000310014d4      0x1b0 /home/fsw/rep/tasa/lib/bcc-2.2.3-gcc/bin/../sparc-gaisler-elf/bsp/gr716/leon3v7/soft/libbcc.a(interrupt_trap.S.o)
                0x00000000310014d4                __bcc_trap_interrupt_svt
                0x00000000310014d8                __bcc_trap_interrupt
 .text          0x0000000031001684       0x88 /home/fsw/rep/tasa/lib/bcc-2.2.3-gcc/bin/../sparc-gaisler-elf/bsp/gr716/leon3v7/soft/libbcc.a(flush_windows_trap.S.o)
                0x0000000031001684                __bcc_trap_flush_windows
 .text          0x000000003100170c       0x2c /home/fsw/rep/tasa/lib/bcc-2.2.3-gcc/bin/../sparc-gaisler-elf/bsp/gr716/leon3v7/soft/libbcc.a(sw_trap_set_pil.S.o)
                0x000000003100170c                __bcc_trap_sw_set_pil
 .text          0x0000000031001738        0x0 /home/fsw/rep/tasa/lib/bcc-2.2.3-gcc/bin/../sparc-gaisler-elf/bsp/gr716/leon3v7/soft/libbcc.a(isr.c.o)
 .text          0x0000000031001738        0x0 /home/fsw/rep/tasa/lib/bcc-2.2.3-gcc/bin/../sparc-gaisler-elf/bsp/gr716/leon3v7/soft/libbcc.a(int_nest.c.o)
 .text          0x0000000031001738        0x8 /home/fsw/rep/tasa/lib/bcc-2.2.3-gcc/bin/../sparc-gaisler-elf/bsp/gr716/leon3v7/soft/libbcc.a(init.S.o)
                0x0000000031001738                __bcc_init50
                0x0000000031001738                __bcc_init40
                0x0000000031001738                __bcc_init70
                0x0000000031001738                __bcc_init60
 .text          0x0000000031001740       0x98 /home/fsw/rep/tasa/lib/bcc-2.2.3-gcc/bin/../sparc-gaisler-elf/bsp/gr716/leon3v7/soft/libbcc.a(leon_info.S.o)
                0x0000000031001740                __bcc_get_leon_info
                0x00000000310017c8                bcc_get_cpuid
 .text          0x00000000310017d8       0x2c /home/fsw/rep/tasa/lib/bcc-2.2.3-gcc/bin/../sparc-gaisler-elf/bsp/gr716/leon3v7/soft/libbcc.a(dwzero.S.o)
                0x00000000310017d8                bcc_dwzero
 .text          0x0000000031001804       0x5c /home/fsw/rep/tasa/lib/bcc-2.2.3-gcc/bin/../sparc-gaisler-elf/bsp/gr716/leon3v7/soft/libbcc.a(copy_data.c.o)
                0x0000000031001804                __bcc_copy_data
 .text          0x0000000031001860        0x0 /home/fsw/rep/tasa/lib/bcc-2.2.3-gcc/bin/../sparc-gaisler-elf/bsp/gr716/leon3v7/soft/libbcc.a(argv.c.o)
 .text          0x0000000031001860       0x48 /home/fsw/rep/tasa/lib/bcc-2.2.3-gcc/bin/../sparc-gaisler-elf/bsp/gr716/leon3v7/soft/libbcc.a(int_irqmp_get_source.c.o)
                0x0000000031001860                __bcc_int_get_source
 .text          0x00000000310018a8       0x9c /home/fsw/rep/tasa/lib/bcc-2.2.3-gcc/bin/../sparc-gaisler-elf/bsp/gr716/leon3v7/soft/libbcc.a(int_irqmp_mp.c.o)
                0x00000000310018a8                bcc_send_interrupt
                0x00000000310018e4                bcc_get_cpu_count
                0x0000000031001910                bcc_start_processor
 .text          0x0000000031001944        0x8 /home/fsw/rep/tasa/lib/bcc-2.2.3-gcc/bin/../sparc-gaisler-elf/bsp/gr716/leon3v7/soft/libbcc.a(int_irqmp_init.c.o)
                0x0000000031001944                __bcc_int_init
 .text          0x000000003100194c       0x60 /home/fsw/rep/tasa/lib/bcc-2.2.3-gcc/bin/../sparc-gaisler-elf/bsp/gr716/leon3v7/soft/libbcc.a(bsp_timer_init.c.o)
                0x000000003100194c                __bcc_timer_init
 .text          0x00000000310019ac       0x78 /home/fsw/rep/tasa/lib/bcc-2.2.3-gcc/bin/../sparc-gaisler-elf/bsp/gr716/leon3v7/soft/libbcc.a(bsp_con_init.c.o)
                0x00000000310019ac                __bcc_con_init
 .text          0x0000000031001a24        0x0 /home/fsw/rep/tasa/lib/bcc-2.2.3-gcc/bin/../sparc-gaisler-elf/bsp/gr716/leon3v7/soft/libbcc.a(int_irqmp_handle.c.o)
 .text          0x0000000031001a24        0x0 /home/fsw/rep/tasa/lib/bcc-2.2.3-gcc/bin/../sparc-gaisler-elf/bsp/gr716/leon3v7/soft/libbcc.a(con_handle.c.o)
 .text          0x0000000031001a24        0x0 /home/fsw/rep/tasa/lib/bcc-2.2.3-gcc/bin/../sparc-gaisler-elf/bsp/gr716/leon3v7/soft/libbcc.a(timer_handle.c.o)
 .text          0x0000000031001a24        0x0 /home/fsw/rep/tasa/lib/bcc-2.2.3-gcc/bin/../sparc-gaisler-elf/bsp/gr716/leon3v7/soft/libbcc.a(bsp_sysfreq.c.o)
 .text          0x0000000031001a24       0x1c /home/fsw/rep/tasa/lib/bcc-2.2.3-gcc/bin/../lib/gcc/sparc-gaisler-elf/10.2.0/../../../../sparc-gaisler-elf/lib/leon3v7/soft/libc_nano.a(lib_a-atexit.o)
                0x0000000031001a24                atexit
 .text          0x0000000031001a40       0x4c /home/fsw/rep/tasa/lib/bcc-2.2.3-gcc/bin/../lib/gcc/sparc-gaisler-elf/10.2.0/../../../../sparc-gaisler-elf/lib/leon3v7/soft/libc_nano.a(lib_a-exit.o)
                0x0000000031001a40                exit
 .text          0x0000000031001a8c        0x0 /home/fsw/rep/tasa/lib/bcc-2.2.3-gcc/bin/../lib/gcc/sparc-gaisler-elf/10.2.0/../../../../sparc-gaisler-elf/lib/leon3v7/soft/libc_nano.a(lib_a-impure.o)
 .text          0x0000000031001a8c      0x9cc /home/fsw/rep/tasa/lib/bcc-2.2.3-gcc/bin/../lib/gcc/sparc-gaisler-elf/10.2.0/../../../../sparc-gaisler-elf/lib/leon3v7/soft/libc_nano.a(lib_a-nano-vfprintf_float.o)
                0x0000000031001a8c                __cvt
                0x0000000031001bc4                __exponent
                0x0000000031001c9c                _printf_float
 .text          0x0000000031002458      0x590 /home/fsw/rep/tasa/lib/bcc-2.2.3-gcc/bin/../lib/gcc/sparc-gaisler-elf/10.2.0/../../../../sparc-gaisler-elf/lib/leon3v7/soft/libc_nano.a(lib_a-nano-vfprintf_i.o)
                0x00000000310024b0                _printf_common
                0x0000000031002628                _printf_i
 .text          0x00000000310029e8       0xb8 /home/fsw/rep/tasa/lib/bcc-2.2.3-gcc/bin/../lib/gcc/sparc-gaisler-elf/10.2.0/../../../../sparc-gaisler-elf/lib/leon3v7/soft/libc_nano.a(lib_a-printf.o)
                0x00000000310029e8                _printf_r
                0x00000000310029e8                _iprintf_r
                0x0000000031002a3c                printf
                0x0000000031002a3c                iprintf
 .text          0x0000000031002aa0       0x74 /home/fsw/rep/tasa/lib/bcc-2.2.3-gcc/bin/../lib/gcc/sparc-gaisler-elf/10.2.0/../../../../sparc-gaisler-elf/lib/leon3v7/soft/libc_nano.a(lib_a-putchar.o)
                0x0000000031002aa0                _putchar_r
                0x0000000031002ad4                putchar
 .text          0x0000000031002b14      0x1a8 /home/fsw/rep/tasa/lib/bcc-2.2.3-gcc/bin/../lib/gcc/sparc-gaisler-elf/10.2.0/../../../../sparc-gaisler-elf/lib/leon3v7/soft/libc_nano.a(lib_a-puts.o)
                0x0000000031002b14                _puts_r
                0x0000000031002ca4                puts
 .text          0x0000000031002cbc       0x1c /home/fsw/rep/tasa/lib/bcc-2.2.3-gcc/bin/../lib/gcc/sparc-gaisler-elf/10.2.0/../../../../sparc-gaisler-elf/lib/leon3v7/soft/libc_nano.a(lib_a-strlen.o)
                0x0000000031002cbc                strlen
 .text          0x0000000031002cd8      0x168 /home/fsw/rep/tasa/lib/bcc-2.2.3-gcc/bin/../lib/gcc/sparc-gaisler-elf/10.2.0/../../../../sparc-gaisler-elf/lib/leon3v7/soft/libc_nano.a(lib_a-wbuf.o)
                0x0000000031002cd8                __swbuf_r
                0x0000000031002e24                __swbuf
 .text          0x0000000031002e40      0x184 /home/fsw/rep/tasa/lib/bcc-2.2.3-gcc/bin/../lib/gcc/sparc-gaisler-elf/10.2.0/../../../../sparc-gaisler-elf/lib/leon3v7/soft/libc_nano.a(lib_a-wsetup.o)
                0x0000000031002e40                __swsetup_r
 .text          0x0000000031002fc4      0x138 /home/fsw/rep/tasa/lib/bcc-2.2.3-gcc/bin/../lib/gcc/sparc-gaisler-elf/10.2.0/../../../../sparc-gaisler-elf/lib/leon3v7/soft/libc_nano.a(lib_a-__atexit.o)
                0x0000000031002fc4                __register_exitproc
 .text          0x00000000310030fc      0x180 /home/fsw/rep/tasa/lib/bcc-2.2.3-gcc/bin/../lib/gcc/sparc-gaisler-elf/10.2.0/../../../../sparc-gaisler-elf/lib/leon3v7/soft/libc_nano.a(lib_a-__call_atexit.o)
                0x00000000310030fc                __call_exitprocs
 .text          0x000000003100327c     0x1334 /home/fsw/rep/tasa/lib/bcc-2.2.3-gcc/bin/../lib/gcc/sparc-gaisler-elf/10.2.0/../../../../sparc-gaisler-elf/lib/leon3v7/soft/libc_nano.a(lib_a-dtoa.o)
                0x000000003100345c                _dtoa_r
 .text          0x00000000310045b0      0x2ec /home/fsw/rep/tasa/lib/bcc-2.2.3-gcc/bin/../lib/gcc/sparc-gaisler-elf/10.2.0/../../../../sparc-gaisler-elf/lib/leon3v7/soft/libc_nano.a(lib_a-fflush.o)
                0x00000000310045b0                __sflush_r
                0x00000000310047c8                _fflush_r
                0x0000000031004864                fflush
 .text          0x000000003100489c      0x26c /home/fsw/rep/tasa/lib/bcc-2.2.3-gcc/bin/../lib/gcc/sparc-gaisler-elf/10.2.0/../../../../sparc-gaisler-elf/lib/leon3v7/soft/libc_nano.a(lib_a-findfp.o)
                0x000000003100489c                _cleanup_r
                0x0000000031004924                __sfmoreglue
                0x0000000031004978                _cleanup
                0x000000003100498c                __sinit
                0x0000000031004a30                __sfp
 .text          0x0000000031004b08       0xd0 /home/fsw/rep/tasa/lib/bcc-2.2.3-gcc/bin/../lib/gcc/sparc-gaisler-elf/10.2.0/../../../../sparc-gaisler-elf/lib/leon3v7/soft/libc_nano.a(lib_a-fwalk.o)
                0x0000000031004b08                _fwalk
                0x0000000031004b70                _fwalk_reent
 .text          0x0000000031004bd8       0x58 /home/fsw/rep/tasa/lib/bcc-2.2.3-gcc/bin/../lib/gcc/sparc-gaisler-elf/10.2.0/../../../../sparc-gaisler-elf/lib/leon3v7/soft/libc_nano.a(lib_a-localeconv.o)
                0x0000000031004bd8                __localeconv_l
                0x0000000031004be0                _localeconv_r
                0x0000000031004c08                localeconv
 .text          0x0000000031004c30      0x154 /home/fsw/rep/tasa/lib/bcc-2.2.3-gcc/bin/../lib/gcc/sparc-gaisler-elf/10.2.0/../../../../sparc-gaisler-elf/lib/leon3v7/soft/libc_nano.a(lib_a-makebuf.o)
                0x0000000031004c30                __swhatbuf_r
                0x0000000031004ca0                __smakebuf_r
 .text          0x0000000031004d84       0x30 /home/fsw/rep/tasa/lib/bcc-2.2.3-gcc/bin/../lib/gcc/sparc-gaisler-elf/10.2.0/../../../../sparc-gaisler-elf/lib/leon3v7/soft/libc_nano.a(lib_a-malloc.o)
                0x0000000031004d84                malloc
                0x0000000031004d9c                free
 .text          0x0000000031004db4       0x34 /home/fsw/rep/tasa/lib/bcc-2.2.3-gcc/bin/../lib/gcc/sparc-gaisler-elf/10.2.0/../../../../sparc-gaisler-elf/lib/leon3v7/soft/libc_nano.a(lib_a-memchr.o)
                0x0000000031004db4                memchr
 .text          0x0000000031004de8       0x24 /home/fsw/rep/tasa/lib/bcc-2.2.3-gcc/bin/../lib/gcc/sparc-gaisler-elf/10.2.0/../../../../sparc-gaisler-elf/lib/leon3v7/soft/libc_nano.a(lib_a-memcpy.o)
                0x0000000031004de8                memcpy
 .text          0x0000000031004e0c       0x20 /home/fsw/rep/tasa/lib/bcc-2.2.3-gcc/bin/../lib/gcc/sparc-gaisler-elf/10.2.0/../../../../sparc-gaisler-elf/lib/leon3v7/soft/libc_nano.a(lib_a-memset.o)
                0x0000000031004e0c                memset
 .text          0x0000000031004e2c      0xecc /home/fsw/rep/tasa/lib/bcc-2.2.3-gcc/bin/../lib/gcc/sparc-gaisler-elf/10.2.0/../../../../sparc-gaisler-elf/lib/leon3v7/soft/libc_nano.a(lib_a-mprec.o)
                0x0000000031004e2c                _Balloc
                0x0000000031004f00                _Bfree
                0x0000000031004f60                __multadd
                0x000000003100503c                __s2b
                0x0000000031005100                __hi0bits
                0x0000000031005180                __lo0bits
                0x0000000031005248                __i2b
                0x000000003100526c                __multiply
                0x0000000031005484                __pow5mult
                0x000000003100559c                __lshift
                0x00000000310056cc                __mcmp
                0x000000003100572c                __mdiff
                0x00000000310058d0                __ulp
                0x0000000031005930                __b2d
                0x0000000031005a10                __d2b
                0x0000000031005b20                __ratio
                0x0000000031005b9c                _mprec_log10
                0x0000000031005bf8                __copybits
                0x0000000031005c78                __any_on
 .text          0x0000000031005cf8       0x3c /home/fsw/rep/tasa/lib/bcc-2.2.3-gcc/bin/../lib/gcc/sparc-gaisler-elf/10.2.0/../../../../sparc-gaisler-elf/lib/leon3v7/soft/libc_nano.a(lib_a-nano-callocr.o)
                0x0000000031005cf8                _calloc_r
 .text          0x0000000031005d34      0x130 /home/fsw/rep/tasa/lib/bcc-2.2.3-gcc/bin/../lib/gcc/sparc-gaisler-elf/10.2.0/../../../../sparc-gaisler-elf/lib/leon3v7/soft/libc_nano.a(lib_a-nano-freer.o)
                0x0000000031005d34                _free_r
 .text          0x0000000031005e64      0x150 /home/fsw/rep/tasa/lib/bcc-2.2.3-gcc/bin/../lib/gcc/sparc-gaisler-elf/10.2.0/../../../../sparc-gaisler-elf/lib/leon3v7/soft/libc_nano.a(lib_a-nano-mallocr.o)
                0x0000000031005e64                _malloc_r
 .text          0x0000000031005fb4      0x4f4 /home/fsw/rep/tasa/lib/bcc-2.2.3-gcc/bin/../lib/gcc/sparc-gaisler-elf/10.2.0/../../../../sparc-gaisler-elf/lib/leon3v7/soft/libc_nano.a(lib_a-nano-vfprintf.o)
                0x0000000031006014                __sfputs_r
                0x0000000031006054                __sprint_r
                0x0000000031006090                _vfiprintf_r
                0x0000000031006090                _vfprintf_r
                0x0000000031006488                vfiprintf
                0x0000000031006488                vfprintf
 .text          0x00000000310064a8       0xe8 /home/fsw/rep/tasa/lib/bcc-2.2.3-gcc/bin/../lib/gcc/sparc-gaisler-elf/10.2.0/../../../../sparc-gaisler-elf/lib/leon3v7/soft/libc_nano.a(lib_a-putc.o)
                0x00000000310064a8                _putc_r
                0x0000000031006574                putc
 .text          0x0000000031006590       0x34 /home/fsw/rep/tasa/lib/bcc-2.2.3-gcc/bin/../lib/gcc/sparc-gaisler-elf/10.2.0/../../../../sparc-gaisler-elf/lib/leon3v7/soft/libc_nano.a(lib_a-sbrkr.o)
                0x0000000031006590                _sbrk_r
 .text          0x00000000310065c4       0xf8 /home/fsw/rep/tasa/lib/bcc-2.2.3-gcc/bin/../lib/gcc/sparc-gaisler-elf/10.2.0/../../../../sparc-gaisler-elf/lib/leon3v7/soft/libc_nano.a(lib_a-stdio.o)
                0x00000000310065c4                __sread
                0x0000000031006610                __seofread
                0x0000000031006618                __swrite
                0x000000003100665c                __sseek
                0x00000000310066ac                __sclose
 .text          0x00000000310066bc       0x3c /home/fsw/rep/tasa/lib/bcc-2.2.3-gcc/bin/../lib/gcc/sparc-gaisler-elf/10.2.0/../../../../sparc-gaisler-elf/lib/leon3v7/soft/libc_nano.a(lib_a-writer.o)
                0x00000000310066bc                _write_r
 .text          0x00000000310066f8       0x34 /home/fsw/rep/tasa/lib/bcc-2.2.3-gcc/bin/../lib/gcc/sparc-gaisler-elf/10.2.0/../../../../sparc-gaisler-elf/lib/leon3v7/soft/libc_nano.a(lib_a-closer.o)
                0x00000000310066f8                _close_r
 .text          0x000000003100672c       0x38 /home/fsw/rep/tasa/lib/bcc-2.2.3-gcc/bin/../lib/gcc/sparc-gaisler-elf/10.2.0/../../../../sparc-gaisler-elf/lib/leon3v7/soft/libc_nano.a(lib_a-fstatr.o)
                0x000000003100672c                _fstat_r
 .text          0x0000000031006764      0x4a8 /home/fsw/rep/tasa/lib/bcc-2.2.3-gcc/bin/../lib/gcc/sparc-gaisler-elf/10.2.0/../../../../sparc-gaisler-elf/lib/leon3v7/soft/libc_nano.a(lib_a-fvwrite.o)
                0x0000000031006764                __sfvwrite_r
 .text          0x0000000031006c0c       0x34 /home/fsw/rep/tasa/lib/bcc-2.2.3-gcc/bin/../lib/gcc/sparc-gaisler-elf/10.2.0/../../../../sparc-gaisler-elf/lib/leon3v7/soft/libc_nano.a(lib_a-isattyr.o)
                0x0000000031006c0c                _isatty_r
 .text          0x0000000031006c40       0xdc /home/fsw/rep/tasa/lib/bcc-2.2.3-gcc/bin/../lib/gcc/sparc-gaisler-elf/10.2.0/../../../../sparc-gaisler-elf/lib/leon3v7/soft/libc_nano.a(lib_a-locale.o)
                0x0000000031006c40                _setlocale_r
                0x0000000031006ca8                __locale_mb_cur_max
                0x0000000031006cd0                __locale_ctype_ptr_l
                0x0000000031006cd8                __locale_ctype_ptr
                0x0000000031006d00                setlocale
 .text          0x0000000031006d1c       0x3c /home/fsw/rep/tasa/lib/bcc-2.2.3-gcc/bin/../lib/gcc/sparc-gaisler-elf/10.2.0/../../../../sparc-gaisler-elf/lib/leon3v7/soft/libc_nano.a(lib_a-lseekr.o)
                0x0000000031006d1c                _lseek_r
 .text          0x0000000031006d58       0x8c /home/fsw/rep/tasa/lib/bcc-2.2.3-gcc/bin/../lib/gcc/sparc-gaisler-elf/10.2.0/../../../../sparc-gaisler-elf/lib/leon3v7/soft/libc_nano.a(lib_a-mbtowc_r.o)
                0x0000000031006d58                _mbtowc_r
                0x0000000031006da0                __ascii_mbtowc
 .text          0x0000000031006de4       0x60 /home/fsw/rep/tasa/lib/bcc-2.2.3-gcc/bin/../lib/gcc/sparc-gaisler-elf/10.2.0/../../../../sparc-gaisler-elf/lib/leon3v7/soft/libc_nano.a(lib_a-memmove.o)
                0x0000000031006de4                memmove
 .text          0x0000000031006e44       0x10 /home/fsw/rep/tasa/lib/bcc-2.2.3-gcc/bin/../lib/gcc/sparc-gaisler-elf/10.2.0/../../../../sparc-gaisler-elf/lib/leon3v7/soft/libc_nano.a(lib_a-mlock.o)
                0x0000000031006e44                __malloc_lock
                0x0000000031006e4c                __malloc_unlock
 .text          0x0000000031006e54       0x7c /home/fsw/rep/tasa/lib/bcc-2.2.3-gcc/bin/../lib/gcc/sparc-gaisler-elf/10.2.0/../../../../sparc-gaisler-elf/lib/leon3v7/soft/libc_nano.a(lib_a-nano-reallocr.o)
                0x0000000031006e54                _realloc_r
 .text          0x0000000031006ed0       0x3c /home/fsw/rep/tasa/lib/bcc-2.2.3-gcc/bin/../lib/gcc/sparc-gaisler-elf/10.2.0/../../../../sparc-gaisler-elf/lib/leon3v7/soft/libc_nano.a(lib_a-readr.o)
                0x0000000031006ed0                _read_r
 .text          0x0000000031006f0c      0x1b8 /home/fsw/rep/tasa/lib/bcc-2.2.3-gcc/bin/../lib/gcc/sparc-gaisler-elf/10.2.0/../../../../sparc-gaisler-elf/lib/leon3v7/soft/libc_nano.a(lib_a-reent.o)
                0x0000000031006f0c                cleanup_glue
                0x0000000031006f30                _reclaim_reent
 .text          0x00000000310070c4       0x3c /home/fsw/rep/tasa/lib/bcc-2.2.3-gcc/bin/../lib/gcc/sparc-gaisler-elf/10.2.0/../../../../sparc-gaisler-elf/lib/leon3v7/soft/libc_nano.a(lib_a-strcmp.o)
                0x00000000310070c4                strcmp
 .text          0x0000000031007100       0x78 /home/fsw/rep/tasa/lib/bcc-2.2.3-gcc/bin/../lib/gcc/sparc-gaisler-elf/10.2.0/../../../../sparc-gaisler-elf/lib/leon3v7/soft/libc_nano.a(lib_a-wctomb_r.o)
                0x0000000031007100                _wctomb_r
                0x0000000031007144                __ascii_wctomb
 .text          0x0000000031007178        0x0 /home/fsw/rep/tasa/lib/bcc-2.2.3-gcc/bin/../lib/gcc/sparc-gaisler-elf/10.2.0/../../../../sparc-gaisler-elf/lib/leon3v7/soft/libc_nano.a(lib_a-ctype_.o)
 .text          0x0000000031007178       0x20 /home/fsw/rep/tasa/lib/bcc-2.2.3-gcc/bin/../lib/gcc/sparc-gaisler-elf/10.2.0/../../../../sparc-gaisler-elf/lib/leon3v7/soft/libc_nano.a(lib_a-nano-msizer.o)
                0x0000000031007178                _malloc_usable_size_r
 .text          0x0000000031007198       0x10 /home/fsw/rep/tasa/lib/bcc-2.2.3-gcc/bin/../sparc-gaisler-elf/bsp/gr716/leon3v7/soft/libbcc.a(_exit.S.o)
                0x0000000031007198                _exit
 .text          0x00000000310071a8       0x4c /home/fsw/rep/tasa/lib/bcc-2.2.3-gcc/bin/../sparc-gaisler-elf/bsp/gr716/leon3v7/soft/libbcc.a(read.c.o)
                0x00000000310071a8                read
 .text          0x00000000310071f4       0xb0 /home/fsw/rep/tasa/lib/bcc-2.2.3-gcc/bin/../sparc-gaisler-elf/bsp/gr716/leon3v7/soft/libbcc.a(sbrk.c.o)
                0x00000000310071f4                sbrk
 .text          0x00000000310072a4        0x0 /home/fsw/rep/tasa/lib/bcc-2.2.3-gcc/bin/../sparc-gaisler-elf/bsp/gr716/leon3v7/soft/libbcc.a(heap.c.o)
 .text          0x00000000310072a4       0x64 /home/fsw/rep/tasa/lib/bcc-2.2.3-gcc/bin/../sparc-gaisler-elf/bsp/gr716/leon3v7/soft/libbcc.a(write.c.o)
                0x00000000310072a4                write
 .text          0x0000000031007308       0x20 /home/fsw/rep/tasa/lib/bcc-2.2.3-gcc/bin/../sparc-gaisler-elf/bsp/gr716/leon3v7/soft/libbcc.a(stubs.S.o)
                0x0000000031007308                execve
                0x0000000031007308                lseek
                0x0000000031007308                fstat
                0x0000000031007308                kill
                0x0000000031007308                wait
                0x0000000031007308                unlink
                0x0000000031007308                fork
                0x0000000031007308                stat
                0x0000000031007308                link
                0x0000000031007308                open
                0x0000000031007308                close
                0x0000000031007320                getpid
                0x0000000031007320                isatty
 .text          0x0000000031007328       0xc4 /home/fsw/rep/tasa/lib/bcc-2.2.3-gcc/bin/../sparc-gaisler-elf/bsp/gr716/leon3v7/soft/libbcc.a(con_apbuart.c.o)
                0x0000000031007328                __bcc_con_outbyte
                0x00000000310073b8                __bcc_con_inbyte
 .text          0x00000000310073ec       0xe8 /home/fsw/rep/tasa/lib/bcc-2.2.3-gcc/bin/../lib/gcc/sparc-gaisler-elf/10.2.0/leon3v7/soft/libgcc.a(_mulsi3.o)
                0x00000000310073ec                .umul
 .text          0x00000000310074d4      0x2b0 /home/fsw/rep/tasa/lib/bcc-2.2.3-gcc/bin/../lib/gcc/sparc-gaisler-elf/10.2.0/leon3v7/soft/libgcc.a(_divsi3.o)
                0x00000000310074d4                .udiv
                0x00000000310074dc                .div
 .text          0x0000000031007784      0x2b0 /home/fsw/rep/tasa/lib/bcc-2.2.3-gcc/bin/../lib/gcc/sparc-gaisler-elf/10.2.0/leon3v7/soft/libgcc.a(_modsi3.o)
                0x0000000031007784                .urem
                0x000000003100778c                .rem
 .text          0x0000000031007a34      0x744 /home/fsw/rep/tasa/lib/bcc-2.2.3-gcc/bin/../lib/gcc/sparc-gaisler-elf/10.2.0/leon3v7/soft/libgcc.a(_addsub_df.o)
                0x0000000031007a34                __adddf3
                0x0000000031007dd8                __subdf3
 .text          0x0000000031008178      0x320 /home/fsw/rep/tasa/lib/bcc-2.2.3-gcc/bin/../lib/gcc/sparc-gaisler-elf/10.2.0/leon3v7/soft/libgcc.a(_mul_df.o)
                0x0000000031008178                __muldf3
 .text          0x0000000031008498      0x1fc /home/fsw/rep/tasa/lib/bcc-2.2.3-gcc/bin/../lib/gcc/sparc-gaisler-elf/10.2.0/leon3v7/soft/libgcc.a(_div_df.o)
                0x0000000031008498                __divdf3
 .text          0x0000000031008694       0x58 /home/fsw/rep/tasa/lib/bcc-2.2.3-gcc/bin/../lib/gcc/sparc-gaisler-elf/10.2.0/leon3v7/soft/libgcc.a(_eq_df.o)
                0x0000000031008694                __eqdf2
 .text          0x00000000310086ec       0x58 /home/fsw/rep/tasa/lib/bcc-2.2.3-gcc/bin/../lib/gcc/sparc-gaisler-elf/10.2.0/leon3v7/soft/libgcc.a(_ne_df.o)
                0x00000000310086ec                __nedf2
 .text          0x0000000031008744       0x58 /home/fsw/rep/tasa/lib/bcc-2.2.3-gcc/bin/../lib/gcc/sparc-gaisler-elf/10.2.0/leon3v7/soft/libgcc.a(_gt_df.o)
                0x0000000031008744                __gtdf2
 .text          0x000000003100879c       0x58 /home/fsw/rep/tasa/lib/bcc-2.2.3-gcc/bin/../lib/gcc/sparc-gaisler-elf/10.2.0/leon3v7/soft/libgcc.a(_ge_df.o)
                0x000000003100879c                __gedf2
 .text          0x00000000310087f4       0x58 /home/fsw/rep/tasa/lib/bcc-2.2.3-gcc/bin/../lib/gcc/sparc-gaisler-elf/10.2.0/leon3v7/soft/libgcc.a(_lt_df.o)
                0x00000000310087f4                __ltdf2
 .text          0x000000003100884c       0x58 /home/fsw/rep/tasa/lib/bcc-2.2.3-gcc/bin/../lib/gcc/sparc-gaisler-elf/10.2.0/leon3v7/soft/libgcc.a(_le_df.o)
                0x000000003100884c                __ledf2
 .text          0x00000000310088a4       0x4c /home/fsw/rep/tasa/lib/bcc-2.2.3-gcc/bin/../lib/gcc/sparc-gaisler-elf/10.2.0/leon3v7/soft/libgcc.a(_unord_df.o)
                0x00000000310088a4                __unorddf2
 .text          0x00000000310088f0       0xd4 /home/fsw/rep/tasa/lib/bcc-2.2.3-gcc/bin/../lib/gcc/sparc-gaisler-elf/10.2.0/leon3v7/soft/libgcc.a(_si_to_df.o)
                0x00000000310088f0                __floatsidf
 .text          0x00000000310089c4       0xc8 /home/fsw/rep/tasa/lib/bcc-2.2.3-gcc/bin/../lib/gcc/sparc-gaisler-elf/10.2.0/leon3v7/soft/libgcc.a(_df_to_si.o)
                0x00000000310089c4                __fixdfsi
 .text          0x0000000031008a8c        0x0 /home/fsw/rep/tasa/lib/bcc-2.2.3-gcc/bin/../lib/gcc/sparc-gaisler-elf/10.2.0/leon3v7/soft/libgcc.a(_thenan_df.o)
 .text          0x0000000031008a8c       0x78 /home/fsw/rep/tasa/lib/bcc-2.2.3-gcc/bin/../lib/gcc/sparc-gaisler-elf/10.2.0/leon3v7/soft/libgcc.a(_usi_to_df.o)
                0x0000000031008a8c                __floatunsidf
 .text          0x0000000031008b04       0xc4 /home/fsw/rep/tasa/lib/bcc-2.2.3-gcc/bin/../lib/gcc/sparc-gaisler-elf/10.2.0/leon3v7/soft/libgcc.a(_muldi3.o)
                0x0000000031008b04                __muldi3
 .text          0x0000000031008bc8       0x94 /home/fsw/rep/tasa/lib/bcc-2.2.3-gcc/bin/../lib/gcc/sparc-gaisler-elf/10.2.0/leon3v7/soft/libgcc.a(_clzsi2.o)
                0x0000000031008bc8                __clzsi2
 .text          0x0000000031008c5c      0x244 /home/fsw/rep/tasa/lib/bcc-2.2.3-gcc/bin/../lib/gcc/sparc-gaisler-elf/10.2.0/leon3v7/soft/libgcc.a(_pack_df.o)
                0x0000000031008c5c                __pack_d
 .text          0x0000000031008ea0      0x10c /home/fsw/rep/tasa/lib/bcc-2.2.3-gcc/bin/../lib/gcc/sparc-gaisler-elf/10.2.0/leon3v7/soft/libgcc.a(_unpack_df.o)
                0x0000000031008ea0                __unpack_d
 .text          0x0000000031008fac      0x158 /home/fsw/rep/tasa/lib/bcc-2.2.3-gcc/bin/../lib/gcc/sparc-gaisler-elf/10.2.0/leon3v7/soft/libgcc.a(_fpcmp_parts_df.o)
                0x0000000031008fac                __fpcmp_parts_d
 .text          0x0000000031009104        0x0 /home/fsw/rep/tasa/lib/bcc-2.2.3-gcc/bin/../lib/gcc/sparc-gaisler-elf/10.2.0/leon3v7/soft/libgcc.a(_clz.o)
 .text          0x0000000031009104       0x48 /home/fsw/rep/tasa/lib/bcc-2.2.3-gcc/bin/../lib/gcc/sparc-gaisler-elf/10.2.0/leon3v7/soft/crtend.o
 .text          0x000000003100914c        0x0 /home/fsw/rep/tasa/lib/bcc-2.2.3-gcc/bin/../lib/gcc/sparc-gaisler-elf/10.2.0/leon3v7/soft/crtn.o
                0x0000000031009150                . = ALIGN (0x10)
 *fill*         0x000000003100914c        0x4 
 *(.eh_frame)
 .eh_frame      0x0000000031009150        0x0 /home/fsw/rep/tasa/lib/bcc-2.2.3-gcc/bin/../lib/gcc/sparc-gaisler-elf/10.2.0/leon3v7/soft/crtbegin.o
 .eh_frame      0x0000000031009150        0x4 /home/fsw/rep/tasa/lib/bcc-2.2.3-gcc/bin/../lib/gcc/sparc-gaisler-elf/10.2.0/leon3v7/soft/crtend.o
                0x0000000031009160                . = ALIGN (0x10)
 *fill*         0x0000000031009154        0xc 
 *(.gnu.linkonce.t*)
                0x0000000031009160                ___CTOR_LIST__ = .
                0x0000000031009160        0x4 LONG 0x2 (((___CTOR_END__ - ___CTOR_LIST__) / 0x4) - 0x2)
 *(SORT_BY_NAME(.ctors.*))
 *(.ctors)
 .ctors         0x0000000031009164        0x4 /home/fsw/rep/tasa/lib/bcc-2.2.3-gcc/bin/../lib/gcc/sparc-gaisler-elf/10.2.0/leon3v7/soft/crtbegin.o
 .ctors         0x0000000031009168        0x4 /home/fsw/rep/tasa/lib/bcc-2.2.3-gcc/bin/../lib/gcc/sparc-gaisler-elf/10.2.0/leon3v7/soft/crtend.o
                0x000000003100916c        0x4 LONG 0x0
                0x0000000031009170                ___CTOR_END__ = .
                0x0000000031009170                ___DTOR_LIST__ = .
                0x0000000031009170        0x4 LONG 0x2 (((___DTOR_END__ - ___DTOR_LIST__) / 0x4) - 0x2)
 *(SORT_BY_NAME(.dtors.*))
 *(.dtors)
 .dtors         0x0000000031009174        0x4 /home/fsw/rep/tasa/lib/bcc-2.2.3-gcc/bin/../lib/gcc/sparc-gaisler-elf/10.2.0/leon3v7/soft/crtbegin.o
 .dtors         0x0000000031009178        0x4 /home/fsw/rep/tasa/lib/bcc-2.2.3-gcc/bin/../lib/gcc/sparc-gaisler-elf/10.2.0/leon3v7/soft/crtend.o
                0x0000000031009178                __DTOR_END__
                0x000000003100917c        0x4 LONG 0x0
                0x0000000031009180                ___DTOR_END__ = .
 *(.gnu.linkonce*)
 *(.init)
 .init          0x0000000031009180        0x4 /home/fsw/rep/tasa/lib/bcc-2.2.3-gcc/bin/../lib/gcc/sparc-gaisler-elf/10.2.0/leon3v7/soft/crti.o
                0x0000000031009180                _init
 .init          0x0000000031009184        0x8 /home/fsw/rep/tasa/lib/bcc-2.2.3-gcc/bin/../lib/gcc/sparc-gaisler-elf/10.2.0/leon3v7/soft/crtbegin.o
 .init          0x000000003100918c        0x8 /home/fsw/rep/tasa/lib/bcc-2.2.3-gcc/bin/../lib/gcc/sparc-gaisler-elf/10.2.0/leon3v7/soft/crtend.o
 .init          0x0000000031009194        0xc /home/fsw/rep/tasa/lib/bcc-2.2.3-gcc/bin/../lib/gcc/sparc-gaisler-elf/10.2.0/leon3v7/soft/crtn.o
 *(.fini)
 .fini          0x00000000310091a0        0x4 /home/fsw/rep/tasa/lib/bcc-2.2.3-gcc/bin/../lib/gcc/sparc-gaisler-elf/10.2.0/leon3v7/soft/crti.o
                0x00000000310091a0                _fini
 .fini          0x00000000310091a4        0x8 /home/fsw/rep/tasa/lib/bcc-2.2.3-gcc/bin/../lib/gcc/sparc-gaisler-elf/10.2.0/leon3v7/soft/crtbegin.o
 .fini          0x00000000310091ac        0xc /home/fsw/rep/tasa/lib/bcc-2.2.3-gcc/bin/../lib/gcc/sparc-gaisler-elf/10.2.0/leon3v7/soft/crtn.o
 *(.lit)
 *(.shdata)
                0x00000000310091c0                . = ALIGN (0x10)
 *fill*         0x00000000310091b8        0x8 
                0x00000000310091c0                __text_end = .

.gcc_except_table
 *(.gcc_except_table.*)

.rodata         0x0000000030000000      0x700
                0x0000000030000000                __rodata_start = .
 *(.rodata*)
 .rodata.str1.8
                0x0000000030000000       0xcf /tmp/ccN9Pc1P.o
 *fill*         0x00000000300000cf        0x1 
 .rodata        0x00000000300000d0        0x5 /tmp/ccN9Pc1P.o
 *fill*         0x00000000300000d5        0x3 
 .rodata        0x00000000300000d8        0x4 /home/fsw/rep/tasa/lib/bcc-2.2.3-gcc/bin/../sparc-gaisler-elf/bsp/gr716/leon3v7/soft/libbcc.a(bsp_sysfreq.c.o)
                0x00000000300000d8                __bsp_sysfreq
 .rodata        0x00000000300000dc        0x4 /home/fsw/rep/tasa/lib/bcc-2.2.3-gcc/bin/../lib/gcc/sparc-gaisler-elf/10.2.0/../../../../sparc-gaisler-elf/lib/leon3v7/soft/libc_nano.a(lib_a-impure.o)
                0x00000000300000dc                _global_impure_ptr
 .rodata.str1.8
                0x00000000300000e0       0x22 /home/fsw/rep/tasa/lib/bcc-2.2.3-gcc/bin/../lib/gcc/sparc-gaisler-elf/10.2.0/../../../../sparc-gaisler-elf/lib/leon3v7/soft/libc_nano.a(lib_a-nano-vfprintf_float.o)
 *fill*         0x0000000030000102        0x6 
 .rodata.str1.8
                0x0000000030000108       0x29 /home/fsw/rep/tasa/lib/bcc-2.2.3-gcc/bin/../lib/gcc/sparc-gaisler-elf/10.2.0/../../../../sparc-gaisler-elf/lib/leon3v7/soft/libc_nano.a(lib_a-nano-vfprintf_i.o)
 .rodata        0x0000000030000131        0x0 /home/fsw/rep/tasa/lib/bcc-2.2.3-gcc/bin/../lib/gcc/sparc-gaisler-elf/10.2.0/../../../../sparc-gaisler-elf/lib/leon3v7/soft/libc_nano.a(lib_a-nano-vfprintf_i.o)
 *fill*         0x0000000030000131        0x7 
 .rodata.str1.8
                0x0000000030000138       0x14 /home/fsw/rep/tasa/lib/bcc-2.2.3-gcc/bin/../lib/gcc/sparc-gaisler-elf/10.2.0/../../../../sparc-gaisler-elf/lib/leon3v7/soft/libc_nano.a(lib_a-dtoa.o)
                                         0x1a (size before relaxing)
 *fill*         0x000000003000014c        0x4 
 .rodata.cst8   0x0000000030000150       0x50 /home/fsw/rep/tasa/lib/bcc-2.2.3-gcc/bin/../lib/gcc/sparc-gaisler-elf/10.2.0/../../../../sparc-gaisler-elf/lib/leon3v7/soft/libc_nano.a(lib_a-dtoa.o)
 .rodata        0x00000000300001a0       0x60 /home/fsw/rep/tasa/lib/bcc-2.2.3-gcc/bin/../lib/gcc/sparc-gaisler-elf/10.2.0/../../../../sparc-gaisler-elf/lib/leon3v7/soft/libc_nano.a(lib_a-findfp.o)
                0x00000000300001a0                __sf_fake_stderr
                0x00000000300001c0                __sf_fake_stdout
                0x00000000300001e0                __sf_fake_stdin
 .rodata.cst8   0x0000000030000200       0x10 /home/fsw/rep/tasa/lib/bcc-2.2.3-gcc/bin/../lib/gcc/sparc-gaisler-elf/10.2.0/../../../../sparc-gaisler-elf/lib/leon3v7/soft/libc_nano.a(lib_a-mprec.o)
 .rodata        0x0000000030000200      0x128 /home/fsw/rep/tasa/lib/bcc-2.2.3-gcc/bin/../lib/gcc/sparc-gaisler-elf/10.2.0/../../../../sparc-gaisler-elf/lib/leon3v7/soft/libc_nano.a(lib_a-mprec.o)
                0x0000000030000210                __mprec_tinytens
                0x0000000030000238                __mprec_bigtens
                0x0000000030000260                __mprec_tens
 .rodata.str1.8
                0x0000000030000328       0x17 /home/fsw/rep/tasa/lib/bcc-2.2.3-gcc/bin/../lib/gcc/sparc-gaisler-elf/10.2.0/../../../../sparc-gaisler-elf/lib/leon3v7/soft/libc_nano.a(lib_a-nano-vfprintf.o)
 *fill*         0x000000003000033f        0x1 
 .rodata.str1.8
                0x0000000030000340       0x12 /home/fsw/rep/tasa/lib/bcc-2.2.3-gcc/bin/../lib/gcc/sparc-gaisler-elf/10.2.0/../../../../sparc-gaisler-elf/lib/leon3v7/soft/libc_nano.a(lib_a-locale.o)
                                         0x1a (size before relaxing)
 *fill*         0x0000000030000352        0x6 
 .rodata        0x0000000030000358      0x288 /home/fsw/rep/tasa/lib/bcc-2.2.3-gcc/bin/../lib/gcc/sparc-gaisler-elf/10.2.0/../../../../sparc-gaisler-elf/lib/leon3v7/soft/libc_nano.a(lib_a-ctype_.o)
                0x0000000030000358                _ctype_
                0x0000000030000460                _ctype_b
 .rodata.cst8   0x00000000300005e0        0x8 /home/fsw/rep/tasa/lib/bcc-2.2.3-gcc/bin/../lib/gcc/sparc-gaisler-elf/10.2.0/leon3v7/soft/libgcc.a(_si_to_df.o)
 .rodata        0x00000000300005e8       0x18 /home/fsw/rep/tasa/lib/bcc-2.2.3-gcc/bin/../lib/gcc/sparc-gaisler-elf/10.2.0/leon3v7/soft/libgcc.a(_thenan_df.o)
                0x00000000300005e8                __thenan_df
 .rodata        0x0000000030000600      0x100 /home/fsw/rep/tasa/lib/bcc-2.2.3-gcc/bin/../lib/gcc/sparc-gaisler-elf/10.2.0/leon3v7/soft/libgcc.a(_clz.o)
                0x0000000030000600                __clz_tab
 *(.gnu.linkonce.r*)
                0x0000000030000700                . = ALIGN (0x10)
                0x0000000030000700                __rodata_end = .

.rela.dyn       0x0000000030000700        0x0
 .rela.iplt     0x0000000030000700        0x0 /home/fsw/rep/tasa/lib/bcc-2.2.3-gcc/bin/../sparc-gaisler-elf/bsp/gr716/leon3v7/soft/trap_table_mvt.S.o
 .rela.text.traptable
                0x0000000030000700        0x0 /home/fsw/rep/tasa/lib/bcc-2.2.3-gcc/bin/../sparc-gaisler-elf/bsp/gr716/leon3v7/soft/trap_table_mvt.S.o
 .rela.text     0x0000000030000700        0x0 /home/fsw/rep/tasa/lib/bcc-2.2.3-gcc/bin/../sparc-gaisler-elf/bsp/gr716/leon3v7/soft/trap_table_mvt.S.o

.ext.data       0x0000000040000000        0x0
                0x0000000040000000                . = ALIGN (0x8)
                0x0000000040000000                __extdata_start = .
 *(.data.ext)
                0x0000000040000000                . = ALIGN (0x8)
                0x0000000040000000                __extdata_end = .
                0x0000000040000000                __extdata_start_lma = LOADADDR (.ext.data)
                0x0000000000000000                __extdata_size = SIZEOF (.ext.data)

.data           0x0000000030000700      0x220
                0x0000000030000700                . = ALIGN (0x8)
                0x0000000030000700                __data_start = .
 *(.data .data.*)
 .data          0x0000000030000700        0x0 /home/fsw/rep/tasa/lib/bcc-2.2.3-gcc/bin/../sparc-gaisler-elf/bsp/gr716/leon3v7/soft/trap_table_mvt.S.o
 .data          0x0000000030000700        0x0 /home/fsw/rep/tasa/lib/bcc-2.2.3-gcc/bin/../sparc-gaisler-elf/bsp/gr716/leon3v7/soft/crt0.S.o
 .data          0x0000000030000700        0x0 /home/fsw/rep/tasa/lib/bcc-2.2.3-gcc/bin/../lib/gcc/sparc-gaisler-elf/10.2.0/leon3v7/soft/crti.o
 .data          0x0000000030000700        0x4 /home/fsw/rep/tasa/lib/bcc-2.2.3-gcc/bin/../lib/gcc/sparc-gaisler-elf/10.2.0/leon3v7/soft/crtbegin.o
                0x0000000030000700                __dso_handle
 .data          0x0000000030000704        0x0 /tmp/ccN9Pc1P.o
 .data          0x0000000030000704        0x0 /home/fsw/rep/tasa/lib/bcc-2.2.3-gcc/bin/../sparc-gaisler-elf/bsp/gr716/leon3v7/soft/libbcc.a(reset_trap_mvt.S.o)
 .data          0x0000000030000704        0x0 /home/fsw/rep/tasa/lib/bcc-2.2.3-gcc/bin/../sparc-gaisler-elf/bsp/gr716/leon3v7/soft/libbcc.a(window_trap.S.o)
 .data          0x0000000030000704        0x0 /home/fsw/rep/tasa/lib/bcc-2.2.3-gcc/bin/../sparc-gaisler-elf/bsp/gr716/leon3v7/soft/libbcc.a(interrupt_trap.S.o)
 .data          0x0000000030000704        0x0 /home/fsw/rep/tasa/lib/bcc-2.2.3-gcc/bin/../sparc-gaisler-elf/bsp/gr716/leon3v7/soft/libbcc.a(flush_windows_trap.S.o)
 .data          0x0000000030000704        0x0 /home/fsw/rep/tasa/lib/bcc-2.2.3-gcc/bin/../sparc-gaisler-elf/bsp/gr716/leon3v7/soft/libbcc.a(sw_trap_set_pil.S.o)
 .data          0x0000000030000704        0x0 /home/fsw/rep/tasa/lib/bcc-2.2.3-gcc/bin/../sparc-gaisler-elf/bsp/gr716/leon3v7/soft/libbcc.a(isr.c.o)
 *fill*         0x0000000030000704        0x4 
 .data          0x0000000030000708       0x10 /home/fsw/rep/tasa/lib/bcc-2.2.3-gcc/bin/../sparc-gaisler-elf/bsp/gr716/leon3v7/soft/libbcc.a(int_nest.c.o)
                0x0000000030000708                __bcc_int_nest
 .data          0x0000000030000718        0x0 /home/fsw/rep/tasa/lib/bcc-2.2.3-gcc/bin/../sparc-gaisler-elf/bsp/gr716/leon3v7/soft/libbcc.a(init.S.o)
 .data          0x0000000030000718       0x10 /home/fsw/rep/tasa/lib/bcc-2.2.3-gcc/bin/../sparc-gaisler-elf/bsp/gr716/leon3v7/soft/libbcc.a(leon_info.S.o)
                0x0000000030000718                __bcc_leon_version
                0x000000003000071c                __bcc_nwindows_min1
                0x0000000030000720                __bcc_nwindows
                0x0000000030000724                __bcc_cpuid
 .data          0x0000000030000728        0x0 /home/fsw/rep/tasa/lib/bcc-2.2.3-gcc/bin/../sparc-gaisler-elf/bsp/gr716/leon3v7/soft/libbcc.a(dwzero.S.o)
 .data          0x0000000030000728        0x0 /home/fsw/rep/tasa/lib/bcc-2.2.3-gcc/bin/../sparc-gaisler-elf/bsp/gr716/leon3v7/soft/libbcc.a(copy_data.c.o)
 .data          0x0000000030000728        0x4 /home/fsw/rep/tasa/lib/bcc-2.2.3-gcc/bin/../sparc-gaisler-elf/bsp/gr716/leon3v7/soft/libbcc.a(argv.c.o)
                0x0000000030000728                __bcc_argvp
 .data          0x000000003000072c        0x0 /home/fsw/rep/tasa/lib/bcc-2.2.3-gcc/bin/../sparc-gaisler-elf/bsp/gr716/leon3v7/soft/libbcc.a(int_irqmp_get_source.c.o)
 .data          0x000000003000072c        0x0 /home/fsw/rep/tasa/lib/bcc-2.2.3-gcc/bin/../sparc-gaisler-elf/bsp/gr716/leon3v7/soft/libbcc.a(int_irqmp_mp.c.o)
 .data          0x000000003000072c        0x0 /home/fsw/rep/tasa/lib/bcc-2.2.3-gcc/bin/../sparc-gaisler-elf/bsp/gr716/leon3v7/soft/libbcc.a(int_irqmp_init.c.o)
 .data          0x000000003000072c        0x0 /home/fsw/rep/tasa/lib/bcc-2.2.3-gcc/bin/../sparc-gaisler-elf/bsp/gr716/leon3v7/soft/libbcc.a(bsp_timer_init.c.o)
 .data          0x000000003000072c        0x0 /home/fsw/rep/tasa/lib/bcc-2.2.3-gcc/bin/../sparc-gaisler-elf/bsp/gr716/leon3v7/soft/libbcc.a(bsp_con_init.c.o)
 .data          0x000000003000072c       0x10 /home/fsw/rep/tasa/lib/bcc-2.2.3-gcc/bin/../sparc-gaisler-elf/bsp/gr716/leon3v7/soft/libbcc.a(int_irqmp_handle.c.o)
                0x000000003000072c                __bcc_int_irqmp_nts
                0x0000000030000730                __bcc_int_irqmp_map
                0x0000000030000734                __bcc_int_irqmp_eirq
                0x0000000030000738                __bcc_int_handle
 .data          0x000000003000073c        0x4 /home/fsw/rep/tasa/lib/bcc-2.2.3-gcc/bin/../sparc-gaisler-elf/bsp/gr716/leon3v7/soft/libbcc.a(con_handle.c.o)
                0x000000003000073c                __bcc_con_handle
 .data          0x0000000030000740        0x8 /home/fsw/rep/tasa/lib/bcc-2.2.3-gcc/bin/../sparc-gaisler-elf/bsp/gr716/leon3v7/soft/libbcc.a(timer_handle.c.o)
                0x0000000030000740                __bcc_timer_interrupt
                0x0000000030000744                __bcc_timer_handle
 .data          0x0000000030000748        0x0 /home/fsw/rep/tasa/lib/bcc-2.2.3-gcc/bin/../sparc-gaisler-elf/bsp/gr716/leon3v7/soft/libbcc.a(bsp_sysfreq.c.o)
 .data          0x0000000030000748        0x0 /home/fsw/rep/tasa/lib/bcc-2.2.3-gcc/bin/../lib/gcc/sparc-gaisler-elf/10.2.0/../../../../sparc-gaisler-elf/lib/leon3v7/soft/libc_nano.a(lib_a-atexit.o)
 .data          0x0000000030000748        0x0 /home/fsw/rep/tasa/lib/bcc-2.2.3-gcc/bin/../lib/gcc/sparc-gaisler-elf/10.2.0/../../../../sparc-gaisler-elf/lib/leon3v7/soft/libc_nano.a(lib_a-exit.o)
 .data          0x0000000030000748       0x64 /home/fsw/rep/tasa/lib/bcc-2.2.3-gcc/bin/../lib/gcc/sparc-gaisler-elf/10.2.0/../../../../sparc-gaisler-elf/lib/leon3v7/soft/libc_nano.a(lib_a-impure.o)
                0x0000000030000748                _impure_ptr
 .data          0x00000000300007ac        0x0 /home/fsw/rep/tasa/lib/bcc-2.2.3-gcc/bin/../lib/gcc/sparc-gaisler-elf/10.2.0/../../../../sparc-gaisler-elf/lib/leon3v7/soft/libc_nano.a(lib_a-nano-vfprintf_float.o)
 .data          0x00000000300007ac        0x0 /home/fsw/rep/tasa/lib/bcc-2.2.3-gcc/bin/../lib/gcc/sparc-gaisler-elf/10.2.0/../../../../sparc-gaisler-elf/lib/leon3v7/soft/libc_nano.a(lib_a-nano-vfprintf_i.o)
 .data          0x00000000300007ac        0x0 /home/fsw/rep/tasa/lib/bcc-2.2.3-gcc/bin/../lib/gcc/sparc-gaisler-elf/10.2.0/../../../../sparc-gaisler-elf/lib/leon3v7/soft/libc_nano.a(lib_a-printf.o)
 .data          0x00000000300007ac        0x0 /home/fsw/rep/tasa/lib/bcc-2.2.3-gcc/bin/../lib/gcc/sparc-gaisler-elf/10.2.0/../../../../sparc-gaisler-elf/lib/leon3v7/soft/libc_nano.a(lib_a-putchar.o)
 .data          0x00000000300007ac        0x0 /home/fsw/rep/tasa/lib/bcc-2.2.3-gcc/bin/../lib/gcc/sparc-gaisler-elf/10.2.0/../../../../sparc-gaisler-elf/lib/leon3v7/soft/libc_nano.a(lib_a-puts.o)
 .data          0x00000000300007ac        0x0 /home/fsw/rep/tasa/lib/bcc-2.2.3-gcc/bin/../lib/gcc/sparc-gaisler-elf/10.2.0/../../../../sparc-gaisler-elf/lib/leon3v7/soft/libc_nano.a(lib_a-strlen.o)
 .data          0x00000000300007ac        0x0 /home/fsw/rep/tasa/lib/bcc-2.2.3-gcc/bin/../lib/gcc/sparc-gaisler-elf/10.2.0/../../../../sparc-gaisler-elf/lib/leon3v7/soft/libc_nano.a(lib_a-wbuf.o)
 .data          0x00000000300007ac        0x0 /home/fsw/rep/tasa/lib/bcc-2.2.3-gcc/bin/../lib/gcc/sparc-gaisler-elf/10.2.0/../../../../sparc-gaisler-elf/lib/leon3v7/soft/libc_nano.a(lib_a-wsetup.o)
 .data          0x00000000300007ac        0x4 /home/fsw/rep/tasa/lib/bcc-2.2.3-gcc/bin/../lib/gcc/sparc-gaisler-elf/10.2.0/../../../../sparc-gaisler-elf/lib/leon3v7/soft/libc_nano.a(lib_a-__atexit.o)
                0x00000000300007ac                __atexit_dummy
 .data          0x00000000300007b0        0x0 /home/fsw/rep/tasa/lib/bcc-2.2.3-gcc/bin/../lib/gcc/sparc-gaisler-elf/10.2.0/../../../../sparc-gaisler-elf/lib/leon3v7/soft/libc_nano.a(lib_a-__call_atexit.o)
 .data          0x00000000300007b0        0x0 /home/fsw/rep/tasa/lib/bcc-2.2.3-gcc/bin/../lib/gcc/sparc-gaisler-elf/10.2.0/../../../../sparc-gaisler-elf/lib/leon3v7/soft/libc_nano.a(lib_a-dtoa.o)
 .data          0x00000000300007b0        0x0 /home/fsw/rep/tasa/lib/bcc-2.2.3-gcc/bin/../lib/gcc/sparc-gaisler-elf/10.2.0/../../../../sparc-gaisler-elf/lib/leon3v7/soft/libc_nano.a(lib_a-fflush.o)
 .data          0x00000000300007b0        0x0 /home/fsw/rep/tasa/lib/bcc-2.2.3-gcc/bin/../lib/gcc/sparc-gaisler-elf/10.2.0/../../../../sparc-gaisler-elf/lib/leon3v7/soft/libc_nano.a(lib_a-findfp.o)
 .data          0x00000000300007b0        0x0 /home/fsw/rep/tasa/lib/bcc-2.2.3-gcc/bin/../lib/gcc/sparc-gaisler-elf/10.2.0/../../../../sparc-gaisler-elf/lib/leon3v7/soft/libc_nano.a(lib_a-fwalk.o)
 .data          0x00000000300007b0        0x0 /home/fsw/rep/tasa/lib/bcc-2.2.3-gcc/bin/../lib/gcc/sparc-gaisler-elf/10.2.0/../../../../sparc-gaisler-elf/lib/leon3v7/soft/libc_nano.a(lib_a-localeconv.o)
 .data          0x00000000300007b0        0x0 /home/fsw/rep/tasa/lib/bcc-2.2.3-gcc/bin/../lib/gcc/sparc-gaisler-elf/10.2.0/../../../../sparc-gaisler-elf/lib/leon3v7/soft/libc_nano.a(lib_a-makebuf.o)
 .data          0x00000000300007b0        0x0 /home/fsw/rep/tasa/lib/bcc-2.2.3-gcc/bin/../lib/gcc/sparc-gaisler-elf/10.2.0/../../../../sparc-gaisler-elf/lib/leon3v7/soft/libc_nano.a(lib_a-malloc.o)
 .data          0x00000000300007b0        0x0 /home/fsw/rep/tasa/lib/bcc-2.2.3-gcc/bin/../lib/gcc/sparc-gaisler-elf/10.2.0/../../../../sparc-gaisler-elf/lib/leon3v7/soft/libc_nano.a(lib_a-memchr.o)
 .data          0x00000000300007b0        0x0 /home/fsw/rep/tasa/lib/bcc-2.2.3-gcc/bin/../lib/gcc/sparc-gaisler-elf/10.2.0/../../../../sparc-gaisler-elf/lib/leon3v7/soft/libc_nano.a(lib_a-memcpy.o)
 .data          0x00000000300007b0        0x0 /home/fsw/rep/tasa/lib/bcc-2.2.3-gcc/bin/../lib/gcc/sparc-gaisler-elf/10.2.0/../../../../sparc-gaisler-elf/lib/leon3v7/soft/libc_nano.a(lib_a-memset.o)
 .data          0x00000000300007b0        0x0 /home/fsw/rep/tasa/lib/bcc-2.2.3-gcc/bin/../lib/gcc/sparc-gaisler-elf/10.2.0/../../../../sparc-gaisler-elf/lib/leon3v7/soft/libc_nano.a(lib_a-mprec.o)
 .data          0x00000000300007b0        0x0 /home/fsw/rep/tasa/lib/bcc-2.2.3-gcc/bin/../lib/gcc/sparc-gaisler-elf/10.2.0/../../../../sparc-gaisler-elf/lib/leon3v7/soft/libc_nano.a(lib_a-nano-callocr.o)
 .data          0x00000000300007b0        0x0 /home/fsw/rep/tasa/lib/bcc-2.2.3-gcc/bin/../lib/gcc/sparc-gaisler-elf/10.2.0/../../../../sparc-gaisler-elf/lib/leon3v7/soft/libc_nano.a(lib_a-nano-freer.o)
 .data          0x00000000300007b0        0x0 /home/fsw/rep/tasa/lib/bcc-2.2.3-gcc/bin/../lib/gcc/sparc-gaisler-elf/10.2.0/../../../../sparc-gaisler-elf/lib/leon3v7/soft/libc_nano.a(lib_a-nano-mallocr.o)
 .data          0x00000000300007b0        0x0 /home/fsw/rep/tasa/lib/bcc-2.2.3-gcc/bin/../lib/gcc/sparc-gaisler-elf/10.2.0/../../../../sparc-gaisler-elf/lib/leon3v7/soft/libc_nano.a(lib_a-nano-vfprintf.o)
 .data          0x00000000300007b0        0x0 /home/fsw/rep/tasa/lib/bcc-2.2.3-gcc/bin/../lib/gcc/sparc-gaisler-elf/10.2.0/../../../../sparc-gaisler-elf/lib/leon3v7/soft/libc_nano.a(lib_a-putc.o)
 .data          0x00000000300007b0        0x0 /home/fsw/rep/tasa/lib/bcc-2.2.3-gcc/bin/../lib/gcc/sparc-gaisler-elf/10.2.0/../../../../sparc-gaisler-elf/lib/leon3v7/soft/libc_nano.a(lib_a-sbrkr.o)
 .data          0x00000000300007b0        0x0 /home/fsw/rep/tasa/lib/bcc-2.2.3-gcc/bin/../lib/gcc/sparc-gaisler-elf/10.2.0/../../../../sparc-gaisler-elf/lib/leon3v7/soft/libc_nano.a(lib_a-stdio.o)
 .data          0x00000000300007b0        0x0 /home/fsw/rep/tasa/lib/bcc-2.2.3-gcc/bin/../lib/gcc/sparc-gaisler-elf/10.2.0/../../../../sparc-gaisler-elf/lib/leon3v7/soft/libc_nano.a(lib_a-writer.o)
 .data          0x00000000300007b0        0x0 /home/fsw/rep/tasa/lib/bcc-2.2.3-gcc/bin/../lib/gcc/sparc-gaisler-elf/10.2.0/../../../../sparc-gaisler-elf/lib/leon3v7/soft/libc_nano.a(lib_a-closer.o)
 .data          0x00000000300007b0        0x0 /home/fsw/rep/tasa/lib/bcc-2.2.3-gcc/bin/../lib/gcc/sparc-gaisler-elf/10.2.0/../../../../sparc-gaisler-elf/lib/leon3v7/soft/libc_nano.a(lib_a-fstatr.o)
 .data          0x00000000300007b0        0x0 /home/fsw/rep/tasa/lib/bcc-2.2.3-gcc/bin/../lib/gcc/sparc-gaisler-elf/10.2.0/../../../../sparc-gaisler-elf/lib/leon3v7/soft/libc_nano.a(lib_a-fvwrite.o)
 .data          0x00000000300007b0        0x0 /home/fsw/rep/tasa/lib/bcc-2.2.3-gcc/bin/../lib/gcc/sparc-gaisler-elf/10.2.0/../../../../sparc-gaisler-elf/lib/leon3v7/soft/libc_nano.a(lib_a-isattyr.o)
 .data          0x00000000300007b0      0x16c /home/fsw/rep/tasa/lib/bcc-2.2.3-gcc/bin/../lib/gcc/sparc-gaisler-elf/10.2.0/../../../../sparc-gaisler-elf/lib/leon3v7/soft/libc_nano.a(lib_a-locale.o)
                0x00000000300007b0                __global_locale
 .data          0x000000003000091c        0x0 /home/fsw/rep/tasa/lib/bcc-2.2.3-gcc/bin/../lib/gcc/sparc-gaisler-elf/10.2.0/../../../../sparc-gaisler-elf/lib/leon3v7/soft/libc_nano.a(lib_a-lseekr.o)
 .data          0x000000003000091c        0x0 /home/fsw/rep/tasa/lib/bcc-2.2.3-gcc/bin/../lib/gcc/sparc-gaisler-elf/10.2.0/../../../../sparc-gaisler-elf/lib/leon3v7/soft/libc_nano.a(lib_a-mbtowc_r.o)
 .data          0x000000003000091c        0x0 /home/fsw/rep/tasa/lib/bcc-2.2.3-gcc/bin/../lib/gcc/sparc-gaisler-elf/10.2.0/../../../../sparc-gaisler-elf/lib/leon3v7/soft/libc_nano.a(lib_a-memmove.o)
 .data          0x000000003000091c        0x0 /home/fsw/rep/tasa/lib/bcc-2.2.3-gcc/bin/../lib/gcc/sparc-gaisler-elf/10.2.0/../../../../sparc-gaisler-elf/lib/leon3v7/soft/libc_nano.a(lib_a-mlock.o)
 .data          0x000000003000091c        0x0 /home/fsw/rep/tasa/lib/bcc-2.2.3-gcc/bin/../lib/gcc/sparc-gaisler-elf/10.2.0/../../../../sparc-gaisler-elf/lib/leon3v7/soft/libc_nano.a(lib_a-nano-reallocr.o)
 .data          0x000000003000091c        0x0 /home/fsw/rep/tasa/lib/bcc-2.2.3-gcc/bin/../lib/gcc/sparc-gaisler-elf/10.2.0/../../../../sparc-gaisler-elf/lib/leon3v7/soft/libc_nano.a(lib_a-readr.o)
 .data          0x000000003000091c        0x0 /home/fsw/rep/tasa/lib/bcc-2.2.3-gcc/bin/../lib/gcc/sparc-gaisler-elf/10.2.0/../../../../sparc-gaisler-elf/lib/leon3v7/soft/libc_nano.a(lib_a-reent.o)
 .data          0x000000003000091c        0x0 /home/fsw/rep/tasa/lib/bcc-2.2.3-gcc/bin/../lib/gcc/sparc-gaisler-elf/10.2.0/../../../../sparc-gaisler-elf/lib/leon3v7/soft/libc_nano.a(lib_a-strcmp.o)
 .data          0x000000003000091c        0x0 /home/fsw/rep/tasa/lib/bcc-2.2.3-gcc/bin/../lib/gcc/sparc-gaisler-elf/10.2.0/../../../../sparc-gaisler-elf/lib/leon3v7/soft/libc_nano.a(lib_a-wctomb_r.o)
 .data          0x000000003000091c        0x0 /home/fsw/rep/tasa/lib/bcc-2.2.3-gcc/bin/../lib/gcc/sparc-gaisler-elf/10.2.0/../../../../sparc-gaisler-elf/lib/leon3v7/soft/libc_nano.a(lib_a-ctype_.o)
 .data          0x000000003000091c        0x0 /home/fsw/rep/tasa/lib/bcc-2.2.3-gcc/bin/../lib/gcc/sparc-gaisler-elf/10.2.0/../../../../sparc-gaisler-elf/lib/leon3v7/soft/libc_nano.a(lib_a-nano-msizer.o)
 .data          0x000000003000091c        0x0 /home/fsw/rep/tasa/lib/bcc-2.2.3-gcc/bin/../sparc-gaisler-elf/bsp/gr716/leon3v7/soft/libbcc.a(_exit.S.o)
 .data          0x000000003000091c        0x0 /home/fsw/rep/tasa/lib/bcc-2.2.3-gcc/bin/../sparc-gaisler-elf/bsp/gr716/leon3v7/soft/libbcc.a(read.c.o)
 .data          0x000000003000091c        0x0 /home/fsw/rep/tasa/lib/bcc-2.2.3-gcc/bin/../sparc-gaisler-elf/bsp/gr716/leon3v7/soft/libbcc.a(sbrk.c.o)
 .data          0x000000003000091c        0x0 /home/fsw/rep/tasa/lib/bcc-2.2.3-gcc/bin/../sparc-gaisler-elf/bsp/gr716/leon3v7/soft/libbcc.a(heap.c.o)
 .data          0x000000003000091c        0x0 /home/fsw/rep/tasa/lib/bcc-2.2.3-gcc/bin/../sparc-gaisler-elf/bsp/gr716/leon3v7/soft/libbcc.a(write.c.o)
 .data          0x000000003000091c        0x0 /home/fsw/rep/tasa/lib/bcc-2.2.3-gcc/bin/../sparc-gaisler-elf/bsp/gr716/leon3v7/soft/libbcc.a(stubs.S.o)
 .data          0x000000003000091c        0x0 /home/fsw/rep/tasa/lib/bcc-2.2.3-gcc/bin/../sparc-gaisler-elf/bsp/gr716/leon3v7/soft/libbcc.a(con_apbuart.c.o)
 .data          0x000000003000091c        0x0 /home/fsw/rep/tasa/lib/bcc-2.2.3-gcc/bin/../lib/gcc/sparc-gaisler-elf/10.2.0/leon3v7/soft/libgcc.a(_mulsi3.o)
 .data          0x000000003000091c        0x0 /home/fsw/rep/tasa/lib/bcc-2.2.3-gcc/bin/../lib/gcc/sparc-gaisler-elf/10.2.0/leon3v7/soft/libgcc.a(_divsi3.o)
 .data          0x000000003000091c        0x0 /home/fsw/rep/tasa/lib/bcc-2.2.3-gcc/bin/../lib/gcc/sparc-gaisler-elf/10.2.0/leon3v7/soft/libgcc.a(_modsi3.o)
 .data          0x000000003000091c        0x0 /home/fsw/rep/tasa/lib/bcc-2.2.3-gcc/bin/../lib/gcc/sparc-gaisler-elf/10.2.0/leon3v7/soft/libgcc.a(_addsub_df.o)
 .data          0x000000003000091c        0x0 /home/fsw/rep/tasa/lib/bcc-2.2.3-gcc/bin/../lib/gcc/sparc-gaisler-elf/10.2.0/leon3v7/soft/libgcc.a(_mul_df.o)
 .data          0x000000003000091c        0x0 /home/fsw/rep/tasa/lib/bcc-2.2.3-gcc/bin/../lib/gcc/sparc-gaisler-elf/10.2.0/leon3v7/soft/libgcc.a(_div_df.o)
 .data          0x000000003000091c        0x0 /home/fsw/rep/tasa/lib/bcc-2.2.3-gcc/bin/../lib/gcc/sparc-gaisler-elf/10.2.0/leon3v7/soft/libgcc.a(_eq_df.o)
 .data          0x000000003000091c        0x0 /home/fsw/rep/tasa/lib/bcc-2.2.3-gcc/bin/../lib/gcc/sparc-gaisler-elf/10.2.0/leon3v7/soft/libgcc.a(_ne_df.o)
 .data          0x000000003000091c        0x0 /home/fsw/rep/tasa/lib/bcc-2.2.3-gcc/bin/../lib/gcc/sparc-gaisler-elf/10.2.0/leon3v7/soft/libgcc.a(_gt_df.o)
 .data          0x000000003000091c        0x0 /home/fsw/rep/tasa/lib/bcc-2.2.3-gcc/bin/../lib/gcc/sparc-gaisler-elf/10.2.0/leon3v7/soft/libgcc.a(_ge_df.o)
 .data          0x000000003000091c        0x0 /home/fsw/rep/tasa/lib/bcc-2.2.3-gcc/bin/../lib/gcc/sparc-gaisler-elf/10.2.0/leon3v7/soft/libgcc.a(_lt_df.o)
 .data          0x000000003000091c        0x0 /home/fsw/rep/tasa/lib/bcc-2.2.3-gcc/bin/../lib/gcc/sparc-gaisler-elf/10.2.0/leon3v7/soft/libgcc.a(_le_df.o)
 .data          0x000000003000091c        0x0 /home/fsw/rep/tasa/lib/bcc-2.2.3-gcc/bin/../lib/gcc/sparc-gaisler-elf/10.2.0/leon3v7/soft/libgcc.a(_unord_df.o)
 .data          0x000000003000091c        0x0 /home/fsw/rep/tasa/lib/bcc-2.2.3-gcc/bin/../lib/gcc/sparc-gaisler-elf/10.2.0/leon3v7/soft/libgcc.a(_si_to_df.o)
 .data          0x000000003000091c        0x0 /home/fsw/rep/tasa/lib/bcc-2.2.3-gcc/bin/../lib/gcc/sparc-gaisler-elf/10.2.0/leon3v7/soft/libgcc.a(_df_to_si.o)
 .data          0x000000003000091c        0x0 /home/fsw/rep/tasa/lib/bcc-2.2.3-gcc/bin/../lib/gcc/sparc-gaisler-elf/10.2.0/leon3v7/soft/libgcc.a(_thenan_df.o)
 .data          0x000000003000091c        0x0 /home/fsw/rep/tasa/lib/bcc-2.2.3-gcc/bin/../lib/gcc/sparc-gaisler-elf/10.2.0/leon3v7/soft/libgcc.a(_usi_to_df.o)
 .data          0x000000003000091c        0x0 /home/fsw/rep/tasa/lib/bcc-2.2.3-gcc/bin/../lib/gcc/sparc-gaisler-elf/10.2.0/leon3v7/soft/libgcc.a(_muldi3.o)
 .data          0x000000003000091c        0x0 /home/fsw/rep/tasa/lib/bcc-2.2.3-gcc/bin/../lib/gcc/sparc-gaisler-elf/10.2.0/leon3v7/soft/libgcc.a(_clzsi2.o)
 .data          0x000000003000091c        0x0 /home/fsw/rep/tasa/lib/bcc-2.2.3-gcc/bin/../lib/gcc/sparc-gaisler-elf/10.2.0/leon3v7/soft/libgcc.a(_pack_df.o)
 .data          0x000000003000091c        0x0 /home/fsw/rep/tasa/lib/bcc-2.2.3-gcc/bin/../lib/gcc/sparc-gaisler-elf/10.2.0/leon3v7/soft/libgcc.a(_unpack_df.o)
 .data          0x000000003000091c        0x0 /home/fsw/rep/tasa/lib/bcc-2.2.3-gcc/bin/../lib/gcc/sparc-gaisler-elf/10.2.0/leon3v7/soft/libgcc.a(_fpcmp_parts_df.o)
 .data          0x000000003000091c        0x0 /home/fsw/rep/tasa/lib/bcc-2.2.3-gcc/bin/../lib/gcc/sparc-gaisler-elf/10.2.0/leon3v7/soft/libgcc.a(_clz.o)
 .data          0x000000003000091c        0x0 /home/fsw/rep/tasa/lib/bcc-2.2.3-gcc/bin/../lib/gcc/sparc-gaisler-elf/10.2.0/leon3v7/soft/crtend.o
 .data          0x000000003000091c        0x0 /home/fsw/rep/tasa/lib/bcc-2.2.3-gcc/bin/../lib/gcc/sparc-gaisler-elf/10.2.0/leon3v7/soft/crtn.o
                0x0000000030000920                . = ALIGN (0x8)
 *fill*         0x000000003000091c        0x4 
                0x0000000030000920                __data_end = .
                0x0000000030000700                __data_start_lma = LOADADDR (.data)
                0x0000000000000220                __data_size = SIZEOF (.data)

.iplt           0x0000000030000920        0x0
 .iplt          0x0000000030000920        0x0 /home/fsw/rep/tasa/lib/bcc-2.2.3-gcc/bin/../sparc-gaisler-elf/bsp/gr716/leon3v7/soft/trap_table_mvt.S.o

.tm_clone_table
                0x0000000030000920        0x0
 .tm_clone_table
                0x0000000030000920        0x0 /home/fsw/rep/tasa/lib/bcc-2.2.3-gcc/bin/../lib/gcc/sparc-gaisler-elf/10.2.0/leon3v7/soft/crtbegin.o
 .tm_clone_table
                0x0000000030000920        0x0 /home/fsw/rep/tasa/lib/bcc-2.2.3-gcc/bin/../lib/gcc/sparc-gaisler-elf/10.2.0/leon3v7/soft/crtend.o

.bss            0x0000000030000920      0x178
                0x0000000030000920                . = ALIGN (0x8)
                0x0000000030000920                __bss_start = .
 *(.bss .bss.*)
 .bss           0x0000000030000920        0x0 /home/fsw/rep/tasa/lib/bcc-2.2.3-gcc/bin/../sparc-gaisler-elf/bsp/gr716/leon3v7/soft/trap_table_mvt.S.o
 .bss           0x0000000030000920        0x4 /home/fsw/rep/tasa/lib/bcc-2.2.3-gcc/bin/../sparc-gaisler-elf/bsp/gr716/leon3v7/soft/crt0.S.o
                0x0000000030000920                __bcc_sp_at_entry
 .bss           0x0000000030000924        0x0 /home/fsw/rep/tasa/lib/bcc-2.2.3-gcc/bin/../lib/gcc/sparc-gaisler-elf/10.2.0/leon3v7/soft/crti.o
 .bss           0x0000000030000924       0x20 /home/fsw/rep/tasa/lib/bcc-2.2.3-gcc/bin/../lib/gcc/sparc-gaisler-elf/10.2.0/leon3v7/soft/crtbegin.o
 .bss           0x0000000030000944        0x0 /tmp/ccN9Pc1P.o
 .bss           0x0000000030000944        0x0 /home/fsw/rep/tasa/lib/bcc-2.2.3-gcc/bin/../sparc-gaisler-elf/bsp/gr716/leon3v7/soft/libbcc.a(reset_trap_mvt.S.o)
 .bss           0x0000000030000944        0x0 /home/fsw/rep/tasa/lib/bcc-2.2.3-gcc/bin/../sparc-gaisler-elf/bsp/gr716/leon3v7/soft/libbcc.a(window_trap.S.o)
 .bss           0x0000000030000944        0x0 /home/fsw/rep/tasa/lib/bcc-2.2.3-gcc/bin/../sparc-gaisler-elf/bsp/gr716/leon3v7/soft/libbcc.a(interrupt_trap.S.o)
 *fill*         0x0000000030000944        0x4 
 .bss           0x0000000030000948       0x14 /home/fsw/rep/tasa/lib/bcc-2.2.3-gcc/bin/../sparc-gaisler-elf/bsp/gr716/leon3v7/soft/libbcc.a(flush_windows_trap.S.o)
 .bss           0x000000003000095c        0x0 /home/fsw/rep/tasa/lib/bcc-2.2.3-gcc/bin/../sparc-gaisler-elf/bsp/gr716/leon3v7/soft/libbcc.a(sw_trap_set_pil.S.o)
 .bss           0x000000003000095c       0x80 /home/fsw/rep/tasa/lib/bcc-2.2.3-gcc/bin/../sparc-gaisler-elf/bsp/gr716/leon3v7/soft/libbcc.a(isr.c.o)
                0x000000003000095c                __bcc_isr_list
 .bss           0x00000000300009dc        0x0 /home/fsw/rep/tasa/lib/bcc-2.2.3-gcc/bin/../sparc-gaisler-elf/bsp/gr716/leon3v7/soft/libbcc.a(int_nest.c.o)
 .bss           0x00000000300009dc        0x0 /home/fsw/rep/tasa/lib/bcc-2.2.3-gcc/bin/../sparc-gaisler-elf/bsp/gr716/leon3v7/soft/libbcc.a(init.S.o)
 .bss           0x00000000300009dc        0x0 /home/fsw/rep/tasa/lib/bcc-2.2.3-gcc/bin/../sparc-gaisler-elf/bsp/gr716/leon3v7/soft/libbcc.a(leon_info.S.o)
 .bss           0x00000000300009dc        0x0 /home/fsw/rep/tasa/lib/bcc-2.2.3-gcc/bin/../sparc-gaisler-elf/bsp/gr716/leon3v7/soft/libbcc.a(dwzero.S.o)
 .bss           0x00000000300009dc        0x0 /home/fsw/rep/tasa/lib/bcc-2.2.3-gcc/bin/../sparc-gaisler-elf/bsp/gr716/leon3v7/soft/libbcc.a(copy_data.c.o)
 .bss           0x00000000300009dc        0x8 /home/fsw/rep/tasa/lib/bcc-2.2.3-gcc/bin/../sparc-gaisler-elf/bsp/gr716/leon3v7/soft/libbcc.a(argv.c.o)
                0x00000000300009e0                __bcc_argc
 .bss           0x00000000300009e4        0x0 /home/fsw/rep/tasa/lib/bcc-2.2.3-gcc/bin/../sparc-gaisler-elf/bsp/gr716/leon3v7/soft/libbcc.a(int_irqmp_get_source.c.o)
 .bss           0x00000000300009e4        0x0 /home/fsw/rep/tasa/lib/bcc-2.2.3-gcc/bin/../sparc-gaisler-elf/bsp/gr716/leon3v7/soft/libbcc.a(int_irqmp_mp.c.o)
 .bss           0x00000000300009e4        0x0 /home/fsw/rep/tasa/lib/bcc-2.2.3-gcc/bin/../sparc-gaisler-elf/bsp/gr716/leon3v7/soft/libbcc.a(int_irqmp_init.c.o)
 .bss           0x00000000300009e4        0x0 /home/fsw/rep/tasa/lib/bcc-2.2.3-gcc/bin/../sparc-gaisler-elf/bsp/gr716/leon3v7/soft/libbcc.a(bsp_timer_init.c.o)
 .bss           0x00000000300009e4        0x0 /home/fsw/rep/tasa/lib/bcc-2.2.3-gcc/bin/../sparc-gaisler-elf/bsp/gr716/leon3v7/soft/libbcc.a(bsp_con_init.c.o)
 .bss           0x00000000300009e4        0x0 /home/fsw/rep/tasa/lib/bcc-2.2.3-gcc/bin/../sparc-gaisler-elf/bsp/gr716/leon3v7/soft/libbcc.a(int_irqmp_handle.c.o)
 .bss           0x00000000300009e4        0x0 /home/fsw/rep/tasa/lib/bcc-2.2.3-gcc/bin/../sparc-gaisler-elf/bsp/gr716/leon3v7/soft/libbcc.a(con_handle.c.o)
 .bss           0x00000000300009e4        0x0 /home/fsw/rep/tasa/lib/bcc-2.2.3-gcc/bin/../sparc-gaisler-elf/bsp/gr716/leon3v7/soft/libbcc.a(timer_handle.c.o)
 .bss           0x00000000300009e4        0x0 /home/fsw/rep/tasa/lib/bcc-2.2.3-gcc/bin/../sparc-gaisler-elf/bsp/gr716/leon3v7/soft/libbcc.a(bsp_sysfreq.c.o)
 .bss           0x00000000300009e4        0x0 /home/fsw/rep/tasa/lib/bcc-2.2.3-gcc/bin/../lib/gcc/sparc-gaisler-elf/10.2.0/../../../../sparc-gaisler-elf/lib/leon3v7/soft/libc_nano.a(lib_a-atexit.o)
 .bss           0x00000000300009e4        0x0 /home/fsw/rep/tasa/lib/bcc-2.2.3-gcc/bin/../lib/gcc/sparc-gaisler-elf/10.2.0/../../../../sparc-gaisler-elf/lib/leon3v7/soft/libc_nano.a(lib_a-exit.o)
 .bss           0x00000000300009e4        0x0 /home/fsw/rep/tasa/lib/bcc-2.2.3-gcc/bin/../lib/gcc/sparc-gaisler-elf/10.2.0/../../../../sparc-gaisler-elf/lib/leon3v7/soft/libc_nano.a(lib_a-impure.o)
 .bss           0x00000000300009e4        0x0 /home/fsw/rep/tasa/lib/bcc-2.2.3-gcc/bin/../lib/gcc/sparc-gaisler-elf/10.2.0/../../../../sparc-gaisler-elf/lib/leon3v7/soft/libc_nano.a(lib_a-nano-vfprintf_float.o)
 .bss           0x00000000300009e4        0x0 /home/fsw/rep/tasa/lib/bcc-2.2.3-gcc/bin/../lib/gcc/sparc-gaisler-elf/10.2.0/../../../../sparc-gaisler-elf/lib/leon3v7/soft/libc_nano.a(lib_a-nano-vfprintf_i.o)
 .bss           0x00000000300009e4        0x0 /home/fsw/rep/tasa/lib/bcc-2.2.3-gcc/bin/../lib/gcc/sparc-gaisler-elf/10.2.0/../../../../sparc-gaisler-elf/lib/leon3v7/soft/libc_nano.a(lib_a-printf.o)
 .bss           0x00000000300009e4        0x0 /home/fsw/rep/tasa/lib/bcc-2.2.3-gcc/bin/../lib/gcc/sparc-gaisler-elf/10.2.0/../../../../sparc-gaisler-elf/lib/leon3v7/soft/libc_nano.a(lib_a-putchar.o)
 .bss           0x00000000300009e4        0x0 /home/fsw/rep/tasa/lib/bcc-2.2.3-gcc/bin/../lib/gcc/sparc-gaisler-elf/10.2.0/../../../../sparc-gaisler-elf/lib/leon3v7/soft/libc_nano.a(lib_a-puts.o)
 .bss           0x00000000300009e4        0x0 /home/fsw/rep/tasa/lib/bcc-2.2.3-gcc/bin/../lib/gcc/sparc-gaisler-elf/10.2.0/../../../../sparc-gaisler-elf/lib/leon3v7/soft/libc_nano.a(lib_a-strlen.o)
 .bss           0x00000000300009e4        0x0 /home/fsw/rep/tasa/lib/bcc-2.2.3-gcc/bin/../lib/gcc/sparc-gaisler-elf/10.2.0/../../../../sparc-gaisler-elf/lib/leon3v7/soft/libc_nano.a(lib_a-wbuf.o)
 .bss           0x00000000300009e4        0x0 /home/fsw/rep/tasa/lib/bcc-2.2.3-gcc/bin/../lib/gcc/sparc-gaisler-elf/10.2.0/../../../../sparc-gaisler-elf/lib/leon3v7/soft/libc_nano.a(lib_a-wsetup.o)
 .bss           0x00000000300009e4       0x8c /home/fsw/rep/tasa/lib/bcc-2.2.3-gcc/bin/../lib/gcc/sparc-gaisler-elf/10.2.0/../../../../sparc-gaisler-elf/lib/leon3v7/soft/libc_nano.a(lib_a-__atexit.o)
 .bss           0x0000000030000a70        0x4 /home/fsw/rep/tasa/lib/bcc-2.2.3-gcc/bin/../lib/gcc/sparc-gaisler-elf/10.2.0/../../../../sparc-gaisler-elf/lib/leon3v7/soft/libc_nano.a(lib_a-__call_atexit.o)
                0x0000000030000a70                _global_atexit
 .bss           0x0000000030000a74        0x0 /home/fsw/rep/tasa/lib/bcc-2.2.3-gcc/bin/../lib/gcc/sparc-gaisler-elf/10.2.0/../../../../sparc-gaisler-elf/lib/leon3v7/soft/libc_nano.a(lib_a-dtoa.o)
 .bss           0x0000000030000a74        0x0 /home/fsw/rep/tasa/lib/bcc-2.2.3-gcc/bin/../lib/gcc/sparc-gaisler-elf/10.2.0/../../../../sparc-gaisler-elf/lib/leon3v7/soft/libc_nano.a(lib_a-fflush.o)
 .bss           0x0000000030000a74        0x0 /home/fsw/rep/tasa/lib/bcc-2.2.3-gcc/bin/../lib/gcc/sparc-gaisler-elf/10.2.0/../../../../sparc-gaisler-elf/lib/leon3v7/soft/libc_nano.a(lib_a-findfp.o)
 .bss           0x0000000030000a74        0x0 /home/fsw/rep/tasa/lib/bcc-2.2.3-gcc/bin/../lib/gcc/sparc-gaisler-elf/10.2.0/../../../../sparc-gaisler-elf/lib/leon3v7/soft/libc_nano.a(lib_a-fwalk.o)
 .bss           0x0000000030000a74        0x0 /home/fsw/rep/tasa/lib/bcc-2.2.3-gcc/bin/../lib/gcc/sparc-gaisler-elf/10.2.0/../../../../sparc-gaisler-elf/lib/leon3v7/soft/libc_nano.a(lib_a-localeconv.o)
 .bss           0x0000000030000a74        0x0 /home/fsw/rep/tasa/lib/bcc-2.2.3-gcc/bin/../lib/gcc/sparc-gaisler-elf/10.2.0/../../../../sparc-gaisler-elf/lib/leon3v7/soft/libc_nano.a(lib_a-makebuf.o)
 .bss           0x0000000030000a74        0x0 /home/fsw/rep/tasa/lib/bcc-2.2.3-gcc/bin/../lib/gcc/sparc-gaisler-elf/10.2.0/../../../../sparc-gaisler-elf/lib/leon3v7/soft/libc_nano.a(lib_a-malloc.o)
 .bss           0x0000000030000a74        0x0 /home/fsw/rep/tasa/lib/bcc-2.2.3-gcc/bin/../lib/gcc/sparc-gaisler-elf/10.2.0/../../../../sparc-gaisler-elf/lib/leon3v7/soft/libc_nano.a(lib_a-memchr.o)
 .bss           0x0000000030000a74        0x0 /home/fsw/rep/tasa/lib/bcc-2.2.3-gcc/bin/../lib/gcc/sparc-gaisler-elf/10.2.0/../../../../sparc-gaisler-elf/lib/leon3v7/soft/libc_nano.a(lib_a-memcpy.o)
 .bss           0x0000000030000a74        0x0 /home/fsw/rep/tasa/lib/bcc-2.2.3-gcc/bin/../lib/gcc/sparc-gaisler-elf/10.2.0/../../../../sparc-gaisler-elf/lib/leon3v7/soft/libc_nano.a(lib_a-memset.o)
 .bss           0x0000000030000a74        0x0 /home/fsw/rep/tasa/lib/bcc-2.2.3-gcc/bin/../lib/gcc/sparc-gaisler-elf/10.2.0/../../../../sparc-gaisler-elf/lib/leon3v7/soft/libc_nano.a(lib_a-mprec.o)
 .bss           0x0000000030000a74        0x0 /home/fsw/rep/tasa/lib/bcc-2.2.3-gcc/bin/../lib/gcc/sparc-gaisler-elf/10.2.0/../../../../sparc-gaisler-elf/lib/leon3v7/soft/libc_nano.a(lib_a-nano-callocr.o)
 .bss           0x0000000030000a74        0x0 /home/fsw/rep/tasa/lib/bcc-2.2.3-gcc/bin/../lib/gcc/sparc-gaisler-elf/10.2.0/../../../../sparc-gaisler-elf/lib/leon3v7/soft/libc_nano.a(lib_a-nano-freer.o)
 .bss           0x0000000030000a74        0x8 /home/fsw/rep/tasa/lib/bcc-2.2.3-gcc/bin/../lib/gcc/sparc-gaisler-elf/10.2.0/../../../../sparc-gaisler-elf/lib/leon3v7/soft/libc_nano.a(lib_a-nano-mallocr.o)
                0x0000000030000a74                __malloc_sbrk_start
                0x0000000030000a78                __malloc_free_list
 .bss           0x0000000030000a7c        0x0 /home/fsw/rep/tasa/lib/bcc-2.2.3-gcc/bin/../lib/gcc/sparc-gaisler-elf/10.2.0/../../../../sparc-gaisler-elf/lib/leon3v7/soft/libc_nano.a(lib_a-nano-vfprintf.o)
 .bss           0x0000000030000a7c        0x0 /home/fsw/rep/tasa/lib/bcc-2.2.3-gcc/bin/../lib/gcc/sparc-gaisler-elf/10.2.0/../../../../sparc-gaisler-elf/lib/leon3v7/soft/libc_nano.a(lib_a-putc.o)
 .bss           0x0000000030000a7c        0x0 /home/fsw/rep/tasa/lib/bcc-2.2.3-gcc/bin/../lib/gcc/sparc-gaisler-elf/10.2.0/../../../../sparc-gaisler-elf/lib/leon3v7/soft/libc_nano.a(lib_a-sbrkr.o)
 .bss           0x0000000030000a7c        0x0 /home/fsw/rep/tasa/lib/bcc-2.2.3-gcc/bin/../lib/gcc/sparc-gaisler-elf/10.2.0/../../../../sparc-gaisler-elf/lib/leon3v7/soft/libc_nano.a(lib_a-stdio.o)
 .bss           0x0000000030000a7c        0x0 /home/fsw/rep/tasa/lib/bcc-2.2.3-gcc/bin/../lib/gcc/sparc-gaisler-elf/10.2.0/../../../../sparc-gaisler-elf/lib/leon3v7/soft/libc_nano.a(lib_a-writer.o)
 .bss           0x0000000030000a7c        0x0 /home/fsw/rep/tasa/lib/bcc-2.2.3-gcc/bin/../lib/gcc/sparc-gaisler-elf/10.2.0/../../../../sparc-gaisler-elf/lib/leon3v7/soft/libc_nano.a(lib_a-closer.o)
 .bss           0x0000000030000a7c        0x0 /home/fsw/rep/tasa/lib/bcc-2.2.3-gcc/bin/../lib/gcc/sparc-gaisler-elf/10.2.0/../../../../sparc-gaisler-elf/lib/leon3v7/soft/libc_nano.a(lib_a-fstatr.o)
 .bss           0x0000000030000a7c        0x0 /home/fsw/rep/tasa/lib/bcc-2.2.3-gcc/bin/../lib/gcc/sparc-gaisler-elf/10.2.0/../../../../sparc-gaisler-elf/lib/leon3v7/soft/libc_nano.a(lib_a-fvwrite.o)
 .bss           0x0000000030000a7c        0x0 /home/fsw/rep/tasa/lib/bcc-2.2.3-gcc/bin/../lib/gcc/sparc-gaisler-elf/10.2.0/../../../../sparc-gaisler-elf/lib/leon3v7/soft/libc_nano.a(lib_a-isattyr.o)
 .bss           0x0000000030000a7c        0x4 /home/fsw/rep/tasa/lib/bcc-2.2.3-gcc/bin/../lib/gcc/sparc-gaisler-elf/10.2.0/../../../../sparc-gaisler-elf/lib/leon3v7/soft/libc_nano.a(lib_a-locale.o)
                0x0000000030000a7c                _PathLocale
 .bss           0x0000000030000a80        0x0 /home/fsw/rep/tasa/lib/bcc-2.2.3-gcc/bin/../lib/gcc/sparc-gaisler-elf/10.2.0/../../../../sparc-gaisler-elf/lib/leon3v7/soft/libc_nano.a(lib_a-lseekr.o)
 .bss           0x0000000030000a80        0x0 /home/fsw/rep/tasa/lib/bcc-2.2.3-gcc/bin/../lib/gcc/sparc-gaisler-elf/10.2.0/../../../../sparc-gaisler-elf/lib/leon3v7/soft/libc_nano.a(lib_a-mbtowc_r.o)
 .bss           0x0000000030000a80        0x0 /home/fsw/rep/tasa/lib/bcc-2.2.3-gcc/bin/../lib/gcc/sparc-gaisler-elf/10.2.0/../../../../sparc-gaisler-elf/lib/leon3v7/soft/libc_nano.a(lib_a-memmove.o)
 .bss           0x0000000030000a80        0x0 /home/fsw/rep/tasa/lib/bcc-2.2.3-gcc/bin/../lib/gcc/sparc-gaisler-elf/10.2.0/../../../../sparc-gaisler-elf/lib/leon3v7/soft/libc_nano.a(lib_a-mlock.o)
 .bss           0x0000000030000a80        0x0 /home/fsw/rep/tasa/lib/bcc-2.2.3-gcc/bin/../lib/gcc/sparc-gaisler-elf/10.2.0/../../../../sparc-gaisler-elf/lib/leon3v7/soft/libc_nano.a(lib_a-nano-reallocr.o)
 .bss           0x0000000030000a80        0x0 /home/fsw/rep/tasa/lib/bcc-2.2.3-gcc/bin/../lib/gcc/sparc-gaisler-elf/10.2.0/../../../../sparc-gaisler-elf/lib/leon3v7/soft/libc_nano.a(lib_a-readr.o)
 .bss           0x0000000030000a80        0x4 /home/fsw/rep/tasa/lib/bcc-2.2.3-gcc/bin/../lib/gcc/sparc-gaisler-elf/10.2.0/../../../../sparc-gaisler-elf/lib/leon3v7/soft/libc_nano.a(lib_a-reent.o)
                0x0000000030000a80                errno
 .bss           0x0000000030000a84        0x0 /home/fsw/rep/tasa/lib/bcc-2.2.3-gcc/bin/../lib/gcc/sparc-gaisler-elf/10.2.0/../../../../sparc-gaisler-elf/lib/leon3v7/soft/libc_nano.a(lib_a-strcmp.o)
 .bss           0x0000000030000a84        0x0 /home/fsw/rep/tasa/lib/bcc-2.2.3-gcc/bin/../lib/gcc/sparc-gaisler-elf/10.2.0/../../../../sparc-gaisler-elf/lib/leon3v7/soft/libc_nano.a(lib_a-wctomb_r.o)
 .bss           0x0000000030000a84        0x0 /home/fsw/rep/tasa/lib/bcc-2.2.3-gcc/bin/../lib/gcc/sparc-gaisler-elf/10.2.0/../../../../sparc-gaisler-elf/lib/leon3v7/soft/libc_nano.a(lib_a-ctype_.o)
 .bss           0x0000000030000a84        0x0 /home/fsw/rep/tasa/lib/bcc-2.2.3-gcc/bin/../lib/gcc/sparc-gaisler-elf/10.2.0/../../../../sparc-gaisler-elf/lib/leon3v7/soft/libc_nano.a(lib_a-nano-msizer.o)
 .bss           0x0000000030000a84        0x0 /home/fsw/rep/tasa/lib/bcc-2.2.3-gcc/bin/../sparc-gaisler-elf/bsp/gr716/leon3v7/soft/libbcc.a(_exit.S.o)
 .bss           0x0000000030000a84        0x0 /home/fsw/rep/tasa/lib/bcc-2.2.3-gcc/bin/../sparc-gaisler-elf/bsp/gr716/leon3v7/soft/libbcc.a(read.c.o)
 .bss           0x0000000030000a84        0x4 /home/fsw/rep/tasa/lib/bcc-2.2.3-gcc/bin/../sparc-gaisler-elf/bsp/gr716/leon3v7/soft/libbcc.a(sbrk.c.o)
 .bss           0x0000000030000a88        0x8 /home/fsw/rep/tasa/lib/bcc-2.2.3-gcc/bin/../sparc-gaisler-elf/bsp/gr716/leon3v7/soft/libbcc.a(heap.c.o)
                0x0000000030000a88                __bcc_heap_max
                0x0000000030000a8c                __bcc_heap_min
 .bss           0x0000000030000a90        0x0 /home/fsw/rep/tasa/lib/bcc-2.2.3-gcc/bin/../sparc-gaisler-elf/bsp/gr716/leon3v7/soft/libbcc.a(write.c.o)
 .bss           0x0000000030000a90        0x0 /home/fsw/rep/tasa/lib/bcc-2.2.3-gcc/bin/../sparc-gaisler-elf/bsp/gr716/leon3v7/soft/libbcc.a(stubs.S.o)
 .bss           0x0000000030000a90        0x4 /home/fsw/rep/tasa/lib/bcc-2.2.3-gcc/bin/../sparc-gaisler-elf/bsp/gr716/leon3v7/soft/libbcc.a(con_apbuart.c.o)
 .bss           0x0000000030000a94        0x0 /home/fsw/rep/tasa/lib/bcc-2.2.3-gcc/bin/../lib/gcc/sparc-gaisler-elf/10.2.0/leon3v7/soft/libgcc.a(_mulsi3.o)
 .bss           0x0000000030000a94        0x0 /home/fsw/rep/tasa/lib/bcc-2.2.3-gcc/bin/../lib/gcc/sparc-gaisler-elf/10.2.0/leon3v7/soft/libgcc.a(_divsi3.o)
 .bss           0x0000000030000a94        0x0 /home/fsw/rep/tasa/lib/bcc-2.2.3-gcc/bin/../lib/gcc/sparc-gaisler-elf/10.2.0/leon3v7/soft/libgcc.a(_modsi3.o)
 .bss           0x0000000030000a94        0x0 /home/fsw/rep/tasa/lib/bcc-2.2.3-gcc/bin/../lib/gcc/sparc-gaisler-elf/10.2.0/leon3v7/soft/libgcc.a(_addsub_df.o)
 .bss           0x0000000030000a94        0x0 /home/fsw/rep/tasa/lib/bcc-2.2.3-gcc/bin/../lib/gcc/sparc-gaisler-elf/10.2.0/leon3v7/soft/libgcc.a(_mul_df.o)
 .bss           0x0000000030000a94        0x0 /home/fsw/rep/tasa/lib/bcc-2.2.3-gcc/bin/../lib/gcc/sparc-gaisler-elf/10.2.0/leon3v7/soft/libgcc.a(_div_df.o)
 .bss           0x0000000030000a94        0x0 /home/fsw/rep/tasa/lib/bcc-2.2.3-gcc/bin/../lib/gcc/sparc-gaisler-elf/10.2.0/leon3v7/soft/libgcc.a(_eq_df.o)
 .bss           0x0000000030000a94        0x0 /home/fsw/rep/tasa/lib/bcc-2.2.3-gcc/bin/../lib/gcc/sparc-gaisler-elf/10.2.0/leon3v7/soft/libgcc.a(_ne_df.o)
 .bss           0x0000000030000a94        0x0 /home/fsw/rep/tasa/lib/bcc-2.2.3-gcc/bin/../lib/gcc/sparc-gaisler-elf/10.2.0/leon3v7/soft/libgcc.a(_gt_df.o)
 .bss           0x0000000030000a94        0x0 /home/fsw/rep/tasa/lib/bcc-2.2.3-gcc/bin/../lib/gcc/sparc-gaisler-elf/10.2.0/leon3v7/soft/libgcc.a(_ge_df.o)
 .bss           0x0000000030000a94        0x0 /home/fsw/rep/tasa/lib/bcc-2.2.3-gcc/bin/../lib/gcc/sparc-gaisler-elf/10.2.0/leon3v7/soft/libgcc.a(_lt_df.o)
 .bss           0x0000000030000a94        0x0 /home/fsw/rep/tasa/lib/bcc-2.2.3-gcc/bin/../lib/gcc/sparc-gaisler-elf/10.2.0/leon3v7/soft/libgcc.a(_le_df.o)
 .bss           0x0000000030000a94        0x0 /home/fsw/rep/tasa/lib/bcc-2.2.3-gcc/bin/../lib/gcc/sparc-gaisler-elf/10.2.0/leon3v7/soft/libgcc.a(_unord_df.o)
 .bss           0x0000000030000a94        0x0 /home/fsw/rep/tasa/lib/bcc-2.2.3-gcc/bin/../lib/gcc/sparc-gaisler-elf/10.2.0/leon3v7/soft/libgcc.a(_si_to_df.o)
 .bss           0x0000000030000a94        0x0 /home/fsw/rep/tasa/lib/bcc-2.2.3-gcc/bin/../lib/gcc/sparc-gaisler-elf/10.2.0/leon3v7/soft/libgcc.a(_df_to_si.o)
 .bss           0x0000000030000a94        0x0 /home/fsw/rep/tasa/lib/bcc-2.2.3-gcc/bin/../lib/gcc/sparc-gaisler-elf/10.2.0/leon3v7/soft/libgcc.a(_thenan_df.o)
 .bss           0x0000000030000a94        0x0 /home/fsw/rep/tasa/lib/bcc-2.2.3-gcc/bin/../lib/gcc/sparc-gaisler-elf/10.2.0/leon3v7/soft/libgcc.a(_usi_to_df.o)
 .bss           0x0000000030000a94        0x0 /home/fsw/rep/tasa/lib/bcc-2.2.3-gcc/bin/../lib/gcc/sparc-gaisler-elf/10.2.0/leon3v7/soft/libgcc.a(_muldi3.o)
 .bss           0x0000000030000a94        0x0 /home/fsw/rep/tasa/lib/bcc-2.2.3-gcc/bin/../lib/gcc/sparc-gaisler-elf/10.2.0/leon3v7/soft/libgcc.a(_clzsi2.o)
 .bss           0x0000000030000a94        0x0 /home/fsw/rep/tasa/lib/bcc-2.2.3-gcc/bin/../lib/gcc/sparc-gaisler-elf/10.2.0/leon3v7/soft/libgcc.a(_pack_df.o)
 .bss           0x0000000030000a94        0x0 /home/fsw/rep/tasa/lib/bcc-2.2.3-gcc/bin/../lib/gcc/sparc-gaisler-elf/10.2.0/leon3v7/soft/libgcc.a(_unpack_df.o)
 .bss           0x0000000030000a94        0x0 /home/fsw/rep/tasa/lib/bcc-2.2.3-gcc/bin/../lib/gcc/sparc-gaisler-elf/10.2.0/leon3v7/soft/libgcc.a(_fpcmp_parts_df.o)
 .bss           0x0000000030000a94        0x0 /home/fsw/rep/tasa/lib/bcc-2.2.3-gcc/bin/../lib/gcc/sparc-gaisler-elf/10.2.0/leon3v7/soft/libgcc.a(_clz.o)
 .bss           0x0000000030000a94        0x0 /home/fsw/rep/tasa/lib/bcc-2.2.3-gcc/bin/../lib/gcc/sparc-gaisler-elf/10.2.0/leon3v7/soft/crtend.o
 .bss           0x0000000030000a94        0x0 /home/fsw/rep/tasa/lib/bcc-2.2.3-gcc/bin/../lib/gcc/sparc-gaisler-elf/10.2.0/leon3v7/soft/crtn.o
 *(COMMON)
                0x0000000030000a98                . = ALIGN (0x8)
 *fill*         0x0000000030000a94        0x4 
                0x0000000030000a98                __bss_end = .
                0x0000000030000a98                __heap_min = .
                0x0000000030000a98                . = ALIGN (0x8)

.jcr
 *(.jcr)

.stab
 *(.stab)

.stabstr
 *(.stabstr)

.debug
 *(.debug)

.line
 *(.line)

.debug_srcinfo
 *(.debug_srcinfo)

.debug_sfnames
 *(.debug_sfnames)

.debug_aranges  0x0000000000000000      0xc60
 *(.debug_aranges)
 .debug_aranges
                0x0000000000000000       0x20 /home/fsw/rep/tasa/lib/bcc-2.2.3-gcc/bin/../sparc-gaisler-elf/bsp/gr716/leon3v7/soft/trap_table_mvt.S.o
 .debug_aranges
                0x0000000000000020       0x20 /home/fsw/rep/tasa/lib/bcc-2.2.3-gcc/bin/../sparc-gaisler-elf/bsp/gr716/leon3v7/soft/crt0.S.o
 .debug_aranges
                0x0000000000000040       0x20 /tmp/ccN9Pc1P.o
 .debug_aranges
                0x0000000000000060       0x20 /home/fsw/rep/tasa/lib/bcc-2.2.3-gcc/bin/../sparc-gaisler-elf/bsp/gr716/leon3v7/soft/libbcc.a(reset_trap_mvt.S.o)
 .debug_aranges
                0x0000000000000080       0x20 /home/fsw/rep/tasa/lib/bcc-2.2.3-gcc/bin/../sparc-gaisler-elf/bsp/gr716/leon3v7/soft/libbcc.a(window_trap.S.o)
 .debug_aranges
                0x00000000000000a0       0x20 /home/fsw/rep/tasa/lib/bcc-2.2.3-gcc/bin/../sparc-gaisler-elf/bsp/gr716/leon3v7/soft/libbcc.a(interrupt_trap.S.o)
 .debug_aranges
                0x00000000000000c0       0x20 /home/fsw/rep/tasa/lib/bcc-2.2.3-gcc/bin/../sparc-gaisler-elf/bsp/gr716/leon3v7/soft/libbcc.a(flush_windows_trap.S.o)
 .debug_aranges
                0x00000000000000e0       0x20 /home/fsw/rep/tasa/lib/bcc-2.2.3-gcc/bin/../sparc-gaisler-elf/bsp/gr716/leon3v7/soft/libbcc.a(sw_trap_set_pil.S.o)
 .debug_aranges
                0x0000000000000100       0x18 /home/fsw/rep/tasa/lib/bcc-2.2.3-gcc/bin/../sparc-gaisler-elf/bsp/gr716/leon3v7/soft/libbcc.a(isr.c.o)
 .debug_aranges
                0x0000000000000118       0x18 /home/fsw/rep/tasa/lib/bcc-2.2.3-gcc/bin/../sparc-gaisler-elf/bsp/gr716/leon3v7/soft/libbcc.a(int_nest.c.o)
 .debug_aranges
                0x0000000000000130       0x20 /home/fsw/rep/tasa/lib/bcc-2.2.3-gcc/bin/../sparc-gaisler-elf/bsp/gr716/leon3v7/soft/libbcc.a(init.S.o)
 .debug_aranges
                0x0000000000000150       0x20 /home/fsw/rep/tasa/lib/bcc-2.2.3-gcc/bin/../sparc-gaisler-elf/bsp/gr716/leon3v7/soft/libbcc.a(leon_info.S.o)
 .debug_aranges
                0x0000000000000170       0x20 /home/fsw/rep/tasa/lib/bcc-2.2.3-gcc/bin/../sparc-gaisler-elf/bsp/gr716/leon3v7/soft/libbcc.a(dwzero.S.o)
 .debug_aranges
                0x0000000000000190       0x20 /home/fsw/rep/tasa/lib/bcc-2.2.3-gcc/bin/../sparc-gaisler-elf/bsp/gr716/leon3v7/soft/libbcc.a(copy_data.c.o)
 .debug_aranges
                0x00000000000001b0       0x18 /home/fsw/rep/tasa/lib/bcc-2.2.3-gcc/bin/../sparc-gaisler-elf/bsp/gr716/leon3v7/soft/libbcc.a(argv.c.o)
 .debug_aranges
                0x00000000000001c8       0x20 /home/fsw/rep/tasa/lib/bcc-2.2.3-gcc/bin/../sparc-gaisler-elf/bsp/gr716/leon3v7/soft/libbcc.a(int_irqmp_get_source.c.o)
 .debug_aranges
                0x00000000000001e8       0x20 /home/fsw/rep/tasa/lib/bcc-2.2.3-gcc/bin/../sparc-gaisler-elf/bsp/gr716/leon3v7/soft/libbcc.a(int_irqmp_mp.c.o)
 .debug_aranges
                0x0000000000000208       0x20 /home/fsw/rep/tasa/lib/bcc-2.2.3-gcc/bin/../sparc-gaisler-elf/bsp/gr716/leon3v7/soft/libbcc.a(int_irqmp_init.c.o)
 .debug_aranges
                0x0000000000000228       0x20 /home/fsw/rep/tasa/lib/bcc-2.2.3-gcc/bin/../sparc-gaisler-elf/bsp/gr716/leon3v7/soft/libbcc.a(bsp_timer_init.c.o)
 .debug_aranges
                0x0000000000000248       0x20 /home/fsw/rep/tasa/lib/bcc-2.2.3-gcc/bin/../sparc-gaisler-elf/bsp/gr716/leon3v7/soft/libbcc.a(bsp_con_init.c.o)
 .debug_aranges
                0x0000000000000268       0x18 /home/fsw/rep/tasa/lib/bcc-2.2.3-gcc/bin/../sparc-gaisler-elf/bsp/gr716/leon3v7/soft/libbcc.a(int_irqmp_handle.c.o)
 .debug_aranges
                0x0000000000000280       0x18 /home/fsw/rep/tasa/lib/bcc-2.2.3-gcc/bin/../sparc-gaisler-elf/bsp/gr716/leon3v7/soft/libbcc.a(con_handle.c.o)
 .debug_aranges
                0x0000000000000298       0x18 /home/fsw/rep/tasa/lib/bcc-2.2.3-gcc/bin/../sparc-gaisler-elf/bsp/gr716/leon3v7/soft/libbcc.a(timer_handle.c.o)
 .debug_aranges
                0x00000000000002b0       0x18 /home/fsw/rep/tasa/lib/bcc-2.2.3-gcc/bin/../sparc-gaisler-elf/bsp/gr716/leon3v7/soft/libbcc.a(bsp_sysfreq.c.o)
 .debug_aranges
                0x00000000000002c8       0x20 /home/fsw/rep/tasa/lib/bcc-2.2.3-gcc/bin/../lib/gcc/sparc-gaisler-elf/10.2.0/../../../../sparc-gaisler-elf/lib/leon3v7/soft/libc_nano.a(lib_a-atexit.o)
 .debug_aranges
                0x00000000000002e8       0x20 /home/fsw/rep/tasa/lib/bcc-2.2.3-gcc/bin/../lib/gcc/sparc-gaisler-elf/10.2.0/../../../../sparc-gaisler-elf/lib/leon3v7/soft/libc_nano.a(lib_a-exit.o)
 .debug_aranges
                0x0000000000000308       0x18 /home/fsw/rep/tasa/lib/bcc-2.2.3-gcc/bin/../lib/gcc/sparc-gaisler-elf/10.2.0/../../../../sparc-gaisler-elf/lib/leon3v7/soft/libc_nano.a(lib_a-impure.o)
 .debug_aranges
                0x0000000000000320       0x20 /home/fsw/rep/tasa/lib/bcc-2.2.3-gcc/bin/../lib/gcc/sparc-gaisler-elf/10.2.0/../../../../sparc-gaisler-elf/lib/leon3v7/soft/libc_nano.a(lib_a-nano-vfprintf_float.o)
 .debug_aranges
                0x0000000000000340       0x20 /home/fsw/rep/tasa/lib/bcc-2.2.3-gcc/bin/../lib/gcc/sparc-gaisler-elf/10.2.0/../../../../sparc-gaisler-elf/lib/leon3v7/soft/libc_nano.a(lib_a-nano-vfprintf_i.o)
 .debug_aranges
                0x0000000000000360       0x20 /home/fsw/rep/tasa/lib/bcc-2.2.3-gcc/bin/../lib/gcc/sparc-gaisler-elf/10.2.0/../../../../sparc-gaisler-elf/lib/leon3v7/soft/libc_nano.a(lib_a-printf.o)
 .debug_aranges
                0x0000000000000380       0x20 /home/fsw/rep/tasa/lib/bcc-2.2.3-gcc/bin/../lib/gcc/sparc-gaisler-elf/10.2.0/../../../../sparc-gaisler-elf/lib/leon3v7/soft/libc_nano.a(lib_a-putchar.o)
 .debug_aranges
                0x00000000000003a0       0x20 /home/fsw/rep/tasa/lib/bcc-2.2.3-gcc/bin/../lib/gcc/sparc-gaisler-elf/10.2.0/../../../../sparc-gaisler-elf/lib/leon3v7/soft/libc_nano.a(lib_a-puts.o)
 .debug_aranges
                0x00000000000003c0       0x20 /home/fsw/rep/tasa/lib/bcc-2.2.3-gcc/bin/../lib/gcc/sparc-gaisler-elf/10.2.0/../../../../sparc-gaisler-elf/lib/leon3v7/soft/libc_nano.a(lib_a-strlen.o)
 .debug_aranges
                0x00000000000003e0       0x20 /home/fsw/rep/tasa/lib/bcc-2.2.3-gcc/bin/../lib/gcc/sparc-gaisler-elf/10.2.0/../../../../sparc-gaisler-elf/lib/leon3v7/soft/libc_nano.a(lib_a-wbuf.o)
 .debug_aranges
                0x0000000000000400       0x20 /home/fsw/rep/tasa/lib/bcc-2.2.3-gcc/bin/../lib/gcc/sparc-gaisler-elf/10.2.0/../../../../sparc-gaisler-elf/lib/leon3v7/soft/libc_nano.a(lib_a-wsetup.o)
 .debug_aranges
                0x0000000000000420       0x20 /home/fsw/rep/tasa/lib/bcc-2.2.3-gcc/bin/../lib/gcc/sparc-gaisler-elf/10.2.0/../../../../sparc-gaisler-elf/lib/leon3v7/soft/libc_nano.a(lib_a-__atexit.o)
 .debug_aranges
                0x0000000000000440       0x20 /home/fsw/rep/tasa/lib/bcc-2.2.3-gcc/bin/../lib/gcc/sparc-gaisler-elf/10.2.0/../../../../sparc-gaisler-elf/lib/leon3v7/soft/libc_nano.a(lib_a-__call_atexit.o)
 .debug_aranges
                0x0000000000000460       0x20 /home/fsw/rep/tasa/lib/bcc-2.2.3-gcc/bin/../lib/gcc/sparc-gaisler-elf/10.2.0/../../../../sparc-gaisler-elf/lib/leon3v7/soft/libc_nano.a(lib_a-dtoa.o)
 .debug_aranges
                0x0000000000000480       0x20 /home/fsw/rep/tasa/lib/bcc-2.2.3-gcc/bin/../lib/gcc/sparc-gaisler-elf/10.2.0/../../../../sparc-gaisler-elf/lib/leon3v7/soft/libc_nano.a(lib_a-fflush.o)
 .debug_aranges
                0x00000000000004a0       0x20 /home/fsw/rep/tasa/lib/bcc-2.2.3-gcc/bin/../lib/gcc/sparc-gaisler-elf/10.2.0/../../../../sparc-gaisler-elf/lib/leon3v7/soft/libc_nano.a(lib_a-findfp.o)
 .debug_aranges
                0x00000000000004c0       0x20 /home/fsw/rep/tasa/lib/bcc-2.2.3-gcc/bin/../lib/gcc/sparc-gaisler-elf/10.2.0/../../../../sparc-gaisler-elf/lib/leon3v7/soft/libc_nano.a(lib_a-fwalk.o)
 .debug_aranges
                0x00000000000004e0       0x20 /home/fsw/rep/tasa/lib/bcc-2.2.3-gcc/bin/../lib/gcc/sparc-gaisler-elf/10.2.0/../../../../sparc-gaisler-elf/lib/leon3v7/soft/libc_nano.a(lib_a-localeconv.o)
 .debug_aranges
                0x0000000000000500       0x20 /home/fsw/rep/tasa/lib/bcc-2.2.3-gcc/bin/../lib/gcc/sparc-gaisler-elf/10.2.0/../../../../sparc-gaisler-elf/lib/leon3v7/soft/libc_nano.a(lib_a-makebuf.o)
 .debug_aranges
                0x0000000000000520       0x20 /home/fsw/rep/tasa/lib/bcc-2.2.3-gcc/bin/../lib/gcc/sparc-gaisler-elf/10.2.0/../../../../sparc-gaisler-elf/lib/leon3v7/soft/libc_nano.a(lib_a-malloc.o)
 .debug_aranges
                0x0000000000000540       0x20 /home/fsw/rep/tasa/lib/bcc-2.2.3-gcc/bin/../lib/gcc/sparc-gaisler-elf/10.2.0/../../../../sparc-gaisler-elf/lib/leon3v7/soft/libc_nano.a(lib_a-memchr.o)
 .debug_aranges
                0x0000000000000560       0x20 /home/fsw/rep/tasa/lib/bcc-2.2.3-gcc/bin/../lib/gcc/sparc-gaisler-elf/10.2.0/../../../../sparc-gaisler-elf/lib/leon3v7/soft/libc_nano.a(lib_a-memcpy.o)
 .debug_aranges
                0x0000000000000580       0x20 /home/fsw/rep/tasa/lib/bcc-2.2.3-gcc/bin/../lib/gcc/sparc-gaisler-elf/10.2.0/../../../../sparc-gaisler-elf/lib/leon3v7/soft/libc_nano.a(lib_a-memset.o)
 .debug_aranges
                0x00000000000005a0       0x20 /home/fsw/rep/tasa/lib/bcc-2.2.3-gcc/bin/../lib/gcc/sparc-gaisler-elf/10.2.0/../../../../sparc-gaisler-elf/lib/leon3v7/soft/libc_nano.a(lib_a-mprec.o)
 .debug_aranges
                0x00000000000005c0       0x20 /home/fsw/rep/tasa/lib/bcc-2.2.3-gcc/bin/../lib/gcc/sparc-gaisler-elf/10.2.0/../../../../sparc-gaisler-elf/lib/leon3v7/soft/libc_nano.a(lib_a-nano-callocr.o)
 .debug_aranges
                0x00000000000005e0       0x20 /home/fsw/rep/tasa/lib/bcc-2.2.3-gcc/bin/../lib/gcc/sparc-gaisler-elf/10.2.0/../../../../sparc-gaisler-elf/lib/leon3v7/soft/libc_nano.a(lib_a-nano-freer.o)
 .debug_aranges
                0x0000000000000600       0x20 /home/fsw/rep/tasa/lib/bcc-2.2.3-gcc/bin/../lib/gcc/sparc-gaisler-elf/10.2.0/../../../../sparc-gaisler-elf/lib/leon3v7/soft/libc_nano.a(lib_a-nano-mallocr.o)
 .debug_aranges
                0x0000000000000620       0x20 /home/fsw/rep/tasa/lib/bcc-2.2.3-gcc/bin/../lib/gcc/sparc-gaisler-elf/10.2.0/../../../../sparc-gaisler-elf/lib/leon3v7/soft/libc_nano.a(lib_a-nano-vfprintf.o)
 .debug_aranges
                0x0000000000000640       0x20 /home/fsw/rep/tasa/lib/bcc-2.2.3-gcc/bin/../lib/gcc/sparc-gaisler-elf/10.2.0/../../../../sparc-gaisler-elf/lib/leon3v7/soft/libc_nano.a(lib_a-putc.o)
 .debug_aranges
                0x0000000000000660       0x20 /home/fsw/rep/tasa/lib/bcc-2.2.3-gcc/bin/../lib/gcc/sparc-gaisler-elf/10.2.0/../../../../sparc-gaisler-elf/lib/leon3v7/soft/libc_nano.a(lib_a-sbrkr.o)
 .debug_aranges
                0x0000000000000680       0x20 /home/fsw/rep/tasa/lib/bcc-2.2.3-gcc/bin/../lib/gcc/sparc-gaisler-elf/10.2.0/../../../../sparc-gaisler-elf/lib/leon3v7/soft/libc_nano.a(lib_a-stdio.o)
 .debug_aranges
                0x00000000000006a0       0x20 /home/fsw/rep/tasa/lib/bcc-2.2.3-gcc/bin/../lib/gcc/sparc-gaisler-elf/10.2.0/../../../../sparc-gaisler-elf/lib/leon3v7/soft/libc_nano.a(lib_a-writer.o)
 .debug_aranges
                0x00000000000006c0       0x20 /home/fsw/rep/tasa/lib/bcc-2.2.3-gcc/bin/../lib/gcc/sparc-gaisler-elf/10.2.0/../../../../sparc-gaisler-elf/lib/leon3v7/soft/libc_nano.a(lib_a-closer.o)
 .debug_aranges
                0x00000000000006e0       0x20 /home/fsw/rep/tasa/lib/bcc-2.2.3-gcc/bin/../lib/gcc/sparc-gaisler-elf/10.2.0/../../../../sparc-gaisler-elf/lib/leon3v7/soft/libc_nano.a(lib_a-fstatr.o)
 .debug_aranges
                0x0000000000000700       0x20 /home/fsw/rep/tasa/lib/bcc-2.2.3-gcc/bin/../lib/gcc/sparc-gaisler-elf/10.2.0/../../../../sparc-gaisler-elf/lib/leon3v7/soft/libc_nano.a(lib_a-fvwrite.o)
 .debug_aranges
                0x0000000000000720       0x20 /home/fsw/rep/tasa/lib/bcc-2.2.3-gcc/bin/../lib/gcc/sparc-gaisler-elf/10.2.0/../../../../sparc-gaisler-elf/lib/leon3v7/soft/libc_nano.a(lib_a-isattyr.o)
 .debug_aranges
                0x0000000000000740       0x20 /home/fsw/rep/tasa/lib/bcc-2.2.3-gcc/bin/../lib/gcc/sparc-gaisler-elf/10.2.0/../../../../sparc-gaisler-elf/lib/leon3v7/soft/libc_nano.a(lib_a-locale.o)
 .debug_aranges
                0x0000000000000760       0x20 /home/fsw/rep/tasa/lib/bcc-2.2.3-gcc/bin/../lib/gcc/sparc-gaisler-elf/10.2.0/../../../../sparc-gaisler-elf/lib/leon3v7/soft/libc_nano.a(lib_a-lseekr.o)
 .debug_aranges
                0x0000000000000780       0x20 /home/fsw/rep/tasa/lib/bcc-2.2.3-gcc/bin/../lib/gcc/sparc-gaisler-elf/10.2.0/../../../../sparc-gaisler-elf/lib/leon3v7/soft/libc_nano.a(lib_a-mbtowc_r.o)
 .debug_aranges
                0x00000000000007a0       0x20 /home/fsw/rep/tasa/lib/bcc-2.2.3-gcc/bin/../lib/gcc/sparc-gaisler-elf/10.2.0/../../../../sparc-gaisler-elf/lib/leon3v7/soft/libc_nano.a(lib_a-memmove.o)
 .debug_aranges
                0x00000000000007c0       0x20 /home/fsw/rep/tasa/lib/bcc-2.2.3-gcc/bin/../lib/gcc/sparc-gaisler-elf/10.2.0/../../../../sparc-gaisler-elf/lib/leon3v7/soft/libc_nano.a(lib_a-mlock.o)
 .debug_aranges
                0x00000000000007e0       0x20 /home/fsw/rep/tasa/lib/bcc-2.2.3-gcc/bin/../lib/gcc/sparc-gaisler-elf/10.2.0/../../../../sparc-gaisler-elf/lib/leon3v7/soft/libc_nano.a(lib_a-nano-reallocr.o)
 .debug_aranges
                0x0000000000000800       0x20 /home/fsw/rep/tasa/lib/bcc-2.2.3-gcc/bin/../lib/gcc/sparc-gaisler-elf/10.2.0/../../../../sparc-gaisler-elf/lib/leon3v7/soft/libc_nano.a(lib_a-readr.o)
 .debug_aranges
                0x0000000000000820       0x20 /home/fsw/rep/tasa/lib/bcc-2.2.3-gcc/bin/../lib/gcc/sparc-gaisler-elf/10.2.0/../../../../sparc-gaisler-elf/lib/leon3v7/soft/libc_nano.a(lib_a-reent.o)
 .debug_aranges
                0x0000000000000840       0x20 /home/fsw/rep/tasa/lib/bcc-2.2.3-gcc/bin/../lib/gcc/sparc-gaisler-elf/10.2.0/../../../../sparc-gaisler-elf/lib/leon3v7/soft/libc_nano.a(lib_a-strcmp.o)
 .debug_aranges
                0x0000000000000860       0x20 /home/fsw/rep/tasa/lib/bcc-2.2.3-gcc/bin/../lib/gcc/sparc-gaisler-elf/10.2.0/../../../../sparc-gaisler-elf/lib/leon3v7/soft/libc_nano.a(lib_a-wctomb_r.o)
 .debug_aranges
                0x0000000000000880       0x18 /home/fsw/rep/tasa/lib/bcc-2.2.3-gcc/bin/../lib/gcc/sparc-gaisler-elf/10.2.0/../../../../sparc-gaisler-elf/lib/leon3v7/soft/libc_nano.a(lib_a-ctype_.o)
 .debug_aranges
                0x0000000000000898       0x20 /home/fsw/rep/tasa/lib/bcc-2.2.3-gcc/bin/../lib/gcc/sparc-gaisler-elf/10.2.0/../../../../sparc-gaisler-elf/lib/leon3v7/soft/libc_nano.a(lib_a-nano-msizer.o)
 .debug_aranges
                0x00000000000008b8       0x20 /home/fsw/rep/tasa/lib/bcc-2.2.3-gcc/bin/../sparc-gaisler-elf/bsp/gr716/leon3v7/soft/libbcc.a(_exit.S.o)
 .debug_aranges
                0x00000000000008d8       0x20 /home/fsw/rep/tasa/lib/bcc-2.2.3-gcc/bin/../sparc-gaisler-elf/bsp/gr716/leon3v7/soft/libbcc.a(read.c.o)
 .debug_aranges