Archive member included to satisfy reference by file (symbol)

/home/fsw/rep/tasa/lib/bcc-2.2.3-gcc/bin/../sparc-gaisler-elf/bsp/leon3/leon/mfix-ut699/libbcc.a(reset_trap_mvt.S.o)
                              /home/fsw/rep/tasa/lib/bcc-2.2.3-gcc/bin/../sparc-gaisler-elf/bsp/leon3/leon/mfix-ut699/trap_table_mvt_tn0018.S.o (__bcc_trap_reset_mvt)
/home/fsw/rep/tasa/lib/bcc-2.2.3-gcc/bin/../sparc-gaisler-elf/bsp/leon3/leon/mfix-ut699/libbcc.a(window_trap.S.o)
                              /home/fsw/rep/tasa/lib/bcc-2.2.3-gcc/bin/../sparc-gaisler-elf/bsp/leon3/leon/mfix-ut699/trap_table_mvt_tn0018.S.o (__bcc_trap_window_overflow)
/home/fsw/rep/tasa/lib/bcc-2.2.3-gcc/bin/../sparc-gaisler-elf/bsp/leon3/leon/mfix-ut699/libbcc.a(flush_windows_trap.S.o)
                              /home/fsw/rep/tasa/lib/bcc-2.2.3-gcc/bin/../sparc-gaisler-elf/bsp/leon3/leon/mfix-ut699/trap_table_mvt_tn0018.S.o (__bcc_trap_flush_windows)
/home/fsw/rep/tasa/lib/bcc-2.2.3-gcc/bin/../sparc-gaisler-elf/bsp/leon3/leon/mfix-ut699/libbcc.a(sw_trap_set_pil.S.o)
                              /home/fsw/rep/tasa/lib/bcc-2.2.3-gcc/bin/../sparc-gaisler-elf/bsp/leon3/leon/mfix-ut699/trap_table_mvt_tn0018.S.o (__bcc_trap_sw_set_pil)
/home/fsw/rep/tasa/lib/bcc-2.2.3-gcc/bin/../sparc-gaisler-elf/bsp/leon3/leon/mfix-ut699/libbcc.a(init.S.o)
                              /home/fsw/rep/tasa/lib/bcc-2.2.3-gcc/bin/../sparc-gaisler-elf/bsp/leon3/leon/mfix-ut699/libbcc.a(reset_trap_mvt.S.o) (__bcc_init40)
/home/fsw/rep/tasa/lib/bcc-2.2.3-gcc/bin/../sparc-gaisler-elf/bsp/leon3/leon/mfix-ut699/libbcc.a(leon_info.S.o)
                              /home/fsw/rep/tasa/lib/bcc-2.2.3-gcc/bin/../sparc-gaisler-elf/bsp/leon3/leon/mfix-ut699/crt0.S.o (__bcc_get_leon_info)
/home/fsw/rep/tasa/lib/bcc-2.2.3-gcc/bin/../sparc-gaisler-elf/bsp/leon3/leon/mfix-ut699/libbcc.a(dwzero.S.o)
                              /home/fsw/rep/tasa/lib/bcc-2.2.3-gcc/bin/../sparc-gaisler-elf/bsp/leon3/leon/mfix-ut699/crt0.S.o (bcc_dwzero)
/home/fsw/rep/tasa/lib/bcc-2.2.3-gcc/bin/../sparc-gaisler-elf/bsp/leon3/leon/mfix-ut699/libbcc.a(copy_data.c.o)
                              /home/fsw/rep/tasa/lib/bcc-2.2.3-gcc/bin/../sparc-gaisler-elf/bsp/leon3/leon/mfix-ut699/crt0.S.o (__bcc_copy_data)
/home/fsw/rep/tasa/lib/bcc-2.2.3-gcc/bin/../sparc-gaisler-elf/bsp/leon3/leon/mfix-ut699/libbcc.a(argv.c.o)
                              /home/fsw/rep/tasa/lib/bcc-2.2.3-gcc/bin/../sparc-gaisler-elf/bsp/leon3/leon/mfix-ut699/crt0.S.o (__bcc_argvp)
/home/fsw/rep/tasa/lib/bcc-2.2.3-gcc/bin/../sparc-gaisler-elf/bsp/leon3/leon/mfix-ut699/libbcc.a(interrupt_trap_tn0018.S.o)
                              /home/fsw/rep/tasa/lib/bcc-2.2.3-gcc/bin/../sparc-gaisler-elf/bsp/leon3/leon/mfix-ut699/trap_table_mvt_tn0018.S.o (__bcc_trap_interrupt_tn0018)
/home/fsw/rep/tasa/lib/bcc-2.2.3-gcc/bin/../sparc-gaisler-elf/bsp/leon3/leon/mfix-ut699/libbcc.a(int_irqmp_get_source.c.o)
                              /home/fsw/rep/tasa/lib/bcc-2.2.3-gcc/bin/../sparc-gaisler-elf/bsp/leon3/leon/mfix-ut699/libbcc.a(interrupt_trap_tn0018.S.o) (__bcc_int_get_source)
/home/fsw/rep/tasa/lib/bcc-2.2.3-gcc/bin/../sparc-gaisler-elf/bsp/leon3/leon/mfix-ut699/libbcc.a(int_irqmp_mp.c.o)
                              /tmp/ccszdPsc.o (bcc_get_cpu_count)
/home/fsw/rep/tasa/lib/bcc-2.2.3-gcc/bin/../sparc-gaisler-elf/bsp/leon3/leon/mfix-ut699/libbcc.a(int_irqmp_init.c.o)
                              /home/fsw/rep/tasa/lib/bcc-2.2.3-gcc/bin/../sparc-gaisler-elf/bsp/leon3/leon/mfix-ut699/crt0.S.o (__bcc_int_init)
/home/fsw/rep/tasa/lib/bcc-2.2.3-gcc/bin/../sparc-gaisler-elf/bsp/leon3/leon/mfix-ut699/libbcc.a(con_apbuart_init.c.o)
                              /home/fsw/rep/tasa/lib/bcc-2.2.3-gcc/bin/../sparc-gaisler-elf/bsp/leon3/leon/mfix-ut699/crt0.S.o (__bcc_con_init)
/home/fsw/rep/tasa/lib/bcc-2.2.3-gcc/bin/../sparc-gaisler-elf/bsp/leon3/leon/mfix-ut699/libbcc.a(timer_gptimer_init.c.o)
                              /home/fsw/rep/tasa/lib/bcc-2.2.3-gcc/bin/../sparc-gaisler-elf/bsp/leon3/leon/mfix-ut699/crt0.S.o (__bcc_timer_init)
/home/fsw/rep/tasa/lib/bcc-2.2.3-gcc/bin/../sparc-gaisler-elf/bsp/leon3/leon/mfix-ut699/libbcc.a(isr.c.o)
                              /home/fsw/rep/tasa/lib/bcc-2.2.3-gcc/bin/../sparc-gaisler-elf/bsp/leon3/leon/mfix-ut699/libbcc.a(interrupt_trap_tn0018.S.o) (__bcc_isr_list)
/home/fsw/rep/tasa/lib/bcc-2.2.3-gcc/bin/../sparc-gaisler-elf/bsp/leon3/leon/mfix-ut699/libbcc.a(int_nest.c.o)
                              /home/fsw/rep/tasa/lib/bcc-2.2.3-gcc/bin/../sparc-gaisler-elf/bsp/leon3/leon/mfix-ut699/libbcc.a(interrupt_trap_tn0018.S.o) (__bcc_int_nest)
/home/fsw/rep/tasa/lib/bcc-2.2.3-gcc/bin/../sparc-gaisler-elf/bsp/leon3/leon/mfix-ut699/libbcc.a(ambapp.c.o)
                              /home/fsw/rep/tasa/lib/bcc-2.2.3-gcc/bin/../sparc-gaisler-elf/bsp/leon3/leon/mfix-ut699/libbcc.a(int_irqmp_init.c.o) (ambapp_visit)
[...]
Memory Configuration

Name             Origin             Length             Attributes
rom              0x0000000000000000 0x0000000020000000
ram              0x0000000040000000 0x0000000040000000
*default*        0x0000000000000000 0xffffffffffffffff

Linker script and memory map

LOAD /home/fsw/rep/tasa/lib/bcc-2.2.3-gcc/bin/../sparc-gaisler-elf/bsp/leon3/leon/mfix-ut699/trap_table_mvt_tn0018.S.o
LOAD /home/fsw/rep/tasa/lib/bcc-2.2.3-gcc/bin/../sparc-gaisler-elf/bsp/leon3/leon/mfix-ut699/crt0.S.o
LOAD /home/fsw/rep/tasa/lib/bcc-2.2.3-gcc/bin/../lib/gcc/sparc-gaisler-elf/10.2.0/leon/mfix-ut699/crti.o
LOAD /home/fsw/rep/tasa/lib/bcc-2.2.3-gcc/bin/../lib/gcc/sparc-gaisler-elf/10.2.0/leon/mfix-ut699/crtbegin.o
LOAD /tmp/ccszdPsc.o
                0x0000000000000000                PROVIDE (__bcc_cfg_skip_clear_bss = 0x0)

.text           0x0000000040000000     0xf1a0
 CREATE_OBJECT_SYMBOLS
                0x0000000040000000                __text_start = .
                0x0000000040000000                . = ALIGN (0x1000)
 *(.text.traptable)
 .text.traptable
                0x0000000040000000     0x1000 /home/fsw/rep/tasa/lib/bcc-2.2.3-gcc/bin/../sparc-gaisler-elf/bsp/leon3/leon/mfix-ut699/trap_table_mvt_tn0018.S.o
                0x0000000040000000                __bcc_trap_table
                0x0000000040000000                __bcc_entry_point
 *(.text .text.*)
 .text          0x0000000040001000        0x0 /home/fsw/rep/tasa/lib/bcc-2.2.3-gcc/bin/../sparc-gaisler-elf/bsp/leon3/leon/mfix-ut699/trap_table_mvt_tn0018.S.o
 .text          0x0000000040001000       0xc8 /home/fsw/rep/tasa/lib/bcc-2.2.3-gcc/bin/../sparc-gaisler-elf/bsp/leon3/leon/mfix-ut699/crt0.S.o
                0x0000000040001000                __bcc_crt0
 .text          0x00000000400010c8        0x0 /home/fsw/rep/tasa/lib/bcc-2.2.3-gcc/bin/../lib/gcc/sparc-gaisler-elf/10.2.0/leon/mfix-ut699/crti.o
 .text          0x00000000400010c8      0x188 /home/fsw/rep/tasa/lib/bcc-2.2.3-gcc/bin/../lib/gcc/sparc-gaisler-elf/10.2.0/leon/mfix-ut699/crtbegin.o
 .text          0x0000000040001250        0x0 /tmp/ccszdPsc.o
 .text.startup  0x0000000040001250      0x14c /tmp/ccszdPsc.o
                0x0000000040001250                main
 .text          0x000000004000139c       0x90 /home/fsw/rep/tasa/lib/bcc-2.2.3-gcc/bin/../sparc-gaisler-elf/bsp/leon3/leon/mfix-ut699/libbcc.a(reset_trap_mvt.S.o)
                0x000000004000139c                __bcc_trap_reset_mvt
 .text          0x000000004000142c       0xb0 /home/fsw/rep/tasa/lib/bcc-2.2.3-gcc/bin/../sparc-gaisler-elf/bsp/leon3/leon/mfix-ut699/libbcc.a(window_trap.S.o)
                0x000000004000142c                __bcc_trap_window_overflow
                0x000000004000147c                __bcc_trap_window_underflow
 .text          0x00000000400014dc       0x8c /home/fsw/rep/tasa/lib/bcc-2.2.3-gcc/bin/../sparc-gaisler-elf/bsp/leon3/leon/mfix-ut699/libbcc.a(flush_windows_trap.S.o)
                0x00000000400014dc                __bcc_trap_flush_windows
 .text          0x0000000040001568       0x2c /home/fsw/rep/tasa/lib/bcc-2.2.3-gcc/bin/../sparc-gaisler-elf/bsp/leon3/leon/mfix-ut699/libbcc.a(sw_trap_set_pil.S.o)
                0x0000000040001568                __bcc_trap_sw_set_pil
 .text          0x0000000040001594        0x8 /home/fsw/rep/tasa/lib/bcc-2.2.3-gcc/bin/../sparc-gaisler-elf/bsp/leon3/leon/mfix-ut699/libbcc.a(init.S.o)
                0x0000000040001594                __bcc_init50
                0x0000000040001594                __bcc_init40
                0x0000000040001594                __bcc_init70
                0x0000000040001594                __bcc_init60
 .text          0x000000004000159c       0x98 /home/fsw/rep/tasa/lib/bcc-2.2.3-gcc/bin/../sparc-gaisler-elf/bsp/leon3/leon/mfix-ut699/libbcc.a(leon_info.S.o)
                0x000000004000159c                __bcc_get_leon_info
                0x0000000040001624                bcc_get_cpuid
 .text          0x0000000040001634       0x2c /home/fsw/rep/tasa/lib/bcc-2.2.3-gcc/bin/../sparc-gaisler-elf/bsp/leon3/leon/mfix-ut699/libbcc.a(dwzero.S.o)
                0x0000000040001634                bcc_dwzero
 .text          0x0000000040001660       0x5c /home/fsw/rep/tasa/lib/bcc-2.2.3-gcc/bin/../sparc-gaisler-elf/bsp/leon3/leon/mfix-ut699/libbcc.a(copy_data.c.o)
                0x0000000040001660                __bcc_copy_data
 .text          0x00000000400016bc        0x0 /home/fsw/rep/tasa/lib/bcc-2.2.3-gcc/bin/../sparc-gaisler-elf/bsp/leon3/leon/mfix-ut699/libbcc.a(argv.c.o)
 *fill*         0x00000000400016bc        0x4 
 .text          0x00000000400016c0      0x200 /home/fsw/rep/tasa/lib/bcc-2.2.3-gcc/bin/../sparc-gaisler-elf/bsp/leon3/leon/mfix-ut699/libbcc.a(interrupt_trap_tn0018.S.o)
                0x00000000400016c0                __bcc_trap_interrupt_svt_tn0018
                0x00000000400016c4                __bcc_trap_interrupt_tn0018
 .text          0x00000000400018c0       0x48 /home/fsw/rep/tasa/lib/bcc-2.2.3-gcc/bin/../sparc-gaisler-elf/bsp/leon3/leon/mfix-ut699/libbcc.a(int_irqmp_get_source.c.o)
                0x00000000400018c0                __bcc_int_get_source
 .text          0x0000000040001908       0x9c /home/fsw/rep/tasa/lib/bcc-2.2.3-gcc/bin/../sparc-gaisler-elf/bsp/leon3/leon/mfix-ut699/libbcc.a(int_irqmp_mp.c.o)
                0x0000000040001908                bcc_send_interrupt
                0x0000000040001944                bcc_get_cpu_count
                0x0000000040001970                bcc_start_processor
 .text          0x00000000400019a4      0x1c4 /home/fsw/rep/tasa/lib/bcc-2.2.3-gcc/bin/../sparc-gaisler-elf/bsp/leon3/leon/mfix-ut699/libbcc.a(int_irqmp_init.c.o)
                0x00000000400019a4                __bcc_int_init
 .text          0x0000000040001b68       0x50 /home/fsw/rep/tasa/lib/bcc-2.2.3-gcc/bin/../sparc-gaisler-elf/bsp/leon3/leon/mfix-ut699/libbcc.a(con_apbuart_init.c.o)
                0x0000000040001b68                __bcc_con_init
 .text          0x0000000040001bb8       0x6c /home/fsw/rep/tasa/lib/bcc-2.2.3-gcc/bin/../sparc-gaisler-elf/bsp/leon3/leon/mfix-ut699/libbcc.a(timer_gptimer_init.c.o)
                0x0000000040001bb8                __bcc_timer_init
 .text          0x0000000040001c24        0x0 /home/fsw/rep/tasa/lib/bcc-2.2.3-gcc/bin/../sparc-gaisler-elf/bsp/leon3/leon/mfix-ut699/libbcc.a(isr.c.o)
 .text          0x0000000040001c24        0x0 /home/fsw/rep/tasa/lib/bcc-2.2.3-gcc/bin/../sparc-gaisler-elf/bsp/leon3/leon/mfix-ut699/libbcc.a(int_nest.c.o)
 .text          0x0000000040001c24      0x74c /home/fsw/rep/tasa/lib/bcc-2.2.3-gcc/bin/../sparc-gaisler-elf/bsp/leon3/leon/mfix-ut699/libbcc.a(ambapp.c.o)
                0x0000000040001c24                ambapp_get_ahbinfo
                0x00000000400022b0                ambapp_get_apbinfo
                0x0000000040002338                ambapp_visit
 .text          0x0000000040002370       0x74 /home/fsw/rep/tasa/lib/bcc-2.2.3-gcc/bin/../sparc-gaisler-elf/bsp/leon3/leon/mfix-ut699/libbcc.a(ambapp_findfirst_fn.c.o)
                0x0000000040002370                ambapp_findfirst_fn
 .text          0x00000000400023e4        0x0 /home/fsw/rep/tasa/lib/bcc-2.2.3-gcc/bin/../sparc-gaisler-elf/bsp/leon3/leon/mfix-ut699/libbcc.a(int_irqmp_handle.c.o)
 .text          0x00000000400023e4        0x0 /home/fsw/rep/tasa/lib/bcc-2.2.3-gcc/bin/../sparc-gaisler-elf/bsp/leon3/leon/mfix-ut699/libbcc.a(con_handle.c.o)
 .text          0x00000000400023e4        0x0 /home/fsw/rep/tasa/lib/bcc-2.2.3-gcc/bin/../sparc-gaisler-elf/bsp/leon3/leon/mfix-ut699/libbcc.a(timer_handle.c.o)
 .text          0x00000000400023e4       0x1c /home/fsw/rep/tasa/lib/bcc-2.2.3-gcc/bin/../lib/gcc/sparc-gaisler-elf/10.2.0/../../../../sparc-gaisler-elf/lib/leon/mfix-ut699/libc.a(lib_a-atexit.o)
                0x00000000400023e4                atexit
 .text          0x0000000040002400       0x3c /home/fsw/rep/tasa/lib/bcc-2.2.3-gcc/bin/../lib/gcc/sparc-gaisler-elf/10.2.0/../../../../sparc-gaisler-elf/lib/leon/mfix-ut699/libc.a(lib_a-exit.o)
                0x0000000040002400                exit
 .text          0x000000004000243c        0x0 /home/fsw/rep/tasa/lib/bcc-2.2.3-gcc/bin/../lib/gcc/sparc-gaisler-elf/10.2.0/../../../../sparc-gaisler-elf/lib/leon/mfix-ut699/libc.a(lib_a-impure.o)
 .text          0x000000004000243c      0x1b4 /home/fsw/rep/tasa/lib/bcc-2.2.3-gcc/bin/../lib/gcc/sparc-gaisler-elf/10.2.0/../../../../sparc-gaisler-elf/lib/leon/mfix-ut699/libc.a(lib_a-memcpy.o)
                0x000000004000243c                memcpy
 .text          0x00000000400025f0      0x108 /home/fsw/rep/tasa/lib/bcc-2.2.3-gcc/bin/../lib/gcc/sparc-gaisler-elf/10.2.0/../../../../sparc-gaisler-elf/lib/leon/mfix-ut699/libc.a(lib_a-printf.o)
                0x00000000400025f0                _printf_r
                0x000000004000266c                printf
 .text          0x00000000400026f8       0x88 /home/fsw/rep/tasa/lib/bcc-2.2.3-gcc/bin/../lib/gcc/sparc-gaisler-elf/10.2.0/../../../../sparc-gaisler-elf/lib/leon/mfix-ut699/libc.a(lib_a-putchar.o)
                0x00000000400026f8                _putchar_r
                0x0000000040002738                putchar
 .text          0x0000000040002780      0x280 /home/fsw/rep/tasa/lib/bcc-2.2.3-gcc/bin/../lib/gcc/sparc-gaisler-elf/10.2.0/../../../../sparc-gaisler-elf/lib/leon/mfix-ut699/libc.a(lib_a-puts.o)
                0x0000000040002780                _puts_r
                0x00000000400028bc                puts
 .text          0x0000000040002a00       0xa8 /home/fsw/rep/tasa/lib/bcc-2.2.3-gcc/bin/../lib/gcc/sparc-gaisler-elf/10.2.0/../../../../sparc-gaisler-elf/lib/leon/mfix-ut699/libc.a(lib_a-strlen.o)
                0x0000000040002a00                strlen
 .text          0x0000000040002aa8     0x2fc8 /home/fsw/rep/tasa/lib/bcc-2.2.3-gcc/bin/../lib/gcc/sparc-gaisler-elf/10.2.0/../../../../sparc-gaisler-elf/lib/leon/mfix-ut699/libc.a(lib_a-vfprintf.o)
                0x0000000040002c14                _vfprintf_r
                0x00000000400059a4                vfprintf
 .text          0x0000000040005a70      0x1dc /home/fsw/rep/tasa/lib/bcc-2.2.3-gcc/bin/../lib/gcc/sparc-gaisler-elf/10.2.0/../../../../sparc-gaisler-elf/lib/leon/mfix-ut699/libc.a(lib_a-wsetup.o)
                0x0000000040005a70                __swsetup_r
 .text          0x0000000040005c4c      0x16c /home/fsw/rep/tasa/lib/bcc-2.2.3-gcc/bin/../lib/gcc/sparc-gaisler-elf/10.2.0/../../../../sparc-gaisler-elf/lib/leon/mfix-ut699/libc.a(lib_a-__atexit.o)
                0x0000000040005c4c                __register_exitproc
 .text          0x0000000040005db8      0x2bc /home/fsw/rep/tasa/lib/bcc-2.2.3-gcc/bin/../lib/gcc/sparc-gaisler-elf/10.2.0/../../../../sparc-gaisler-elf/lib/leon/mfix-ut699/libc.a(lib_a-__call_atexit.o)
                0x0000000040005db8                __call_exitprocs
 .text          0x0000000040006074     0x1560 /home/fsw/rep/tasa/lib/bcc-2.2.3-gcc/bin/../lib/gcc/sparc-gaisler-elf/10.2.0/../../../../sparc-gaisler-elf/lib/leon/mfix-ut699/libc.a(lib_a-dtoa.o)
                0x0000000040006268                _dtoa_r
 .text          0x00000000400075d4      0x40c /home/fsw/rep/tasa/lib/bcc-2.2.3-gcc/bin/../lib/gcc/sparc-gaisler-elf/10.2.0/../../../../sparc-gaisler-elf/lib/leon/mfix-ut699/libc.a(lib_a-fflush.o)
                0x00000000400075d4                __sflush_r
                0x0000000040007854                _fflush_r
                0x00000000400078fc                fflush
 .text          0x00000000400079e0      0x38c /home/fsw/rep/tasa/lib/bcc-2.2.3-gcc/bin/../lib/gcc/sparc-gaisler-elf/10.2.0/../../../../sparc-gaisler-elf/lib/leon/mfix-ut699/libc.a(lib_a-findfp.o)
                0x00000000400079e0                _cleanup_r
                0x00000000400079f4                __sfmoreglue
                0x0000000040007a3c                __sfp
                0x0000000040007d2c                _cleanup
                0x0000000040007d48                __sinit
 .text          0x0000000040007d6c      0x418 /home/fsw/rep/tasa/lib/bcc-2.2.3-gcc/bin/../lib/gcc/sparc-gaisler-elf/10.2.0/../../../../sparc-gaisler-elf/lib/leon/mfix-ut699/libc.a(lib_a-freer.o)
                0x0000000040007d6c                _malloc_trim_r
                0x0000000040007e60                _free_r
 .text          0x0000000040008184      0x52c /home/fsw/rep/tasa/lib/bcc-2.2.3-gcc/bin/../lib/gcc/sparc-gaisler-elf/10.2.0/../../../../sparc-gaisler-elf/lib/leon/mfix-ut699/libc.a(lib_a-fvwrite.o)
                0x0000000040008184                __sfvwrite_r
 .text          0x00000000400086b0       0xe8 /home/fsw/rep/tasa/lib/bcc-2.2.3-gcc/bin/../lib/gcc/sparc-gaisler-elf/10.2.0/../../../../sparc-gaisler-elf/lib/leon/mfix-ut699/libc.a(lib_a-fwalk.o)
                0x00000000400086b0                _fwalk
                0x0000000040008724                _fwalk_reent
 .text          0x0000000040008798       0x60 /home/fsw/rep/tasa/lib/bcc-2.2.3-gcc/bin/../lib/gcc/sparc-gaisler-elf/10.2.0/../../../../sparc-gaisler-elf/lib/leon/mfix-ut699/libc.a(lib_a-localeconv.o)
                0x0000000040008798                __localeconv_l
                0x00000000400087a0                _localeconv_r
                0x00000000400087cc                localeconv
 .text          0x00000000400087f8      0x204 /home/fsw/rep/tasa/lib/bcc-2.2.3-gcc/bin/../lib/gcc/sparc-gaisler-elf/10.2.0/../../../../sparc-gaisler-elf/lib/leon/mfix-ut699/libc.a(lib_a-makebuf.o)
                0x00000000400087f8                __smakebuf_r
                0x0000000040008974                __swhatbuf_r
 .text          0x00000000400089fc       0x30 /home/fsw/rep/tasa/lib/bcc-2.2.3-gcc/bin/../lib/gcc/sparc-gaisler-elf/10.2.0/../../../../sparc-gaisler-elf/lib/leon/mfix-ut699/libc.a(lib_a-malloc.o)
                0x00000000400089fc                malloc
                0x0000000040008a14                free
 .text          0x0000000040008a2c      0x860 /home/fsw/rep/tasa/lib/bcc-2.2.3-gcc/bin/../lib/gcc/sparc-gaisler-elf/10.2.0/../../../../sparc-gaisler-elf/lib/leon/mfix-ut699/libc.a(lib_a-mallocr.o)
                0x0000000040008a2c                _malloc_r
 .text          0x000000004000928c       0xf8 /home/fsw/rep/tasa/lib/bcc-2.2.3-gcc/bin/../lib/gcc/sparc-gaisler-elf/10.2.0/../../../../sparc-gaisler-elf/lib/leon/mfix-ut699/libc.a(lib_a-memchr.o)
                0x000000004000928c                memchr
 .text          0x0000000040009384      0x20c /home/fsw/rep/tasa/lib/bcc-2.2.3-gcc/bin/../lib/gcc/sparc-gaisler-elf/10.2.0/../../../../sparc-gaisler-elf/lib/leon/mfix-ut699/libc.a(lib_a-memmove.o)
                0x0000000040009384                memmove
 .text          0x0000000040009590      0x134 /home/fsw/rep/tasa/lib/bcc-2.2.3-gcc/bin/../lib/gcc/sparc-gaisler-elf/10.2.0/../../../../sparc-gaisler-elf/lib/leon/mfix-ut699/libc.a(lib_a-memset.o)
                0x0000000040009590                memset
 .text          0x00000000400096c4       0x10 /home/fsw/rep/tasa/lib/bcc-2.2.3-gcc/bin/../lib/gcc/sparc-gaisler-elf/10.2.0/../../../../sparc-gaisler-elf/lib/leon/mfix-ut699/libc.a(lib_a-mlock.o)
                0x00000000400096c4                __malloc_lock
                0x00000000400096cc                __malloc_unlock
 .text          0x00000000400096d4     0x1750 /home/fsw/rep/tasa/lib/bcc-2.2.3-gcc/bin/../lib/gcc/sparc-gaisler-elf/10.2.0/../../../../sparc-gaisler-elf/lib/leon/mfix-ut699/libc.a(lib_a-mprec.o)
                0x00000000400096d4                _Balloc
                0x00000000400097a8                _Bfree
                0x0000000040009810                __multadd
                0x000000004000992c                __s2b
                0x0000000040009a14                __hi0bits
                0x0000000040009aa4                __lo0bits
                0x0000000040009b80                __i2b
                0x0000000040009c70                __multiply
                0x0000000040009ea0                __pow5mult
                0x000000004000a034                __lshift
                0x000000004000a204                __mcmp
                0x000000004000a26c                __mdiff
                0x000000004000a490                __ulp
                0x000000004000a520                __b2d
                0x000000004000a6c0                __d2b
                0x000000004000aa9c                __ratio
                0x000000004000acd4                _mprec_log10
                0x000000004000ad18                __copybits
                0x000000004000ada0                __any_on
 .text          0x000000004000ae24      0x1dc /home/fsw/rep/tasa/lib/bcc-2.2.3-gcc/bin/../lib/gcc/sparc-gaisler-elf/10.2.0/../../../../sparc-gaisler-elf/lib/leon/mfix-ut699/libc.a(lib_a-putc.o)
                0x000000004000ae24                _putc_r
                0x000000004000af08                putc
 .text          0x000000004000b000      0x53c /home/fsw/rep/tasa/lib/bcc-2.2.3-gcc/bin/../lib/gcc/sparc-gaisler-elf/10.2.0/../../../../sparc-gaisler-elf/lib/leon/mfix-ut699/libc.a(lib_a-reallocr.o)
                0x000000004000b000                _realloc_r
 .text          0x000000004000b53c       0x98 /home/fsw/rep/tasa/lib/bcc-2.2.3-gcc/bin/../lib/gcc/sparc-gaisler-elf/10.2.0/../../../../sparc-gaisler-elf/lib/leon/mfix-ut699/libc.a(lib_a-s_frexp.o)
                0x000000004000b53c                frexp
 .text          0x000000004000b5d4       0x44 /home/fsw/rep/tasa/lib/bcc-2.2.3-gcc/bin/../lib/gcc/sparc-gaisler-elf/10.2.0/../../../../sparc-gaisler-elf/lib/leon/mfix-ut699/libc.a(lib_a-sbrkr.o)
                0x000000004000b5d4                _sbrk_r
 .text          0x000000004000b618      0x11c /home/fsw/rep/tasa/lib/bcc-2.2.3-gcc/bin/../lib/gcc/sparc-gaisler-elf/10.2.0/../../../../sparc-gaisler-elf/lib/leon/mfix-ut699/libc.a(lib_a-stdio.o)
                0x000000004000b618                __sread
                0x000000004000b664                __seofread
                0x000000004000b66c                __swrite
                0x000000004000b6c8                __sseek
                0x000000004000b724                __sclose
 .text          0x000000004000b734      0x1c0 /home/fsw/rep/tasa/lib/bcc-2.2.3-gcc/bin/../lib/gcc/sparc-gaisler-elf/10.2.0/../../../../sparc-gaisler-elf/lib/leon/mfix-ut699/libc.a(lib_a-strncpy.o)
                0x000000004000b734                strncpy
 .text          0x000000004000b8f4     0x1f68 /home/fsw/rep/tasa/lib/bcc-2.2.3-gcc/bin/../lib/gcc/sparc-gaisler-elf/10.2.0/../../../../sparc-gaisler-elf/lib/leon/mfix-ut699/libc.a(lib_a-vfiprintf.o)
                0x000000004000ba60                __sprint_r
                0x000000004000bb30                _vfiprintf_r
                0x000000004000d790                vfiprintf
 .text          0x000000004000d85c      0x36c /home/fsw/rep/tasa/lib/bcc-2.2.3-gcc/bin/../lib/gcc/sparc-gaisler-elf/10.2.0/../../../../sparc-gaisler-elf/lib/leon/mfix-ut699/libc.a(lib_a-wbuf.o)
                0x000000004000d85c                __swbuf_r
                0x000000004000da0c                __swbuf
 .text          0x000000004000dbc8       0x4c /home/fsw/rep/tasa/lib/bcc-2.2.3-gcc/bin/../lib/gcc/sparc-gaisler-elf/10.2.0/../../../../sparc-gaisler-elf/lib/leon/mfix-ut699/libc.a(lib_a-writer.o)
                0x000000004000dbc8                _write_r
 .text          0x000000004000dc14       0x98 /home/fsw/rep/tasa/lib/bcc-2.2.3-gcc/bin/../lib/gcc/sparc-gaisler-elf/10.2.0/../../../../sparc-gaisler-elf/lib/leon/mfix-ut699/libc.a(lib_a-callocr.o)
                0x000000004000dc14                _calloc_r
 .text          0x000000004000dcac       0x44 /home/fsw/rep/tasa/lib/bcc-2.2.3-gcc/bin/../lib/gcc/sparc-gaisler-elf/10.2.0/../../../../sparc-gaisler-elf/lib/leon/mfix-ut699/libc.a(lib_a-closer.o)
                0x000000004000dcac                _close_r
 .text          0x000000004000dcf0      0x2a4 /home/fsw/rep/tasa/lib/bcc-2.2.3-gcc/bin/../lib/gcc/sparc-gaisler-elf/10.2.0/../../../../sparc-gaisler-elf/lib/leon/mfix-ut699/libc.a(lib_a-fclose.o)
                0x000000004000dcf0                _fclose_r
                0x000000004000de40                fclose
 .text          0x000000004000df94      0x1e4 /home/fsw/rep/tasa/lib/bcc-2.2.3-gcc/bin/../lib/gcc/sparc-gaisler-elf/10.2.0/../../../../sparc-gaisler-elf/lib/leon/mfix-ut699/libc.a(lib_a-fputwc.o)
                0x000000004000df94                __fputwc
                0x000000004000e088                _fputwc_r
                0x000000004000e0b8                fputwc
 .text          0x000000004000e178       0x48 /home/fsw/rep/tasa/lib/bcc-2.2.3-gcc/bin/../lib/gcc/sparc-gaisler-elf/10.2.0/../../../../sparc-gaisler-elf/lib/leon/mfix-ut699/libc.a(lib_a-fstatr.o)
                0x000000004000e178                _fstat_r
 .text          0x000000004000e1c0       0x44 /home/fsw/rep/tasa/lib/bcc-2.2.3-gcc/bin/../lib/gcc/sparc-gaisler-elf/10.2.0/../../../../sparc-gaisler-elf/lib/leon/mfix-ut699/libc.a(lib_a-isattyr.o)
                0x000000004000e1c0                _isatty_r
 .text          0x000000004000e204      0x15c /home/fsw/rep/tasa/lib/bcc-2.2.3-gcc/bin/../lib/gcc/sparc-gaisler-elf/10.2.0/../../../../sparc-gaisler-elf/lib/leon/mfix-ut699/libc.a(lib_a-locale.o)
                0x000000004000e204                _setlocale_r
                0x000000004000e278                __locale_mb_cur_max
                0x000000004000e2ac                __locale_ctype_ptr_l
                0x000000004000e2b8                __locale_ctype_ptr
                0x000000004000e2ec                setlocale
 .text          0x000000004000e360       0x4c /home/fsw/rep/tasa/lib/bcc-2.2.3-gcc/bin/../lib/gcc/sparc-gaisler-elf/10.2.0/../../../../sparc-gaisler-elf/lib/leon/mfix-ut699/libc.a(lib_a-lseekr.o)
                0x000000004000e360                _lseek_r
 .text          0x000000004000e3ac       0xb8 /home/fsw/rep/tasa/lib/bcc-2.2.3-gcc/bin/../lib/gcc/sparc-gaisler-elf/10.2.0/../../../../sparc-gaisler-elf/lib/leon/mfix-ut699/libc.a(lib_a-mbtowc_r.o)
                0x000000004000e3ac                _mbtowc_r
                0x000000004000e410                __ascii_mbtowc
 .text          0x000000004000e464       0x4c /home/fsw/rep/tasa/lib/bcc-2.2.3-gcc/bin/../lib/gcc/sparc-gaisler-elf/10.2.0/../../../../sparc-gaisler-elf/lib/leon/mfix-ut699/libc.a(lib_a-readr.o)
                0x000000004000e464                _read_r
 .text          0x000000004000e4b0      0x320 /home/fsw/rep/tasa/lib/bcc-2.2.3-gcc/bin/../lib/gcc/sparc-gaisler-elf/10.2.0/../../../../sparc-gaisler-elf/lib/leon/mfix-ut699/libc.a(lib_a-reent.o)
                0x000000004000e4b0                cleanup_glue
                0x000000004000e528                _reclaim_reent
 .text          0x000000004000e7d0       0xc8 /home/fsw/rep/tasa/lib/bcc-2.2.3-gcc/bin/../lib/gcc/sparc-gaisler-elf/10.2.0/../../../../sparc-gaisler-elf/lib/leon/mfix-ut699/libc.a(lib_a-strcmp.o)
                0x000000004000e7d0                strcmp
 .text          0x000000004000e898      0x138 /home/fsw/rep/tasa/lib/bcc-2.2.3-gcc/bin/../lib/gcc/sparc-gaisler-elf/10.2.0/../../../../sparc-gaisler-elf/lib/leon/mfix-ut699/libc.a(lib_a-wcrtomb.o)
                0x000000004000e898                _wcrtomb_r
                0x000000004000e93c                wcrtomb
 .text          0x000000004000e9d0       0x9c /home/fsw/rep/tasa/lib/bcc-2.2.3-gcc/bin/../lib/gcc/sparc-gaisler-elf/10.2.0/../../../../sparc-gaisler-elf/lib/leon/mfix-ut699/libc.a(lib_a-wctomb_r.o)
                0x000000004000e9d0                _wctomb_r
                0x000000004000ea2c                __ascii_wctomb
 .text          0x000000004000ea6c        0x0 /home/fsw/rep/tasa/lib/bcc-2.2.3-gcc/bin/../lib/gcc/sparc-gaisler-elf/10.2.0/../../../../sparc-gaisler-elf/lib/leon/mfix-ut699/libc.a(lib_a-ctype_.o)
 .text          0x000000004000ea6c       0x10 /home/fsw/rep/tasa/lib/bcc-2.2.3-gcc/bin/../sparc-gaisler-elf/bsp/leon3/leon/mfix-ut699/libbcc.a(_exit.S.o)
                0x000000004000ea6c                _exit
 .text          0x000000004000ea7c       0x4c /home/fsw/rep/tasa/lib/bcc-2.2.3-gcc/bin/../sparc-gaisler-elf/bsp/leon3/leon/mfix-ut699/libbcc.a(read.c.o)
                0x000000004000ea7c                read
 .text          0x000000004000eac8       0xb0 /home/fsw/rep/tasa/lib/bcc-2.2.3-gcc/bin/../sparc-gaisler-elf/bsp/leon3/leon/mfix-ut699/libbcc.a(sbrk.c.o)
                0x000000004000eac8                sbrk
 .text          0x000000004000eb78        0x0 /home/fsw/rep/tasa/lib/bcc-2.2.3-gcc/bin/../sparc-gaisler-elf/bsp/leon3/leon/mfix-ut699/libbcc.a(heap.c.o)
 .text          0x000000004000eb78       0x64 /home/fsw/rep/tasa/lib/bcc-2.2.3-gcc/bin/../sparc-gaisler-elf/bsp/leon3/leon/mfix-ut699/libbcc.a(write.c.o)
                0x000000004000eb78                write
 .text          0x000000004000ebdc       0x20 /home/fsw/rep/tasa/lib/bcc-2.2.3-gcc/bin/../sparc-gaisler-elf/bsp/leon3/leon/mfix-ut699/libbcc.a(stubs.S.o)
                0x000000004000ebdc                execve
                0x000000004000ebdc                lseek
                0x000000004000ebdc                fstat
                0x000000004000ebdc                kill
                0x000000004000ebdc                wait
                0x000000004000ebdc                unlink
                0x000000004000ebdc                fork
                0x000000004000ebdc                stat
                0x000000004000ebdc                link
                0x000000004000ebdc                open
                0x000000004000ebdc                close
                0x000000004000ebf4                getpid
                0x000000004000ebf4                isatty
 .text          0x000000004000ebfc       0xc4 /home/fsw/rep/tasa/lib/bcc-2.2.3-gcc/bin/../sparc-gaisler-elf/bsp/leon3/leon/mfix-ut699/libbcc.a(con_apbuart.c.o)
                0x000000004000ebfc                __bcc_con_outbyte
                0x000000004000ec8c                __bcc_con_inbyte
 .text          0x000000004000ecc0      0x1d0 /home/fsw/rep/tasa/lib/bcc-2.2.3-gcc/bin/../lib/gcc/sparc-gaisler-elf/10.2.0/leon/mfix-ut699/libgcc.a(_udivdi3.o)
                0x000000004000ecc0                __udivdi3
 .text          0x000000004000ee90      0x1fc /home/fsw/rep/tasa/lib/bcc-2.2.3-gcc/bin/../lib/gcc/sparc-gaisler-elf/10.2.0/leon/mfix-ut699/libgcc.a(_umoddi3.o)
                0x000000004000ee90                __umoddi3
 .text          0x000000004000f08c        0x0 /home/fsw/rep/tasa/lib/bcc-2.2.3-gcc/bin/../lib/gcc/sparc-gaisler-elf/10.2.0/leon/mfix-ut699/libgcc.a(_clz.o)
 .text          0x000000004000f08c       0x48 /home/fsw/rep/tasa/lib/bcc-2.2.3-gcc/bin/../lib/gcc/sparc-gaisler-elf/10.2.0/leon/mfix-ut699/crtend.o
 .text          0x000000004000f0d4        0x0 /home/fsw/rep/tasa/lib/bcc-2.2.3-gcc/bin/../lib/gcc/sparc-gaisler-elf/10.2.0/leon/mfix-ut699/crtn.o
                0x000000004000f0e0                . = ALIGN (0x10)
 *fill*         0x000000004000f0d4        0xc 
 *(.eh_frame)
 .eh_frame      0x000000004000f0e0        0x0 /home/fsw/rep/tasa/lib/bcc-2.2.3-gcc/bin/../lib/gcc/sparc-gaisler-elf/10.2.0/leon/mfix-ut699/crtbegin.o
 .eh_frame      0x000000004000f0e0       0x28 /home/fsw/rep/tasa/lib/bcc-2.2.3-gcc/bin/../lib/gcc/sparc-gaisler-elf/10.2.0/leon/mfix-ut699/libgcc.a(_udivdi3.o)
 .eh_frame      0x000000004000f108       0x2c /home/fsw/rep/tasa/lib/bcc-2.2.3-gcc/bin/../lib/gcc/sparc-gaisler-elf/10.2.0/leon/mfix-ut699/libgcc.a(_umoddi3.o)
 .eh_frame      0x000000004000f134        0x4 /home/fsw/rep/tasa/lib/bcc-2.2.3-gcc/bin/../lib/gcc/sparc-gaisler-elf/10.2.0/leon/mfix-ut699/crtend.o
                0x000000004000f140                . = ALIGN (0x10)
 *fill*         0x000000004000f138        0x8 
 *(.gnu.linkonce.t*)
                0x000000004000f140                ___CTOR_LIST__ = .
                0x000000004000f140        0x4 LONG 0x2 (((___CTOR_END__ - ___CTOR_LIST__) / 0x4) - 0x2)
 *(SORT_BY_NAME(.ctors.*))
 *(.ctors)
 .ctors         0x000000004000f144        0x4 /home/fsw/rep/tasa/lib/bcc-2.2.3-gcc/bin/../lib/gcc/sparc-gaisler-elf/10.2.0/leon/mfix-ut699/crtbegin.o
 .ctors         0x000000004000f148        0x4 /home/fsw/rep/tasa/lib/bcc-2.2.3-gcc/bin/../lib/gcc/sparc-gaisler-elf/10.2.0/leon/mfix-ut699/crtend.o
                0x000000004000f14c        0x4 LONG 0x0
                0x000000004000f150                ___CTOR_END__ = .
                0x000000004000f150                ___DTOR_LIST__ = .
                0x000000004000f150        0x4 LONG 0x2 (((___DTOR_END__ - ___DTOR_LIST__) / 0x4) - 0x2)
 *(SORT_BY_NAME(.dtors.*))
 *(.dtors)
 .dtors         0x000000004000f154        0x4 /home/fsw/rep/tasa/lib/bcc-2.2.3-gcc/bin/../lib/gcc/sparc-gaisler-elf/10.2.0/leon/mfix-ut699/crtbegin.o
 .dtors         0x000000004000f158        0x4 /home/fsw/rep/tasa/lib/bcc-2.2.3-gcc/bin/../lib/gcc/sparc-gaisler-elf/10.2.0/leon/mfix-ut699/crtend.o
                0x000000004000f158                __DTOR_END__
                0x000000004000f15c        0x4 LONG 0x0
                0x000000004000f160                ___DTOR_END__ = .
 *(.gnu.linkonce*)
 *(.init)
 .init          0x000000004000f160        0x4 /home/fsw/rep/tasa/lib/bcc-2.2.3-gcc/bin/../lib/gcc/sparc-gaisler-elf/10.2.0/leon/mfix-ut699/crti.o
                0x000000004000f160                _init
 .init          0x000000004000f164        0x8 /home/fsw/rep/tasa/lib/bcc-2.2.3-gcc/bin/../lib/gcc/sparc-gaisler-elf/10.2.0/leon/mfix-ut699/crtbegin.o
 .init          0x000000004000f16c        0x8 /home/fsw/rep/tasa/lib/bcc-2.2.3-gcc/bin/../lib/gcc/sparc-gaisler-elf/10.2.0/leon/mfix-ut699/crtend.o
 .init          0x000000004000f174        0xc /home/fsw/rep/tasa/lib/bcc-2.2.3-gcc/bin/../lib/gcc/sparc-gaisler-elf/10.2.0/leon/mfix-ut699/crtn.o
 *(.fini)
 .fini          0x000000004000f180        0x4 /home/fsw/rep/tasa/lib/bcc-2.2.3-gcc/bin/../lib/gcc/sparc-gaisler-elf/10.2.0/leon/mfix-ut699/crti.o
                0x000000004000f180                _fini
 .fini          0x000000004000f184        0x8 /home/fsw/rep/tasa/lib/bcc-2.2.3-gcc/bin/../lib/gcc/sparc-gaisler-elf/10.2.0/leon/mfix-ut699/crtbegin.o
 .fini          0x000000004000f18c        0xc /home/fsw/rep/tasa/lib/bcc-2.2.3-gcc/bin/../lib/gcc/sparc-gaisler-elf/10.2.0/leon/mfix-ut699/crtn.o
 *(.lit)
 *(.shdata)
                0x000000004000f1a0                . = ALIGN (0x10)
 *fill*         0x000000004000f198        0x8 
                0x000000004000f1a0                __text_end = .

.gcc_except_table
 *(.gcc_except_table.*)

.rodata         0x000000004000f1a0      0x740
                0x000000004000f1a0                __rodata_start = .
 *(.rodata*)
 .rodata.str1.8
                0x000000004000f1a0       0xcf /tmp/ccszdPsc.o
 *fill*         0x000000004000f26f        0x1 
 .rodata        0x000000004000f270        0x5 /tmp/ccszdPsc.o
 *fill*         0x000000004000f275        0x3 
 .rodata        0x000000004000f278        0x4 /home/fsw/rep/tasa/lib/bcc-2.2.3-gcc/bin/../lib/gcc/sparc-gaisler-elf/10.2.0/../../../../sparc-gaisler-elf/lib/leon/mfix-ut699/libc.a(lib_a-impure.o)
                0x000000004000f278                _global_impure_ptr
 *fill*         0x000000004000f27c        0x4 
 .rodata.str1.8
                0x000000004000f280        0x2 /home/fsw/rep/tasa/lib/bcc-2.2.3-gcc/bin/../lib/gcc/sparc-gaisler-elf/10.2.0/../../../../sparc-gaisler-elf/lib/leon/mfix-ut699/libc.a(lib_a-puts.o)
 *fill*         0x000000004000f282        0x6 
 .rodata.str1.8
                0x000000004000f288       0x5a /home/fsw/rep/tasa/lib/bcc-2.2.3-gcc/bin/../lib/gcc/sparc-gaisler-elf/10.2.0/../../../../sparc-gaisler-elf/lib/leon/mfix-ut699/libc.a(lib_a-vfprintf.o)
 *fill*         0x000000004000f2e2        0x6 
 .rodata.cst8   0x000000004000f2e8       0x28 /home/fsw/rep/tasa/lib/bcc-2.2.3-gcc/bin/../lib/gcc/sparc-gaisler-elf/10.2.0/../../../../sparc-gaisler-elf/lib/leon/mfix-ut699/libc.a(lib_a-vfprintf.o)
 .rodata        0x000000004000f310       0x20 /home/fsw/rep/tasa/lib/bcc-2.2.3-gcc/bin/../lib/gcc/sparc-gaisler-elf/10.2.0/../../../../sparc-gaisler-elf/lib/leon/mfix-ut699/libc.a(lib_a-vfprintf.o)
 .rodata.str1.8
                0x000000004000f330       0x14 /home/fsw/rep/tasa/lib/bcc-2.2.3-gcc/bin/../lib/gcc/sparc-gaisler-elf/10.2.0/../../../../sparc-gaisler-elf/lib/leon/mfix-ut699/libc.a(lib_a-dtoa.o)
                                         0x1a (size before relaxing)
 *fill*         0x000000004000f344        0x4 
 .rodata.cst8   0x000000004000f348       0x48 /home/fsw/rep/tasa/lib/bcc-2.2.3-gcc/bin/../lib/gcc/sparc-gaisler-elf/10.2.0/../../../../sparc-gaisler-elf/lib/leon/mfix-ut699/libc.a(lib_a-dtoa.o)
                                         0x58 (size before relaxing)
 .rodata        0x000000004000f390       0x60 /home/fsw/rep/tasa/lib/bcc-2.2.3-gcc/bin/../lib/gcc/sparc-gaisler-elf/10.2.0/../../../../sparc-gaisler-elf/lib/leon/mfix-ut699/libc.a(lib_a-findfp.o)
                0x000000004000f390                __sf_fake_stderr
                0x000000004000f3b0                __sf_fake_stdout
                0x000000004000f3d0                __sf_fake_stdin
 .rodata.cst8   0x000000004000f3f0       0x10 /home/fsw/rep/tasa/lib/bcc-2.2.3-gcc/bin/../lib/gcc/sparc-gaisler-elf/10.2.0/../../../../sparc-gaisler-elf/lib/leon/mfix-ut699/libc.a(lib_a-mprec.o)
 .rodata        0x000000004000f3f0      0x128 /home/fsw/rep/tasa/lib/bcc-2.2.3-gcc/bin/../lib/gcc/sparc-gaisler-elf/10.2.0/../../../../sparc-gaisler-elf/lib/leon/mfix-ut699/libc.a(lib_a-mprec.o)
                0x000000004000f400                __mprec_tinytens
                0x000000004000f428                __mprec_bigtens
                0x000000004000f450                __mprec_tens
 .rodata.cst8   0x000000004000f518        0x8 /home/fsw/rep/tasa/lib/bcc-2.2.3-gcc/bin/../lib/gcc/sparc-gaisler-elf/10.2.0/../../../../sparc-gaisler-elf/lib/leon/mfix-ut699/libc.a(lib_a-s_frexp.o)
 .rodata.str1.8
                0x000000004000f520       0x37 /home/fsw/rep/tasa/lib/bcc-2.2.3-gcc/bin/../lib/gcc/sparc-gaisler-elf/10.2.0/../../../../sparc-gaisler-elf/lib/leon/mfix-ut699/libc.a(lib_a-vfiprintf.o)
 .rodata        0x000000004000f520       0x20 /home/fsw/rep/tasa/lib/bcc-2.2.3-gcc/bin/../lib/gcc/sparc-gaisler-elf/10.2.0/../../../../sparc-gaisler-elf/lib/leon/mfix-ut699/libc.a(lib_a-vfiprintf.o)
 .rodata.str1.8
                0x000000004000f540       0x12 /home/fsw/rep/tasa/lib/bcc-2.2.3-gcc/bin/../lib/gcc/sparc-gaisler-elf/10.2.0/../../../../sparc-gaisler-elf/lib/leon/mfix-ut699/libc.a(lib_a-locale.o)
                                         0x1a (size before relaxing)
 *fill*         0x000000004000f552        0x6 
 .rodata        0x000000004000f558      0x288 /home/fsw/rep/tasa/lib/bcc-2.2.3-gcc/bin/../lib/gcc/sparc-gaisler-elf/10.2.0/../../../../sparc-gaisler-elf/lib/leon/mfix-ut699/libc.a(lib_a-ctype_.o)
                0x000000004000f558                _ctype_
                0x000000004000f660                _ctype_b
 .rodata        0x000000004000f7e0      0x100 /home/fsw/rep/tasa/lib/bcc-2.2.3-gcc/bin/../lib/gcc/sparc-gaisler-elf/10.2.0/leon/mfix-ut699/libgcc.a(_clz.o)
                0x000000004000f7e0                __clz_tab
 *(.gnu.linkonce.r*)
                0x000000004000f8e0                . = ALIGN (0x10)
                0x000000004000f8e0                __rodata_end = .

.rela.dyn       0x000000004000f8e0        0x0
 .rela.iplt     0x000000004000f8e0        0x0 /home/fsw/rep/tasa/lib/bcc-2.2.3-gcc/bin/../sparc-gaisler-elf/bsp/leon3/leon/mfix-ut699/trap_table_mvt_tn0018.S.o
 .rela.text.traptable
                0x000000004000f8e0        0x0 /home/fsw/rep/tasa/lib/bcc-2.2.3-gcc/bin/../sparc-gaisler-elf/bsp/leon3/leon/mfix-ut699/trap_table_mvt_tn0018.S.o
 .rela.text     0x000000004000f8e0        0x0 /home/fsw/rep/tasa/lib/bcc-2.2.3-gcc/bin/../sparc-gaisler-elf/bsp/leon3/leon/mfix-ut699/trap_table_mvt_tn0018.S.o

.ext.data       0x000000004000f8e0        0x0
                0x000000004000f8e0                . = ALIGN (0x8)
                0x000000004000f8e0                __extdata_start = .
 *(.data.ext)
                0x000000004000f8e0                . = ALIGN (0x8)
                0x000000004000f8e0                __extdata_end = .
                0x000000004000f8e0                __extdata_start_lma = LOADADDR (.ext.data)
                0x0000000000000000                __extdata_size = SIZEOF (.ext.data)

.data           0x000000004000f8e0      0x608
                0x000000004000f8e0                . = ALIGN (0x8)
                0x000000004000f8e0                __data_start = .
 *(.data .data.*)
 .data          0x000000004000f8e0        0x0 /home/fsw/rep/tasa/lib/bcc-2.2.3-gcc/bin/../sparc-gaisler-elf/bsp/leon3/leon/mfix-ut699/trap_table_mvt_tn0018.S.o
 .data          0x000000004000f8e0        0x0 /home/fsw/rep/tasa/lib/bcc-2.2.3-gcc/bin/../sparc-gaisler-elf/bsp/leon3/leon/mfix-ut699/crt0.S.o
 .data          0x000000004000f8e0        0x0 /home/fsw/rep/tasa/lib/bcc-2.2.3-gcc/bin/../lib/gcc/sparc-gaisler-elf/10.2.0/leon/mfix-ut699/crti.o
 .data          0x000000004000f8e0        0x4 /home/fsw/rep/tasa/lib/bcc-2.2.3-gcc/bin/../lib/gcc/sparc-gaisler-elf/10.2.0/leon/mfix-ut699/crtbegin.o
                0x000000004000f8e0                __dso_handle
 .data          0x000000004000f8e4        0x0 /tmp/ccszdPsc.o
 .data          0x000000004000f8e4        0x0 /home/fsw/rep/tasa/lib/bcc-2.2.3-gcc/bin/../sparc-gaisler-elf/bsp/leon3/leon/mfix-ut699/libbcc.a(reset_trap_mvt.S.o)
 .data          0x000000004000f8e4        0x0 /home/fsw/rep/tasa/lib/bcc-2.2.3-gcc/bin/../sparc-gaisler-elf/bsp/leon3/leon/mfix-ut699/libbcc.a(window_trap.S.o)
 .data          0x000000004000f8e4        0x0 /home/fsw/rep/tasa/lib/bcc-2.2.3-gcc/bin/../sparc-gaisler-elf/bsp/leon3/leon/mfix-ut699/libbcc.a(flush_windows_trap.S.o)
 .data          0x000000004000f8e4        0x0 /home/fsw/rep/tasa/lib/bcc-2.2.3-gcc/bin/../sparc-gaisler-elf/bsp/leon3/leon/mfix-ut699/libbcc.a(sw_trap_set_pil.S.o)
 .data          0x000000004000f8e4        0x0 /home/fsw/rep/tasa/lib/bcc-2.2.3-gcc/bin/../sparc-gaisler-elf/bsp/leon3/leon/mfix-ut699/libbcc.a(init.S.o)
 .data          0x000000004000f8e4       0x10 /home/fsw/rep/tasa/lib/bcc-2.2.3-gcc/bin/../sparc-gaisler-elf/bsp/leon3/leon/mfix-ut699/libbcc.a(leon_info.S.o)
                0x000000004000f8e4                __bcc_leon_version
                0x000000004000f8e8                __bcc_nwindows_min1
                0x000000004000f8ec                __bcc_nwindows
                0x000000004000f8f0                __bcc_cpuid
 .data          0x000000004000f8f4        0x0 /home/fsw/rep/tasa/lib/bcc-2.2.3-gcc/bin/../sparc-gaisler-elf/bsp/leon3/leon/mfix-ut699/libbcc.a(dwzero.S.o)
 .data          0x000000004000f8f4        0x0 /home/fsw/rep/tasa/lib/bcc-2.2.3-gcc/bin/../sparc-gaisler-elf/bsp/leon3/leon/mfix-ut699/libbcc.a(copy_data.c.o)
 .data          0x000000004000f8f4        0x4 /home/fsw/rep/tasa/lib/bcc-2.2.3-gcc/bin/../sparc-gaisler-elf/bsp/leon3/leon/mfix-ut699/libbcc.a(argv.c.o)
                0x000000004000f8f4                __bcc_argvp
 .data          0x000000004000f8f8        0x0 /home/fsw/rep/tasa/lib/bcc-2.2.3-gcc/bin/../sparc-gaisler-elf/bsp/leon3/leon/mfix-ut699/libbcc.a(interrupt_trap_tn0018.S.o)
 .data          0x000000004000f8f8        0x0 /home/fsw/rep/tasa/lib/bcc-2.2.3-gcc/bin/../sparc-gaisler-elf/bsp/leon3/leon/mfix-ut699/libbcc.a(int_irqmp_get_source.c.o)
 .data          0x000000004000f8f8        0x0 /home/fsw/rep/tasa/lib/bcc-2.2.3-gcc/bin/../sparc-gaisler-elf/bsp/leon3/leon/mfix-ut699/libbcc.a(int_irqmp_mp.c.o)
 .data          0x000000004000f8f8        0x0 /home/fsw/rep/tasa/lib/bcc-2.2.3-gcc/bin/../sparc-gaisler-elf/bsp/leon3/leon/mfix-ut699/libbcc.a(int_irqmp_init.c.o)
 .data          0x000000004000f8f8        0x0 /home/fsw/rep/tasa/lib/bcc-2.2.3-gcc/bin/../sparc-gaisler-elf/bsp/leon3/leon/mfix-ut699/libbcc.a(con_apbuart_init.c.o)
 .data          0x000000004000f8f8        0x0 /home/fsw/rep/tasa/lib/bcc-2.2.3-gcc/bin/../sparc-gaisler-elf/bsp/leon3/leon/mfix-ut699/libbcc.a(timer_gptimer_init.c.o)
 .data          0x000000004000f8f8        0x0 /home/fsw/rep/tasa/lib/bcc-2.2.3-gcc/bin/../sparc-gaisler-elf/bsp/leon3/leon/mfix-ut699/libbcc.a(isr.c.o)
 .data          0x000000004000f8f8       0x10 /home/fsw/rep/tasa/lib/bcc-2.2.3-gcc/bin/../sparc-gaisler-elf/bsp/leon3/leon/mfix-ut699/libbcc.a(int_nest.c.o)
                0x000000004000f8f8                __bcc_int_nest
 .data          0x000000004000f908        0x0 /home/fsw/rep/tasa/lib/bcc-2.2.3-gcc/bin/../sparc-gaisler-elf/bsp/leon3/leon/mfix-ut699/libbcc.a(ambapp.c.o)
 .data          0x000000004000f908        0x0 /home/fsw/rep/tasa/lib/bcc-2.2.3-gcc/bin/../sparc-gaisler-elf/bsp/leon3/leon/mfix-ut699/libbcc.a(ambapp_findfirst_fn.c.o)
 .data          0x000000004000f908        0x0 /home/fsw/rep/tasa/lib/bcc-2.2.3-gcc/bin/../sparc-gaisler-elf/bsp/leon3/leon/mfix-ut699/libbcc.a(int_irqmp_handle.c.o)
 .data          0x000000004000f908        0x0 /home/fsw/rep/tasa/lib/bcc-2.2.3-gcc/bin/../sparc-gaisler-elf/bsp/leon3/leon/mfix-ut699/libbcc.a(con_handle.c.o)
 .data          0x000000004000f908        0x0 /home/fsw/rep/tasa/lib/bcc-2.2.3-gcc/bin/../sparc-gaisler-elf/bsp/leon3/leon/mfix-ut699/libbcc.a(timer_handle.c.o)
 .data          0x000000004000f908        0x0 /home/fsw/rep/tasa/lib/bcc-2.2.3-gcc/bin/../lib/gcc/sparc-gaisler-elf/10.2.0/../../../../sparc-gaisler-elf/lib/leon/mfix-ut699/libc.a(lib_a-atexit.o)
 .data          0x000000004000f908        0x0 /home/fsw/rep/tasa/lib/bcc-2.2.3-gcc/bin/../lib/gcc/sparc-gaisler-elf/10.2.0/../../../../sparc-gaisler-elf/lib/leon/mfix-ut699/libc.a(lib_a-exit.o)
 .data          0x000000004000f908       0x64 /home/fsw/rep/tasa/lib/bcc-2.2.3-gcc/bin/../lib/gcc/sparc-gaisler-elf/10.2.0/../../../../sparc-gaisler-elf/lib/leon/mfix-ut699/libc.a(lib_a-impure.o)
                0x000000004000f908                _impure_ptr
 .data          0x000000004000f96c        0x0 /home/fsw/rep/tasa/lib/bcc-2.2.3-gcc/bin/../lib/gcc/sparc-gaisler-elf/10.2.0/../../../../sparc-gaisler-elf/lib/leon/mfix-ut699/libc.a(lib_a-memcpy.o)
 .data          0x000000004000f96c        0x0 /home/fsw/rep/tasa/lib/bcc-2.2.3-gcc/bin/../lib/gcc/sparc-gaisler-elf/10.2.0/../../../../sparc-gaisler-elf/lib/leon/mfix-ut699/libc.a(lib_a-printf.o)
 .data          0x000000004000f96c        0x0 /home/fsw/rep/tasa/lib/bcc-2.2.3-gcc/bin/../lib/gcc/sparc-gaisler-elf/10.2.0/../../../../sparc-gaisler-elf/lib/leon/mfix-ut699/libc.a(lib_a-putchar.o)
 .data          0x000000004000f96c        0x0 /home/fsw/rep/tasa/lib/bcc-2.2.3-gcc/bin/../lib/gcc/sparc-gaisler-elf/10.2.0/../../../../sparc-gaisler-elf/lib/leon/mfix-ut699/libc.a(lib_a-puts.o)
 .data          0x000000004000f96c        0x0 /home/fsw/rep/tasa/lib/bcc-2.2.3-gcc/bin/../lib/gcc/sparc-gaisler-elf/10.2.0/../../../../sparc-gaisler-elf/lib/leon/mfix-ut699/libc.a(lib_a-strlen.o)
 .data          0x000000004000f96c        0x0 /home/fsw/rep/tasa/lib/bcc-2.2.3-gcc/bin/../lib/gcc/sparc-gaisler-elf/10.2.0/../../../../sparc-gaisler-elf/lib/leon/mfix-ut699/libc.a(lib_a-vfprintf.o)
 .data          0x000000004000f96c        0x0 /home/fsw/rep/tasa/lib/bcc-2.2.3-gcc/bin/../lib/gcc/sparc-gaisler-elf/10.2.0/../../../../sparc-gaisler-elf/lib/leon/mfix-ut699/libc.a(lib_a-wsetup.o)
 .data          0x000000004000f96c        0x0 /home/fsw/rep/tasa/lib/bcc-2.2.3-gcc/bin/../lib/gcc/sparc-gaisler-elf/10.2.0/../../../../sparc-gaisler-elf/lib/leon/mfix-ut699/libc.a(lib_a-__atexit.o)
 .data          0x000000004000f96c        0x0 /home/fsw/rep/tasa/lib/bcc-2.2.3-gcc/bin/../lib/gcc/sparc-gaisler-elf/10.2.0/../../../../sparc-gaisler-elf/lib/leon/mfix-ut699/libc.a(lib_a-__call_atexit.o)
 .data          0x000000004000f96c        0x0 /home/fsw/rep/tasa/lib/bcc-2.2.3-gcc/bin/../lib/gcc/sparc-gaisler-elf/10.2.0/../../../../sparc-gaisler-elf/lib/leon/mfix-ut699/libc.a(lib_a-dtoa.o)
 .data          0x000000004000f96c        0x0 /home/fsw/rep/tasa/lib/bcc-2.2.3-gcc/bin/../lib/gcc/sparc-gaisler-elf/10.2.0/../../../../sparc-gaisler-elf/lib/leon/mfix-ut699/libc.a(lib_a-fflush.o)
 .data          0x000000004000f96c        0x0 /home/fsw/rep/tasa/lib/bcc-2.2.3-gcc/bin/../lib/gcc/sparc-gaisler-elf/10.2.0/../../../../sparc-gaisler-elf/lib/leon/mfix-ut699/libc.a(lib_a-findfp.o)
 .data          0x000000004000f96c        0x0 /home/fsw/rep/tasa/lib/bcc-2.2.3-gcc/bin/../lib/gcc/sparc-gaisler-elf/10.2.0/../../../../sparc-gaisler-elf/lib/leon/mfix-ut699/libc.a(lib_a-freer.o)
 .data          0x000000004000f96c        0x0 /home/fsw/rep/tasa/lib/bcc-2.2.3-gcc/bin/../lib/gcc/sparc-gaisler-elf/10.2.0/../../../../sparc-gaisler-elf/lib/leon/mfix-ut699/libc.a(lib_a-fvwrite.o)
 .data          0x000000004000f96c        0x0 /home/fsw/rep/tasa/lib/bcc-2.2.3-gcc/bin/../lib/gcc/sparc-gaisler-elf/10.2.0/../../../../sparc-gaisler-elf/lib/leon/mfix-ut699/libc.a(lib_a-fwalk.o)
 .data          0x000000004000f96c        0x0 /home/fsw/rep/tasa/lib/bcc-2.2.3-gcc/bin/../lib/gcc/sparc-gaisler-elf/10.2.0/../../../../sparc-gaisler-elf/lib/leon/mfix-ut699/libc.a(lib_a-localeconv.o)
 .data          0x000000004000f96c        0x0 /home/fsw/rep/tasa/lib/bcc-2.2.3-gcc/bin/../lib/gcc/sparc-gaisler-elf/10.2.0/../../../../sparc-gaisler-elf/lib/leon/mfix-ut699/libc.a(lib_a-makebuf.o)
 .data          0x000000004000f96c        0x0 /home/fsw/rep/tasa/lib/bcc-2.2.3-gcc/bin/../lib/gcc/sparc-gaisler-elf/10.2.0/../../../../sparc-gaisler-elf/lib/leon/mfix-ut699/libc.a(lib_a-malloc.o)
 .data          0x000000004000f96c      0x410 /home/fsw/rep/tasa/lib/bcc-2.2.3-gcc/bin/../lib/gcc/sparc-gaisler-elf/10.2.0/../../../../sparc-gaisler-elf/lib/leon/mfix-ut699/libc.a(lib_a-mallocr.o)
                0x000000004000f96c                __malloc_sbrk_base
                0x000000004000f970                __malloc_trim_threshold
                0x000000004000f974                __malloc_av_
 .data          0x000000004000fd7c        0x0 /home/fsw/rep/tasa/lib/bcc-2.2.3-gcc/bin/../lib/gcc/sparc-gaisler-elf/10.2.0/../../../../sparc-gaisler-elf/lib/leon/mfix-ut699/libc.a(lib_a-memchr.o)
 .data          0x000000004000fd7c        0x0 /home/fsw/rep/tasa/lib/bcc-2.2.3-gcc/bin/../lib/gcc/sparc-gaisler-elf/10.2.0/../../../../sparc-gaisler-elf/lib/leon/mfix-ut699/libc.a(lib_a-memmove.o)
 .data          0x000000004000fd7c        0x0 /home/fsw/rep/tasa/lib/bcc-2.2.3-gcc/bin/../lib/gcc/sparc-gaisler-elf/10.2.0/../../../../sparc-gaisler-elf/lib/leon/mfix-ut699/libc.a(lib_a-memset.o)
 .data          0x000000004000fd7c        0x0 /home/fsw/rep/tasa/lib/bcc-2.2.3-gcc/bin/../lib/gcc/sparc-gaisler-elf/10.2.0/../../../../sparc-gaisler-elf/lib/leon/mfix-ut699/libc.a(lib_a-mlock.o)
 .data          0x000000004000fd7c        0x0 /home/fsw/rep/tasa/lib/bcc-2.2.3-gcc/bin/../lib/gcc/sparc-gaisler-elf/10.2.0/../../../../sparc-gaisler-elf/lib/leon/mfix-ut699/libc.a(lib_a-mprec.o)
 .data          0x000000004000fd7c        0x0 /home/fsw/rep/tasa/lib/bcc-2.2.3-gcc/bin/../lib/gcc/sparc-gaisler-elf/10.2.0/../../../../sparc-gaisler-elf/lib/leon/mfix-ut699/libc.a(lib_a-putc.o)
 .data          0x000000004000fd7c        0x0 /home/fsw/rep/tasa/lib/bcc-2.2.3-gcc/bin/../lib/gcc/sparc-gaisler-elf/10.2.0/../../../../sparc-gaisler-elf/lib/leon/mfix-ut699/libc.a(lib_a-reallocr.o)
 .data          0x000000004000fd7c        0x0 /home/fsw/rep/tasa/lib/bcc-2.2.3-gcc/bin/../lib/gcc/sparc-gaisler-elf/10.2.0/../../../../sparc-gaisler-elf/lib/leon/mfix-ut699/libc.a(lib_a-s_frexp.o)
 .data          0x000000004000fd7c        0x0 /home/fsw/rep/tasa/lib/bcc-2.2.3-gcc/bin/../lib/gcc/sparc-gaisler-elf/10.2.0/../../../../sparc-gaisler-elf/lib/leon/mfix-ut699/libc.a(lib_a-sbrkr.o)
 .data          0x000000004000fd7c        0x0 /home/fsw/rep/tasa/lib/bcc-2.2.3-gcc/bin/../lib/gcc/sparc-gaisler-elf/10.2.0/../../../../sparc-gaisler-elf/lib/leon/mfix-ut699/libc.a(lib_a-stdio.o)
 .data          0x000000004000fd7c        0x0 /home/fsw/rep/tasa/lib/bcc-2.2.3-gcc/bin/../lib/gcc/sparc-gaisler-elf/10.2.0/../../../../sparc-gaisler-elf/lib/leon/mfix-ut699/libc.a(lib_a-strncpy.o)
 .data          0x000000004000fd7c        0x0 /home/fsw/rep/tasa/lib/bcc-2.2.3-gcc/bin/../lib/gcc/sparc-gaisler-elf/10.2.0/../../../../sparc-gaisler-elf/lib/leon/mfix-ut699/libc.a(lib_a-vfiprintf.o)
 .data          0x000000004000fd7c        0x0 /home/fsw/rep/tasa/lib/bcc-2.2.3-gcc/bin/../lib/gcc/sparc-gaisler-elf/10.2.0/../../../../sparc-gaisler-elf/lib/leon/mfix-ut699/libc.a(lib_a-wbuf.o)
 .data          0x000000004000fd7c        0x0 /home/fsw/rep/tasa/lib/bcc-2.2.3-gcc/bin/../lib/gcc/sparc-gaisler-elf/10.2.0/../../../../sparc-gaisler-elf/lib/leon/mfix-ut699/libc.a(lib_a-writer.o)
 .data          0x000000004000fd7c        0x0 /home/fsw/rep/tasa/lib/bcc-2.2.3-gcc/bin/../lib/gcc/sparc-gaisler-elf/10.2.0/../../../../sparc-gaisler-elf/lib/leon/mfix-ut699/libc.a(lib_a-callocr.o)
 .data          0x000000004000fd7c        0x0 /home/fsw/rep/tasa/lib/bcc-2.2.3-gcc/bin/../lib/gcc/sparc-gaisler-elf/10.2.0/../../../../sparc-gaisler-elf/lib/leon/mfix-ut699/libc.a(lib_a-closer.o)
 .data          0x000000004000fd7c        0x0 /home/fsw/rep/tasa/lib/bcc-2.2.3-gcc/bin/../lib/gcc/sparc-gaisler-elf/10.2.0/../../../../sparc-gaisler-elf/lib/leon/mfix-ut699/libc.a(lib_a-fclose.o)
 .data          0x000000004000fd7c        0x0 /home/fsw/rep/tasa/lib/bcc-2.2.3-gcc/bin/../lib/gcc/sparc-gaisler-elf/10.2.0/../../../../sparc-gaisler-elf/lib/leon/mfix-ut699/libc.a(lib_a-fputwc.o)
 .data          0x000000004000fd7c        0x0 /home/fsw/rep/tasa/lib/bcc-2.2.3-gcc/bin/../lib/gcc/sparc-gaisler-elf/10.2.0/../../../../sparc-gaisler-elf/lib/leon/mfix-ut699/libc.a(lib_a-fstatr.o)
 .data          0x000000004000fd7c        0x0 /home/fsw/rep/tasa/lib/bcc-2.2.3-gcc/bin/../lib/gcc/sparc-gaisler-elf/10.2.0/../../../../sparc-gaisler-elf/lib/leon/mfix-ut699/libc.a(lib_a-isattyr.o)
 .data          0x000000004000fd7c      0x16c /home/fsw/rep/tasa/lib/bcc-2.2.3-gcc/bin/../lib/gcc/sparc-gaisler-elf/10.2.0/../../../../sparc-gaisler-elf/lib/leon/mfix-ut699/libc.a(lib_a-locale.o)
                0x000000004000fd7c                __global_locale
 .data          0x000000004000fee8        0x0 /home/fsw/rep/tasa/lib/bcc-2.2.3-gcc/bin/../lib/gcc/sparc-gaisler-elf/10.2.0/../../../../sparc-gaisler-elf/lib/leon/mfix-ut699/libc.a(lib_a-lseekr.o)
 .data          0x000000004000fee8        0x0 /home/fsw/rep/tasa/lib/bcc-2.2.3-gcc/bin/../lib/gcc/sparc-gaisler-elf/10.2.0/../../../../sparc-gaisler-elf/lib/leon/mfix-ut699/libc.a(lib_a-mbtowc_r.o)
 .data          0x000000004000fee8        0x0 /home/fsw/rep/tasa/lib/bcc-2.2.3-gcc/bin/../lib/gcc/sparc-gaisler-elf/10.2.0/../../../../sparc-gaisler-elf/lib/leon/mfix-ut699/libc.a(lib_a-readr.o)
 .data          0x000000004000fee8        0x0 /home/fsw/rep/tasa/lib/bcc-2.2.3-gcc/bin/../lib/gcc/sparc-gaisler-elf/10.2.0/../../../../sparc-gaisler-elf/lib/leon/mfix-ut699/libc.a(lib_a-reent.o)
 .data          0x000000004000fee8        0x0 /home/fsw/rep/tasa/lib/bcc-2.2.3-gcc/bin/../lib/gcc/sparc-gaisler-elf/10.2.0/../../../../sparc-gaisler-elf/lib/leon/mfix-ut699/libc.a(lib_a-strcmp.o)
 .data          0x000000004000fee8        0x0 /home/fsw/rep/tasa/lib/bcc-2.2.3-gcc/bin/../lib/gcc/sparc-gaisler-elf/10.2.0/../../../../sparc-gaisler-elf/lib/leon/mfix-ut699/libc.a(lib_a-wcrtomb.o)
 .data          0x000000004000fee8        0x0 /home/fsw/rep/tasa/lib/bcc-2.2.3-gcc/bin/../lib/gcc/sparc-gaisler-elf/10.2.0/../../../../sparc-gaisler-elf/lib/leon/mfix-ut699/libc.a(lib_a-wctomb_r.o)
 .data          0x000000004000fee8        0x0 /home/fsw/rep/tasa/lib/bcc-2.2.3-gcc/bin/../lib/gcc/sparc-gaisler-elf/10.2.0/../../../../sparc-gaisler-elf/lib/leon/mfix-ut699/libc.a(lib_a-ctype_.o)
 .data          0x000000004000fee8        0x0 /home/fsw/rep/tasa/lib/bcc-2.2.3-gcc/bin/../sparc-gaisler-elf/bsp/leon3/leon/mfix-ut699/libbcc.a(_exit.S.o)
 .data          0x000000004000fee8        0x0 /home/fsw/rep/tasa/lib/bcc-2.2.3-gcc/bin/../sparc-gaisler-elf/bsp/leon3/leon/mfix-ut699/libbcc.a(read.c.o)
 .data          0x000000004000fee8        0x0 /home/fsw/rep/tasa/lib/bcc-2.2.3-gcc/bin/../sparc-gaisler-elf/bsp/leon3/leon/mfix-ut699/libbcc.a(sbrk.c.o)
 .data          0x000000004000fee8        0x0 /home/fsw/rep/tasa/lib/bcc-2.2.3-gcc/bin/../sparc-gaisler-elf/bsp/leon3/leon/mfix-ut699/libbcc.a(heap.c.o)
 .data          0x000000004000fee8        0x0 /home/fsw/rep/tasa/lib/bcc-2.2.3-gcc/bin/../sparc-gaisler-elf/bsp/leon3/leon/mfix-ut699/libbcc.a(write.c.o)
 .data          0x000000004000fee8        0x0 /home/fsw/rep/tasa/lib/bcc-2.2.3-gcc/bin/../sparc-gaisler-elf/bsp/leon3/leon/mfix-ut699/libbcc.a(stubs.S.o)
 .data          0x000000004000fee8        0x0 /home/fsw/rep/tasa/lib/bcc-2.2.3-gcc/bin/../sparc-gaisler-elf/bsp/leon3/leon/mfix-ut699/libbcc.a(con_apbuart.c.o)
 .data          0x000000004000fee8        0x0 /home/fsw/rep/tasa/lib/bcc-2.2.3-gcc/bin/../lib/gcc/sparc-gaisler-elf/10.2.0/leon/mfix-ut699/libgcc.a(_udivdi3.o)
 .data          0x000000004000fee8        0x0 /home/fsw/rep/tasa/lib/bcc-2.2.3-gcc/bin/../lib/gcc/sparc-gaisler-elf/10.2.0/leon/mfix-ut699/libgcc.a(_umoddi3.o)
 .data          0x000000004000fee8        0x0 /home/fsw/rep/tasa/lib/bcc-2.2.3-gcc/bin/../lib/gcc/sparc-gaisler-elf/10.2.0/leon/mfix-ut699/libgcc.a(_clz.o)
 .data          0x000000004000fee8        0x0 /home/fsw/rep/tasa/lib/bcc-2.2.3-gcc/bin/../lib/gcc/sparc-gaisler-elf/10.2.0/leon/mfix-ut699/crtend.o
 .data          0x000000004000fee8        0x0 /home/fsw/rep/tasa/lib/bcc-2.2.3-gcc/bin/../lib/gcc/sparc-gaisler-elf/10.2.0/leon/mfix-ut699/crtn.o
                0x000000004000fee8                . = ALIGN (0x8)
                0x000000004000fee8                __data_end = .
                0x000000004000f8e0                __data_start_lma = LOADADDR (.data)
                0x0000000000000608                __data_size = SIZEOF (.data)

.iplt           0x000000004000fee8        0x0
 .iplt          0x000000004000fee8        0x0 /home/fsw/rep/tasa/lib/bcc-2.2.3-gcc/bin/../sparc-gaisler-elf/bsp/leon3/leon/mfix-ut699/trap_table_mvt_tn0018.S.o

.tm_clone_table
                0x000000004000fee8        0x0
 .tm_clone_table
                0x000000004000fee8        0x0 /home/fsw/rep/tasa/lib/bcc-2.2.3-gcc/bin/../lib/gcc/sparc-gaisler-elf/10.2.0/leon/mfix-ut699/crtbegin.o
 .tm_clone_table
                0x000000004000fee8        0x0 /home/fsw/rep/tasa/lib/bcc-2.2.3-gcc/bin/../lib/gcc/sparc-gaisler-elf/10.2.0/leon/mfix-ut699/crtend.o

.bss            0x000000004000fee8      0x1c0
                0x000000004000fee8                . = ALIGN (0x8)
                0x000000004000fee8                __bss_start = .
 *(.bss .bss.*)
 .bss           0x000000004000fee8        0x0 /home/fsw/rep/tasa/lib/bcc-2.2.3-gcc/bin/../sparc-gaisler-elf/bsp/leon3/leon/mfix-ut699/trap_table_mvt_tn0018.S.o
 .bss           0x000000004000fee8        0x4 /home/fsw/rep/tasa/lib/bcc-2.2.3-gcc/bin/../sparc-gaisler-elf/bsp/leon3/leon/mfix-ut699/crt0.S.o
                0x000000004000fee8                __bcc_sp_at_entry
 .bss           0x000000004000feec        0x0 /home/fsw/rep/tasa/lib/bcc-2.2.3-gcc/bin/../lib/gcc/sparc-gaisler-elf/10.2.0/leon/mfix-ut699/crti.o
 .bss           0x000000004000feec       0x20 /home/fsw/rep/tasa/lib/bcc-2.2.3-gcc/bin/../lib/gcc/sparc-gaisler-elf/10.2.0/leon/mfix-ut699/crtbegin.o
 .bss           0x000000004000ff0c        0x0 /tmp/ccszdPsc.o
 .bss           0x000000004000ff0c        0x0 /home/fsw/rep/tasa/lib/bcc-2.2.3-gcc/bin/../sparc-gaisler-elf/bsp/leon3/leon/mfix-ut699/libbcc.a(reset_trap_mvt.S.o)
 .bss           0x000000004000ff0c        0x0 /home/fsw/rep/tasa/lib/bcc-2.2.3-gcc/bin/../sparc-gaisler-elf/bsp/leon3/leon/mfix-ut699/libbcc.a(window_trap.S.o)
 *fill*         0x000000004000ff0c        0x4 
 .bss           0x000000004000ff10       0x14 /home/fsw/rep/tasa/lib/bcc-2.2.3-gcc/bin/../sparc-gaisler-elf/bsp/leon3/leon/mfix-ut699/libbcc.a(flush_windows_trap.S.o)
 .bss           0x000000004000ff24        0x0 /home/fsw/rep/tasa/lib/bcc-2.2.3-gcc/bin/../sparc-gaisler-elf/bsp/leon3/leon/mfix-ut699/libbcc.a(sw_trap_set_pil.S.o)
 .bss           0x000000004000ff24        0x0 /home/fsw/rep/tasa/lib/bcc-2.2.3-gcc/bin/../sparc-gaisler-elf/bsp/leon3/leon/mfix-ut699/libbcc.a(init.S.o)
 .bss           0x000000004000ff24        0x0 /home/fsw/rep/tasa/lib/bcc-2.2.3-gcc/bin/../sparc-gaisler-elf/bsp/leon3/leon/mfix-ut699/libbcc.a(leon_info.S.o)
 .bss           0x000000004000ff24        0x0 /home/fsw/rep/tasa/lib/bcc-2.2.3-gcc/bin/../sparc-gaisler-elf/bsp/leon3/leon/mfix-ut699/libbcc.a(dwzero.S.o)
 .bss           0x000000004000ff24        0x0 /home/fsw/rep/tasa/lib/bcc-2.2.3-gcc/bin/../sparc-gaisler-elf/bsp/leon3/leon/mfix-ut699/libbcc.a(copy_data.c.o)
 .bss           0x000000004000ff24        0x8 /home/fsw/rep/tasa/lib/bcc-2.2.3-gcc/bin/../sparc-gaisler-elf/bsp/leon3/leon/mfix-ut699/libbcc.a(argv.c.o)
                0x000000004000ff28                __bcc_argc
 .bss           0x000000004000ff2c        0x0 /home/fsw/rep/tasa/lib/bcc-2.2.3-gcc/bin/../sparc-gaisler-elf/bsp/leon3/leon/mfix-ut699/libbcc.a(interrupt_trap_tn0018.S.o)
 .bss           0x000000004000ff2c        0x0 /home/fsw/rep/tasa/lib/bcc-2.2.3-gcc/bin/../sparc-gaisler-elf/bsp/leon3/leon/mfix-ut699/libbcc.a(int_irqmp_get_source.c.o)
 .bss           0x000000004000ff2c        0x0 /home/fsw/rep/tasa/lib/bcc-2.2.3-gcc/bin/../sparc-gaisler-elf/bsp/leon3/leon/mfix-ut699/libbcc.a(int_irqmp_mp.c.o)
 .bss           0x000000004000ff2c        0x0 /home/fsw/rep/tasa/lib/bcc-2.2.3-gcc/bin/../sparc-gaisler-elf/bsp/leon3/leon/mfix-ut699/libbcc.a(int_irqmp_init.c.o)
 .bss           0x000000004000ff2c        0x0 /home/fsw/rep/tasa/lib/bcc-2.2.3-gcc/bin/../sparc-gaisler-elf/bsp/leon3/leon/mfix-ut699/libbcc.a(con_apbuart_init.c.o)
 .bss           0x000000004000ff2c        0x0 /home/fsw/rep/tasa/lib/bcc-2.2.3-gcc/bin/../sparc-gaisler-elf/bsp/leon3/leon/mfix-ut699/libbcc.a(timer_gptimer_init.c.o)
 .bss           0x000000004000ff2c       0x80 /home/fsw/rep/tasa/lib/bcc-2.2.3-gcc/bin/../sparc-gaisler-elf/bsp/leon3/leon/mfix-ut699/libbcc.a(isr.c.o)
                0x000000004000ff2c                __bcc_isr_list
 .bss           0x000000004000ffac        0x0 /home/fsw/rep/tasa/lib/bcc-2.2.3-gcc/bin/../sparc-gaisler-elf/bsp/leon3/leon/mfix-ut699/libbcc.a(int_nest.c.o)
 .bss           0x000000004000ffac        0x0 /home/fsw/rep/tasa/lib/bcc-2.2.3-gcc/bin/../sparc-gaisler-elf/bsp/leon3/leon/mfix-ut699/libbcc.a(ambapp.c.o)
 .bss           0x000000004000ffac        0x0 /home/fsw/rep/tasa/lib/bcc-2.2.3-gcc/bin/../sparc-gaisler-elf/bsp/leon3/leon/mfix-ut699/libbcc.a(ambapp_findfirst_fn.c.o)
 .bss           0x000000004000ffac       0x10 /home/fsw/rep/tasa/lib/bcc-2.2.3-gcc/bin/../sparc-gaisler-elf/bsp/leon3/leon/mfix-ut699/libbcc.a(int_irqmp_handle.c.o)
                0x000000004000ffac                __bcc_int_irqmp_nts
                0x000000004000ffb0                __bcc_int_irqmp_map
                0x000000004000ffb4                __bcc_int_irqmp_eirq
                0x000000004000ffb8                __bcc_int_handle
 .bss           0x000000004000ffbc        0x4 /home/fsw/rep/tasa/lib/bcc-2.2.3-gcc/bin/../sparc-gaisler-elf/bsp/leon3/leon/mfix-ut699/libbcc.a(con_handle.c.o)
                0x000000004000ffbc                __bcc_con_handle
 .bss           0x000000004000ffc0        0x8 /home/fsw/rep/tasa/lib/bcc-2.2.3-gcc/bin/../sparc-gaisler-elf/bsp/leon3/leon/mfix-ut699/libbcc.a(timer_handle.c.o)
                0x000000004000ffc0                __bcc_timer_interrupt
                0x000000004000ffc4                __bcc_timer_handle
 .bss           0x000000004000ffc8        0x0 /home/fsw/rep/tasa/lib/bcc-2.2.3-gcc/bin/../lib/gcc/sparc-gaisler-elf/10.2.0/../../../../sparc-gaisler-elf/lib/leon/mfix-ut699/libc.a(lib_a-atexit.o)
 .bss           0x000000004000ffc8        0x0 /home/fsw/rep/tasa/lib/bcc-2.2.3-gcc/bin/../lib/gcc/sparc-gaisler-elf/10.2.0/../../../../sparc-gaisler-elf/lib/leon/mfix-ut699/libc.a(lib_a-exit.o)
 .bss           0x000000004000ffc8        0x0 /home/fsw/rep/tasa/lib/bcc-2.2.3-gcc/bin/../lib/gcc/sparc-gaisler-elf/10.2.0/../../../../sparc-gaisler-elf/lib/leon/mfix-ut699/libc.a(lib_a-impure.o)
 .bss           0x000000004000ffc8        0x0 /home/fsw/rep/tasa/lib/bcc-2.2.3-gcc/bin/../lib/gcc/sparc-gaisler-elf/10.2.0/../../../../sparc-gaisler-elf/lib/leon/mfix-ut699/libc.a(lib_a-memcpy.o)
 .bss           0x000000004000ffc8        0x0 /home/fsw/rep/tasa/lib/bcc-2.2.3-gcc/bin/../lib/gcc/sparc-gaisler-elf/10.2.0/../../../../sparc-gaisler-elf/lib/leon/mfix-ut699/libc.a(lib_a-printf.o)
 .bss           0x000000004000ffc8        0x0 /home/fsw/rep/tasa/lib/bcc-2.2.3-gcc/bin/../lib/gcc/sparc-gaisler-elf/10.2.0/../../../../sparc-gaisler-elf/lib/leon/mfix-ut699/libc.a(lib_a-putchar.o)
 .bss           0x000000004000ffc8        0x0 /home/fsw/rep/tasa/lib/bcc-2.2.3-gcc/bin/../lib/gcc/sparc-gaisler-elf/10.2.0/../../../../sparc-gaisler-elf/lib/leon/mfix-ut699/libc.a(lib_a-puts.o)
 .bss           0x000000004000ffc8        0x0 /home/fsw/rep/tasa/lib/bcc-2.2.3-gcc/bin/../lib/gcc/sparc-gaisler-elf/10.2.0/../../../../sparc-gaisler-elf/lib/leon/mfix-ut699/libc.a(lib_a-strlen.o)
 .bss           0x000000004000ffc8        0x0 /home/fsw/rep/tasa/lib/bcc-2.2.3-gcc/bin/../lib/gcc/sparc-gaisler-elf/10.2.0/../../../../sparc-gaisler-elf/lib/leon/mfix-ut699/libc.a(lib_a-vfprintf.o)
 .bss           0x000000004000ffc8        0x0 /home/fsw/rep/tasa/lib/bcc-2.2.3-gcc/bin/../lib/gcc/sparc-gaisler-elf/10.2.0/../../../../sparc-gaisler-elf/lib/leon/mfix-ut699/libc.a(lib_a-wsetup.o)
 .bss           0x000000004000ffc8       0x8c /home/fsw/rep/tasa/lib/bcc-2.2.3-gcc/bin/../lib/gcc/sparc-gaisler-elf/10.2.0/../../../../sparc-gaisler-elf/lib/leon/mfix-ut699/libc.a(lib_a-__atexit.o)
 .bss           0x0000000040010054        0x4 /home/fsw/rep/tasa/lib/bcc-2.2.3-gcc/bin/../lib/gcc/sparc-gaisler-elf/10.2.0/../../../../sparc-gaisler-elf/lib/leon/mfix-ut699/libc.a(lib_a-__call_atexit.o)
                0x0000000040010054                _global_atexit
 .bss           0x0000000040010058        0x0 /home/fsw/rep/tasa/lib/bcc-2.2.3-gcc/bin/../lib/gcc/sparc-gaisler-elf/10.2.0/../../../../sparc-gaisler-elf/lib/leon/mfix-ut699/libc.a(lib_a-dtoa.o)
 .bss           0x0000000040010058        0x0 /home/fsw/rep/tasa/lib/bcc-2.2.3-gcc/bin/../lib/gcc/sparc-gaisler-elf/10.2.0/../../../../sparc-gaisler-elf/lib/leon/mfix-ut699/libc.a(lib_a-fflush.o)
 .bss           0x0000000040010058        0x0 /home/fsw/rep/tasa/lib/bcc-2.2.3-gcc/bin/../lib/gcc/sparc-gaisler-elf/10.2.0/../../../../sparc-gaisler-elf/lib/leon/mfix-ut699/libc.a(lib_a-findfp.o)
 .bss           0x0000000040010058        0x0 /home/fsw/rep/tasa/lib/bcc-2.2.3-gcc/bin/../lib/gcc/sparc-gaisler-elf/10.2.0/../../../../sparc-gaisler-elf/lib/leon/mfix-ut699/libc.a(lib_a-freer.o)
 .bss           0x0000000040010058        0x0 /home/fsw/rep/tasa/lib/bcc-2.2.3-gcc/bin/../lib/gcc/sparc-gaisler-elf/10.2.0/../../../../sparc-gaisler-elf/lib/leon/mfix-ut699/libc.a(lib_a-fvwrite.o)
 .bss           0x0000000040010058        0x0 /home/fsw/rep/tasa/lib/bcc-2.2.3-gcc/bin/../lib/gcc/sparc-gaisler-elf/10.2.0/../../../../sparc-gaisler-elf/lib/leon/mfix-ut699/libc.a(lib_a-fwalk.o)
 .bss           0x0000000040010058        0x0 /home/fsw/rep/tasa/lib/bcc-2.2.3-gcc/bin/../lib/gcc/sparc-gaisler-elf/10.2.0/../../../../sparc-gaisler-elf/lib/leon/mfix-ut699/libc.a(lib_a-localeconv.o)
 .bss           0x0000000040010058        0x0 /home/fsw/rep/tasa/lib/bcc-2.2.3-gcc/bin/../lib/gcc/sparc-gaisler-elf/10.2.0/../../../../sparc-gaisler-elf/lib/leon/mfix-ut699/libc.a(lib_a-makebuf.o)
 .bss           0x0000000040010058        0x0 /home/fsw/rep/tasa/lib/bcc-2.2.3-gcc/bin/../lib/gcc/sparc-gaisler-elf/10.2.0/../../../../sparc-gaisler-elf/lib/leon/mfix-ut699/libc.a(lib_a-malloc.o)
 .bss           0x0000000040010058       0x34 /home/fsw/rep/tasa/lib/bcc-2.2.3-gcc/bin/../lib/gcc/sparc-gaisler-elf/10.2.0/../../../../sparc-gaisler-elf/lib/leon/mfix-ut699/libc.a(lib_a-mallocr.o)
                0x0000000040010058                __malloc_current_mallinfo
                0x0000000040010080                __malloc_max_total_mem
                0x0000000040010084                __malloc_max_sbrked_mem
                0x0000000040010088                __malloc_top_pad
 .bss           0x000000004001008c        0x0 /home/fsw/rep/tasa/lib/bcc-2.2.3-gcc/bin/../lib/gcc/sparc-gaisler-elf/10.2.0/../../../../sparc-gaisler-elf/lib/leon/mfix-ut699/libc.a(lib_a-memchr.o)
 .bss           0x000000004001008c        0x0 /home/fsw/rep/tasa/lib/bcc-2.2.3-gcc/bin/../lib/gcc/sparc-gaisler-elf/10.2.0/../../../../sparc-gaisler-elf/lib/leon/mfix-ut699/libc.a(lib_a-memmove.o)
 .bss           0x000000004001008c        0x0 /home/fsw/rep/tasa/lib/bcc-2.2.3-gcc/bin/../lib/gcc/sparc-gaisler-elf/10.2.0/../../../../sparc-gaisler-elf/lib/leon/mfix-ut699/libc.a(lib_a-memset.o)
 .bss           0x000000004001008c        0x0 /home/fsw/rep/tasa/lib/bcc-2.2.3-gcc/bin/../lib/gcc/sparc-gaisler-elf/10.2.0/../../../../sparc-gaisler-elf/lib/leon/mfix-ut699/libc.a(lib_a-mlock.o)
 .bss           0x000000004001008c        0x0 /home/fsw/rep/tasa/lib/bcc-2.2.3-gcc/bin/../lib/gcc/sparc-gaisler-elf/10.2.0/../../../../sparc-gaisler-elf/lib/leon/mfix-ut699/libc.a(lib_a-mprec.o)
 .bss           0x000000004001008c        0x0 /home/fsw/rep/tasa/lib/bcc-2.2.3-gcc/bin/../lib/gcc/sparc-gaisler-elf/10.2.0/../../../../sparc-gaisler-elf/lib/leon/mfix-ut699/libc.a(lib_a-putc.o)
 .bss           0x000000004001008c        0x0 /home/fsw/rep/tasa/lib/bcc-2.2.3-gcc/bin/../lib/gcc/sparc-gaisler-elf/10.2.0/../../../../sparc-gaisler-elf/lib/leon/mfix-ut699/libc.a(lib_a-reallocr.o)
 .bss           0x000000004001008c        0x0 /home/fsw/rep/tasa/lib/bcc-2.2.3-gcc/bin/../lib/gcc/sparc-gaisler-elf/10.2.0/../../../../sparc-gaisler-elf/lib/leon/mfix-ut699/libc.a(lib_a-s_frexp.o)
 .bss           0x000000004001008c        0x0 /home/fsw/rep/tasa/lib/bcc-2.2.3-gcc/bin/../lib/gcc/sparc-gaisler-elf/10.2.0/../../../../sparc-gaisler-elf/lib/leon/mfix-ut699/libc.a(lib_a-sbrkr.o)
 .bss           0x000000004001008c        0x0 /home/fsw/rep/tasa/lib/bcc-2.2.3-gcc/bin/../lib/gcc/sparc-gaisler-elf/10.2.0/../../../../sparc-gaisler-elf/lib/leon/mfix-ut699/libc.a(lib_a-stdio.o)
 .bss           0x000000004001008c        0x0 /home/fsw/rep/tasa/lib/bcc-2.2.3-gcc/bin/../lib/gcc/sparc-gaisler-elf/10.2.0/../../../../sparc-gaisler-elf/lib/leon/mfix-ut699/libc.a(lib_a-strncpy.o)
 .bss           0x000000004001008c        0x0 /home/fsw/rep/tasa/lib/bcc-2.2.3-gcc/bin/../lib/gcc/sparc-gaisler-elf/10.2.0/../../../../sparc-gaisler-elf/lib/leon/mfix-ut699/libc.a(lib_a-vfiprintf.o)
 .bss           0x000000004001008c        0x0 /home/fsw/rep/tasa/lib/bcc-2.2.3-gcc/bin/../lib/gcc/sparc-gaisler-elf/10.2.0/../../../../sparc-gaisler-elf/lib/leon/mfix-ut699/libc.a(lib_a-wbuf.o)
 .bss           0x000000004001008c        0x0 /home/fsw/rep/tasa/lib/bcc-2.2.3-gcc/bin/../lib/gcc/sparc-gaisler-elf/10.2.0/../../../../sparc-gaisler-elf/lib/leon/mfix-ut699/libc.a(lib_a-writer.o)
 .bss           0x000000004001008c        0x0 /home/fsw/rep/tasa/lib/bcc-2.2.3-gcc/bin/../lib/gcc/sparc-gaisler-elf/10.2.0/../../../../sparc-gaisler-elf/lib/leon/mfix-ut699/libc.a(lib_a-callocr.o)
 .bss           0x000000004001008c        0x0 /home/fsw/rep/tasa/lib/bcc-2.2.3-gcc/bin/../lib/gcc/sparc-gaisler-elf/10.2.0/../../../../sparc-gaisler-elf/lib/leon/mfix-ut699/libc.a(lib_a-closer.o)
 .bss           0x000000004001008c        0x0 /home/fsw/rep/tasa/lib/bcc-2.2.3-gcc/bin/../lib/gcc/sparc-gaisler-elf/10.2.0/../../../../sparc-gaisler-elf/lib/leon/mfix-ut699/libc.a(lib_a-fclose.o)
 .bss           0x000000004001008c        0x0 /home/fsw/rep/tasa/lib/bcc-2.2.3-gcc/bin/../lib/gcc/sparc-gaisler-elf/10.2.0/../../../../sparc-gaisler-elf/lib/leon/mfix-ut699/libc.a(lib_a-fputwc.o)
 .bss           0x000000004001008c        0x0 /home/fsw/rep/tasa/lib/bcc-2.2.3-gcc/bin/../lib/gcc/sparc-gaisler-elf/10.2.0/../../../../sparc-gaisler-elf/lib/leon/mfix-ut699/libc.a(lib_a-fstatr.o)
 .bss           0x000000004001008c        0x0 /home/fsw/rep/tasa/lib/bcc-2.2.3-gcc/bin/../lib/gcc/sparc-gaisler-elf/10.2.0/../../../../sparc-gaisler-elf/lib/leon/mfix-ut699/libc.a(lib_a-isattyr.o)
 .bss           0x000000004001008c        0x4 /home/fsw/rep/tasa/lib/bcc-2.2.3-gcc/bin/../lib/gcc/sparc-gaisler-elf/10.2.0/../../../../sparc-gaisler-elf/lib/leon/mfix-ut699/libc.a(lib_a-locale.o)
                0x000000004001008c                _PathLocale
 .bss           0x0000000040010090        0x0 /home/fsw/rep/tasa/lib/bcc-2.2.3-gcc/bin/../lib/gcc/sparc-gaisler-elf/10.2.0/../../../../sparc-gaisler-elf/lib/leon/mfix-ut699/libc.a(lib_a-lseekr.o)
 .bss           0x0000000040010090        0x0 /home/fsw/rep/tasa/lib/bcc-2.2.3-gcc/bin/../lib/gcc/sparc-gaisler-elf/10.2.0/../../../../sparc-gaisler-elf/lib/leon/mfix-ut699/libc.a(lib_a-mbtowc_r.o)
 .bss           0x0000000040010090        0x0 /home/fsw/rep/tasa/lib/bcc-2.2.3-gcc/bin/../lib/gcc/sparc-gaisler-elf/10.2.0/../../../../sparc-gaisler-elf/lib/leon/mfix-ut699/libc.a(lib_a-readr.o)
 .bss           0x0000000040010090        0x4 /home/fsw/rep/tasa/lib/bcc-2.2.3-gcc/bin/../lib/gcc/sparc-gaisler-elf/10.2.0/../../../../sparc-gaisler-elf/lib/leon/mfix-ut699/libc.a(lib_a-reent.o)
                0x0000000040010090                errno
 .bss           0x0000000040010094        0x0 /home/fsw/rep/tasa/lib/bcc-2.2.3-gcc/bin/../lib/gcc/sparc-gaisler-elf/10.2.0/../../../../sparc-gaisler-elf/lib/leon/mfix-ut699/libc.a(lib_a-strcmp.o)
 .bss           0x0000000040010094        0x0 /home/fsw/rep/tasa/lib/bcc-2.2.3-gcc/bin/../lib/gcc/sparc-gaisler-elf/10.2.0/../../../../sparc-gaisler-elf/lib/leon/mfix-ut699/libc.a(lib_a-wcrtomb.o)
 .bss           0x0000000040010094        0x0 /home/fsw/rep/tasa/lib/bcc-2.2.3-gcc/bin/../lib/gcc/sparc-gaisler-elf/10.2.0/../../../../sparc-gaisler-elf/lib/leon/mfix-ut699/libc.a(lib_a-wctomb_r.o)
 .bss           0x0000000040010094        0x0 /home/fsw/rep/tasa/lib/bcc-2.2.3-gcc/bin/../lib/gcc/sparc-gaisler-elf/10.2.0/../../../../sparc-gaisler-elf/lib/leon/mfix-ut699/libc.a(lib_a-ctype_.o)
 .bss           0x0000000040010094        0x0 /home/fsw/rep/tasa/lib/bcc-2.2.3-gcc/bin/../sparc-gaisler-elf/bsp/leon3/leon/mfix-ut699/libbcc.a(_exit.S.o)
 .bss           0x0000000040010094        0x0 /home/fsw/rep/tasa/lib/bcc-2.2.3-gcc/bin/../sparc-gaisler-elf/bsp/leon3/leon/mfix-ut699/libbcc.a(read.c.o)
 .bss           0x0000000040010094        0x4 /home/fsw/rep/tasa/lib/bcc-2.2.3-gcc/bin/../sparc-gaisler-elf/bsp/leon3/leon/mfix-ut699/libbcc.a(sbrk.c.o)
 .bss           0x0000000040010098        0x8 /home/fsw/rep/tasa/lib/bcc-2.2.3-gcc/bin/../sparc-gaisler-elf/bsp/leon3/leon/mfix-ut699/libbcc.a(heap.c.o)
                0x0000000040010098                __bcc_heap_max
                0x000000004001009c                __bcc_heap_min
 .bss           0x00000000400100a0        0x0 /home/fsw/rep/tasa/lib/bcc-2.2.3-gcc/bin/../sparc-gaisler-elf/bsp/leon3/leon/mfix-ut699/libbcc.a(write.c.o)
 .bss           0x00000000400100a0        0x0 /home/fsw/rep/tasa/lib/bcc-2.2.3-gcc/bin/../sparc-gaisler-elf/bsp/leon3/leon/mfix-ut699/libbcc.a(stubs.S.o)
 .bss           0x00000000400100a0        0x4 /home/fsw/rep/tasa/lib/bcc-2.2.3-gcc/bin/../sparc-gaisler-elf/bsp/leon3/leon/mfix-ut699/libbcc.a(con_apbuart.c.o)
 .bss           0x00000000400100a4        0x0 /home/fsw/rep/tasa/lib/bcc-2.2.3-gcc/bin/../lib/gcc/sparc-gaisler-elf/10.2.0/leon/mfix-ut699/libgcc.a(_udivdi3.o)
 .bss           0x00000000400100a4        0x0 /home/fsw/rep/tasa/lib/bcc-2.2.3-gcc/bin/../lib/gcc/sparc-gaisler-elf/10.2.0/leon/mfix-ut699/libgcc.a(_umoddi3.o)
 .bss           0x00000000400100a4        0x0 /home/fsw/rep/tasa/lib/bcc-2.2.3-gcc/bin/../lib/gcc/sparc-gaisler-elf/10.2.0/leon/mfix-ut699/libgcc.a(_clz.o)
 .bss           0x00000000400100a4        0x0 /home/fsw/rep/tasa/lib/bcc-2.2.3-gcc/bin/../lib/gcc/sparc-gaisler-elf/10.2.0/leon/mfix-ut699/crtend.o
 .bss           0x00000000400100a4        0x0 /home/fsw/rep/tasa/lib/bcc-2.2.3-gcc/bin/../lib/gcc/sparc-gaisler-elf/10.2.0/leon/mfix-ut699/crtn.o
 *(COMMON)
                0x00000000400100a8                . = ALIGN (0x8)
 *fill*         0x00000000400100a4        0x4 
                0x00000000400100a8                __bss_end = .
                0x00000000400100a8                __heap_min = .
                0x00000000400100a8                . = ALIGN (0x8)

.jcr
 *(.jcr)

.stab
 *(.stab)

.stabstr
 *(.stabstr)

.debug
 *(.debug)

.line
 *(.line)

.debug_srcinfo
 *(.debug_srcinfo)

.debug_sfnames
 *(.debug_sfnames)

.debug_aranges  0x0000000000000000      0xa70
 *(.debug_aranges)
 .debug_aranges
                0x0000000000000000       0x20 /home/fsw/rep/tasa/lib/bcc-2.2.3-gcc/bin/../sparc-gaisler-elf/bsp/leon3/leon/mfix-ut699/trap_table_mvt_tn0018.S.o
 .debug_aranges
                0x0000000000000020       0x20 /home/fsw/rep/tasa/lib/bcc-2.2.3-gcc/bin/../sparc-gaisler-elf/bsp/leon3/leon/mfix-ut699/crt0.S.o
 .debug_aranges
                0x0000000000000040       0x20 /tmp/ccszdPsc.o
 .debug_aranges
                0x0000000000000060       0x20 /home/fsw/rep/tasa/lib/bcc-2.2.3-gcc/bin/../sparc-gaisler-elf/bsp/leon3/leon/mfix-ut699/libbcc.a(reset_trap_mvt.S.o)
 .debug_aranges
                0x0000000000000080       0x20 /home/fsw/rep/tasa/lib/bcc-2.2.3-gcc/bin/../sparc-gaisler-elf/bsp/leon3/leon/mfix-ut699/libbcc.a(window_trap.S.o)
 .debug_aranges
                0x00000000000000a0       0x20 /home/fsw/rep/tasa/lib/bcc-2.2.3-gcc/bin/../sparc-gaisler-elf/bsp/leon3/leon/mfix-ut699/libbcc.a(flush_windows_trap.S.o)
 .debug_aranges
                0x00000000000000c0       0x20 /home/fsw/rep/tasa/lib/bcc-2.2.3-gcc/bin/../sparc-gaisler-elf/bsp/leon3/leon/mfix-ut699/libbcc.a(sw_trap_set_pil.S.o)
 .debug_aranges
                0x00000000000000e0       0x20 /home/fsw/rep/tasa/lib/bcc-2.2.3-gcc/bin/../sparc-gaisler-elf/bsp/leon3/leon/mfix-ut699/libbcc.a(init.S.o)
 .debug_aranges
                0x0000000000000100       0x20 /home/fsw/rep/tasa/lib/bcc-2.2.3-gcc/bin/../sparc-gaisler-elf/bsp/leon3/leon/mfix-ut699/libbcc.a(leon_info.S.o)
 .debug_aranges
                0x0000000000000120       0x20 /home/fsw/rep/tasa/lib/bcc-2.2.3-gcc/bin/../sparc-gaisler-elf/bsp/leon3/leon/mfix-ut699/libbcc.a(dwzero.S.o)
 .debug_aranges
                0x0000000000000140       0x20 /home/fsw/rep/tasa/lib/bcc-2.2.3-gcc/bin/../sparc-gaisler-elf/bsp/leon3/leon/mfix-ut699/libbcc.a(copy_data.c.o)
 .debug_aranges
                0x0000000000000160       0x18 /home/fsw/rep/tasa/lib/bcc-2.2.3-gcc/bin/../sparc-gaisler-elf/bsp/leon3/leon/mfix-ut699/libbcc.a(argv.c.o)
 .debug_aranges
                0x0000000000000178       0x20 /home/fsw/rep/tasa/lib/bcc-2.2.3-gcc/bin/../sparc-gaisler-elf/bsp/leon3/leon/mfix-ut699/libbcc.a(interrupt_trap_tn0018.S.o)
 .debug_aranges
                0x0000000000000198       0x20 /home/fsw/rep/tasa/lib/bcc-2.2.3-gcc/bin/../sparc-gaisler-elf/bsp/leon3/leon/mfix-ut699/libbcc.a(int_irqmp_get_source.c.o)
 .debug_aranges
                0x00000000000001b8       0x20 /home/fsw/rep/tasa/lib/bcc-2.2.3-gcc/bin/../sparc-gaisler-elf/bsp/leon3/leon/mfix-ut699/libbcc.a(int_irqmp_mp.c.o)
 .debug_aranges
                0x00000000000001d8       0x20 /home/fsw/rep/tasa/lib/bcc-2.2.3-gcc/bin/../sparc-gaisler-elf/bsp/leon3/leon/mfix-ut699/libbcc.a(int_irqmp_init.c.o)
 .debug_aranges
                0x00000000000001f8       0x20 /home/fsw/rep/tasa/lib/bcc-2.2.3-gcc/bin/../sparc-gaisler-elf/bsp/leon3/leon/mfix-ut699/libbcc.a(con_apbuart_init.c.o)
 .debug_aranges
                0x0000000000000218       0x20 /home/fsw/rep/tasa/lib/bcc-2.2.3-gcc/bin/../sparc-gaisler-elf/bsp/leon3/leon/mfix-ut699/libbcc.a(timer_gptimer_init.c.o)
 .debug_aranges
                0x0000000000000238       0x18 /home/fsw/rep/tasa/lib/bcc-2.2.3-gcc/bin/../sparc-gaisler-elf/bsp/leon3/leon/mfix-ut699/libbcc.a(isr.c.o)
 .debug_aranges
                0x0000000000000250       0x18 /home/fsw/rep/tasa/lib/bcc-2.2.3-gcc/bin/../sparc-gaisler-elf/bsp/leon3/leon/mfix-ut699/libbcc.a(int_nest.c.o)
 .debug_aranges
                0x0000000000000268       0x20 /home/fsw/rep/tasa/lib/bcc-2.2.3-gcc/bin/../sparc-gaisler-elf/bsp/leon3/leon/mfix-ut699/libbcc.a(ambapp.c.o)
 .debug_aranges
                0x0000000000000288       0x20 /home/fsw/rep/tasa/lib/bcc-2.2.3-gcc/bin/../sparc-gaisler-elf/bsp/leon3/leon/mfix-ut699/libbcc.a(ambapp_findfirst_fn.c.o)
 .debug_aranges
                0x00000000000002a8       0x18 /home/fsw/rep/tasa/lib/bcc-2.2.3-gcc/bin/../sparc-gaisler-elf/bsp/leon3/leon/mfix-ut699/libbcc.a(int_irqmp_handle.c.o)
 .debug_aranges
                0x00000000000002c0       0x18 /home/fsw/rep/tasa/lib/bcc-2.2.3-gcc/bin/../sparc-gaisler-elf/bsp/leon3/leon/mfix-ut699/libbcc.a(con_handle.c.o)
 .debug_aranges
                0x00000000000002d8       0x18 /home/fsw/rep/tasa/lib/bcc-2.2.3-gcc/bin/../sparc-gaisler-elf/bsp/leon3/leon/mfix-ut699/libbcc.a(timer_handle.c.o)
 .debug_aranges
                0x00000000000002f0       0x20 /home/fsw/rep/tasa/lib/bcc-2.2.3-gcc/bin/../lib/gcc/sparc-gaisler-elf/10.2.0/../../../../sparc-gaisler-elf/lib/leon/mfix-ut699/libc.a(lib_a-atexit.o)
 .debug_aranges
                0x0000000000000310       0x20 /home/fsw/rep/tasa/lib/bcc-2.2.3-gcc/bin/../lib/gcc/sparc-gaisler-elf/10.2.0/../../../../sparc-gaisler-elf/lib/leon/mfix-ut699/libc.a(lib_a-exit.o)
 .debug_aranges
                0x0000000000000330       0x18 /home/fsw/rep/tasa/lib/bcc-2.2.3-gcc/bin/../lib/gcc/sparc-gaisler-elf/10.2.0/../../../../sparc-gaisler-elf/lib/leon/mfix-ut699/libc.a(lib_a-impure.o)
 .debug_aranges
                0x0000000000000348       0x20 /home/fsw/rep/tasa/lib/bcc-2.2.3-gcc/bin/../lib/gcc/sparc-gaisler-elf/10.2.0/../../../../sparc-gaisler-elf/lib/leon/mfix-ut699/libc.a(lib_a-memcpy.o)
 .debug_aranges
                0x0000000000000368       0x20 /home/fsw/rep/tasa/lib/bcc-2.2.3-gcc/bin/../lib/gcc/sparc-gaisler-elf/10.2.0/../../../../sparc-gaisler-elf/lib/leon/mfix-ut699/libc.a(lib_a-printf.o)
 .debug_aranges
                0x0000000000000388       0x20 /home/fsw/rep/tasa/lib/bcc-2.2.3-gcc/bin/../lib/gcc/sparc-gaisler-elf/10.2.0/../../../../sparc-gaisler-elf/lib/leon/mfix-ut699/libc.a(lib_a-putchar.o)
 .debug_aranges
                0x00000000000003a8       0x20 /home/fsw/rep/tasa/lib/bcc-2.2.3-gcc/bin/../lib/gcc/sparc-gaisler-elf/10.2.0/../../../../sparc-gaisler-elf/lib/leon/mfix-ut699/libc.a(lib_a-puts.o)
 .debug_aranges
                0x00000000000003c8       0x20 /home/fsw/rep/tasa/lib/bcc-2.2.3-gcc/bin/../lib/gcc/sparc-gaisler-elf/10.2.0/../../../../sparc-gaisler-elf/lib/leon/mfix-ut699/libc.a(lib_a-strlen.o)
 .debug_aranges
                0x00000000000003e8       0x20 /home/fsw/rep/tasa/lib/bcc-2.2.3-gcc/bin/../lib/gcc/sparc-gaisler-elf/10.2.0/../../../../sparc-gaisler-elf/lib/leon/mfix-ut699/libc.a(lib_a-vfprintf.o)
 .debug_aranges
                0x0000000000000408       0x20 /home/fsw/rep/tasa/lib/bcc-2.2.3-gcc/bin/../lib/gcc/sparc-gaisler-elf/10.2.0/../../../../sparc-gaisler-elf/lib/leon/mfix-ut699/libc.a(lib_a-wsetup.o)
 .debug_aranges
                0x0000000000000428       0x20 /home/fsw/rep/tasa/lib/bcc-2.2.3-gcc/bin/../lib/gcc/sparc-gaisler-elf/10.2.0/../../../../sparc-gaisler-elf/lib/leon/mfix-ut699/libc.a(lib_a-__atexit.o)
 .debug_aranges
                0x0000000000000448       0x20 /home/fsw/rep/tasa/lib/bcc-2.2.3-gcc/bin/../lib/gcc/sparc-gaisler-elf/10.2.0/../../../../sparc-gaisler-elf/lib/leon/mfix-ut699/libc.a(lib_a-__call_atexit.o)
 .debug_aranges
                0x0000000000000468       0x20 /home/fsw/rep/tasa/lib/bcc-2.2.3-gcc/bin/../lib/gcc/sparc-gaisler-elf/10.2.0/../../../../sparc-gaisler-elf/lib/leon/mfix-ut699/libc.a(lib_a-dtoa.o)
 .debug_aranges
                0x0000000000000488       0x20 /home/fsw/rep/tasa/lib/bcc-2.2.3-gcc/bin/../lib/gcc/sparc-gaisler-elf/10.2.0/../../../../sparc-gaisler-elf/lib/leon/mfix-ut699/libc.a(lib_a-fflush.o)
 .debug_aranges
                0x00000000000004a8       0x20 /home/fsw/rep/tasa/lib/bcc-2.2.3-gcc/bin/../lib/gcc/sparc-gaisler-elf/10.2.0/../../../../sparc-gaisler-elf/lib/leon/mfix-ut699/libc.a(lib_a-findfp.o)
 .debug_aranges
                0x00000000000004c8       0x20 /home/fsw/rep/tasa/lib/bcc-2.2.3-gcc/bin/../lib/gcc/sparc-gaisler-elf/10.2.0/../../../../sparc-gaisler-elf/lib/leon/mfix-ut699/libc.a(lib_a-freer.o)
 .debug_aranges
                0x00000000000004e8       0x20 /home/fsw/rep/tasa/lib/bcc-2.2.3-gcc/bin/../lib/gcc/sparc-gaisler-elf/10.2.0/../../../../sparc-gaisler-elf/lib/leon/mfix-ut699/libc.a(lib_a-fvwrite.o)
 .debug_aranges
                0x0000000000000508       0x20 /home/fsw/rep/tasa/lib/bcc-2.2.3-gcc/bin/../lib/gcc/sparc-gaisler-elf/10.2.0/../../../../sparc-gaisler-elf/lib/leon/mfix-ut699/libc.a(lib_a-fwalk.o)
 .debug_aranges
                0x0000000000000528       0x20 /home/fsw/rep/tasa/lib/bcc-2.2.3-gcc/bin/../lib/gcc/sparc-gaisler-elf/10.2.0/../../../../sparc-gaisler-elf/lib/leon/mfix-ut699/libc.a(lib_a-localeconv.o)
 .debug_aranges
                0x0000000000000548       0x20 /home/fsw/rep/tasa/lib/bcc-2.2.3-gcc/bin/../lib/gcc/sparc-gaisler-elf/10.2.0/../../../../sparc-gaisler-elf/lib/leon/mfix-ut699/libc.a(lib_a-makebuf.o)
 .debug_aranges
                0x0000000000000568       0x20 /home/fsw/rep/tasa/lib/bcc-2.2.3-gcc/bin/../lib/gcc/sparc-gaisler-elf/10.2.0/../../../../sparc-gaisler-elf/lib/leon/mfix-ut699/libc.a(lib_a-malloc.o)
 .debug_aranges
                0x0000000000000588       0x20 /home/fsw/rep/tasa/lib/bcc-2.2.3-gcc/bin/../lib/gcc/sparc-gaisler-elf/10.2.0/../../../../sparc-gaisler-elf/lib/leon/mfix-ut699/libc.a(lib_a-mallocr.o)
 .debug_aranges
                0x00000000000005a8       0x20 /home/fsw/rep/tasa/lib/bcc-2.2.3-gcc/bin/../lib/gcc/sparc-gaisler-elf/10.2.0/../../../../sparc-gaisler-elf/lib/leon/mfix-ut699/libc.a(lib_a-memchr.o)
 .debug_aranges
                0x00000000000005c8       0x20 /home/fsw/rep/tasa/lib/bcc-2.2.3-gcc/bin/../lib/gcc/sparc-gaisler-elf/10.2.0/../../../../sparc-gaisler-elf/lib/leon/mfix-ut699/libc.a(lib_a-memmove.o)
 .debug_aranges
                0x00000000000005e8       0x20 /home/fsw/rep/tasa/lib/bcc-2.2.3-gcc/bin/../lib/gcc/sparc-gaisler-elf/10.2.0/../../../../sparc-gaisler-elf/lib/leon/mfix-ut699/libc.a(lib_a-memset.o)
 .debug_aranges
                0x0000000000000608       0x20 /home/fsw/rep/tasa/lib/bcc-2.2.3-gcc/bin/../lib/gcc/sparc-gaisler-elf/10.2.0/../../../../sparc-gaisler-elf/lib/leon/mfix-ut699/libc.a(lib_a-mlock.o)
 .debug_aranges
                0x0000000000000628       0x20 /home/fsw/rep/tasa/lib/bcc-2.2.3-gcc/bin/../lib/gcc/sparc-gaisler-elf/10.2.0/../../../../sparc-gaisler-elf/lib/leon/mfix-ut699/libc.a(lib_a-mprec.o)
 .debug_aranges
                0x0000000000000648       0x20 /home/fsw/rep/tasa/lib/bcc-2.2.3-gcc/bin/../lib/gcc/sparc-gaisler-elf/10.2.0/../../../../sparc-gaisler-elf/lib/leon/mfix-ut699/libc.a(lib_a-putc.o)
 .debug_aranges
                0x0000000000000668       0x20 /home/fsw/rep/tasa/lib/bcc-2.2.3-gcc/bin/../lib/gcc/sparc-gaisler-elf/10.2.0/../../../../sparc-gaisler-elf/lib/leon/mfix-ut699/libc.a(lib_a-reallocr.o)
 .debug_aranges
                0x0000000000000688       0x20 /home/fsw/rep/tasa/lib/bcc-2.2.3-gcc/bin/../lib/gcc/sparc-gaisler-elf/10.2.0/../../../../sparc-gaisler-elf/lib/leon/mfix-ut699/libc.a(lib_a-s_frexp.o)
 .debug_aranges
                0x00000000000006a8       0x20 /home/fsw/rep/tasa/lib/bcc-2.2.3-gcc/bin/../lib/gcc/sparc-gaisler-elf/10.2.0/../../../../sparc-gaisler-elf/lib/leon/mfix-ut699/libc.a(lib_a-sbrkr.o)
 .debug_aranges
                0x00000000000006c8       0x20 /home/fsw/rep/tasa/lib/bcc-2.2.3-gcc/bin/../lib/gcc/sparc-gaisler-elf/10.2.0/../../../../sparc-gaisler-elf/lib/leon/mfix-ut699/libc.a(lib_a-stdio.o)
 .debug_aranges
                0x00000000000006e8       0x20 /home/fsw/rep/tasa/lib/bcc-2.2.3-gcc/bin/../lib/gcc/sparc-gaisler-elf/10.2.0/../../../../sparc-gaisler-elf/lib/leon/mfix-ut699/libc.a(lib_a-strncpy.o)
 .debug_aranges
                0x0000000000000708       0x20 /home/fsw/rep/tasa/lib/bcc-2.2.3-gcc/bin/../lib/gcc/sparc-gaisler-elf/10.2.0/../../../../sparc-gaisler-elf/lib/leon/mfix-ut699/libc.a(lib_a-vfiprintf.o)
 .debug_aranges
                0x0000000000000728       0x20 /home/fsw/rep/tasa/lib/bcc-2.2.3-gcc/bin/../lib/gcc/sparc-gaisler-elf/10.2.0/../../../../sparc-gaisler-elf/lib/leon/mfix-ut699/libc.a(lib_a-wbuf.o)
 .debug_aranges
                0x0000000000000748       0x20 /home/fsw/rep/tasa/lib/bcc-2.2.3-gcc/bin/../lib/gcc/sparc-gaisler-elf/10.2.0/../../../../sparc-gaisler-elf/lib/leon/mfix-ut699/libc.a(lib_a-writer.o)
 .debug_aranges
                0x0000000000000768       0x20 /home/fsw/rep/tasa/lib/bcc-2.2.3-gcc/bin/../lib/gcc/sparc-gaisler-elf/10.2.0/../../../../sparc-gaisler-elf/lib/leon/mfix-ut699/libc.a(lib_a-callocr.o)
 .debug_aranges
                0x0000000000000788       0x20 /home/fsw/rep/tasa/lib/bcc-2.2.3-gcc/bin/../lib/gcc/sparc-gaisler-elf/10.2.0/../../../../sparc-gaisler-elf/lib/leon/mfix-ut699/libc.a(lib_a-closer.o)
 .debug_aranges
                0x00000000000007a8       0x20 /home/fsw/rep/tasa/lib/bcc-2.2.3-gcc/bin/../lib/gcc/sparc-gaisler-elf/10.2.0/../../../../sparc-gaisler-elf/lib/leon/mfix-ut699/libc.a(lib_a-fclose.o)
 .debug_aranges
                0x00000000000007c8       0x20 /home/fsw/rep/tasa/lib/bcc-2.2.3-gcc/bin/../lib/gcc/sparc-gaisler-elf/10.2.0/../../../../sparc-gaisler-elf/lib/leon/mfix-ut699/libc.a(lib_a-fputwc.o)
 .debug_aranges
                0x00000000000007e8       0x20 /home/fsw/rep/tasa/lib/bcc-2.2.3-gcc/bin/../lib/gcc/sparc-gaisler-elf/10.2.0/../../../../sparc-gaisler-elf/lib/leon/mfix-ut699/libc.a(lib_a-fstatr.o)
 .debug_aranges
                0x0000000000000808       0x20 /home/fsw/rep/tasa/lib/bcc-2.2.3-gcc/bin/../lib/gcc/sparc-gaisler-elf/10.2.0/../../../../sparc-gaisler-elf/lib/leon/mfix-ut699/libc.a(lib_a-isattyr.o)
 .debug_aranges
                0x0000000000000828       0x20 /home/fsw/rep/tasa/lib/bcc-2.2.3-gcc/bin/../lib/gcc/sparc-gaisler-elf/10.2.0/../../../../sparc-gaisler-elf/lib/leon/mfix-ut699/libc.a(lib_a-locale.o)
 .debug_aranges
                0x0000000000000848       0x20 /home/fsw/rep/tasa/lib/bcc-2.2.3-gcc/bin/../lib/gcc/sparc-gaisler-elf/10.2.0/../../../../sparc-gaisler-elf/lib/leon/mfix-ut699/libc.a(lib_a-lseekr.o)
 .debug_aranges
                0x0000000000000868       0x20 /home/fsw/rep/tasa/lib/bcc-2.2.3-gcc/bin/../lib/gcc/sparc-gaisler-elf/10.2.0/../../../../sparc-gaisler-elf/lib/leon/mfix-ut699/libc.a(lib_a-mbtowc_r.o)
 .debug_aranges
                0x0000000000000888       0x20 /home/fsw/rep/tasa/lib/bcc-2.2.3-gcc/bin/../lib/gcc/sparc-gaisler-elf/10.2.0/../../../../sparc-gaisler-elf/lib/leon/mfix-ut699/libc.a(lib_a-readr.o)
 .debug_aranges
                0x00000000000008a8       0x20 /home/fsw/rep/tasa/lib/bcc-2.2.3-gcc/bin/../lib/gcc/sparc-gaisler-elf/10.2.0/../../../../sparc-gaisler-elf/lib/leon/mfix-ut699/libc.a(lib_a-reent.o)
 .debug_aranges
                0x00000000000008c8       0x20 /home/fsw/rep/tasa/lib/bcc-2.2.3-gcc/bin/../lib/gcc/sparc-gaisler-elf/10.2.0/../../../../sparc-gaisler-elf/lib/leon/mfix-ut699/libc.a(lib_a-strcmp.o)
 .debug_aranges
                0x00000000000008e8       0x20 /home/fsw/rep/tasa/lib/bcc-2.2.3-gcc/bin/../lib/gcc/sparc-gaisler-elf/10.2.0/../../../../sparc-gaisler-elf/lib/leon/mfix-ut699/libc.a(lib_a-wcrtomb.o)
 .debug_aranges
                0x0000000000000908       0x20 /home/fsw/rep/tasa/lib/bcc-2.2.3-gcc/bin/../lib/gcc/sparc-gaisler-elf/10.2.0/../../../../sparc-gaisler-elf/lib/leon/mfix-ut699/libc.a(lib_a-wctomb_r.o)
 .debug_aranges
                0x0000000000000928       0x18 /home/fsw/rep/tasa/lib/bcc-2.2.3-gcc/bin/../lib/gcc/sparc-gaisler-elf/10.2.0/../../../../sparc-gaisler-elf/lib/leon/mfix-ut699/libc.a(lib_a-ctype_.o)
 .debug_aranges
                0x0000000000000940       0x20 /home/fsw/rep/tasa/lib/bcc-2.2.3-gcc/bin/../sparc-gaisler-elf/bsp/leon3/leon/mfix-ut699/libbcc.a(_exit.S.o)
 .debug_aranges
                0x0000000000000960       0x20 /home/fsw/rep/tasa/lib/bcc-2.2.3-gcc/bin/../sparc-gaisler-elf/bsp/leon3/leon/mfix-ut699/libbcc.a(read.c.o)
 .debug_aranges
                0x0000000000000980       0x20 /home/fsw/rep/tasa/lib/bcc-2.2.3-gcc/bin/../sparc-gaisler-elf/bsp/leon3/leon/mfix-ut699/libbcc.a(sbrk.c.o)
 .debug_aranges
                0x00000000000009a0       0x18 /home/fsw/rep/tasa/lib/bcc-2.2.3-gcc/bin/../sparc-gaisler-elf/bsp/leon3/leon/mfix-ut699/libbcc.a(heap.c.o)
 .debug_aranges
                0x00000000000009b8       0x20 /home/fsw/rep/tasa/lib/bcc-2.2.3-gcc/bin/../sparc-gaisler-elf/bsp/leon3/leon/mfix-ut699/libbcc.a(write.c.o)
 .debug_aranges
                0x00000000000009d8       0x20 /home/fsw/rep/tasa/lib/bcc-2.2.3-gcc/bin/../sparc-gaisler-elf/bsp/leon3/leon/mfix-ut699/libbcc.a(stubs.S.o)
 .debug_aranges
                0x00000000000009f8       0x20 /home/fsw/rep/tasa/lib/bcc-2.2.3-gcc/bin/../sparc-gaisler-elf/bsp/leon3/leon/mfix-ut699/libbcc.a(con_apbuart.c.o)
 .debug_aranges
                0x0000000000000a18       0x20 /home/fsw/rep/tasa/lib/bcc-2.2.3-gcc/bin/../lib/gcc/sparc-gaisler-elf/10.2.0/leon/mfix-ut699/libgcc.a(_udivdi3.o)
 .debug_aranges
                0x0000000000000a38       0x20 /home/fsw/rep/tasa/lib/bcc-2.2.3-gcc/bin/../lib/gcc/sparc-gaisler-elf/10.2.0/leon/mfix-ut699/libgcc.a(_umoddi3.o)
 .debug_aranges
                0x0000000000000a58       0x18 /home/fsw/rep/tasa/lib/bcc-2.2.3-gcc/bin/../lib/gcc/sparc-gaisler-elf/10.2.0/leon/mfix-ut699/libgcc.a(_clz.o)

.debug_pubnames
 *(.debug_pubnames)

.debug_info     0x0000000000000000    0x21f77
 *(.debug_info)
 .debug_info    0x0000000000000000       0x26 /home/fsw/rep/tasa/lib/bcc-2.2.3-gcc/bin/../sparc-gaisler-elf/bsp/leon3/leon/mfix-ut699/trap_table_mvt_tn0018.S.o
 .debug_info    0x0000000000000026       0x26 /home/fsw/rep/tasa/lib/bcc-2.2.3-gcc/bin/../sparc-gaisler-elf/bsp/leon3/leon/mfix-ut699/crt0.S.o
 .debug_info    0x000000000000004c      0x368 /tmp/ccszdPsc.o
 .debug_info    0x00000000000003b4       0x26 /home/fsw/rep/tasa/lib/bcc-2.2.3-gcc/bin/../sparc-gaisler-elf/bsp/leon3/leon/mfix-ut699/libbcc.a(reset_trap_mvt.S.o)
 .debug_info    0x00000000000003da       0x26 /home/fsw/rep/tasa/lib/bcc-2.2.3-gcc/bin/../sparc-gaisler-elf/bsp/leon3/leon/mfix-ut699/libbcc.a(window_trap.S.o)
 .debug_info    0x0000000000000400       0x26 /home/fsw/rep/tasa/lib/bcc-2.2.3-gcc/bin/../sparc-gaisler-elf/bsp/leon3/leon/mfix-ut699/libbcc.a(flush_windows_trap.S.o)
 .debug_info    0x0000000000000426       0x26 /home/fsw/rep/tasa/lib/bcc-2.2.3-gcc/bin/../sparc-gaisler-elf/bsp/leon3/leon/mfix-ut699/libbcc.a(sw_trap_set_pil.S.o)
 .debug_info    0x000000000000044c       0x26 /home/fsw/rep/tasa/lib/bcc-2.2.3-gcc/bin/../sparc-gaisler-elf/bsp/leon3/leon/mfix-ut699/libbcc.a(init.S.o)
 .debug_info    0x0000000000000472       0x26 /home/fsw/rep/tasa/lib/bcc-2.2.3-gcc/bin/../sparc-gaisler-elf/bsp/leon3/leon/mfix-ut699/libbcc.a(leon_info.S.o)
 .debug_info    0x0000000000000498       0x26 /home/fsw/rep/tasa/lib/bcc-2.2.3-gcc/bin/../sparc-gaisler-elf/bsp/leon3/leon/mfix-ut699/libbcc.a(dwzero.S.o)
 .debug_info    0x00000000000004be       0xe8 /home/fsw/rep/tasa/lib/bcc-2.2.3-gcc/bin/../sparc-gaisler-elf/bsp/leon3/leon/mfix-ut699/libbcc.a(copy_data.c.o)
 .debug_info    0x00000000000005a6       0xd9 /home/fsw/rep/tasa/lib/bcc-2.2.3-gcc/bin/../sparc-gaisler-elf/bsp/leon3/leon/mfix-ut699/libbcc.a(argv.c.o)
 .debug_info    0x000000000000067f       0x26 /home/fsw/rep/tasa/lib/bcc-2.2.3-gcc/bin/../sparc-gaisler-elf/bsp/leon3/leon/mfix-ut699/libbcc.a(interrupt_trap_tn0018.S.o)
 .debug_info    0x00000000000006a5      0x2db /home/fsw/rep/tasa/lib/bcc-2.2.3-gcc/bin/../sparc-gaisler-elf/bsp/leon3/leon/mfix-ut699/libbcc.a(int_irqmp_get_source.c.o)
 .debug_info    0x0000000000000980      0x3a6 /home/fsw/rep/tasa/lib/bcc-2.2.3-gcc/bin/../sparc-gaisler-elf/bsp/leon3/leon/mfix-ut699/libbcc.a(int_irqmp_mp.c.o)
 .debug_info    0x0000000000000d26      0x5d5 /home/fsw/rep/tasa/lib/bcc-2.2.3-gcc/bin/../sparc-gaisler-elf/bsp/leon3/leon/mfix-ut699/libbcc.a(int_irqmp_init.c.o)
 .debug_info    0x00000000000012fb      0x122 /home/fsw/rep/tasa/lib/bcc-2.2.3-gcc/bin/../sparc-gaisler-elf/bsp/leon3/leon/mfix-ut699/libbcc.a(con_apbuart_init.c.o)
 .debug_info    0x000000000000141d      0x1d6 /home/fsw/rep/tasa/lib/bcc-2.2.3-gcc/bin/../sparc-gaisler-elf/bsp/leon3/leon/mfix-ut699/libbcc.a(timer_gptimer_init.c.o)
 .debug_info    0x00000000000015f3       0xf5 /home/fsw/rep/tasa/lib/bcc-2.2.3-gcc/bin/../sparc-gaisler-elf/bsp/leon3/leon/mfix-ut699/libbcc.a(isr.c.o)
 .debug_info    0x00000000000016e8       0xcd /home/fsw/rep/tasa/lib/bcc-2.2.3-gcc/bin/../sparc-gaisler-elf/bsp/leon3/leon/mfix-ut699/libbcc.a(int_nest.c.o)
 .debug_info    0x00000000000017b5      0x8e0 /home/fsw/rep/tasa/lib/bcc-2.2.3-gcc/bin/../sparc-gaisler-elf/bsp/leon3/leon/mfix-ut699/libbcc.a(ambapp.c.o)
 .debug_info    0x0000000000002095      0x33a /home/fsw/rep/tasa/lib/bcc-2.2.3-gcc/bin/../sparc-gaisler-elf/bsp/leon3/leon/mfix-ut699/libbcc.a(ambapp_findfirst_fn.c.o)
 .debug_info    0x00000000000023cf       0xeb /home/fsw/rep/tasa/lib/bcc-2.2.3-gcc/bin/../sparc-gaisler-elf/bsp/leon3/leon/mfix-ut699/libbcc.a(int_irqmp_handle.c.o)
 .debug_info    0x00000000000024ba       0x9d /home/fsw/rep/tasa/lib/bcc-2.2.3-gcc/bin/../sparc-gaisler-elf/bsp/leon3/leon/mfix-ut699/libbcc.a(con_handle.c.o)
 .debug_info    0x0000000000002557       0xb7 /home/fsw/rep/tasa/lib/bcc-2.2.3-gcc/bin/../sparc-gaisler-elf/bsp/leon3/leon/mfix-ut699/libbcc.a(timer_handle.c.o)
 .debug_info    0x000000000000260e      0x102 /home/fsw/rep/tasa/lib/bcc-2.2.3-gcc/bin/../lib/gcc/sparc-gaisler-elf/10.2.0/../../../../sparc-gaisler-elf/lib/leon/mfix-ut699/libc.a(lib_a-atexit.o)
 .debug_info    0x0000000000002710      0x7de /home/fsw/rep/tasa/lib/bcc-2.2.3-gcc/bin/../lib/gcc/sparc-gaisler-elf/10.2.0/../../../../sparc-gaisler-elf/lib/leon/mfix-ut699/libc.a(lib_a-exit.o)
 .debug_info    0x0000000000002eee      0x83e /home/fsw/rep/tasa/lib/bcc-2.2.3-gcc/bin/../lib/gcc/sparc-gaisler-elf/10.2.0/../../../../sparc-gaisler-elf/lib/leon/mfix-ut699/libc.a(lib_a-impure.o)
 .debug_info    0x000000000000372c      0x162 /home/fsw/rep/tasa/lib/bcc-2.2.3-gcc/bin/../lib/gcc/sparc-gaisler-elf/10.2.0/../../../../sparc-gaisler-elf/lib/leon/mfix-ut699/libc.a(lib_a-memcpy.o)
 .debug_info    0x000000000000388e      0x916 /home/fsw/rep/tasa/lib/bcc-2.2.3-gcc/bin/../lib/gcc/sparc-gaisler-elf/10.2.0/../../../../sparc-gaisler-elf/lib/leon/mfix-ut699/libc.a(lib_a-printf.o)
 .debug_info    0x00000000000041a4      0x891 /home/fsw/rep/tasa/lib/bcc-2.2.3-gcc/bin/../lib/gcc/sparc-gaisler-elf/10.2.0/../../../../sparc-gaisler-elf/lib/leon/mfix-ut699/libc.a(lib_a-putchar.o)
 .debug_info    0x0000000000004a35      0xaf5 /home/fsw/rep/tasa/lib/bcc-2.2.3-gcc/bin/../lib/gcc/sparc-gaisler-elf/10.2.0/../../../../sparc-gaisler-elf/lib/leon/mfix-ut699/libc.a(lib_a-puts.o)
 .debug_info    0x000000000000552a       0xee /home/fsw/rep/tasa/lib/bcc-2.2.3-gcc/bin/../lib/gcc/sparc-gaisler-elf/10.2.0/../../../../sparc-gaisler-elf/lib/leon/mfix-ut699/libc.a(lib_a-strlen.o)