Archive member included to satisfy reference by file (symbol)

/home/fsw/rep/tasa/lib/bcc-2.2.3-gcc/bin/../sparc-gaisler-elf/bsp/leon3/soft/libbcc.a(reset_trap_mvt.S.o)
                              /home/fsw/rep/tasa/lib/bcc-2.2.3-gcc/bin/../sparc-gaisler-elf/bsp/leon3/soft/trap_table_mvt.S.o (__bcc_trap_reset_mvt)
/home/fsw/rep/tasa/lib/bcc-2.2.3-gcc/bin/../sparc-gaisler-elf/bsp/leon3/soft/libbcc.a(window_trap.S.o)
                              /home/fsw/rep/tasa/lib/bcc-2.2.3-gcc/bin/../sparc-gaisler-elf/bsp/leon3/soft/trap_table_mvt.S.o (__bcc_trap_window_overflow)
/home/fsw/rep/tasa/lib/bcc-2.2.3-gcc/bin/../sparc-gaisler-elf/bsp/leon3/soft/libbcc.a(interrupt_trap.S.o)
                              /home/fsw/rep/tasa/lib/bcc-2.2.3-gcc/bin/../sparc-gaisler-elf/bsp/leon3/soft/trap_table_mvt.S.o (__bcc_trap_interrupt)
/home/fsw/rep/tasa/lib/bcc-2.2.3-gcc/bin/../sparc-gaisler-elf/bsp/leon3/soft/libbcc.a(flush_windows_trap.S.o)
                              /home/fsw/rep/tasa/lib/bcc-2.2.3-gcc/bin/../sparc-gaisler-elf/bsp/leon3/soft/trap_table_mvt.S.o (__bcc_trap_flush_windows)
/home/fsw/rep/tasa/lib/bcc-2.2.3-gcc/bin/../sparc-gaisler-elf/bsp/leon3/soft/libbcc.a(sw_trap_set_pil.S.o)
                              /home/fsw/rep/tasa/lib/bcc-2.2.3-gcc/bin/../sparc-gaisler-elf/bsp/leon3/soft/trap_table_mvt.S.o (__bcc_trap_sw_set_pil)
/home/fsw/rep/tasa/lib/bcc-2.2.3-gcc/bin/../sparc-gaisler-elf/bsp/leon3/soft/libbcc.a(isr.c.o)
                              /home/fsw/rep/tasa/lib/bcc-2.2.3-gcc/bin/../sparc-gaisler-elf/bsp/leon3/soft/libbcc.a(interrupt_trap.S.o) (__bcc_isr_list)
/home/fsw/rep/tasa/lib/bcc-2.2.3-gcc/bin/../sparc-gaisler-elf/bsp/leon3/soft/libbcc.a(int_nest.c.o)
                              /home/fsw/rep/tasa/lib/bcc-2.2.3-gcc/bin/../sparc-gaisler-elf/bsp/leon3/soft/libbcc.a(interrupt_trap.S.o) (__bcc_int_nest)
/home/fsw/rep/tasa/lib/bcc-2.2.3-gcc/bin/../sparc-gaisler-elf/bsp/leon3/soft/libbcc.a(init.S.o)
                              /home/fsw/rep/tasa/lib/bcc-2.2.3-gcc/bin/../sparc-gaisler-elf/bsp/leon3/soft/libbcc.a(reset_trap_mvt.S.o) (__bcc_init40)
/home/fsw/rep/tasa/lib/bcc-2.2.3-gcc/bin/../sparc-gaisler-elf/bsp/leon3/soft/libbcc.a(leon_info.S.o)
                              /home/fsw/rep/tasa/lib/bcc-2.2.3-gcc/bin/../sparc-gaisler-elf/bsp/leon3/soft/crt0.S.o (__bcc_get_leon_info)
/home/fsw/rep/tasa/lib/bcc-2.2.3-gcc/bin/../sparc-gaisler-elf/bsp/leon3/soft/libbcc.a(dwzero.S.o)
                              /home/fsw/rep/tasa/lib/bcc-2.2.3-gcc/bin/../sparc-gaisler-elf/bsp/leon3/soft/crt0.S.o (bcc_dwzero)
/home/fsw/rep/tasa/lib/bcc-2.2.3-gcc/bin/../sparc-gaisler-elf/bsp/leon3/soft/libbcc.a(copy_data.c.o)
                              /home/fsw/rep/tasa/lib/bcc-2.2.3-gcc/bin/../sparc-gaisler-elf/bsp/leon3/soft/crt0.S.o (__bcc_copy_data)
/home/fsw/rep/tasa/lib/bcc-2.2.3-gcc/bin/../sparc-gaisler-elf/bsp/leon3/soft/libbcc.a(argv.c.o)
                              /home/fsw/rep/tasa/lib/bcc-2.2.3-gcc/bin/../sparc-gaisler-elf/bsp/leon3/soft/crt0.S.o (__bcc_argvp)
/home/fsw/rep/tasa/lib/bcc-2.2.3-gcc/bin/../sparc-gaisler-elf/bsp/leon3/soft/libbcc.a(int_irqmp_get_source.c.o)
                              /home/fsw/rep/tasa/lib/bcc-2.2.3-gcc/bin/../sparc-gaisler-elf/bsp/leon3/soft/libbcc.a(interrupt_trap.S.o) (__bcc_int_get_source)
/home/fsw/rep/tasa/lib/bcc-2.2.3-gcc/bin/../sparc-gaisler-elf/bsp/leon3/soft/libbcc.a(int_irqmp_mp.c.o)
                              /tmp/ccgYfuIp.o (bcc_get_cpu_count)
/home/fsw/rep/tasa/lib/bcc-2.2.3-gcc/bin/../sparc-gaisler-elf/bsp/leon3/soft/libbcc.a(int_irqmp_init.c.o)
                              /home/fsw/rep/tasa/lib/bcc-2.2.3-gcc/bin/../sparc-gaisler-elf/bsp/leon3/soft/crt0.S.o (__bcc_int_init)
/home/fsw/rep/tasa/lib/bcc-2.2.3-gcc/bin/../sparc-gaisler-elf/bsp/leon3/soft/libbcc.a(con_apbuart_init.c.o)
                              /home/fsw/rep/tasa/lib/bcc-2.2.3-gcc/bin/../sparc-gaisler-elf/bsp/leon3/soft/crt0.S.o (__bcc_con_init)
/home/fsw/rep/tasa/lib/bcc-2.2.3-gcc/bin/../sparc-gaisler-elf/bsp/leon3/soft/libbcc.a(timer_gptimer_init.c.o)
                              /home/fsw/rep/tasa/lib/bcc-2.2.3-gcc/bin/../sparc-gaisler-elf/bsp/leon3/soft/crt0.S.o (__bcc_timer_init)
/home/fsw/rep/tasa/lib/bcc-2.2.3-gcc/bin/../sparc-gaisler-elf/bsp/leon3/soft/libbcc.a(ambapp.c.o)
                              /home/fsw/rep/tasa/lib/bcc-2.2.3-gcc/bin/../sparc-gaisler-elf/bsp/leon3/soft/libbcc.a(int_irqmp_init.c.o) (ambapp_visit)
/home/fsw/rep/tasa/lib/bcc-2.2.3-gcc/bin/../sparc-gaisler-elf/bsp/leon3/soft/libbcc.a(ambapp_findfirst_fn.c.o)
                              /home/fsw/rep/tasa/lib/bcc-2.2.3-gcc/bin/../sparc-gaisler-elf/bsp/leon3/soft/libbcc.a(int_irqmp_init.c.o) (ambapp_findfirst_fn)
/home/fsw/rep/tasa/lib/bcc-2.2.3-gcc/bin/../sparc-gaisler-elf/bsp/leon3/soft/libbcc.a(int_irqmp_handle.c.o)
                              /home/fsw/rep/tasa/lib/bcc-2.2.3-gcc/bin/../sparc-gaisler-elf/bsp/leon3/soft/libbcc.a(int_irqmp_init.c.o) (__bcc_int_irqmp_nts)
[...]
Memory Configuration

Name             Origin             Length             Attributes
rom              0x0000000000000000 0x0000000020000000
ram              0x0000000040000000 0x0000000040000000
*default*        0x0000000000000000 0xffffffffffffffff

Linker script and memory map

LOAD /home/fsw/rep/tasa/lib/bcc-2.2.3-gcc/bin/../sparc-gaisler-elf/bsp/leon3/soft/trap_table_mvt.S.o
LOAD /home/fsw/rep/tasa/lib/bcc-2.2.3-gcc/bin/../sparc-gaisler-elf/bsp/leon3/soft/crt0.S.o
LOAD /home/fsw/rep/tasa/lib/bcc-2.2.3-gcc/bin/../lib/gcc/sparc-gaisler-elf/10.2.0/soft/crti.o
LOAD /home/fsw/rep/tasa/lib/bcc-2.2.3-gcc/bin/../lib/gcc/sparc-gaisler-elf/10.2.0/soft/crtbegin.o
LOAD /tmp/ccgYfuIp.o
                0x0000000000000000                PROVIDE (__bcc_cfg_skip_clear_bss = 0x0)

.text           0x0000000040000000    0x10e40
 CREATE_OBJECT_SYMBOLS
                0x0000000040000000                __text_start = .
                0x0000000040000000                . = ALIGN (0x1000)
 *(.text.traptable)
 .text.traptable
                0x0000000040000000     0x1000 /home/fsw/rep/tasa/lib/bcc-2.2.3-gcc/bin/../sparc-gaisler-elf/bsp/leon3/soft/trap_table_mvt.S.o
                0x0000000040000000                __bcc_trap_table
                0x0000000040000000                __bcc_entry_point
 *(.text .text.*)
 .text          0x0000000040001000        0x0 /home/fsw/rep/tasa/lib/bcc-2.2.3-gcc/bin/../sparc-gaisler-elf/bsp/leon3/soft/trap_table_mvt.S.o
 .text          0x0000000040001000       0xc8 /home/fsw/rep/tasa/lib/bcc-2.2.3-gcc/bin/../sparc-gaisler-elf/bsp/leon3/soft/crt0.S.o
                0x0000000040001000                __bcc_crt0
 .text          0x00000000400010c8        0x0 /home/fsw/rep/tasa/lib/bcc-2.2.3-gcc/bin/../lib/gcc/sparc-gaisler-elf/10.2.0/soft/crti.o
 .text          0x00000000400010c8      0x188 /home/fsw/rep/tasa/lib/bcc-2.2.3-gcc/bin/../lib/gcc/sparc-gaisler-elf/10.2.0/soft/crtbegin.o
 .text          0x0000000040001250        0x0 /tmp/ccgYfuIp.o
 .text.startup  0x0000000040001250      0x14c /tmp/ccgYfuIp.o
                0x0000000040001250                main
 .text          0x000000004000139c       0x90 /home/fsw/rep/tasa/lib/bcc-2.2.3-gcc/bin/../sparc-gaisler-elf/bsp/leon3/soft/libbcc.a(reset_trap_mvt.S.o)
                0x000000004000139c                __bcc_trap_reset_mvt
 .text          0x000000004000142c       0xb0 /home/fsw/rep/tasa/lib/bcc-2.2.3-gcc/bin/../sparc-gaisler-elf/bsp/leon3/soft/libbcc.a(window_trap.S.o)
                0x000000004000142c                __bcc_trap_window_overflow
                0x000000004000147c                __bcc_trap_window_underflow
 .text          0x00000000400014dc      0x1b0 /home/fsw/rep/tasa/lib/bcc-2.2.3-gcc/bin/../sparc-gaisler-elf/bsp/leon3/soft/libbcc.a(interrupt_trap.S.o)
                0x00000000400014dc                __bcc_trap_interrupt_svt
                0x00000000400014e0                __bcc_trap_interrupt
 .text          0x000000004000168c       0x88 /home/fsw/rep/tasa/lib/bcc-2.2.3-gcc/bin/../sparc-gaisler-elf/bsp/leon3/soft/libbcc.a(flush_windows_trap.S.o)
                0x000000004000168c                __bcc_trap_flush_windows
 .text          0x0000000040001714       0x2c /home/fsw/rep/tasa/lib/bcc-2.2.3-gcc/bin/../sparc-gaisler-elf/bsp/leon3/soft/libbcc.a(sw_trap_set_pil.S.o)
                0x0000000040001714                __bcc_trap_sw_set_pil
 .text          0x0000000040001740        0x0 /home/fsw/rep/tasa/lib/bcc-2.2.3-gcc/bin/../sparc-gaisler-elf/bsp/leon3/soft/libbcc.a(isr.c.o)
 .text          0x0000000040001740        0x0 /home/fsw/rep/tasa/lib/bcc-2.2.3-gcc/bin/../sparc-gaisler-elf/bsp/leon3/soft/libbcc.a(int_nest.c.o)
 .text          0x0000000040001740        0x8 /home/fsw/rep/tasa/lib/bcc-2.2.3-gcc/bin/../sparc-gaisler-elf/bsp/leon3/soft/libbcc.a(init.S.o)
                0x0000000040001740                __bcc_init50
                0x0000000040001740                __bcc_init40
                0x0000000040001740                __bcc_init70
                0x0000000040001740                __bcc_init60
 .text          0x0000000040001748       0x98 /home/fsw/rep/tasa/lib/bcc-2.2.3-gcc/bin/../sparc-gaisler-elf/bsp/leon3/soft/libbcc.a(leon_info.S.o)
                0x0000000040001748                __bcc_get_leon_info
                0x00000000400017d0                bcc_get_cpuid
 .text          0x00000000400017e0       0x2c /home/fsw/rep/tasa/lib/bcc-2.2.3-gcc/bin/../sparc-gaisler-elf/bsp/leon3/soft/libbcc.a(dwzero.S.o)
                0x00000000400017e0                bcc_dwzero
 .text          0x000000004000180c       0x5c /home/fsw/rep/tasa/lib/bcc-2.2.3-gcc/bin/../sparc-gaisler-elf/bsp/leon3/soft/libbcc.a(copy_data.c.o)
                0x000000004000180c                __bcc_copy_data
 .text          0x0000000040001868        0x0 /home/fsw/rep/tasa/lib/bcc-2.2.3-gcc/bin/../sparc-gaisler-elf/bsp/leon3/soft/libbcc.a(argv.c.o)
 .text          0x0000000040001868       0x48 /home/fsw/rep/tasa/lib/bcc-2.2.3-gcc/bin/../sparc-gaisler-elf/bsp/leon3/soft/libbcc.a(int_irqmp_get_source.c.o)
                0x0000000040001868                __bcc_int_get_source
 .text          0x00000000400018b0       0xa0 /home/fsw/rep/tasa/lib/bcc-2.2.3-gcc/bin/../sparc-gaisler-elf/bsp/leon3/soft/libbcc.a(int_irqmp_mp.c.o)
                0x00000000400018b0                bcc_send_interrupt
                0x00000000400018ec                bcc_get_cpu_count
                0x0000000040001918                bcc_start_processor
 .text          0x0000000040001950      0x1b0 /home/fsw/rep/tasa/lib/bcc-2.2.3-gcc/bin/../sparc-gaisler-elf/bsp/leon3/soft/libbcc.a(int_irqmp_init.c.o)
                0x0000000040001950                __bcc_int_init
 .text          0x0000000040001b00       0x50 /home/fsw/rep/tasa/lib/bcc-2.2.3-gcc/bin/../sparc-gaisler-elf/bsp/leon3/soft/libbcc.a(con_apbuart_init.c.o)
                0x0000000040001b00                __bcc_con_init
 .text          0x0000000040001b50       0x6c /home/fsw/rep/tasa/lib/bcc-2.2.3-gcc/bin/../sparc-gaisler-elf/bsp/leon3/soft/libbcc.a(timer_gptimer_init.c.o)
                0x0000000040001b50                __bcc_timer_init
 .text          0x0000000040001bbc      0x72c /home/fsw/rep/tasa/lib/bcc-2.2.3-gcc/bin/../sparc-gaisler-elf/bsp/leon3/soft/libbcc.a(ambapp.c.o)
                0x0000000040001bbc                ambapp_get_ahbinfo
                0x000000004000222c                ambapp_get_apbinfo
                0x00000000400022b4                ambapp_visit
 .text          0x00000000400022e8       0x74 /home/fsw/rep/tasa/lib/bcc-2.2.3-gcc/bin/../sparc-gaisler-elf/bsp/leon3/soft/libbcc.a(ambapp_findfirst_fn.c.o)
                0x00000000400022e8                ambapp_findfirst_fn
 .text          0x000000004000235c        0x0 /home/fsw/rep/tasa/lib/bcc-2.2.3-gcc/bin/../sparc-gaisler-elf/bsp/leon3/soft/libbcc.a(int_irqmp_handle.c.o)
 .text          0x000000004000235c        0x0 /home/fsw/rep/tasa/lib/bcc-2.2.3-gcc/bin/../sparc-gaisler-elf/bsp/leon3/soft/libbcc.a(con_handle.c.o)
 .text          0x000000004000235c        0x0 /home/fsw/rep/tasa/lib/bcc-2.2.3-gcc/bin/../sparc-gaisler-elf/bsp/leon3/soft/libbcc.a(timer_handle.c.o)
 .text          0x000000004000235c       0x1c /home/fsw/rep/tasa/lib/bcc-2.2.3-gcc/bin/../lib/gcc/sparc-gaisler-elf/10.2.0/../../../../sparc-gaisler-elf/lib/soft/libc.a(lib_a-atexit.o)
                0x000000004000235c                atexit
 .text          0x0000000040002378       0x3c /home/fsw/rep/tasa/lib/bcc-2.2.3-gcc/bin/../lib/gcc/sparc-gaisler-elf/10.2.0/../../../../sparc-gaisler-elf/lib/soft/libc.a(lib_a-exit.o)
                0x0000000040002378                exit
 .text          0x00000000400023b4        0x0 /home/fsw/rep/tasa/lib/bcc-2.2.3-gcc/bin/../lib/gcc/sparc-gaisler-elf/10.2.0/../../../../sparc-gaisler-elf/lib/soft/libc.a(lib_a-impure.o)
 .text          0x00000000400023b4      0x1ac /home/fsw/rep/tasa/lib/bcc-2.2.3-gcc/bin/../lib/gcc/sparc-gaisler-elf/10.2.0/../../../../sparc-gaisler-elf/lib/soft/libc.a(lib_a-memcpy.o)
                0x00000000400023b4                memcpy
 .text          0x0000000040002560       0xf0 /home/fsw/rep/tasa/lib/bcc-2.2.3-gcc/bin/../lib/gcc/sparc-gaisler-elf/10.2.0/../../../../sparc-gaisler-elf/lib/soft/libc.a(lib_a-printf.o)
                0x0000000040002560                _printf_r
                0x00000000400025d4                printf
 .text          0x0000000040002650       0x8c /home/fsw/rep/tasa/lib/bcc-2.2.3-gcc/bin/../lib/gcc/sparc-gaisler-elf/10.2.0/../../../../sparc-gaisler-elf/lib/soft/libc.a(lib_a-putchar.o)
                0x0000000040002650                _putchar_r
                0x0000000040002690                putchar
 .text          0x00000000400026dc      0x250 /home/fsw/rep/tasa/lib/bcc-2.2.3-gcc/bin/../lib/gcc/sparc-gaisler-elf/10.2.0/../../../../sparc-gaisler-elf/lib/soft/libc.a(lib_a-puts.o)
                0x00000000400026dc                _puts_r
                0x0000000040002800                puts
 .text          0x000000004000292c       0xac /home/fsw/rep/tasa/lib/bcc-2.2.3-gcc/bin/../lib/gcc/sparc-gaisler-elf/10.2.0/../../../../sparc-gaisler-elf/lib/soft/libc.a(lib_a-strlen.o)
                0x000000004000292c                strlen
 .text          0x00000000400029d8     0x2e00 /home/fsw/rep/tasa/lib/bcc-2.2.3-gcc/bin/../lib/gcc/sparc-gaisler-elf/10.2.0/../../../../sparc-gaisler-elf/lib/soft/libc.a(lib_a-vfprintf.o)
                0x0000000040002b44                _vfprintf_r
                0x0000000040005708                vfprintf
 .text          0x00000000400057d8      0x1c4 /home/fsw/rep/tasa/lib/bcc-2.2.3-gcc/bin/../lib/gcc/sparc-gaisler-elf/10.2.0/../../../../sparc-gaisler-elf/lib/soft/libc.a(lib_a-wsetup.o)
                0x00000000400057d8                __swsetup_r
 .text          0x000000004000599c      0x158 /home/fsw/rep/tasa/lib/bcc-2.2.3-gcc/bin/../lib/gcc/sparc-gaisler-elf/10.2.0/../../../../sparc-gaisler-elf/lib/soft/libc.a(lib_a-__atexit.o)
                0x000000004000599c                __register_exitproc
 .text          0x0000000040005af4      0x2b8 /home/fsw/rep/tasa/lib/bcc-2.2.3-gcc/bin/../lib/gcc/sparc-gaisler-elf/10.2.0/../../../../sparc-gaisler-elf/lib/soft/libc.a(lib_a-__call_atexit.o)
                0x0000000040005af4                __call_exitprocs
 .text          0x0000000040005dac     0x190c /home/fsw/rep/tasa/lib/bcc-2.2.3-gcc/bin/../lib/gcc/sparc-gaisler-elf/10.2.0/../../../../sparc-gaisler-elf/lib/soft/libc.a(lib_a-dtoa.o)
                0x0000000040005fb4                _dtoa_r
 .text          0x00000000400076b8      0x3dc /home/fsw/rep/tasa/lib/bcc-2.2.3-gcc/bin/../lib/gcc/sparc-gaisler-elf/10.2.0/../../../../sparc-gaisler-elf/lib/soft/libc.a(lib_a-fflush.o)
                0x00000000400076b8                __sflush_r
                0x0000000040007914                _fflush_r
                0x00000000400079b4                fflush
 .text          0x0000000040007a94      0x340 /home/fsw/rep/tasa/lib/bcc-2.2.3-gcc/bin/../lib/gcc/sparc-gaisler-elf/10.2.0/../../../../sparc-gaisler-elf/lib/soft/libc.a(lib_a-findfp.o)
                0x0000000040007a94                _cleanup_r
                0x0000000040007aa8                __sfmoreglue
                0x0000000040007afc                __sfp
                0x0000000040007d94                _cleanup
                0x0000000040007db0                __sinit
 .text          0x0000000040007dd4      0x3fc /home/fsw/rep/tasa/lib/bcc-2.2.3-gcc/bin/../lib/gcc/sparc-gaisler-elf/10.2.0/../../../../sparc-gaisler-elf/lib/soft/libc.a(lib_a-freer.o)
                0x0000000040007dd4                _malloc_trim_r
                0x0000000040007ec4                _free_r
 .text          0x00000000400081d0      0x4f0 /home/fsw/rep/tasa/lib/bcc-2.2.3-gcc/bin/../lib/gcc/sparc-gaisler-elf/10.2.0/../../../../sparc-gaisler-elf/lib/soft/libc.a(lib_a-fvwrite.o)
                0x00000000400081d0                __sfvwrite_r
 .text          0x00000000400086c0       0xe0 /home/fsw/rep/tasa/lib/bcc-2.2.3-gcc/bin/../lib/gcc/sparc-gaisler-elf/10.2.0/../../../../sparc-gaisler-elf/lib/soft/libc.a(lib_a-fwalk.o)
                0x00000000400086c0                _fwalk
                0x0000000040008730                _fwalk_reent
 .text          0x00000000400087a0       0x60 /home/fsw/rep/tasa/lib/bcc-2.2.3-gcc/bin/../lib/gcc/sparc-gaisler-elf/10.2.0/../../../../sparc-gaisler-elf/lib/soft/libc.a(lib_a-localeconv.o)
                0x00000000400087a0                __localeconv_l
                0x00000000400087a8                _localeconv_r
                0x00000000400087d4                localeconv
 .text          0x0000000040008800      0x1e8 /home/fsw/rep/tasa/lib/bcc-2.2.3-gcc/bin/../lib/gcc/sparc-gaisler-elf/10.2.0/../../../../sparc-gaisler-elf/lib/soft/libc.a(lib_a-makebuf.o)
                0x0000000040008800                __smakebuf_r
                0x0000000040008964                __swhatbuf_r
 .text          0x00000000400089e8       0x30 /home/fsw/rep/tasa/lib/bcc-2.2.3-gcc/bin/../lib/gcc/sparc-gaisler-elf/10.2.0/../../../../sparc-gaisler-elf/lib/soft/libc.a(lib_a-malloc.o)
                0x00000000400089e8                malloc
                0x0000000040008a00                free
 .text          0x0000000040008a18      0x7d4 /home/fsw/rep/tasa/lib/bcc-2.2.3-gcc/bin/../lib/gcc/sparc-gaisler-elf/10.2.0/../../../../sparc-gaisler-elf/lib/soft/libc.a(lib_a-mallocr.o)
                0x0000000040008a18                _malloc_r
 .text          0x00000000400091ec       0xf8 /home/fsw/rep/tasa/lib/bcc-2.2.3-gcc/bin/../lib/gcc/sparc-gaisler-elf/10.2.0/../../../../sparc-gaisler-elf/lib/soft/libc.a(lib_a-memchr.o)
                0x00000000400091ec                memchr
 .text          0x00000000400092e4      0x1fc /home/fsw/rep/tasa/lib/bcc-2.2.3-gcc/bin/../lib/gcc/sparc-gaisler-elf/10.2.0/../../../../sparc-gaisler-elf/lib/soft/libc.a(lib_a-memmove.o)
                0x00000000400092e4                memmove
 .text          0x00000000400094e0      0x124 /home/fsw/rep/tasa/lib/bcc-2.2.3-gcc/bin/../lib/gcc/sparc-gaisler-elf/10.2.0/../../../../sparc-gaisler-elf/lib/soft/libc.a(lib_a-memset.o)
                0x00000000400094e0                memset
 .text          0x0000000040009604       0x10 /home/fsw/rep/tasa/lib/bcc-2.2.3-gcc/bin/../lib/gcc/sparc-gaisler-elf/10.2.0/../../../../sparc-gaisler-elf/lib/soft/libc.a(lib_a-mlock.o)
                0x0000000040009604                __malloc_lock
                0x000000004000960c                __malloc_unlock
 .text          0x0000000040009614     0x16d8 /home/fsw/rep/tasa/lib/bcc-2.2.3-gcc/bin/../lib/gcc/sparc-gaisler-elf/10.2.0/../../../../sparc-gaisler-elf/lib/soft/libc.a(lib_a-mprec.o)
                0x0000000040009614                _Balloc
                0x00000000400096e4                _Bfree
                0x0000000040009744                __multadd
                0x000000004000985c                __s2b
                0x0000000040009934                __hi0bits
                0x00000000400099c4                __lo0bits
                0x0000000040009aa0                __i2b
                0x0000000040009b80                __multiply
                0x0000000040009de0                __pow5mult
                0x0000000040009f6c                __lshift
                0x000000004000a134                __mcmp
                0x000000004000a19c                __mdiff
                0x000000004000a3bc                __ulp
                0x000000004000a424                __b2d
                0x000000004000a5bc                __d2b
                0x000000004000a97c                __ratio
                0x000000004000ab84                _mprec_log10
                0x000000004000abe4                __copybits
                0x000000004000ac68                __any_on
 .text          0x000000004000acec      0x1c0 /home/fsw/rep/tasa/lib/bcc-2.2.3-gcc/bin/../lib/gcc/sparc-gaisler-elf/10.2.0/../../../../sparc-gaisler-elf/lib/soft/libc.a(lib_a-putc.o)
                0x000000004000acec                _putc_r
                0x000000004000adc4                putc
 .text          0x000000004000aeac      0x50c /home/fsw/rep/tasa/lib/bcc-2.2.3-gcc/bin/../lib/gcc/sparc-gaisler-elf/10.2.0/../../../../sparc-gaisler-elf/lib/soft/libc.a(lib_a-reallocr.o)
                0x000000004000aeac                _realloc_r
 .text          0x000000004000b3b8       0x90 /home/fsw/rep/tasa/lib/bcc-2.2.3-gcc/bin/../lib/gcc/sparc-gaisler-elf/10.2.0/../../../../sparc-gaisler-elf/lib/soft/libc.a(lib_a-s_frexp.o)
                0x000000004000b3b8                frexp
 .text          0x000000004000b448       0x40 /home/fsw/rep/tasa/lib/bcc-2.2.3-gcc/bin/../lib/gcc/sparc-gaisler-elf/10.2.0/../../../../sparc-gaisler-elf/lib/soft/libc.a(lib_a-sbrkr.o)
                0x000000004000b448                _sbrk_r
 .text          0x000000004000b488      0x114 /home/fsw/rep/tasa/lib/bcc-2.2.3-gcc/bin/../lib/gcc/sparc-gaisler-elf/10.2.0/../../../../sparc-gaisler-elf/lib/soft/libc.a(lib_a-stdio.o)
                0x000000004000b488                __sread
                0x000000004000b4d4                __seofread
                0x000000004000b4dc                __swrite
                0x000000004000b538                __sseek
                0x000000004000b58c                __sclose
 .text          0x000000004000b59c      0x1ac /home/fsw/rep/tasa/lib/bcc-2.2.3-gcc/bin/../lib/gcc/sparc-gaisler-elf/10.2.0/../../../../sparc-gaisler-elf/lib/soft/libc.a(lib_a-strncpy.o)
                0x000000004000b59c                strncpy
 .text          0x000000004000b748     0x1e60 /home/fsw/rep/tasa/lib/bcc-2.2.3-gcc/bin/../lib/gcc/sparc-gaisler-elf/10.2.0/../../../../sparc-gaisler-elf/lib/soft/libc.a(lib_a-vfiprintf.o)
                0x000000004000b8b4                __sprint_r
                0x000000004000b980                _vfiprintf_r
                0x000000004000d4d8                vfiprintf
 .text          0x000000004000d5a8      0x354 /home/fsw/rep/tasa/lib/bcc-2.2.3-gcc/bin/../lib/gcc/sparc-gaisler-elf/10.2.0/../../../../sparc-gaisler-elf/lib/soft/libc.a(lib_a-wbuf.o)
                0x000000004000d5a8                __swbuf_r
                0x000000004000d74c                __swbuf
 .text          0x000000004000d8fc       0x48 /home/fsw/rep/tasa/lib/bcc-2.2.3-gcc/bin/../lib/gcc/sparc-gaisler-elf/10.2.0/../../../../sparc-gaisler-elf/lib/soft/libc.a(lib_a-writer.o)
                0x000000004000d8fc                _write_r
 .text          0x000000004000d944       0xa4 /home/fsw/rep/tasa/lib/bcc-2.2.3-gcc/bin/../lib/gcc/sparc-gaisler-elf/10.2.0/../../../../sparc-gaisler-elf/lib/soft/libc.a(lib_a-callocr.o)
                0x000000004000d944                _calloc_r
 .text          0x000000004000d9e8       0x40 /home/fsw/rep/tasa/lib/bcc-2.2.3-gcc/bin/../lib/gcc/sparc-gaisler-elf/10.2.0/../../../../sparc-gaisler-elf/lib/soft/libc.a(lib_a-closer.o)
                0x000000004000d9e8                _close_r
 .text          0x000000004000da28      0x294 /home/fsw/rep/tasa/lib/bcc-2.2.3-gcc/bin/../lib/gcc/sparc-gaisler-elf/10.2.0/../../../../sparc-gaisler-elf/lib/soft/libc.a(lib_a-fclose.o)
                0x000000004000da28                _fclose_r
                0x000000004000db70                fclose
 .text          0x000000004000dcbc      0x1d4 /home/fsw/rep/tasa/lib/bcc-2.2.3-gcc/bin/../lib/gcc/sparc-gaisler-elf/10.2.0/../../../../sparc-gaisler-elf/lib/soft/libc.a(lib_a-fputwc.o)
                0x000000004000dcbc                __fputwc
                0x000000004000dda4                _fputwc_r
                0x000000004000ddd4                fputwc
 .text          0x000000004000de90       0x44 /home/fsw/rep/tasa/lib/bcc-2.2.3-gcc/bin/../lib/gcc/sparc-gaisler-elf/10.2.0/../../../../sparc-gaisler-elf/lib/soft/libc.a(lib_a-fstatr.o)
                0x000000004000de90                _fstat_r
 .text          0x000000004000ded4       0x40 /home/fsw/rep/tasa/lib/bcc-2.2.3-gcc/bin/../lib/gcc/sparc-gaisler-elf/10.2.0/../../../../sparc-gaisler-elf/lib/soft/libc.a(lib_a-isattyr.o)
                0x000000004000ded4                _isatty_r
 .text          0x000000004000df14      0x148 /home/fsw/rep/tasa/lib/bcc-2.2.3-gcc/bin/../lib/gcc/sparc-gaisler-elf/10.2.0/../../../../sparc-gaisler-elf/lib/soft/libc.a(lib_a-locale.o)
                0x000000004000df14                _setlocale_r
                0x000000004000df88                __locale_mb_cur_max
                0x000000004000dfb4                __locale_ctype_ptr_l
                0x000000004000dfbc                __locale_ctype_ptr
                0x000000004000dfe8                setlocale
 .text          0x000000004000e05c       0x48 /home/fsw/rep/tasa/lib/bcc-2.2.3-gcc/bin/../lib/gcc/sparc-gaisler-elf/10.2.0/../../../../sparc-gaisler-elf/lib/soft/libc.a(lib_a-lseekr.o)
                0x000000004000e05c                _lseek_r
 .text          0x000000004000e0a4       0xb8 /home/fsw/rep/tasa/lib/bcc-2.2.3-gcc/bin/../lib/gcc/sparc-gaisler-elf/10.2.0/../../../../sparc-gaisler-elf/lib/soft/libc.a(lib_a-mbtowc_r.o)
                0x000000004000e0a4                _mbtowc_r
                0x000000004000e108                __ascii_mbtowc
 .text          0x000000004000e15c       0x48 /home/fsw/rep/tasa/lib/bcc-2.2.3-gcc/bin/../lib/gcc/sparc-gaisler-elf/10.2.0/../../../../sparc-gaisler-elf/lib/soft/libc.a(lib_a-readr.o)
                0x000000004000e15c                _read_r
 .text          0x000000004000e1a4      0x31c /home/fsw/rep/tasa/lib/bcc-2.2.3-gcc/bin/../lib/gcc/sparc-gaisler-elf/10.2.0/../../../../sparc-gaisler-elf/lib/soft/libc.a(lib_a-reent.o)
                0x000000004000e1a4                cleanup_glue
                0x000000004000e21c                _reclaim_reent
 .text          0x000000004000e4c0       0xc0 /home/fsw/rep/tasa/lib/bcc-2.2.3-gcc/bin/../lib/gcc/sparc-gaisler-elf/10.2.0/../../../../sparc-gaisler-elf/lib/soft/libc.a(lib_a-strcmp.o)
                0x000000004000e4c0                strcmp
 .text          0x000000004000e580      0x144 /home/fsw/rep/tasa/lib/bcc-2.2.3-gcc/bin/../lib/gcc/sparc-gaisler-elf/10.2.0/../../../../sparc-gaisler-elf/lib/soft/libc.a(lib_a-wcrtomb.o)
                0x000000004000e580                _wcrtomb_r
                0x000000004000e624                wcrtomb
 .text          0x000000004000e6c4       0x9c /home/fsw/rep/tasa/lib/bcc-2.2.3-gcc/bin/../lib/gcc/sparc-gaisler-elf/10.2.0/../../../../sparc-gaisler-elf/lib/soft/libc.a(lib_a-wctomb_r.o)
                0x000000004000e6c4                _wctomb_r
                0x000000004000e720                __ascii_wctomb
 .text          0x000000004000e760        0x0 /home/fsw/rep/tasa/lib/bcc-2.2.3-gcc/bin/../lib/gcc/sparc-gaisler-elf/10.2.0/../../../../sparc-gaisler-elf/lib/soft/libc.a(lib_a-ctype_.o)
 .text          0x000000004000e760       0x10 /home/fsw/rep/tasa/lib/bcc-2.2.3-gcc/bin/../sparc-gaisler-elf/bsp/leon3/soft/libbcc.a(_exit.S.o)
                0x000000004000e760                _exit
 .text          0x000000004000e770       0x4c /home/fsw/rep/tasa/lib/bcc-2.2.3-gcc/bin/../sparc-gaisler-elf/bsp/leon3/soft/libbcc.a(read.c.o)
                0x000000004000e770                read
 .text          0x000000004000e7bc       0xb0 /home/fsw/rep/tasa/lib/bcc-2.2.3-gcc/bin/../sparc-gaisler-elf/bsp/leon3/soft/libbcc.a(sbrk.c.o)
                0x000000004000e7bc                sbrk
 .text          0x000000004000e86c        0x0 /home/fsw/rep/tasa/lib/bcc-2.2.3-gcc/bin/../sparc-gaisler-elf/bsp/leon3/soft/libbcc.a(heap.c.o)
 .text          0x000000004000e86c       0x64 /home/fsw/rep/tasa/lib/bcc-2.2.3-gcc/bin/../sparc-gaisler-elf/bsp/leon3/soft/libbcc.a(write.c.o)
                0x000000004000e86c                write
 .text          0x000000004000e8d0       0x20 /home/fsw/rep/tasa/lib/bcc-2.2.3-gcc/bin/../sparc-gaisler-elf/bsp/leon3/soft/libbcc.a(stubs.S.o)
                0x000000004000e8d0                execve
                0x000000004000e8d0                lseek
                0x000000004000e8d0                fstat
                0x000000004000e8d0                kill
                0x000000004000e8d0                wait
                0x000000004000e8d0                unlink
                0x000000004000e8d0                fork
                0x000000004000e8d0                stat
                0x000000004000e8d0                link
                0x000000004000e8d0                open
                0x000000004000e8d0                close
                0x000000004000e8e8                getpid
                0x000000004000e8e8                isatty
 .text          0x000000004000e8f0       0xc4 /home/fsw/rep/tasa/lib/bcc-2.2.3-gcc/bin/../sparc-gaisler-elf/bsp/leon3/soft/libbcc.a(con_apbuart.c.o)
                0x000000004000e8f0                __bcc_con_outbyte
                0x000000004000e980                __bcc_con_inbyte
 .text          0x000000004000e9b4       0xe8 /home/fsw/rep/tasa/lib/bcc-2.2.3-gcc/bin/../lib/gcc/sparc-gaisler-elf/10.2.0/soft/libgcc.a(_mulsi3.o)
                0x000000004000e9b4                .umul
 .text          0x000000004000ea9c      0x2b0 /home/fsw/rep/tasa/lib/bcc-2.2.3-gcc/bin/../lib/gcc/sparc-gaisler-elf/10.2.0/soft/libgcc.a(_divsi3.o)
                0x000000004000ea9c                .udiv
                0x000000004000eaa4                .div
 .text          0x000000004000ed4c      0x2b0 /home/fsw/rep/tasa/lib/bcc-2.2.3-gcc/bin/../lib/gcc/sparc-gaisler-elf/10.2.0/soft/libgcc.a(_modsi3.o)
                0x000000004000ed4c                .urem
                0x000000004000ed54                .rem
 .text          0x000000004000effc      0x354 /home/fsw/rep/tasa/lib/bcc-2.2.3-gcc/bin/../lib/gcc/sparc-gaisler-elf/10.2.0/soft/libgcc.a(_udivdi3.o)
                0x000000004000effc                __udivdi3
 .text          0x000000004000f350      0x370 /home/fsw/rep/tasa/lib/bcc-2.2.3-gcc/bin/../lib/gcc/sparc-gaisler-elf/10.2.0/soft/libgcc.a(_umoddi3.o)
                0x000000004000f350                __umoddi3
 .text          0x000000004000f6c0      0x73c /home/fsw/rep/tasa/lib/bcc-2.2.3-gcc/bin/../lib/gcc/sparc-gaisler-elf/10.2.0/soft/libgcc.a(_addsub_df.o)
                0x000000004000f6c0                __adddf3
                0x000000004000fa60                __subdf3
 .text          0x000000004000fdfc      0x320 /home/fsw/rep/tasa/lib/bcc-2.2.3-gcc/bin/../lib/gcc/sparc-gaisler-elf/10.2.0/soft/libgcc.a(_mul_df.o)
                0x000000004000fdfc                __muldf3
 .text          0x000000004001011c      0x1fc /home/fsw/rep/tasa/lib/bcc-2.2.3-gcc/bin/../lib/gcc/sparc-gaisler-elf/10.2.0/soft/libgcc.a(_div_df.o)
                0x000000004001011c                __divdf3
 .text          0x0000000040010318       0x58 /home/fsw/rep/tasa/lib/bcc-2.2.3-gcc/bin/../lib/gcc/sparc-gaisler-elf/10.2.0/soft/libgcc.a(_eq_df.o)
                0x0000000040010318                __eqdf2
 .text          0x0000000040010370       0x58 /home/fsw/rep/tasa/lib/bcc-2.2.3-gcc/bin/../lib/gcc/sparc-gaisler-elf/10.2.0/soft/libgcc.a(_ne_df.o)
                0x0000000040010370                __nedf2
 .text          0x00000000400103c8       0x58 /home/fsw/rep/tasa/lib/bcc-2.2.3-gcc/bin/../lib/gcc/sparc-gaisler-elf/10.2.0/soft/libgcc.a(_gt_df.o)
                0x00000000400103c8                __gtdf2
 .text          0x0000000040010420       0x58 /home/fsw/rep/tasa/lib/bcc-2.2.3-gcc/bin/../lib/gcc/sparc-gaisler-elf/10.2.0/soft/libgcc.a(_lt_df.o)
                0x0000000040010420                __ltdf2
 .text          0x0000000040010478       0x58 /home/fsw/rep/tasa/lib/bcc-2.2.3-gcc/bin/../lib/gcc/sparc-gaisler-elf/10.2.0/soft/libgcc.a(_le_df.o)
                0x0000000040010478                __ledf2
 .text          0x00000000400104d0       0x4c /home/fsw/rep/tasa/lib/bcc-2.2.3-gcc/bin/../lib/gcc/sparc-gaisler-elf/10.2.0/soft/libgcc.a(_unord_df.o)
                0x00000000400104d0                __unorddf2
 .text          0x000000004001051c       0xd0 /home/fsw/rep/tasa/lib/bcc-2.2.3-gcc/bin/../lib/gcc/sparc-gaisler-elf/10.2.0/soft/libgcc.a(_si_to_df.o)
                0x000000004001051c                __floatsidf
 .text          0x00000000400105ec       0xcc /home/fsw/rep/tasa/lib/bcc-2.2.3-gcc/bin/../lib/gcc/sparc-gaisler-elf/10.2.0/soft/libgcc.a(_df_to_si.o)
                0x00000000400105ec                __fixdfsi
 .text          0x00000000400106b8        0x0 /home/fsw/rep/tasa/lib/bcc-2.2.3-gcc/bin/../lib/gcc/sparc-gaisler-elf/10.2.0/soft/libgcc.a(_thenan_df.o)
 .text          0x00000000400106b8       0x78 /home/fsw/rep/tasa/lib/bcc-2.2.3-gcc/bin/../lib/gcc/sparc-gaisler-elf/10.2.0/soft/libgcc.a(_usi_to_df.o)
                0x00000000400106b8                __floatunsidf
 .text          0x0000000040010730       0xc4 /home/fsw/rep/tasa/lib/bcc-2.2.3-gcc/bin/../lib/gcc/sparc-gaisler-elf/10.2.0/soft/libgcc.a(_muldi3.o)
                0x0000000040010730                __muldi3
 .text          0x00000000400107f4        0x0 /home/fsw/rep/tasa/lib/bcc-2.2.3-gcc/bin/../lib/gcc/sparc-gaisler-elf/10.2.0/soft/libgcc.a(_clz.o)
 .text          0x00000000400107f4       0x94 /home/fsw/rep/tasa/lib/bcc-2.2.3-gcc/bin/../lib/gcc/sparc-gaisler-elf/10.2.0/soft/libgcc.a(_clzsi2.o)
                0x00000000400107f4                __clzsi2
 .text          0x0000000040010888      0x244 /home/fsw/rep/tasa/lib/bcc-2.2.3-gcc/bin/../lib/gcc/sparc-gaisler-elf/10.2.0/soft/libgcc.a(_pack_df.o)
                0x0000000040010888                __pack_d
 .text          0x0000000040010acc      0x10c /home/fsw/rep/tasa/lib/bcc-2.2.3-gcc/bin/../lib/gcc/sparc-gaisler-elf/10.2.0/soft/libgcc.a(_unpack_df.o)
                0x0000000040010acc                __unpack_d
 .text          0x0000000040010bd8      0x158 /home/fsw/rep/tasa/lib/bcc-2.2.3-gcc/bin/../lib/gcc/sparc-gaisler-elf/10.2.0/soft/libgcc.a(_fpcmp_parts_df.o)
                0x0000000040010bd8                __fpcmp_parts_d
 .text          0x0000000040010d30       0x48 /home/fsw/rep/tasa/lib/bcc-2.2.3-gcc/bin/../lib/gcc/sparc-gaisler-elf/10.2.0/soft/crtend.o
 .text          0x0000000040010d78        0x0 /home/fsw/rep/tasa/lib/bcc-2.2.3-gcc/bin/../lib/gcc/sparc-gaisler-elf/10.2.0/soft/crtn.o
                0x0000000040010d80                . = ALIGN (0x10)
 *fill*         0x0000000040010d78        0x8 
 *(.eh_frame)
 .eh_frame      0x0000000040010d80        0x0 /home/fsw/rep/tasa/lib/bcc-2.2.3-gcc/bin/../lib/gcc/sparc-gaisler-elf/10.2.0/soft/crtbegin.o
 .eh_frame      0x0000000040010d80       0x2c /home/fsw/rep/tasa/lib/bcc-2.2.3-gcc/bin/../lib/gcc/sparc-gaisler-elf/10.2.0/soft/libgcc.a(_udivdi3.o)
 .eh_frame      0x0000000040010dac       0x2c /home/fsw/rep/tasa/lib/bcc-2.2.3-gcc/bin/../lib/gcc/sparc-gaisler-elf/10.2.0/soft/libgcc.a(_umoddi3.o)
 .eh_frame      0x0000000040010dd8        0x4 /home/fsw/rep/tasa/lib/bcc-2.2.3-gcc/bin/../lib/gcc/sparc-gaisler-elf/10.2.0/soft/crtend.o
                0x0000000040010de0                . = ALIGN (0x10)
 *fill*         0x0000000040010ddc        0x4 
 *(.gnu.linkonce.t*)
                0x0000000040010de0                ___CTOR_LIST__ = .
                0x0000000040010de0        0x4 LONG 0x2 (((___CTOR_END__ - ___CTOR_LIST__) / 0x4) - 0x2)
 *(SORT_BY_NAME(.ctors.*))
 *(.ctors)
 .ctors         0x0000000040010de4        0x4 /home/fsw/rep/tasa/lib/bcc-2.2.3-gcc/bin/../lib/gcc/sparc-gaisler-elf/10.2.0/soft/crtbegin.o
 .ctors         0x0000000040010de8        0x4 /home/fsw/rep/tasa/lib/bcc-2.2.3-gcc/bin/../lib/gcc/sparc-gaisler-elf/10.2.0/soft/crtend.o
                0x0000000040010dec        0x4 LONG 0x0
                0x0000000040010df0                ___CTOR_END__ = .
                0x0000000040010df0                ___DTOR_LIST__ = .
                0x0000000040010df0        0x4 LONG 0x2 (((___DTOR_END__ - ___DTOR_LIST__) / 0x4) - 0x2)
 *(SORT_BY_NAME(.dtors.*))
 *(.dtors)
 .dtors         0x0000000040010df4        0x4 /home/fsw/rep/tasa/lib/bcc-2.2.3-gcc/bin/../lib/gcc/sparc-gaisler-elf/10.2.0/soft/crtbegin.o
 .dtors         0x0000000040010df8        0x4 /home/fsw/rep/tasa/lib/bcc-2.2.3-gcc/bin/../lib/gcc/sparc-gaisler-elf/10.2.0/soft/crtend.o
                0x0000000040010df8                __DTOR_END__
                0x0000000040010dfc        0x4 LONG 0x0
                0x0000000040010e00                ___DTOR_END__ = .
 *(.gnu.linkonce*)
 *(.init)
 .init          0x0000000040010e00        0x4 /home/fsw/rep/tasa/lib/bcc-2.2.3-gcc/bin/../lib/gcc/sparc-gaisler-elf/10.2.0/soft/crti.o
                0x0000000040010e00                _init
 .init          0x0000000040010e04        0x8 /home/fsw/rep/tasa/lib/bcc-2.2.3-gcc/bin/../lib/gcc/sparc-gaisler-elf/10.2.0/soft/crtbegin.o
 .init          0x0000000040010e0c        0x8 /home/fsw/rep/tasa/lib/bcc-2.2.3-gcc/bin/../lib/gcc/sparc-gaisler-elf/10.2.0/soft/crtend.o
 .init          0x0000000040010e14        0xc /home/fsw/rep/tasa/lib/bcc-2.2.3-gcc/bin/../lib/gcc/sparc-gaisler-elf/10.2.0/soft/crtn.o
 *(.fini)
 .fini          0x0000000040010e20        0x4 /home/fsw/rep/tasa/lib/bcc-2.2.3-gcc/bin/../lib/gcc/sparc-gaisler-elf/10.2.0/soft/crti.o
                0x0000000040010e20                _fini
 .fini          0x0000000040010e24        0x8 /home/fsw/rep/tasa/lib/bcc-2.2.3-gcc/bin/../lib/gcc/sparc-gaisler-elf/10.2.0/soft/crtbegin.o
 .fini          0x0000000040010e2c        0xc /home/fsw/rep/tasa/lib/bcc-2.2.3-gcc/bin/../lib/gcc/sparc-gaisler-elf/10.2.0/soft/crtn.o
 *(.lit)
 *(.shdata)
                0x0000000040010e40                . = ALIGN (0x10)
 *fill*         0x0000000040010e38        0x8 
                0x0000000040010e40                __text_end = .

.gcc_except_table
 *(.gcc_except_table.*)

.rodata         0x0000000040010e40      0x6f0
                0x0000000040010e40                __rodata_start = .
 *(.rodata*)
 .rodata.str1.8
                0x0000000040010e40       0xcf /tmp/ccgYfuIp.o
 *fill*         0x0000000040010f0f        0x1 
 .rodata        0x0000000040010f10        0x5 /tmp/ccgYfuIp.o
 *fill*         0x0000000040010f15        0x3 
 .rodata        0x0000000040010f18        0x4 /home/fsw/rep/tasa/lib/bcc-2.2.3-gcc/bin/../lib/gcc/sparc-gaisler-elf/10.2.0/../../../../sparc-gaisler-elf/lib/soft/libc.a(lib_a-impure.o)
                0x0000000040010f18                _global_impure_ptr
 *fill*         0x0000000040010f1c        0x4 
 .rodata.str1.8
                0x0000000040010f20        0x2 /home/fsw/rep/tasa/lib/bcc-2.2.3-gcc/bin/../lib/gcc/sparc-gaisler-elf/10.2.0/../../../../sparc-gaisler-elf/lib/soft/libc.a(lib_a-puts.o)
 *fill*         0x0000000040010f22        0x6 
 .rodata.str1.8
                0x0000000040010f28       0x5a /home/fsw/rep/tasa/lib/bcc-2.2.3-gcc/bin/../lib/gcc/sparc-gaisler-elf/10.2.0/../../../../sparc-gaisler-elf/lib/soft/libc.a(lib_a-vfprintf.o)
 *fill*         0x0000000040010f82        0x6 
 .rodata.cst8   0x0000000040010f88        0x8 /home/fsw/rep/tasa/lib/bcc-2.2.3-gcc/bin/../lib/gcc/sparc-gaisler-elf/10.2.0/../../../../sparc-gaisler-elf/lib/soft/libc.a(lib_a-vfprintf.o)
 .rodata        0x0000000040010f90       0x20 /home/fsw/rep/tasa/lib/bcc-2.2.3-gcc/bin/../lib/gcc/sparc-gaisler-elf/10.2.0/../../../../sparc-gaisler-elf/lib/soft/libc.a(lib_a-vfprintf.o)
 .rodata.str1.8
                0x0000000040010fb0       0x14 /home/fsw/rep/tasa/lib/bcc-2.2.3-gcc/bin/../lib/gcc/sparc-gaisler-elf/10.2.0/../../../../sparc-gaisler-elf/lib/soft/libc.a(lib_a-dtoa.o)
                                         0x1a (size before relaxing)
 .rodata.cst8   0x0000000040010fc4        0x8 /home/fsw/rep/tasa/lib/bcc-2.2.3-gcc/bin/../lib/gcc/sparc-gaisler-elf/10.2.0/../../../../sparc-gaisler-elf/lib/soft/libc.a(lib_a-dtoa.o)
 .rodata        0x0000000040010fc4       0x60 /home/fsw/rep/tasa/lib/bcc-2.2.3-gcc/bin/../lib/gcc/sparc-gaisler-elf/10.2.0/../../../../sparc-gaisler-elf/lib/soft/libc.a(lib_a-findfp.o)
                0x0000000040010fc4                __sf_fake_stderr
                0x0000000040010fe4                __sf_fake_stdout
                0x0000000040011004                __sf_fake_stdin
 *fill*         0x0000000040011024        0x4 
 .rodata        0x0000000040011028      0x128 /home/fsw/rep/tasa/lib/bcc-2.2.3-gcc/bin/../lib/gcc/sparc-gaisler-elf/10.2.0/../../../../sparc-gaisler-elf/lib/soft/libc.a(lib_a-mprec.o)
                0x0000000040011038                __mprec_tinytens
                0x0000000040011060                __mprec_bigtens
                0x0000000040011088                __mprec_tens
 .rodata.str1.8
                0x0000000040011150       0x37 /home/fsw/rep/tasa/lib/bcc-2.2.3-gcc/bin/../lib/gcc/sparc-gaisler-elf/10.2.0/../../../../sparc-gaisler-elf/lib/soft/libc.a(lib_a-vfiprintf.o)
 .rodata        0x0000000040011150       0x20 /home/fsw/rep/tasa/lib/bcc-2.2.3-gcc/bin/../lib/gcc/sparc-gaisler-elf/10.2.0/../../../../sparc-gaisler-elf/lib/soft/libc.a(lib_a-vfiprintf.o)
 .rodata.str1.8
                0x0000000040011170       0x12 /home/fsw/rep/tasa/lib/bcc-2.2.3-gcc/bin/../lib/gcc/sparc-gaisler-elf/10.2.0/../../../../sparc-gaisler-elf/lib/soft/libc.a(lib_a-locale.o)
                                         0x1a (size before relaxing)
 *fill*         0x0000000040011182        0x6 
 .rodata        0x0000000040011188      0x288 /home/fsw/rep/tasa/lib/bcc-2.2.3-gcc/bin/../lib/gcc/sparc-gaisler-elf/10.2.0/../../../../sparc-gaisler-elf/lib/soft/libc.a(lib_a-ctype_.o)
                0x0000000040011188                _ctype_
                0x0000000040011290                _ctype_b
 .rodata        0x0000000040011410       0x18 /home/fsw/rep/tasa/lib/bcc-2.2.3-gcc/bin/../lib/gcc/sparc-gaisler-elf/10.2.0/soft/libgcc.a(_thenan_df.o)
                0x0000000040011410                __thenan_df
 .rodata        0x0000000040011428      0x100 /home/fsw/rep/tasa/lib/bcc-2.2.3-gcc/bin/../lib/gcc/sparc-gaisler-elf/10.2.0/soft/libgcc.a(_clz.o)
                0x0000000040011428                __clz_tab
 *(.gnu.linkonce.r*)
                0x0000000040011530                . = ALIGN (0x10)
 *fill*         0x0000000040011528        0x8 
                0x0000000040011530                __rodata_end = .

.rela.dyn       0x0000000040011530        0x0
 .rela.iplt     0x0000000040011530        0x0 /home/fsw/rep/tasa/lib/bcc-2.2.3-gcc/bin/../sparc-gaisler-elf/bsp/leon3/soft/trap_table_mvt.S.o
 .rela.text.traptable
                0x0000000040011530        0x0 /home/fsw/rep/tasa/lib/bcc-2.2.3-gcc/bin/../sparc-gaisler-elf/bsp/leon3/soft/trap_table_mvt.S.o
 .rela.text     0x0000000040011530        0x0 /home/fsw/rep/tasa/lib/bcc-2.2.3-gcc/bin/../sparc-gaisler-elf/bsp/leon3/soft/trap_table_mvt.S.o

.ext.data       0x0000000040011530        0x0
                0x0000000040011530                . = ALIGN (0x8)
                0x0000000040011530                __extdata_start = .
 *(.data.ext)
                0x0000000040011530                . = ALIGN (0x8)
                0x0000000040011530                __extdata_end = .
                0x0000000040011530                __extdata_start_lma = LOADADDR (.ext.data)
                0x0000000000000000                __extdata_size = SIZEOF (.ext.data)

.data           0x0000000040011530      0x610
                0x0000000040011530                . = ALIGN (0x8)
                0x0000000040011530                __data_start = .
 *(.data .data.*)
 .data          0x0000000040011530        0x0 /home/fsw/rep/tasa/lib/bcc-2.2.3-gcc/bin/../sparc-gaisler-elf/bsp/leon3/soft/trap_table_mvt.S.o
 .data          0x0000000040011530        0x0 /home/fsw/rep/tasa/lib/bcc-2.2.3-gcc/bin/../sparc-gaisler-elf/bsp/leon3/soft/crt0.S.o
 .data          0x0000000040011530        0x0 /home/fsw/rep/tasa/lib/bcc-2.2.3-gcc/bin/../lib/gcc/sparc-gaisler-elf/10.2.0/soft/crti.o
 .data          0x0000000040011530        0x4 /home/fsw/rep/tasa/lib/bcc-2.2.3-gcc/bin/../lib/gcc/sparc-gaisler-elf/10.2.0/soft/crtbegin.o
                0x0000000040011530                __dso_handle
 .data          0x0000000040011534        0x0 /tmp/ccgYfuIp.o
 .data          0x0000000040011534        0x0 /home/fsw/rep/tasa/lib/bcc-2.2.3-gcc/bin/../sparc-gaisler-elf/bsp/leon3/soft/libbcc.a(reset_trap_mvt.S.o)
 .data          0x0000000040011534        0x0 /home/fsw/rep/tasa/lib/bcc-2.2.3-gcc/bin/../sparc-gaisler-elf/bsp/leon3/soft/libbcc.a(window_trap.S.o)
 .data          0x0000000040011534        0x0 /home/fsw/rep/tasa/lib/bcc-2.2.3-gcc/bin/../sparc-gaisler-elf/bsp/leon3/soft/libbcc.a(interrupt_trap.S.o)
 .data          0x0000000040011534        0x0 /home/fsw/rep/tasa/lib/bcc-2.2.3-gcc/bin/../sparc-gaisler-elf/bsp/leon3/soft/libbcc.a(flush_windows_trap.S.o)
 .data          0x0000000040011534        0x0 /home/fsw/rep/tasa/lib/bcc-2.2.3-gcc/bin/../sparc-gaisler-elf/bsp/leon3/soft/libbcc.a(sw_trap_set_pil.S.o)
 .data          0x0000000040011534        0x0 /home/fsw/rep/tasa/lib/bcc-2.2.3-gcc/bin/../sparc-gaisler-elf/bsp/leon3/soft/libbcc.a(isr.c.o)
 *fill*         0x0000000040011534        0x4 
 .data          0x0000000040011538       0x10 /home/fsw/rep/tasa/lib/bcc-2.2.3-gcc/bin/../sparc-gaisler-elf/bsp/leon3/soft/libbcc.a(int_nest.c.o)
                0x0000000040011538                __bcc_int_nest
 .data          0x0000000040011548        0x0 /home/fsw/rep/tasa/lib/bcc-2.2.3-gcc/bin/../sparc-gaisler-elf/bsp/leon3/soft/libbcc.a(init.S.o)
 .data          0x0000000040011548       0x10 /home/fsw/rep/tasa/lib/bcc-2.2.3-gcc/bin/../sparc-gaisler-elf/bsp/leon3/soft/libbcc.a(leon_info.S.o)
                0x0000000040011548                __bcc_leon_version
                0x000000004001154c                __bcc_nwindows_min1
                0x0000000040011550                __bcc_nwindows
                0x0000000040011554                __bcc_cpuid
 .data          0x0000000040011558        0x0 /home/fsw/rep/tasa/lib/bcc-2.2.3-gcc/bin/../sparc-gaisler-elf/bsp/leon3/soft/libbcc.a(dwzero.S.o)
 .data          0x0000000040011558        0x0 /home/fsw/rep/tasa/lib/bcc-2.2.3-gcc/bin/../sparc-gaisler-elf/bsp/leon3/soft/libbcc.a(copy_data.c.o)
 .data          0x0000000040011558        0x4 /home/fsw/rep/tasa/lib/bcc-2.2.3-gcc/bin/../sparc-gaisler-elf/bsp/leon3/soft/libbcc.a(argv.c.o)
                0x0000000040011558                __bcc_argvp
 .data          0x000000004001155c        0x0 /home/fsw/rep/tasa/lib/bcc-2.2.3-gcc/bin/../sparc-gaisler-elf/bsp/leon3/soft/libbcc.a(int_irqmp_get_source.c.o)
 .data          0x000000004001155c        0x0 /home/fsw/rep/tasa/lib/bcc-2.2.3-gcc/bin/../sparc-gaisler-elf/bsp/leon3/soft/libbcc.a(int_irqmp_mp.c.o)
 .data          0x000000004001155c        0x0 /home/fsw/rep/tasa/lib/bcc-2.2.3-gcc/bin/../sparc-gaisler-elf/bsp/leon3/soft/libbcc.a(int_irqmp_init.c.o)
 .data          0x000000004001155c        0x0 /home/fsw/rep/tasa/lib/bcc-2.2.3-gcc/bin/../sparc-gaisler-elf/bsp/leon3/soft/libbcc.a(con_apbuart_init.c.o)
 .data          0x000000004001155c        0x0 /home/fsw/rep/tasa/lib/bcc-2.2.3-gcc/bin/../sparc-gaisler-elf/bsp/leon3/soft/libbcc.a(timer_gptimer_init.c.o)
 .data          0x000000004001155c        0x0 /home/fsw/rep/tasa/lib/bcc-2.2.3-gcc/bin/../sparc-gaisler-elf/bsp/leon3/soft/libbcc.a(ambapp.c.o)
 .data          0x000000004001155c        0x0 /home/fsw/rep/tasa/lib/bcc-2.2.3-gcc/bin/../sparc-gaisler-elf/bsp/leon3/soft/libbcc.a(ambapp_findfirst_fn.c.o)
 .data          0x000000004001155c        0x0 /home/fsw/rep/tasa/lib/bcc-2.2.3-gcc/bin/../sparc-gaisler-elf/bsp/leon3/soft/libbcc.a(int_irqmp_handle.c.o)
 .data          0x000000004001155c        0x0 /home/fsw/rep/tasa/lib/bcc-2.2.3-gcc/bin/../sparc-gaisler-elf/bsp/leon3/soft/libbcc.a(con_handle.c.o)
 .data          0x000000004001155c        0x0 /home/fsw/rep/tasa/lib/bcc-2.2.3-gcc/bin/../sparc-gaisler-elf/bsp/leon3/soft/libbcc.a(timer_handle.c.o)
 .data          0x000000004001155c        0x0 /home/fsw/rep/tasa/lib/bcc-2.2.3-gcc/bin/../lib/gcc/sparc-gaisler-elf/10.2.0/../../../../sparc-gaisler-elf/lib/soft/libc.a(lib_a-atexit.o)
 .data          0x000000004001155c        0x0 /home/fsw/rep/tasa/lib/bcc-2.2.3-gcc/bin/../lib/gcc/sparc-gaisler-elf/10.2.0/../../../../sparc-gaisler-elf/lib/soft/libc.a(lib_a-exit.o)
 .data          0x000000004001155c       0x64 /home/fsw/rep/tasa/lib/bcc-2.2.3-gcc/bin/../lib/gcc/sparc-gaisler-elf/10.2.0/../../../../sparc-gaisler-elf/lib/soft/libc.a(lib_a-impure.o)
                0x000000004001155c                _impure_ptr
 .data          0x00000000400115c0        0x0 /home/fsw/rep/tasa/lib/bcc-2.2.3-gcc/bin/../lib/gcc/sparc-gaisler-elf/10.2.0/../../../../sparc-gaisler-elf/lib/soft/libc.a(lib_a-memcpy.o)
 .data          0x00000000400115c0        0x0 /home/fsw/rep/tasa/lib/bcc-2.2.3-gcc/bin/../lib/gcc/sparc-gaisler-elf/10.2.0/../../../../sparc-gaisler-elf/lib/soft/libc.a(lib_a-printf.o)
 .data          0x00000000400115c0        0x0 /home/fsw/rep/tasa/lib/bcc-2.2.3-gcc/bin/../lib/gcc/sparc-gaisler-elf/10.2.0/../../../../sparc-gaisler-elf/lib/soft/libc.a(lib_a-putchar.o)
 .data          0x00000000400115c0        0x0 /home/fsw/rep/tasa/lib/bcc-2.2.3-gcc/bin/../lib/gcc/sparc-gaisler-elf/10.2.0/../../../../sparc-gaisler-elf/lib/soft/libc.a(lib_a-puts.o)
 .data          0x00000000400115c0        0x0 /home/fsw/rep/tasa/lib/bcc-2.2.3-gcc/bin/../lib/gcc/sparc-gaisler-elf/10.2.0/../../../../sparc-gaisler-elf/lib/soft/libc.a(lib_a-strlen.o)
 .data          0x00000000400115c0        0x0 /home/fsw/rep/tasa/lib/bcc-2.2.3-gcc/bin/../lib/gcc/sparc-gaisler-elf/10.2.0/../../../../sparc-gaisler-elf/lib/soft/libc.a(lib_a-vfprintf.o)
 .data          0x00000000400115c0        0x0 /home/fsw/rep/tasa/lib/bcc-2.2.3-gcc/bin/../lib/gcc/sparc-gaisler-elf/10.2.0/../../../../sparc-gaisler-elf/lib/soft/libc.a(lib_a-wsetup.o)
 .data          0x00000000400115c0        0x0 /home/fsw/rep/tasa/lib/bcc-2.2.3-gcc/bin/../lib/gcc/sparc-gaisler-elf/10.2.0/../../../../sparc-gaisler-elf/lib/soft/libc.a(lib_a-__atexit.o)
 .data          0x00000000400115c0        0x0 /home/fsw/rep/tasa/lib/bcc-2.2.3-gcc/bin/../lib/gcc/sparc-gaisler-elf/10.2.0/../../../../sparc-gaisler-elf/lib/soft/libc.a(lib_a-__call_atexit.o)
 .data          0x00000000400115c0        0x0 /home/fsw/rep/tasa/lib/bcc-2.2.3-gcc/bin/../lib/gcc/sparc-gaisler-elf/10.2.0/../../../../sparc-gaisler-elf/lib/soft/libc.a(lib_a-dtoa.o)
 .data          0x00000000400115c0        0x0 /home/fsw/rep/tasa/lib/bcc-2.2.3-gcc/bin/../lib/gcc/sparc-gaisler-elf/10.2.0/../../../../sparc-gaisler-elf/lib/soft/libc.a(lib_a-fflush.o)
 .data          0x00000000400115c0        0x0 /home/fsw/rep/tasa/lib/bcc-2.2.3-gcc/bin/../lib/gcc/sparc-gaisler-elf/10.2.0/../../../../sparc-gaisler-elf/lib/soft/libc.a(lib_a-findfp.o)
 .data          0x00000000400115c0        0x0 /home/fsw/rep/tasa/lib/bcc-2.2.3-gcc/bin/../lib/gcc/sparc-gaisler-elf/10.2.0/../../../../sparc-gaisler-elf/lib/soft/libc.a(lib_a-freer.o)
 .data          0x00000000400115c0        0x0 /home/fsw/rep/tasa/lib/bcc-2.2.3-gcc/bin/../lib/gcc/sparc-gaisler-elf/10.2.0/../../../../sparc-gaisler-elf/lib/soft/libc.a(lib_a-fvwrite.o)
 .data          0x00000000400115c0        0x0 /home/fsw/rep/tasa/lib/bcc-2.2.3-gcc/bin/../lib/gcc/sparc-gaisler-elf/10.2.0/../../../../sparc-gaisler-elf/lib/soft/libc.a(lib_a-fwalk.o)
 .data          0x00000000400115c0        0x0 /home/fsw/rep/tasa/lib/bcc-2.2.3-gcc/bin/../lib/gcc/sparc-gaisler-elf/10.2.0/../../../../sparc-gaisler-elf/lib/soft/libc.a(lib_a-localeconv.o)
 .data          0x00000000400115c0        0x0 /home/fsw/rep/tasa/lib/bcc-2.2.3-gcc/bin/../lib/gcc/sparc-gaisler-elf/10.2.0/../../../../sparc-gaisler-elf/lib/soft/libc.a(lib_a-makebuf.o)
 .data          0x00000000400115c0        0x0 /home/fsw/rep/tasa/lib/bcc-2.2.3-gcc/bin/../lib/gcc/sparc-gaisler-elf/10.2.0/../../../../sparc-gaisler-elf/lib/soft/libc.a(lib_a-malloc.o)
 .data          0x00000000400115c0      0x410 /home/fsw/rep/tasa/lib/bcc-2.2.3-gcc/bin/../lib/gcc/sparc-gaisler-elf/10.2.0/../../../../sparc-gaisler-elf/lib/soft/libc.a(lib_a-mallocr.o)
                0x00000000400115c0                __malloc_sbrk_base
                0x00000000400115c4                __malloc_trim_threshold
                0x00000000400115c8                __malloc_av_
 .data          0x00000000400119d0        0x0 /home/fsw/rep/tasa/lib/bcc-2.2.3-gcc/bin/../lib/gcc/sparc-gaisler-elf/10.2.0/../../../../sparc-gaisler-elf/lib/soft/libc.a(lib_a-memchr.o)
 .data          0x00000000400119d0        0x0 /home/fsw/rep/tasa/lib/bcc-2.2.3-gcc/bin/../lib/gcc/sparc-gaisler-elf/10.2.0/../../../../sparc-gaisler-elf/lib/soft/libc.a(lib_a-memmove.o)
 .data          0x00000000400119d0        0x0 /home/fsw/rep/tasa/lib/bcc-2.2.3-gcc/bin/../lib/gcc/sparc-gaisler-elf/10.2.0/../../../../sparc-gaisler-elf/lib/soft/libc.a(lib_a-memset.o)
 .data          0x00000000400119d0        0x0 /home/fsw/rep/tasa/lib/bcc-2.2.3-gcc/bin/../lib/gcc/sparc-gaisler-elf/10.2.0/../../../../sparc-gaisler-elf/lib/soft/libc.a(lib_a-mlock.o)
 .data          0x00000000400119d0        0x0 /home/fsw/rep/tasa/lib/bcc-2.2.3-gcc/bin/../lib/gcc/sparc-gaisler-elf/10.2.0/../../../../sparc-gaisler-elf/lib/soft/libc.a(lib_a-mprec.o)
 .data          0x00000000400119d0        0x0 /home/fsw/rep/tasa/lib/bcc-2.2.3-gcc/bin/../lib/gcc/sparc-gaisler-elf/10.2.0/../../../../sparc-gaisler-elf/lib/soft/libc.a(lib_a-putc.o)
 .data          0x00000000400119d0        0x0 /home/fsw/rep/tasa/lib/bcc-2.2.3-gcc/bin/../lib/gcc/sparc-gaisler-elf/10.2.0/../../../../sparc-gaisler-elf/lib/soft/libc.a(lib_a-reallocr.o)
 .data          0x00000000400119d0        0x0 /home/fsw/rep/tasa/lib/bcc-2.2.3-gcc/bin/../lib/gcc/sparc-gaisler-elf/10.2.0/../../../../sparc-gaisler-elf/lib/soft/libc.a(lib_a-s_frexp.o)
 .data          0x00000000400119d0        0x0 /home/fsw/rep/tasa/lib/bcc-2.2.3-gcc/bin/../lib/gcc/sparc-gaisler-elf/10.2.0/../../../../sparc-gaisler-elf/lib/soft/libc.a(lib_a-sbrkr.o)
 .data          0x00000000400119d0        0x0 /home/fsw/rep/tasa/lib/bcc-2.2.3-gcc/bin/../lib/gcc/sparc-gaisler-elf/10.2.0/../../../../sparc-gaisler-elf/lib/soft/libc.a(lib_a-stdio.o)
 .data          0x00000000400119d0        0x0 /home/fsw/rep/tasa/lib/bcc-2.2.3-gcc/bin/../lib/gcc/sparc-gaisler-elf/10.2.0/../../../../sparc-gaisler-elf/lib/soft/libc.a(lib_a-strncpy.o)
 .data          0x00000000400119d0        0x0 /home/fsw/rep/tasa/lib/bcc-2.2.3-gcc/bin/../lib/gcc/sparc-gaisler-elf/10.2.0/../../../../sparc-gaisler-elf/lib/soft/libc.a(lib_a-vfiprintf.o)
 .data          0x00000000400119d0        0x0 /home/fsw/rep/tasa/lib/bcc-2.2.3-gcc/bin/../lib/gcc/sparc-gaisler-elf/10.2.0/../../../../sparc-gaisler-elf/lib/soft/libc.a(lib_a-wbuf.o)
 .data          0x00000000400119d0        0x0 /home/fsw/rep/tasa/lib/bcc-2.2.3-gcc/bin/../lib/gcc/sparc-gaisler-elf/10.2.0/../../../../sparc-gaisler-elf/lib/soft/libc.a(lib_a-writer.o)
 .data          0x00000000400119d0        0x0 /home/fsw/rep/tasa/lib/bcc-2.2.3-gcc/bin/../lib/gcc/sparc-gaisler-elf/10.2.0/../../../../sparc-gaisler-elf/lib/soft/libc.a(lib_a-callocr.o)
 .data          0x00000000400119d0        0x0 /home/fsw/rep/tasa/lib/bcc-2.2.3-gcc/bin/../lib/gcc/sparc-gaisler-elf/10.2.0/../../../../sparc-gaisler-elf/lib/soft/libc.a(lib_a-closer.o)
 .data          0x00000000400119d0        0x0 /home/fsw/rep/tasa/lib/bcc-2.2.3-gcc/bin/../lib/gcc/sparc-gaisler-elf/10.2.0/../../../../sparc-gaisler-elf/lib/soft/libc.a(lib_a-fclose.o)
 .data          0x00000000400119d0        0x0 /home/fsw/rep/tasa/lib/bcc-2.2.3-gcc/bin/../lib/gcc/sparc-gaisler-elf/10.2.0/../../../../sparc-gaisler-elf/lib/soft/libc.a(lib_a-fputwc.o)
 .data          0x00000000400119d0        0x0 /home/fsw/rep/tasa/lib/bcc-2.2.3-gcc/bin/../lib/gcc/sparc-gaisler-elf/10.2.0/../../../../sparc-gaisler-elf/lib/soft/libc.a(lib_a-fstatr.o)
 .data          0x00000000400119d0        0x0 /home/fsw/rep/tasa/lib/bcc-2.2.3-gcc/bin/../lib/gcc/sparc-gaisler-elf/10.2.0/../../../../sparc-gaisler-elf/lib/soft/libc.a(lib_a-isattyr.o)
 .data          0x00000000400119d0      0x16c /home/fsw/rep/tasa/lib/bcc-2.2.3-gcc/bin/../lib/gcc/sparc-gaisler-elf/10.2.0/../../../../sparc-gaisler-elf/lib/soft/libc.a(lib_a-locale.o)
                0x00000000400119d0                __global_locale
 .data          0x0000000040011b3c        0x0 /home/fsw/rep/tasa/lib/bcc-2.2.3-gcc/bin/../lib/gcc/sparc-gaisler-elf/10.2.0/../../../../sparc-gaisler-elf/lib/soft/libc.a(lib_a-lseekr.o)
 .data          0x0000000040011b3c        0x0 /home/fsw/rep/tasa/lib/bcc-2.2.3-gcc/bin/../lib/gcc/sparc-gaisler-elf/10.2.0/../../../../sparc-gaisler-elf/lib/soft/libc.a(lib_a-mbtowc_r.o)
 .data          0x0000000040011b3c        0x0 /home/fsw/rep/tasa/lib/bcc-2.2.3-gcc/bin/../lib/gcc/sparc-gaisler-elf/10.2.0/../../../../sparc-gaisler-elf/lib/soft/libc.a(lib_a-readr.o)
 .data          0x0000000040011b3c        0x0 /home/fsw/rep/tasa/lib/bcc-2.2.3-gcc/bin/../lib/gcc/sparc-gaisler-elf/10.2.0/../../../../sparc-gaisler-elf/lib/soft/libc.a(lib_a-reent.o)
 .data          0x0000000040011b3c        0x0 /home/fsw/rep/tasa/lib/bcc-2.2.3-gcc/bin/../lib/gcc/sparc-gaisler-elf/10.2.0/../../../../sparc-gaisler-elf/lib/soft/libc.a(lib_a-strcmp.o)
 .data          0x0000000040011b3c        0x0 /home/fsw/rep/tasa/lib/bcc-2.2.3-gcc/bin/../lib/gcc/sparc-gaisler-elf/10.2.0/../../../../sparc-gaisler-elf/lib/soft/libc.a(lib_a-wcrtomb.o)
 .data          0x0000000040011b3c        0x0 /home/fsw/rep/tasa/lib/bcc-2.2.3-gcc/bin/../lib/gcc/sparc-gaisler-elf/10.2.0/../../../../sparc-gaisler-elf/lib/soft/libc.a(lib_a-wctomb_r.o)
 .data          0x0000000040011b3c        0x0 /home/fsw/rep/tasa/lib/bcc-2.2.3-gcc/bin/../lib/gcc/sparc-gaisler-elf/10.2.0/../../../../sparc-gaisler-elf/lib/soft/libc.a(lib_a-ctype_.o)
 .data          0x0000000040011b3c        0x0 /home/fsw/rep/tasa/lib/bcc-2.2.3-gcc/bin/../sparc-gaisler-elf/bsp/leon3/soft/libbcc.a(_exit.S.o)
 .data          0x0000000040011b3c        0x0 /home/fsw/rep/tasa/lib/bcc-2.2.3-gcc/bin/../sparc-gaisler-elf/bsp/leon3/soft/libbcc.a(read.c.o)
 .data          0x0000000040011b3c        0x0 /home/fsw/rep/tasa/lib/bcc-2.2.3-gcc/bin/../sparc-gaisler-elf/bsp/leon3/soft/libbcc.a(sbrk.c.o)
 .data          0x0000000040011b3c        0x0 /home/fsw/rep/tasa/lib/bcc-2.2.3-gcc/bin/../sparc-gaisler-elf/bsp/leon3/soft/libbcc.a(heap.c.o)
 .data          0x0000000040011b3c        0x0 /home/fsw/rep/tasa/lib/bcc-2.2.3-gcc/bin/../sparc-gaisler-elf/bsp/leon3/soft/libbcc.a(write.c.o)
 .data          0x0000000040011b3c        0x0 /home/fsw/rep/tasa/lib/bcc-2.2.3-gcc/bin/../sparc-gaisler-elf/bsp/leon3/soft/libbcc.a(stubs.S.o)
 .data          0x0000000040011b3c        0x0 /home/fsw/rep/tasa/lib/bcc-2.2.3-gcc/bin/../sparc-gaisler-elf/bsp/leon3/soft/libbcc.a(con_apbuart.c.o)
 .data          0x0000000040011b3c        0x0 /home/fsw/rep/tasa/lib/bcc-2.2.3-gcc/bin/../lib/gcc/sparc-gaisler-elf/10.2.0/soft/libgcc.a(_mulsi3.o)
 .data          0x0000000040011b3c        0x0 /home/fsw/rep/tasa/lib/bcc-2.2.3-gcc/bin/../lib/gcc/sparc-gaisler-elf/10.2.0/soft/libgcc.a(_divsi3.o)
 .data          0x0000000040011b3c        0x0 /home/fsw/rep/tasa/lib/bcc-2.2.3-gcc/bin/../lib/gcc/sparc-gaisler-elf/10.2.0/soft/libgcc.a(_modsi3.o)
 .data          0x0000000040011b3c        0x0 /home/fsw/rep/tasa/lib/bcc-2.2.3-gcc/bin/../lib/gcc/sparc-gaisler-elf/10.2.0/soft/libgcc.a(_udivdi3.o)
 .data          0x0000000040011b3c        0x0 /home/fsw/rep/tasa/lib/bcc-2.2.3-gcc/bin/../lib/gcc/sparc-gaisler-elf/10.2.0/soft/libgcc.a(_umoddi3.o)
 .data          0x0000000040011b3c        0x0 /home/fsw/rep/tasa/lib/bcc-2.2.3-gcc/bin/../lib/gcc/sparc-gaisler-elf/10.2.0/soft/libgcc.a(_addsub_df.o)
 .data          0x0000000040011b3c        0x0 /home/fsw/rep/tasa/lib/bcc-2.2.3-gcc/bin/../lib/gcc/sparc-gaisler-elf/10.2.0/soft/libgcc.a(_mul_df.o)
 .data          0x0000000040011b3c        0x0 /home/fsw/rep/tasa/lib/bcc-2.2.3-gcc/bin/../lib/gcc/sparc-gaisler-elf/10.2.0/soft/libgcc.a(_div_df.o)
 .data          0x0000000040011b3c        0x0 /home/fsw/rep/tasa/lib/bcc-2.2.3-gcc/bin/../lib/gcc/sparc-gaisler-elf/10.2.0/soft/libgcc.a(_eq_df.o)
 .data          0x0000000040011b3c        0x0 /home/fsw/rep/tasa/lib/bcc-2.2.3-gcc/bin/../lib/gcc/sparc-gaisler-elf/10.2.0/soft/libgcc.a(_ne_df.o)
 .data          0x0000000040011b3c        0x0 /home/fsw/rep/tasa/lib/bcc-2.2.3-gcc/bin/../lib/gcc/sparc-gaisler-elf/10.2.0/soft/libgcc.a(_gt_df.o)
 .data          0x0000000040011b3c        0x0 /home/fsw/rep/tasa/lib/bcc-2.2.3-gcc/bin/../lib/gcc/sparc-gaisler-elf/10.2.0/soft/libgcc.a(_lt_df.o)
 .data          0x0000000040011b3c        0x0 /home/fsw/rep/tasa/lib/bcc-2.2.3-gcc/bin/../lib/gcc/sparc-gaisler-elf/10.2.0/soft/libgcc.a(_le_df.o)
 .data          0x0000000040011b3c        0x0 /home/fsw/rep/tasa/lib/bcc-2.2.3-gcc/bin/../lib/gcc/sparc-gaisler-elf/10.2.0/soft/libgcc.a(_unord_df.o)
 .data          0x0000000040011b3c        0x0 /home/fsw/rep/tasa/lib/bcc-2.2.3-gcc/bin/../lib/gcc/sparc-gaisler-elf/10.2.0/soft/libgcc.a(_si_to_df.o)
 .data          0x0000000040011b3c        0x0 /home/fsw/rep/tasa/lib/bcc-2.2.3-gcc/bin/../lib/gcc/sparc-gaisler-elf/10.2.0/soft/libgcc.a(_df_to_si.o)
 .data          0x0000000040011b3c        0x0 /home/fsw/rep/tasa/lib/bcc-2.2.3-gcc/bin/../lib/gcc/sparc-gaisler-elf/10.2.0/soft/libgcc.a(_thenan_df.o)
 .data          0x0000000040011b3c        0x0 /home/fsw/rep/tasa/lib/bcc-2.2.3-gcc/bin/../lib/gcc/sparc-gaisler-elf/10.2.0/soft/libgcc.a(_usi_to_df.o)
 .data          0x0000000040011b3c        0x0 /home/fsw/rep/tasa/lib/bcc-2.2.3-gcc/bin/../lib/gcc/sparc-gaisler-elf/10.2.0/soft/libgcc.a(_muldi3.o)
 .data          0x0000000040011b3c        0x0 /home/fsw/rep/tasa/lib/bcc-2.2.3-gcc/bin/../lib/gcc/sparc-gaisler-elf/10.2.0/soft/libgcc.a(_clz.o)
 .data          0x0000000040011b3c        0x0 /home/fsw/rep/tasa/lib/bcc-2.2.3-gcc/bin/../lib/gcc/sparc-gaisler-elf/10.2.0/soft/libgcc.a(_clzsi2.o)
 .data          0x0000000040011b3c        0x0 /home/fsw/rep/tasa/lib/bcc-2.2.3-gcc/bin/../lib/gcc/sparc-gaisler-elf/10.2.0/soft/libgcc.a(_pack_df.o)
 .data          0x0000000040011b3c        0x0 /home/fsw/rep/tasa/lib/bcc-2.2.3-gcc/bin/../lib/gcc/sparc-gaisler-elf/10.2.0/soft/libgcc.a(_unpack_df.o)
 .data          0x0000000040011b3c        0x0 /home/fsw/rep/tasa/lib/bcc-2.2.3-gcc/bin/../lib/gcc/sparc-gaisler-elf/10.2.0/soft/libgcc.a(_fpcmp_parts_df.o)
 .data          0x0000000040011b3c        0x0 /home/fsw/rep/tasa/lib/bcc-2.2.3-gcc/bin/../lib/gcc/sparc-gaisler-elf/10.2.0/soft/crtend.o
 .data          0x0000000040011b3c        0x0 /home/fsw/rep/tasa/lib/bcc-2.2.3-gcc/bin/../lib/gcc/sparc-gaisler-elf/10.2.0/soft/crtn.o
                0x0000000040011b40                . = ALIGN (0x8)
 *fill*         0x0000000040011b3c        0x4 
                0x0000000040011b40                __data_end = .
                0x0000000040011530                __data_start_lma = LOADADDR (.data)
                0x0000000000000610                __data_size = SIZEOF (.data)

.iplt           0x0000000040011b40        0x0
 .iplt          0x0000000040011b40        0x0 /home/fsw/rep/tasa/lib/bcc-2.2.3-gcc/bin/../sparc-gaisler-elf/bsp/leon3/soft/trap_table_mvt.S.o

.tm_clone_table
                0x0000000040011b40        0x0
 .tm_clone_table
                0x0000000040011b40        0x0 /home/fsw/rep/tasa/lib/bcc-2.2.3-gcc/bin/../lib/gcc/sparc-gaisler-elf/10.2.0/soft/crtbegin.o
 .tm_clone_table
                0x0000000040011b40        0x0 /home/fsw/rep/tasa/lib/bcc-2.2.3-gcc/bin/../lib/gcc/sparc-gaisler-elf/10.2.0/soft/crtend.o

.bss            0x0000000040011b40      0x1c0
                0x0000000040011b40                . = ALIGN (0x8)
                0x0000000040011b40                __bss_start = .
 *(.bss .bss.*)
 .bss           0x0000000040011b40        0x0 /home/fsw/rep/tasa/lib/bcc-2.2.3-gcc/bin/../sparc-gaisler-elf/bsp/leon3/soft/trap_table_mvt.S.o
 .bss           0x0000000040011b40        0x4 /home/fsw/rep/tasa/lib/bcc-2.2.3-gcc/bin/../sparc-gaisler-elf/bsp/leon3/soft/crt0.S.o
                0x0000000040011b40                __bcc_sp_at_entry
 .bss           0x0000000040011b44        0x0 /home/fsw/rep/tasa/lib/bcc-2.2.3-gcc/bin/../lib/gcc/sparc-gaisler-elf/10.2.0/soft/crti.o
 .bss           0x0000000040011b44       0x20 /home/fsw/rep/tasa/lib/bcc-2.2.3-gcc/bin/../lib/gcc/sparc-gaisler-elf/10.2.0/soft/crtbegin.o
 .bss           0x0000000040011b64        0x0 /tmp/ccgYfuIp.o
 .bss           0x0000000040011b64        0x0 /home/fsw/rep/tasa/lib/bcc-2.2.3-gcc/bin/../sparc-gaisler-elf/bsp/leon3/soft/libbcc.a(reset_trap_mvt.S.o)
 .bss           0x0000000040011b64        0x0 /home/fsw/rep/tasa/lib/bcc-2.2.3-gcc/bin/../sparc-gaisler-elf/bsp/leon3/soft/libbcc.a(window_trap.S.o)
 .bss           0x0000000040011b64        0x0 /home/fsw/rep/tasa/lib/bcc-2.2.3-gcc/bin/../sparc-gaisler-elf/bsp/leon3/soft/libbcc.a(interrupt_trap.S.o)
 *fill*         0x0000000040011b64        0x4 
 .bss           0x0000000040011b68       0x14 /home/fsw/rep/tasa/lib/bcc-2.2.3-gcc/bin/../sparc-gaisler-elf/bsp/leon3/soft/libbcc.a(flush_windows_trap.S.o)
 .bss           0x0000000040011b7c        0x0 /home/fsw/rep/tasa/lib/bcc-2.2.3-gcc/bin/../sparc-gaisler-elf/bsp/leon3/soft/libbcc.a(sw_trap_set_pil.S.o)
 .bss           0x0000000040011b7c       0x80 /home/fsw/rep/tasa/lib/bcc-2.2.3-gcc/bin/../sparc-gaisler-elf/bsp/leon3/soft/libbcc.a(isr.c.o)
                0x0000000040011b7c                __bcc_isr_list
 .bss           0x0000000040011bfc        0x0 /home/fsw/rep/tasa/lib/bcc-2.2.3-gcc/bin/../sparc-gaisler-elf/bsp/leon3/soft/libbcc.a(int_nest.c.o)
 .bss           0x0000000040011bfc        0x0 /home/fsw/rep/tasa/lib/bcc-2.2.3-gcc/bin/../sparc-gaisler-elf/bsp/leon3/soft/libbcc.a(init.S.o)
 .bss           0x0000000040011bfc        0x0 /home/fsw/rep/tasa/lib/bcc-2.2.3-gcc/bin/../sparc-gaisler-elf/bsp/leon3/soft/libbcc.a(leon_info.S.o)
 .bss           0x0000000040011bfc        0x0 /home/fsw/rep/tasa/lib/bcc-2.2.3-gcc/bin/../sparc-gaisler-elf/bsp/leon3/soft/libbcc.a(dwzero.S.o)
 .bss           0x0000000040011bfc        0x0 /home/fsw/rep/tasa/lib/bcc-2.2.3-gcc/bin/../sparc-gaisler-elf/bsp/leon3/soft/libbcc.a(copy_data.c.o)
 .bss           0x0000000040011bfc        0x8 /home/fsw/rep/tasa/lib/bcc-2.2.3-gcc/bin/../sparc-gaisler-elf/bsp/leon3/soft/libbcc.a(argv.c.o)
                0x0000000040011c00                __bcc_argc
 .bss           0x0000000040011c04        0x0 /home/fsw/rep/tasa/lib/bcc-2.2.3-gcc/bin/../sparc-gaisler-elf/bsp/leon3/soft/libbcc.a(int_irqmp_get_source.c.o)
 .bss           0x0000000040011c04        0x0 /home/fsw/rep/tasa/lib/bcc-2.2.3-gcc/bin/../sparc-gaisler-elf/bsp/leon3/soft/libbcc.a(int_irqmp_mp.c.o)
 .bss           0x0000000040011c04        0x0 /home/fsw/rep/tasa/lib/bcc-2.2.3-gcc/bin/../sparc-gaisler-elf/bsp/leon3/soft/libbcc.a(int_irqmp_init.c.o)
 .bss           0x0000000040011c04        0x0 /home/fsw/rep/tasa/lib/bcc-2.2.3-gcc/bin/../sparc-gaisler-elf/bsp/leon3/soft/libbcc.a(con_apbuart_init.c.o)
 .bss           0x0000000040011c04        0x0 /home/fsw/rep/tasa/lib/bcc-2.2.3-gcc/bin/../sparc-gaisler-elf/bsp/leon3/soft/libbcc.a(timer_gptimer_init.c.o)
 .bss           0x0000000040011c04        0x0 /home/fsw/rep/tasa/lib/bcc-2.2.3-gcc/bin/../sparc-gaisler-elf/bsp/leon3/soft/libbcc.a(ambapp.c.o)
 .bss           0x0000000040011c04        0x0 /home/fsw/rep/tasa/lib/bcc-2.2.3-gcc/bin/../sparc-gaisler-elf/bsp/leon3/soft/libbcc.a(ambapp_findfirst_fn.c.o)
 .bss           0x0000000040011c04       0x10 /home/fsw/rep/tasa/lib/bcc-2.2.3-gcc/bin/../sparc-gaisler-elf/bsp/leon3/soft/libbcc.a(int_irqmp_handle.c.o)
                0x0000000040011c04                __bcc_int_irqmp_nts
                0x0000000040011c08                __bcc_int_irqmp_map
                0x0000000040011c0c                __bcc_int_irqmp_eirq
                0x0000000040011c10                __bcc_int_handle
 .bss           0x0000000040011c14        0x4 /home/fsw/rep/tasa/lib/bcc-2.2.3-gcc/bin/../sparc-gaisler-elf/bsp/leon3/soft/libbcc.a(con_handle.c.o)
                0x0000000040011c14                __bcc_con_handle
 .bss           0x0000000040011c18        0x8 /home/fsw/rep/tasa/lib/bcc-2.2.3-gcc/bin/../sparc-gaisler-elf/bsp/leon3/soft/libbcc.a(timer_handle.c.o)
                0x0000000040011c18                __bcc_timer_interrupt
                0x0000000040011c1c                __bcc_timer_handle
 .bss           0x0000000040011c20        0x0 /home/fsw/rep/tasa/lib/bcc-2.2.3-gcc/bin/../lib/gcc/sparc-gaisler-elf/10.2.0/../../../../sparc-gaisler-elf/lib/soft/libc.a(lib_a-atexit.o)
 .bss           0x0000000040011c20        0x0 /home/fsw/rep/tasa/lib/bcc-2.2.3-gcc/bin/../lib/gcc/sparc-gaisler-elf/10.2.0/../../../../sparc-gaisler-elf/lib/soft/libc.a(lib_a-exit.o)
 .bss           0x0000000040011c20        0x0 /home/fsw/rep/tasa/lib/bcc-2.2.3-gcc/bin/../lib/gcc/sparc-gaisler-elf/10.2.0/../../../../sparc-gaisler-elf/lib/soft/libc.a(lib_a-impure.o)
 .bss           0x0000000040011c20        0x0 /home/fsw/rep/tasa/lib/bcc-2.2.3-gcc/bin/../lib/gcc/sparc-gaisler-elf/10.2.0/../../../../sparc-gaisler-elf/lib/soft/libc.a(lib_a-memcpy.o)
 .bss           0x0000000040011c20        0x0 /home/fsw/rep/tasa/lib/bcc-2.2.3-gcc/bin/../lib/gcc/sparc-gaisler-elf/10.2.0/../../../../sparc-gaisler-elf/lib/soft/libc.a(lib_a-printf.o)
 .bss           0x0000000040011c20        0x0 /home/fsw/rep/tasa/lib/bcc-2.2.3-gcc/bin/../lib/gcc/sparc-gaisler-elf/10.2.0/../../../../sparc-gaisler-elf/lib/soft/libc.a(lib_a-putchar.o)
 .bss           0x0000000040011c20        0x0 /home/fsw/rep/tasa/lib/bcc-2.2.3-gcc/bin/../lib/gcc/sparc-gaisler-elf/10.2.0/../../../../sparc-gaisler-elf/lib/soft/libc.a(lib_a-puts.o)
 .bss           0x0000000040011c20        0x0 /home/fsw/rep/tasa/lib/bcc-2.2.3-gcc/bin/../lib/gcc/sparc-gaisler-elf/10.2.0/../../../../sparc-gaisler-elf/lib/soft/libc.a(lib_a-strlen.o)
 .bss           0x0000000040011c20        0x0 /home/fsw/rep/tasa/lib/bcc-2.2.3-gcc/bin/../lib/gcc/sparc-gaisler-elf/10.2.0/../../../../sparc-gaisler-elf/lib/soft/libc.a(lib_a-vfprintf.o)
 .bss           0x0000000040011c20        0x0 /home/fsw/rep/tasa/lib/bcc-2.2.3-gcc/bin/../lib/gcc/sparc-gaisler-elf/10.2.0/../../../../sparc-gaisler-elf/lib/soft/libc.a(lib_a-wsetup.o)
 .bss           0x0000000040011c20       0x8c /home/fsw/rep/tasa/lib/bcc-2.2.3-gcc/bin/../lib/gcc/sparc-gaisler-elf/10.2.0/../../../../sparc-gaisler-elf/lib/soft/libc.a(lib_a-__atexit.o)
 .bss           0x0000000040011cac        0x4 /home/fsw/rep/tasa/lib/bcc-2.2.3-gcc/bin/../lib/gcc/sparc-gaisler-elf/10.2.0/../../../../sparc-gaisler-elf/lib/soft/libc.a(lib_a-__call_atexit.o)
                0x0000000040011cac                _global_atexit
 .bss           0x0000000040011cb0        0x0 /home/fsw/rep/tasa/lib/bcc-2.2.3-gcc/bin/../lib/gcc/sparc-gaisler-elf/10.2.0/../../../../sparc-gaisler-elf/lib/soft/libc.a(lib_a-dtoa.o)
 .bss           0x0000000040011cb0        0x0 /home/fsw/rep/tasa/lib/bcc-2.2.3-gcc/bin/../lib/gcc/sparc-gaisler-elf/10.2.0/../../../../sparc-gaisler-elf/lib/soft/libc.a(lib_a-fflush.o)
 .bss           0x0000000040011cb0        0x0 /home/fsw/rep/tasa/lib/bcc-2.2.3-gcc/bin/../lib/gcc/sparc-gaisler-elf/10.2.0/../../../../sparc-gaisler-elf/lib/soft/libc.a(lib_a-findfp.o)
 .bss           0x0000000040011cb0        0x0 /home/fsw/rep/tasa/lib/bcc-2.2.3-gcc/bin/../lib/gcc/sparc-gaisler-elf/10.2.0/../../../../sparc-gaisler-elf/lib/soft/libc.a(lib_a-freer.o)
 .bss           0x0000000040011cb0        0x0 /home/fsw/rep/tasa/lib/bcc-2.2.3-gcc/bin/../lib/gcc/sparc-gaisler-elf/10.2.0/../../../../sparc-gaisler-elf/lib/soft/libc.a(lib_a-fvwrite.o)
 .bss           0x0000000040011cb0        0x0 /home/fsw/rep/tasa/lib/bcc-2.2.3-gcc/bin/../lib/gcc/sparc-gaisler-elf/10.2.0/../../../../sparc-gaisler-elf/lib/soft/libc.a(lib_a-fwalk.o)
 .bss           0x0000000040011cb0        0x0 /home/fsw/rep/tasa/lib/bcc-2.2.3-gcc/bin/../lib/gcc/sparc-gaisler-elf/10.2.0/../../../../sparc-gaisler-elf/lib/soft/libc.a(lib_a-localeconv.o)
 .bss           0x0000000040011cb0        0x0 /home/fsw/rep/tasa/lib/bcc-2.2.3-gcc/bin/../lib/gcc/sparc-gaisler-elf/10.2.0/../../../../sparc-gaisler-elf/lib/soft/libc.a(lib_a-makebuf.o)
 .bss           0x0000000040011cb0        0x0 /home/fsw/rep/tasa/lib/bcc-2.2.3-gcc/bin/../lib/gcc/sparc-gaisler-elf/10.2.0/../../../../sparc-gaisler-elf/lib/soft/libc.a(lib_a-malloc.o)
 .bss           0x0000000040011cb0       0x34 /home/fsw/rep/tasa/lib/bcc-2.2.3-gcc/bin/../lib/gcc/sparc-gaisler-elf/10.2.0/../../../../sparc-gaisler-elf/lib/soft/libc.a(lib_a-mallocr.o)
                0x0000000040011cb0                __malloc_current_mallinfo
                0x0000000040011cd8                __malloc_max_total_mem
                0x0000000040011cdc                __malloc_max_sbrked_mem
                0x0000000040011ce0                __malloc_top_pad
 .bss           0x0000000040011ce4        0x0 /home/fsw/rep/tasa/lib/bcc-2.2.3-gcc/bin/../lib/gcc/sparc-gaisler-elf/10.2.0/../../../../sparc-gaisler-elf/lib/soft/libc.a(lib_a-memchr.o)
 .bss           0x0000000040011ce4        0x0 /home/fsw/rep/tasa/lib/bcc-2.2.3-gcc/bin/../lib/gcc/sparc-gaisler-elf/10.2.0/../../../../sparc-gaisler-elf/lib/soft/libc.a(lib_a-memmove.o)
 .bss           0x0000000040011ce4        0x0 /home/fsw/rep/tasa/lib/bcc-2.2.3-gcc/bin/../lib/gcc/sparc-gaisler-elf/10.2.0/../../../../sparc-gaisler-elf/lib/soft/libc.a(lib_a-memset.o)
 .bss           0x0000000040011ce4        0x0 /home/fsw/rep/tasa/lib/bcc-2.2.3-gcc/bin/../lib/gcc/sparc-gaisler-elf/10.2.0/../../../../sparc-gaisler-elf/lib/soft/libc.a(lib_a-mlock.o)
 .bss           0x0000000040011ce4        0x0 /home/fsw/rep/tasa/lib/bcc-2.2.3-gcc/bin/../lib/gcc/sparc-gaisler-elf/10.2.0/../../../../sparc-gaisler-elf/lib/soft/libc.a(lib_a-mprec.o)
 .bss           0x0000000040011ce4        0x0 /home/fsw/rep/tasa/lib/bcc-2.2.3-gcc/bin/../lib/gcc/sparc-gaisler-elf/10.2.0/../../../../sparc-gaisler-elf/lib/soft/libc.a(lib_a-putc.o)
 .bss           0x0000000040011ce4        0x0 /home/fsw/rep/tasa/lib/bcc-2.2.3-gcc/bin/../lib/gcc/sparc-gaisler-elf/10.2.0/../../../../sparc-gaisler-elf/lib/soft/libc.a(lib_a-reallocr.o)
 .bss           0x0000000040011ce4        0x0 /home/fsw/rep/tasa/lib/bcc-2.2.3-gcc/bin/../lib/gcc/sparc-gaisler-elf/10.2.0/../../../../sparc-gaisler-elf/lib/soft/libc.a(lib_a-s_frexp.o)
 .bss           0x0000000040011ce4        0x0 /home/fsw/rep/tasa/lib/bcc-2.2.3-gcc/bin/../lib/gcc/sparc-gaisler-elf/10.2.0/../../../../sparc-gaisler-elf/lib/soft/libc.a(lib_a-sbrkr.o)
 .bss           0x0000000040011ce4        0x0 /home/fsw/rep/tasa/lib/bcc-2.2.3-gcc/bin/../lib/gcc/sparc-gaisler-elf/10.2.0/../../../../sparc-gaisler-elf/lib/soft/libc.a(lib_a-stdio.o)
 .bss           0x0000000040011ce4        0x0 /home/fsw/rep/tasa/lib/bcc-2.2.3-gcc/bin/../lib/gcc/sparc-gaisler-elf/10.2.0/../../../../sparc-gaisler-elf/lib/soft/libc.a(lib_a-strncpy.o)
 .bss           0x0000000040011ce4        0x0 /home/fsw/rep/tasa/lib/bcc-2.2.3-gcc/bin/../lib/gcc/sparc-gaisler-elf/10.2.0/../../../../sparc-gaisler-elf/lib/soft/libc.a(lib_a-vfiprintf.o)
 .bss           0x0000000040011ce4        0x0 /home/fsw/rep/tasa/lib/bcc-2.2.3-gcc/bin/../lib/gcc/sparc-gaisler-elf/10.2.0/../../../../sparc-gaisler-elf/lib/soft/libc.a(lib_a-wbuf.o)
 .bss           0x0000000040011ce4        0x0 /home/fsw/rep/tasa/lib/bcc-2.2.3-gcc/bin/../lib/gcc/sparc-gaisler-elf/10.2.0/../../../../sparc-gaisler-elf/lib/soft/libc.a(lib_a-writer.o)
 .bss           0x0000000040011ce4        0x0 /home/fsw/rep/tasa/lib/bcc-2.2.3-gcc/bin/../lib/gcc/sparc-gaisler-elf/10.2.0/../../../../sparc-gaisler-elf/lib/soft/libc.a(lib_a-callocr.o)
 .bss           0x0000000040011ce4        0x0 /home/fsw/rep/tasa/lib/bcc-2.2.3-gcc/bin/../lib/gcc/sparc-gaisler-elf/10.2.0/../../../../sparc-gaisler-elf/lib/soft/libc.a(lib_a-closer.o)
 .bss           0x0000000040011ce4        0x0 /home/fsw/rep/tasa/lib/bcc-2.2.3-gcc/bin/../lib/gcc/sparc-gaisler-elf/10.2.0/../../../../sparc-gaisler-elf/lib/soft/libc.a(lib_a-fclose.o)
 .bss           0x0000000040011ce4        0x0 /home/fsw/rep/tasa/lib/bcc-2.2.3-gcc/bin/../lib/gcc/sparc-gaisler-elf/10.2.0/../../../../sparc-gaisler-elf/lib/soft/libc.a(lib_a-fputwc.o)
 .bss           0x0000000040011ce4        0x0 /home/fsw/rep/tasa/lib/bcc-2.2.3-gcc/bin/../lib/gcc/sparc-gaisler-elf/10.2.0/../../../../sparc-gaisler-elf/lib/soft/libc.a(lib_a-fstatr.o)
 .bss           0x0000000040011ce4        0x0 /home/fsw/rep/tasa/lib/bcc-2.2.3-gcc/bin/../lib/gcc/sparc-gaisler-elf/10.2.0/../../../../sparc-gaisler-elf/lib/soft/libc.a(lib_a-isattyr.o)
 .bss           0x0000000040011ce4        0x4 /home/fsw/rep/tasa/lib/bcc-2.2.3-gcc/bin/../lib/gcc/sparc-gaisler-elf/10.2.0/../../../../sparc-gaisler-elf/lib/soft/libc.a(lib_a-locale.o)
                0x0000000040011ce4                _PathLocale
 .bss           0x0000000040011ce8        0x0 /home/fsw/rep/tasa/lib/bcc-2.2.3-gcc/bin/../lib/gcc/sparc-gaisler-elf/10.2.0/../../../../sparc-gaisler-elf/lib/soft/libc.a(lib_a-lseekr.o)
 .bss           0x0000000040011ce8        0x0 /home/fsw/rep/tasa/lib/bcc-2.2.3-gcc/bin/../lib/gcc/sparc-gaisler-elf/10.2.0/../../../../sparc-gaisler-elf/lib/soft/libc.a(lib_a-mbtowc_r.o)
 .bss           0x0000000040011ce8        0x0 /home/fsw/rep/tasa/lib/bcc-2.2.3-gcc/bin/../lib/gcc/sparc-gaisler-elf/10.2.0/../../../../sparc-gaisler-elf/lib/soft/libc.a(lib_a-readr.o)
 .bss           0x0000000040011ce8        0x4 /home/fsw/rep/tasa/lib/bcc-2.2.3-gcc/bin/../lib/gcc/sparc-gaisler-elf/10.2.0/../../../../sparc-gaisler-elf/lib/soft/libc.a(lib_a-reent.o)
                0x0000000040011ce8                errno
 .bss           0x0000000040011cec        0x0 /home/fsw/rep/tasa/lib/bcc-2.2.3-gcc/bin/../lib/gcc/sparc-gaisler-elf/10.2.0/../../../../sparc-gaisler-elf/lib/soft/libc.a(lib_a-strcmp.o)
 .bss           0x0000000040011cec        0x0 /home/fsw/rep/tasa/lib/bcc-2.2.3-gcc/bin/../lib/gcc/sparc-gaisler-elf/10.2.0/../../../../sparc-gaisler-elf/lib/soft/libc.a(lib_a-wcrtomb.o)
 .bss           0x0000000040011cec        0x0 /home/fsw/rep/tasa/lib/bcc-2.2.3-gcc/bin/../lib/gcc/sparc-gaisler-elf/10.2.0/../../../../sparc-gaisler-elf/lib/soft/libc.a(lib_a-wctomb_r.o)
 .bss           0x0000000040011cec        0x0 /home/fsw/rep/tasa/lib/bcc-2.2.3-gcc/bin/../lib/gcc/sparc-gaisler-elf/10.2.0/../../../../sparc-gaisler-elf/lib/soft/libc.a(lib_a-ctype_.o)
 .bss           0x0000000040011cec        0x0 /home/fsw/rep/tasa/lib/bcc-2.2.3-gcc/bin/../sparc-gaisler-elf/bsp/leon3/soft/libbcc.a(_exit.S.o)
 .bss           0x0000000040011cec        0x0 /home/fsw/rep/tasa/lib/bcc-2.2.3-gcc/bin/../sparc-gaisler-elf/bsp/leon3/soft/libbcc.a(read.c.o)
 .bss           0x0000000040011cec        0x4 /home/fsw/rep/tasa/lib/bcc-2.2.3-gcc/bin/../sparc-gaisler-elf/bsp/leon3/soft/libbcc.a(sbrk.c.o)
 .bss           0x0000000040011cf0        0x8 /home/fsw/rep/tasa/lib/bcc-2.2.3-gcc/bin/../sparc-gaisler-elf/bsp/leon3/soft/libbcc.a(heap.c.o)
                0x0000000040011cf0                __bcc_heap_max
                0x0000000040011cf4                __bcc_heap_min
 .bss           0x0000000040011cf8        0x0 /home/fsw/rep/tasa/lib/bcc-2.2.3-gcc/bin/../sparc-gaisler-elf/bsp/leon3/soft/libbcc.a(write.c.o)
 .bss           0x0000000040011cf8        0x0 /home/fsw/rep/tasa/lib/bcc-2.2.3-gcc/bin/../sparc-gaisler-elf/bsp/leon3/soft/libbcc.a(stubs.S.o)
 .bss           0x0000000040011cf8        0x4 /home/fsw/rep/tasa/lib/bcc-2.2.3-gcc/bin/../sparc-gaisler-elf/bsp/leon3/soft/libbcc.a(con_apbuart.c.o)
 .bss           0x0000000040011cfc        0x0 /home/fsw/rep/tasa/lib/bcc-2.2.3-gcc/bin/../lib/gcc/sparc-gaisler-elf/10.2.0/soft/libgcc.a(_mulsi3.o)
 .bss           0x0000000040011cfc        0x0 /home/fsw/rep/tasa/lib/bcc-2.2.3-gcc/bin/../lib/gcc/sparc-gaisler-elf/10.2.0/soft/libgcc.a(_divsi3.o)
 .bss           0x0000000040011cfc        0x0 /home/fsw/rep/tasa/lib/bcc-2.2.3-gcc/bin/../lib/gcc/sparc-gaisler-elf/10.2.0/soft/libgcc.a(_modsi3.o)
 .bss           0x0000000040011cfc        0x0 /home/fsw/rep/tasa/lib/bcc-2.2.3-gcc/bin/../lib/gcc/sparc-gaisler-elf/10.2.0/soft/libgcc.a(_udivdi3.o)
 .bss           0x0000000040011cfc        0x0 /home/fsw/rep/tasa/lib/bcc-2.2.3-gcc/bin/../lib/gcc/sparc-gaisler-elf/10.2.0/soft/libgcc.a(_umoddi3.o)
 .bss           0x0000000040011cfc        0x0 /home/fsw/rep/tasa/lib/bcc-2.2.3-gcc/bin/../lib/gcc/sparc-gaisler-elf/10.2.0/soft/libgcc.a(_addsub_df.o)
 .bss           0x0000000040011cfc        0x0 /home/fsw/rep/tasa/lib/bcc-2.2.3-gcc/bin/../lib/gcc/sparc-gaisler-elf/10.2.0/soft/libgcc.a(_mul_df.o)
 .bss           0x0000000040011cfc        0x0 /home/fsw/rep/tasa/lib/bcc-2.2.3-gcc/bin/../lib/gcc/sparc-gaisler-elf/10.2.0/soft/libgcc.a(_div_df.o)
 .bss           0x0000000040011cfc        0x0 /home/fsw/rep/tasa/lib/bcc-2.2.3-gcc/bin/../lib/gcc/sparc-gaisler-elf/10.2.0/soft/libgcc.a(_eq_df.o)
 .bss           0x0000000040011cfc        0x0 /home/fsw/rep/tasa/lib/bcc-2.2.3-gcc/bin/../lib/gcc/sparc-gaisler-elf/10.2.0/soft/libgcc.a(_ne_df.o)
 .bss           0x0000000040011cfc        0x0 /home/fsw/rep/tasa/lib/bcc-2.2.3-gcc/bin/../lib/gcc/sparc-gaisler-elf/10.2.0/soft/libgcc.a(_gt_df.o)
 .bss           0x0000000040011cfc        0x0 /home/fsw/rep/tasa/lib/bcc-2.2.3-gcc/bin/../lib/gcc/sparc-gaisler-elf/10.2.0/soft/libgcc.a(_lt_df.o)
 .bss           0x0000000040011cfc        0x0 /home/fsw/rep/tasa/lib/bcc-2.2.3-gcc/bin/../lib/gcc/sparc-gaisler-elf/10.2.0/soft/libgcc.a(_le_df.o)
 .bss           0x0000000040011cfc        0x0 /home/fsw/rep/tasa/lib/bcc-2.2.3-gcc/bin/../lib/gcc/sparc-gaisler-elf/10.2.0/soft/libgcc.a(_unord_df.o)
 .bss           0x0000000040011cfc        0x0 /home/fsw/rep/tasa/lib/bcc-2.2.3-gcc/bin/../lib/gcc/sparc-gaisler-elf/10.2.0/soft/libgcc.a(_si_to_df.o)
 .bss           0x0000000040011cfc        0x0 /home/fsw/rep/tasa/lib/bcc-2.2.3-gcc/bin/../lib/gcc/sparc-gaisler-elf/10.2.0/soft/libgcc.a(_df_to_si.o)
 .bss           0x0000000040011cfc        0x0 /home/fsw/rep/tasa/lib/bcc-2.2.3-gcc/bin/../lib/gcc/sparc-gaisler-elf/10.2.0/soft/libgcc.a(_thenan_df.o)
 .bss           0x0000000040011cfc        0x0 /home/fsw/rep/tasa/lib/bcc-2.2.3-gcc/bin/../lib/gcc/sparc-gaisler-elf/10.2.0/soft/libgcc.a(_usi_to_df.o)
 .bss           0x0000000040011cfc        0x0 /home/fsw/rep/tasa/lib/bcc-2.2.3-gcc/bin/../lib/gcc/sparc-gaisler-elf/10.2.0/soft/libgcc.a(_muldi3.o)
 .bss           0x0000000040011cfc        0x0 /home/fsw/rep/tasa/lib/bcc-2.2.3-gcc/bin/../lib/gcc/sparc-gaisler-elf/10.2.0/soft/libgcc.a(_clz.o)
 .bss           0x0000000040011cfc        0x0 /home/fsw/rep/tasa/lib/bcc-2.2.3-gcc/bin/../lib/gcc/sparc-gaisler-elf/10.2.0/soft/libgcc.a(_clzsi2.o)
 .bss           0x0000000040011cfc        0x0 /home/fsw/rep/tasa/lib/bcc-2.2.3-gcc/bin/../lib/gcc/sparc-gaisler-elf/10.2.0/soft/libgcc.a(_pack_df.o)
 .bss           0x0000000040011cfc        0x0 /home/fsw/rep/tasa/lib/bcc-2.2.3-gcc/bin/../lib/gcc/sparc-gaisler-elf/10.2.0/soft/libgcc.a(_unpack_df.o)
 .bss           0x0000000040011cfc        0x0 /home/fsw/rep/tasa/lib/bcc-2.2.3-gcc/bin/../lib/gcc/sparc-gaisler-elf/10.2.0/soft/libgcc.a(_fpcmp_parts_df.o)
 .bss           0x0000000040011cfc        0x0 /home/fsw/rep/tasa/lib/bcc-2.2.3-gcc/bin/../lib/gcc/sparc-gaisler-elf/10.2.0/soft/crtend.o
 .bss           0x0000000040011cfc        0x0 /home/fsw/rep/tasa/lib/bcc-2.2.3-gcc/bin/../lib/gcc/sparc-gaisler-elf/10.2.0/soft/crtn.o
 *(COMMON)
                0x0000000040011d00                . = ALIGN (0x8)
 *fill*         0x0000000040011cfc        0x4 
                0x0000000040011d00                __bss_end = .
                0x0000000040011d00                __heap_min = .
                0x0000000040011d00                . = ALIGN (0x8)

.jcr
 *(.jcr)

.stab
 *(.stab)

.stabstr
 *(.stabstr)

.debug
 *(.debug)

.line
 *(.line)

.debug_srcinfo
 *(.debug_srcinfo)

.debug_sfnames
 *(.debug_sfnames)

.debug_aranges  0x0000000000000000      0xd08
 *(.debug_aranges)
 .debug_aranges
                0x0000000000000000       0x20 /home/fsw/rep/tasa/lib/bcc-2.2.3-gcc/bin/../sparc-gaisler-elf/bsp/leon3/soft/trap_table_mvt.S.o
 .debug_aranges
                0x0000000000000020       0x20 /home/fsw/rep/tasa/lib/bcc-2.2.3-gcc/bin/../sparc-gaisler-elf/bsp/leon3/soft/crt0.S.o
 .debug_aranges
                0x0000000000000040       0x20 /tmp/ccgYfuIp.o
 .debug_aranges
                0x0000000000000060       0x20 /home/fsw/rep/tasa/lib/bcc-2.2.3-gcc/bin/../sparc-gaisler-elf/bsp/leon3/soft/libbcc.a(reset_trap_mvt.S.o)
 .debug_aranges
                0x0000000000000080       0x20 /home/fsw/rep/tasa/lib/bcc-2.2.3-gcc/bin/../sparc-gaisler-elf/bsp/leon3/soft/libbcc.a(window_trap.S.o)
 .debug_aranges
                0x00000000000000a0       0x20 /home/fsw/rep/tasa/lib/bcc-2.2.3-gcc/bin/../sparc-gaisler-elf/bsp/leon3/soft/libbcc.a(interrupt_trap.S.o)
 .debug_aranges
                0x00000000000000c0       0x20 /home/fsw/rep/tasa/lib/bcc-2.2.3-gcc/bin/../sparc-gaisler-elf/bsp/leon3/soft/libbcc.a(flush_windows_trap.S.o)
 .debug_aranges
                0x00000000000000e0       0x20 /home/fsw/rep/tasa/lib/bcc-2.2.3-gcc/bin/../sparc-gaisler-elf/bsp/leon3/soft/libbcc.a(sw_trap_set_pil.S.o)
 .debug_aranges
                0x0000000000000100       0x18 /home/fsw/rep/tasa/lib/bcc-2.2.3-gcc/bin/../sparc-gaisler-elf/bsp/leon3/soft/libbcc.a(isr.c.o)
 .debug_aranges
                0x0000000000000118       0x18 /home/fsw/rep/tasa/lib/bcc-2.2.3-gcc/bin/../sparc-gaisler-elf/bsp/leon3/soft/libbcc.a(int_nest.c.o)
 .debug_aranges
                0x0000000000000130       0x20 /home/fsw/rep/tasa/lib/bcc-2.2.3-gcc/bin/../sparc-gaisler-elf/bsp/leon3/soft/libbcc.a(init.S.o)
 .debug_aranges
                0x0000000000000150       0x20 /home/fsw/rep/tasa/lib/bcc-2.2.3-gcc/bin/../sparc-gaisler-elf/bsp/leon3/soft/libbcc.a(leon_info.S.o)
 .debug_aranges
                0x0000000000000170       0x20 /home/fsw/rep/tasa/lib/bcc-2.2.3-gcc/bin/../sparc-gaisler-elf/bsp/leon3/soft/libbcc.a(dwzero.S.o)
 .debug_aranges
                0x0000000000000190       0x20 /home/fsw/rep/tasa/lib/bcc-2.2.3-gcc/bin/../sparc-gaisler-elf/bsp/leon3/soft/libbcc.a(copy_data.c.o)
 .debug_aranges
                0x00000000000001b0       0x18 /home/fsw/rep/tasa/lib/bcc-2.2.3-gcc/bin/../sparc-gaisler-elf/bsp/leon3/soft/libbcc.a(argv.c.o)
 .debug_aranges
                0x00000000000001c8       0x20 /home/fsw/rep/tasa/lib/bcc-2.2.3-gcc/bin/../sparc-gaisler-elf/bsp/leon3/soft/libbcc.a(int_irqmp_get_source.c.o)
 .debug_aranges
                0x00000000000001e8       0x20 /home/fsw/rep/tasa/lib/bcc-2.2.3-gcc/bin/../sparc-gaisler-elf/bsp/leon3/soft/libbcc.a(int_irqmp_mp.c.o)
 .debug_aranges
                0x0000000000000208       0x20 /home/fsw/rep/tasa/lib/bcc-2.2.3-gcc/bin/../sparc-gaisler-elf/bsp/leon3/soft/libbcc.a(int_irqmp_init.c.o)
 .debug_aranges
                0x0000000000000228       0x20 /home/fsw/rep/tasa/lib/bcc-2.2.3-gcc/bin/../sparc-gaisler-elf/bsp/leon3/soft/libbcc.a(con_apbuart_init.c.o)
 .debug_aranges
                0x0000000000000248       0x20 /home/fsw/rep/tasa/lib/bcc-2.2.3-gcc/bin/../sparc-gaisler-elf/bsp/leon3/soft/libbcc.a(timer_gptimer_init.c.o)
 .debug_aranges
                0x0000000000000268       0x20 /home/fsw/rep/tasa/lib/bcc-2.2.3-gcc/bin/../sparc-gaisler-elf/bsp/leon3/soft/libbcc.a(ambapp.c.o)
 .debug_aranges
                0x0000000000000288       0x20 /home/fsw/rep/tasa/lib/bcc-2.2.3-gcc/bin/../sparc-gaisler-elf/bsp/leon3/soft/libbcc.a(ambapp_findfirst_fn.c.o)
 .debug_aranges
                0x00000000000002a8       0x18 /home/fsw/rep/tasa/lib/bcc-2.2.3-gcc/bin/../sparc-gaisler-elf/bsp/leon3/soft/libbcc.a(int_irqmp_handle.c.o)
 .debug_aranges
                0x00000000000002c0       0x18 /home/fsw/rep/tasa/lib/bcc-2.2.3-gcc/bin/../sparc-gaisler-elf/bsp/leon3/soft/libbcc.a(con_handle.c.o)
 .debug_aranges
                0x00000000000002d8       0x18 /home/fsw/rep/tasa/lib/bcc-2.2.3-gcc/bin/../sparc-gaisler-elf/bsp/leon3/soft/libbcc.a(timer_handle.c.o)
 .debug_aranges
                0x00000000000002f0       0x20 /home/fsw/rep/tasa/lib/bcc-2.2.3-gcc/bin/../lib/gcc/sparc-gaisler-elf/10.2.0/../../../../sparc-gaisler-elf/lib/soft/libc.a(lib_a-atexit.o)
 .debug_aranges
                0x0000000000000310       0x20 /home/fsw/rep/tasa/lib/bcc-2.2.3-gcc/bin/../lib/gcc/sparc-gaisler-elf/10.2.0/../../../../sparc-gaisler-elf/lib/soft/libc.a(lib_a-exit.o)
 .debug_aranges
                0x0000000000000330       0x18 /home/fsw/rep/tasa/lib/bcc-2.2.3-gcc/bin/../lib/gcc/sparc-gaisler-elf/10.2.0/../../../../sparc-gaisler-elf/lib/soft/libc.a(lib_a-impure.o)
 .debug_aranges
                0x0000000000000348       0x20 /home/fsw/rep/tasa/lib/bcc-2.2.3-gcc/bin/../lib/gcc/sparc-gaisler-elf/10.2.0/../../../../sparc-gaisler-elf/lib/soft/libc.a(lib_a-memcpy.o)
 .debug_aranges
                0x0000000000000368       0x20 /home/fsw/rep/tasa/lib/bcc-2.2.3-gcc/bin/../lib/gcc/sparc-gaisler-elf/10.2.0/../../../../sparc-gaisler-elf/lib/soft/libc.a(lib_a-printf.o)
 .debug_aranges
                0x0000000000000388       0x20 /home/fsw/rep/tasa/lib/bcc-2.2.3-gcc/bin/../lib/gcc/sparc-gaisler-elf/10.2.0/../../../../sparc-gaisler-elf/lib/soft/libc.a(lib_a-putchar.o)
 .debug_aranges
                0x00000000000003a8       0x20 /home/fsw/rep/tasa/lib/bcc-2.2.3-gcc/bin/../lib/gcc/sparc-gaisler-elf/10.2.0/../../../../sparc-gaisler-elf/lib/soft/libc.a(lib_a-puts.o)
 .debug_aranges
                0x00000000000003c8       0x20 /home/fsw/rep/tasa/lib/bcc-2.2.3-gcc/bin/../lib/gcc/sparc-gaisler-elf/10.2.0/../../../../sparc-gaisler-elf/lib/soft/libc.a(lib_a-strlen.o)
 .debug_aranges
                0x00000000000003e8       0x20 /home/fsw/rep/tasa/lib/bcc-2.2.3-gcc/bin/../lib/gcc/sparc-gaisler-elf/10.2.0/../../../../sparc-gaisler-elf/lib/soft/libc.a(lib_a-vfprintf.o)
 .debug_aranges
                0x0000000000000408       0x20 /home/fsw/rep/tasa/lib/bcc-2.2.3-gcc/bin/../lib/gcc/sparc-gaisler-elf/10.2.0/../../../../sparc-gaisler-elf/lib/soft/libc.a(lib_a-wsetup.o)
 .debug_aranges
                0x0000000000000428       0x20 /home/fsw/rep/tasa/lib/bcc-2.2.3-gcc/bin/../lib/gcc/sparc-gaisler-elf/10.2.0/../../../../sparc-gaisler-elf/lib/soft/libc.a(lib_a-__atexit.o)
 .debug_aranges
                0x0000000000000448       0x20 /home/fsw/rep/tasa/lib/bcc-2.2.3-gcc/bin/../lib/gcc/sparc-gaisler-elf/10.2.0/../../../../sparc-gaisler-elf/lib/soft/libc.a(lib_a-__call_atexit.o)
 .debug_aranges
                0x0000000000000468       0x20 /home/fsw/rep/tasa/lib/bcc-2.2.3-gcc/bin/../lib/gcc/sparc-gaisler-elf/10.2.0/../../../../sparc-gaisler-elf/lib/soft/libc.a(lib_a-dtoa.o)
 .debug_aranges
                0x0000000000000488       0x20 /home/fsw/rep/tasa/lib/bcc-2.2.3-gcc/bin/../lib/gcc/sparc-gaisler-elf/10.2.0/../../../../sparc-gaisler-elf/lib/soft/libc.a(lib_a-fflush.o)
 .debug_aranges
                0x00000000000004a8       0x20 /home/fsw/rep/tasa/lib/bcc-2.2.3-gcc/bin/../lib/gcc/sparc-gaisler-elf/10.2.0/../../../../sparc-gaisler-elf/lib/soft/libc.a(lib_a-findfp.o)
 .debug_aranges
                0x00000000000004c8       0x20 /home/fsw/rep/tasa/lib/bcc-2.2.3-gcc/bin/../lib/gcc/sparc-gaisler-elf/10.2.0/../../../../sparc-gaisler-elf/lib/soft/libc.a(lib_a-freer.o)
 .debug_aranges
                0x00000000000004e8       0x20 /home/fsw/rep/tasa/lib/bcc-2.2.3-gcc/bin/../lib/gcc/sparc-gaisler-elf/10.2.0/../../../../sparc-gaisler-elf/lib/soft/libc.a(lib_a-fvwrite.o)
 .debug_aranges
                0x0000000000000508       0x20 /home/fsw/rep/tasa/lib/bcc-2.2.3-gcc/bin/../lib/gcc/sparc-gaisler-elf/10.2.0/../../../../sparc-gaisler-elf/lib/soft/libc.a(lib_a-fwalk.o)
 .debug_aranges
                0x0000000000000528       0x20 /home/fsw/rep/tasa/lib/bcc-2.2.3-gcc/bin/../lib/gcc/sparc-gaisler-elf/10.2.0/../../../../sparc-gaisler-elf/lib/soft/libc.a(lib_a-localeconv.o)
 .debug_aranges
                0x0000000000000548       0x20 /home/fsw/rep/tasa/lib/bcc-2.2.3-gcc/bin/../lib/gcc/sparc-gaisler-elf/10.2.0/../../../../sparc-gaisler-elf/lib/soft/libc.a(lib_a-makebuf.o)
 .debug_aranges
                0x0000000000000568       0x20 /home/fsw/rep/tasa/lib/bcc-2.2.3-gcc/bin/../lib/gcc/sparc-gaisler-elf/10.2.0/../../../../sparc-gaisler-elf/lib/soft/libc.a(lib_a-malloc.o)
 .debug_aranges
                0x0000000000000588       0x20 /home/fsw/rep/tasa/lib/bcc-2.2.3-gcc/bin/../lib/gcc/sparc-gaisler-elf/10.2.0/../../../../sparc-gaisler-elf/lib/soft/libc.a(lib_a-mallocr.o)
 .debug_aranges
                0x00000000000005a8       0x20 /home/fsw/rep/tasa/lib/bcc-2.2.3-gcc/bin/../lib/gcc/sparc-gaisler-elf/10.2.0/../../../../sparc-gaisler-elf/lib/soft/libc.a(lib_a-memchr.o)
 .debug_aranges
                0x00000000000005c8       0x20 /home/fsw/rep/tasa/lib/bcc-2.2.3-gcc/bin/../lib/gcc/sparc-gaisler-elf/10.2.0/../../../../sparc-gaisler-elf/lib/soft/libc.a(lib_a-memmove.o)
 .debug_aranges
                0x00000000000005e8       0x20 /home/fsw/rep/tasa/lib/bcc-2.2.3-gcc/bin/../lib/gcc/sparc-gaisler-elf/10.2.0/../../../../sparc-gaisler-elf/lib/soft/libc.a(lib_a-memset.o)
 .debug_aranges
                0x0000000000000608       0x20 /home/fsw/rep/tasa/lib/bcc-2.2.3-gcc/bin/../lib/gcc/sparc-gaisler-elf/10.2.0/../../../../sparc-gaisler-elf/lib/soft/libc.a(lib_a-mlock.o)
 .debug_aranges
                0x0000000000000628       0x20 /home/fsw/rep/tasa/lib/bcc-2.2.3-gcc/bin/../lib/gcc/sparc-gaisler-elf/10.2.0/../../../../sparc-gaisler-elf/lib/soft/libc.a(lib_a-mprec.o)
 .debug_aranges
                0x0000000000000648       0x20 /home/fsw/rep/tasa/lib/bcc-2.2.3-gcc/bin/../lib/gcc/sparc-gaisler-elf/10.2.0/../../../../sparc-gaisler-elf/lib/soft/libc.a(lib_a-putc.o)
 .debug_aranges
                0x0000000000000668       0x20 /home/fsw/rep/tasa/lib/bcc-2.2.3-gcc/bin/../lib/gcc/sparc-gaisler-elf/10.2.0/../../../../sparc-gaisler-elf/lib/soft/libc.a(lib_a-reallocr.o)
 .debug_aranges
                0x0000000000000688       0x20 /home/fsw/rep/tasa/lib/bcc-2.2.3-gcc/bin/../lib/gcc/sparc-gaisler-elf/10.2.0/../../../../sparc-gaisler-elf/lib/soft/libc.a(lib_a-s_frexp.o)
 .debug_aranges
                0x00000000000006a8       0x20 /home/fsw/rep/tasa/lib/bcc-2.2.3-gcc/bin/../lib/gcc/sparc-gaisler-elf/10.2.0/../../../../sparc-gaisler-elf/lib/soft/libc.a(lib_a-sbrkr.o)
 .debug_aranges
                0x00000000000006c8       0x20 /home/fsw/rep/tasa/lib/bcc-2.2.3-gcc/bin/../lib/gcc/sparc-gaisler-elf/10.2.0/../../../../sparc-gaisler-elf/lib/soft/libc.a(lib_a-stdio.o)
 .debug_aranges
                0x00000000000006e8       0x20 /home/fsw/rep/tasa/lib/bcc-2.2.3-gcc/bin/../lib/gcc/sparc-gaisler-elf/10.2.0/../../../../sparc-gaisler-elf/lib/soft/libc.a(lib_a-strncpy.o)
 .debug_aranges
                0x0000000000000708       0x20 /home/fsw/rep/tasa/lib/bcc-2.2.3-gcc/bin/../lib/gcc/sparc-gaisler-elf/10.2.0/../../../../sparc-gaisler-elf/lib/soft/libc.a(lib_a-vfiprintf.o)
 .debug_aranges
                0x0000000000000728       0x20 /home/fsw/rep/tasa/lib/bcc-2.2.3-gcc/bin/../lib/gcc/sparc-gaisler-elf/10.2.0/../../../../sparc-gaisler-elf/lib/soft/libc.a(lib_a-wbuf.o)
 .debug_aranges
                0x0000000000000748       0x20 /home/fsw/rep/tasa/lib/bcc-2.2.3-gcc/bin/../lib/gcc/sparc-gaisler-elf/10.2.0/../../../../sparc-gaisler-elf/lib/soft/libc.a(lib_a-writer.o)
 .debug_aranges
                0x0000000000000768       0x20 /home/fsw/rep/tasa/lib/bcc-2.2.3-gcc/bin/../lib/gcc/sparc-gaisler-elf/10.2.0/../../../../sparc-gaisler-elf/lib/soft/libc.a(lib_a-callocr.o)
 .debug_aranges
                0x0000000000000788       0x20 /home/fsw/rep/tasa/lib/bcc-2.2.3-gcc/bin/../lib/gcc/sparc-gaisler-elf/10.2.0/../../../../sparc-gaisler-elf/lib/soft/libc.a(lib_a-closer.o)
 .debug_aranges
                0x00000000000007a8       0x20 /home/fsw/rep/tasa/lib/bcc-2.2.3-gcc/bin/../lib/gcc/sparc-gaisler-elf/10.2.0/../../../../sparc-gaisler-elf/lib/soft/libc.a(lib_a-fclose.o)
 .debug_aranges
                0x00000000000007c8       0x20 /home/fsw/rep/tasa/lib/bcc-2.2.3-gcc/bin/../lib/gcc/sparc-gaisler-elf/10.2.0/../../../../sparc-gaisler-elf/lib/soft/libc.a(lib_a-fputwc.o)
 .debug_aranges
                0x00000000000007e8       0x20 /home/fsw/rep/tasa/lib/bcc-2.2.3-gcc/bin/../lib/gcc/sparc-gaisler-elf/10.2.0/../../../../sparc-gaisler-elf/lib/soft/libc.a(lib_a-fstatr.o)
 .debug_aranges
                0x0000000000000808       0x20 /home/fsw/rep/tasa/lib/bcc-2.2.3-gcc/bin/../lib/gcc/sparc-gaisler-elf/10.2.0/../../../../sparc-gaisler-elf/lib/soft/libc.a(lib_a-isattyr.o)
 .debug_aranges
                0x0000000000000828       0x20 /home/fsw/rep/tasa/lib/bcc-2.2.3-gcc/bin/../lib/gcc/sparc-gaisler-elf/10.2.0/../../../../sparc-gaisler-elf/lib/soft/libc.a(lib_a-locale.o)
 .debug_aranges
                0x0000000000000848       0x20 /home/fsw/rep/tasa/lib/bcc-2.2.3-gcc/bin/../lib/gcc/sparc-gaisler-elf/10.2.0/../../../../sparc-gaisler-elf/lib/soft/libc.a(lib_a-lseekr.o)
 .debug_aranges
                0x0000000000000868       0x20 /home/fsw/rep/tasa/lib/bcc-2.2.3-gcc/bin/../lib/gcc/sparc-gaisler-elf/10.2.0/../../../../sparc-gaisler-elf/lib/soft/libc.a(lib_a-mbtowc_r.o)
 .debug_aranges
                0x0000000000000888       0x20 /home/fsw/rep/tasa/lib/bcc-2.2.3-gcc/bin/../lib/gcc/sparc-gaisler-elf/10.2.0/../../../../sparc-gaisler-elf/lib/soft/libc.a(lib_a-readr.o)
 .debug_aranges
                0x00000000000008a8       0x20 /home/fsw/rep/tasa/lib/bcc-2.2.3-gcc/bin/../lib/gcc/sparc-gaisler-elf/10.2.0/../../../../sparc-gaisler-elf/lib/soft/libc.a(lib_a-reent.o)
 .debug_aranges
                0x00000000000008c8       0x20 /home/fsw/rep/tasa/lib/bcc-2.2.3-gcc/bin/../lib/gcc/sparc-gaisler-elf/10.2.0/../../../../sparc-gaisler-elf/lib/soft/libc.a(lib_a-strcmp.o)
 .debug_aranges
                0x00000000000008e8       0x20 /home/fsw/rep/tasa/lib/bcc-2.2.3-gcc/bin/../lib/gcc/sparc-gaisler-elf/10.2.0/../../../../sparc-gaisler-elf/lib/soft/libc.a(lib_a-wcrtomb.o)
 .debug_aranges
                0x0000000000000908       0x20 /home/fsw/rep/tasa/lib/bcc-2.2.3-gcc/bin/../lib/gcc/sparc-gaisler-elf/10.2.0/../../../../sparc-gaisler-elf/lib/soft/libc.a(lib_a-wctomb_r.o)
 .debug_aranges
                0x0000000000000928       0x18 /home/fsw/rep/tasa/lib/bcc-2.2.3-gcc/bin/../lib/gcc/sparc-gaisler-elf/10.2.0/../../../../sparc-gaisler-elf/lib/soft/libc.a(lib_a-ctype_.o)
 .debug_aranges
                0x0000000000000940       0x20 /home/fsw/rep/tasa/lib/bcc-2.2.3-gcc/bin/../sparc-gaisler-elf/bsp/leon3/soft/libbcc.a(_exit.S.o)
 .debug_aranges
                0x0000000000000960       0x20 /home/fsw/rep/tasa/lib/bcc-2.2.3-gcc/bin/../sparc-gaisler-elf/bsp/leon3/soft/libbcc.a(read.c.o)
 .debug_aranges
                0x0000000000000980       0x20 /home/fsw/rep/tasa/lib/bcc-2.2.3-gcc/bin/../sparc-gaisler-elf/bsp/leon3/soft/libbcc.a(sbrk.c.o)
 .debug_aranges
                0x00000000000009a0       0x18 /home/fsw/rep/tasa/lib/bcc-2.2.3-gcc/bin/../sparc-gaisler-elf/bsp/leon3/soft/libbcc.a(heap.c.o)
 .debug_aranges
                0x00000000000009b8       0x20 /home/fsw/rep/tasa/lib/bcc-2.2.3-gcc/bin/../sparc-gaisler-elf/bsp/leon3/soft/libbcc.a(write.c.o)
 .debug_aranges
                0x00000000000009d8       0x20 /home/fsw/rep/tasa/lib/bcc-2.2.3-gcc/bin/../sparc-gaisler-elf/bsp/leon3/soft/libbcc.a(stubs.S.o)
 .debug_aranges
                0x00000000000009f8       0x20 /home/fsw/rep/tasa/lib/bcc-2.2.3-gcc/bin/../sparc-gaisler-elf/bsp/leon3/soft/libbcc.a(con_apbuart.c.o)
 .debug_aranges