Archive member included to satisfy reference by file (symbol)

/home/fsw/rep/tasa/lib/bcc-2.2.3-gcc/bin/../sparc-gaisler-elf/bsp/gr716/leon3/libbcc.a(trap_table_svt_tables.S.o)
                              /home/fsw/rep/tasa/lib/bcc-2.2.3-gcc/bin/../sparc-gaisler-elf/bsp/gr716/leon3/trap_table_svt.S.o (__bcc_trap_table_svt_bad)
/home/fsw/rep/tasa/lib/bcc-2.2.3-gcc/bin/../sparc-gaisler-elf/bsp/gr716/leon3/libbcc.a(trap_table_svt_level0.S.o)
                              /home/fsw/rep/tasa/lib/bcc-2.2.3-gcc/bin/../sparc-gaisler-elf/bsp/gr716/leon3/trap_table_svt.S.o (__bcc_trap_table_svt_level0)
/home/fsw/rep/tasa/lib/bcc-2.2.3-gcc/bin/../sparc-gaisler-elf/bsp/gr716/leon3/libbcc.a(reset_trap_svt.S.o)
                              /home/fsw/rep/tasa/lib/bcc-2.2.3-gcc/bin/../sparc-gaisler-elf/bsp/gr716/leon3/trap_table_svt.S.o (__bcc_trap_reset_svt)
/home/fsw/rep/tasa/lib/bcc-2.2.3-gcc/bin/../sparc-gaisler-elf/bsp/gr716/leon3/libbcc.a(window_trap.S.o)
                              /home/fsw/rep/tasa/lib/bcc-2.2.3-gcc/bin/../sparc-gaisler-elf/bsp/gr716/leon3/libbcc.a(trap_table_svt_tables.S.o) (__bcc_trap_window_overflow)
/home/fsw/rep/tasa/lib/bcc-2.2.3-gcc/bin/../sparc-gaisler-elf/bsp/gr716/leon3/libbcc.a(interrupt_trap.S.o)
                              /home/fsw/rep/tasa/lib/bcc-2.2.3-gcc/bin/../sparc-gaisler-elf/bsp/gr716/leon3/libbcc.a(trap_table_svt_level0.S.o) (__bcc_trap_interrupt_svt)
/home/fsw/rep/tasa/lib/bcc-2.2.3-gcc/bin/../sparc-gaisler-elf/bsp/gr716/leon3/libbcc.a(flush_windows_trap.S.o)
                              /home/fsw/rep/tasa/lib/bcc-2.2.3-gcc/bin/../sparc-gaisler-elf/bsp/gr716/leon3/libbcc.a(trap_table_svt_tables.S.o) (__bcc_trap_flush_windows)
/home/fsw/rep/tasa/lib/bcc-2.2.3-gcc/bin/../sparc-gaisler-elf/bsp/gr716/leon3/libbcc.a(sw_trap_set_pil.S.o)
                              /home/fsw/rep/tasa/lib/bcc-2.2.3-gcc/bin/../sparc-gaisler-elf/bsp/gr716/leon3/libbcc.a(trap_table_svt_tables.S.o) (__bcc_trap_sw_set_pil)
/home/fsw/rep/tasa/lib/bcc-2.2.3-gcc/bin/../sparc-gaisler-elf/bsp/gr716/leon3/libbcc.a(isr.c.o)
                              /home/fsw/rep/tasa/lib/bcc-2.2.3-gcc/bin/../sparc-gaisler-elf/bsp/gr716/leon3/libbcc.a(interrupt_trap.S.o) (__bcc_isr_list)
/home/fsw/rep/tasa/lib/bcc-2.2.3-gcc/bin/../sparc-gaisler-elf/bsp/gr716/leon3/libbcc.a(int_nest.c.o)
                              /home/fsw/rep/tasa/lib/bcc-2.2.3-gcc/bin/../sparc-gaisler-elf/bsp/gr716/leon3/libbcc.a(interrupt_trap.S.o) (__bcc_int_nest)
/home/fsw/rep/tasa/lib/bcc-2.2.3-gcc/bin/../sparc-gaisler-elf/bsp/gr716/leon3/libbcc.a(init.S.o)
                              /home/fsw/rep/tasa/lib/bcc-2.2.3-gcc/bin/../sparc-gaisler-elf/bsp/gr716/leon3/libbcc.a(reset_trap_svt.S.o) (__bcc_init40)
/home/fsw/rep/tasa/lib/bcc-2.2.3-gcc/bin/../sparc-gaisler-elf/bsp/gr716/leon3/libbcc.a(leon_info.S.o)
                              /home/fsw/rep/tasa/lib/bcc-2.2.3-gcc/bin/../sparc-gaisler-elf/bsp/gr716/leon3/crt0.S.o (__bcc_get_leon_info)
/home/fsw/rep/tasa/lib/bcc-2.2.3-gcc/bin/../sparc-gaisler-elf/bsp/gr716/leon3/libbcc.a(dwzero.S.o)
                              /home/fsw/rep/tasa/lib/bcc-2.2.3-gcc/bin/../sparc-gaisler-elf/bsp/gr716/leon3/crt0.S.o (bcc_dwzero)
/home/fsw/rep/tasa/lib/bcc-2.2.3-gcc/bin/../sparc-gaisler-elf/bsp/gr716/leon3/libbcc.a(copy_data.c.o)
                              /home/fsw/rep/tasa/lib/bcc-2.2.3-gcc/bin/../sparc-gaisler-elf/bsp/gr716/leon3/crt0.S.o (__bcc_copy_data)
/home/fsw/rep/tasa/lib/bcc-2.2.3-gcc/bin/../sparc-gaisler-elf/bsp/gr716/leon3/libbcc.a(argv.c.o)
                              /home/fsw/rep/tasa/lib/bcc-2.2.3-gcc/bin/../sparc-gaisler-elf/bsp/gr716/leon3/crt0.S.o (__bcc_argvp)
/home/fsw/rep/tasa/lib/bcc-2.2.3-gcc/bin/../sparc-gaisler-elf/bsp/gr716/leon3/libbcc.a(int_irqmp_get_source.c.o)
                              /home/fsw/rep/tasa/lib/bcc-2.2.3-gcc/bin/../sparc-gaisler-elf/bsp/gr716/leon3/libbcc.a(interrupt_trap.S.o) (__bcc_int_get_source)
/home/fsw/rep/tasa/lib/bcc-2.2.3-gcc/bin/../sparc-gaisler-elf/bsp/gr716/leon3/libbcc.a(int_irqmp_mp.c.o)
                              /tmp/ccsxG5Hn.o (bcc_get_cpu_count)
/home/fsw/rep/tasa/lib/bcc-2.2.3-gcc/bin/../sparc-gaisler-elf/bsp/gr716/leon3/libbcc.a(int_irqmp_init.c.o)
                              /home/fsw/rep/tasa/lib/bcc-2.2.3-gcc/bin/../sparc-gaisler-elf/bsp/gr716/leon3/crt0.S.o (__bcc_int_init)
/home/fsw/rep/tasa/lib/bcc-2.2.3-gcc/bin/../sparc-gaisler-elf/bsp/gr716/leon3/libbcc.a(bsp_timer_init.c.o)
                              /home/fsw/rep/tasa/lib/bcc-2.2.3-gcc/bin/../sparc-gaisler-elf/bsp/gr716/leon3/crt0.S.o (__bcc_timer_init)
/home/fsw/rep/tasa/lib/bcc-2.2.3-gcc/bin/../sparc-gaisler-elf/bsp/gr716/leon3/libbcc.a(bsp_con_init.c.o)
                              /home/fsw/rep/tasa/lib/bcc-2.2.3-gcc/bin/../sparc-gaisler-elf/bsp/gr716/leon3/crt0.S.o (__bcc_con_init)
/home/fsw/rep/tasa/lib/bcc-2.2.3-gcc/bin/../sparc-gaisler-elf/bsp/gr716/leon3/libbcc.a(int_irqmp_handle.c.o)
[...]
Memory Configuration

Name             Origin             Length             Attributes
bootprom         0x0000000000000000 0x0000000000001000
extprom          0x0000000001000000 0x0000000001000000
spi0             0x0000000002000000 0x0000000002000000
spi1             0x0000000004000000 0x0000000002000000
dram             0x0000000030000000 0x0000000000010000
iram             0x0000000031000000 0x0000000000020000
extram           0x0000000040000000 0x0000000010000000
*default*        0x0000000000000000 0xffffffffffffffff

Linker script and memory map

LOAD /home/fsw/rep/tasa/lib/bcc-2.2.3-gcc/bin/../sparc-gaisler-elf/bsp/gr716/leon3/trap_table_svt.S.o
LOAD /home/fsw/rep/tasa/lib/bcc-2.2.3-gcc/bin/../sparc-gaisler-elf/bsp/gr716/leon3/crt0.S.o
LOAD /home/fsw/rep/tasa/lib/bcc-2.2.3-gcc/bin/../lib/gcc/sparc-gaisler-elf/10.2.0/leon3/crti.o
LOAD /home/fsw/rep/tasa/lib/bcc-2.2.3-gcc/bin/../lib/gcc/sparc-gaisler-elf/10.2.0/leon3/crtbegin.o
LOAD /tmp/ccsxG5Hn.o
                0x0000000000000000                PROVIDE (__bcc_cfg_skip_clear_bss = 0x0)

.text           0x0000000031000000     0x6320
 CREATE_OBJECT_SYMBOLS
                0x0000000031000000                __text_start = .
                0x0000000031000000                . = ALIGN (0x1000)
 *(.text.traptable)
 .text.traptable
                0x0000000031000000       0x48 /home/fsw/rep/tasa/lib/bcc-2.2.3-gcc/bin/../sparc-gaisler-elf/bsp/gr716/leon3/trap_table_svt.S.o
                0x0000000031000000                __bcc_trap_table
                0x0000000031000038                __bcc_entry_point
 *(.text .text.*)
 .text          0x0000000031000048        0x0 /home/fsw/rep/tasa/lib/bcc-2.2.3-gcc/bin/../sparc-gaisler-elf/bsp/gr716/leon3/trap_table_svt.S.o
 .text          0x0000000031000048       0xc8 /home/fsw/rep/tasa/lib/bcc-2.2.3-gcc/bin/../sparc-gaisler-elf/bsp/gr716/leon3/crt0.S.o
                0x0000000031000048                __bcc_crt0
 .text          0x0000000031000110        0x0 /home/fsw/rep/tasa/lib/bcc-2.2.3-gcc/bin/../lib/gcc/sparc-gaisler-elf/10.2.0/leon3/crti.o
 .text          0x0000000031000110      0x180 /home/fsw/rep/tasa/lib/bcc-2.2.3-gcc/bin/../lib/gcc/sparc-gaisler-elf/10.2.0/leon3/crtbegin.o
 .text          0x0000000031000290        0x0 /tmp/ccsxG5Hn.o
 .text.startup  0x0000000031000290      0x14c /tmp/ccsxG5Hn.o
                0x0000000031000290                main
 .text          0x00000000310003dc        0x4 /home/fsw/rep/tasa/lib/bcc-2.2.3-gcc/bin/../sparc-gaisler-elf/bsp/gr716/leon3/libbcc.a(trap_table_svt_tables.S.o)
                0x00000000310003dc                __bcc_trap_table_svt_bad
 .text          0x00000000310003e0        0x0 /home/fsw/rep/tasa/lib/bcc-2.2.3-gcc/bin/../sparc-gaisler-elf/bsp/gr716/leon3/libbcc.a(trap_table_svt_level0.S.o)
 .text          0x00000000310003e0       0x64 /home/fsw/rep/tasa/lib/bcc-2.2.3-gcc/bin/../sparc-gaisler-elf/bsp/gr716/leon3/libbcc.a(reset_trap_svt.S.o)
                0x00000000310003e0                __bcc_trap_reset_svt
 .text          0x0000000031000444       0xb0 /home/fsw/rep/tasa/lib/bcc-2.2.3-gcc/bin/../sparc-gaisler-elf/bsp/gr716/leon3/libbcc.a(window_trap.S.o)
                0x0000000031000444                __bcc_trap_window_overflow
                0x0000000031000494                __bcc_trap_window_underflow
 .text          0x00000000310004f4      0x1b0 /home/fsw/rep/tasa/lib/bcc-2.2.3-gcc/bin/../sparc-gaisler-elf/bsp/gr716/leon3/libbcc.a(interrupt_trap.S.o)
                0x00000000310004f4                __bcc_trap_interrupt_svt
                0x00000000310004f8                __bcc_trap_interrupt
 .text          0x00000000310006a4       0x88 /home/fsw/rep/tasa/lib/bcc-2.2.3-gcc/bin/../sparc-gaisler-elf/bsp/gr716/leon3/libbcc.a(flush_windows_trap.S.o)
                0x00000000310006a4                __bcc_trap_flush_windows
 .text          0x000000003100072c       0x2c /home/fsw/rep/tasa/lib/bcc-2.2.3-gcc/bin/../sparc-gaisler-elf/bsp/gr716/leon3/libbcc.a(sw_trap_set_pil.S.o)
                0x000000003100072c                __bcc_trap_sw_set_pil
 .text          0x0000000031000758        0x0 /home/fsw/rep/tasa/lib/bcc-2.2.3-gcc/bin/../sparc-gaisler-elf/bsp/gr716/leon3/libbcc.a(isr.c.o)
 .text          0x0000000031000758        0x0 /home/fsw/rep/tasa/lib/bcc-2.2.3-gcc/bin/../sparc-gaisler-elf/bsp/gr716/leon3/libbcc.a(int_nest.c.o)
 .text          0x0000000031000758        0x8 /home/fsw/rep/tasa/lib/bcc-2.2.3-gcc/bin/../sparc-gaisler-elf/bsp/gr716/leon3/libbcc.a(init.S.o)
                0x0000000031000758                __bcc_init50
                0x0000000031000758                __bcc_init40
                0x0000000031000758                __bcc_init70
                0x0000000031000758                __bcc_init60
 .text          0x0000000031000760       0x98 /home/fsw/rep/tasa/lib/bcc-2.2.3-gcc/bin/../sparc-gaisler-elf/bsp/gr716/leon3/libbcc.a(leon_info.S.o)
                0x0000000031000760                __bcc_get_leon_info
                0x00000000310007e8                bcc_get_cpuid
 .text          0x00000000310007f8       0x2c /home/fsw/rep/tasa/lib/bcc-2.2.3-gcc/bin/../sparc-gaisler-elf/bsp/gr716/leon3/libbcc.a(dwzero.S.o)
                0x00000000310007f8                bcc_dwzero
 .text          0x0000000031000824       0x5c /home/fsw/rep/tasa/lib/bcc-2.2.3-gcc/bin/../sparc-gaisler-elf/bsp/gr716/leon3/libbcc.a(copy_data.c.o)
                0x0000000031000824                __bcc_copy_data
 .text          0x0000000031000880        0x0 /home/fsw/rep/tasa/lib/bcc-2.2.3-gcc/bin/../sparc-gaisler-elf/bsp/gr716/leon3/libbcc.a(argv.c.o)
 .text          0x0000000031000880       0x48 /home/fsw/rep/tasa/lib/bcc-2.2.3-gcc/bin/../sparc-gaisler-elf/bsp/gr716/leon3/libbcc.a(int_irqmp_get_source.c.o)
                0x0000000031000880                __bcc_int_get_source
 .text          0x00000000310008c8       0x9c /home/fsw/rep/tasa/lib/bcc-2.2.3-gcc/bin/../sparc-gaisler-elf/bsp/gr716/leon3/libbcc.a(int_irqmp_mp.c.o)
                0x00000000310008c8                bcc_send_interrupt
                0x0000000031000904                bcc_get_cpu_count
                0x0000000031000930                bcc_start_processor
 .text          0x0000000031000964        0x8 /home/fsw/rep/tasa/lib/bcc-2.2.3-gcc/bin/../sparc-gaisler-elf/bsp/gr716/leon3/libbcc.a(int_irqmp_init.c.o)
                0x0000000031000964                __bcc_int_init
 .text          0x000000003100096c       0x64 /home/fsw/rep/tasa/lib/bcc-2.2.3-gcc/bin/../sparc-gaisler-elf/bsp/gr716/leon3/libbcc.a(bsp_timer_init.c.o)
                0x000000003100096c                __bcc_timer_init
 .text          0x00000000310009d0       0x8c /home/fsw/rep/tasa/lib/bcc-2.2.3-gcc/bin/../sparc-gaisler-elf/bsp/gr716/leon3/libbcc.a(bsp_con_init.c.o)
                0x00000000310009d0                __bcc_con_init
 .text          0x0000000031000a5c        0x0 /home/fsw/rep/tasa/lib/bcc-2.2.3-gcc/bin/../sparc-gaisler-elf/bsp/gr716/leon3/libbcc.a(int_irqmp_handle.c.o)
 .text          0x0000000031000a5c        0x0 /home/fsw/rep/tasa/lib/bcc-2.2.3-gcc/bin/../sparc-gaisler-elf/bsp/gr716/leon3/libbcc.a(con_handle.c.o)
 .text          0x0000000031000a5c        0x0 /home/fsw/rep/tasa/lib/bcc-2.2.3-gcc/bin/../sparc-gaisler-elf/bsp/gr716/leon3/libbcc.a(timer_handle.c.o)
 .text          0x0000000031000a5c        0x0 /home/fsw/rep/tasa/lib/bcc-2.2.3-gcc/bin/../sparc-gaisler-elf/bsp/gr716/leon3/libbcc.a(bsp_sysfreq.c.o)
 .text          0x0000000031000a5c       0x1c /home/fsw/rep/tasa/lib/bcc-2.2.3-gcc/bin/../lib/gcc/sparc-gaisler-elf/10.2.0/../../../../sparc-gaisler-elf/lib/leon3/libc_nano.a(lib_a-atexit.o)
                0x0000000031000a5c                atexit
 .text          0x0000000031000a78       0x4c /home/fsw/rep/tasa/lib/bcc-2.2.3-gcc/bin/../lib/gcc/sparc-gaisler-elf/10.2.0/../../../../sparc-gaisler-elf/lib/leon3/libc_nano.a(lib_a-exit.o)
                0x0000000031000a78                exit
 .text          0x0000000031000ac4        0x0 /home/fsw/rep/tasa/lib/bcc-2.2.3-gcc/bin/../lib/gcc/sparc-gaisler-elf/10.2.0/../../../../sparc-gaisler-elf/lib/leon3/libc_nano.a(lib_a-impure.o)
 .text          0x0000000031000ac4      0x9cc /home/fsw/rep/tasa/lib/bcc-2.2.3-gcc/bin/../lib/gcc/sparc-gaisler-elf/10.2.0/../../../../sparc-gaisler-elf/lib/leon3/libc_nano.a(lib_a-nano-vfprintf_float.o)
                0x0000000031000ac4                __cvt
                0x0000000031000c0c                __exponent
                0x0000000031000cf8                _printf_float
 .text          0x0000000031001490      0x59c /home/fsw/rep/tasa/lib/bcc-2.2.3-gcc/bin/../lib/gcc/sparc-gaisler-elf/10.2.0/../../../../sparc-gaisler-elf/lib/leon3/libc_nano.a(lib_a-nano-vfprintf_i.o)
                0x00000000310014e8                _printf_common
                0x0000000031001660                _printf_i
 .text          0x0000000031001a2c       0xb8 /home/fsw/rep/tasa/lib/bcc-2.2.3-gcc/bin/../lib/gcc/sparc-gaisler-elf/10.2.0/../../../../sparc-gaisler-elf/lib/leon3/libc_nano.a(lib_a-printf.o)
                0x0000000031001a2c                _printf_r
                0x0000000031001a2c                _iprintf_r
                0x0000000031001a80                printf
                0x0000000031001a80                iprintf
 .text          0x0000000031001ae4       0x74 /home/fsw/rep/tasa/lib/bcc-2.2.3-gcc/bin/../lib/gcc/sparc-gaisler-elf/10.2.0/../../../../sparc-gaisler-elf/lib/leon3/libc_nano.a(lib_a-putchar.o)
                0x0000000031001ae4                _putchar_r
                0x0000000031001b18                putchar
 .text          0x0000000031001b58      0x1a8 /home/fsw/rep/tasa/lib/bcc-2.2.3-gcc/bin/../lib/gcc/sparc-gaisler-elf/10.2.0/../../../../sparc-gaisler-elf/lib/leon3/libc_nano.a(lib_a-puts.o)
                0x0000000031001b58                _puts_r
                0x0000000031001ce8                puts
 .text          0x0000000031001d00       0x1c /home/fsw/rep/tasa/lib/bcc-2.2.3-gcc/bin/../lib/gcc/sparc-gaisler-elf/10.2.0/../../../../sparc-gaisler-elf/lib/leon3/libc_nano.a(lib_a-strlen.o)
                0x0000000031001d00                strlen
 .text          0x0000000031001d1c      0x168 /home/fsw/rep/tasa/lib/bcc-2.2.3-gcc/bin/../lib/gcc/sparc-gaisler-elf/10.2.0/../../../../sparc-gaisler-elf/lib/leon3/libc_nano.a(lib_a-wbuf.o)
                0x0000000031001d1c                __swbuf_r
                0x0000000031001e68                __swbuf
 .text          0x0000000031001e84      0x184 /home/fsw/rep/tasa/lib/bcc-2.2.3-gcc/bin/../lib/gcc/sparc-gaisler-elf/10.2.0/../../../../sparc-gaisler-elf/lib/leon3/libc_nano.a(lib_a-wsetup.o)
                0x0000000031001e84                __swsetup_r
 .text          0x0000000031002008      0x138 /home/fsw/rep/tasa/lib/bcc-2.2.3-gcc/bin/../lib/gcc/sparc-gaisler-elf/10.2.0/../../../../sparc-gaisler-elf/lib/leon3/libc_nano.a(lib_a-__atexit.o)
                0x0000000031002008                __register_exitproc
 .text          0x0000000031002140      0x180 /home/fsw/rep/tasa/lib/bcc-2.2.3-gcc/bin/../lib/gcc/sparc-gaisler-elf/10.2.0/../../../../sparc-gaisler-elf/lib/leon3/libc_nano.a(lib_a-__call_atexit.o)
                0x0000000031002140                __call_exitprocs
 .text          0x00000000310022c0     0x1190 /home/fsw/rep/tasa/lib/bcc-2.2.3-gcc/bin/../lib/gcc/sparc-gaisler-elf/10.2.0/../../../../sparc-gaisler-elf/lib/leon3/libc_nano.a(lib_a-dtoa.o)
                0x00000000310024a0                _dtoa_r
 .text          0x0000000031003450      0x2ec /home/fsw/rep/tasa/lib/bcc-2.2.3-gcc/bin/../lib/gcc/sparc-gaisler-elf/10.2.0/../../../../sparc-gaisler-elf/lib/leon3/libc_nano.a(lib_a-fflush.o)
                0x0000000031003450                __sflush_r
                0x0000000031003668                _fflush_r
                0x0000000031003704                fflush
 .text          0x000000003100373c      0x258 /home/fsw/rep/tasa/lib/bcc-2.2.3-gcc/bin/../lib/gcc/sparc-gaisler-elf/10.2.0/../../../../sparc-gaisler-elf/lib/leon3/libc_nano.a(lib_a-findfp.o)
                0x000000003100373c                _cleanup_r
                0x00000000310037c4                __sfmoreglue
                0x0000000031003808                _cleanup
                0x000000003100381c                __sinit
                0x00000000310038c0                __sfp
 .text          0x0000000031003994       0xd0 /home/fsw/rep/tasa/lib/bcc-2.2.3-gcc/bin/../lib/gcc/sparc-gaisler-elf/10.2.0/../../../../sparc-gaisler-elf/lib/leon3/libc_nano.a(lib_a-fwalk.o)
                0x0000000031003994                _fwalk
                0x00000000310039fc                _fwalk_reent
 .text          0x0000000031003a64       0x58 /home/fsw/rep/tasa/lib/bcc-2.2.3-gcc/bin/../lib/gcc/sparc-gaisler-elf/10.2.0/../../../../sparc-gaisler-elf/lib/leon3/libc_nano.a(lib_a-localeconv.o)
                0x0000000031003a64                __localeconv_l
                0x0000000031003a6c                _localeconv_r
                0x0000000031003a94                localeconv
 .text          0x0000000031003abc      0x154 /home/fsw/rep/tasa/lib/bcc-2.2.3-gcc/bin/../lib/gcc/sparc-gaisler-elf/10.2.0/../../../../sparc-gaisler-elf/lib/leon3/libc_nano.a(lib_a-makebuf.o)
                0x0000000031003abc                __swhatbuf_r
                0x0000000031003b2c                __smakebuf_r
 .text          0x0000000031003c10       0x30 /home/fsw/rep/tasa/lib/bcc-2.2.3-gcc/bin/../lib/gcc/sparc-gaisler-elf/10.2.0/../../../../sparc-gaisler-elf/lib/leon3/libc_nano.a(lib_a-malloc.o)
                0x0000000031003c10                malloc
                0x0000000031003c28                free
 .text          0x0000000031003c40       0x34 /home/fsw/rep/tasa/lib/bcc-2.2.3-gcc/bin/../lib/gcc/sparc-gaisler-elf/10.2.0/../../../../sparc-gaisler-elf/lib/leon3/libc_nano.a(lib_a-memchr.o)
                0x0000000031003c40                memchr
 .text          0x0000000031003c74       0x24 /home/fsw/rep/tasa/lib/bcc-2.2.3-gcc/bin/../lib/gcc/sparc-gaisler-elf/10.2.0/../../../../sparc-gaisler-elf/lib/leon3/libc_nano.a(lib_a-memcpy.o)
                0x0000000031003c74                memcpy
 .text          0x0000000031003c98       0x20 /home/fsw/rep/tasa/lib/bcc-2.2.3-gcc/bin/../lib/gcc/sparc-gaisler-elf/10.2.0/../../../../sparc-gaisler-elf/lib/leon3/libc_nano.a(lib_a-memset.o)
                0x0000000031003c98                memset
 .text          0x0000000031003cb8      0xeb8 /home/fsw/rep/tasa/lib/bcc-2.2.3-gcc/bin/../lib/gcc/sparc-gaisler-elf/10.2.0/../../../../sparc-gaisler-elf/lib/leon3/libc_nano.a(lib_a-mprec.o)
                0x0000000031003cb8                _Balloc
                0x0000000031003d8c                _Bfree
                0x0000000031003dec                __multadd
                0x0000000031003ec0                __s2b
                0x0000000031003f98                __hi0bits
                0x0000000031004018                __lo0bits
                0x00000000310040e0                __i2b
                0x0000000031004104                __multiply
                0x00000000310042f0                __pow5mult
                0x0000000031004408                __lshift
                0x0000000031004538                __mcmp
                0x0000000031004598                __mdiff
                0x000000003100473c                __ulp
                0x00000000310047ac                __b2d
                0x0000000031004890                __d2b
                0x00000000310049a0                __ratio
                0x0000000031004a30                _mprec_log10
                0x0000000031004a70                __copybits
                0x0000000031004af0                __any_on
 .text          0x0000000031004b70       0x34 /home/fsw/rep/tasa/lib/bcc-2.2.3-gcc/bin/../lib/gcc/sparc-gaisler-elf/10.2.0/../../../../sparc-gaisler-elf/lib/leon3/libc_nano.a(lib_a-nano-callocr.o)
                0x0000000031004b70                _calloc_r
 .text          0x0000000031004ba4      0x130 /home/fsw/rep/tasa/lib/bcc-2.2.3-gcc/bin/../lib/gcc/sparc-gaisler-elf/10.2.0/../../../../sparc-gaisler-elf/lib/leon3/libc_nano.a(lib_a-nano-freer.o)
                0x0000000031004ba4                _free_r
 .text          0x0000000031004cd4      0x150 /home/fsw/rep/tasa/lib/bcc-2.2.3-gcc/bin/../lib/gcc/sparc-gaisler-elf/10.2.0/../../../../sparc-gaisler-elf/lib/leon3/libc_nano.a(lib_a-nano-mallocr.o)
                0x0000000031004cd4                _malloc_r
 .text          0x0000000031004e24      0x4f4 /home/fsw/rep/tasa/lib/bcc-2.2.3-gcc/bin/../lib/gcc/sparc-gaisler-elf/10.2.0/../../../../sparc-gaisler-elf/lib/leon3/libc_nano.a(lib_a-nano-vfprintf.o)
                0x0000000031004e84                __sfputs_r
                0x0000000031004ec4                __sprint_r
                0x0000000031004f00                _vfiprintf_r
                0x0000000031004f00                _vfprintf_r
                0x00000000310052f8                vfiprintf
                0x00000000310052f8                vfprintf
 .text          0x0000000031005318       0xe8 /home/fsw/rep/tasa/lib/bcc-2.2.3-gcc/bin/../lib/gcc/sparc-gaisler-elf/10.2.0/../../../../sparc-gaisler-elf/lib/leon3/libc_nano.a(lib_a-putc.o)
                0x0000000031005318                _putc_r
                0x00000000310053e4                putc
 .text          0x0000000031005400       0x34 /home/fsw/rep/tasa/lib/bcc-2.2.3-gcc/bin/../lib/gcc/sparc-gaisler-elf/10.2.0/../../../../sparc-gaisler-elf/lib/leon3/libc_nano.a(lib_a-sbrkr.o)
                0x0000000031005400                _sbrk_r
 .text          0x0000000031005434       0xf8 /home/fsw/rep/tasa/lib/bcc-2.2.3-gcc/bin/../lib/gcc/sparc-gaisler-elf/10.2.0/../../../../sparc-gaisler-elf/lib/leon3/libc_nano.a(lib_a-stdio.o)
                0x0000000031005434                __sread
                0x0000000031005480                __seofread
                0x0000000031005488                __swrite
                0x00000000310054cc                __sseek
                0x000000003100551c                __sclose
 .text          0x000000003100552c       0x3c /home/fsw/rep/tasa/lib/bcc-2.2.3-gcc/bin/../lib/gcc/sparc-gaisler-elf/10.2.0/../../../../sparc-gaisler-elf/lib/leon3/libc_nano.a(lib_a-writer.o)
                0x000000003100552c                _write_r
 .text          0x0000000031005568       0x34 /home/fsw/rep/tasa/lib/bcc-2.2.3-gcc/bin/../lib/gcc/sparc-gaisler-elf/10.2.0/../../../../sparc-gaisler-elf/lib/leon3/libc_nano.a(lib_a-closer.o)
                0x0000000031005568                _close_r
 .text          0x000000003100559c       0x38 /home/fsw/rep/tasa/lib/bcc-2.2.3-gcc/bin/../lib/gcc/sparc-gaisler-elf/10.2.0/../../../../sparc-gaisler-elf/lib/leon3/libc_nano.a(lib_a-fstatr.o)
                0x000000003100559c                _fstat_r
 .text          0x00000000310055d4      0x4b0 /home/fsw/rep/tasa/lib/bcc-2.2.3-gcc/bin/../lib/gcc/sparc-gaisler-elf/10.2.0/../../../../sparc-gaisler-elf/lib/leon3/libc_nano.a(lib_a-fvwrite.o)
                0x00000000310055d4                __sfvwrite_r
 .text          0x0000000031005a84       0x34 /home/fsw/rep/tasa/lib/bcc-2.2.3-gcc/bin/../lib/gcc/sparc-gaisler-elf/10.2.0/../../../../sparc-gaisler-elf/lib/leon3/libc_nano.a(lib_a-isattyr.o)
                0x0000000031005a84                _isatty_r
 .text          0x0000000031005ab8       0xdc /home/fsw/rep/tasa/lib/bcc-2.2.3-gcc/bin/../lib/gcc/sparc-gaisler-elf/10.2.0/../../../../sparc-gaisler-elf/lib/leon3/libc_nano.a(lib_a-locale.o)
                0x0000000031005ab8                _setlocale_r
                0x0000000031005b20                __locale_mb_cur_max
                0x0000000031005b48                __locale_ctype_ptr_l
                0x0000000031005b50                __locale_ctype_ptr
                0x0000000031005b78                setlocale
 .text          0x0000000031005b94       0x3c /home/fsw/rep/tasa/lib/bcc-2.2.3-gcc/bin/../lib/gcc/sparc-gaisler-elf/10.2.0/../../../../sparc-gaisler-elf/lib/leon3/libc_nano.a(lib_a-lseekr.o)
                0x0000000031005b94                _lseek_r
 .text          0x0000000031005bd0       0x8c /home/fsw/rep/tasa/lib/bcc-2.2.3-gcc/bin/../lib/gcc/sparc-gaisler-elf/10.2.0/../../../../sparc-gaisler-elf/lib/leon3/libc_nano.a(lib_a-mbtowc_r.o)
                0x0000000031005bd0                _mbtowc_r
                0x0000000031005c18                __ascii_mbtowc
 .text          0x0000000031005c5c       0x60 /home/fsw/rep/tasa/lib/bcc-2.2.3-gcc/bin/../lib/gcc/sparc-gaisler-elf/10.2.0/../../../../sparc-gaisler-elf/lib/leon3/libc_nano.a(lib_a-memmove.o)
                0x0000000031005c5c                memmove
 .text          0x0000000031005cbc       0x10 /home/fsw/rep/tasa/lib/bcc-2.2.3-gcc/bin/../lib/gcc/sparc-gaisler-elf/10.2.0/../../../../sparc-gaisler-elf/lib/leon3/libc_nano.a(lib_a-mlock.o)
                0x0000000031005cbc                __malloc_lock
                0x0000000031005cc4                __malloc_unlock
 .text          0x0000000031005ccc       0x74 /home/fsw/rep/tasa/lib/bcc-2.2.3-gcc/bin/../lib/gcc/sparc-gaisler-elf/10.2.0/../../../../sparc-gaisler-elf/lib/leon3/libc_nano.a(lib_a-nano-reallocr.o)
                0x0000000031005ccc                _realloc_r
 .text          0x0000000031005d40       0x3c /home/fsw/rep/tasa/lib/bcc-2.2.3-gcc/bin/../lib/gcc/sparc-gaisler-elf/10.2.0/../../../../sparc-gaisler-elf/lib/leon3/libc_nano.a(lib_a-readr.o)
                0x0000000031005d40                _read_r
 .text          0x0000000031005d7c      0x1b8 /home/fsw/rep/tasa/lib/bcc-2.2.3-gcc/bin/../lib/gcc/sparc-gaisler-elf/10.2.0/../../../../sparc-gaisler-elf/lib/leon3/libc_nano.a(lib_a-reent.o)
                0x0000000031005d7c                cleanup_glue
                0x0000000031005da0                _reclaim_reent
 .text          0x0000000031005f34       0x3c /home/fsw/rep/tasa/lib/bcc-2.2.3-gcc/bin/../lib/gcc/sparc-gaisler-elf/10.2.0/../../../../sparc-gaisler-elf/lib/leon3/libc_nano.a(lib_a-strcmp.o)
                0x0000000031005f34                strcmp
 .text          0x0000000031005f70       0x78 /home/fsw/rep/tasa/lib/bcc-2.2.3-gcc/bin/../lib/gcc/sparc-gaisler-elf/10.2.0/../../../../sparc-gaisler-elf/lib/leon3/libc_nano.a(lib_a-wctomb_r.o)
                0x0000000031005f70                _wctomb_r
                0x0000000031005fb4                __ascii_wctomb
 .text          0x0000000031005fe8        0x0 /home/fsw/rep/tasa/lib/bcc-2.2.3-gcc/bin/../lib/gcc/sparc-gaisler-elf/10.2.0/../../../../sparc-gaisler-elf/lib/leon3/libc_nano.a(lib_a-ctype_.o)
 .text          0x0000000031005fe8       0x20 /home/fsw/rep/tasa/lib/bcc-2.2.3-gcc/bin/../lib/gcc/sparc-gaisler-elf/10.2.0/../../../../sparc-gaisler-elf/lib/leon3/libc_nano.a(lib_a-nano-msizer.o)
                0x0000000031005fe8                _malloc_usable_size_r
 .text          0x0000000031006008       0x10 /home/fsw/rep/tasa/lib/bcc-2.2.3-gcc/bin/../sparc-gaisler-elf/bsp/gr716/leon3/libbcc.a(_exit.S.o)
                0x0000000031006008                _exit
 .text          0x0000000031006018       0x4c /home/fsw/rep/tasa/lib/bcc-2.2.3-gcc/bin/../sparc-gaisler-elf/bsp/gr716/leon3/libbcc.a(read.c.o)
                0x0000000031006018                read
 .text          0x0000000031006064       0xb0 /home/fsw/rep/tasa/lib/bcc-2.2.3-gcc/bin/../sparc-gaisler-elf/bsp/gr716/leon3/libbcc.a(sbrk.c.o)
                0x0000000031006064                sbrk
 .text          0x0000000031006114        0x0 /home/fsw/rep/tasa/lib/bcc-2.2.3-gcc/bin/../sparc-gaisler-elf/bsp/gr716/leon3/libbcc.a(heap.c.o)
 .text          0x0000000031006114       0x64 /home/fsw/rep/tasa/lib/bcc-2.2.3-gcc/bin/../sparc-gaisler-elf/bsp/gr716/leon3/libbcc.a(write.c.o)
                0x0000000031006114                write
 .text          0x0000000031006178       0x20 /home/fsw/rep/tasa/lib/bcc-2.2.3-gcc/bin/../sparc-gaisler-elf/bsp/gr716/leon3/libbcc.a(stubs.S.o)
                0x0000000031006178                execve
                0x0000000031006178                lseek
                0x0000000031006178                fstat
                0x0000000031006178                kill
                0x0000000031006178                wait
                0x0000000031006178                unlink
                0x0000000031006178                fork
                0x0000000031006178                stat
                0x0000000031006178                link
                0x0000000031006178                open
                0x0000000031006178                close
                0x0000000031006190                getpid
                0x0000000031006190                isatty
 .text          0x0000000031006198       0xc4 /home/fsw/rep/tasa/lib/bcc-2.2.3-gcc/bin/../sparc-gaisler-elf/bsp/gr716/leon3/libbcc.a(con_apbuart.c.o)
                0x0000000031006198                __bcc_con_outbyte
                0x0000000031006228                __bcc_con_inbyte
 .text          0x000000003100625c       0x48 /home/fsw/rep/tasa/lib/bcc-2.2.3-gcc/bin/../lib/gcc/sparc-gaisler-elf/10.2.0/leon3/crtend.o
 .text          0x00000000310062a4        0x0 /home/fsw/rep/tasa/lib/bcc-2.2.3-gcc/bin/../lib/gcc/sparc-gaisler-elf/10.2.0/leon3/crtn.o
                0x00000000310062b0                . = ALIGN (0x10)
 *fill*         0x00000000310062a4        0xc 
 *(.eh_frame)
 .eh_frame      0x00000000310062b0        0x0 /home/fsw/rep/tasa/lib/bcc-2.2.3-gcc/bin/../lib/gcc/sparc-gaisler-elf/10.2.0/leon3/crtbegin.o
 .eh_frame      0x00000000310062b0        0x4 /home/fsw/rep/tasa/lib/bcc-2.2.3-gcc/bin/../lib/gcc/sparc-gaisler-elf/10.2.0/leon3/crtend.o
                0x00000000310062c0                . = ALIGN (0x10)
 *fill*         0x00000000310062b4        0xc 
 *(.gnu.linkonce.t*)
                0x00000000310062c0                ___CTOR_LIST__ = .
                0x00000000310062c0        0x4 LONG 0x2 (((___CTOR_END__ - ___CTOR_LIST__) / 0x4) - 0x2)
 *(SORT_BY_NAME(.ctors.*))
 *(.ctors)
 .ctors         0x00000000310062c4        0x4 /home/fsw/rep/tasa/lib/bcc-2.2.3-gcc/bin/../lib/gcc/sparc-gaisler-elf/10.2.0/leon3/crtbegin.o
 .ctors         0x00000000310062c8        0x4 /home/fsw/rep/tasa/lib/bcc-2.2.3-gcc/bin/../lib/gcc/sparc-gaisler-elf/10.2.0/leon3/crtend.o
                0x00000000310062cc        0x4 LONG 0x0
                0x00000000310062d0                ___CTOR_END__ = .
                0x00000000310062d0                ___DTOR_LIST__ = .
                0x00000000310062d0        0x4 LONG 0x2 (((___DTOR_END__ - ___DTOR_LIST__) / 0x4) - 0x2)
 *(SORT_BY_NAME(.dtors.*))
 *(.dtors)
 .dtors         0x00000000310062d4        0x4 /home/fsw/rep/tasa/lib/bcc-2.2.3-gcc/bin/../lib/gcc/sparc-gaisler-elf/10.2.0/leon3/crtbegin.o
 .dtors         0x00000000310062d8        0x4 /home/fsw/rep/tasa/lib/bcc-2.2.3-gcc/bin/../lib/gcc/sparc-gaisler-elf/10.2.0/leon3/crtend.o
                0x00000000310062d8                __DTOR_END__
                0x00000000310062dc        0x4 LONG 0x0
                0x00000000310062e0                ___DTOR_END__ = .
 *(.gnu.linkonce*)
 *(.init)
 .init          0x00000000310062e0        0x4 /home/fsw/rep/tasa/lib/bcc-2.2.3-gcc/bin/../lib/gcc/sparc-gaisler-elf/10.2.0/leon3/crti.o
                0x00000000310062e0                _init
 .init          0x00000000310062e4        0x8 /home/fsw/rep/tasa/lib/bcc-2.2.3-gcc/bin/../lib/gcc/sparc-gaisler-elf/10.2.0/leon3/crtbegin.o
 .init          0x00000000310062ec        0x8 /home/fsw/rep/tasa/lib/bcc-2.2.3-gcc/bin/../lib/gcc/sparc-gaisler-elf/10.2.0/leon3/crtend.o
 .init          0x00000000310062f4        0xc /home/fsw/rep/tasa/lib/bcc-2.2.3-gcc/bin/../lib/gcc/sparc-gaisler-elf/10.2.0/leon3/crtn.o
 *(.fini)
 .fini          0x0000000031006300        0x4 /home/fsw/rep/tasa/lib/bcc-2.2.3-gcc/bin/../lib/gcc/sparc-gaisler-elf/10.2.0/leon3/crti.o
                0x0000000031006300                _fini
 .fini          0x0000000031006304        0x8 /home/fsw/rep/tasa/lib/bcc-2.2.3-gcc/bin/../lib/gcc/sparc-gaisler-elf/10.2.0/leon3/crtbegin.o
 .fini          0x000000003100630c        0xc /home/fsw/rep/tasa/lib/bcc-2.2.3-gcc/bin/../lib/gcc/sparc-gaisler-elf/10.2.0/leon3/crtn.o
 *(.lit)
 *(.shdata)
                0x0000000031006320                . = ALIGN (0x10)
 *fill*         0x0000000031006318        0x8 
                0x0000000031006320                __text_end = .

.gcc_except_table
 *(.gcc_except_table.*)

.rodata         0x0000000030000000      0x730
                0x0000000030000000                __rodata_start = .
 *(.rodata*)
 .rodata.str1.8
                0x0000000030000000       0xcf /tmp/ccsxG5Hn.o
 *fill*         0x00000000300000cf        0x1 
 .rodata        0x00000000300000d0        0x5 /tmp/ccsxG5Hn.o
 *fill*         0x00000000300000d5        0x3 
 .rodata        0x00000000300000d8       0xc0 /home/fsw/rep/tasa/lib/bcc-2.2.3-gcc/bin/../sparc-gaisler-elf/bsp/gr716/leon3/libbcc.a(trap_table_svt_tables.S.o)
                0x00000000300000d8                __bcc_trap_table_svt_0
                0x0000000030000118                __bcc_trap_table_svt_8
                0x0000000030000158                __bcc_trap_table_svt_4
                0x0000000030000158                __bcc_trap_table_svt_allbad
                0x0000000030000158                __bcc_trap_table_svt_c
                0x0000000030000158                __bcc_trap_table_svt_3
                0x0000000030000158                __bcc_trap_table_svt_7
                0x0000000030000158                __bcc_trap_table_svt_5
                0x0000000030000158                __bcc_trap_table_svt_e
                0x0000000030000158                __bcc_trap_table_svt_2
                0x0000000030000158                __bcc_trap_table_svt_6
                0x0000000030000158                __bcc_trap_table_svt_b
                0x0000000030000158                __bcc_trap_table_svt_a
                0x0000000030000158                __bcc_trap_table_svt_d
                0x0000000030000158                __bcc_trap_table_svt_f
                0x0000000030000158                __bcc_trap_table_svt_9
 .rodata        0x0000000030000198       0x80 /home/fsw/rep/tasa/lib/bcc-2.2.3-gcc/bin/../sparc-gaisler-elf/bsp/gr716/leon3/libbcc.a(trap_table_svt_level0.S.o)
                0x0000000030000198                __bcc_trap_table_svt_1
                0x00000000300001d8                __bcc_trap_table_svt_level0
 .rodata        0x0000000030000218        0x4 /home/fsw/rep/tasa/lib/bcc-2.2.3-gcc/bin/../sparc-gaisler-elf/bsp/gr716/leon3/libbcc.a(bsp_sysfreq.c.o)
                0x0000000030000218                __bsp_sysfreq
 .rodata        0x000000003000021c        0x4 /home/fsw/rep/tasa/lib/bcc-2.2.3-gcc/bin/../lib/gcc/sparc-gaisler-elf/10.2.0/../../../../sparc-gaisler-elf/lib/leon3/libc_nano.a(lib_a-impure.o)
                0x000000003000021c                _global_impure_ptr
 .rodata.str1.8
                0x0000000030000220       0x22 /home/fsw/rep/tasa/lib/bcc-2.2.3-gcc/bin/../lib/gcc/sparc-gaisler-elf/10.2.0/../../../../sparc-gaisler-elf/lib/leon3/libc_nano.a(lib_a-nano-vfprintf_float.o)
 *fill*         0x0000000030000242        0x6 
 .rodata.cst8   0x0000000030000248       0x10 /home/fsw/rep/tasa/lib/bcc-2.2.3-gcc/bin/../lib/gcc/sparc-gaisler-elf/10.2.0/../../../../sparc-gaisler-elf/lib/leon3/libc_nano.a(lib_a-nano-vfprintf_float.o)
 .rodata.str1.8
                0x0000000030000258       0x29 /home/fsw/rep/tasa/lib/bcc-2.2.3-gcc/bin/../lib/gcc/sparc-gaisler-elf/10.2.0/../../../../sparc-gaisler-elf/lib/leon3/libc_nano.a(lib_a-nano-vfprintf_i.o)
 .rodata        0x0000000030000281        0x0 /home/fsw/rep/tasa/lib/bcc-2.2.3-gcc/bin/../lib/gcc/sparc-gaisler-elf/10.2.0/../../../../sparc-gaisler-elf/lib/leon3/libc_nano.a(lib_a-nano-vfprintf_i.o)
 *fill*         0x0000000030000281        0x7 
 .rodata.str1.8
                0x0000000030000288       0x14 /home/fsw/rep/tasa/lib/bcc-2.2.3-gcc/bin/../lib/gcc/sparc-gaisler-elf/10.2.0/../../../../sparc-gaisler-elf/lib/leon3/libc_nano.a(lib_a-dtoa.o)
                                         0x1a (size before relaxing)
 *fill*         0x000000003000029c        0x4 
 .rodata.cst8   0x00000000300002a0       0x50 /home/fsw/rep/tasa/lib/bcc-2.2.3-gcc/bin/../lib/gcc/sparc-gaisler-elf/10.2.0/../../../../sparc-gaisler-elf/lib/leon3/libc_nano.a(lib_a-dtoa.o)
                                         0x58 (size before relaxing)
 .rodata        0x00000000300002f0       0x60 /home/fsw/rep/tasa/lib/bcc-2.2.3-gcc/bin/../lib/gcc/sparc-gaisler-elf/10.2.0/../../../../sparc-gaisler-elf/lib/leon3/libc_nano.a(lib_a-findfp.o)
                0x00000000300002f0                __sf_fake_stderr
                0x0000000030000310                __sf_fake_stdout
                0x0000000030000330                __sf_fake_stdin
 .rodata.cst8   0x0000000030000350       0x10 /home/fsw/rep/tasa/lib/bcc-2.2.3-gcc/bin/../lib/gcc/sparc-gaisler-elf/10.2.0/../../../../sparc-gaisler-elf/lib/leon3/libc_nano.a(lib_a-mprec.o)
 .rodata        0x0000000030000350      0x128 /home/fsw/rep/tasa/lib/bcc-2.2.3-gcc/bin/../lib/gcc/sparc-gaisler-elf/10.2.0/../../../../sparc-gaisler-elf/lib/leon3/libc_nano.a(lib_a-mprec.o)
                0x0000000030000360                __mprec_tinytens
                0x0000000030000388                __mprec_bigtens
                0x00000000300003b0                __mprec_tens
 .rodata.str1.8
                0x0000000030000478       0x17 /home/fsw/rep/tasa/lib/bcc-2.2.3-gcc/bin/../lib/gcc/sparc-gaisler-elf/10.2.0/../../../../sparc-gaisler-elf/lib/leon3/libc_nano.a(lib_a-nano-vfprintf.o)
 *fill*         0x000000003000048f        0x1 
 .rodata.str1.8
                0x0000000030000490       0x12 /home/fsw/rep/tasa/lib/bcc-2.2.3-gcc/bin/../lib/gcc/sparc-gaisler-elf/10.2.0/../../../../sparc-gaisler-elf/lib/leon3/libc_nano.a(lib_a-locale.o)
                                         0x1a (size before relaxing)
 *fill*         0x00000000300004a2        0x6 
 .rodata        0x00000000300004a8      0x288 /home/fsw/rep/tasa/lib/bcc-2.2.3-gcc/bin/../lib/gcc/sparc-gaisler-elf/10.2.0/../../../../sparc-gaisler-elf/lib/leon3/libc_nano.a(lib_a-ctype_.o)
                0x00000000300004a8                _ctype_
                0x00000000300005b0                _ctype_b
 *(.gnu.linkonce.r*)
                0x0000000030000730                . = ALIGN (0x10)
                0x0000000030000730                __rodata_end = .

.rela.dyn       0x0000000030000730        0x0
 .rela.iplt     0x0000000030000730        0x0 /home/fsw/rep/tasa/lib/bcc-2.2.3-gcc/bin/../sparc-gaisler-elf/bsp/gr716/leon3/trap_table_svt.S.o
 .rela.text.traptable
                0x0000000030000730        0x0 /home/fsw/rep/tasa/lib/bcc-2.2.3-gcc/bin/../sparc-gaisler-elf/bsp/gr716/leon3/trap_table_svt.S.o
 .rela.text     0x0000000030000730        0x0 /home/fsw/rep/tasa/lib/bcc-2.2.3-gcc/bin/../sparc-gaisler-elf/bsp/gr716/leon3/trap_table_svt.S.o
 .rela.rodata   0x0000000030000730        0x0 /home/fsw/rep/tasa/lib/bcc-2.2.3-gcc/bin/../sparc-gaisler-elf/bsp/gr716/leon3/trap_table_svt.S.o

.ext.data       0x0000000040000000        0x0
                0x0000000040000000                . = ALIGN (0x8)
                0x0000000040000000                __extdata_start = .
 *(.data.ext)
                0x0000000040000000                . = ALIGN (0x8)
                0x0000000040000000                __extdata_end = .
                0x0000000040000000                __extdata_start_lma = LOADADDR (.ext.data)
                0x0000000000000000                __extdata_size = SIZEOF (.ext.data)

.data           0x0000000030000730      0x220
                0x0000000030000730                . = ALIGN (0x8)
                0x0000000030000730                __data_start = .
 *(.data .data.*)
 .data          0x0000000030000730        0x0 /home/fsw/rep/tasa/lib/bcc-2.2.3-gcc/bin/../sparc-gaisler-elf/bsp/gr716/leon3/trap_table_svt.S.o
 .data          0x0000000030000730        0x0 /home/fsw/rep/tasa/lib/bcc-2.2.3-gcc/bin/../sparc-gaisler-elf/bsp/gr716/leon3/crt0.S.o
 .data          0x0000000030000730        0x0 /home/fsw/rep/tasa/lib/bcc-2.2.3-gcc/bin/../lib/gcc/sparc-gaisler-elf/10.2.0/leon3/crti.o
 .data          0x0000000030000730        0x4 /home/fsw/rep/tasa/lib/bcc-2.2.3-gcc/bin/../lib/gcc/sparc-gaisler-elf/10.2.0/leon3/crtbegin.o
                0x0000000030000730                __dso_handle
 .data          0x0000000030000734        0x0 /tmp/ccsxG5Hn.o
 .data          0x0000000030000734        0x0 /home/fsw/rep/tasa/lib/bcc-2.2.3-gcc/bin/../sparc-gaisler-elf/bsp/gr716/leon3/libbcc.a(trap_table_svt_tables.S.o)
 .data          0x0000000030000734        0x0 /home/fsw/rep/tasa/lib/bcc-2.2.3-gcc/bin/../sparc-gaisler-elf/bsp/gr716/leon3/libbcc.a(trap_table_svt_level0.S.o)
 .data          0x0000000030000734        0x0 /home/fsw/rep/tasa/lib/bcc-2.2.3-gcc/bin/../sparc-gaisler-elf/bsp/gr716/leon3/libbcc.a(reset_trap_svt.S.o)
 .data          0x0000000030000734        0x0 /home/fsw/rep/tasa/lib/bcc-2.2.3-gcc/bin/../sparc-gaisler-elf/bsp/gr716/leon3/libbcc.a(window_trap.S.o)
 .data          0x0000000030000734        0x0 /home/fsw/rep/tasa/lib/bcc-2.2.3-gcc/bin/../sparc-gaisler-elf/bsp/gr716/leon3/libbcc.a(interrupt_trap.S.o)
 .data          0x0000000030000734        0x0 /home/fsw/rep/tasa/lib/bcc-2.2.3-gcc/bin/../sparc-gaisler-elf/bsp/gr716/leon3/libbcc.a(flush_windows_trap.S.o)
 .data          0x0000000030000734        0x0 /home/fsw/rep/tasa/lib/bcc-2.2.3-gcc/bin/../sparc-gaisler-elf/bsp/gr716/leon3/libbcc.a(sw_trap_set_pil.S.o)
 .data          0x0000000030000734        0x0 /home/fsw/rep/tasa/lib/bcc-2.2.3-gcc/bin/../sparc-gaisler-elf/bsp/gr716/leon3/libbcc.a(isr.c.o)
 *fill*         0x0000000030000734        0x4 
 .data          0x0000000030000738       0x10 /home/fsw/rep/tasa/lib/bcc-2.2.3-gcc/bin/../sparc-gaisler-elf/bsp/gr716/leon3/libbcc.a(int_nest.c.o)
                0x0000000030000738                __bcc_int_nest
 .data          0x0000000030000748        0x0 /home/fsw/rep/tasa/lib/bcc-2.2.3-gcc/bin/../sparc-gaisler-elf/bsp/gr716/leon3/libbcc.a(init.S.o)
 .data          0x0000000030000748       0x10 /home/fsw/rep/tasa/lib/bcc-2.2.3-gcc/bin/../sparc-gaisler-elf/bsp/gr716/leon3/libbcc.a(leon_info.S.o)
                0x0000000030000748                __bcc_leon_version
                0x000000003000074c                __bcc_nwindows_min1
                0x0000000030000750                __bcc_nwindows
                0x0000000030000754                __bcc_cpuid
 .data          0x0000000030000758        0x0 /home/fsw/rep/tasa/lib/bcc-2.2.3-gcc/bin/../sparc-gaisler-elf/bsp/gr716/leon3/libbcc.a(dwzero.S.o)
 .data          0x0000000030000758        0x0 /home/fsw/rep/tasa/lib/bcc-2.2.3-gcc/bin/../sparc-gaisler-elf/bsp/gr716/leon3/libbcc.a(copy_data.c.o)
 .data          0x0000000030000758        0x4 /home/fsw/rep/tasa/lib/bcc-2.2.3-gcc/bin/../sparc-gaisler-elf/bsp/gr716/leon3/libbcc.a(argv.c.o)
                0x0000000030000758                __bcc_argvp
 .data          0x000000003000075c        0x0 /home/fsw/rep/tasa/lib/bcc-2.2.3-gcc/bin/../sparc-gaisler-elf/bsp/gr716/leon3/libbcc.a(int_irqmp_get_source.c.o)
 .data          0x000000003000075c        0x0 /home/fsw/rep/tasa/lib/bcc-2.2.3-gcc/bin/../sparc-gaisler-elf/bsp/gr716/leon3/libbcc.a(int_irqmp_mp.c.o)
 .data          0x000000003000075c        0x0 /home/fsw/rep/tasa/lib/bcc-2.2.3-gcc/bin/../sparc-gaisler-elf/bsp/gr716/leon3/libbcc.a(int_irqmp_init.c.o)
 .data          0x000000003000075c        0x0 /home/fsw/rep/tasa/lib/bcc-2.2.3-gcc/bin/../sparc-gaisler-elf/bsp/gr716/leon3/libbcc.a(bsp_timer_init.c.o)
 .data          0x000000003000075c        0x0 /home/fsw/rep/tasa/lib/bcc-2.2.3-gcc/bin/../sparc-gaisler-elf/bsp/gr716/leon3/libbcc.a(bsp_con_init.c.o)
 .data          0x000000003000075c       0x10 /home/fsw/rep/tasa/lib/bcc-2.2.3-gcc/bin/../sparc-gaisler-elf/bsp/gr716/leon3/libbcc.a(int_irqmp_handle.c.o)
                0x000000003000075c                __bcc_int_irqmp_nts
                0x0000000030000760                __bcc_int_irqmp_map
                0x0000000030000764                __bcc_int_irqmp_eirq
                0x0000000030000768                __bcc_int_handle
 .data          0x000000003000076c        0x4 /home/fsw/rep/tasa/lib/bcc-2.2.3-gcc/bin/../sparc-gaisler-elf/bsp/gr716/leon3/libbcc.a(con_handle.c.o)
                0x000000003000076c                __bcc_con_handle
 .data          0x0000000030000770        0x8 /home/fsw/rep/tasa/lib/bcc-2.2.3-gcc/bin/../sparc-gaisler-elf/bsp/gr716/leon3/libbcc.a(timer_handle.c.o)
                0x0000000030000770                __bcc_timer_interrupt
                0x0000000030000774                __bcc_timer_handle
 .data          0x0000000030000778        0x0 /home/fsw/rep/tasa/lib/bcc-2.2.3-gcc/bin/../sparc-gaisler-elf/bsp/gr716/leon3/libbcc.a(bsp_sysfreq.c.o)
 .data          0x0000000030000778        0x0 /home/fsw/rep/tasa/lib/bcc-2.2.3-gcc/bin/../lib/gcc/sparc-gaisler-elf/10.2.0/../../../../sparc-gaisler-elf/lib/leon3/libc_nano.a(lib_a-atexit.o)
 .data          0x0000000030000778        0x0 /home/fsw/rep/tasa/lib/bcc-2.2.3-gcc/bin/../lib/gcc/sparc-gaisler-elf/10.2.0/../../../../sparc-gaisler-elf/lib/leon3/libc_nano.a(lib_a-exit.o)
 .data          0x0000000030000778       0x64 /home/fsw/rep/tasa/lib/bcc-2.2.3-gcc/bin/../lib/gcc/sparc-gaisler-elf/10.2.0/../../../../sparc-gaisler-elf/lib/leon3/libc_nano.a(lib_a-impure.o)
                0x0000000030000778                _impure_ptr
 .data          0x00000000300007dc        0x0 /home/fsw/rep/tasa/lib/bcc-2.2.3-gcc/bin/../lib/gcc/sparc-gaisler-elf/10.2.0/../../../../sparc-gaisler-elf/lib/leon3/libc_nano.a(lib_a-nano-vfprintf_float.o)
 .data          0x00000000300007dc        0x0 /home/fsw/rep/tasa/lib/bcc-2.2.3-gcc/bin/../lib/gcc/sparc-gaisler-elf/10.2.0/../../../../sparc-gaisler-elf/lib/leon3/libc_nano.a(lib_a-nano-vfprintf_i.o)
 .data          0x00000000300007dc        0x0 /home/fsw/rep/tasa/lib/bcc-2.2.3-gcc/bin/../lib/gcc/sparc-gaisler-elf/10.2.0/../../../../sparc-gaisler-elf/lib/leon3/libc_nano.a(lib_a-printf.o)
 .data          0x00000000300007dc        0x0 /home/fsw/rep/tasa/lib/bcc-2.2.3-gcc/bin/../lib/gcc/sparc-gaisler-elf/10.2.0/../../../../sparc-gaisler-elf/lib/leon3/libc_nano.a(lib_a-putchar.o)
 .data          0x00000000300007dc        0x0 /home/fsw/rep/tasa/lib/bcc-2.2.3-gcc/bin/../lib/gcc/sparc-gaisler-elf/10.2.0/../../../../sparc-gaisler-elf/lib/leon3/libc_nano.a(lib_a-puts.o)
 .data          0x00000000300007dc        0x0 /home/fsw/rep/tasa/lib/bcc-2.2.3-gcc/bin/../lib/gcc/sparc-gaisler-elf/10.2.0/../../../../sparc-gaisler-elf/lib/leon3/libc_nano.a(lib_a-strlen.o)
 .data          0x00000000300007dc        0x0 /home/fsw/rep/tasa/lib/bcc-2.2.3-gcc/bin/../lib/gcc/sparc-gaisler-elf/10.2.0/../../../../sparc-gaisler-elf/lib/leon3/libc_nano.a(lib_a-wbuf.o)
 .data          0x00000000300007dc        0x0 /home/fsw/rep/tasa/lib/bcc-2.2.3-gcc/bin/../lib/gcc/sparc-gaisler-elf/10.2.0/../../../../sparc-gaisler-elf/lib/leon3/libc_nano.a(lib_a-wsetup.o)
 .data          0x00000000300007dc        0x4 /home/fsw/rep/tasa/lib/bcc-2.2.3-gcc/bin/../lib/gcc/sparc-gaisler-elf/10.2.0/../../../../sparc-gaisler-elf/lib/leon3/libc_nano.a(lib_a-__atexit.o)
                0x00000000300007dc                __atexit_dummy
 .data          0x00000000300007e0        0x0 /home/fsw/rep/tasa/lib/bcc-2.2.3-gcc/bin/../lib/gcc/sparc-gaisler-elf/10.2.0/../../../../sparc-gaisler-elf/lib/leon3/libc_nano.a(lib_a-__call_atexit.o)
 .data          0x00000000300007e0        0x0 /home/fsw/rep/tasa/lib/bcc-2.2.3-gcc/bin/../lib/gcc/sparc-gaisler-elf/10.2.0/../../../../sparc-gaisler-elf/lib/leon3/libc_nano.a(lib_a-dtoa.o)
 .data          0x00000000300007e0        0x0 /home/fsw/rep/tasa/lib/bcc-2.2.3-gcc/bin/../lib/gcc/sparc-gaisler-elf/10.2.0/../../../../sparc-gaisler-elf/lib/leon3/libc_nano.a(lib_a-fflush.o)
 .data          0x00000000300007e0        0x0 /home/fsw/rep/tasa/lib/bcc-2.2.3-gcc/bin/../lib/gcc/sparc-gaisler-elf/10.2.0/../../../../sparc-gaisler-elf/lib/leon3/libc_nano.a(lib_a-findfp.o)
 .data          0x00000000300007e0        0x0 /home/fsw/rep/tasa/lib/bcc-2.2.3-gcc/bin/../lib/gcc/sparc-gaisler-elf/10.2.0/../../../../sparc-gaisler-elf/lib/leon3/libc_nano.a(lib_a-fwalk.o)
 .data          0x00000000300007e0        0x0 /home/fsw/rep/tasa/lib/bcc-2.2.3-gcc/bin/../lib/gcc/sparc-gaisler-elf/10.2.0/../../../../sparc-gaisler-elf/lib/leon3/libc_nano.a(lib_a-localeconv.o)
 .data          0x00000000300007e0        0x0 /home/fsw/rep/tasa/lib/bcc-2.2.3-gcc/bin/../lib/gcc/sparc-gaisler-elf/10.2.0/../../../../sparc-gaisler-elf/lib/leon3/libc_nano.a(lib_a-makebuf.o)
 .data          0x00000000300007e0        0x0 /home/fsw/rep/tasa/lib/bcc-2.2.3-gcc/bin/../lib/gcc/sparc-gaisler-elf/10.2.0/../../../../sparc-gaisler-elf/lib/leon3/libc_nano.a(lib_a-malloc.o)
 .data          0x00000000300007e0        0x0 /home/fsw/rep/tasa/lib/bcc-2.2.3-gcc/bin/../lib/gcc/sparc-gaisler-elf/10.2.0/../../../../sparc-gaisler-elf/lib/leon3/libc_nano.a(lib_a-memchr.o)
 .data          0x00000000300007e0        0x0 /home/fsw/rep/tasa/lib/bcc-2.2.3-gcc/bin/../lib/gcc/sparc-gaisler-elf/10.2.0/../../../../sparc-gaisler-elf/lib/leon3/libc_nano.a(lib_a-memcpy.o)
 .data          0x00000000300007e0        0x0 /home/fsw/rep/tasa/lib/bcc-2.2.3-gcc/bin/../lib/gcc/sparc-gaisler-elf/10.2.0/../../../../sparc-gaisler-elf/lib/leon3/libc_nano.a(lib_a-memset.o)
 .data          0x00000000300007e0        0x0 /home/fsw/rep/tasa/lib/bcc-2.2.3-gcc/bin/../lib/gcc/sparc-gaisler-elf/10.2.0/../../../../sparc-gaisler-elf/lib/leon3/libc_nano.a(lib_a-mprec.o)
 .data          0x00000000300007e0        0x0 /home/fsw/rep/tasa/lib/bcc-2.2.3-gcc/bin/../lib/gcc/sparc-gaisler-elf/10.2.0/../../../../sparc-gaisler-elf/lib/leon3/libc_nano.a(lib_a-nano-callocr.o)
 .data          0x00000000300007e0        0x0 /home/fsw/rep/tasa/lib/bcc-2.2.3-gcc/bin/../lib/gcc/sparc-gaisler-elf/10.2.0/../../../../sparc-gaisler-elf/lib/leon3/libc_nano.a(lib_a-nano-freer.o)
 .data          0x00000000300007e0        0x0 /home/fsw/rep/tasa/lib/bcc-2.2.3-gcc/bin/../lib/gcc/sparc-gaisler-elf/10.2.0/../../../../sparc-gaisler-elf/lib/leon3/libc_nano.a(lib_a-nano-mallocr.o)
 .data          0x00000000300007e0        0x0 /home/fsw/rep/tasa/lib/bcc-2.2.3-gcc/bin/../lib/gcc/sparc-gaisler-elf/10.2.0/../../../../sparc-gaisler-elf/lib/leon3/libc_nano.a(lib_a-nano-vfprintf.o)
 .data          0x00000000300007e0        0x0 /home/fsw/rep/tasa/lib/bcc-2.2.3-gcc/bin/../lib/gcc/sparc-gaisler-elf/10.2.0/../../../../sparc-gaisler-elf/lib/leon3/libc_nano.a(lib_a-putc.o)
 .data          0x00000000300007e0        0x0 /home/fsw/rep/tasa/lib/bcc-2.2.3-gcc/bin/../lib/gcc/sparc-gaisler-elf/10.2.0/../../../../sparc-gaisler-elf/lib/leon3/libc_nano.a(lib_a-sbrkr.o)
 .data          0x00000000300007e0        0x0 /home/fsw/rep/tasa/lib/bcc-2.2.3-gcc/bin/../lib/gcc/sparc-gaisler-elf/10.2.0/../../../../sparc-gaisler-elf/lib/leon3/libc_nano.a(lib_a-stdio.o)
 .data          0x00000000300007e0        0x0 /home/fsw/rep/tasa/lib/bcc-2.2.3-gcc/bin/../lib/gcc/sparc-gaisler-elf/10.2.0/../../../../sparc-gaisler-elf/lib/leon3/libc_nano.a(lib_a-writer.o)
 .data          0x00000000300007e0        0x0 /home/fsw/rep/tasa/lib/bcc-2.2.3-gcc/bin/../lib/gcc/sparc-gaisler-elf/10.2.0/../../../../sparc-gaisler-elf/lib/leon3/libc_nano.a(lib_a-closer.o)
 .data          0x00000000300007e0        0x0 /home/fsw/rep/tasa/lib/bcc-2.2.3-gcc/bin/../lib/gcc/sparc-gaisler-elf/10.2.0/../../../../sparc-gaisler-elf/lib/leon3/libc_nano.a(lib_a-fstatr.o)
 .data          0x00000000300007e0        0x0 /home/fsw/rep/tasa/lib/bcc-2.2.3-gcc/bin/../lib/gcc/sparc-gaisler-elf/10.2.0/../../../../sparc-gaisler-elf/lib/leon3/libc_nano.a(lib_a-fvwrite.o)
 .data          0x00000000300007e0        0x0 /home/fsw/rep/tasa/lib/bcc-2.2.3-gcc/bin/../lib/gcc/sparc-gaisler-elf/10.2.0/../../../../sparc-gaisler-elf/lib/leon3/libc_nano.a(lib_a-isattyr.o)
 .data          0x00000000300007e0      0x16c /home/fsw/rep/tasa/lib/bcc-2.2.3-gcc/bin/../lib/gcc/sparc-gaisler-elf/10.2.0/../../../../sparc-gaisler-elf/lib/leon3/libc_nano.a(lib_a-locale.o)
                0x00000000300007e0                __global_locale
 .data          0x000000003000094c        0x0 /home/fsw/rep/tasa/lib/bcc-2.2.3-gcc/bin/../lib/gcc/sparc-gaisler-elf/10.2.0/../../../../sparc-gaisler-elf/lib/leon3/libc_nano.a(lib_a-lseekr.o)
 .data          0x000000003000094c        0x0 /home/fsw/rep/tasa/lib/bcc-2.2.3-gcc/bin/../lib/gcc/sparc-gaisler-elf/10.2.0/../../../../sparc-gaisler-elf/lib/leon3/libc_nano.a(lib_a-mbtowc_r.o)
 .data          0x000000003000094c        0x0 /home/fsw/rep/tasa/lib/bcc-2.2.3-gcc/bin/../lib/gcc/sparc-gaisler-elf/10.2.0/../../../../sparc-gaisler-elf/lib/leon3/libc_nano.a(lib_a-memmove.o)
 .data          0x000000003000094c        0x0 /home/fsw/rep/tasa/lib/bcc-2.2.3-gcc/bin/../lib/gcc/sparc-gaisler-elf/10.2.0/../../../../sparc-gaisler-elf/lib/leon3/libc_nano.a(lib_a-mlock.o)
 .data          0x000000003000094c        0x0 /home/fsw/rep/tasa/lib/bcc-2.2.3-gcc/bin/../lib/gcc/sparc-gaisler-elf/10.2.0/../../../../sparc-gaisler-elf/lib/leon3/libc_nano.a(lib_a-nano-reallocr.o)
 .data          0x000000003000094c        0x0 /home/fsw/rep/tasa/lib/bcc-2.2.3-gcc/bin/../lib/gcc/sparc-gaisler-elf/10.2.0/../../../../sparc-gaisler-elf/lib/leon3/libc_nano.a(lib_a-readr.o)
 .data          0x000000003000094c        0x0 /home/fsw/rep/tasa/lib/bcc-2.2.3-gcc/bin/../lib/gcc/sparc-gaisler-elf/10.2.0/../../../../sparc-gaisler-elf/lib/leon3/libc_nano.a(lib_a-reent.o)
 .data          0x000000003000094c        0x0 /home/fsw/rep/tasa/lib/bcc-2.2.3-gcc/bin/../lib/gcc/sparc-gaisler-elf/10.2.0/../../../../sparc-gaisler-elf/lib/leon3/libc_nano.a(lib_a-strcmp.o)
 .data          0x000000003000094c        0x0 /home/fsw/rep/tasa/lib/bcc-2.2.3-gcc/bin/../lib/gcc/sparc-gaisler-elf/10.2.0/../../../../sparc-gaisler-elf/lib/leon3/libc_nano.a(lib_a-wctomb_r.o)
 .data          0x000000003000094c        0x0 /home/fsw/rep/tasa/lib/bcc-2.2.3-gcc/bin/../lib/gcc/sparc-gaisler-elf/10.2.0/../../../../sparc-gaisler-elf/lib/leon3/libc_nano.a(lib_a-ctype_.o)
 .data          0x000000003000094c        0x0 /home/fsw/rep/tasa/lib/bcc-2.2.3-gcc/bin/../lib/gcc/sparc-gaisler-elf/10.2.0/../../../../sparc-gaisler-elf/lib/leon3/libc_nano.a(lib_a-nano-msizer.o)
 .data          0x000000003000094c        0x0 /home/fsw/rep/tasa/lib/bcc-2.2.3-gcc/bin/../sparc-gaisler-elf/bsp/gr716/leon3/libbcc.a(_exit.S.o)
 .data          0x000000003000094c        0x0 /home/fsw/rep/tasa/lib/bcc-2.2.3-gcc/bin/../sparc-gaisler-elf/bsp/gr716/leon3/libbcc.a(read.c.o)
 .data          0x000000003000094c        0x0 /home/fsw/rep/tasa/lib/bcc-2.2.3-gcc/bin/../sparc-gaisler-elf/bsp/gr716/leon3/libbcc.a(sbrk.c.o)
 .data          0x000000003000094c        0x0 /home/fsw/rep/tasa/lib/bcc-2.2.3-gcc/bin/../sparc-gaisler-elf/bsp/gr716/leon3/libbcc.a(heap.c.o)
 .data          0x000000003000094c        0x0 /home/fsw/rep/tasa/lib/bcc-2.2.3-gcc/bin/../sparc-gaisler-elf/bsp/gr716/leon3/libbcc.a(write.c.o)
 .data          0x000000003000094c        0x0 /home/fsw/rep/tasa/lib/bcc-2.2.3-gcc/bin/../sparc-gaisler-elf/bsp/gr716/leon3/libbcc.a(stubs.S.o)
 .data          0x000000003000094c        0x0 /home/fsw/rep/tasa/lib/bcc-2.2.3-gcc/bin/../sparc-gaisler-elf/bsp/gr716/leon3/libbcc.a(con_apbuart.c.o)
 .data          0x000000003000094c        0x0 /home/fsw/rep/tasa/lib/bcc-2.2.3-gcc/bin/../lib/gcc/sparc-gaisler-elf/10.2.0/leon3/crtend.o
 .data          0x000000003000094c        0x0 /home/fsw/rep/tasa/lib/bcc-2.2.3-gcc/bin/../lib/gcc/sparc-gaisler-elf/10.2.0/leon3/crtn.o
                0x0000000030000950                . = ALIGN (0x8)
 *fill*         0x000000003000094c        0x4 
                0x0000000030000950                __data_end = .
                0x0000000030000730                __data_start_lma = LOADADDR (.data)
                0x0000000000000220                __data_size = SIZEOF (.data)

.iplt           0x0000000030000950        0x0
 .iplt          0x0000000030000950        0x0 /home/fsw/rep/tasa/lib/bcc-2.2.3-gcc/bin/../sparc-gaisler-elf/bsp/gr716/leon3/trap_table_svt.S.o

.tm_clone_table
                0x0000000030000950        0x0
 .tm_clone_table
                0x0000000030000950        0x0 /home/fsw/rep/tasa/lib/bcc-2.2.3-gcc/bin/../lib/gcc/sparc-gaisler-elf/10.2.0/leon3/crtbegin.o
 .tm_clone_table
                0x0000000030000950        0x0 /home/fsw/rep/tasa/lib/bcc-2.2.3-gcc/bin/../lib/gcc/sparc-gaisler-elf/10.2.0/leon3/crtend.o

.bss            0x0000000030000950      0x178
                0x0000000030000950                . = ALIGN (0x8)
                0x0000000030000950                __bss_start = .
 *(.bss .bss.*)
 .bss           0x0000000030000950        0x0 /home/fsw/rep/tasa/lib/bcc-2.2.3-gcc/bin/../sparc-gaisler-elf/bsp/gr716/leon3/trap_table_svt.S.o
 .bss           0x0000000030000950        0x4 /home/fsw/rep/tasa/lib/bcc-2.2.3-gcc/bin/../sparc-gaisler-elf/bsp/gr716/leon3/crt0.S.o
                0x0000000030000950                __bcc_sp_at_entry
 .bss           0x0000000030000954        0x0 /home/fsw/rep/tasa/lib/bcc-2.2.3-gcc/bin/../lib/gcc/sparc-gaisler-elf/10.2.0/leon3/crti.o
 .bss           0x0000000030000954       0x20 /home/fsw/rep/tasa/lib/bcc-2.2.3-gcc/bin/../lib/gcc/sparc-gaisler-elf/10.2.0/leon3/crtbegin.o
 .bss           0x0000000030000974        0x0 /tmp/ccsxG5Hn.o
 .bss           0x0000000030000974        0x0 /home/fsw/rep/tasa/lib/bcc-2.2.3-gcc/bin/../sparc-gaisler-elf/bsp/gr716/leon3/libbcc.a(trap_table_svt_tables.S.o)
 .bss           0x0000000030000974        0x0 /home/fsw/rep/tasa/lib/bcc-2.2.3-gcc/bin/../sparc-gaisler-elf/bsp/gr716/leon3/libbcc.a(trap_table_svt_level0.S.o)
 .bss           0x0000000030000974        0x0 /home/fsw/rep/tasa/lib/bcc-2.2.3-gcc/bin/../sparc-gaisler-elf/bsp/gr716/leon3/libbcc.a(reset_trap_svt.S.o)
 .bss           0x0000000030000974        0x0 /home/fsw/rep/tasa/lib/bcc-2.2.3-gcc/bin/../sparc-gaisler-elf/bsp/gr716/leon3/libbcc.a(window_trap.S.o)
 .bss           0x0000000030000974        0x0 /home/fsw/rep/tasa/lib/bcc-2.2.3-gcc/bin/../sparc-gaisler-elf/bsp/gr716/leon3/libbcc.a(interrupt_trap.S.o)
 *fill*         0x0000000030000974        0x4 
 .bss           0x0000000030000978       0x14 /home/fsw/rep/tasa/lib/bcc-2.2.3-gcc/bin/../sparc-gaisler-elf/bsp/gr716/leon3/libbcc.a(flush_windows_trap.S.o)
 .bss           0x000000003000098c        0x0 /home/fsw/rep/tasa/lib/bcc-2.2.3-gcc/bin/../sparc-gaisler-elf/bsp/gr716/leon3/libbcc.a(sw_trap_set_pil.S.o)
 .bss           0x000000003000098c       0x80 /home/fsw/rep/tasa/lib/bcc-2.2.3-gcc/bin/../sparc-gaisler-elf/bsp/gr716/leon3/libbcc.a(isr.c.o)
                0x000000003000098c                __bcc_isr_list
 .bss           0x0000000030000a0c        0x0 /home/fsw/rep/tasa/lib/bcc-2.2.3-gcc/bin/../sparc-gaisler-elf/bsp/gr716/leon3/libbcc.a(int_nest.c.o)
 .bss           0x0000000030000a0c        0x0 /home/fsw/rep/tasa/lib/bcc-2.2.3-gcc/bin/../sparc-gaisler-elf/bsp/gr716/leon3/libbcc.a(init.S.o)
 .bss           0x0000000030000a0c        0x0 /home/fsw/rep/tasa/lib/bcc-2.2.3-gcc/bin/../sparc-gaisler-elf/bsp/gr716/leon3/libbcc.a(leon_info.S.o)
 .bss           0x0000000030000a0c        0x0 /home/fsw/rep/tasa/lib/bcc-2.2.3-gcc/bin/../sparc-gaisler-elf/bsp/gr716/leon3/libbcc.a(dwzero.S.o)
 .bss           0x0000000030000a0c        0x0 /home/fsw/rep/tasa/lib/bcc-2.2.3-gcc/bin/../sparc-gaisler-elf/bsp/gr716/leon3/libbcc.a(copy_data.c.o)
 .bss           0x0000000030000a0c        0x8 /home/fsw/rep/tasa/lib/bcc-2.2.3-gcc/bin/../sparc-gaisler-elf/bsp/gr716/leon3/libbcc.a(argv.c.o)
                0x0000000030000a10                __bcc_argc
 .bss           0x0000000030000a14        0x0 /home/fsw/rep/tasa/lib/bcc-2.2.3-gcc/bin/../sparc-gaisler-elf/bsp/gr716/leon3/libbcc.a(int_irqmp_get_source.c.o)
 .bss           0x0000000030000a14        0x0 /home/fsw/rep/tasa/lib/bcc-2.2.3-gcc/bin/../sparc-gaisler-elf/bsp/gr716/leon3/libbcc.a(int_irqmp_mp.c.o)
 .bss           0x0000000030000a14        0x0 /home/fsw/rep/tasa/lib/bcc-2.2.3-gcc/bin/../sparc-gaisler-elf/bsp/gr716/leon3/libbcc.a(int_irqmp_init.c.o)
 .bss           0x0000000030000a14        0x0 /home/fsw/rep/tasa/lib/bcc-2.2.3-gcc/bin/../sparc-gaisler-elf/bsp/gr716/leon3/libbcc.a(bsp_timer_init.c.o)
 .bss           0x0000000030000a14        0x0 /home/fsw/rep/tasa/lib/bcc-2.2.3-gcc/bin/../sparc-gaisler-elf/bsp/gr716/leon3/libbcc.a(bsp_con_init.c.o)
 .bss           0x0000000030000a14        0x0 /home/fsw/rep/tasa/lib/bcc-2.2.3-gcc/bin/../sparc-gaisler-elf/bsp/gr716/leon3/libbcc.a(int_irqmp_handle.c.o)
 .bss           0x0000000030000a14        0x0 /home/fsw/rep/tasa/lib/bcc-2.2.3-gcc/bin/../sparc-gaisler-elf/bsp/gr716/leon3/libbcc.a(con_handle.c.o)
 .bss           0x0000000030000a14        0x0 /home/fsw/rep/tasa/lib/bcc-2.2.3-gcc/bin/../sparc-gaisler-elf/bsp/gr716/leon3/libbcc.a(timer_handle.c.o)
 .bss           0x0000000030000a14        0x0 /home/fsw/rep/tasa/lib/bcc-2.2.3-gcc/bin/../sparc-gaisler-elf/bsp/gr716/leon3/libbcc.a(bsp_sysfreq.c.o)
 .bss           0x0000000030000a14        0x0 /home/fsw/rep/tasa/lib/bcc-2.2.3-gcc/bin/../lib/gcc/sparc-gaisler-elf/10.2.0/../../../../sparc-gaisler-elf/lib/leon3/libc_nano.a(lib_a-atexit.o)
 .bss           0x0000000030000a14        0x0 /home/fsw/rep/tasa/lib/bcc-2.2.3-gcc/bin/../lib/gcc/sparc-gaisler-elf/10.2.0/../../../../sparc-gaisler-elf/lib/leon3/libc_nano.a(lib_a-exit.o)
 .bss           0x0000000030000a14        0x0 /home/fsw/rep/tasa/lib/bcc-2.2.3-gcc/bin/../lib/gcc/sparc-gaisler-elf/10.2.0/../../../../sparc-gaisler-elf/lib/leon3/libc_nano.a(lib_a-impure.o)
 .bss           0x0000000030000a14        0x0 /home/fsw/rep/tasa/lib/bcc-2.2.3-gcc/bin/../lib/gcc/sparc-gaisler-elf/10.2.0/../../../../sparc-gaisler-elf/lib/leon3/libc_nano.a(lib_a-nano-vfprintf_float.o)
 .bss           0x0000000030000a14        0x0 /home/fsw/rep/tasa/lib/bcc-2.2.3-gcc/bin/../lib/gcc/sparc-gaisler-elf/10.2.0/../../../../sparc-gaisler-elf/lib/leon3/libc_nano.a(lib_a-nano-vfprintf_i.o)
 .bss           0x0000000030000a14        0x0 /home/fsw/rep/tasa/lib/bcc-2.2.3-gcc/bin/../lib/gcc/sparc-gaisler-elf/10.2.0/../../../../sparc-gaisler-elf/lib/leon3/libc_nano.a(lib_a-printf.o)
 .bss           0x0000000030000a14        0x0 /home/fsw/rep/tasa/lib/bcc-2.2.3-gcc/bin/../lib/gcc/sparc-gaisler-elf/10.2.0/../../../../sparc-gaisler-elf/lib/leon3/libc_nano.a(lib_a-putchar.o)
 .bss           0x0000000030000a14        0x0 /home/fsw/rep/tasa/lib/bcc-2.2.3-gcc/bin/../lib/gcc/sparc-gaisler-elf/10.2.0/../../../../sparc-gaisler-elf/lib/leon3/libc_nano.a(lib_a-puts.o)
 .bss           0x0000000030000a14        0x0 /home/fsw/rep/tasa/lib/bcc-2.2.3-gcc/bin/../lib/gcc/sparc-gaisler-elf/10.2.0/../../../../sparc-gaisler-elf/lib/leon3/libc_nano.a(lib_a-strlen.o)
 .bss           0x0000000030000a14        0x0 /home/fsw/rep/tasa/lib/bcc-2.2.3-gcc/bin/../lib/gcc/sparc-gaisler-elf/10.2.0/../../../../sparc-gaisler-elf/lib/leon3/libc_nano.a(lib_a-wbuf.o)
 .bss           0x0000000030000a14        0x0 /home/fsw/rep/tasa/lib/bcc-2.2.3-gcc/bin/../lib/gcc/sparc-gaisler-elf/10.2.0/../../../../sparc-gaisler-elf/lib/leon3/libc_nano.a(lib_a-wsetup.o)
 .bss           0x0000000030000a14       0x8c /home/fsw/rep/tasa/lib/bcc-2.2.3-gcc/bin/../lib/gcc/sparc-gaisler-elf/10.2.0/../../../../sparc-gaisler-elf/lib/leon3/libc_nano.a(lib_a-__atexit.o)
 .bss           0x0000000030000aa0        0x4 /home/fsw/rep/tasa/lib/bcc-2.2.3-gcc/bin/../lib/gcc/sparc-gaisler-elf/10.2.0/../../../../sparc-gaisler-elf/lib/leon3/libc_nano.a(lib_a-__call_atexit.o)
                0x0000000030000aa0                _global_atexit
 .bss           0x0000000030000aa4        0x0 /home/fsw/rep/tasa/lib/bcc-2.2.3-gcc/bin/../lib/gcc/sparc-gaisler-elf/10.2.0/../../../../sparc-gaisler-elf/lib/leon3/libc_nano.a(lib_a-dtoa.o)
 .bss           0x0000000030000aa4        0x0 /home/fsw/rep/tasa/lib/bcc-2.2.3-gcc/bin/../lib/gcc/sparc-gaisler-elf/10.2.0/../../../../sparc-gaisler-elf/lib/leon3/libc_nano.a(lib_a-fflush.o)
 .bss           0x0000000030000aa4        0x0 /home/fsw/rep/tasa/lib/bcc-2.2.3-gcc/bin/../lib/gcc/sparc-gaisler-elf/10.2.0/../../../../sparc-gaisler-elf/lib/leon3/libc_nano.a(lib_a-findfp.o)
 .bss           0x0000000030000aa4        0x0 /home/fsw/rep/tasa/lib/bcc-2.2.3-gcc/bin/../lib/gcc/sparc-gaisler-elf/10.2.0/../../../../sparc-gaisler-elf/lib/leon3/libc_nano.a(lib_a-fwalk.o)
 .bss           0x0000000030000aa4        0x0 /home/fsw/rep/tasa/lib/bcc-2.2.3-gcc/bin/../lib/gcc/sparc-gaisler-elf/10.2.0/../../../../sparc-gaisler-elf/lib/leon3/libc_nano.a(lib_a-localeconv.o)
 .bss           0x0000000030000aa4        0x0 /home/fsw/rep/tasa/lib/bcc-2.2.3-gcc/bin/../lib/gcc/sparc-gaisler-elf/10.2.0/../../../../sparc-gaisler-elf/lib/leon3/libc_nano.a(lib_a-makebuf.o)
 .bss           0x0000000030000aa4        0x0 /home/fsw/rep/tasa/lib/bcc-2.2.3-gcc/bin/../lib/gcc/sparc-gaisler-elf/10.2.0/../../../../sparc-gaisler-elf/lib/leon3/libc_nano.a(lib_a-malloc.o)
 .bss           0x0000000030000aa4        0x0 /home/fsw/rep/tasa/lib/bcc-2.2.3-gcc/bin/../lib/gcc/sparc-gaisler-elf/10.2.0/../../../../sparc-gaisler-elf/lib/leon3/libc_nano.a(lib_a-memchr.o)
 .bss           0x0000000030000aa4        0x0 /home/fsw/rep/tasa/lib/bcc-2.2.3-gcc/bin/../lib/gcc/sparc-gaisler-elf/10.2.0/../../../../sparc-gaisler-elf/lib/leon3/libc_nano.a(lib_a-memcpy.o)
 .bss           0x0000000030000aa4        0x0 /home/fsw/rep/tasa/lib/bcc-2.2.3-gcc/bin/../lib/gcc/sparc-gaisler-elf/10.2.0/../../../../sparc-gaisler-elf/lib/leon3/libc_nano.a(lib_a-memset.o)
 .bss           0x0000000030000aa4        0x0 /home/fsw/rep/tasa/lib/bcc-2.2.3-gcc/bin/../lib/gcc/sparc-gaisler-elf/10.2.0/../../../../sparc-gaisler-elf/lib/leon3/libc_nano.a(lib_a-mprec.o)
 .bss           0x0000000030000aa4        0x0 /home/fsw/rep/tasa/lib/bcc-2.2.3-gcc/bin/../lib/gcc/sparc-gaisler-elf/10.2.0/../../../../sparc-gaisler-elf/lib/leon3/libc_nano.a(lib_a-nano-callocr.o)
 .bss           0x0000000030000aa4        0x0 /home/fsw/rep/tasa/lib/bcc-2.2.3-gcc/bin/../lib/gcc/sparc-gaisler-elf/10.2.0/../../../../sparc-gaisler-elf/lib/leon3/libc_nano.a(lib_a-nano-freer.o)
 .bss           0x0000000030000aa4        0x8 /home/fsw/rep/tasa/lib/bcc-2.2.3-gcc/bin/../lib/gcc/sparc-gaisler-elf/10.2.0/../../../../sparc-gaisler-elf/lib/leon3/libc_nano.a(lib_a-nano-mallocr.o)
                0x0000000030000aa4                __malloc_sbrk_start
                0x0000000030000aa8                __malloc_free_list
 .bss           0x0000000030000aac        0x0 /home/fsw/rep/tasa/lib/bcc-2.2.3-gcc/bin/../lib/gcc/sparc-gaisler-elf/10.2.0/../../../../sparc-gaisler-elf/lib/leon3/libc_nano.a(lib_a-nano-vfprintf.o)
 .bss           0x0000000030000aac        0x0 /home/fsw/rep/tasa/lib/bcc-2.2.3-gcc/bin/../lib/gcc/sparc-gaisler-elf/10.2.0/../../../../sparc-gaisler-elf/lib/leon3/libc_nano.a(lib_a-putc.o)
 .bss           0x0000000030000aac        0x0 /home/fsw/rep/tasa/lib/bcc-2.2.3-gcc/bin/../lib/gcc/sparc-gaisler-elf/10.2.0/../../../../sparc-gaisler-elf/lib/leon3/libc_nano.a(lib_a-sbrkr.o)
 .bss           0x0000000030000aac        0x0 /home/fsw/rep/tasa/lib/bcc-2.2.3-gcc/bin/../lib/gcc/sparc-gaisler-elf/10.2.0/../../../../sparc-gaisler-elf/lib/leon3/libc_nano.a(lib_a-stdio.o)
 .bss           0x0000000030000aac        0x0 /home/fsw/rep/tasa/lib/bcc-2.2.3-gcc/bin/../lib/gcc/sparc-gaisler-elf/10.2.0/../../../../sparc-gaisler-elf/lib/leon3/libc_nano.a(lib_a-writer.o)
 .bss           0x0000000030000aac        0x0 /home/fsw/rep/tasa/lib/bcc-2.2.3-gcc/bin/../lib/gcc/sparc-gaisler-elf/10.2.0/../../../../sparc-gaisler-elf/lib/leon3/libc_nano.a(lib_a-closer.o)
 .bss           0x0000000030000aac        0x0 /home/fsw/rep/tasa/lib/bcc-2.2.3-gcc/bin/../lib/gcc/sparc-gaisler-elf/10.2.0/../../../../sparc-gaisler-elf/lib/leon3/libc_nano.a(lib_a-fstatr.o)
 .bss           0x0000000030000aac        0x0 /home/fsw/rep/tasa/lib/bcc-2.2.3-gcc/bin/../lib/gcc/sparc-gaisler-elf/10.2.0/../../../../sparc-gaisler-elf/lib/leon3/libc_nano.a(lib_a-fvwrite.o)
 .bss           0x0000000030000aac        0x0 /home/fsw/rep/tasa/lib/bcc-2.2.3-gcc/bin/../lib/gcc/sparc-gaisler-elf/10.2.0/../../../../sparc-gaisler-elf/lib/leon3/libc_nano.a(lib_a-isattyr.o)
 .bss           0x0000000030000aac        0x4 /home/fsw/rep/tasa/lib/bcc-2.2.3-gcc/bin/../lib/gcc/sparc-gaisler-elf/10.2.0/../../../../sparc-gaisler-elf/lib/leon3/libc_nano.a(lib_a-locale.o)
                0x0000000030000aac                _PathLocale
 .bss           0x0000000030000ab0        0x0 /home/fsw/rep/tasa/lib/bcc-2.2.3-gcc/bin/../lib/gcc/sparc-gaisler-elf/10.2.0/../../../../sparc-gaisler-elf/lib/leon3/libc_nano.a(lib_a-lseekr.o)
 .bss           0x0000000030000ab0        0x0 /home/fsw/rep/tasa/lib/bcc-2.2.3-gcc/bin/../lib/gcc/sparc-gaisler-elf/10.2.0/../../../../sparc-gaisler-elf/lib/leon3/libc_nano.a(lib_a-mbtowc_r.o)
 .bss           0x0000000030000ab0        0x0 /home/fsw/rep/tasa/lib/bcc-2.2.3-gcc/bin/../lib/gcc/sparc-gaisler-elf/10.2.0/../../../../sparc-gaisler-elf/lib/leon3/libc_nano.a(lib_a-memmove.o)
 .bss           0x0000000030000ab0        0x0 /home/fsw/rep/tasa/lib/bcc-2.2.3-gcc/bin/../lib/gcc/sparc-gaisler-elf/10.2.0/../../../../sparc-gaisler-elf/lib/leon3/libc_nano.a(lib_a-mlock.o)
 .bss           0x0000000030000ab0        0x0 /home/fsw/rep/tasa/lib/bcc-2.2.3-gcc/bin/../lib/gcc/sparc-gaisler-elf/10.2.0/../../../../sparc-gaisler-elf/lib/leon3/libc_nano.a(lib_a-nano-reallocr.o)
 .bss           0x0000000030000ab0        0x0 /home/fsw/rep/tasa/lib/bcc-2.2.3-gcc/bin/../lib/gcc/sparc-gaisler-elf/10.2.0/../../../../sparc-gaisler-elf/lib/leon3/libc_nano.a(lib_a-readr.o)
 .bss           0x0000000030000ab0        0x4 /home/fsw/rep/tasa/lib/bcc-2.2.3-gcc/bin/../lib/gcc/sparc-gaisler-elf/10.2.0/../../../../sparc-gaisler-elf/lib/leon3/libc_nano.a(lib_a-reent.o)
                0x0000000030000ab0                errno
 .bss           0x0000000030000ab4        0x0 /home/fsw/rep/tasa/lib/bcc-2.2.3-gcc/bin/../lib/gcc/sparc-gaisler-elf/10.2.0/../../../../sparc-gaisler-elf/lib/leon3/libc_nano.a(lib_a-strcmp.o)
 .bss           0x0000000030000ab4        0x0 /home/fsw/rep/tasa/lib/bcc-2.2.3-gcc/bin/../lib/gcc/sparc-gaisler-elf/10.2.0/../../../../sparc-gaisler-elf/lib/leon3/libc_nano.a(lib_a-wctomb_r.o)
 .bss           0x0000000030000ab4        0x0 /home/fsw/rep/tasa/lib/bcc-2.2.3-gcc/bin/../lib/gcc/sparc-gaisler-elf/10.2.0/../../../../sparc-gaisler-elf/lib/leon3/libc_nano.a(lib_a-ctype_.o)
 .bss           0x0000000030000ab4        0x0 /home/fsw/rep/tasa/lib/bcc-2.2.3-gcc/bin/../lib/gcc/sparc-gaisler-elf/10.2.0/../../../../sparc-gaisler-elf/lib/leon3/libc_nano.a(lib_a-nano-msizer.o)
 .bss           0x0000000030000ab4        0x0 /home/fsw/rep/tasa/lib/bcc-2.2.3-gcc/bin/../sparc-gaisler-elf/bsp/gr716/leon3/libbcc.a(_exit.S.o)
 .bss           0x0000000030000ab4        0x0 /home/fsw/rep/tasa/lib/bcc-2.2.3-gcc/bin/../sparc-gaisler-elf/bsp/gr716/leon3/libbcc.a(read.c.o)
 .bss           0x0000000030000ab4        0x4 /home/fsw/rep/tasa/lib/bcc-2.2.3-gcc/bin/../sparc-gaisler-elf/bsp/gr716/leon3/libbcc.a(sbrk.c.o)
 .bss           0x0000000030000ab8        0x8 /home/fsw/rep/tasa/lib/bcc-2.2.3-gcc/bin/../sparc-gaisler-elf/bsp/gr716/leon3/libbcc.a(heap.c.o)
                0x0000000030000ab8                __bcc_heap_max
                0x0000000030000abc                __bcc_heap_min
 .bss           0x0000000030000ac0        0x0 /home/fsw/rep/tasa/lib/bcc-2.2.3-gcc/bin/../sparc-gaisler-elf/bsp/gr716/leon3/libbcc.a(write.c.o)
 .bss           0x0000000030000ac0        0x0 /home/fsw/rep/tasa/lib/bcc-2.2.3-gcc/bin/../sparc-gaisler-elf/bsp/gr716/leon3/libbcc.a(stubs.S.o)
 .bss           0x0000000030000ac0        0x4 /home/fsw/rep/tasa/lib/bcc-2.2.3-gcc/bin/../sparc-gaisler-elf/bsp/gr716/leon3/libbcc.a(con_apbuart.c.o)
 .bss           0x0000000030000ac4        0x0 /home/fsw/rep/tasa/lib/bcc-2.2.3-gcc/bin/../lib/gcc/sparc-gaisler-elf/10.2.0/leon3/crtend.o
 .bss           0x0000000030000ac4        0x0 /home/fsw/rep/tasa/lib/bcc-2.2.3-gcc/bin/../lib/gcc/sparc-gaisler-elf/10.2.0/leon3/crtn.o
 *(COMMON)
                0x0000000030000ac8                . = ALIGN (0x8)
 *fill*         0x0000000030000ac4        0x4 
                0x0000000030000ac8                __bss_end = .
                0x0000000030000ac8                __heap_min = .
                0x0000000030000ac8                . = ALIGN (0x8)

.jcr
 *(.jcr)

.stab
 *(.stab)

.stabstr
 *(.stabstr)

.debug
 *(.debug)

.line
 *(.line)

.debug_srcinfo
 *(.debug_srcinfo)

.debug_sfnames
 *(.debug_sfnames)

.debug_aranges  0x0000000000000000      0x9b0
 *(.debug_aranges)
 .debug_aranges
                0x0000000000000000       0x20 /home/fsw/rep/tasa/lib/bcc-2.2.3-gcc/bin/../sparc-gaisler-elf/bsp/gr716/leon3/trap_table_svt.S.o
 .debug_aranges
                0x0000000000000020       0x20 /home/fsw/rep/tasa/lib/bcc-2.2.3-gcc/bin/../sparc-gaisler-elf/bsp/gr716/leon3/crt0.S.o
 .debug_aranges
                0x0000000000000040       0x20 /tmp/ccsxG5Hn.o
 .debug_aranges
                0x0000000000000060       0x20 /home/fsw/rep/tasa/lib/bcc-2.2.3-gcc/bin/../sparc-gaisler-elf/bsp/gr716/leon3/libbcc.a(trap_table_svt_tables.S.o)
 .debug_aranges
                0x0000000000000080       0x20 /home/fsw/rep/tasa/lib/bcc-2.2.3-gcc/bin/../sparc-gaisler-elf/bsp/gr716/leon3/libbcc.a(reset_trap_svt.S.o)
 .debug_aranges
                0x00000000000000a0       0x20 /home/fsw/rep/tasa/lib/bcc-2.2.3-gcc/bin/../sparc-gaisler-elf/bsp/gr716/leon3/libbcc.a(window_trap.S.o)
 .debug_aranges
                0x00000000000000c0       0x20 /home/fsw/rep/tasa/lib/bcc-2.2.3-gcc/bin/../sparc-gaisler-elf/bsp/gr716/leon3/libbcc.a(interrupt_trap.S.o)
 .debug_aranges
                0x00000000000000e0       0x20 /home/fsw/rep/tasa/lib/bcc-2.2.3-gcc/bin/../sparc-gaisler-elf/bsp/gr716/leon3/libbcc.a(flush_windows_trap.S.o)
 .debug_aranges
                0x0000000000000100       0x20 /home/fsw/rep/tasa/lib/bcc-2.2.3-gcc/bin/../sparc-gaisler-elf/bsp/gr716/leon3/libbcc.a(sw_trap_set_pil.S.o)
 .debug_aranges
                0x0000000000000120       0x18 /home/fsw/rep/tasa/lib/bcc-2.2.3-gcc/bin/../sparc-gaisler-elf/bsp/gr716/leon3/libbcc.a(isr.c.o)
 .debug_aranges
                0x0000000000000138       0x18 /home/fsw/rep/tasa/lib/bcc-2.2.3-gcc/bin/../sparc-gaisler-elf/bsp/gr716/leon3/libbcc.a(int_nest.c.o)
 .debug_aranges
                0x0000000000000150       0x20 /home/fsw/rep/tasa/lib/bcc-2.2.3-gcc/bin/../sparc-gaisler-elf/bsp/gr716/leon3/libbcc.a(init.S.o)
 .debug_aranges
                0x0000000000000170       0x20 /home/fsw/rep/tasa/lib/bcc-2.2.3-gcc/bin/../sparc-gaisler-elf/bsp/gr716/leon3/libbcc.a(leon_info.S.o)
 .debug_aranges
                0x0000000000000190       0x20 /home/fsw/rep/tasa/lib/bcc-2.2.3-gcc/bin/../sparc-gaisler-elf/bsp/gr716/leon3/libbcc.a(dwzero.S.o)
 .debug_aranges
                0x00000000000001b0       0x20 /home/fsw/rep/tasa/lib/bcc-2.2.3-gcc/bin/../sparc-gaisler-elf/bsp/gr716/leon3/libbcc.a(copy_data.c.o)
 .debug_aranges
                0x00000000000001d0       0x18 /home/fsw/rep/tasa/lib/bcc-2.2.3-gcc/bin/../sparc-gaisler-elf/bsp/gr716/leon3/libbcc.a(argv.c.o)
 .debug_aranges
                0x00000000000001e8       0x20 /home/fsw/rep/tasa/lib/bcc-2.2.3-gcc/bin/../sparc-gaisler-elf/bsp/gr716/leon3/libbcc.a(int_irqmp_get_source.c.o)
 .debug_aranges
                0x0000000000000208       0x20 /home/fsw/rep/tasa/lib/bcc-2.2.3-gcc/bin/../sparc-gaisler-elf/bsp/gr716/leon3/libbcc.a(int_irqmp_mp.c.o)
 .debug_aranges
                0x0000000000000228       0x20 /home/fsw/rep/tasa/lib/bcc-2.2.3-gcc/bin/../sparc-gaisler-elf/bsp/gr716/leon3/libbcc.a(int_irqmp_init.c.o)
 .debug_aranges
                0x0000000000000248       0x20 /home/fsw/rep/tasa/lib/bcc-2.2.3-gcc/bin/../sparc-gaisler-elf/bsp/gr716/leon3/libbcc.a(bsp_timer_init.c.o)
 .debug_aranges
                0x0000000000000268       0x20 /home/fsw/rep/tasa/lib/bcc-2.2.3-gcc/bin/../sparc-gaisler-elf/bsp/gr716/leon3/libbcc.a(bsp_con_init.c.o)
 .debug_aranges
                0x0000000000000288       0x18 /home/fsw/rep/tasa/lib/bcc-2.2.3-gcc/bin/../sparc-gaisler-elf/bsp/gr716/leon3/libbcc.a(int_irqmp_handle.c.o)
 .debug_aranges
                0x00000000000002a0       0x18 /home/fsw/rep/tasa/lib/bcc-2.2.3-gcc/bin/../sparc-gaisler-elf/bsp/gr716/leon3/libbcc.a(con_handle.c.o)
 .debug_aranges
                0x00000000000002b8       0x18 /home/fsw/rep/tasa/lib/bcc-2.2.3-gcc/bin/../sparc-gaisler-elf/bsp/gr716/leon3/libbcc.a(timer_handle.c.o)
 .debug_aranges
                0x00000000000002d0       0x18 /home/fsw/rep/tasa/lib/bcc-2.2.3-gcc/bin/../sparc-gaisler-elf/bsp/gr716/leon3/libbcc.a(bsp_sysfreq.c.o)
 .debug_aranges
                0x00000000000002e8       0x20 /home/fsw/rep/tasa/lib/bcc-2.2.3-gcc/bin/../lib/gcc/sparc-gaisler-elf/10.2.0/../../../../sparc-gaisler-elf/lib/leon3/libc_nano.a(lib_a-atexit.o)
 .debug_aranges
                0x0000000000000308       0x20 /home/fsw/rep/tasa/lib/bcc-2.2.3-gcc/bin/../lib/gcc/sparc-gaisler-elf/10.2.0/../../../../sparc-gaisler-elf/lib/leon3/libc_nano.a(lib_a-exit.o)
 .debug_aranges
                0x0000000000000328       0x18 /home/fsw/rep/tasa/lib/bcc-2.2.3-gcc/bin/../lib/gcc/sparc-gaisler-elf/10.2.0/../../../../sparc-gaisler-elf/lib/leon3/libc_nano.a(lib_a-impure.o)
 .debug_aranges
                0x0000000000000340       0x20 /home/fsw/rep/tasa/lib/bcc-2.2.3-gcc/bin/../lib/gcc/sparc-gaisler-elf/10.2.0/../../../../sparc-gaisler-elf/lib/leon3/libc_nano.a(lib_a-nano-vfprintf_float.o)
 .debug_aranges
                0x0000000000000360       0x20 /home/fsw/rep/tasa/lib/bcc-2.2.3-gcc/bin/../lib/gcc/sparc-gaisler-elf/10.2.0/../../../../sparc-gaisler-elf/lib/leon3/libc_nano.a(lib_a-nano-vfprintf_i.o)
 .debug_aranges
                0x0000000000000380       0x20 /home/fsw/rep/tasa/lib/bcc-2.2.3-gcc/bin/../lib/gcc/sparc-gaisler-elf/10.2.0/../../../../sparc-gaisler-elf/lib/leon3/libc_nano.a(lib_a-printf.o)
 .debug_aranges
                0x00000000000003a0       0x20 /home/fsw/rep/tasa/lib/bcc-2.2.3-gcc/bin/../lib/gcc/sparc-gaisler-elf/10.2.0/../../../../sparc-gaisler-elf/lib/leon3/libc_nano.a(lib_a-putchar.o)
 .debug_aranges
                0x00000000000003c0       0x20 /home/fsw/rep/tasa/lib/bcc-2.2.3-gcc/bin/../lib/gcc/sparc-gaisler-elf/10.2.0/../../../../sparc-gaisler-elf/lib/leon3/libc_nano.a(lib_a-puts.o)
 .debug_aranges
                0x00000000000003e0       0x20 /home/fsw/rep/tasa/lib/bcc-2.2.3-gcc/bin/../lib/gcc/sparc-gaisler-elf/10.2.0/../../../../sparc-gaisler-elf/lib/leon3/libc_nano.a(lib_a-strlen.o)
 .debug_aranges
                0x0000000000000400       0x20 /home/fsw/rep/tasa/lib/bcc-2.2.3-gcc/bin/../lib/gcc/sparc-gaisler-elf/10.2.0/../../../../sparc-gaisler-elf/lib/leon3/libc_nano.a(lib_a-wbuf.o)
 .debug_aranges
                0x0000000000000420       0x20 /home/fsw/rep/tasa/lib/bcc-2.2.3-gcc/bin/../lib/gcc/sparc-gaisler-elf/10.2.0/../../../../sparc-gaisler-elf/lib/leon3/libc_nano.a(lib_a-wsetup.o)
 .debug_aranges
                0x0000000000000440       0x20 /home/fsw/rep/tasa/lib/bcc-2.2.3-gcc/bin/../lib/gcc/sparc-gaisler-elf/10.2.0/../../../../sparc-gaisler-elf/lib/leon3/libc_nano.a(lib_a-__atexit.o)
 .debug_aranges
                0x0000000000000460       0x20 /home/fsw/rep/tasa/lib/bcc-2.2.3-gcc/bin/../lib/gcc/sparc-gaisler-elf/10.2.0/../../../../sparc-gaisler-elf/lib/leon3/libc_nano.a(lib_a-__call_atexit.o)
 .debug_aranges
                0x0000000000000480       0x20 /home/fsw/rep/tasa/lib/bcc-2.2.3-gcc/bin/../lib/gcc/sparc-gaisler-elf/10.2.0/../../../../sparc-gaisler-elf/lib/leon3/libc_nano.a(lib_a-dtoa.o)
 .debug_aranges
                0x00000000000004a0       0x20 /home/fsw/rep/tasa/lib/bcc-2.2.3-gcc/bin/../lib/gcc/sparc-gaisler-elf/10.2.0/../../../../sparc-gaisler-elf/lib/leon3/libc_nano.a(lib_a-fflush.o)
 .debug_aranges
                0x00000000000004c0       0x20 /home/fsw/rep/tasa/lib/bcc-2.2.3-gcc/bin/../lib/gcc/sparc-gaisler-elf/10.2.0/../../../../sparc-gaisler-elf/lib/leon3/libc_nano.a(lib_a-findfp.o)
 .debug_aranges
                0x00000000000004e0       0x20 /home/fsw/rep/tasa/lib/bcc-2.2.3-gcc/bin/../lib/gcc/sparc-gaisler-elf/10.2.0/../../../../sparc-gaisler-elf/lib/leon3/libc_nano.a(lib_a-fwalk.o)
 .debug_aranges
                0x0000000000000500       0x20 /home/fsw/rep/tasa/lib/bcc-2.2.3-gcc/bin/../lib/gcc/sparc-gaisler-elf/10.2.0/../../../../sparc-gaisler-elf/lib/leon3/libc_nano.a(lib_a-localeconv.o)
 .debug_aranges
                0x0000000000000520       0x20 /home/fsw/rep/tasa/lib/bcc-2.2.3-gcc/bin/../lib/gcc/sparc-gaisler-elf/10.2.0/../../../../sparc-gaisler-elf/lib/leon3/libc_nano.a(lib_a-makebuf.o)
 .debug_aranges
                0x0000000000000540       0x20 /home/fsw/rep/tasa/lib/bcc-2.2.3-gcc/bin/../lib/gcc/sparc-gaisler-elf/10.2.0/../../../../sparc-gaisler-elf/lib/leon3/libc_nano.a(lib_a-malloc.o)
 .debug_aranges
                0x0000000000000560       0x20 /home/fsw/rep/tasa/lib/bcc-2.2.3-gcc/bin/../lib/gcc/sparc-gaisler-elf/10.2.0/../../../../sparc-gaisler-elf/lib/leon3/libc_nano.a(lib_a-memchr.o)
 .debug_aranges
                0x0000000000000580       0x20 /home/fsw/rep/tasa/lib/bcc-2.2.3-gcc/bin/../lib/gcc/sparc-gaisler-elf/10.2.0/../../../../sparc-gaisler-elf/lib/leon3/libc_nano.a(lib_a-memcpy.o)
 .debug_aranges
                0x00000000000005a0       0x20 /home/fsw/rep/tasa/lib/bcc-2.2.3-gcc/bin/../lib/gcc/sparc-gaisler-elf/10.2.0/../../../../sparc-gaisler-elf/lib/leon3/libc_nano.a(lib_a-memset.o)
 .debug_aranges
                0x00000000000005c0       0x20 /home/fsw/rep/tasa/lib/bcc-2.2.3-gcc/bin/../lib/gcc/sparc-gaisler-elf/10.2.0/../../../../sparc-gaisler-elf/lib/leon3/libc_nano.a(lib_a-mprec.o)
 .debug_aranges
                0x00000000000005e0       0x20 /home/fsw/rep/tasa/lib/bcc-2.2.3-gcc/bin/../lib/gcc/sparc-gaisler-elf/10.2.0/../../../../sparc-gaisler-elf/lib/leon3/libc_nano.a(lib_a-nano-callocr.o)
 .debug_aranges
                0x0000000000000600       0x20 /home/fsw/rep/tasa/lib/bcc-2.2.3-gcc/bin/../lib/gcc/sparc-gaisler-elf/10.2.0/../../../../sparc-gaisler-elf/lib/leon3/libc_nano.a(lib_a-nano-freer.o)
 .debug_aranges
                0x0000000000000620       0x20 /home/fsw/rep/tasa/lib/bcc-2.2.3-gcc/bin/../lib/gcc/sparc-gaisler-elf/10.2.0/../../../../sparc-gaisler-elf/lib/leon3/libc_nano.a(lib_a-nano-mallocr.o)
 .debug_aranges
                0x0000000000000640       0x20 /home/fsw/rep/tasa/lib/bcc-2.2.3-gcc/bin/../lib/gcc/sparc-gaisler-elf/10.2.0/../../../../sparc-gaisler-elf/lib/leon3/libc_nano.a(lib_a-nano-vfprintf.o)
 .debug_aranges
                0x0000000000000660       0x20 /home/fsw/rep/tasa/lib/bcc-2.2.3-gcc/bin/../lib/gcc/sparc-gaisler-elf/10.2.0/../../../../sparc-gaisler-elf/lib/leon3/libc_nano.a(lib_a-putc.o)
 .debug_aranges
                0x0000000000000680       0x20 /home/fsw/rep/tasa/lib/bcc-2.2.3-gcc/bin/../lib/gcc/sparc-gaisler-elf/10.2.0/../../../../sparc-gaisler-elf/lib/leon3/libc_nano.a(lib_a-sbrkr.o)
 .debug_aranges
                0x00000000000006a0       0x20 /home/fsw/rep/tasa/lib/bcc-2.2.3-gcc/bin/../lib/gcc/sparc-gaisler-elf/10.2.0/../../../../sparc-gaisler-elf/lib/leon3/libc_nano.a(lib_a-stdio.o)
 .debug_aranges
                0x00000000000006c0       0x20 /home/fsw/rep/tasa/lib/bcc-2.2.3-gcc/bin/../lib/gcc/sparc-gaisler-elf/10.2.0/../../../../sparc-gaisler-elf/lib/leon3/libc_nano.a(lib_a-writer.o)
 .debug_aranges
                0x00000000000006e0       0x20 /home/fsw/rep/tasa/lib/bcc-2.2.3-gcc/bin/../lib/gcc/sparc-gaisler-elf/10.2.0/../../../../sparc-gaisler-elf/lib/leon3/libc_nano.a(lib_a-closer.o)
 .debug_aranges
                0x0000000000000700       0x20 /home/fsw/rep/tasa/lib/bcc-2.2.3-gcc/bin/../lib/gcc/sparc-gaisler-elf/10.2.0/../../../../sparc-gaisler-elf/lib/leon3/libc_nano.a(lib_a-fstatr.o)
 .debug_aranges
                0x0000000000000720       0x20 /home/fsw/rep/tasa/lib/bcc-2.2.3-gcc/bin/../lib/gcc/sparc-gaisler-elf/10.2.0/../../../../sparc-gaisler-elf/lib/leon3/libc_nano.a(lib_a-fvwrite.o)
 .debug_aranges
                0x0000000000000740       0x20 /home/fsw/rep/tasa/lib/bcc-2.2.3-gcc/bin/../lib/gcc/sparc-gaisler-elf/10.2.0/../../../../sparc-gaisler-elf/lib/leon3/libc_nano.a(lib_a-isattyr.o)
 .debug_aranges
                0x0000000000000760       0x20 /home/fsw/rep/tasa/lib/bcc-2.2.3-gcc/bin/../lib/gcc/sparc-gaisler-elf/10.2.0/../../../../sparc-gaisler-elf/lib/leon3/libc_nano.a(lib_a-locale.o)
 .debug_aranges
                0x0000000000000780       0x20 /home/fsw/rep/tasa/lib/bcc-2.2.3-gcc/bin/../lib/gcc/sparc-gaisler-elf/10.2.0/../../../../sparc-gaisler-elf/lib/leon3/libc_nano.a(lib_a-lseekr.o)
 .debug_aranges
                0x00000000000007a0       0x20 /home/fsw/rep/tasa/lib/bcc-2.2.3-gcc/bin/../lib/gcc/sparc-gaisler-elf/10.2.0/../../../../sparc-gaisler-elf/lib/leon3/libc_nano.a(lib_a-mbtowc_r.o)
 .debug_aranges
                0x00000000000007c0       0x20 /home/fsw/rep/tasa/lib/bcc-2.2.3-gcc/bin/../lib/gcc/sparc-gaisler-elf/10.2.0/../../../../sparc-gaisler-elf/lib/leon3/libc_nano.a(lib_a-memmove.o)
 .debug_aranges
                0x00000000000007e0       0x20 /home/fsw/rep/tasa/lib/bcc-2.2.3-gcc/bin/../lib/gcc/sparc-gaisler-elf/10.2.0/../../../../sparc-gaisler-elf/lib/leon3/libc_nano.a(lib_a-mlock.o)
 .debug_aranges
                0x0000000000000800       0x20 /home/fsw/rep/tasa/lib/bcc-2.2.3-gcc/bin/../lib/gcc/sparc-gaisler-elf/10.2.0/../../../../sparc-gaisler-elf/lib/leon3/libc_nano.a(lib_a-nano-reallocr.o)
 .debug_aranges
                0x0000000000000820       0x20 /home/fsw/rep/tasa/lib/bcc-2.2.3-gcc/bin/../lib/gcc/sparc-gaisler-elf/10.2.0/../../../../sparc-gaisler-elf/lib/leon3/libc_nano.a(lib_a-readr.o)
 .debug_aranges
                0x0000000000000840       0x20 /home/fsw/rep/tasa/lib/bcc-2.2.3-gcc/bin/../lib/gcc/sparc-gaisler-elf/10.2.0/../../../../sparc-gaisler-elf/lib/leon3/libc_nano.a(lib_a-reent.o)
 .debug_aranges
                0x0000000000000860       0x20 /home/fsw/rep/tasa/lib/bcc-2.2.3-gcc/bin/../lib/gcc/sparc-gaisler-elf/10.2.0/../../../../sparc-gaisler-elf/lib/leon3/libc_nano.a(lib_a-strcmp.o)
 .debug_aranges
                0x0000000000000880       0x20 /home/fsw/rep/tasa/lib/bcc-2.2.3-gcc/bin/../lib/gcc/sparc-gaisler-elf/10.2.0/../../../../sparc-gaisler-elf/lib/leon3/libc_nano.a(lib_a-wctomb_r.o)
 .debug_aranges
                0x00000000000008a0       0x18 /home/fsw/rep/tasa/lib/bcc-2.2.3-gcc/bin/../lib/gcc/sparc-gaisler-elf/10.2.0/../../../../sparc-gaisler-elf/lib/leon3/libc_nano.a(lib_a-ctype_.o)
 .debug_aranges
                0x00000000000008b8       0x20 /home/fsw/rep/tasa/lib/bcc-2.2.3-gcc/bin/../lib/gcc/sparc-gaisler-elf/10.2.0/../../../../sparc-gaisler-elf/lib/leon3/libc_nano.a(lib_a-nano-msizer.o)
 .debug_aranges
                0x00000000000008d8       0x20 /home/fsw/rep/tasa/lib/bcc-2.2.3-gcc/bin/../sparc-gaisler-elf/bsp/gr716/leon3/libbcc.a(_exit.S.o)
 .debug_aranges
                0x00000000000008f8       0x20 /home/fsw/rep/tasa/lib/bcc-2.2.3-gcc/bin/../sparc-gaisler-elf/bsp/gr716/leon3/libbcc.a(read.c.o)
 .debug_aranges
                0x0000000000000918       0x20 /home/fsw/rep/tasa/lib/bcc-2.2.3-gcc/bin/../sparc-gaisler-elf/bsp/gr716/leon3/libbcc.a(sbrk.c.o)
 .debug_aranges
                0x0000000000000938       0x18 /home/fsw/rep/tasa/lib/bcc-2.2.3-gcc/bin/../sparc-gaisler-elf/bsp/gr716/leon3/libbcc.a(heap.c.o)
 .debug_aranges
                0x0000000000000950       0x20 /home/fsw/rep/tasa/lib/bcc-2.2.3-gcc/bin/../sparc-gaisler-elf/bsp/gr716/leon3/libbcc.a(write.c.o)
 .debug_aranges
                0x0000000000000970       0x20 /home/fsw/rep/tasa/lib/bcc-2.2.3-gcc/bin/../sparc-gaisler-elf/bsp/gr716/leon3/libbcc.a(stubs.S.o)
 .debug_aranges
                0x0000000000000990       0x20 /home/fsw/rep/tasa/lib/bcc-2.2.3-gcc/bin/../sparc-gaisler-elf/bsp/gr716/leon3/libbcc.a(con_apbuart.c.o)

.debug_pubnames
 *(.debug_pubnames)

.debug_info     0x0000000000000000    0x1c499
 *(.debug_info)
 .debug_info    0x0000000000000000       0x26 /home/fsw/rep/tasa/lib/bcc-2.2.3-gcc/bin/../sparc-gaisler-elf/bsp/gr716/leon3/trap_table_svt.S.o
 .debug_info    0x0000000000000026       0x26 /home/fsw/rep/tasa/lib/bcc-2.2.3-gcc/bin/../sparc-gaisler-elf/bsp/gr716/leon3/crt0.S.o
 .debug_info    0x000000000000004c      0x368 /tmp/ccsxG5Hn.o
 .debug_info    0x00000000000003b4       0x26 /home/fsw/rep/tasa/lib/bcc-2.2.3-gcc/bin/../sparc-gaisler-elf/bsp/gr716/leon3/libbcc.a(trap_table_svt_tables.S.o)
 .debug_info    0x00000000000003da       0x26 /home/fsw/rep/tasa/lib/bcc-2.2.3-gcc/bin/../sparc-gaisler-elf/bsp/gr716/leon3/libbcc.a(reset_trap_svt.S.o)
 .debug_info    0x0000000000000400       0x26 /home/fsw/rep/tasa/lib/bcc-2.2.3-gcc/bin/../sparc-gaisler-elf/bsp/gr716/leon3/libbcc.a(window_trap.S.o)
 .debug_info    0x0000000000000426       0x26 /home/fsw/rep/tasa/lib/bcc-2.2.3-gcc/bin/../sparc-gaisler-elf/bsp/gr716/leon3/libbcc.a(interrupt_trap.S.o)
 .debug_info    0x000000000000044c       0x26 /home/fsw/rep/tasa/lib/bcc-2.2.3-gcc/bin/../sparc-gaisler-elf/bsp/gr716/leon3/libbcc.a(flush_windows_trap.S.o)
 .debug_info    0x0000000000000472       0x26 /home/fsw/rep/tasa/lib/bcc-2.2.3-gcc/bin/../sparc-gaisler-elf/bsp/gr716/leon3/libbcc.a(sw_trap_set_pil.S.o)
 .debug_info    0x0000000000000498       0xf5 /home/fsw/rep/tasa/lib/bcc-2.2.3-gcc/bin/../sparc-gaisler-elf/bsp/gr716/leon3/libbcc.a(isr.c.o)
 .debug_info    0x000000000000058d       0xcd /home/fsw/rep/tasa/lib/bcc-2.2.3-gcc/bin/../sparc-gaisler-elf/bsp/gr716/leon3/libbcc.a(int_nest.c.o)
 .debug_info    0x000000000000065a       0x26 /home/fsw/rep/tasa/lib/bcc-2.2.3-gcc/bin/../sparc-gaisler-elf/bsp/gr716/leon3/libbcc.a(init.S.o)
 .debug_info    0x0000000000000680       0x26 /home/fsw/rep/tasa/lib/bcc-2.2.3-gcc/bin/../sparc-gaisler-elf/bsp/gr716/leon3/libbcc.a(leon_info.S.o)
 .debug_info    0x00000000000006a6       0x26 /home/fsw/rep/tasa/lib/bcc-2.2.3-gcc/bin/../sparc-gaisler-elf/bsp/gr716/leon3/libbcc.a(dwzero.S.o)
 .debug_info    0x00000000000006cc       0xe8 /home/fsw/rep/tasa/lib/bcc-2.2.3-gcc/bin/../sparc-gaisler-elf/bsp/gr716/leon3/libbcc.a(copy_data.c.o)
 .debug_info    0x00000000000007b4       0xd9 /home/fsw/rep/tasa/lib/bcc-2.2.3-gcc/bin/../sparc-gaisler-elf/bsp/gr716/leon3/libbcc.a(argv.c.o)
 .debug_info    0x000000000000088d      0x2db /home/fsw/rep/tasa/lib/bcc-2.2.3-gcc/bin/../sparc-gaisler-elf/bsp/gr716/leon3/libbcc.a(int_irqmp_get_source.c.o)
 .debug_info    0x0000000000000b68      0x3a6 /home/fsw/rep/tasa/lib/bcc-2.2.3-gcc/bin/../sparc-gaisler-elf/bsp/gr716/leon3/libbcc.a(int_irqmp_mp.c.o)
 .debug_info    0x0000000000000f0e      0x390 /home/fsw/rep/tasa/lib/bcc-2.2.3-gcc/bin/../sparc-gaisler-elf/bsp/gr716/leon3/libbcc.a(int_irqmp_init.c.o)
 .debug_info    0x000000000000129e      0x1d7 /home/fsw/rep/tasa/lib/bcc-2.2.3-gcc/bin/../sparc-gaisler-elf/bsp/gr716/leon3/libbcc.a(bsp_timer_init.c.o)
 .debug_info    0x0000000000001475      0x1a0 /home/fsw/rep/tasa/lib/bcc-2.2.3-gcc/bin/../sparc-gaisler-elf/bsp/gr716/leon3/libbcc.a(bsp_con_init.c.o)
 .debug_info    0x0000000000001615       0xeb /home/fsw/rep/tasa/lib/bcc-2.2.3-gcc/bin/../sparc-gaisler-elf/bsp/gr716/leon3/libbcc.a(int_irqmp_handle.c.o)
 .debug_info    0x0000000000001700       0x9d /home/fsw/rep/tasa/lib/bcc-2.2.3-gcc/bin/../sparc-gaisler-elf/bsp/gr716/leon3/libbcc.a(con_handle.c.o)
 .debug_info    0x000000000000179d       0xb7 /home/fsw/rep/tasa/lib/bcc-2.2.3-gcc/bin/../sparc-gaisler-elf/bsp/gr716/leon3/libbcc.a(timer_handle.c.o)
 .debug_info    0x0000000000001854       0x3c /home/fsw/rep/tasa/lib/bcc-2.2.3-gcc/bin/../sparc-gaisler-elf/bsp/gr716/leon3/libbcc.a(bsp_sysfreq.c.o)
 .debug_info    0x0000000000001890      0x102 /home/fsw/rep/tasa/lib/bcc-2.2.3-gcc/bin/../lib/gcc/sparc-gaisler-elf/10.2.0/../../../../sparc-gaisler-elf/lib/leon3/libc_nano.a(lib_a-atexit.o)
 .debug_info    0x0000000000001992      0x7f5 /home/fsw/rep/tasa/lib/bcc-2.2.3-gcc/bin/../lib/gcc/sparc-gaisler-elf/10.2.0/../../../../sparc-gaisler-elf/lib/leon3/libc_nano.a(lib_a-exit.o)
 .debug_info    0x0000000000002187      0x83e /home/fsw/rep/tasa/lib/bcc-2.2.3-gcc/bin/../lib/gcc/sparc-gaisler-elf/10.2.0/../../../../sparc-gaisler-elf/lib/leon3/libc_nano.a(lib_a-impure.o)
 .debug_info    0x00000000000029c5     0x12e3 /home/fsw/rep/tasa/lib/bcc-2.2.3-gcc/bin/../lib/gcc/sparc-gaisler-elf/10.2.0/../../../../sparc-gaisler-elf/lib/leon3/libc_nano.a(lib_a-nano-vfprintf_float.o)
 .debug_info    0x0000000000003ca8      0xe6c /home/fsw/rep/tasa/lib/bcc-2.2.3-gcc/bin/../lib/gcc/sparc-gaisler-elf/10.2.0/../../../../sparc-gaisler-elf/lib/leon3/libc_nano.a(lib_a-nano-vfprintf_i.o)
 .debug_info    0x0000000000004b14      0x8d8 /home/fsw/rep/tasa/lib/bcc-2.2.3-gcc/bin/../lib/gcc/sparc-gaisler-elf/10.2.0/../../../../sparc-gaisler-elf/lib/leon3/libc_nano.a(lib_a-printf.o)
 .debug_info    0x00000000000053ec      0x85d /home/fsw/rep/tasa/lib/bcc-2.2.3-gcc/bin/../lib/gcc/sparc-gaisler-elf/10.2.0/../../../../sparc-gaisler-elf/lib/leon3/libc_nano.a(lib_a-putchar.o)
 .debug_info    0x0000000000005c49      0xa48 /home/fsw/rep/tasa/lib/bcc-2.2.3-gcc/bin/../lib/gcc/sparc-gaisler-elf/10.2.0/../../../../sparc-gaisler-elf/lib/leon3/libc_nano.a(lib_a-puts.o)
 .debug_info    0x0000000000006691       0xd0 /home/fsw/rep/tasa/lib/bcc-2.2.3-gcc/bin/../lib/gcc/sparc-gaisler-elf/10.2.0/../../../../sparc-gaisler-elf/lib/leon3/libc_nano.a(lib_a-strlen.o)
 .debug_info    0x0000000000006761      0x976 /home/fsw/rep/tasa/lib/bcc-2.2.3-gcc/bin/../lib/gcc/sparc-gaisler-elf/10.2.0/../../../../sparc-gaisler-elf/lib/leon3/libc_nano.a(lib_a-wbuf.o)
 .debug_info    0x00000000000070d7      0x8dd /home/fsw/rep/tasa/lib/bcc-2.2.3-gcc/bin/../lib/gcc/sparc-gaisler-elf/10.2.0/../../../../sparc-gaisler-elf/lib/leon3/libc_nano.a(lib_a-wsetup.o)
 .debug_info    0x00000000000079b4      0x27d /home/fsw/rep/tasa/lib/bcc-2.2.3-gcc/bin/../lib/gcc/sparc-gaisler-elf/10.2.0/../../../../sparc-gaisler-elf/lib/leon3/libc_nano.a(lib_a-__atexit.o)
 .debug_info    0x0000000000007c31      0x27d /home/fsw/rep/tasa/lib/bcc-2.2.3-gcc/bin/../lib/gcc/sparc-gaisler-elf/10.2.0/../../../../sparc-gaisler-elf/lib/leon3/libc_nano.a(lib_a-__call_atexit.o)
 .debug_info    0x0000000000007eae     0x14e8 /home/fsw/rep/tasa/lib/bcc-2.2.3-gcc/bin/../lib/gcc/sparc-gaisler-elf/10.2.0/../../../../sparc-gaisler-elf/lib/leon3/libc_nano.a(lib_a-dtoa.o)
 .debug_info    0x0000000000009396      0xa70 /home/fsw/rep/tasa/lib/bcc-2.2.3-gcc/bin/../lib/gcc/sparc-gaisler-elf/10.2.0/../../../../sparc-gaisler-elf/lib/leon3/libc_nano.a(lib_a-fflush.o)
 .debug_info    0x0000000000009e06      0xc98 /home/fsw/rep/tasa/lib/bcc-2.2.3-gcc/bin/../lib/gcc/sparc-gaisler-elf/10.2.0/../../../../sparc-gaisler-elf/lib/leon3/libc_nano.a(lib_a-findfp.o)
 .debug_info    0x000000000000aa9e      0x8db /home/fsw/rep/tasa/lib/bcc-2.2.3-gcc/bin/../lib/gcc/sparc-gaisler-elf/10.2.0/../../../../sparc-gaisler-elf/lib/leon3/libc_nano.a(lib_a-fwalk.o)
 .debug_info    0x000000000000b379      0xb4f /home/fsw/rep/tasa/lib/bcc-2.2.3-gcc/bin/../lib/gcc/sparc-gaisler-elf/10.2.0/../../../../sparc-gaisler-elf/lib/leon3/libc_nano.a(lib_a-localeconv.o)
 .debug_info    0x000000000000bec8      0xb7a /home/fsw/rep/tasa/lib/bcc-2.2.3-gcc/bin/../lib/gcc/sparc-gaisler-elf/10.2.0/../../../../sparc-gaisler-elf/lib/leon3/libc_nano.a(lib_a-makebuf.o)
 .debug_info    0x000000000000ca42      0x817 /home/fsw/rep/tasa/lib/bcc-2.2.3-gcc/bin/../lib/gcc/sparc-gaisler-elf/10.2.0/../../../../sparc-gaisler-elf/lib/leon3/libc_nano.a(lib_a-malloc.o)
 .debug_info    0x000000000000d259      0x115 /home/fsw/rep/tasa/lib/bcc-2.2.3-gcc/bin/../lib/gcc/sparc-gaisler-elf/10.2.0/../../../../sparc-gaisler-elf/lib/leon3/libc_nano.a(lib_a-memchr.o)
 .debug_info    0x000000000000d36e      0x126 /home/fsw/rep/tasa/lib/bcc-2.2.3-gcc/bin/../lib/gcc/sparc-gaisler-elf/10.2.0/../../../../sparc-gaisler-elf/lib/leon3/libc_nano.a(lib_a-memcpy.o)
 .debug_info    0x000000000000d494       0xe1 /home/fsw/rep/tasa/lib/bcc-2.2.3-gcc/bin/../lib/gcc/sparc-gaisler-elf/10.2.0/../../../../sparc-gaisler-elf/lib/leon3/libc_nano.a(lib_a-memset.o)
 .debug_info    0x000000000000d575     0x1b70 /home/fsw/rep/tasa/lib/bcc-2.2.3-gcc/bin/../lib/gcc/sparc-gaisler-elf/10.2.0/../../../../sparc-gaisler-elf/lib/leon3/libc_nano.a(lib_a-mprec.o)
 .debug_info    0x000000000000f0e5      0x82f /home/fsw/rep/tasa/lib/bcc-2.2.3-gcc/bin/../lib/gcc/sparc-gaisler-elf/10.2.0/../../../../sparc-gaisler-elf/lib/leon3/libc_nano.a(lib_a-nano-callocr.o)
 .debug_info    0x000000000000f914      0x952 /home/fsw/rep/tasa/lib/bcc-2.2.3-gcc/bin/../lib/gcc/sparc-gaisler-elf/10.2.0/../../../../sparc-gaisler-elf/lib/leon3/libc_nano.a(lib_a-nano-freer.o)
 .debug_info    0x0000000000010266      0xa25 /home/fsw/rep/tasa/lib/bcc-2.2.3-gcc/bin/../lib/gcc/sparc-gaisler-elf/10.2.0/../../../../sparc-gaisler-elf/lib/leon3/libc_nano.a(lib_a-nano-mallocr.o)
 .debug_info    0x0000000000010c8b     0x10e6 /home/fsw/rep/tasa/lib/bcc-2.2.3-gcc/bin/../lib/gcc/sparc-gaisler-elf/10.2.0/../../../../sparc-gaisler-elf/lib/leon3/libc_nano.a(lib_a-nano-vfprintf.o)
 .debug_info    0x0000000000011d71      0x99c /home/fsw/rep/tasa/lib/bcc-2.2.3-gcc/bin/../lib/gcc/sparc-gaisler-elf/10.2.0/../../../../sparc-gaisler-elf/lib/leon3/libc_nano.a(lib_a-putc.o)
 .debug_info    0x000000000001270d      0x801 /home/fsw/rep/tasa/lib/bcc-2.2.3-gcc/bin/../lib/gcc/sparc-gaisler-elf/10.2.0/../../../../sparc-gaisler-elf/lib/leon3/libc_nano.a(lib_a-sbrkr.o)
 .debug_info    0x0000000000012f0e      0xa81 /home/fsw/rep/tasa/lib/bcc-2.2.3-gcc/bin/../lib/gcc/sparc-gaisler-elf/10.2.0/../../../../sparc-gaisler-elf/lib/leon3/libc_nano.a(lib_a-stdio.o)
 .debug_info    0x000000000001398f      0x831 /home/fsw/rep/tasa/lib/bcc-2.2.3-gcc/bin/../lib/gcc/sparc-gaisler-elf/10.2.0/../../../../sparc-gaisler-elf/lib/leon3/libc_nano.a(lib_a-writer.o)
 .debug_info    0x00000000000141c0      0x7de /home/fsw/rep/tasa/lib/bcc-2.2.3-gcc/bin/../lib/gcc/sparc-gaisler-elf/10.2.0/../../../../sparc-gaisler-elf/lib/leon3/libc_nano.a(lib_a-closer.o)
 .debug_info    0x000000000001499e      0x9dd /home/fsw/rep/tasa/lib/bcc-2.2.3-gcc/bin/../lib/gcc/sparc-gaisler-elf/10.2.0/../../../../sparc-gaisler-elf/lib/leon3/libc_nano.a(lib_a-fstatr.o)
 .debug_info    0x000000000001537b      0xb19 /home/fsw/rep/tasa/lib/bcc-2.2.3-gcc/bin/../lib/gcc/sparc-gaisler-elf/10.2.0/../../../../sparc-gaisler-elf/lib/leon3/libc_nano.a(lib_a-fvwrite.o)
 .debug_info    0x0000000000015e94      0x7de /home/fsw/rep/tasa/lib/bcc-2.2.3-gcc/bin/../lib/gcc/sparc-gaisler-elf/10.2.0/../../../../sparc-gaisler-elf/lib/leon3/libc_nano.a(lib_a-isattyr.o)
 .debug_info    0x0000000000016672      0xc56 /home/fsw/rep/tasa/lib/bcc-2.2.3-gcc/bin/../lib/gcc/sparc-gaisler-elf/10.2.0/../../../../sparc-gaisler-elf/lib/leon3/libc_nano.a(lib_a-locale.o)
 .debug_info    0x00000000000172c8      0x812 /home/fsw/rep/tasa/lib/bcc-2.2.3-gcc/bin/../lib/gcc/sparc-gaisler-elf/10.2.0/../../../../sparc-gaisler-elf/lib/leon3/libc_nano.a(lib_a-lseekr.o)
 .debug_info    0x0000000000017ada      0xb54 /home/fsw/rep/tasa/lib/bcc-2.2.3-gcc/bin/../lib/gcc/sparc-gaisler-elf/10.2.0/../../../../sparc-gaisler-elf/lib/leon3/libc_nano.a(lib_a-mbtowc_r.o)