Archive member included to satisfy reference by file (symbol)

/home/fsw/rep/tasa/lib/bcc-2.2.3-gcc/bin/../sparc-gaisler-elf/bsp/leon3/leon3/mfix-b2bst/soft/flat/libbcc.a(reset_trap_mvt.S.o)
                              /home/fsw/rep/tasa/lib/bcc-2.2.3-gcc/bin/../sparc-gaisler-elf/bsp/leon3/leon3/mfix-b2bst/soft/flat/trap_table_mvt.S.o (__bcc_trap_reset_mvt)
/home/fsw/rep/tasa/lib/bcc-2.2.3-gcc/bin/../sparc-gaisler-elf/bsp/leon3/leon3/mfix-b2bst/soft/flat/libbcc.a(interrupt_trap_flat.S.o)
                              /home/fsw/rep/tasa/lib/bcc-2.2.3-gcc/bin/../sparc-gaisler-elf/bsp/leon3/leon3/mfix-b2bst/soft/flat/trap_table_mvt.S.o (__bcc_trap_interrupt_flat)
/home/fsw/rep/tasa/lib/bcc-2.2.3-gcc/bin/../sparc-gaisler-elf/bsp/leon3/leon3/mfix-b2bst/soft/flat/libbcc.a(sw_trap_set_pil.S.o)
                              /home/fsw/rep/tasa/lib/bcc-2.2.3-gcc/bin/../sparc-gaisler-elf/bsp/leon3/leon3/mfix-b2bst/soft/flat/trap_table_mvt.S.o (__bcc_trap_sw_set_pil)
/home/fsw/rep/tasa/lib/bcc-2.2.3-gcc/bin/../sparc-gaisler-elf/bsp/leon3/leon3/mfix-b2bst/soft/flat/libbcc.a(isr.c.o)
                              /home/fsw/rep/tasa/lib/bcc-2.2.3-gcc/bin/../sparc-gaisler-elf/bsp/leon3/leon3/mfix-b2bst/soft/flat/libbcc.a(interrupt_trap_flat.S.o) (__bcc_isr_list)
/home/fsw/rep/tasa/lib/bcc-2.2.3-gcc/bin/../sparc-gaisler-elf/bsp/leon3/leon3/mfix-b2bst/soft/flat/libbcc.a(int_nest.c.o)
                              /home/fsw/rep/tasa/lib/bcc-2.2.3-gcc/bin/../sparc-gaisler-elf/bsp/leon3/leon3/mfix-b2bst/soft/flat/libbcc.a(interrupt_trap_flat.S.o) (__bcc_int_nest)
/home/fsw/rep/tasa/lib/bcc-2.2.3-gcc/bin/../sparc-gaisler-elf/bsp/leon3/leon3/mfix-b2bst/soft/flat/libbcc.a(init.S.o)
                              /home/fsw/rep/tasa/lib/bcc-2.2.3-gcc/bin/../sparc-gaisler-elf/bsp/leon3/leon3/mfix-b2bst/soft/flat/libbcc.a(reset_trap_mvt.S.o) (__bcc_init40)
/home/fsw/rep/tasa/lib/bcc-2.2.3-gcc/bin/../sparc-gaisler-elf/bsp/leon3/leon3/mfix-b2bst/soft/flat/libbcc.a(leon_info.S.o)
                              /home/fsw/rep/tasa/lib/bcc-2.2.3-gcc/bin/../sparc-gaisler-elf/bsp/leon3/leon3/mfix-b2bst/soft/flat/crt0.S.o (__bcc_get_leon_info)
/home/fsw/rep/tasa/lib/bcc-2.2.3-gcc/bin/../sparc-gaisler-elf/bsp/leon3/leon3/mfix-b2bst/soft/flat/libbcc.a(dwzero.S.o)
                              /home/fsw/rep/tasa/lib/bcc-2.2.3-gcc/bin/../sparc-gaisler-elf/bsp/leon3/leon3/mfix-b2bst/soft/flat/crt0.S.o (bcc_dwzero)
/home/fsw/rep/tasa/lib/bcc-2.2.3-gcc/bin/../sparc-gaisler-elf/bsp/leon3/leon3/mfix-b2bst/soft/flat/libbcc.a(copy_data.c.o)
                              /home/fsw/rep/tasa/lib/bcc-2.2.3-gcc/bin/../sparc-gaisler-elf/bsp/leon3/leon3/mfix-b2bst/soft/flat/crt0.S.o (__bcc_copy_data)
/home/fsw/rep/tasa/lib/bcc-2.2.3-gcc/bin/../sparc-gaisler-elf/bsp/leon3/leon3/mfix-b2bst/soft/flat/libbcc.a(argv.c.o)
                              /home/fsw/rep/tasa/lib/bcc-2.2.3-gcc/bin/../sparc-gaisler-elf/bsp/leon3/leon3/mfix-b2bst/soft/flat/crt0.S.o (__bcc_argvp)
/home/fsw/rep/tasa/lib/bcc-2.2.3-gcc/bin/../sparc-gaisler-elf/bsp/leon3/leon3/mfix-b2bst/soft/flat/libbcc.a(int_irqmp_get_source.c.o)
                              /home/fsw/rep/tasa/lib/bcc-2.2.3-gcc/bin/../sparc-gaisler-elf/bsp/leon3/leon3/mfix-b2bst/soft/flat/libbcc.a(interrupt_trap_flat.S.o) (__bcc_int_get_source)
/home/fsw/rep/tasa/lib/bcc-2.2.3-gcc/bin/../sparc-gaisler-elf/bsp/leon3/leon3/mfix-b2bst/soft/flat/libbcc.a(int_irqmp_mp.c.o)
                              /tmp/ccVbgXki.o (bcc_get_cpu_count)
/home/fsw/rep/tasa/lib/bcc-2.2.3-gcc/bin/../sparc-gaisler-elf/bsp/leon3/leon3/mfix-b2bst/soft/flat/libbcc.a(int_irqmp_init.c.o)
                              /home/fsw/rep/tasa/lib/bcc-2.2.3-gcc/bin/../sparc-gaisler-elf/bsp/leon3/leon3/mfix-b2bst/soft/flat/crt0.S.o (__bcc_int_init)
/home/fsw/rep/tasa/lib/bcc-2.2.3-gcc/bin/../sparc-gaisler-elf/bsp/leon3/leon3/mfix-b2bst/soft/flat/libbcc.a(con_apbuart_init.c.o)
                              /home/fsw/rep/tasa/lib/bcc-2.2.3-gcc/bin/../sparc-gaisler-elf/bsp/leon3/leon3/mfix-b2bst/soft/flat/crt0.S.o (__bcc_con_init)
/home/fsw/rep/tasa/lib/bcc-2.2.3-gcc/bin/../sparc-gaisler-elf/bsp/leon3/leon3/mfix-b2bst/soft/flat/libbcc.a(timer_gptimer_init.c.o)
                              /home/fsw/rep/tasa/lib/bcc-2.2.3-gcc/bin/../sparc-gaisler-elf/bsp/leon3/leon3/mfix-b2bst/soft/flat/crt0.S.o (__bcc_timer_init)
/home/fsw/rep/tasa/lib/bcc-2.2.3-gcc/bin/../sparc-gaisler-elf/bsp/leon3/leon3/mfix-b2bst/soft/flat/libbcc.a(ambapp.c.o)
                              /home/fsw/rep/tasa/lib/bcc-2.2.3-gcc/bin/../sparc-gaisler-elf/bsp/leon3/leon3/mfix-b2bst/soft/flat/libbcc.a(int_irqmp_init.c.o) (ambapp_visit)
/home/fsw/rep/tasa/lib/bcc-2.2.3-gcc/bin/../sparc-gaisler-elf/bsp/leon3/leon3/mfix-b2bst/soft/flat/libbcc.a(ambapp_findfirst_fn.c.o)
                              /home/fsw/rep/tasa/lib/bcc-2.2.3-gcc/bin/../sparc-gaisler-elf/bsp/leon3/leon3/mfix-b2bst/soft/flat/libbcc.a(int_irqmp_init.c.o) (ambapp_findfirst_fn)
[...]
Memory Configuration

Name             Origin             Length             Attributes
rom              0x0000000000000000 0x0000000020000000
ram              0x0000000040000000 0x0000000040000000
*default*        0x0000000000000000 0xffffffffffffffff

Linker script and memory map

LOAD /home/fsw/rep/tasa/lib/bcc-2.2.3-gcc/bin/../sparc-gaisler-elf/bsp/leon3/leon3/mfix-b2bst/soft/flat/trap_table_mvt.S.o
LOAD /home/fsw/rep/tasa/lib/bcc-2.2.3-gcc/bin/../sparc-gaisler-elf/bsp/leon3/leon3/mfix-b2bst/soft/flat/crt0.S.o
LOAD /home/fsw/rep/tasa/lib/bcc-2.2.3-gcc/bin/../lib/gcc/sparc-gaisler-elf/10.2.0/leon3/mfix-b2bst/soft/flat/crti.o
LOAD /home/fsw/rep/tasa/lib/bcc-2.2.3-gcc/bin/../lib/gcc/sparc-gaisler-elf/10.2.0/leon3/mfix-b2bst/soft/flat/crtbegin.o
LOAD /tmp/ccVbgXki.o
                0x0000000000000000                PROVIDE (__bcc_cfg_skip_clear_bss = 0x0)

.text           0x0000000040000000    0x11e80
 CREATE_OBJECT_SYMBOLS
                0x0000000040000000                __text_start = .
                0x0000000040000000                . = ALIGN (0x1000)
 *(.text.traptable)
 .text.traptable
                0x0000000040000000     0x1000 /home/fsw/rep/tasa/lib/bcc-2.2.3-gcc/bin/../sparc-gaisler-elf/bsp/leon3/leon3/mfix-b2bst/soft/flat/trap_table_mvt.S.o
                0x0000000040000000                __bcc_trap_table
                0x0000000040000000                __bcc_entry_point
 *(.text .text.*)
 .text          0x0000000040001000        0x0 /home/fsw/rep/tasa/lib/bcc-2.2.3-gcc/bin/../sparc-gaisler-elf/bsp/leon3/leon3/mfix-b2bst/soft/flat/trap_table_mvt.S.o
 .text          0x0000000040001000       0xc8 /home/fsw/rep/tasa/lib/bcc-2.2.3-gcc/bin/../sparc-gaisler-elf/bsp/leon3/leon3/mfix-b2bst/soft/flat/crt0.S.o
                0x0000000040001000                __bcc_crt0
 .text          0x00000000400010c8        0x0 /home/fsw/rep/tasa/lib/bcc-2.2.3-gcc/bin/../lib/gcc/sparc-gaisler-elf/10.2.0/leon3/mfix-b2bst/soft/flat/crti.o
 .text          0x00000000400010c8      0x200 /home/fsw/rep/tasa/lib/bcc-2.2.3-gcc/bin/../lib/gcc/sparc-gaisler-elf/10.2.0/leon3/mfix-b2bst/soft/flat/crtbegin.o
 .text          0x00000000400012c8        0x0 /tmp/ccVbgXki.o
 .text.startup  0x00000000400012c8      0x170 /tmp/ccVbgXki.o
                0x00000000400012c8                main
 .text          0x0000000040001438       0x90 /home/fsw/rep/tasa/lib/bcc-2.2.3-gcc/bin/../sparc-gaisler-elf/bsp/leon3/leon3/mfix-b2bst/soft/flat/libbcc.a(reset_trap_mvt.S.o)
                0x0000000040001438                __bcc_trap_reset_mvt
 .text          0x00000000400014c8      0x15c /home/fsw/rep/tasa/lib/bcc-2.2.3-gcc/bin/../sparc-gaisler-elf/bsp/leon3/leon3/mfix-b2bst/soft/flat/libbcc.a(interrupt_trap_flat.S.o)
                0x00000000400014c8                __bcc_trap_interrupt_flat_svt
                0x00000000400014cc                __bcc_trap_interrupt_flat
 .text          0x0000000040001624       0x2c /home/fsw/rep/tasa/lib/bcc-2.2.3-gcc/bin/../sparc-gaisler-elf/bsp/leon3/leon3/mfix-b2bst/soft/flat/libbcc.a(sw_trap_set_pil.S.o)
                0x0000000040001624                __bcc_trap_sw_set_pil
 .text          0x0000000040001650        0x0 /home/fsw/rep/tasa/lib/bcc-2.2.3-gcc/bin/../sparc-gaisler-elf/bsp/leon3/leon3/mfix-b2bst/soft/flat/libbcc.a(isr.c.o)
 .text          0x0000000040001650        0x0 /home/fsw/rep/tasa/lib/bcc-2.2.3-gcc/bin/../sparc-gaisler-elf/bsp/leon3/leon3/mfix-b2bst/soft/flat/libbcc.a(int_nest.c.o)
 .text          0x0000000040001650        0x8 /home/fsw/rep/tasa/lib/bcc-2.2.3-gcc/bin/../sparc-gaisler-elf/bsp/leon3/leon3/mfix-b2bst/soft/flat/libbcc.a(init.S.o)
                0x0000000040001650                __bcc_init50
                0x0000000040001650                __bcc_init40
                0x0000000040001650                __bcc_init70
                0x0000000040001650                __bcc_init60
 .text          0x0000000040001658       0x98 /home/fsw/rep/tasa/lib/bcc-2.2.3-gcc/bin/../sparc-gaisler-elf/bsp/leon3/leon3/mfix-b2bst/soft/flat/libbcc.a(leon_info.S.o)
                0x0000000040001658                __bcc_get_leon_info
                0x00000000400016e0                bcc_get_cpuid
 .text          0x00000000400016f0       0x2c /home/fsw/rep/tasa/lib/bcc-2.2.3-gcc/bin/../sparc-gaisler-elf/bsp/leon3/leon3/mfix-b2bst/soft/flat/libbcc.a(dwzero.S.o)
                0x00000000400016f0                bcc_dwzero
 .text          0x000000004000171c       0x78 /home/fsw/rep/tasa/lib/bcc-2.2.3-gcc/bin/../sparc-gaisler-elf/bsp/leon3/leon3/mfix-b2bst/soft/flat/libbcc.a(copy_data.c.o)
                0x000000004000171c                __bcc_copy_data
 .text          0x0000000040001794        0x0 /home/fsw/rep/tasa/lib/bcc-2.2.3-gcc/bin/../sparc-gaisler-elf/bsp/leon3/leon3/mfix-b2bst/soft/flat/libbcc.a(argv.c.o)
 .text          0x0000000040001794       0x48 /home/fsw/rep/tasa/lib/bcc-2.2.3-gcc/bin/../sparc-gaisler-elf/bsp/leon3/leon3/mfix-b2bst/soft/flat/libbcc.a(int_irqmp_get_source.c.o)
                0x0000000040001794                __bcc_int_get_source
 .text          0x00000000400017dc       0xa0 /home/fsw/rep/tasa/lib/bcc-2.2.3-gcc/bin/../sparc-gaisler-elf/bsp/leon3/leon3/mfix-b2bst/soft/flat/libbcc.a(int_irqmp_mp.c.o)
                0x00000000400017dc                bcc_send_interrupt
                0x000000004000181c                bcc_get_cpu_count
                0x0000000040001848                bcc_start_processor
 .text          0x000000004000187c      0x1e4 /home/fsw/rep/tasa/lib/bcc-2.2.3-gcc/bin/../sparc-gaisler-elf/bsp/leon3/leon3/mfix-b2bst/soft/flat/libbcc.a(int_irqmp_init.c.o)
                0x000000004000187c                __bcc_int_init
 .text          0x0000000040001a60       0x6c /home/fsw/rep/tasa/lib/bcc-2.2.3-gcc/bin/../sparc-gaisler-elf/bsp/leon3/leon3/mfix-b2bst/soft/flat/libbcc.a(con_apbuart_init.c.o)
                0x0000000040001a60                __bcc_con_init
 .text          0x0000000040001acc       0x9c /home/fsw/rep/tasa/lib/bcc-2.2.3-gcc/bin/../sparc-gaisler-elf/bsp/leon3/leon3/mfix-b2bst/soft/flat/libbcc.a(timer_gptimer_init.c.o)
                0x0000000040001acc                __bcc_timer_init
 .text          0x0000000040001b68      0x7f4 /home/fsw/rep/tasa/lib/bcc-2.2.3-gcc/bin/../sparc-gaisler-elf/bsp/leon3/leon3/mfix-b2bst/soft/flat/libbcc.a(ambapp.c.o)
                0x0000000040001b68                ambapp_get_ahbinfo
                0x000000004000227c                ambapp_get_apbinfo
                0x0000000040002324                ambapp_visit
 .text          0x000000004000235c       0xac /home/fsw/rep/tasa/lib/bcc-2.2.3-gcc/bin/../sparc-gaisler-elf/bsp/leon3/leon3/mfix-b2bst/soft/flat/libbcc.a(ambapp_findfirst_fn.c.o)
                0x000000004000235c                ambapp_findfirst_fn
 .text          0x0000000040002408        0x0 /home/fsw/rep/tasa/lib/bcc-2.2.3-gcc/bin/../sparc-gaisler-elf/bsp/leon3/leon3/mfix-b2bst/soft/flat/libbcc.a(int_irqmp_handle.c.o)
 .text          0x0000000040002408        0x0 /home/fsw/rep/tasa/lib/bcc-2.2.3-gcc/bin/../sparc-gaisler-elf/bsp/leon3/leon3/mfix-b2bst/soft/flat/libbcc.a(con_handle.c.o)
 .text          0x0000000040002408        0x0 /home/fsw/rep/tasa/lib/bcc-2.2.3-gcc/bin/../sparc-gaisler-elf/bsp/leon3/leon3/mfix-b2bst/soft/flat/libbcc.a(timer_handle.c.o)
 .text          0x0000000040002408       0x1c /home/fsw/rep/tasa/lib/bcc-2.2.3-gcc/bin/../lib/gcc/sparc-gaisler-elf/10.2.0/../../../../sparc-gaisler-elf/lib/leon3/mfix-b2bst/soft/flat/libc.a(lib_a-atexit.o)
                0x0000000040002408                atexit
 .text          0x0000000040002424       0x50 /home/fsw/rep/tasa/lib/bcc-2.2.3-gcc/bin/../lib/gcc/sparc-gaisler-elf/10.2.0/../../../../sparc-gaisler-elf/lib/leon3/mfix-b2bst/soft/flat/libc.a(lib_a-exit.o)
                0x0000000040002424                exit
 .text          0x0000000040002474        0x0 /home/fsw/rep/tasa/lib/bcc-2.2.3-gcc/bin/../lib/gcc/sparc-gaisler-elf/10.2.0/../../../../sparc-gaisler-elf/lib/leon3/mfix-b2bst/soft/flat/libc.a(lib_a-impure.o)
 .text          0x0000000040002474      0x1d8 /home/fsw/rep/tasa/lib/bcc-2.2.3-gcc/bin/../lib/gcc/sparc-gaisler-elf/10.2.0/../../../../sparc-gaisler-elf/lib/leon3/mfix-b2bst/soft/flat/libc.a(lib_a-memcpy.o)
                0x0000000040002474                memcpy
 .text          0x000000004000264c      0x160 /home/fsw/rep/tasa/lib/bcc-2.2.3-gcc/bin/../lib/gcc/sparc-gaisler-elf/10.2.0/../../../../sparc-gaisler-elf/lib/leon3/mfix-b2bst/soft/flat/libc.a(lib_a-printf.o)
                0x000000004000264c                _printf_r
                0x00000000400026fc                printf
 .text          0x00000000400027ac      0x114 /home/fsw/rep/tasa/lib/bcc-2.2.3-gcc/bin/../lib/gcc/sparc-gaisler-elf/10.2.0/../../../../sparc-gaisler-elf/lib/leon3/mfix-b2bst/soft/flat/libc.a(lib_a-putchar.o)
                0x00000000400027ac                _putchar_r
                0x0000000040002830                putchar
 .text          0x00000000400028c0      0x2a8 /home/fsw/rep/tasa/lib/bcc-2.2.3-gcc/bin/../lib/gcc/sparc-gaisler-elf/10.2.0/../../../../sparc-gaisler-elf/lib/leon3/mfix-b2bst/soft/flat/libc.a(lib_a-puts.o)
                0x00000000400028c0                _puts_r
                0x0000000040002a14                puts
 .text          0x0000000040002b68       0xc4 /home/fsw/rep/tasa/lib/bcc-2.2.3-gcc/bin/../lib/gcc/sparc-gaisler-elf/10.2.0/../../../../sparc-gaisler-elf/lib/leon3/mfix-b2bst/soft/flat/libc.a(lib_a-strlen.o)
                0x0000000040002b68                strlen
 .text          0x0000000040002c2c     0x3034 /home/fsw/rep/tasa/lib/bcc-2.2.3-gcc/bin/../lib/gcc/sparc-gaisler-elf/10.2.0/../../../../sparc-gaisler-elf/lib/leon3/mfix-b2bst/soft/flat/libc.a(lib_a-vfprintf.o)
                0x0000000040002d98                _vfprintf_r
                0x0000000040005b68                vfprintf
 .text          0x0000000040005c60      0x200 /home/fsw/rep/tasa/lib/bcc-2.2.3-gcc/bin/../lib/gcc/sparc-gaisler-elf/10.2.0/../../../../sparc-gaisler-elf/lib/leon3/mfix-b2bst/soft/flat/libc.a(lib_a-wsetup.o)
                0x0000000040005c60                __swsetup_r
 .text          0x0000000040005e60      0x19c /home/fsw/rep/tasa/lib/bcc-2.2.3-gcc/bin/../lib/gcc/sparc-gaisler-elf/10.2.0/../../../../sparc-gaisler-elf/lib/leon3/mfix-b2bst/soft/flat/libc.a(lib_a-__atexit.o)
                0x0000000040005e60                __register_exitproc
 .text          0x0000000040005ffc      0x30c /home/fsw/rep/tasa/lib/bcc-2.2.3-gcc/bin/../lib/gcc/sparc-gaisler-elf/10.2.0/../../../../sparc-gaisler-elf/lib/leon3/mfix-b2bst/soft/flat/libc.a(lib_a-__call_atexit.o)
                0x0000000040005ffc                __call_exitprocs
 .text          0x0000000040006308     0x18fc /home/fsw/rep/tasa/lib/bcc-2.2.3-gcc/bin/../lib/gcc/sparc-gaisler-elf/10.2.0/../../../../sparc-gaisler-elf/lib/leon3/mfix-b2bst/soft/flat/libc.a(lib_a-dtoa.o)
                0x000000004000652c                _dtoa_r
 .text          0x0000000040007c04      0x4b8 /home/fsw/rep/tasa/lib/bcc-2.2.3-gcc/bin/../lib/gcc/sparc-gaisler-elf/10.2.0/../../../../sparc-gaisler-elf/lib/leon3/mfix-b2bst/soft/flat/libc.a(lib_a-fflush.o)
                0x0000000040007c04                __sflush_r
                0x0000000040007eb4                _fflush_r
                0x0000000040007f94                fflush
 .text          0x00000000400080bc      0x418 /home/fsw/rep/tasa/lib/bcc-2.2.3-gcc/bin/../lib/gcc/sparc-gaisler-elf/10.2.0/../../../../sparc-gaisler-elf/lib/leon3/mfix-b2bst/soft/flat/libc.a(lib_a-findfp.o)
                0x00000000400080bc                _cleanup_r
                0x00000000400080d0                __sfmoreglue
                0x000000004000813c                __sfp
                0x0000000040008494                _cleanup
                0x00000000400084b0                __sinit
 .text          0x00000000400084d4      0x4c0 /home/fsw/rep/tasa/lib/bcc-2.2.3-gcc/bin/../lib/gcc/sparc-gaisler-elf/10.2.0/../../../../sparc-gaisler-elf/lib/leon3/mfix-b2bst/soft/flat/libc.a(lib_a-freer.o)
                0x00000000400084d4                _malloc_trim_r
                0x00000000400085f4                _free_r
 .text          0x0000000040008994      0x580 /home/fsw/rep/tasa/lib/bcc-2.2.3-gcc/bin/../lib/gcc/sparc-gaisler-elf/10.2.0/../../../../sparc-gaisler-elf/lib/leon3/mfix-b2bst/soft/flat/libc.a(lib_a-fvwrite.o)
                0x0000000040008994                __sfvwrite_r
 .text          0x0000000040008f14      0x150 /home/fsw/rep/tasa/lib/bcc-2.2.3-gcc/bin/../lib/gcc/sparc-gaisler-elf/10.2.0/../../../../sparc-gaisler-elf/lib/leon3/mfix-b2bst/soft/flat/libc.a(lib_a-fwalk.o)
                0x0000000040008f14                _fwalk
                0x0000000040008fbc                _fwalk_reent
 .text          0x0000000040009064       0x60 /home/fsw/rep/tasa/lib/bcc-2.2.3-gcc/bin/../lib/gcc/sparc-gaisler-elf/10.2.0/../../../../sparc-gaisler-elf/lib/leon3/mfix-b2bst/soft/flat/libc.a(lib_a-localeconv.o)
                0x0000000040009064                __localeconv_l
                0x000000004000906c                _localeconv_r
                0x0000000040009098                localeconv
 .text          0x00000000400090c4      0x2a4 /home/fsw/rep/tasa/lib/bcc-2.2.3-gcc/bin/../lib/gcc/sparc-gaisler-elf/10.2.0/../../../../sparc-gaisler-elf/lib/leon3/mfix-b2bst/soft/flat/libc.a(lib_a-makebuf.o)
                0x00000000400090c4                __smakebuf_r
                0x0000000040009288                __swhatbuf_r
 .text          0x0000000040009368       0x30 /home/fsw/rep/tasa/lib/bcc-2.2.3-gcc/bin/../lib/gcc/sparc-gaisler-elf/10.2.0/../../../../sparc-gaisler-elf/lib/leon3/mfix-b2bst/soft/flat/libc.a(lib_a-malloc.o)
                0x0000000040009368                malloc
                0x0000000040009380                free
 .text          0x0000000040009398      0x8ac /home/fsw/rep/tasa/lib/bcc-2.2.3-gcc/bin/../lib/gcc/sparc-gaisler-elf/10.2.0/../../../../sparc-gaisler-elf/lib/leon3/mfix-b2bst/soft/flat/libc.a(lib_a-mallocr.o)
                0x0000000040009398                _malloc_r
 .text          0x0000000040009c44      0x120 /home/fsw/rep/tasa/lib/bcc-2.2.3-gcc/bin/../lib/gcc/sparc-gaisler-elf/10.2.0/../../../../sparc-gaisler-elf/lib/leon3/mfix-b2bst/soft/flat/libc.a(lib_a-memchr.o)
                0x0000000040009c44                memchr
 .text          0x0000000040009d64      0x22c /home/fsw/rep/tasa/lib/bcc-2.2.3-gcc/bin/../lib/gcc/sparc-gaisler-elf/10.2.0/../../../../sparc-gaisler-elf/lib/leon3/mfix-b2bst/soft/flat/libc.a(lib_a-memmove.o)
                0x0000000040009d64                memmove
 .text          0x0000000040009f90      0x144 /home/fsw/rep/tasa/lib/bcc-2.2.3-gcc/bin/../lib/gcc/sparc-gaisler-elf/10.2.0/../../../../sparc-gaisler-elf/lib/leon3/mfix-b2bst/soft/flat/libc.a(lib_a-memset.o)
                0x0000000040009f90                memset
 .text          0x000000004000a0d4       0x10 /home/fsw/rep/tasa/lib/bcc-2.2.3-gcc/bin/../lib/gcc/sparc-gaisler-elf/10.2.0/../../../../sparc-gaisler-elf/lib/leon3/mfix-b2bst/soft/flat/libc.a(lib_a-mlock.o)
                0x000000004000a0d4                __malloc_lock
                0x000000004000a0dc                __malloc_unlock
 .text          0x000000004000a0e4     0x1a14 /home/fsw/rep/tasa/lib/bcc-2.2.3-gcc/bin/../lib/gcc/sparc-gaisler-elf/10.2.0/../../../../sparc-gaisler-elf/lib/leon3/mfix-b2bst/soft/flat/libc.a(lib_a-mprec.o)
                0x000000004000a0e4                _Balloc
                0x000000004000a1e0                _Bfree
                0x000000004000a260                __multadd
                0x000000004000a3b4                __s2b
                0x000000004000a4e4                __hi0bits
                0x000000004000a578                __lo0bits
                0x000000004000a650                __i2b
                0x000000004000a77c                __multiply
                0x000000004000a9e4                __pow5mult
                0x000000004000abb0                __lshift
                0x000000004000ade0                __mcmp
                0x000000004000ae68                __mdiff
                0x000000004000b0cc                __ulp
                0x000000004000b134                __b2d
                0x000000004000b2dc                __d2b
                0x000000004000b700                __ratio
                0x000000004000b94c                _mprec_log10
                0x000000004000b9e0                __copybits
                0x000000004000ba74                __any_on
 .text          0x000000004000baf8      0x260 /home/fsw/rep/tasa/lib/bcc-2.2.3-gcc/bin/../lib/gcc/sparc-gaisler-elf/10.2.0/../../../../sparc-gaisler-elf/lib/leon3/mfix-b2bst/soft/flat/libc.a(lib_a-putc.o)
                0x000000004000baf8                _putc_r
                0x000000004000bc18                putc
 .text          0x000000004000bd58      0x5ec /home/fsw/rep/tasa/lib/bcc-2.2.3-gcc/bin/../lib/gcc/sparc-gaisler-elf/10.2.0/../../../../sparc-gaisler-elf/lib/leon3/mfix-b2bst/soft/flat/libc.a(lib_a-reallocr.o)
                0x000000004000bd58                _realloc_r
 .text          0x000000004000c344       0xb8 /home/fsw/rep/tasa/lib/bcc-2.2.3-gcc/bin/../lib/gcc/sparc-gaisler-elf/10.2.0/../../../../sparc-gaisler-elf/lib/leon3/mfix-b2bst/soft/flat/libc.a(lib_a-s_frexp.o)
                0x000000004000c344                frexp
 .text          0x000000004000c3fc       0x68 /home/fsw/rep/tasa/lib/bcc-2.2.3-gcc/bin/../lib/gcc/sparc-gaisler-elf/10.2.0/../../../../sparc-gaisler-elf/lib/leon3/mfix-b2bst/soft/flat/libc.a(lib_a-sbrkr.o)
                0x000000004000c3fc                _sbrk_r
 .text          0x000000004000c464      0x1b0 /home/fsw/rep/tasa/lib/bcc-2.2.3-gcc/bin/../lib/gcc/sparc-gaisler-elf/10.2.0/../../../../sparc-gaisler-elf/lib/leon3/mfix-b2bst/soft/flat/libc.a(lib_a-stdio.o)
                0x000000004000c464                __sread
                0x000000004000c4d0                __seofread
                0x000000004000c4d8                __swrite
                0x000000004000c590                __sseek
                0x000000004000c604                __sclose
 .text          0x000000004000c614      0x1d0 /home/fsw/rep/tasa/lib/bcc-2.2.3-gcc/bin/../lib/gcc/sparc-gaisler-elf/10.2.0/../../../../sparc-gaisler-elf/lib/leon3/mfix-b2bst/soft/flat/libc.a(lib_a-strncpy.o)
                0x000000004000c614                strncpy
 .text          0x000000004000c7e4     0x2060 /home/fsw/rep/tasa/lib/bcc-2.2.3-gcc/bin/../lib/gcc/sparc-gaisler-elf/10.2.0/../../../../sparc-gaisler-elf/lib/leon3/mfix-b2bst/soft/flat/libc.a(lib_a-vfiprintf.o)
                0x000000004000c950                __sprint_r
                0x000000004000ca6c                _vfiprintf_r
                0x000000004000e74c                vfiprintf
 .text          0x000000004000e844      0x3b4 /home/fsw/rep/tasa/lib/bcc-2.2.3-gcc/bin/../lib/gcc/sparc-gaisler-elf/10.2.0/../../../../sparc-gaisler-elf/lib/leon3/mfix-b2bst/soft/flat/libc.a(lib_a-wbuf.o)
                0x000000004000e844                __swbuf_r
                0x000000004000ea1c                __swbuf
 .text          0x000000004000ebf8       0x70 /home/fsw/rep/tasa/lib/bcc-2.2.3-gcc/bin/../lib/gcc/sparc-gaisler-elf/10.2.0/../../../../sparc-gaisler-elf/lib/leon3/mfix-b2bst/soft/flat/libc.a(lib_a-writer.o)
                0x000000004000ebf8                _write_r
 .text          0x000000004000ec68       0xc8 /home/fsw/rep/tasa/lib/bcc-2.2.3-gcc/bin/../lib/gcc/sparc-gaisler-elf/10.2.0/../../../../sparc-gaisler-elf/lib/leon3/mfix-b2bst/soft/flat/libc.a(lib_a-callocr.o)
                0x000000004000ec68                _calloc_r
 .text          0x000000004000ed30       0x68 /home/fsw/rep/tasa/lib/bcc-2.2.3-gcc/bin/../lib/gcc/sparc-gaisler-elf/10.2.0/../../../../sparc-gaisler-elf/lib/leon3/mfix-b2bst/soft/flat/libc.a(lib_a-closer.o)
                0x000000004000ed30                _close_r
 .text          0x000000004000ed98      0x324 /home/fsw/rep/tasa/lib/bcc-2.2.3-gcc/bin/../lib/gcc/sparc-gaisler-elf/10.2.0/../../../../sparc-gaisler-elf/lib/leon3/mfix-b2bst/soft/flat/libc.a(lib_a-fclose.o)
                0x000000004000ed98                _fclose_r
                0x000000004000ef28                fclose
 .text          0x000000004000f0bc      0x258 /home/fsw/rep/tasa/lib/bcc-2.2.3-gcc/bin/../lib/gcc/sparc-gaisler-elf/10.2.0/../../../../sparc-gaisler-elf/lib/leon3/mfix-b2bst/soft/flat/libc.a(lib_a-fputwc.o)
                0x000000004000f0bc                __fputwc
                0x000000004000f1f4                _fputwc_r
                0x000000004000f224                fputwc
 .text          0x000000004000f314       0x6c /home/fsw/rep/tasa/lib/bcc-2.2.3-gcc/bin/../lib/gcc/sparc-gaisler-elf/10.2.0/../../../../sparc-gaisler-elf/lib/leon3/mfix-b2bst/soft/flat/libc.a(lib_a-fstatr.o)
                0x000000004000f314                _fstat_r
 .text          0x000000004000f380       0x68 /home/fsw/rep/tasa/lib/bcc-2.2.3-gcc/bin/../lib/gcc/sparc-gaisler-elf/10.2.0/../../../../sparc-gaisler-elf/lib/leon3/mfix-b2bst/soft/flat/libc.a(lib_a-isattyr.o)
                0x000000004000f380                _isatty_r
 .text          0x000000004000f3e8      0x180 /home/fsw/rep/tasa/lib/bcc-2.2.3-gcc/bin/../lib/gcc/sparc-gaisler-elf/10.2.0/../../../../sparc-gaisler-elf/lib/leon3/mfix-b2bst/soft/flat/libc.a(lib_a-locale.o)
                0x000000004000f3e8                _setlocale_r
                0x000000004000f478                __locale_mb_cur_max
                0x000000004000f4a4                __locale_ctype_ptr_l
                0x000000004000f4ac                __locale_ctype_ptr
                0x000000004000f4d8                setlocale
 .text          0x000000004000f568       0x70 /home/fsw/rep/tasa/lib/bcc-2.2.3-gcc/bin/../lib/gcc/sparc-gaisler-elf/10.2.0/../../../../sparc-gaisler-elf/lib/leon3/mfix-b2bst/soft/flat/libc.a(lib_a-lseekr.o)
                0x000000004000f568                _lseek_r
 .text          0x000000004000f5d8       0xb4 /home/fsw/rep/tasa/lib/bcc-2.2.3-gcc/bin/../lib/gcc/sparc-gaisler-elf/10.2.0/../../../../sparc-gaisler-elf/lib/leon3/mfix-b2bst/soft/flat/libc.a(lib_a-mbtowc_r.o)
                0x000000004000f5d8                _mbtowc_r
                0x000000004000f638                __ascii_mbtowc
 .text          0x000000004000f68c       0x70 /home/fsw/rep/tasa/lib/bcc-2.2.3-gcc/bin/../lib/gcc/sparc-gaisler-elf/10.2.0/../../../../sparc-gaisler-elf/lib/leon3/mfix-b2bst/soft/flat/libc.a(lib_a-readr.o)
                0x000000004000f68c                _read_r
 .text          0x000000004000f6fc      0x3cc /home/fsw/rep/tasa/lib/bcc-2.2.3-gcc/bin/../lib/gcc/sparc-gaisler-elf/10.2.0/../../../../sparc-gaisler-elf/lib/leon3/mfix-b2bst/soft/flat/libc.a(lib_a-reent.o)
                0x000000004000f6fc                cleanup_glue
                0x000000004000f7b8                _reclaim_reent
 .text          0x000000004000fac8       0xc8 /home/fsw/rep/tasa/lib/bcc-2.2.3-gcc/bin/../lib/gcc/sparc-gaisler-elf/10.2.0/../../../../sparc-gaisler-elf/lib/leon3/mfix-b2bst/soft/flat/libc.a(lib_a-strcmp.o)
                0x000000004000fac8                strcmp
 .text          0x000000004000fb90      0x19c /home/fsw/rep/tasa/lib/bcc-2.2.3-gcc/bin/../lib/gcc/sparc-gaisler-elf/10.2.0/../../../../sparc-gaisler-elf/lib/leon3/mfix-b2bst/soft/flat/libc.a(lib_a-wcrtomb.o)
                0x000000004000fb90                _wcrtomb_r
                0x000000004000fc5c                wcrtomb
 .text          0x000000004000fd2c       0x98 /home/fsw/rep/tasa/lib/bcc-2.2.3-gcc/bin/../lib/gcc/sparc-gaisler-elf/10.2.0/../../../../sparc-gaisler-elf/lib/leon3/mfix-b2bst/soft/flat/libc.a(lib_a-wctomb_r.o)
                0x000000004000fd2c                _wctomb_r
                0x000000004000fd8c                __ascii_wctomb
 .text          0x000000004000fdc4        0x0 /home/fsw/rep/tasa/lib/bcc-2.2.3-gcc/bin/../lib/gcc/sparc-gaisler-elf/10.2.0/../../../../sparc-gaisler-elf/lib/leon3/mfix-b2bst/soft/flat/libc.a(lib_a-ctype_.o)
 .text          0x000000004000fdc4       0x10 /home/fsw/rep/tasa/lib/bcc-2.2.3-gcc/bin/../sparc-gaisler-elf/bsp/leon3/leon3/mfix-b2bst/soft/flat/libbcc.a(_exit.S.o)
                0x000000004000fdc4                _exit
 .text          0x000000004000fdd4       0x80 /home/fsw/rep/tasa/lib/bcc-2.2.3-gcc/bin/../sparc-gaisler-elf/bsp/leon3/leon3/mfix-b2bst/soft/flat/libbcc.a(read.c.o)
                0x000000004000fdd4                read
 .text          0x000000004000fe54       0xd0 /home/fsw/rep/tasa/lib/bcc-2.2.3-gcc/bin/../sparc-gaisler-elf/bsp/leon3/leon3/mfix-b2bst/soft/flat/libbcc.a(sbrk.c.o)
                0x000000004000fe54                sbrk
 .text          0x000000004000ff24        0x0 /home/fsw/rep/tasa/lib/bcc-2.2.3-gcc/bin/../sparc-gaisler-elf/bsp/leon3/leon3/mfix-b2bst/soft/flat/libbcc.a(heap.c.o)
 .text          0x000000004000ff24       0xa4 /home/fsw/rep/tasa/lib/bcc-2.2.3-gcc/bin/../sparc-gaisler-elf/bsp/leon3/leon3/mfix-b2bst/soft/flat/libbcc.a(write.c.o)
                0x000000004000ff24                write
 .text          0x000000004000ffc8       0x20 /home/fsw/rep/tasa/lib/bcc-2.2.3-gcc/bin/../sparc-gaisler-elf/bsp/leon3/leon3/mfix-b2bst/soft/flat/libbcc.a(stubs.S.o)
                0x000000004000ffc8                execve
                0x000000004000ffc8                lseek
                0x000000004000ffc8                fstat
                0x000000004000ffc8                kill
                0x000000004000ffc8                wait
                0x000000004000ffc8                unlink
                0x000000004000ffc8                fork
                0x000000004000ffc8                stat
                0x000000004000ffc8                link
                0x000000004000ffc8                open
                0x000000004000ffc8                close
                0x000000004000ffe0                getpid
                0x000000004000ffe0                isatty
 .text          0x000000004000ffe8       0xc4 /home/fsw/rep/tasa/lib/bcc-2.2.3-gcc/bin/../sparc-gaisler-elf/bsp/leon3/leon3/mfix-b2bst/soft/flat/libbcc.a(con_apbuart.c.o)
                0x000000004000ffe8                __bcc_con_outbyte
                0x0000000040010078                __bcc_con_inbyte
 .text          0x00000000400100ac      0x1f0 /home/fsw/rep/tasa/lib/bcc-2.2.3-gcc/bin/../lib/gcc/sparc-gaisler-elf/10.2.0/leon3/mfix-b2bst/soft/flat/libgcc.a(_udivdi3.o)
                0x00000000400100ac                __udivdi3
 .text          0x000000004001029c      0x21c /home/fsw/rep/tasa/lib/bcc-2.2.3-gcc/bin/../lib/gcc/sparc-gaisler-elf/10.2.0/leon3/mfix-b2bst/soft/flat/libgcc.a(_umoddi3.o)
                0x000000004001029c                __umoddi3
 .text          0x00000000400104b8      0x7e8 /home/fsw/rep/tasa/lib/bcc-2.2.3-gcc/bin/../lib/gcc/sparc-gaisler-elf/10.2.0/leon3/mfix-b2bst/soft/flat/libgcc.a(_addsub_df.o)
                0x00000000400104b8                __adddf3
                0x00000000400108b0                __subdf3
 .text          0x0000000040010ca0      0x31c /home/fsw/rep/tasa/lib/bcc-2.2.3-gcc/bin/../lib/gcc/sparc-gaisler-elf/10.2.0/leon3/mfix-b2bst/soft/flat/libgcc.a(_mul_df.o)
                0x0000000040010ca0                __muldf3
 .text          0x0000000040010fbc      0x230 /home/fsw/rep/tasa/lib/bcc-2.2.3-gcc/bin/../lib/gcc/sparc-gaisler-elf/10.2.0/leon3/mfix-b2bst/soft/flat/libgcc.a(_div_df.o)
                0x0000000040010fbc                __divdf3
 .text          0x00000000400111ec       0x7c /home/fsw/rep/tasa/lib/bcc-2.2.3-gcc/bin/../lib/gcc/sparc-gaisler-elf/10.2.0/leon3/mfix-b2bst/soft/flat/libgcc.a(_eq_df.o)
                0x00000000400111ec                __eqdf2
 .text          0x0000000040011268       0x7c /home/fsw/rep/tasa/lib/bcc-2.2.3-gcc/bin/../lib/gcc/sparc-gaisler-elf/10.2.0/leon3/mfix-b2bst/soft/flat/libgcc.a(_ne_df.o)
                0x0000000040011268                __nedf2
 .text          0x00000000400112e4       0x7c /home/fsw/rep/tasa/lib/bcc-2.2.3-gcc/bin/../lib/gcc/sparc-gaisler-elf/10.2.0/leon3/mfix-b2bst/soft/flat/libgcc.a(_gt_df.o)
                0x00000000400112e4                __gtdf2
 .text          0x0000000040011360       0x7c /home/fsw/rep/tasa/lib/bcc-2.2.3-gcc/bin/../lib/gcc/sparc-gaisler-elf/10.2.0/leon3/mfix-b2bst/soft/flat/libgcc.a(_lt_df.o)
                0x0000000040011360                __ltdf2
 .text          0x00000000400113dc       0x7c /home/fsw/rep/tasa/lib/bcc-2.2.3-gcc/bin/../lib/gcc/sparc-gaisler-elf/10.2.0/leon3/mfix-b2bst/soft/flat/libgcc.a(_le_df.o)
                0x00000000400113dc                __ledf2
 .text          0x0000000040011458       0x70 /home/fsw/rep/tasa/lib/bcc-2.2.3-gcc/bin/../lib/gcc/sparc-gaisler-elf/10.2.0/leon3/mfix-b2bst/soft/flat/libgcc.a(_unord_df.o)
                0x0000000040011458                __unorddf2
 .text          0x00000000400114c8       0xcc /home/fsw/rep/tasa/lib/bcc-2.2.3-gcc/bin/../lib/gcc/sparc-gaisler-elf/10.2.0/leon3/mfix-b2bst/soft/flat/libgcc.a(_si_to_df.o)
                0x00000000400114c8                __floatsidf
 .text          0x0000000040011594       0xe4 /home/fsw/rep/tasa/lib/bcc-2.2.3-gcc/bin/../lib/gcc/sparc-gaisler-elf/10.2.0/leon3/mfix-b2bst/soft/flat/libgcc.a(_df_to_si.o)
                0x0000000040011594                __fixdfsi
 .text          0x0000000040011678        0x0 /home/fsw/rep/tasa/lib/bcc-2.2.3-gcc/bin/../lib/gcc/sparc-gaisler-elf/10.2.0/leon3/mfix-b2bst/soft/flat/libgcc.a(_thenan_df.o)
 .text          0x0000000040011678       0x9c /home/fsw/rep/tasa/lib/bcc-2.2.3-gcc/bin/../lib/gcc/sparc-gaisler-elf/10.2.0/leon3/mfix-b2bst/soft/flat/libgcc.a(_usi_to_df.o)
                0x0000000040011678                __floatunsidf
 .text          0x0000000040011714        0x0 /home/fsw/rep/tasa/lib/bcc-2.2.3-gcc/bin/../lib/gcc/sparc-gaisler-elf/10.2.0/leon3/mfix-b2bst/soft/flat/libgcc.a(_clz.o)
 .text          0x0000000040011714       0x94 /home/fsw/rep/tasa/lib/bcc-2.2.3-gcc/bin/../lib/gcc/sparc-gaisler-elf/10.2.0/leon3/mfix-b2bst/soft/flat/libgcc.a(_clzsi2.o)
                0x0000000040011714                __clzsi2
 .text          0x00000000400117a8      0x298 /home/fsw/rep/tasa/lib/bcc-2.2.3-gcc/bin/../lib/gcc/sparc-gaisler-elf/10.2.0/leon3/mfix-b2bst/soft/flat/libgcc.a(_pack_df.o)
                0x00000000400117a8                __pack_d
 .text          0x0000000040011a40      0x14c /home/fsw/rep/tasa/lib/bcc-2.2.3-gcc/bin/../lib/gcc/sparc-gaisler-elf/10.2.0/leon3/mfix-b2bst/soft/flat/libgcc.a(_unpack_df.o)
                0x0000000040011a40                __unpack_d
 .text          0x0000000040011b8c      0x188 /home/fsw/rep/tasa/lib/bcc-2.2.3-gcc/bin/../lib/gcc/sparc-gaisler-elf/10.2.0/leon3/mfix-b2bst/soft/flat/libgcc.a(_fpcmp_parts_df.o)
                0x0000000040011b8c                __fpcmp_parts_d
 .text          0x0000000040011d14       0x74 /home/fsw/rep/tasa/lib/bcc-2.2.3-gcc/bin/../lib/gcc/sparc-gaisler-elf/10.2.0/leon3/mfix-b2bst/soft/flat/crtend.o
 .text          0x0000000040011d88        0x0 /home/fsw/rep/tasa/lib/bcc-2.2.3-gcc/bin/../lib/gcc/sparc-gaisler-elf/10.2.0/leon3/mfix-b2bst/soft/flat/crtn.o
                0x0000000040011d90                . = ALIGN (0x10)
 *fill*         0x0000000040011d88        0x8 
 *(.eh_frame)
 .eh_frame      0x0000000040011d90        0x0 /home/fsw/rep/tasa/lib/bcc-2.2.3-gcc/bin/../lib/gcc/sparc-gaisler-elf/10.2.0/leon3/mfix-b2bst/soft/flat/crtbegin.o
 .eh_frame      0x0000000040011d90       0x30 /home/fsw/rep/tasa/lib/bcc-2.2.3-gcc/bin/../lib/gcc/sparc-gaisler-elf/10.2.0/leon3/mfix-b2bst/soft/flat/libgcc.a(_udivdi3.o)
 .eh_frame      0x0000000040011dc0       0x30 /home/fsw/rep/tasa/lib/bcc-2.2.3-gcc/bin/../lib/gcc/sparc-gaisler-elf/10.2.0/leon3/mfix-b2bst/soft/flat/libgcc.a(_umoddi3.o)
 .eh_frame      0x0000000040011df0        0x4 /home/fsw/rep/tasa/lib/bcc-2.2.3-gcc/bin/../lib/gcc/sparc-gaisler-elf/10.2.0/leon3/mfix-b2bst/soft/flat/crtend.o
                0x0000000040011e00                . = ALIGN (0x10)
 *fill*         0x0000000040011df4        0xc 
 *(.gnu.linkonce.t*)
                0x0000000040011e00                ___CTOR_LIST__ = .
                0x0000000040011e00        0x4 LONG 0x2 (((___CTOR_END__ - ___CTOR_LIST__) / 0x4) - 0x2)
 *(SORT_BY_NAME(.ctors.*))
 *(.ctors)
 .ctors         0x0000000040011e04        0x4 /home/fsw/rep/tasa/lib/bcc-2.2.3-gcc/bin/../lib/gcc/sparc-gaisler-elf/10.2.0/leon3/mfix-b2bst/soft/flat/crtbegin.o
 .ctors         0x0000000040011e08        0x4 /home/fsw/rep/tasa/lib/bcc-2.2.3-gcc/bin/../lib/gcc/sparc-gaisler-elf/10.2.0/leon3/mfix-b2bst/soft/flat/crtend.o
                0x0000000040011e0c        0x4 LONG 0x0
                0x0000000040011e10                ___CTOR_END__ = .
                0x0000000040011e10                ___DTOR_LIST__ = .
                0x0000000040011e10        0x4 LONG 0x2 (((___DTOR_END__ - ___DTOR_LIST__) / 0x4) - 0x2)
 *(SORT_BY_NAME(.dtors.*))
 *(.dtors)
 .dtors         0x0000000040011e14        0x4 /home/fsw/rep/tasa/lib/bcc-2.2.3-gcc/bin/../lib/gcc/sparc-gaisler-elf/10.2.0/leon3/mfix-b2bst/soft/flat/crtbegin.o
 .dtors         0x0000000040011e18        0x4 /home/fsw/rep/tasa/lib/bcc-2.2.3-gcc/bin/../lib/gcc/sparc-gaisler-elf/10.2.0/leon3/mfix-b2bst/soft/flat/crtend.o
                0x0000000040011e18                __DTOR_END__
                0x0000000040011e1c        0x4 LONG 0x0
                0x0000000040011e20                ___DTOR_END__ = .
 *(.gnu.linkonce*)
 *(.init)
 .init          0x0000000040011e20        0xc /home/fsw/rep/tasa/lib/bcc-2.2.3-gcc/bin/../lib/gcc/sparc-gaisler-elf/10.2.0/leon3/mfix-b2bst/soft/flat/crti.o
                0x0000000040011e20                _init
 .init          0x0000000040011e2c        0x8 /home/fsw/rep/tasa/lib/bcc-2.2.3-gcc/bin/../lib/gcc/sparc-gaisler-elf/10.2.0/leon3/mfix-b2bst/soft/flat/crtbegin.o
 .init          0x0000000040011e34        0x8 /home/fsw/rep/tasa/lib/bcc-2.2.3-gcc/bin/../lib/gcc/sparc-gaisler-elf/10.2.0/leon3/mfix-b2bst/soft/flat/crtend.o
 .init          0x0000000040011e3c       0x14 /home/fsw/rep/tasa/lib/bcc-2.2.3-gcc/bin/../lib/gcc/sparc-gaisler-elf/10.2.0/leon3/mfix-b2bst/soft/flat/crtn.o
 *(.fini)
 .fini          0x0000000040011e50        0xc /home/fsw/rep/tasa/lib/bcc-2.2.3-gcc/bin/../lib/gcc/sparc-gaisler-elf/10.2.0/leon3/mfix-b2bst/soft/flat/crti.o
                0x0000000040011e50                _fini
 .fini          0x0000000040011e5c        0x8 /home/fsw/rep/tasa/lib/bcc-2.2.3-gcc/bin/../lib/gcc/sparc-gaisler-elf/10.2.0/leon3/mfix-b2bst/soft/flat/crtbegin.o
 .fini          0x0000000040011e64       0x14 /home/fsw/rep/tasa/lib/bcc-2.2.3-gcc/bin/../lib/gcc/sparc-gaisler-elf/10.2.0/leon3/mfix-b2bst/soft/flat/crtn.o
 *(.lit)
 *(.shdata)
                0x0000000040011e80                . = ALIGN (0x10)
 *fill*         0x0000000040011e78        0x8 
                0x0000000040011e80                __text_end = .

.gcc_except_table
 *(.gcc_except_table.*)

.rodata         0x0000000040011e80      0x750
                0x0000000040011e80                __rodata_start = .
 *(.rodata*)
 .rodata.str1.8
                0x0000000040011e80       0xcf /tmp/ccVbgXki.o
 *fill*         0x0000000040011f4f        0x1 
 .rodata        0x0000000040011f50        0x5 /tmp/ccVbgXki.o
 *fill*         0x0000000040011f55        0x3 
 .rodata        0x0000000040011f58        0x4 /home/fsw/rep/tasa/lib/bcc-2.2.3-gcc/bin/../lib/gcc/sparc-gaisler-elf/10.2.0/../../../../sparc-gaisler-elf/lib/leon3/mfix-b2bst/soft/flat/libc.a(lib_a-impure.o)
                0x0000000040011f58                _global_impure_ptr
 *fill*         0x0000000040011f5c        0x4 
 .rodata.str1.8
                0x0000000040011f60        0x2 /home/fsw/rep/tasa/lib/bcc-2.2.3-gcc/bin/../lib/gcc/sparc-gaisler-elf/10.2.0/../../../../sparc-gaisler-elf/lib/leon3/mfix-b2bst/soft/flat/libc.a(lib_a-puts.o)
 *fill*         0x0000000040011f62        0x6 
 .rodata.str1.8
                0x0000000040011f68       0x5a /home/fsw/rep/tasa/lib/bcc-2.2.3-gcc/bin/../lib/gcc/sparc-gaisler-elf/10.2.0/../../../../sparc-gaisler-elf/lib/leon3/mfix-b2bst/soft/flat/libc.a(lib_a-vfprintf.o)
 *fill*         0x0000000040011fc2        0x6 
 .rodata.cst8   0x0000000040011fc8       0x18 /home/fsw/rep/tasa/lib/bcc-2.2.3-gcc/bin/../lib/gcc/sparc-gaisler-elf/10.2.0/../../../../sparc-gaisler-elf/lib/leon3/mfix-b2bst/soft/flat/libc.a(lib_a-vfprintf.o)
 .rodata        0x0000000040011fe0       0x20 /home/fsw/rep/tasa/lib/bcc-2.2.3-gcc/bin/../lib/gcc/sparc-gaisler-elf/10.2.0/../../../../sparc-gaisler-elf/lib/leon3/mfix-b2bst/soft/flat/libc.a(lib_a-vfprintf.o)
 .rodata.str1.8
                0x0000000040012000       0x14 /home/fsw/rep/tasa/lib/bcc-2.2.3-gcc/bin/../lib/gcc/sparc-gaisler-elf/10.2.0/../../../../sparc-gaisler-elf/lib/leon3/mfix-b2bst/soft/flat/libc.a(lib_a-dtoa.o)
                                         0x1a (size before relaxing)
 *fill*         0x0000000040012014        0x4 
 .rodata.cst8   0x0000000040012018       0x48 /home/fsw/rep/tasa/lib/bcc-2.2.3-gcc/bin/../lib/gcc/sparc-gaisler-elf/10.2.0/../../../../sparc-gaisler-elf/lib/leon3/mfix-b2bst/soft/flat/libc.a(lib_a-dtoa.o)
 .rodata        0x0000000040012060       0x60 /home/fsw/rep/tasa/lib/bcc-2.2.3-gcc/bin/../lib/gcc/sparc-gaisler-elf/10.2.0/../../../../sparc-gaisler-elf/lib/leon3/mfix-b2bst/soft/flat/libc.a(lib_a-findfp.o)
                0x0000000040012060                __sf_fake_stderr
                0x0000000040012080                __sf_fake_stdout
                0x00000000400120a0                __sf_fake_stdin
 .rodata.cst8   0x00000000400120c0       0x10 /home/fsw/rep/tasa/lib/bcc-2.2.3-gcc/bin/../lib/gcc/sparc-gaisler-elf/10.2.0/../../../../sparc-gaisler-elf/lib/leon3/mfix-b2bst/soft/flat/libc.a(lib_a-mprec.o)
 .rodata        0x00000000400120c0      0x128 /home/fsw/rep/tasa/lib/bcc-2.2.3-gcc/bin/../lib/gcc/sparc-gaisler-elf/10.2.0/../../../../sparc-gaisler-elf/lib/leon3/mfix-b2bst/soft/flat/libc.a(lib_a-mprec.o)
                0x00000000400120d0                __mprec_tinytens
                0x00000000400120f8                __mprec_bigtens
                0x0000000040012120                __mprec_tens
 .rodata.cst8   0x00000000400121e8        0x8 /home/fsw/rep/tasa/lib/bcc-2.2.3-gcc/bin/../lib/gcc/sparc-gaisler-elf/10.2.0/../../../../sparc-gaisler-elf/lib/leon3/mfix-b2bst/soft/flat/libc.a(lib_a-s_frexp.o)
 .rodata.str1.8
                0x00000000400121f0       0x37 /home/fsw/rep/tasa/lib/bcc-2.2.3-gcc/bin/../lib/gcc/sparc-gaisler-elf/10.2.0/../../../../sparc-gaisler-elf/lib/leon3/mfix-b2bst/soft/flat/libc.a(lib_a-vfiprintf.o)
 .rodata        0x00000000400121f0       0x20 /home/fsw/rep/tasa/lib/bcc-2.2.3-gcc/bin/../lib/gcc/sparc-gaisler-elf/10.2.0/../../../../sparc-gaisler-elf/lib/leon3/mfix-b2bst/soft/flat/libc.a(lib_a-vfiprintf.o)
 .rodata.str1.8
                0x0000000040012210       0x12 /home/fsw/rep/tasa/lib/bcc-2.2.3-gcc/bin/../lib/gcc/sparc-gaisler-elf/10.2.0/../../../../sparc-gaisler-elf/lib/leon3/mfix-b2bst/soft/flat/libc.a(lib_a-locale.o)
                                         0x1a (size before relaxing)
 *fill*         0x0000000040012222        0x6 
 .rodata        0x0000000040012228      0x288 /home/fsw/rep/tasa/lib/bcc-2.2.3-gcc/bin/../lib/gcc/sparc-gaisler-elf/10.2.0/../../../../sparc-gaisler-elf/lib/leon3/mfix-b2bst/soft/flat/libc.a(lib_a-ctype_.o)
                0x0000000040012228                _ctype_
                0x0000000040012330                _ctype_b
 .rodata.cst8   0x00000000400124b0        0x8 /home/fsw/rep/tasa/lib/bcc-2.2.3-gcc/bin/../lib/gcc/sparc-gaisler-elf/10.2.0/leon3/mfix-b2bst/soft/flat/libgcc.a(_si_to_df.o)
 .rodata        0x00000000400124b8       0x18 /home/fsw/rep/tasa/lib/bcc-2.2.3-gcc/bin/../lib/gcc/sparc-gaisler-elf/10.2.0/leon3/mfix-b2bst/soft/flat/libgcc.a(_thenan_df.o)
                0x00000000400124b8                __thenan_df
 .rodata        0x00000000400124d0      0x100 /home/fsw/rep/tasa/lib/bcc-2.2.3-gcc/bin/../lib/gcc/sparc-gaisler-elf/10.2.0/leon3/mfix-b2bst/soft/flat/libgcc.a(_clz.o)
                0x00000000400124d0                __clz_tab
 *(.gnu.linkonce.r*)
                0x00000000400125d0                . = ALIGN (0x10)
                0x00000000400125d0                __rodata_end = .

.rela.dyn       0x00000000400125d0        0x0
 .rela.iplt     0x00000000400125d0        0x0 /home/fsw/rep/tasa/lib/bcc-2.2.3-gcc/bin/../sparc-gaisler-elf/bsp/leon3/leon3/mfix-b2bst/soft/flat/trap_table_mvt.S.o
 .rela.text.traptable
                0x00000000400125d0        0x0 /home/fsw/rep/tasa/lib/bcc-2.2.3-gcc/bin/../sparc-gaisler-elf/bsp/leon3/leon3/mfix-b2bst/soft/flat/trap_table_mvt.S.o
 .rela.text     0x00000000400125d0        0x0 /home/fsw/rep/tasa/lib/bcc-2.2.3-gcc/bin/../sparc-gaisler-elf/bsp/leon3/leon3/mfix-b2bst/soft/flat/trap_table_mvt.S.o

.ext.data       0x00000000400125d0        0x0
                0x00000000400125d0                . = ALIGN (0x8)
                0x00000000400125d0                __extdata_start = .
 *(.data.ext)
                0x00000000400125d0                . = ALIGN (0x8)
                0x00000000400125d0                __extdata_end = .
                0x00000000400125d0                __extdata_start_lma = LOADADDR (.ext.data)
                0x0000000000000000                __extdata_size = SIZEOF (.ext.data)

.data           0x00000000400125d0      0x610
                0x00000000400125d0                . = ALIGN (0x8)
                0x00000000400125d0                __data_start = .
 *(.data .data.*)
 .data          0x00000000400125d0        0x0 /home/fsw/rep/tasa/lib/bcc-2.2.3-gcc/bin/../sparc-gaisler-elf/bsp/leon3/leon3/mfix-b2bst/soft/flat/trap_table_mvt.S.o
 .data          0x00000000400125d0        0x0 /home/fsw/rep/tasa/lib/bcc-2.2.3-gcc/bin/../sparc-gaisler-elf/bsp/leon3/leon3/mfix-b2bst/soft/flat/crt0.S.o
 .data          0x00000000400125d0        0x0 /home/fsw/rep/tasa/lib/bcc-2.2.3-gcc/bin/../lib/gcc/sparc-gaisler-elf/10.2.0/leon3/mfix-b2bst/soft/flat/crti.o
 .data          0x00000000400125d0        0x4 /home/fsw/rep/tasa/lib/bcc-2.2.3-gcc/bin/../lib/gcc/sparc-gaisler-elf/10.2.0/leon3/mfix-b2bst/soft/flat/crtbegin.o
                0x00000000400125d0                __dso_handle
 .data          0x00000000400125d4        0x0 /tmp/ccVbgXki.o
 .data          0x00000000400125d4        0x0 /home/fsw/rep/tasa/lib/bcc-2.2.3-gcc/bin/../sparc-gaisler-elf/bsp/leon3/leon3/mfix-b2bst/soft/flat/libbcc.a(reset_trap_mvt.S.o)
 .data          0x00000000400125d4        0x0 /home/fsw/rep/tasa/lib/bcc-2.2.3-gcc/bin/../sparc-gaisler-elf/bsp/leon3/leon3/mfix-b2bst/soft/flat/libbcc.a(interrupt_trap_flat.S.o)
 .data          0x00000000400125d4        0x0 /home/fsw/rep/tasa/lib/bcc-2.2.3-gcc/bin/../sparc-gaisler-elf/bsp/leon3/leon3/mfix-b2bst/soft/flat/libbcc.a(sw_trap_set_pil.S.o)
 .data          0x00000000400125d4        0x0 /home/fsw/rep/tasa/lib/bcc-2.2.3-gcc/bin/../sparc-gaisler-elf/bsp/leon3/leon3/mfix-b2bst/soft/flat/libbcc.a(isr.c.o)
 *fill*         0x00000000400125d4        0x4 
 .data          0x00000000400125d8       0x10 /home/fsw/rep/tasa/lib/bcc-2.2.3-gcc/bin/../sparc-gaisler-elf/bsp/leon3/leon3/mfix-b2bst/soft/flat/libbcc.a(int_nest.c.o)
                0x00000000400125d8                __bcc_int_nest
 .data          0x00000000400125e8        0x0 /home/fsw/rep/tasa/lib/bcc-2.2.3-gcc/bin/../sparc-gaisler-elf/bsp/leon3/leon3/mfix-b2bst/soft/flat/libbcc.a(init.S.o)
 .data          0x00000000400125e8       0x10 /home/fsw/rep/tasa/lib/bcc-2.2.3-gcc/bin/../sparc-gaisler-elf/bsp/leon3/leon3/mfix-b2bst/soft/flat/libbcc.a(leon_info.S.o)
                0x00000000400125e8                __bcc_leon_version
                0x00000000400125ec                __bcc_nwindows_min1
                0x00000000400125f0                __bcc_nwindows
                0x00000000400125f4                __bcc_cpuid
 .data          0x00000000400125f8        0x0 /home/fsw/rep/tasa/lib/bcc-2.2.3-gcc/bin/../sparc-gaisler-elf/bsp/leon3/leon3/mfix-b2bst/soft/flat/libbcc.a(dwzero.S.o)
 .data          0x00000000400125f8        0x0 /home/fsw/rep/tasa/lib/bcc-2.2.3-gcc/bin/../sparc-gaisler-elf/bsp/leon3/leon3/mfix-b2bst/soft/flat/libbcc.a(copy_data.c.o)
 .data          0x00000000400125f8        0x4 /home/fsw/rep/tasa/lib/bcc-2.2.3-gcc/bin/../sparc-gaisler-elf/bsp/leon3/leon3/mfix-b2bst/soft/flat/libbcc.a(argv.c.o)
                0x00000000400125f8                __bcc_argvp
 .data          0x00000000400125fc        0x0 /home/fsw/rep/tasa/lib/bcc-2.2.3-gcc/bin/../sparc-gaisler-elf/bsp/leon3/leon3/mfix-b2bst/soft/flat/libbcc.a(int_irqmp_get_source.c.o)
 .data          0x00000000400125fc        0x0 /home/fsw/rep/tasa/lib/bcc-2.2.3-gcc/bin/../sparc-gaisler-elf/bsp/leon3/leon3/mfix-b2bst/soft/flat/libbcc.a(int_irqmp_mp.c.o)
 .data          0x00000000400125fc        0x0 /home/fsw/rep/tasa/lib/bcc-2.2.3-gcc/bin/../sparc-gaisler-elf/bsp/leon3/leon3/mfix-b2bst/soft/flat/libbcc.a(int_irqmp_init.c.o)
 .data          0x00000000400125fc        0x0 /home/fsw/rep/tasa/lib/bcc-2.2.3-gcc/bin/../sparc-gaisler-elf/bsp/leon3/leon3/mfix-b2bst/soft/flat/libbcc.a(con_apbuart_init.c.o)
 .data          0x00000000400125fc        0x0 /home/fsw/rep/tasa/lib/bcc-2.2.3-gcc/bin/../sparc-gaisler-elf/bsp/leon3/leon3/mfix-b2bst/soft/flat/libbcc.a(timer_gptimer_init.c.o)
 .data          0x00000000400125fc        0x0 /home/fsw/rep/tasa/lib/bcc-2.2.3-gcc/bin/../sparc-gaisler-elf/bsp/leon3/leon3/mfix-b2bst/soft/flat/libbcc.a(ambapp.c.o)
 .data          0x00000000400125fc        0x0 /home/fsw/rep/tasa/lib/bcc-2.2.3-gcc/bin/../sparc-gaisler-elf/bsp/leon3/leon3/mfix-b2bst/soft/flat/libbcc.a(ambapp_findfirst_fn.c.o)
 .data          0x00000000400125fc        0x0 /home/fsw/rep/tasa/lib/bcc-2.2.3-gcc/bin/../sparc-gaisler-elf/bsp/leon3/leon3/mfix-b2bst/soft/flat/libbcc.a(int_irqmp_handle.c.o)
 .data          0x00000000400125fc        0x0 /home/fsw/rep/tasa/lib/bcc-2.2.3-gcc/bin/../sparc-gaisler-elf/bsp/leon3/leon3/mfix-b2bst/soft/flat/libbcc.a(con_handle.c.o)
 .data          0x00000000400125fc        0x0 /home/fsw/rep/tasa/lib/bcc-2.2.3-gcc/bin/../sparc-gaisler-elf/bsp/leon3/leon3/mfix-b2bst/soft/flat/libbcc.a(timer_handle.c.o)
 .data          0x00000000400125fc        0x0 /home/fsw/rep/tasa/lib/bcc-2.2.3-gcc/bin/../lib/gcc/sparc-gaisler-elf/10.2.0/../../../../sparc-gaisler-elf/lib/leon3/mfix-b2bst/soft/flat/libc.a(lib_a-atexit.o)
 .data          0x00000000400125fc        0x0 /home/fsw/rep/tasa/lib/bcc-2.2.3-gcc/bin/../lib/gcc/sparc-gaisler-elf/10.2.0/../../../../sparc-gaisler-elf/lib/leon3/mfix-b2bst/soft/flat/libc.a(lib_a-exit.o)
 .data          0x00000000400125fc       0x64 /home/fsw/rep/tasa/lib/bcc-2.2.3-gcc/bin/../lib/gcc/sparc-gaisler-elf/10.2.0/../../../../sparc-gaisler-elf/lib/leon3/mfix-b2bst/soft/flat/libc.a(lib_a-impure.o)
                0x00000000400125fc                _impure_ptr
 .data          0x0000000040012660        0x0 /home/fsw/rep/tasa/lib/bcc-2.2.3-gcc/bin/../lib/gcc/sparc-gaisler-elf/10.2.0/../../../../sparc-gaisler-elf/lib/leon3/mfix-b2bst/soft/flat/libc.a(lib_a-memcpy.o)
 .data          0x0000000040012660        0x0 /home/fsw/rep/tasa/lib/bcc-2.2.3-gcc/bin/../lib/gcc/sparc-gaisler-elf/10.2.0/../../../../sparc-gaisler-elf/lib/leon3/mfix-b2bst/soft/flat/libc.a(lib_a-printf.o)
 .data          0x0000000040012660        0x0 /home/fsw/rep/tasa/lib/bcc-2.2.3-gcc/bin/../lib/gcc/sparc-gaisler-elf/10.2.0/../../../../sparc-gaisler-elf/lib/leon3/mfix-b2bst/soft/flat/libc.a(lib_a-putchar.o)
 .data          0x0000000040012660        0x0 /home/fsw/rep/tasa/lib/bcc-2.2.3-gcc/bin/../lib/gcc/sparc-gaisler-elf/10.2.0/../../../../sparc-gaisler-elf/lib/leon3/mfix-b2bst/soft/flat/libc.a(lib_a-puts.o)
 .data          0x0000000040012660        0x0 /home/fsw/rep/tasa/lib/bcc-2.2.3-gcc/bin/../lib/gcc/sparc-gaisler-elf/10.2.0/../../../../sparc-gaisler-elf/lib/leon3/mfix-b2bst/soft/flat/libc.a(lib_a-strlen.o)
 .data          0x0000000040012660        0x0 /home/fsw/rep/tasa/lib/bcc-2.2.3-gcc/bin/../lib/gcc/sparc-gaisler-elf/10.2.0/../../../../sparc-gaisler-elf/lib/leon3/mfix-b2bst/soft/flat/libc.a(lib_a-vfprintf.o)
 .data          0x0000000040012660        0x0 /home/fsw/rep/tasa/lib/bcc-2.2.3-gcc/bin/../lib/gcc/sparc-gaisler-elf/10.2.0/../../../../sparc-gaisler-elf/lib/leon3/mfix-b2bst/soft/flat/libc.a(lib_a-wsetup.o)
 .data          0x0000000040012660        0x0 /home/fsw/rep/tasa/lib/bcc-2.2.3-gcc/bin/../lib/gcc/sparc-gaisler-elf/10.2.0/../../../../sparc-gaisler-elf/lib/leon3/mfix-b2bst/soft/flat/libc.a(lib_a-__atexit.o)
 .data          0x0000000040012660        0x0 /home/fsw/rep/tasa/lib/bcc-2.2.3-gcc/bin/../lib/gcc/sparc-gaisler-elf/10.2.0/../../../../sparc-gaisler-elf/lib/leon3/mfix-b2bst/soft/flat/libc.a(lib_a-__call_atexit.o)
 .data          0x0000000040012660        0x0 /home/fsw/rep/tasa/lib/bcc-2.2.3-gcc/bin/../lib/gcc/sparc-gaisler-elf/10.2.0/../../../../sparc-gaisler-elf/lib/leon3/mfix-b2bst/soft/flat/libc.a(lib_a-dtoa.o)
 .data          0x0000000040012660        0x0 /home/fsw/rep/tasa/lib/bcc-2.2.3-gcc/bin/../lib/gcc/sparc-gaisler-elf/10.2.0/../../../../sparc-gaisler-elf/lib/leon3/mfix-b2bst/soft/flat/libc.a(lib_a-fflush.o)
 .data          0x0000000040012660        0x0 /home/fsw/rep/tasa/lib/bcc-2.2.3-gcc/bin/../lib/gcc/sparc-gaisler-elf/10.2.0/../../../../sparc-gaisler-elf/lib/leon3/mfix-b2bst/soft/flat/libc.a(lib_a-findfp.o)
 .data          0x0000000040012660        0x0 /home/fsw/rep/tasa/lib/bcc-2.2.3-gcc/bin/../lib/gcc/sparc-gaisler-elf/10.2.0/../../../../sparc-gaisler-elf/lib/leon3/mfix-b2bst/soft/flat/libc.a(lib_a-freer.o)
 .data          0x0000000040012660        0x0 /home/fsw/rep/tasa/lib/bcc-2.2.3-gcc/bin/../lib/gcc/sparc-gaisler-elf/10.2.0/../../../../sparc-gaisler-elf/lib/leon3/mfix-b2bst/soft/flat/libc.a(lib_a-fvwrite.o)
 .data          0x0000000040012660        0x0 /home/fsw/rep/tasa/lib/bcc-2.2.3-gcc/bin/../lib/gcc/sparc-gaisler-elf/10.2.0/../../../../sparc-gaisler-elf/lib/leon3/mfix-b2bst/soft/flat/libc.a(lib_a-fwalk.o)
 .data          0x0000000040012660        0x0 /home/fsw/rep/tasa/lib/bcc-2.2.3-gcc/bin/../lib/gcc/sparc-gaisler-elf/10.2.0/../../../../sparc-gaisler-elf/lib/leon3/mfix-b2bst/soft/flat/libc.a(lib_a-localeconv.o)
 .data          0x0000000040012660        0x0 /home/fsw/rep/tasa/lib/bcc-2.2.3-gcc/bin/../lib/gcc/sparc-gaisler-elf/10.2.0/../../../../sparc-gaisler-elf/lib/leon3/mfix-b2bst/soft/flat/libc.a(lib_a-makebuf.o)
 .data          0x0000000040012660        0x0 /home/fsw/rep/tasa/lib/bcc-2.2.3-gcc/bin/../lib/gcc/sparc-gaisler-elf/10.2.0/../../../../sparc-gaisler-elf/lib/leon3/mfix-b2bst/soft/flat/libc.a(lib_a-malloc.o)
 .data          0x0000000040012660      0x410 /home/fsw/rep/tasa/lib/bcc-2.2.3-gcc/bin/../lib/gcc/sparc-gaisler-elf/10.2.0/../../../../sparc-gaisler-elf/lib/leon3/mfix-b2bst/soft/flat/libc.a(lib_a-mallocr.o)
                0x0000000040012660                __malloc_sbrk_base
                0x0000000040012664                __malloc_trim_threshold
                0x0000000040012668                __malloc_av_
 .data          0x0000000040012a70        0x0 /home/fsw/rep/tasa/lib/bcc-2.2.3-gcc/bin/../lib/gcc/sparc-gaisler-elf/10.2.0/../../../../sparc-gaisler-elf/lib/leon3/mfix-b2bst/soft/flat/libc.a(lib_a-memchr.o)
 .data          0x0000000040012a70        0x0 /home/fsw/rep/tasa/lib/bcc-2.2.3-gcc/bin/../lib/gcc/sparc-gaisler-elf/10.2.0/../../../../sparc-gaisler-elf/lib/leon3/mfix-b2bst/soft/flat/libc.a(lib_a-memmove.o)
 .data          0x0000000040012a70        0x0 /home/fsw/rep/tasa/lib/bcc-2.2.3-gcc/bin/../lib/gcc/sparc-gaisler-elf/10.2.0/../../../../sparc-gaisler-elf/lib/leon3/mfix-b2bst/soft/flat/libc.a(lib_a-memset.o)
 .data          0x0000000040012a70        0x0 /home/fsw/rep/tasa/lib/bcc-2.2.3-gcc/bin/../lib/gcc/sparc-gaisler-elf/10.2.0/../../../../sparc-gaisler-elf/lib/leon3/mfix-b2bst/soft/flat/libc.a(lib_a-mlock.o)
 .data          0x0000000040012a70        0x0 /home/fsw/rep/tasa/lib/bcc-2.2.3-gcc/bin/../lib/gcc/sparc-gaisler-elf/10.2.0/../../../../sparc-gaisler-elf/lib/leon3/mfix-b2bst/soft/flat/libc.a(lib_a-mprec.o)
 .data          0x0000000040012a70        0x0 /home/fsw/rep/tasa/lib/bcc-2.2.3-gcc/bin/../lib/gcc/sparc-gaisler-elf/10.2.0/../../../../sparc-gaisler-elf/lib/leon3/mfix-b2bst/soft/flat/libc.a(lib_a-putc.o)
 .data          0x0000000040012a70        0x0 /home/fsw/rep/tasa/lib/bcc-2.2.3-gcc/bin/../lib/gcc/sparc-gaisler-elf/10.2.0/../../../../sparc-gaisler-elf/lib/leon3/mfix-b2bst/soft/flat/libc.a(lib_a-reallocr.o)
 .data          0x0000000040012a70        0x0 /home/fsw/rep/tasa/lib/bcc-2.2.3-gcc/bin/../lib/gcc/sparc-gaisler-elf/10.2.0/../../../../sparc-gaisler-elf/lib/leon3/mfix-b2bst/soft/flat/libc.a(lib_a-s_frexp.o)
 .data          0x0000000040012a70        0x0 /home/fsw/rep/tasa/lib/bcc-2.2.3-gcc/bin/../lib/gcc/sparc-gaisler-elf/10.2.0/../../../../sparc-gaisler-elf/lib/leon3/mfix-b2bst/soft/flat/libc.a(lib_a-sbrkr.o)
 .data          0x0000000040012a70        0x0 /home/fsw/rep/tasa/lib/bcc-2.2.3-gcc/bin/../lib/gcc/sparc-gaisler-elf/10.2.0/../../../../sparc-gaisler-elf/lib/leon3/mfix-b2bst/soft/flat/libc.a(lib_a-stdio.o)
 .data          0x0000000040012a70        0x0 /home/fsw/rep/tasa/lib/bcc-2.2.3-gcc/bin/../lib/gcc/sparc-gaisler-elf/10.2.0/../../../../sparc-gaisler-elf/lib/leon3/mfix-b2bst/soft/flat/libc.a(lib_a-strncpy.o)
 .data          0x0000000040012a70        0x0 /home/fsw/rep/tasa/lib/bcc-2.2.3-gcc/bin/../lib/gcc/sparc-gaisler-elf/10.2.0/../../../../sparc-gaisler-elf/lib/leon3/mfix-b2bst/soft/flat/libc.a(lib_a-vfiprintf.o)
 .data          0x0000000040012a70        0x0 /home/fsw/rep/tasa/lib/bcc-2.2.3-gcc/bin/../lib/gcc/sparc-gaisler-elf/10.2.0/../../../../sparc-gaisler-elf/lib/leon3/mfix-b2bst/soft/flat/libc.a(lib_a-wbuf.o)
 .data          0x0000000040012a70        0x0 /home/fsw/rep/tasa/lib/bcc-2.2.3-gcc/bin/../lib/gcc/sparc-gaisler-elf/10.2.0/../../../../sparc-gaisler-elf/lib/leon3/mfix-b2bst/soft/flat/libc.a(lib_a-writer.o)
 .data          0x0000000040012a70        0x0 /home/fsw/rep/tasa/lib/bcc-2.2.3-gcc/bin/../lib/gcc/sparc-gaisler-elf/10.2.0/../../../../sparc-gaisler-elf/lib/leon3/mfix-b2bst/soft/flat/libc.a(lib_a-callocr.o)
 .data          0x0000000040012a70        0x0 /home/fsw/rep/tasa/lib/bcc-2.2.3-gcc/bin/../lib/gcc/sparc-gaisler-elf/10.2.0/../../../../sparc-gaisler-elf/lib/leon3/mfix-b2bst/soft/flat/libc.a(lib_a-closer.o)
 .data          0x0000000040012a70        0x0 /home/fsw/rep/tasa/lib/bcc-2.2.3-gcc/bin/../lib/gcc/sparc-gaisler-elf/10.2.0/../../../../sparc-gaisler-elf/lib/leon3/mfix-b2bst/soft/flat/libc.a(lib_a-fclose.o)
 .data          0x0000000040012a70        0x0 /home/fsw/rep/tasa/lib/bcc-2.2.3-gcc/bin/../lib/gcc/sparc-gaisler-elf/10.2.0/../../../../sparc-gaisler-elf/lib/leon3/mfix-b2bst/soft/flat/libc.a(lib_a-fputwc.o)
 .data          0x0000000040012a70        0x0 /home/fsw/rep/tasa/lib/bcc-2.2.3-gcc/bin/../lib/gcc/sparc-gaisler-elf/10.2.0/../../../../sparc-gaisler-elf/lib/leon3/mfix-b2bst/soft/flat/libc.a(lib_a-fstatr.o)
 .data          0x0000000040012a70        0x0 /home/fsw/rep/tasa/lib/bcc-2.2.3-gcc/bin/../lib/gcc/sparc-gaisler-elf/10.2.0/../../../../sparc-gaisler-elf/lib/leon3/mfix-b2bst/soft/flat/libc.a(lib_a-isattyr.o)
 .data          0x0000000040012a70      0x16c /home/fsw/rep/tasa/lib/bcc-2.2.3-gcc/bin/../lib/gcc/sparc-gaisler-elf/10.2.0/../../../../sparc-gaisler-elf/lib/leon3/mfix-b2bst/soft/flat/libc.a(lib_a-locale.o)
                0x0000000040012a70                __global_locale
 .data          0x0000000040012bdc        0x0 /home/fsw/rep/tasa/lib/bcc-2.2.3-gcc/bin/../lib/gcc/sparc-gaisler-elf/10.2.0/../../../../sparc-gaisler-elf/lib/leon3/mfix-b2bst/soft/flat/libc.a(lib_a-lseekr.o)
 .data          0x0000000040012bdc        0x0 /home/fsw/rep/tasa/lib/bcc-2.2.3-gcc/bin/../lib/gcc/sparc-gaisler-elf/10.2.0/../../../../sparc-gaisler-elf/lib/leon3/mfix-b2bst/soft/flat/libc.a(lib_a-mbtowc_r.o)
 .data          0x0000000040012bdc        0x0 /home/fsw/rep/tasa/lib/bcc-2.2.3-gcc/bin/../lib/gcc/sparc-gaisler-elf/10.2.0/../../../../sparc-gaisler-elf/lib/leon3/mfix-b2bst/soft/flat/libc.a(lib_a-readr.o)
 .data          0x0000000040012bdc        0x0 /home/fsw/rep/tasa/lib/bcc-2.2.3-gcc/bin/../lib/gcc/sparc-gaisler-elf/10.2.0/../../../../sparc-gaisler-elf/lib/leon3/mfix-b2bst/soft/flat/libc.a(lib_a-reent.o)
 .data          0x0000000040012bdc        0x0 /home/fsw/rep/tasa/lib/bcc-2.2.3-gcc/bin/../lib/gcc/sparc-gaisler-elf/10.2.0/../../../../sparc-gaisler-elf/lib/leon3/mfix-b2bst/soft/flat/libc.a(lib_a-strcmp.o)
 .data          0x0000000040012bdc        0x0 /home/fsw/rep/tasa/lib/bcc-2.2.3-gcc/bin/../lib/gcc/sparc-gaisler-elf/10.2.0/../../../../sparc-gaisler-elf/lib/leon3/mfix-b2bst/soft/flat/libc.a(lib_a-wcrtomb.o)
 .data          0x0000000040012bdc        0x0 /home/fsw/rep/tasa/lib/bcc-2.2.3-gcc/bin/../lib/gcc/sparc-gaisler-elf/10.2.0/../../../../sparc-gaisler-elf/lib/leon3/mfix-b2bst/soft/flat/libc.a(lib_a-wctomb_r.o)
 .data          0x0000000040012bdc        0x0 /home/fsw/rep/tasa/lib/bcc-2.2.3-gcc/bin/../lib/gcc/sparc-gaisler-elf/10.2.0/../../../../sparc-gaisler-elf/lib/leon3/mfix-b2bst/soft/flat/libc.a(lib_a-ctype_.o)
 .data          0x0000000040012bdc        0x0 /home/fsw/rep/tasa/lib/bcc-2.2.3-gcc/bin/../sparc-gaisler-elf/bsp/leon3/leon3/mfix-b2bst/soft/flat/libbcc.a(_exit.S.o)
 .data          0x0000000040012bdc        0x0 /home/fsw/rep/tasa/lib/bcc-2.2.3-gcc/bin/../sparc-gaisler-elf/bsp/leon3/leon3/mfix-b2bst/soft/flat/libbcc.a(read.c.o)
 .data          0x0000000040012bdc        0x0 /home/fsw/rep/tasa/lib/bcc-2.2.3-gcc/bin/../sparc-gaisler-elf/bsp/leon3/leon3/mfix-b2bst/soft/flat/libbcc.a(sbrk.c.o)
 .data          0x0000000040012bdc        0x0 /home/fsw/rep/tasa/lib/bcc-2.2.3-gcc/bin/../sparc-gaisler-elf/bsp/leon3/leon3/mfix-b2bst/soft/flat/libbcc.a(heap.c.o)
 .data          0x0000000040012bdc        0x0 /home/fsw/rep/tasa/lib/bcc-2.2.3-gcc/bin/../sparc-gaisler-elf/bsp/leon3/leon3/mfix-b2bst/soft/flat/libbcc.a(write.c.o)
 .data          0x0000000040012bdc        0x0 /home/fsw/rep/tasa/lib/bcc-2.2.3-gcc/bin/../sparc-gaisler-elf/bsp/leon3/leon3/mfix-b2bst/soft/flat/libbcc.a(stubs.S.o)
 .data          0x0000000040012bdc        0x0 /home/fsw/rep/tasa/lib/bcc-2.2.3-gcc/bin/../sparc-gaisler-elf/bsp/leon3/leon3/mfix-b2bst/soft/flat/libbcc.a(con_apbuart.c.o)
 .data          0x0000000040012bdc        0x0 /home/fsw/rep/tasa/lib/bcc-2.2.3-gcc/bin/../lib/gcc/sparc-gaisler-elf/10.2.0/leon3/mfix-b2bst/soft/flat/libgcc.a(_udivdi3.o)
 .data          0x0000000040012bdc        0x0 /home/fsw/rep/tasa/lib/bcc-2.2.3-gcc/bin/../lib/gcc/sparc-gaisler-elf/10.2.0/leon3/mfix-b2bst/soft/flat/libgcc.a(_umoddi3.o)
 .data          0x0000000040012bdc        0x0 /home/fsw/rep/tasa/lib/bcc-2.2.3-gcc/bin/../lib/gcc/sparc-gaisler-elf/10.2.0/leon3/mfix-b2bst/soft/flat/libgcc.a(_addsub_df.o)
 .data          0x0000000040012bdc        0x0 /home/fsw/rep/tasa/lib/bcc-2.2.3-gcc/bin/../lib/gcc/sparc-gaisler-elf/10.2.0/leon3/mfix-b2bst/soft/flat/libgcc.a(_mul_df.o)
 .data          0x0000000040012bdc        0x0 /home/fsw/rep/tasa/lib/bcc-2.2.3-gcc/bin/../lib/gcc/sparc-gaisler-elf/10.2.0/leon3/mfix-b2bst/soft/flat/libgcc.a(_div_df.o)
 .data          0x0000000040012bdc        0x0 /home/fsw/rep/tasa/lib/bcc-2.2.3-gcc/bin/../lib/gcc/sparc-gaisler-elf/10.2.0/leon3/mfix-b2bst/soft/flat/libgcc.a(_eq_df.o)
 .data          0x0000000040012bdc        0x0 /home/fsw/rep/tasa/lib/bcc-2.2.3-gcc/bin/../lib/gcc/sparc-gaisler-elf/10.2.0/leon3/mfix-b2bst/soft/flat/libgcc.a(_ne_df.o)
 .data          0x0000000040012bdc        0x0 /home/fsw/rep/tasa/lib/bcc-2.2.3-gcc/bin/../lib/gcc/sparc-gaisler-elf/10.2.0/leon3/mfix-b2bst/soft/flat/libgcc.a(_gt_df.o)
 .data          0x0000000040012bdc        0x0 /home/fsw/rep/tasa/lib/bcc-2.2.3-gcc/bin/../lib/gcc/sparc-gaisler-elf/10.2.0/leon3/mfix-b2bst/soft/flat/libgcc.a(_lt_df.o)
 .data          0x0000000040012bdc        0x0 /home/fsw/rep/tasa/lib/bcc-2.2.3-gcc/bin/../lib/gcc/sparc-gaisler-elf/10.2.0/leon3/mfix-b2bst/soft/flat/libgcc.a(_le_df.o)
 .data          0x0000000040012bdc        0x0 /home/fsw/rep/tasa/lib/bcc-2.2.3-gcc/bin/../lib/gcc/sparc-gaisler-elf/10.2.0/leon3/mfix-b2bst/soft/flat/libgcc.a(_unord_df.o)
 .data          0x0000000040012bdc        0x0 /home/fsw/rep/tasa/lib/bcc-2.2.3-gcc/bin/../lib/gcc/sparc-gaisler-elf/10.2.0/leon3/mfix-b2bst/soft/flat/libgcc.a(_si_to_df.o)
 .data          0x0000000040012bdc        0x0 /home/fsw/rep/tasa/lib/bcc-2.2.3-gcc/bin/../lib/gcc/sparc-gaisler-elf/10.2.0/leon3/mfix-b2bst/soft/flat/libgcc.a(_df_to_si.o)
 .data          0x0000000040012bdc        0x0 /home/fsw/rep/tasa/lib/bcc-2.2.3-gcc/bin/../lib/gcc/sparc-gaisler-elf/10.2.0/leon3/mfix-b2bst/soft/flat/libgcc.a(_thenan_df.o)
 .data          0x0000000040012bdc        0x0 /home/fsw/rep/tasa/lib/bcc-2.2.3-gcc/bin/../lib/gcc/sparc-gaisler-elf/10.2.0/leon3/mfix-b2bst/soft/flat/libgcc.a(_usi_to_df.o)
 .data          0x0000000040012bdc        0x0 /home/fsw/rep/tasa/lib/bcc-2.2.3-gcc/bin/../lib/gcc/sparc-gaisler-elf/10.2.0/leon3/mfix-b2bst/soft/flat/libgcc.a(_clz.o)
 .data          0x0000000040012bdc        0x0 /home/fsw/rep/tasa/lib/bcc-2.2.3-gcc/bin/../lib/gcc/sparc-gaisler-elf/10.2.0/leon3/mfix-b2bst/soft/flat/libgcc.a(_clzsi2.o)
 .data          0x0000000040012bdc        0x0 /home/fsw/rep/tasa/lib/bcc-2.2.3-gcc/bin/../lib/gcc/sparc-gaisler-elf/10.2.0/leon3/mfix-b2bst/soft/flat/libgcc.a(_pack_df.o)
 .data          0x0000000040012bdc        0x0 /home/fsw/rep/tasa/lib/bcc-2.2.3-gcc/bin/../lib/gcc/sparc-gaisler-elf/10.2.0/leon3/mfix-b2bst/soft/flat/libgcc.a(_unpack_df.o)
 .data          0x0000000040012bdc        0x0 /home/fsw/rep/tasa/lib/bcc-2.2.3-gcc/bin/../lib/gcc/sparc-gaisler-elf/10.2.0/leon3/mfix-b2bst/soft/flat/libgcc.a(_fpcmp_parts_df.o)
 .data          0x0000000040012bdc        0x0 /home/fsw/rep/tasa/lib/bcc-2.2.3-gcc/bin/../lib/gcc/sparc-gaisler-elf/10.2.0/leon3/mfix-b2bst/soft/flat/crtend.o
 .data          0x0000000040012bdc        0x0 /home/fsw/rep/tasa/lib/bcc-2.2.3-gcc/bin/../lib/gcc/sparc-gaisler-elf/10.2.0/leon3/mfix-b2bst/soft/flat/crtn.o
                0x0000000040012be0                . = ALIGN (0x8)
 *fill*         0x0000000040012bdc        0x4 
                0x0000000040012be0                __data_end = .
                0x00000000400125d0                __data_start_lma = LOADADDR (.data)
                0x0000000000000610                __data_size = SIZEOF (.data)

.iplt           0x0000000040012be0        0x0
 .iplt          0x0000000040012be0        0x0 /home/fsw/rep/tasa/lib/bcc-2.2.3-gcc/bin/../sparc-gaisler-elf/bsp/leon3/leon3/mfix-b2bst/soft/flat/trap_table_mvt.S.o

.tm_clone_table
                0x0000000040012be0        0x0
 .tm_clone_table
                0x0000000040012be0        0x0 /home/fsw/rep/tasa/lib/bcc-2.2.3-gcc/bin/../lib/gcc/sparc-gaisler-elf/10.2.0/leon3/mfix-b2bst/soft/flat/crtbegin.o
 .tm_clone_table
                0x0000000040012be0        0x0 /home/fsw/rep/tasa/lib/bcc-2.2.3-gcc/bin/../lib/gcc/sparc-gaisler-elf/10.2.0/leon3/mfix-b2bst/soft/flat/crtend.o

.bss            0x0000000040012be0      0x1a8
                0x0000000040012be0                . = ALIGN (0x8)
                0x0000000040012be0                __bss_start = .
 *(.bss .bss.*)
 .bss           0x0000000040012be0        0x0 /home/fsw/rep/tasa/lib/bcc-2.2.3-gcc/bin/../sparc-gaisler-elf/bsp/leon3/leon3/mfix-b2bst/soft/flat/trap_table_mvt.S.o
 .bss           0x0000000040012be0        0x4 /home/fsw/rep/tasa/lib/bcc-2.2.3-gcc/bin/../sparc-gaisler-elf/bsp/leon3/leon3/mfix-b2bst/soft/flat/crt0.S.o
                0x0000000040012be0                __bcc_sp_at_entry
 .bss           0x0000000040012be4        0x0 /home/fsw/rep/tasa/lib/bcc-2.2.3-gcc/bin/../lib/gcc/sparc-gaisler-elf/10.2.0/leon3/mfix-b2bst/soft/flat/crti.o
 .bss           0x0000000040012be4       0x20 /home/fsw/rep/tasa/lib/bcc-2.2.3-gcc/bin/../lib/gcc/sparc-gaisler-elf/10.2.0/leon3/mfix-b2bst/soft/flat/crtbegin.o
 .bss           0x0000000040012c04        0x0 /tmp/ccVbgXki.o
 .bss           0x0000000040012c04        0x0 /home/fsw/rep/tasa/lib/bcc-2.2.3-gcc/bin/../sparc-gaisler-elf/bsp/leon3/leon3/mfix-b2bst/soft/flat/libbcc.a(reset_trap_mvt.S.o)
 .bss           0x0000000040012c04        0x0 /home/fsw/rep/tasa/lib/bcc-2.2.3-gcc/bin/../sparc-gaisler-elf/bsp/leon3/leon3/mfix-b2bst/soft/flat/libbcc.a(interrupt_trap_flat.S.o)
 .bss           0x0000000040012c04        0x0 /home/fsw/rep/tasa/lib/bcc-2.2.3-gcc/bin/../sparc-gaisler-elf/bsp/leon3/leon3/mfix-b2bst/soft/flat/libbcc.a(sw_trap_set_pil.S.o)
 .bss           0x0000000040012c04       0x80 /home/fsw/rep/tasa/lib/bcc-2.2.3-gcc/bin/../sparc-gaisler-elf/bsp/leon3/leon3/mfix-b2bst/soft/flat/libbcc.a(isr.c.o)
                0x0000000040012c04                __bcc_isr_list
 .bss           0x0000000040012c84        0x0 /home/fsw/rep/tasa/lib/bcc-2.2.3-gcc/bin/../sparc-gaisler-elf/bsp/leon3/leon3/mfix-b2bst/soft/flat/libbcc.a(int_nest.c.o)
 .bss           0x0000000040012c84        0x0 /home/fsw/rep/tasa/lib/bcc-2.2.3-gcc/bin/../sparc-gaisler-elf/bsp/leon3/leon3/mfix-b2bst/soft/flat/libbcc.a(init.S.o)
 .bss           0x0000000040012c84        0x0 /home/fsw/rep/tasa/lib/bcc-2.2.3-gcc/bin/../sparc-gaisler-elf/bsp/leon3/leon3/mfix-b2bst/soft/flat/libbcc.a(leon_info.S.o)
 .bss           0x0000000040012c84        0x0 /home/fsw/rep/tasa/lib/bcc-2.2.3-gcc/bin/../sparc-gaisler-elf/bsp/leon3/leon3/mfix-b2bst/soft/flat/libbcc.a(dwzero.S.o)
 .bss           0x0000000040012c84        0x0 /home/fsw/rep/tasa/lib/bcc-2.2.3-gcc/bin/../sparc-gaisler-elf/bsp/leon3/leon3/mfix-b2bst/soft/flat/libbcc.a(copy_data.c.o)
 .bss           0x0000000040012c84        0x8 /home/fsw/rep/tasa/lib/bcc-2.2.3-gcc/bin/../sparc-gaisler-elf/bsp/leon3/leon3/mfix-b2bst/soft/flat/libbcc.a(argv.c.o)
                0x0000000040012c88                __bcc_argc
 .bss           0x0000000040012c8c        0x0 /home/fsw/rep/tasa/lib/bcc-2.2.3-gcc/bin/../sparc-gaisler-elf/bsp/leon3/leon3/mfix-b2bst/soft/flat/libbcc.a(int_irqmp_get_source.c.o)
 .bss           0x0000000040012c8c        0x0 /home/fsw/rep/tasa/lib/bcc-2.2.3-gcc/bin/../sparc-gaisler-elf/bsp/leon3/leon3/mfix-b2bst/soft/flat/libbcc.a(int_irqmp_mp.c.o)
 .bss           0x0000000040012c8c        0x0 /home/fsw/rep/tasa/lib/bcc-2.2.3-gcc/bin/../sparc-gaisler-elf/bsp/leon3/leon3/mfix-b2bst/soft/flat/libbcc.a(int_irqmp_init.c.o)
 .bss           0x0000000040012c8c        0x0 /home/fsw/rep/tasa/lib/bcc-2.2.3-gcc/bin/../sparc-gaisler-elf/bsp/leon3/leon3/mfix-b2bst/soft/flat/libbcc.a(con_apbuart_init.c.o)
 .bss           0x0000000040012c8c        0x0 /home/fsw/rep/tasa/lib/bcc-2.2.3-gcc/bin/../sparc-gaisler-elf/bsp/leon3/leon3/mfix-b2bst/soft/flat/libbcc.a(timer_gptimer_init.c.o)
 .bss           0x0000000040012c8c        0x0 /home/fsw/rep/tasa/lib/bcc-2.2.3-gcc/bin/../sparc-gaisler-elf/bsp/leon3/leon3/mfix-b2bst/soft/flat/libbcc.a(ambapp.c.o)
 .bss           0x0000000040012c8c        0x0 /home/fsw/rep/tasa/lib/bcc-2.2.3-gcc/bin/../sparc-gaisler-elf/bsp/leon3/leon3/mfix-b2bst/soft/flat/libbcc.a(ambapp_findfirst_fn.c.o)
 .bss           0x0000000040012c8c       0x10 /home/fsw/rep/tasa/lib/bcc-2.2.3-gcc/bin/../sparc-gaisler-elf/bsp/leon3/leon3/mfix-b2bst/soft/flat/libbcc.a(int_irqmp_handle.c.o)
                0x0000000040012c8c                __bcc_int_irqmp_nts
                0x0000000040012c90                __bcc_int_irqmp_map
                0x0000000040012c94                __bcc_int_irqmp_eirq
                0x0000000040012c98                __bcc_int_handle
 .bss           0x0000000040012c9c        0x4 /home/fsw/rep/tasa/lib/bcc-2.2.3-gcc/bin/../sparc-gaisler-elf/bsp/leon3/leon3/mfix-b2bst/soft/flat/libbcc.a(con_handle.c.o)
                0x0000000040012c9c                __bcc_con_handle
 .bss           0x0000000040012ca0        0x8 /home/fsw/rep/tasa/lib/bcc-2.2.3-gcc/bin/../sparc-gaisler-elf/bsp/leon3/leon3/mfix-b2bst/soft/flat/libbcc.a(timer_handle.c.o)
                0x0000000040012ca0                __bcc_timer_interrupt
                0x0000000040012ca4                __bcc_timer_handle
 .bss           0x0000000040012ca8        0x0 /home/fsw/rep/tasa/lib/bcc-2.2.3-gcc/bin/../lib/gcc/sparc-gaisler-elf/10.2.0/../../../../sparc-gaisler-elf/lib/leon3/mfix-b2bst/soft/flat/libc.a(lib_a-atexit.o)
 .bss           0x0000000040012ca8        0x0 /home/fsw/rep/tasa/lib/bcc-2.2.3-gcc/bin/../lib/gcc/sparc-gaisler-elf/10.2.0/../../../../sparc-gaisler-elf/lib/leon3/mfix-b2bst/soft/flat/libc.a(lib_a-exit.o)
 .bss           0x0000000040012ca8        0x0 /home/fsw/rep/tasa/lib/bcc-2.2.3-gcc/bin/../lib/gcc/sparc-gaisler-elf/10.2.0/../../../../sparc-gaisler-elf/lib/leon3/mfix-b2bst/soft/flat/libc.a(lib_a-impure.o)
 .bss           0x0000000040012ca8        0x0 /home/fsw/rep/tasa/lib/bcc-2.2.3-gcc/bin/../lib/gcc/sparc-gaisler-elf/10.2.0/../../../../sparc-gaisler-elf/lib/leon3/mfix-b2bst/soft/flat/libc.a(lib_a-memcpy.o)
 .bss           0x0000000040012ca8        0x0 /home/fsw/rep/tasa/lib/bcc-2.2.3-gcc/bin/../lib/gcc/sparc-gaisler-elf/10.2.0/../../../../sparc-gaisler-elf/lib/leon3/mfix-b2bst/soft/flat/libc.a(lib_a-printf.o)
 .bss           0x0000000040012ca8        0x0 /home/fsw/rep/tasa/lib/bcc-2.2.3-gcc/bin/../lib/gcc/sparc-gaisler-elf/10.2.0/../../../../sparc-gaisler-elf/lib/leon3/mfix-b2bst/soft/flat/libc.a(lib_a-putchar.o)
 .bss           0x0000000040012ca8        0x0 /home/fsw/rep/tasa/lib/bcc-2.2.3-gcc/bin/../lib/gcc/sparc-gaisler-elf/10.2.0/../../../../sparc-gaisler-elf/lib/leon3/mfix-b2bst/soft/flat/libc.a(lib_a-puts.o)
 .bss           0x0000000040012ca8        0x0 /home/fsw/rep/tasa/lib/bcc-2.2.3-gcc/bin/../lib/gcc/sparc-gaisler-elf/10.2.0/../../../../sparc-gaisler-elf/lib/leon3/mfix-b2bst/soft/flat/libc.a(lib_a-strlen.o)
 .bss           0x0000000040012ca8        0x0 /home/fsw/rep/tasa/lib/bcc-2.2.3-gcc/bin/../lib/gcc/sparc-gaisler-elf/10.2.0/../../../../sparc-gaisler-elf/lib/leon3/mfix-b2bst/soft/flat/libc.a(lib_a-vfprintf.o)
 .bss           0x0000000040012ca8        0x0 /home/fsw/rep/tasa/lib/bcc-2.2.3-gcc/bin/../lib/gcc/sparc-gaisler-elf/10.2.0/../../../../sparc-gaisler-elf/lib/leon3/mfix-b2bst/soft/flat/libc.a(lib_a-wsetup.o)
 .bss           0x0000000040012ca8       0x8c /home/fsw/rep/tasa/lib/bcc-2.2.3-gcc/bin/../lib/gcc/sparc-gaisler-elf/10.2.0/../../../../sparc-gaisler-elf/lib/leon3/mfix-b2bst/soft/flat/libc.a(lib_a-__atexit.o)
 .bss           0x0000000040012d34        0x4 /home/fsw/rep/tasa/lib/bcc-2.2.3-gcc/bin/../lib/gcc/sparc-gaisler-elf/10.2.0/../../../../sparc-gaisler-elf/lib/leon3/mfix-b2bst/soft/flat/libc.a(lib_a-__call_atexit.o)
                0x0000000040012d34                _global_atexit
 .bss           0x0000000040012d38        0x0 /home/fsw/rep/tasa/lib/bcc-2.2.3-gcc/bin/../lib/gcc/sparc-gaisler-elf/10.2.0/../../../../sparc-gaisler-elf/lib/leon3/mfix-b2bst/soft/flat/libc.a(lib_a-dtoa.o)
 .bss           0x0000000040012d38        0x0 /home/fsw/rep/tasa/lib/bcc-2.2.3-gcc/bin/../lib/gcc/sparc-gaisler-elf/10.2.0/../../../../sparc-gaisler-elf/lib/leon3/mfix-b2bst/soft/flat/libc.a(lib_a-fflush.o)
 .bss           0x0000000040012d38        0x0 /home/fsw/rep/tasa/lib/bcc-2.2.3-gcc/bin/../lib/gcc/sparc-gaisler-elf/10.2.0/../../../../sparc-gaisler-elf/lib/leon3/mfix-b2bst/soft/flat/libc.a(lib_a-findfp.o)
 .bss           0x0000000040012d38        0x0 /home/fsw/rep/tasa/lib/bcc-2.2.3-gcc/bin/../lib/gcc/sparc-gaisler-elf/10.2.0/../../../../sparc-gaisler-elf/lib/leon3/mfix-b2bst/soft/flat/libc.a(lib_a-freer.o)
 .bss           0x0000000040012d38        0x0 /home/fsw/rep/tasa/lib/bcc-2.2.3-gcc/bin/../lib/gcc/sparc-gaisler-elf/10.2.0/../../../../sparc-gaisler-elf/lib/leon3/mfix-b2bst/soft/flat/libc.a(lib_a-fvwrite.o)
 .bss           0x0000000040012d38        0x0 /home/fsw/rep/tasa/lib/bcc-2.2.3-gcc/bin/../lib/gcc/sparc-gaisler-elf/10.2.0/../../../../sparc-gaisler-elf/lib/leon3/mfix-b2bst/soft/flat/libc.a(lib_a-fwalk.o)
 .bss           0x0000000040012d38        0x0 /home/fsw/rep/tasa/lib/bcc-2.2.3-gcc/bin/../lib/gcc/sparc-gaisler-elf/10.2.0/../../../../sparc-gaisler-elf/lib/leon3/mfix-b2bst/soft/flat/libc.a(lib_a-localeconv.o)
 .bss           0x0000000040012d38        0x0 /home/fsw/rep/tasa/lib/bcc-2.2.3-gcc/bin/../lib/gcc/sparc-gaisler-elf/10.2.0/../../../../sparc-gaisler-elf/lib/leon3/mfix-b2bst/soft/flat/libc.a(lib_a-makebuf.o)
 .bss           0x0000000040012d38        0x0 /home/fsw/rep/tasa/lib/bcc-2.2.3-gcc/bin/../lib/gcc/sparc-gaisler-elf/10.2.0/../../../../sparc-gaisler-elf/lib/leon3/mfix-b2bst/soft/flat/libc.a(lib_a-malloc.o)
 .bss           0x0000000040012d38       0x34 /home/fsw/rep/tasa/lib/bcc-2.2.3-gcc/bin/../lib/gcc/sparc-gaisler-elf/10.2.0/../../../../sparc-gaisler-elf/lib/leon3/mfix-b2bst/soft/flat/libc.a(lib_a-mallocr.o)
                0x0000000040012d38                __malloc_current_mallinfo
                0x0000000040012d60                __malloc_max_total_mem
                0x0000000040012d64                __malloc_max_sbrked_mem
                0x0000000040012d68                __malloc_top_pad
 .bss           0x0000000040012d6c        0x0 /home/fsw/rep/tasa/lib/bcc-2.2.3-gcc/bin/../lib/gcc/sparc-gaisler-elf/10.2.0/../../../../sparc-gaisler-elf/lib/leon3/mfix-b2bst/soft/flat/libc.a(lib_a-memchr.o)
 .bss           0x0000000040012d6c        0x0 /home/fsw/rep/tasa/lib/bcc-2.2.3-gcc/bin/../lib/gcc/sparc-gaisler-elf/10.2.0/../../../../sparc-gaisler-elf/lib/leon3/mfix-b2bst/soft/flat/libc.a(lib_a-memmove.o)
 .bss           0x0000000040012d6c        0x0 /home/fsw/rep/tasa/lib/bcc-2.2.3-gcc/bin/../lib/gcc/sparc-gaisler-elf/10.2.0/../../../../sparc-gaisler-elf/lib/leon3/mfix-b2bst/soft/flat/libc.a(lib_a-memset.o)
 .bss           0x0000000040012d6c        0x0 /home/fsw/rep/tasa/lib/bcc-2.2.3-gcc/bin/../lib/gcc/sparc-gaisler-elf/10.2.0/../../../../sparc-gaisler-elf/lib/leon3/mfix-b2bst/soft/flat/libc.a(lib_a-mlock.o)
 .bss           0x0000000040012d6c        0x0 /home/fsw/rep/tasa/lib/bcc-2.2.3-gcc/bin/../lib/gcc/sparc-gaisler-elf/10.2.0/../../../../sparc-gaisler-elf/lib/leon3/mfix-b2bst/soft/flat/libc.a(lib_a-mprec.o)
 .bss           0x0000000040012d6c        0x0 /home/fsw/rep/tasa/lib/bcc-2.2.3-gcc/bin/../lib/gcc/sparc-gaisler-elf/10.2.0/../../../../sparc-gaisler-elf/lib/leon3/mfix-b2bst/soft/flat/libc.a(lib_a-putc.o)
 .bss           0x0000000040012d6c        0x0 /home/fsw/rep/tasa/lib/bcc-2.2.3-gcc/bin/../lib/gcc/sparc-gaisler-elf/10.2.0/../../../../sparc-gaisler-elf/lib/leon3/mfix-b2bst/soft/flat/libc.a(lib_a-reallocr.o)
 .bss           0x0000000040012d6c        0x0 /home/fsw/rep/tasa/lib/bcc-2.2.3-gcc/bin/../lib/gcc/sparc-gaisler-elf/10.2.0/../../../../sparc-gaisler-elf/lib/leon3/mfix-b2bst/soft/flat/libc.a(lib_a-s_frexp.o)
 .bss           0x0000000040012d6c        0x0 /home/fsw/rep/tasa/lib/bcc-2.2.3-gcc/bin/../lib/gcc/sparc-gaisler-elf/10.2.0/../../../../sparc-gaisler-elf/lib/leon3/mfix-b2bst/soft/flat/libc.a(lib_a-sbrkr.o)
 .bss           0x0000000040012d6c        0x0 /home/fsw/rep/tasa/lib/bcc-2.2.3-gcc/bin/../lib/gcc/sparc-gaisler-elf/10.2.0/../../../../sparc-gaisler-elf/lib/leon3/mfix-b2bst/soft/flat/libc.a(lib_a-stdio.o)
 .bss           0x0000000040012d6c        0x0 /home/fsw/rep/tasa/lib/bcc-2.2.3-gcc/bin/../lib/gcc/sparc-gaisler-elf/10.2.0/../../../../sparc-gaisler-elf/lib/leon3/mfix-b2bst/soft/flat/libc.a(lib_a-strncpy.o)
 .bss           0x0000000040012d6c        0x0 /home/fsw/rep/tasa/lib/bcc-2.2.3-gcc/bin/../lib/gcc/sparc-gaisler-elf/10.2.0/../../../../sparc-gaisler-elf/lib/leon3/mfix-b2bst/soft/flat/libc.a(lib_a-vfiprintf.o)
 .bss           0x0000000040012d6c        0x0 /home/fsw/rep/tasa/lib/bcc-2.2.3-gcc/bin/../lib/gcc/sparc-gaisler-elf/10.2.0/../../../../sparc-gaisler-elf/lib/leon3/mfix-b2bst/soft/flat/libc.a(lib_a-wbuf.o)
 .bss           0x0000000040012d6c        0x0 /home/fsw/rep/tasa/lib/bcc-2.2.3-gcc/bin/../lib/gcc/sparc-gaisler-elf/10.2.0/../../../../sparc-gaisler-elf/lib/leon3/mfix-b2bst/soft/flat/libc.a(lib_a-writer.o)
 .bss           0x0000000040012d6c        0x0 /home/fsw/rep/tasa/lib/bcc-2.2.3-gcc/bin/../lib/gcc/sparc-gaisler-elf/10.2.0/../../../../sparc-gaisler-elf/lib/leon3/mfix-b2bst/soft/flat/libc.a(lib_a-callocr.o)
 .bss           0x0000000040012d6c        0x0 /home/fsw/rep/tasa/lib/bcc-2.2.3-gcc/bin/../lib/gcc/sparc-gaisler-elf/10.2.0/../../../../sparc-gaisler-elf/lib/leon3/mfix-b2bst/soft/flat/libc.a(lib_a-closer.o)
 .bss           0x0000000040012d6c        0x0 /home/fsw/rep/tasa/lib/bcc-2.2.3-gcc/bin/../lib/gcc/sparc-gaisler-elf/10.2.0/../../../../sparc-gaisler-elf/lib/leon3/mfix-b2bst/soft/flat/libc.a(lib_a-fclose.o)
 .bss           0x0000000040012d6c        0x0 /home/fsw/rep/tasa/lib/bcc-2.2.3-gcc/bin/../lib/gcc/sparc-gaisler-elf/10.2.0/../../../../sparc-gaisler-elf/lib/leon3/mfix-b2bst/soft/flat/libc.a(lib_a-fputwc.o)
 .bss           0x0000000040012d6c        0x0 /home/fsw/rep/tasa/lib/bcc-2.2.3-gcc/bin/../lib/gcc/sparc-gaisler-elf/10.2.0/../../../../sparc-gaisler-elf/lib/leon3/mfix-b2bst/soft/flat/libc.a(lib_a-fstatr.o)
 .bss           0x0000000040012d6c        0x0 /home/fsw/rep/tasa/lib/bcc-2.2.3-gcc/bin/../lib/gcc/sparc-gaisler-elf/10.2.0/../../../../sparc-gaisler-elf/lib/leon3/mfix-b2bst/soft/flat/libc.a(lib_a-isattyr.o)
 .bss           0x0000000040012d6c        0x4 /home/fsw/rep/tasa/lib/bcc-2.2.3-gcc/bin/../lib/gcc/sparc-gaisler-elf/10.2.0/../../../../sparc-gaisler-elf/lib/leon3/mfix-b2bst/soft/flat/libc.a(lib_a-locale.o)
                0x0000000040012d6c                _PathLocale
 .bss           0x0000000040012d70        0x0 /home/fsw/rep/tasa/lib/bcc-2.2.3-gcc/bin/../lib/gcc/sparc-gaisler-elf/10.2.0/../../../../sparc-gaisler-elf/lib/leon3/mfix-b2bst/soft/flat/libc.a(lib_a-lseekr.o)
 .bss           0x0000000040012d70        0x0 /home/fsw/rep/tasa/lib/bcc-2.2.3-gcc/bin/../lib/gcc/sparc-gaisler-elf/10.2.0/../../../../sparc-gaisler-elf/lib/leon3/mfix-b2bst/soft/flat/libc.a(lib_a-mbtowc_r.o)
 .bss           0x0000000040012d70        0x0 /home/fsw/rep/tasa/lib/bcc-2.2.3-gcc/bin/../lib/gcc/sparc-gaisler-elf/10.2.0/../../../../sparc-gaisler-elf/lib/leon3/mfix-b2bst/soft/flat/libc.a(lib_a-readr.o)
 .bss           0x0000000040012d70        0x4 /home/fsw/rep/tasa/lib/bcc-2.2.3-gcc/bin/../lib/gcc/sparc-gaisler-elf/10.2.0/../../../../sparc-gaisler-elf/lib/leon3/mfix-b2bst/soft/flat/libc.a(lib_a-reent.o)
                0x0000000040012d70                errno
 .bss           0x0000000040012d74        0x0 /home/fsw/rep/tasa/lib/bcc-2.2.3-gcc/bin/../lib/gcc/sparc-gaisler-elf/10.2.0/../../../../sparc-gaisler-elf/lib/leon3/mfix-b2bst/soft/flat/libc.a(lib_a-strcmp.o)
 .bss           0x0000000040012d74        0x0 /home/fsw/rep/tasa/lib/bcc-2.2.3-gcc/bin/../lib/gcc/sparc-gaisler-elf/10.2.0/../../../../sparc-gaisler-elf/lib/leon3/mfix-b2bst/soft/flat/libc.a(lib_a-wcrtomb.o)
 .bss           0x0000000040012d74        0x0 /home/fsw/rep/tasa/lib/bcc-2.2.3-gcc/bin/../lib/gcc/sparc-gaisler-elf/10.2.0/../../../../sparc-gaisler-elf/lib/leon3/mfix-b2bst/soft/flat/libc.a(lib_a-wctomb_r.o)
 .bss           0x0000000040012d74        0x0 /home/fsw/rep/tasa/lib/bcc-2.2.3-gcc/bin/../lib/gcc/sparc-gaisler-elf/10.2.0/../../../../sparc-gaisler-elf/lib/leon3/mfix-b2bst/soft/flat/libc.a(lib_a-ctype_.o)
 .bss           0x0000000040012d74        0x0 /home/fsw/rep/tasa/lib/bcc-2.2.3-gcc/bin/../sparc-gaisler-elf/bsp/leon3/leon3/mfix-b2bst/soft/flat/libbcc.a(_exit.S.o)
 .bss           0x0000000040012d74        0x0 /home/fsw/rep/tasa/lib/bcc-2.2.3-gcc/bin/../sparc-gaisler-elf/bsp/leon3/leon3/mfix-b2bst/soft/flat/libbcc.a(read.c.o)
 .bss           0x0000000040012d74        0x4 /home/fsw/rep/tasa/lib/bcc-2.2.3-gcc/bin/../sparc-gaisler-elf/bsp/leon3/leon3/mfix-b2bst/soft/flat/libbcc.a(sbrk.c.o)
 .bss           0x0000000040012d78        0x8 /home/fsw/rep/tasa/lib/bcc-2.2.3-gcc/bin/../sparc-gaisler-elf/bsp/leon3/leon3/mfix-b2bst/soft/flat/libbcc.a(heap.c.o)
                0x0000000040012d78                __bcc_heap_max
                0x0000000040012d7c                __bcc_heap_min
 .bss           0x0000000040012d80        0x0 /home/fsw/rep/tasa/lib/bcc-2.2.3-gcc/bin/../sparc-gaisler-elf/bsp/leon3/leon3/mfix-b2bst/soft/flat/libbcc.a(write.c.o)
 .bss           0x0000000040012d80        0x0 /home/fsw/rep/tasa/lib/bcc-2.2.3-gcc/bin/../sparc-gaisler-elf/bsp/leon3/leon3/mfix-b2bst/soft/flat/libbcc.a(stubs.S.o)
 .bss           0x0000000040012d80        0x4 /home/fsw/rep/tasa/lib/bcc-2.2.3-gcc/bin/../sparc-gaisler-elf/bsp/leon3/leon3/mfix-b2bst/soft/flat/libbcc.a(con_apbuart.c.o)
 .bss           0x0000000040012d84        0x0 /home/fsw/rep/tasa/lib/bcc-2.2.3-gcc/bin/../lib/gcc/sparc-gaisler-elf/10.2.0/leon3/mfix-b2bst/soft/flat/libgcc.a(_udivdi3.o)
 .bss           0x0000000040012d84        0x0 /home/fsw/rep/tasa/lib/bcc-2.2.3-gcc/bin/../lib/gcc/sparc-gaisler-elf/10.2.0/leon3/mfix-b2bst/soft/flat/libgcc.a(_umoddi3.o)
 .bss           0x0000000040012d84        0x0 /home/fsw/rep/tasa/lib/bcc-2.2.3-gcc/bin/../lib/gcc/sparc-gaisler-elf/10.2.0/leon3/mfix-b2bst/soft/flat/libgcc.a(_addsub_df.o)
 .bss           0x0000000040012d84        0x0 /home/fsw/rep/tasa/lib/bcc-2.2.3-gcc/bin/../lib/gcc/sparc-gaisler-elf/10.2.0/leon3/mfix-b2bst/soft/flat/libgcc.a(_mul_df.o)
 .bss           0x0000000040012d84        0x0 /home/fsw/rep/tasa/lib/bcc-2.2.3-gcc/bin/../lib/gcc/sparc-gaisler-elf/10.2.0/leon3/mfix-b2bst/soft/flat/libgcc.a(_div_df.o)
 .bss           0x0000000040012d84        0x0 /home/fsw/rep/tasa/lib/bcc-2.2.3-gcc/bin/../lib/gcc/sparc-gaisler-elf/10.2.0/leon3/mfix-b2bst/soft/flat/libgcc.a(_eq_df.o)
 .bss           0x0000000040012d84        0x0 /home/fsw/rep/tasa/lib/bcc-2.2.3-gcc/bin/../lib/gcc/sparc-gaisler-elf/10.2.0/leon3/mfix-b2bst/soft/flat/libgcc.a(_ne_df.o)
 .bss           0x0000000040012d84        0x0 /home/fsw/rep/tasa/lib/bcc-2.2.3-gcc/bin/../lib/gcc/sparc-gaisler-elf/10.2.0/leon3/mfix-b2bst/soft/flat/libgcc.a(_gt_df.o)
 .bss           0x0000000040012d84        0x0 /home/fsw/rep/tasa/lib/bcc-2.2.3-gcc/bin/../lib/gcc/sparc-gaisler-elf/10.2.0/leon3/mfix-b2bst/soft/flat/libgcc.a(_lt_df.o)
 .bss           0x0000000040012d84        0x0 /home/fsw/rep/tasa/lib/bcc-2.2.3-gcc/bin/../lib/gcc/sparc-gaisler-elf/10.2.0/leon3/mfix-b2bst/soft/flat/libgcc.a(_le_df.o)
 .bss           0x0000000040012d84        0x0 /home/fsw/rep/tasa/lib/bcc-2.2.3-gcc/bin/../lib/gcc/sparc-gaisler-elf/10.2.0/leon3/mfix-b2bst/soft/flat/libgcc.a(_unord_df.o)
 .bss           0x0000000040012d84        0x0 /home/fsw/rep/tasa/lib/bcc-2.2.3-gcc/bin/../lib/gcc/sparc-gaisler-elf/10.2.0/leon3/mfix-b2bst/soft/flat/libgcc.a(_si_to_df.o)
 .bss           0x0000000040012d84        0x0 /home/fsw/rep/tasa/lib/bcc-2.2.3-gcc/bin/../lib/gcc/sparc-gaisler-elf/10.2.0/leon3/mfix-b2bst/soft/flat/libgcc.a(_df_to_si.o)
 .bss           0x0000000040012d84        0x0 /home/fsw/rep/tasa/lib/bcc-2.2.3-gcc/bin/../lib/gcc/sparc-gaisler-elf/10.2.0/leon3/mfix-b2bst/soft/flat/libgcc.a(_thenan_df.o)
 .bss           0x0000000040012d84        0x0 /home/fsw/rep/tasa/lib/bcc-2.2.3-gcc/bin/../lib/gcc/sparc-gaisler-elf/10.2.0/leon3/mfix-b2bst/soft/flat/libgcc.a(_usi_to_df.o)
 .bss           0x0000000040012d84        0x0 /home/fsw/rep/tasa/lib/bcc-2.2.3-gcc/bin/../lib/gcc/sparc-gaisler-elf/10.2.0/leon3/mfix-b2bst/soft/flat/libgcc.a(_clz.o)
 .bss           0x0000000040012d84        0x0 /home/fsw/rep/tasa/lib/bcc-2.2.3-gcc/bin/../lib/gcc/sparc-gaisler-elf/10.2.0/leon3/mfix-b2bst/soft/flat/libgcc.a(_clzsi2.o)
 .bss           0x0000000040012d84        0x0 /home/fsw/rep/tasa/lib/bcc-2.2.3-gcc/bin/../lib/gcc/sparc-gaisler-elf/10.2.0/leon3/mfix-b2bst/soft/flat/libgcc.a(_pack_df.o)
 .bss           0x0000000040012d84        0x0 /home/fsw/rep/tasa/lib/bcc-2.2.3-gcc/bin/../lib/gcc/sparc-gaisler-elf/10.2.0/leon3/mfix-b2bst/soft/flat/libgcc.a(_unpack_df.o)
 .bss           0x0000000040012d84        0x0 /home/fsw/rep/tasa/lib/bcc-2.2.3-gcc/bin/../lib/gcc/sparc-gaisler-elf/10.2.0/leon3/mfix-b2bst/soft/flat/libgcc.a(_fpcmp_parts_df.o)
 .bss           0x0000000040012d84        0x0 /home/fsw/rep/tasa/lib/bcc-2.2.3-gcc/bin/../lib/gcc/sparc-gaisler-elf/10.2.0/leon3/mfix-b2bst/soft/flat/crtend.o
 .bss           0x0000000040012d84        0x0 /home/fsw/rep/tasa/lib/bcc-2.2.3-gcc/bin/../lib/gcc/sparc-gaisler-elf/10.2.0/leon3/mfix-b2bst/soft/flat/crtn.o
 *(COMMON)
                0x0000000040012d88                . = ALIGN (0x8)
 *fill*         0x0000000040012d84        0x4 
                0x0000000040012d88                __bss_end = .
                0x0000000040012d88                __heap_min = .
                0x0000000040012d88                . = ALIGN (0x8)

.jcr
 *(.jcr)

.stab
 *(.stab)

.stabstr
 *(.stabstr)

.debug
 *(.debug)

.line
 *(.line)

.debug_srcinfo
 *(.debug_srcinfo)

.debug_sfnames
 *(.debug_sfnames)

.debug_aranges  0x0000000000000000      0xc48
 *(.debug_aranges)
 .debug_aranges
                0x0000000000000000       0x20 /home/fsw/rep/tasa/lib/bcc-2.2.3-gcc/bin/../sparc-gaisler-elf/bsp/leon3/leon3/mfix-b2bst/soft/flat/trap_table_mvt.S.o
 .debug_aranges
                0x0000000000000020       0x20 /home/fsw/rep/tasa/lib/bcc-2.2.3-gcc/bin/../sparc-gaisler-elf/bsp/leon3/leon3/mfix-b2bst/soft/flat/crt0.S.o
 .debug_aranges
                0x0000000000000040       0x20 /tmp/ccVbgXki.o
 .debug_aranges
                0x0000000000000060       0x20 /home/fsw/rep/tasa/lib/bcc-2.2.3-gcc/bin/../sparc-gaisler-elf/bsp/leon3/leon3/mfix-b2bst/soft/flat/libbcc.a(reset_trap_mvt.S.o)
 .debug_aranges
                0x0000000000000080       0x20 /home/fsw/rep/tasa/lib/bcc-2.2.3-gcc/bin/../sparc-gaisler-elf/bsp/leon3/leon3/mfix-b2bst/soft/flat/libbcc.a(interrupt_trap_flat.S.o)
 .debug_aranges
                0x00000000000000a0       0x20 /home/fsw/rep/tasa/lib/bcc-2.2.3-gcc/bin/../sparc-gaisler-elf/bsp/leon3/leon3/mfix-b2bst/soft/flat/libbcc.a(sw_trap_set_pil.S.o)
 .debug_aranges
                0x00000000000000c0       0x18 /home/fsw/rep/tasa/lib/bcc-2.2.3-gcc/bin/../sparc-gaisler-elf/bsp/leon3/leon3/mfix-b2bst/soft/flat/libbcc.a(isr.c.o)
 .debug_aranges
                0x00000000000000d8       0x18 /home/fsw/rep/tasa/lib/bcc-2.2.3-gcc/bin/../sparc-gaisler-elf/bsp/leon3/leon3/mfix-b2bst/soft/flat/libbcc.a(int_nest.c.o)
 .debug_aranges
                0x00000000000000f0       0x20 /home/fsw/rep/tasa/lib/bcc-2.2.3-gcc/bin/../sparc-gaisler-elf/bsp/leon3/leon3/mfix-b2bst/soft/flat/libbcc.a(init.S.o)
 .debug_aranges
                0x0000000000000110       0x20 /home/fsw/rep/tasa/lib/bcc-2.2.3-gcc/bin/../sparc-gaisler-elf/bsp/leon3/leon3/mfix-b2bst/soft/flat/libbcc.a(leon_info.S.o)
 .debug_aranges
                0x0000000000000130       0x20 /home/fsw/rep/tasa/lib/bcc-2.2.3-gcc/bin/../sparc-gaisler-elf/bsp/leon3/leon3/mfix-b2bst/soft/flat/libbcc.a(dwzero.S.o)
 .debug_aranges
                0x0000000000000150       0x20 /home/fsw/rep/tasa/lib/bcc-2.2.3-gcc/bin/../sparc-gaisler-elf/bsp/leon3/leon3/mfix-b2bst/soft/flat/libbcc.a(copy_data.c.o)
 .debug_aranges
                0x0000000000000170       0x18 /home/fsw/rep/tasa/lib/bcc-2.2.3-gcc/bin/../sparc-gaisler-elf/bsp/leon3/leon3/mfix-b2bst/soft/flat/libbcc.a(argv.c.o)
 .debug_aranges
                0x0000000000000188       0x20 /home/fsw/rep/tasa/lib/bcc-2.2.3-gcc/bin/../sparc-gaisler-elf/bsp/leon3/leon3/mfix-b2bst/soft/flat/libbcc.a(int_irqmp_get_source.c.o)
 .debug_aranges
                0x00000000000001a8       0x20 /home/fsw/rep/tasa/lib/bcc-2.2.3-gcc/bin/../sparc-gaisler-elf/bsp/leon3/leon3/mfix-b2bst/soft/flat/libbcc.a(int_irqmp_mp.c.o)
 .debug_aranges
                0x00000000000001c8       0x20 /home/fsw/rep/tasa/lib/bcc-2.2.3-gcc/bin/../sparc-gaisler-elf/bsp/leon3/leon3/mfix-b2bst/soft/flat/libbcc.a(int_irqmp_init.c.o)
 .debug_aranges
                0x00000000000001e8       0x20 /home/fsw/rep/tasa/lib/bcc-2.2.3-gcc/bin/../sparc-gaisler-elf/bsp/leon3/leon3/mfix-b2bst/soft/flat/libbcc.a(con_apbuart_init.c.o)
 .debug_aranges
                0x0000000000000208       0x20 /home/fsw/rep/tasa/lib/bcc-2.2.3-gcc/bin/../sparc-gaisler-elf/bsp/leon3/leon3/mfix-b2bst/soft/flat/libbcc.a(timer_gptimer_init.c.o)
 .debug_aranges
                0x0000000000000228       0x20 /home/fsw/rep/tasa/lib/bcc-2.2.3-gcc/bin/../sparc-gaisler-elf/bsp/leon3/leon3/mfix-b2bst/soft/flat/libbcc.a(ambapp.c.o)
 .debug_aranges
                0x0000000000000248       0x20 /home/fsw/rep/tasa/lib/bcc-2.2.3-gcc/bin/../sparc-gaisler-elf/bsp/leon3/leon3/mfix-b2bst/soft/flat/libbcc.a(ambapp_findfirst_fn.c.o)
 .debug_aranges
                0x0000000000000268       0x18 /home/fsw/rep/tasa/lib/bcc-2.2.3-gcc/bin/../sparc-gaisler-elf/bsp/leon3/leon3/mfix-b2bst/soft/flat/libbcc.a(int_irqmp_handle.c.o)
 .debug_aranges
                0x0000000000000280       0x18 /home/fsw/rep/tasa/lib/bcc-2.2.3-gcc/bin/../sparc-gaisler-elf/bsp/leon3/leon3/mfix-b2bst/soft/flat/libbcc.a(con_handle.c.o)
 .debug_aranges
                0x0000000000000298       0x18 /home/fsw/rep/tasa/lib/bcc-2.2.3-gcc/bin/../sparc-gaisler-elf/bsp/leon3/leon3/mfix-b2bst/soft/flat/libbcc.a(timer_handle.c.o)
 .debug_aranges
                0x00000000000002b0       0x20 /home/fsw/rep/tasa/lib/bcc-2.2.3-gcc/bin/../lib/gcc/sparc-gaisler-elf/10.2.0/../../../../sparc-gaisler-elf/lib/leon3/mfix-b2bst/soft/flat/libc.a(lib_a-atexit.o)
 .debug_aranges
                0x00000000000002d0       0x20 /home/fsw/rep/tasa/lib/bcc-2.2.3-gcc/bin/../lib/gcc/sparc-gaisler-elf/10.2.0/../../../../sparc-gaisler-elf/lib/leon3/mfix-b2bst/soft/flat/libc.a(lib_a-exit.o)
 .debug_aranges
                0x00000000000002f0       0x18 /home/fsw/rep/tasa/lib/bcc-2.2.3-gcc/bin/../lib/gcc/sparc-gaisler-elf/10.2.0/../../../../sparc-gaisler-elf/lib/leon3/mfix-b2bst/soft/flat/libc.a(lib_a-impure.o)
 .debug_aranges
                0x0000000000000308       0x20 /home/fsw/rep/tasa/lib/bcc-2.2.3-gcc/bin/../lib/gcc/sparc-gaisler-elf/10.2.0/../../../../sparc-gaisler-elf/lib/leon3/mfix-b2bst/soft/flat/libc.a(lib_a-memcpy.o)
 .debug_aranges
                0x0000000000000328       0x20 /home/fsw/rep/tasa/lib/bcc-2.2.3-gcc/bin/../lib/gcc/sparc-gaisler-elf/10.2.0/../../../../sparc-gaisler-elf/lib/leon3/mfix-b2bst/soft/flat/libc.a(lib_a-printf.o)
 .debug_aranges
                0x0000000000000348       0x20 /home/fsw/rep/tasa/lib/bcc-2.2.3-gcc/bin/../lib/gcc/sparc-gaisler-elf/10.2.0/../../../../sparc-gaisler-elf/lib/leon3/mfix-b2bst/soft/flat/libc.a(lib_a-putchar.o)
 .debug_aranges
                0x0000000000000368       0x20 /home/fsw/rep/tasa/lib/bcc-2.2.3-gcc/bin/../lib/gcc/sparc-gaisler-elf/10.2.0/../../../../sparc-gaisler-elf/lib/leon3/mfix-b2bst/soft/flat/libc.a(lib_a-puts.o)
 .debug_aranges
                0x0000000000000388       0x20 /home/fsw/rep/tasa/lib/bcc-2.2.3-gcc/bin/../lib/gcc/sparc-gaisler-elf/10.2.0/../../../../sparc-gaisler-elf/lib/leon3/mfix-b2bst/soft/flat/libc.a(lib_a-strlen.o)
 .debug_aranges
                0x00000000000003a8       0x20 /home/fsw/rep/tasa/lib/bcc-2.2.3-gcc/bin/../lib/gcc/sparc-gaisler-elf/10.2.0/../../../../sparc-gaisler-elf/lib/leon3/mfix-b2bst/soft/flat/libc.a(lib_a-vfprintf.o)
 .debug_aranges
                0x00000000000003c8       0x20 /home/fsw/rep/tasa/lib/bcc-2.2.3-gcc/bin/../lib/gcc/sparc-gaisler-elf/10.2.0/../../../../sparc-gaisler-elf/lib/leon3/mfix-b2bst/soft/flat/libc.a(lib_a-wsetup.o)
 .debug_aranges
                0x00000000000003e8       0x20 /home/fsw/rep/tasa/lib/bcc-2.2.3-gcc/bin/../lib/gcc/sparc-gaisler-elf/10.2.0/../../../../sparc-gaisler-elf/lib/leon3/mfix-b2bst/soft/flat/libc.a(lib_a-__atexit.o)
 .debug_aranges
                0x0000000000000408       0x20 /home/fsw/rep/tasa/lib/bcc-2.2.3-gcc/bin/../lib/gcc/sparc-gaisler-elf/10.2.0/../../../../sparc-gaisler-elf/lib/leon3/mfix-b2bst/soft/flat/libc.a(lib_a-__call_atexit.o)
 .debug_aranges
                0x0000000000000428       0x20 /home/fsw/rep/tasa/lib/bcc-2.2.3-gcc/bin/../lib/gcc/sparc-gaisler-elf/10.2.0/../../../../sparc-gaisler-elf/lib/leon3/mfix-b2bst/soft/flat/libc.a(lib_a-dtoa.o)
 .debug_aranges
                0x0000000000000448       0x20 /home/fsw/rep/tasa/lib/bcc-2.2.3-gcc/bin/../lib/gcc/sparc-gaisler-elf/10.2.0/../../../../sparc-gaisler-elf/lib/leon3/mfix-b2bst/soft/flat/libc.a(lib_a-fflush.o)
 .debug_aranges
                0x0000000000000468       0x20 /home/fsw/rep/tasa/lib/bcc-2.2.3-gcc/bin/../lib/gcc/sparc-gaisler-elf/10.2.0/../../../../sparc-gaisler-elf/lib/leon3/mfix-b2bst/soft/flat/libc.a(lib_a-findfp.o)
 .debug_aranges
                0x0000000000000488       0x20 /home/fsw/rep/tasa/lib/bcc-2.2.3-gcc/bin/../lib/gcc/sparc-gaisler-elf/10.2.0/../../../../sparc-gaisler-elf/lib/leon3/mfix-b2bst/soft/flat/libc.a(lib_a-freer.o)
 .debug_aranges
                0x00000000000004a8       0x20 /home/fsw/rep/tasa/lib/bcc-2.2.3-gcc/bin/../lib/gcc/sparc-gaisler-elf/10.2.0/../../../../sparc-gaisler-elf/lib/leon3/mfix-b2bst/soft/flat/libc.a(lib_a-fvwrite.o)
 .debug_aranges
                0x00000000000004c8       0x20 /home/fsw/rep/tasa/lib/bcc-2.2.3-gcc/bin/../lib/gcc/sparc-gaisler-elf/10.2.0/../../../../sparc-gaisler-elf/lib/leon3/mfix-b2bst/soft/flat/libc.a(lib_a-fwalk.o)
 .debug_aranges
                0x00000000000004e8       0x20 /home/fsw/rep/tasa/lib/bcc-2.2.3-gcc/bin/../lib/gcc/sparc-gaisler-elf/10.2.0/../../../../sparc-gaisler-elf/lib/leon3/mfix-b2bst/soft/flat/libc.a(lib_a-localeconv.o)
 .debug_aranges
                0x0000000000000508       0x20 /home/fsw/rep/tasa/lib/bcc-2.2.3-gcc/bin/../lib/gcc/sparc-gaisler-elf/10.2.0/../../../../sparc-gaisler-elf/lib/leon3/mfix-b2bst/soft/flat/libc.a(lib_a-makebuf.o)
 .debug_aranges
                0x0000000000000528       0x20 /home/fsw/rep/tasa/lib/bcc-2.2.3-gcc/bin/../lib/gcc/sparc-gaisler-elf/10.2.0/../../../../sparc-gaisler-elf/lib/leon3/mfix-b2bst/soft/flat/libc.a(lib_a-malloc.o)
 .debug_aranges
                0x0000000000000548       0x20 /home/fsw/rep/tasa/lib/bcc-2.2.3-gcc/bin/../lib/gcc/sparc-gaisler-elf/10.2.0/../../../../sparc-gaisler-elf/lib/leon3/mfix-b2bst/soft/flat/libc.a(lib_a-mallocr.o)
 .debug_aranges
                0x0000000000000568       0x20 /home/fsw/rep/tasa/lib/bcc-2.2.3-gcc/bin/../lib/gcc/sparc-gaisler-elf/10.2.0/../../../../sparc-gaisler-elf/lib/leon3/mfix-b2bst/soft/flat/libc.a(lib_a-memchr.o)
 .debug_aranges
                0x0000000000000588       0x20 /home/fsw/rep/tasa/lib/bcc-2.2.3-gcc/bin/../lib/gcc/sparc-gaisler-elf/10.2.0/../../../../sparc-gaisler-elf/lib/leon3/mfix-b2bst/soft/flat/libc.a(lib_a-memmove.o)
 .debug_aranges
                0x00000000000005a8       0x20 /home/fsw/rep/tasa/lib/bcc-2.2.3-gcc/bin/../lib/gcc/sparc-gaisler-elf/10.2.0/../../../../sparc-gaisler-elf/lib/leon3/mfix-b2bst/soft/flat/libc.a(lib_a-memset.o)
 .debug_aranges
                0x00000000000005c8       0x20 /home/fsw/rep/tasa/lib/bcc-2.2.3-gcc/bin/../lib/gcc/sparc-gaisler-elf/10.2.0/../../../../sparc-gaisler-elf/lib/leon3/mfix-b2bst/soft/flat/libc.a(lib_a-mlock.o)
 .debug_aranges
                0x00000000000005e8       0x20 /home/fsw/rep/tasa/lib/bcc-2.2.3-gcc/bin/../lib/gcc/sparc-gaisler-elf/10.2.0/../../../../sparc-gaisler-elf/lib/leon3/mfix-b2bst/soft/flat/libc.a(lib_a-mprec.o)
 .debug_aranges
                0x0000000000000608       0x20 /home/fsw/rep/tasa/lib/bcc-2.2.3-gcc/bin/../lib/gcc/sparc-gaisler-elf/10.2.0/../../../../sparc-gaisler-elf/lib/leon3/mfix-b2bst/soft/flat/libc.a(lib_a-putc.o)