Archive member included to satisfy reference by file (symbol)

/home/fsw/rep/tasa/lib/bcc-2.2.3-gcc/bin/../sparc-gaisler-elf/bsp/leon3/leon3v7/mfix-b2bst/soft/libbcc.a(reset_trap_mvt.S.o)
                              /home/fsw/rep/tasa/lib/bcc-2.2.3-gcc/bin/../sparc-gaisler-elf/bsp/leon3/leon3v7/mfix-b2bst/soft/trap_table_mvt.S.o (__bcc_trap_reset_mvt)
/home/fsw/rep/tasa/lib/bcc-2.2.3-gcc/bin/../sparc-gaisler-elf/bsp/leon3/leon3v7/mfix-b2bst/soft/libbcc.a(window_trap.S.o)
                              /home/fsw/rep/tasa/lib/bcc-2.2.3-gcc/bin/../sparc-gaisler-elf/bsp/leon3/leon3v7/mfix-b2bst/soft/trap_table_mvt.S.o (__bcc_trap_window_overflow)
/home/fsw/rep/tasa/lib/bcc-2.2.3-gcc/bin/../sparc-gaisler-elf/bsp/leon3/leon3v7/mfix-b2bst/soft/libbcc.a(interrupt_trap.S.o)
                              /home/fsw/rep/tasa/lib/bcc-2.2.3-gcc/bin/../sparc-gaisler-elf/bsp/leon3/leon3v7/mfix-b2bst/soft/trap_table_mvt.S.o (__bcc_trap_interrupt)
/home/fsw/rep/tasa/lib/bcc-2.2.3-gcc/bin/../sparc-gaisler-elf/bsp/leon3/leon3v7/mfix-b2bst/soft/libbcc.a(flush_windows_trap.S.o)
                              /home/fsw/rep/tasa/lib/bcc-2.2.3-gcc/bin/../sparc-gaisler-elf/bsp/leon3/leon3v7/mfix-b2bst/soft/trap_table_mvt.S.o (__bcc_trap_flush_windows)
/home/fsw/rep/tasa/lib/bcc-2.2.3-gcc/bin/../sparc-gaisler-elf/bsp/leon3/leon3v7/mfix-b2bst/soft/libbcc.a(sw_trap_set_pil.S.o)
                              /home/fsw/rep/tasa/lib/bcc-2.2.3-gcc/bin/../sparc-gaisler-elf/bsp/leon3/leon3v7/mfix-b2bst/soft/trap_table_mvt.S.o (__bcc_trap_sw_set_pil)
/home/fsw/rep/tasa/lib/bcc-2.2.3-gcc/bin/../sparc-gaisler-elf/bsp/leon3/leon3v7/mfix-b2bst/soft/libbcc.a(isr.c.o)
                              /home/fsw/rep/tasa/lib/bcc-2.2.3-gcc/bin/../sparc-gaisler-elf/bsp/leon3/leon3v7/mfix-b2bst/soft/libbcc.a(interrupt_trap.S.o) (__bcc_isr_list)
/home/fsw/rep/tasa/lib/bcc-2.2.3-gcc/bin/../sparc-gaisler-elf/bsp/leon3/leon3v7/mfix-b2bst/soft/libbcc.a(int_nest.c.o)
                              /home/fsw/rep/tasa/lib/bcc-2.2.3-gcc/bin/../sparc-gaisler-elf/bsp/leon3/leon3v7/mfix-b2bst/soft/libbcc.a(interrupt_trap.S.o) (__bcc_int_nest)
/home/fsw/rep/tasa/lib/bcc-2.2.3-gcc/bin/../sparc-gaisler-elf/bsp/leon3/leon3v7/mfix-b2bst/soft/libbcc.a(init.S.o)
                              /home/fsw/rep/tasa/lib/bcc-2.2.3-gcc/bin/../sparc-gaisler-elf/bsp/leon3/leon3v7/mfix-b2bst/soft/libbcc.a(reset_trap_mvt.S.o) (__bcc_init40)
/home/fsw/rep/tasa/lib/bcc-2.2.3-gcc/bin/../sparc-gaisler-elf/bsp/leon3/leon3v7/mfix-b2bst/soft/libbcc.a(leon_info.S.o)
                              /home/fsw/rep/tasa/lib/bcc-2.2.3-gcc/bin/../sparc-gaisler-elf/bsp/leon3/leon3v7/mfix-b2bst/soft/crt0.S.o (__bcc_get_leon_info)
/home/fsw/rep/tasa/lib/bcc-2.2.3-gcc/bin/../sparc-gaisler-elf/bsp/leon3/leon3v7/mfix-b2bst/soft/libbcc.a(dwzero.S.o)
                              /home/fsw/rep/tasa/lib/bcc-2.2.3-gcc/bin/../sparc-gaisler-elf/bsp/leon3/leon3v7/mfix-b2bst/soft/crt0.S.o (bcc_dwzero)
/home/fsw/rep/tasa/lib/bcc-2.2.3-gcc/bin/../sparc-gaisler-elf/bsp/leon3/leon3v7/mfix-b2bst/soft/libbcc.a(copy_data.c.o)
                              /home/fsw/rep/tasa/lib/bcc-2.2.3-gcc/bin/../sparc-gaisler-elf/bsp/leon3/leon3v7/mfix-b2bst/soft/crt0.S.o (__bcc_copy_data)
/home/fsw/rep/tasa/lib/bcc-2.2.3-gcc/bin/../sparc-gaisler-elf/bsp/leon3/leon3v7/mfix-b2bst/soft/libbcc.a(argv.c.o)
                              /home/fsw/rep/tasa/lib/bcc-2.2.3-gcc/bin/../sparc-gaisler-elf/bsp/leon3/leon3v7/mfix-b2bst/soft/crt0.S.o (__bcc_argvp)
/home/fsw/rep/tasa/lib/bcc-2.2.3-gcc/bin/../sparc-gaisler-elf/bsp/leon3/leon3v7/mfix-b2bst/soft/libbcc.a(int_irqmp_get_source.c.o)
                              /home/fsw/rep/tasa/lib/bcc-2.2.3-gcc/bin/../sparc-gaisler-elf/bsp/leon3/leon3v7/mfix-b2bst/soft/libbcc.a(interrupt_trap.S.o) (__bcc_int_get_source)
/home/fsw/rep/tasa/lib/bcc-2.2.3-gcc/bin/../sparc-gaisler-elf/bsp/leon3/leon3v7/mfix-b2bst/soft/libbcc.a(int_irqmp_mp.c.o)
                              /tmp/ccerdz8l.o (bcc_get_cpu_count)
/home/fsw/rep/tasa/lib/bcc-2.2.3-gcc/bin/../sparc-gaisler-elf/bsp/leon3/leon3v7/mfix-b2bst/soft/libbcc.a(int_irqmp_init.c.o)
                              /home/fsw/rep/tasa/lib/bcc-2.2.3-gcc/bin/../sparc-gaisler-elf/bsp/leon3/leon3v7/mfix-b2bst/soft/crt0.S.o (__bcc_int_init)
/home/fsw/rep/tasa/lib/bcc-2.2.3-gcc/bin/../sparc-gaisler-elf/bsp/leon3/leon3v7/mfix-b2bst/soft/libbcc.a(con_apbuart_init.c.o)
                              /home/fsw/rep/tasa/lib/bcc-2.2.3-gcc/bin/../sparc-gaisler-elf/bsp/leon3/leon3v7/mfix-b2bst/soft/crt0.S.o (__bcc_con_init)
/home/fsw/rep/tasa/lib/bcc-2.2.3-gcc/bin/../sparc-gaisler-elf/bsp/leon3/leon3v7/mfix-b2bst/soft/libbcc.a(timer_gptimer_init.c.o)
                              /home/fsw/rep/tasa/lib/bcc-2.2.3-gcc/bin/../sparc-gaisler-elf/bsp/leon3/leon3v7/mfix-b2bst/soft/crt0.S.o (__bcc_timer_init)
/home/fsw/rep/tasa/lib/bcc-2.2.3-gcc/bin/../sparc-gaisler-elf/bsp/leon3/leon3v7/mfix-b2bst/soft/libbcc.a(ambapp.c.o)
[...]
Memory Configuration

Name             Origin             Length             Attributes
rom              0x0000000000000000 0x0000000020000000
ram              0x0000000040000000 0x0000000040000000
*default*        0x0000000000000000 0xffffffffffffffff

Linker script and memory map

LOAD /home/fsw/rep/tasa/lib/bcc-2.2.3-gcc/bin/../sparc-gaisler-elf/bsp/leon3/leon3v7/mfix-b2bst/soft/trap_table_mvt.S.o
LOAD /home/fsw/rep/tasa/lib/bcc-2.2.3-gcc/bin/../sparc-gaisler-elf/bsp/leon3/leon3v7/mfix-b2bst/soft/crt0.S.o
LOAD /home/fsw/rep/tasa/lib/bcc-2.2.3-gcc/bin/../lib/gcc/sparc-gaisler-elf/10.2.0/leon3v7/mfix-b2bst/soft/crti.o
LOAD /home/fsw/rep/tasa/lib/bcc-2.2.3-gcc/bin/../lib/gcc/sparc-gaisler-elf/10.2.0/leon3v7/mfix-b2bst/soft/crtbegin.o
LOAD /tmp/ccerdz8l.o
                0x0000000000000000                PROVIDE (__bcc_cfg_skip_clear_bss = 0x0)

.text           0x0000000040000000    0x114e0
 CREATE_OBJECT_SYMBOLS
                0x0000000040000000                __text_start = .
                0x0000000040000000                . = ALIGN (0x1000)
 *(.text.traptable)
 .text.traptable
                0x0000000040000000     0x1000 /home/fsw/rep/tasa/lib/bcc-2.2.3-gcc/bin/../sparc-gaisler-elf/bsp/leon3/leon3v7/mfix-b2bst/soft/trap_table_mvt.S.o
                0x0000000040000000                __bcc_trap_table
                0x0000000040000000                __bcc_entry_point
 *(.text .text.*)
 .text          0x0000000040001000        0x0 /home/fsw/rep/tasa/lib/bcc-2.2.3-gcc/bin/../sparc-gaisler-elf/bsp/leon3/leon3v7/mfix-b2bst/soft/trap_table_mvt.S.o
 .text          0x0000000040001000       0xc8 /home/fsw/rep/tasa/lib/bcc-2.2.3-gcc/bin/../sparc-gaisler-elf/bsp/leon3/leon3v7/mfix-b2bst/soft/crt0.S.o
                0x0000000040001000                __bcc_crt0
 .text          0x00000000400010c8        0x0 /home/fsw/rep/tasa/lib/bcc-2.2.3-gcc/bin/../lib/gcc/sparc-gaisler-elf/10.2.0/leon3v7/mfix-b2bst/soft/crti.o
 .text          0x00000000400010c8      0x184 /home/fsw/rep/tasa/lib/bcc-2.2.3-gcc/bin/../lib/gcc/sparc-gaisler-elf/10.2.0/leon3v7/mfix-b2bst/soft/crtbegin.o
 .text          0x000000004000124c        0x0 /tmp/ccerdz8l.o
 .text.startup  0x000000004000124c      0x14c /tmp/ccerdz8l.o
                0x000000004000124c                main
 .text          0x0000000040001398       0x90 /home/fsw/rep/tasa/lib/bcc-2.2.3-gcc/bin/../sparc-gaisler-elf/bsp/leon3/leon3v7/mfix-b2bst/soft/libbcc.a(reset_trap_mvt.S.o)
                0x0000000040001398                __bcc_trap_reset_mvt
 .text          0x0000000040001428       0xb0 /home/fsw/rep/tasa/lib/bcc-2.2.3-gcc/bin/../sparc-gaisler-elf/bsp/leon3/leon3v7/mfix-b2bst/soft/libbcc.a(window_trap.S.o)
                0x0000000040001428                __bcc_trap_window_overflow
                0x0000000040001478                __bcc_trap_window_underflow
 .text          0x00000000400014d8      0x1c8 /home/fsw/rep/tasa/lib/bcc-2.2.3-gcc/bin/../sparc-gaisler-elf/bsp/leon3/leon3v7/mfix-b2bst/soft/libbcc.a(interrupt_trap.S.o)
                0x00000000400014d8                __bcc_trap_interrupt_svt
                0x00000000400014dc                __bcc_trap_interrupt
 .text          0x00000000400016a0       0x8c /home/fsw/rep/tasa/lib/bcc-2.2.3-gcc/bin/../sparc-gaisler-elf/bsp/leon3/leon3v7/mfix-b2bst/soft/libbcc.a(flush_windows_trap.S.o)
                0x00000000400016a0                __bcc_trap_flush_windows
 .text          0x000000004000172c       0x2c /home/fsw/rep/tasa/lib/bcc-2.2.3-gcc/bin/../sparc-gaisler-elf/bsp/leon3/leon3v7/mfix-b2bst/soft/libbcc.a(sw_trap_set_pil.S.o)
                0x000000004000172c                __bcc_trap_sw_set_pil
 .text          0x0000000040001758        0x0 /home/fsw/rep/tasa/lib/bcc-2.2.3-gcc/bin/../sparc-gaisler-elf/bsp/leon3/leon3v7/mfix-b2bst/soft/libbcc.a(isr.c.o)
 .text          0x0000000040001758        0x0 /home/fsw/rep/tasa/lib/bcc-2.2.3-gcc/bin/../sparc-gaisler-elf/bsp/leon3/leon3v7/mfix-b2bst/soft/libbcc.a(int_nest.c.o)
 .text          0x0000000040001758        0x8 /home/fsw/rep/tasa/lib/bcc-2.2.3-gcc/bin/../sparc-gaisler-elf/bsp/leon3/leon3v7/mfix-b2bst/soft/libbcc.a(init.S.o)
                0x0000000040001758                __bcc_init50
                0x0000000040001758                __bcc_init40
                0x0000000040001758                __bcc_init70
                0x0000000040001758                __bcc_init60
 .text          0x0000000040001760       0x98 /home/fsw/rep/tasa/lib/bcc-2.2.3-gcc/bin/../sparc-gaisler-elf/bsp/leon3/leon3v7/mfix-b2bst/soft/libbcc.a(leon_info.S.o)
                0x0000000040001760                __bcc_get_leon_info
                0x00000000400017e8                bcc_get_cpuid
 .text          0x00000000400017f8       0x2c /home/fsw/rep/tasa/lib/bcc-2.2.3-gcc/bin/../sparc-gaisler-elf/bsp/leon3/leon3v7/mfix-b2bst/soft/libbcc.a(dwzero.S.o)
                0x00000000400017f8                bcc_dwzero
 .text          0x0000000040001824       0x5c /home/fsw/rep/tasa/lib/bcc-2.2.3-gcc/bin/../sparc-gaisler-elf/bsp/leon3/leon3v7/mfix-b2bst/soft/libbcc.a(copy_data.c.o)
                0x0000000040001824                __bcc_copy_data
 .text          0x0000000040001880        0x0 /home/fsw/rep/tasa/lib/bcc-2.2.3-gcc/bin/../sparc-gaisler-elf/bsp/leon3/leon3v7/mfix-b2bst/soft/libbcc.a(argv.c.o)
 .text          0x0000000040001880       0x48 /home/fsw/rep/tasa/lib/bcc-2.2.3-gcc/bin/../sparc-gaisler-elf/bsp/leon3/leon3v7/mfix-b2bst/soft/libbcc.a(int_irqmp_get_source.c.o)
                0x0000000040001880                __bcc_int_get_source
 .text          0x00000000400018c8       0x9c /home/fsw/rep/tasa/lib/bcc-2.2.3-gcc/bin/../sparc-gaisler-elf/bsp/leon3/leon3v7/mfix-b2bst/soft/libbcc.a(int_irqmp_mp.c.o)
                0x00000000400018c8                bcc_send_interrupt
                0x0000000040001904                bcc_get_cpu_count
                0x0000000040001930                bcc_start_processor
 .text          0x0000000040001964      0x1c0 /home/fsw/rep/tasa/lib/bcc-2.2.3-gcc/bin/../sparc-gaisler-elf/bsp/leon3/leon3v7/mfix-b2bst/soft/libbcc.a(int_irqmp_init.c.o)
                0x0000000040001964                __bcc_int_init
 .text          0x0000000040001b24       0x50 /home/fsw/rep/tasa/lib/bcc-2.2.3-gcc/bin/../sparc-gaisler-elf/bsp/leon3/leon3v7/mfix-b2bst/soft/libbcc.a(con_apbuart_init.c.o)
                0x0000000040001b24                __bcc_con_init
 .text          0x0000000040001b74       0x6c /home/fsw/rep/tasa/lib/bcc-2.2.3-gcc/bin/../sparc-gaisler-elf/bsp/leon3/leon3v7/mfix-b2bst/soft/libbcc.a(timer_gptimer_init.c.o)
                0x0000000040001b74                __bcc_timer_init
 .text          0x0000000040001be0      0x744 /home/fsw/rep/tasa/lib/bcc-2.2.3-gcc/bin/../sparc-gaisler-elf/bsp/leon3/leon3v7/mfix-b2bst/soft/libbcc.a(ambapp.c.o)
                0x0000000040001be0                ambapp_get_ahbinfo
                0x0000000040002264                ambapp_get_apbinfo
                0x00000000400022ec                ambapp_visit
 .text          0x0000000040002324       0x74 /home/fsw/rep/tasa/lib/bcc-2.2.3-gcc/bin/../sparc-gaisler-elf/bsp/leon3/leon3v7/mfix-b2bst/soft/libbcc.a(ambapp_findfirst_fn.c.o)
                0x0000000040002324                ambapp_findfirst_fn
 .text          0x0000000040002398        0x0 /home/fsw/rep/tasa/lib/bcc-2.2.3-gcc/bin/../sparc-gaisler-elf/bsp/leon3/leon3v7/mfix-b2bst/soft/libbcc.a(int_irqmp_handle.c.o)
 .text          0x0000000040002398        0x0 /home/fsw/rep/tasa/lib/bcc-2.2.3-gcc/bin/../sparc-gaisler-elf/bsp/leon3/leon3v7/mfix-b2bst/soft/libbcc.a(con_handle.c.o)
 .text          0x0000000040002398        0x0 /home/fsw/rep/tasa/lib/bcc-2.2.3-gcc/bin/../sparc-gaisler-elf/bsp/leon3/leon3v7/mfix-b2bst/soft/libbcc.a(timer_handle.c.o)
 .text          0x0000000040002398       0x1c /home/fsw/rep/tasa/lib/bcc-2.2.3-gcc/bin/../lib/gcc/sparc-gaisler-elf/10.2.0/../../../../sparc-gaisler-elf/lib/leon3v7/mfix-b2bst/soft/libc.a(lib_a-atexit.o)
                0x0000000040002398                atexit
 .text          0x00000000400023b4       0x3c /home/fsw/rep/tasa/lib/bcc-2.2.3-gcc/bin/../lib/gcc/sparc-gaisler-elf/10.2.0/../../../../sparc-gaisler-elf/lib/leon3v7/mfix-b2bst/soft/libc.a(lib_a-exit.o)
                0x00000000400023b4                exit
 .text          0x00000000400023f0        0x0 /home/fsw/rep/tasa/lib/bcc-2.2.3-gcc/bin/../lib/gcc/sparc-gaisler-elf/10.2.0/../../../../sparc-gaisler-elf/lib/leon3v7/mfix-b2bst/soft/libc.a(lib_a-impure.o)
 .text          0x00000000400023f0      0x1bc /home/fsw/rep/tasa/lib/bcc-2.2.3-gcc/bin/../lib/gcc/sparc-gaisler-elf/10.2.0/../../../../sparc-gaisler-elf/lib/leon3v7/mfix-b2bst/soft/libc.a(lib_a-memcpy.o)
                0x00000000400023f0                memcpy
 .text          0x00000000400025ac      0x104 /home/fsw/rep/tasa/lib/bcc-2.2.3-gcc/bin/../lib/gcc/sparc-gaisler-elf/10.2.0/../../../../sparc-gaisler-elf/lib/leon3v7/mfix-b2bst/soft/libc.a(lib_a-printf.o)
                0x00000000400025ac                _printf_r
                0x0000000040002628                printf
 .text          0x00000000400026b0       0x88 /home/fsw/rep/tasa/lib/bcc-2.2.3-gcc/bin/../lib/gcc/sparc-gaisler-elf/10.2.0/../../../../sparc-gaisler-elf/lib/leon3v7/mfix-b2bst/soft/libc.a(lib_a-putchar.o)
                0x00000000400026b0                _putchar_r
                0x00000000400026f0                putchar
 .text          0x0000000040002738      0x270 /home/fsw/rep/tasa/lib/bcc-2.2.3-gcc/bin/../lib/gcc/sparc-gaisler-elf/10.2.0/../../../../sparc-gaisler-elf/lib/leon3v7/mfix-b2bst/soft/libc.a(lib_a-puts.o)
                0x0000000040002738                _puts_r
                0x000000004000286c                puts
 .text          0x00000000400029a8       0xa8 /home/fsw/rep/tasa/lib/bcc-2.2.3-gcc/bin/../lib/gcc/sparc-gaisler-elf/10.2.0/../../../../sparc-gaisler-elf/lib/leon3v7/mfix-b2bst/soft/libc.a(lib_a-strlen.o)
                0x00000000400029a8                strlen
 .text          0x0000000040002a50     0x301c /home/fsw/rep/tasa/lib/bcc-2.2.3-gcc/bin/../lib/gcc/sparc-gaisler-elf/10.2.0/../../../../sparc-gaisler-elf/lib/leon3v7/mfix-b2bst/soft/libc.a(lib_a-vfprintf.o)
                0x0000000040002bbc                _vfprintf_r
                0x0000000040005990                vfprintf
 .text          0x0000000040005a6c      0x1cc /home/fsw/rep/tasa/lib/bcc-2.2.3-gcc/bin/../lib/gcc/sparc-gaisler-elf/10.2.0/../../../../sparc-gaisler-elf/lib/leon3v7/mfix-b2bst/soft/libc.a(lib_a-wsetup.o)
                0x0000000040005a6c                __swsetup_r
 .text          0x0000000040005c38      0x170 /home/fsw/rep/tasa/lib/bcc-2.2.3-gcc/bin/../lib/gcc/sparc-gaisler-elf/10.2.0/../../../../sparc-gaisler-elf/lib/leon3v7/mfix-b2bst/soft/libc.a(lib_a-__atexit.o)
                0x0000000040005c38                __register_exitproc
 .text          0x0000000040005da8      0x2bc /home/fsw/rep/tasa/lib/bcc-2.2.3-gcc/bin/../lib/gcc/sparc-gaisler-elf/10.2.0/../../../../sparc-gaisler-elf/lib/leon3v7/mfix-b2bst/soft/libc.a(lib_a-__call_atexit.o)
                0x0000000040005da8                __call_exitprocs
 .text          0x0000000040006064     0x1944 /home/fsw/rep/tasa/lib/bcc-2.2.3-gcc/bin/../lib/gcc/sparc-gaisler-elf/10.2.0/../../../../sparc-gaisler-elf/lib/leon3v7/mfix-b2bst/soft/libc.a(lib_a-dtoa.o)
                0x0000000040006264                _dtoa_r
 .text          0x00000000400079a8      0x3f0 /home/fsw/rep/tasa/lib/bcc-2.2.3-gcc/bin/../lib/gcc/sparc-gaisler-elf/10.2.0/../../../../sparc-gaisler-elf/lib/leon3v7/mfix-b2bst/soft/libc.a(lib_a-fflush.o)
                0x00000000400079a8                __sflush_r
                0x0000000040007c18                _fflush_r
                0x0000000040007cb8                fflush
 .text          0x0000000040007d98      0x3a4 /home/fsw/rep/tasa/lib/bcc-2.2.3-gcc/bin/../lib/gcc/sparc-gaisler-elf/10.2.0/../../../../sparc-gaisler-elf/lib/leon3v7/mfix-b2bst/soft/libc.a(lib_a-findfp.o)
                0x0000000040007d98                _cleanup_r
                0x0000000040007dac                __sfmoreglue
                0x0000000040007e04                __sfp
                0x00000000400080fc                _cleanup
                0x0000000040008118                __sinit
 .text          0x000000004000813c      0x424 /home/fsw/rep/tasa/lib/bcc-2.2.3-gcc/bin/../lib/gcc/sparc-gaisler-elf/10.2.0/../../../../sparc-gaisler-elf/lib/leon3v7/mfix-b2bst/soft/libc.a(lib_a-freer.o)
                0x000000004000813c                _malloc_trim_r
                0x0000000040008230                _free_r
 .text          0x0000000040008560      0x504 /home/fsw/rep/tasa/lib/bcc-2.2.3-gcc/bin/../lib/gcc/sparc-gaisler-elf/10.2.0/../../../../sparc-gaisler-elf/lib/leon3v7/mfix-b2bst/soft/libc.a(lib_a-fvwrite.o)
                0x0000000040008560                __sfvwrite_r
 .text          0x0000000040008a64       0xe0 /home/fsw/rep/tasa/lib/bcc-2.2.3-gcc/bin/../lib/gcc/sparc-gaisler-elf/10.2.0/../../../../sparc-gaisler-elf/lib/leon3v7/mfix-b2bst/soft/libc.a(lib_a-fwalk.o)
                0x0000000040008a64                _fwalk
                0x0000000040008ad4                _fwalk_reent
 .text          0x0000000040008b44       0x60 /home/fsw/rep/tasa/lib/bcc-2.2.3-gcc/bin/../lib/gcc/sparc-gaisler-elf/10.2.0/../../../../sparc-gaisler-elf/lib/leon3v7/mfix-b2bst/soft/libc.a(lib_a-localeconv.o)
                0x0000000040008b44                __localeconv_l
                0x0000000040008b4c                _localeconv_r
                0x0000000040008b78                localeconv
 .text          0x0000000040008ba4      0x1f8 /home/fsw/rep/tasa/lib/bcc-2.2.3-gcc/bin/../lib/gcc/sparc-gaisler-elf/10.2.0/../../../../sparc-gaisler-elf/lib/leon3v7/mfix-b2bst/soft/libc.a(lib_a-makebuf.o)
                0x0000000040008ba4                __smakebuf_r
                0x0000000040008d14                __swhatbuf_r
 .text          0x0000000040008d9c       0x30 /home/fsw/rep/tasa/lib/bcc-2.2.3-gcc/bin/../lib/gcc/sparc-gaisler-elf/10.2.0/../../../../sparc-gaisler-elf/lib/leon3v7/mfix-b2bst/soft/libc.a(lib_a-malloc.o)
                0x0000000040008d9c                malloc
                0x0000000040008db4                free
 .text          0x0000000040008dcc      0x82c /home/fsw/rep/tasa/lib/bcc-2.2.3-gcc/bin/../lib/gcc/sparc-gaisler-elf/10.2.0/../../../../sparc-gaisler-elf/lib/leon3v7/mfix-b2bst/soft/libc.a(lib_a-mallocr.o)
                0x0000000040008dcc                _malloc_r
 .text          0x00000000400095f8       0xf8 /home/fsw/rep/tasa/lib/bcc-2.2.3-gcc/bin/../lib/gcc/sparc-gaisler-elf/10.2.0/../../../../sparc-gaisler-elf/lib/leon3v7/mfix-b2bst/soft/libc.a(lib_a-memchr.o)
                0x00000000400095f8                memchr
 .text          0x00000000400096f0      0x210 /home/fsw/rep/tasa/lib/bcc-2.2.3-gcc/bin/../lib/gcc/sparc-gaisler-elf/10.2.0/../../../../sparc-gaisler-elf/lib/leon3v7/mfix-b2bst/soft/libc.a(lib_a-memmove.o)
                0x00000000400096f0                memmove
 .text          0x0000000040009900      0x134 /home/fsw/rep/tasa/lib/bcc-2.2.3-gcc/bin/../lib/gcc/sparc-gaisler-elf/10.2.0/../../../../sparc-gaisler-elf/lib/leon3v7/mfix-b2bst/soft/libc.a(lib_a-memset.o)
                0x0000000040009900                memset
 .text          0x0000000040009a34       0x10 /home/fsw/rep/tasa/lib/bcc-2.2.3-gcc/bin/../lib/gcc/sparc-gaisler-elf/10.2.0/../../../../sparc-gaisler-elf/lib/leon3v7/mfix-b2bst/soft/libc.a(lib_a-mlock.o)
                0x0000000040009a34                __malloc_lock
                0x0000000040009a3c                __malloc_unlock
 .text          0x0000000040009a44     0x1720 /home/fsw/rep/tasa/lib/bcc-2.2.3-gcc/bin/../lib/gcc/sparc-gaisler-elf/10.2.0/../../../../sparc-gaisler-elf/lib/leon3v7/mfix-b2bst/soft/libc.a(lib_a-mprec.o)
                0x0000000040009a44                _Balloc
                0x0000000040009b18                _Bfree
                0x0000000040009b7c                __multadd
                0x0000000040009c9c                __s2b
                0x0000000040009d74                __hi0bits
                0x0000000040009e04                __lo0bits
                0x0000000040009ee0                __i2b
                0x0000000040009fd0                __multiply
                0x000000004000a230                __pow5mult
                0x000000004000a3c8                __lshift
                0x000000004000a594                __mcmp
                0x000000004000a5fc                __mdiff
                0x000000004000a81c                __ulp
                0x000000004000a884                __b2d
                0x000000004000aa18                __d2b
                0x000000004000adf4                __ratio
                0x000000004000affc                _mprec_log10
                0x000000004000b05c                __copybits
                0x000000004000b0e0                __any_on
 .text          0x000000004000b164      0x1d0 /home/fsw/rep/tasa/lib/bcc-2.2.3-gcc/bin/../lib/gcc/sparc-gaisler-elf/10.2.0/../../../../sparc-gaisler-elf/lib/leon3v7/mfix-b2bst/soft/libc.a(lib_a-putc.o)
                0x000000004000b164                _putc_r
                0x000000004000b244                putc
 .text          0x000000004000b334      0x548 /home/fsw/rep/tasa/lib/bcc-2.2.3-gcc/bin/../lib/gcc/sparc-gaisler-elf/10.2.0/../../../../sparc-gaisler-elf/lib/leon3v7/mfix-b2bst/soft/libc.a(lib_a-reallocr.o)
                0x000000004000b334                _realloc_r
 .text          0x000000004000b87c       0x90 /home/fsw/rep/tasa/lib/bcc-2.2.3-gcc/bin/../lib/gcc/sparc-gaisler-elf/10.2.0/../../../../sparc-gaisler-elf/lib/leon3v7/mfix-b2bst/soft/libc.a(lib_a-s_frexp.o)
                0x000000004000b87c                frexp
 .text          0x000000004000b90c       0x40 /home/fsw/rep/tasa/lib/bcc-2.2.3-gcc/bin/../lib/gcc/sparc-gaisler-elf/10.2.0/../../../../sparc-gaisler-elf/lib/leon3v7/mfix-b2bst/soft/libc.a(lib_a-sbrkr.o)
                0x000000004000b90c                _sbrk_r
 .text          0x000000004000b94c      0x118 /home/fsw/rep/tasa/lib/bcc-2.2.3-gcc/bin/../lib/gcc/sparc-gaisler-elf/10.2.0/../../../../sparc-gaisler-elf/lib/leon3v7/mfix-b2bst/soft/libc.a(lib_a-stdio.o)
                0x000000004000b94c                __sread
                0x000000004000b998                __seofread
                0x000000004000b9a0                __swrite
                0x000000004000b9fc                __sseek
                0x000000004000ba54                __sclose
 .text          0x000000004000ba64      0x1c0 /home/fsw/rep/tasa/lib/bcc-2.2.3-gcc/bin/../lib/gcc/sparc-gaisler-elf/10.2.0/../../../../sparc-gaisler-elf/lib/leon3v7/mfix-b2bst/soft/libc.a(lib_a-strncpy.o)
                0x000000004000ba64                strncpy
 .text          0x000000004000bc24     0x1f74 /home/fsw/rep/tasa/lib/bcc-2.2.3-gcc/bin/../lib/gcc/sparc-gaisler-elf/10.2.0/../../../../sparc-gaisler-elf/lib/leon3v7/mfix-b2bst/soft/libc.a(lib_a-vfiprintf.o)
                0x000000004000bd90                __sprint_r
                0x000000004000be5c                _vfiprintf_r
                0x000000004000dabc                vfiprintf
 .text          0x000000004000db98      0x35c /home/fsw/rep/tasa/lib/bcc-2.2.3-gcc/bin/../lib/gcc/sparc-gaisler-elf/10.2.0/../../../../sparc-gaisler-elf/lib/leon3v7/mfix-b2bst/soft/libc.a(lib_a-wbuf.o)
                0x000000004000db98                __swbuf_r
                0x000000004000dd40                __swbuf
 .text          0x000000004000def4       0x48 /home/fsw/rep/tasa/lib/bcc-2.2.3-gcc/bin/../lib/gcc/sparc-gaisler-elf/10.2.0/../../../../sparc-gaisler-elf/lib/leon3v7/mfix-b2bst/soft/libc.a(lib_a-writer.o)
                0x000000004000def4                _write_r
 .text          0x000000004000df3c       0xa4 /home/fsw/rep/tasa/lib/bcc-2.2.3-gcc/bin/../lib/gcc/sparc-gaisler-elf/10.2.0/../../../../sparc-gaisler-elf/lib/leon3v7/mfix-b2bst/soft/libc.a(lib_a-callocr.o)
                0x000000004000df3c                _calloc_r
 .text          0x000000004000dfe0       0x40 /home/fsw/rep/tasa/lib/bcc-2.2.3-gcc/bin/../lib/gcc/sparc-gaisler-elf/10.2.0/../../../../sparc-gaisler-elf/lib/leon3v7/mfix-b2bst/soft/libc.a(lib_a-closer.o)
                0x000000004000dfe0                _close_r
 .text          0x000000004000e020      0x294 /home/fsw/rep/tasa/lib/bcc-2.2.3-gcc/bin/../lib/gcc/sparc-gaisler-elf/10.2.0/../../../../sparc-gaisler-elf/lib/leon3v7/mfix-b2bst/soft/libc.a(lib_a-fclose.o)
                0x000000004000e020                _fclose_r
                0x000000004000e168                fclose
 .text          0x000000004000e2b4      0x1e0 /home/fsw/rep/tasa/lib/bcc-2.2.3-gcc/bin/../lib/gcc/sparc-gaisler-elf/10.2.0/../../../../sparc-gaisler-elf/lib/leon3v7/mfix-b2bst/soft/libc.a(lib_a-fputwc.o)
                0x000000004000e2b4                __fputwc
                0x000000004000e3a8                _fputwc_r
                0x000000004000e3d8                fputwc
 .text          0x000000004000e494       0x44 /home/fsw/rep/tasa/lib/bcc-2.2.3-gcc/bin/../lib/gcc/sparc-gaisler-elf/10.2.0/../../../../sparc-gaisler-elf/lib/leon3v7/mfix-b2bst/soft/libc.a(lib_a-fstatr.o)
                0x000000004000e494                _fstat_r
 .text          0x000000004000e4d8       0x40 /home/fsw/rep/tasa/lib/bcc-2.2.3-gcc/bin/../lib/gcc/sparc-gaisler-elf/10.2.0/../../../../sparc-gaisler-elf/lib/leon3v7/mfix-b2bst/soft/libc.a(lib_a-isattyr.o)
                0x000000004000e4d8                _isatty_r
 .text          0x000000004000e518      0x148 /home/fsw/rep/tasa/lib/bcc-2.2.3-gcc/bin/../lib/gcc/sparc-gaisler-elf/10.2.0/../../../../sparc-gaisler-elf/lib/leon3v7/mfix-b2bst/soft/libc.a(lib_a-locale.o)
                0x000000004000e518                _setlocale_r
                0x000000004000e58c                __locale_mb_cur_max
                0x000000004000e5b8                __locale_ctype_ptr_l
                0x000000004000e5c0                __locale_ctype_ptr
                0x000000004000e5ec                setlocale
 .text          0x000000004000e660       0x48 /home/fsw/rep/tasa/lib/bcc-2.2.3-gcc/bin/../lib/gcc/sparc-gaisler-elf/10.2.0/../../../../sparc-gaisler-elf/lib/leon3v7/mfix-b2bst/soft/libc.a(lib_a-lseekr.o)
                0x000000004000e660                _lseek_r
 .text          0x000000004000e6a8       0xb8 /home/fsw/rep/tasa/lib/bcc-2.2.3-gcc/bin/../lib/gcc/sparc-gaisler-elf/10.2.0/../../../../sparc-gaisler-elf/lib/leon3v7/mfix-b2bst/soft/libc.a(lib_a-mbtowc_r.o)
                0x000000004000e6a8                _mbtowc_r
                0x000000004000e70c                __ascii_mbtowc
 .text          0x000000004000e760       0x48 /home/fsw/rep/tasa/lib/bcc-2.2.3-gcc/bin/../lib/gcc/sparc-gaisler-elf/10.2.0/../../../../sparc-gaisler-elf/lib/leon3v7/mfix-b2bst/soft/libc.a(lib_a-readr.o)
                0x000000004000e760                _read_r
 .text          0x000000004000e7a8      0x31c /home/fsw/rep/tasa/lib/bcc-2.2.3-gcc/bin/../lib/gcc/sparc-gaisler-elf/10.2.0/../../../../sparc-gaisler-elf/lib/leon3v7/mfix-b2bst/soft/libc.a(lib_a-reent.o)
                0x000000004000e7a8                cleanup_glue
                0x000000004000e820                _reclaim_reent
 .text          0x000000004000eac4       0xc8 /home/fsw/rep/tasa/lib/bcc-2.2.3-gcc/bin/../lib/gcc/sparc-gaisler-elf/10.2.0/../../../../sparc-gaisler-elf/lib/leon3v7/mfix-b2bst/soft/libc.a(lib_a-strcmp.o)
                0x000000004000eac4                strcmp
 .text          0x000000004000eb8c      0x140 /home/fsw/rep/tasa/lib/bcc-2.2.3-gcc/bin/../lib/gcc/sparc-gaisler-elf/10.2.0/../../../../sparc-gaisler-elf/lib/leon3v7/mfix-b2bst/soft/libc.a(lib_a-wcrtomb.o)
                0x000000004000eb8c                _wcrtomb_r
                0x000000004000ec34                wcrtomb
 .text          0x000000004000eccc       0x9c /home/fsw/rep/tasa/lib/bcc-2.2.3-gcc/bin/../lib/gcc/sparc-gaisler-elf/10.2.0/../../../../sparc-gaisler-elf/lib/leon3v7/mfix-b2bst/soft/libc.a(lib_a-wctomb_r.o)
                0x000000004000eccc                _wctomb_r
                0x000000004000ed28                __ascii_wctomb
 .text          0x000000004000ed68        0x0 /home/fsw/rep/tasa/lib/bcc-2.2.3-gcc/bin/../lib/gcc/sparc-gaisler-elf/10.2.0/../../../../sparc-gaisler-elf/lib/leon3v7/mfix-b2bst/soft/libc.a(lib_a-ctype_.o)
 .text          0x000000004000ed68       0x10 /home/fsw/rep/tasa/lib/bcc-2.2.3-gcc/bin/../sparc-gaisler-elf/bsp/leon3/leon3v7/mfix-b2bst/soft/libbcc.a(_exit.S.o)
                0x000000004000ed68                _exit
 .text          0x000000004000ed78       0x4c /home/fsw/rep/tasa/lib/bcc-2.2.3-gcc/bin/../sparc-gaisler-elf/bsp/leon3/leon3v7/mfix-b2bst/soft/libbcc.a(read.c.o)
                0x000000004000ed78                read
 .text          0x000000004000edc4       0xb0 /home/fsw/rep/tasa/lib/bcc-2.2.3-gcc/bin/../sparc-gaisler-elf/bsp/leon3/leon3v7/mfix-b2bst/soft/libbcc.a(sbrk.c.o)
                0x000000004000edc4                sbrk
 .text          0x000000004000ee74        0x0 /home/fsw/rep/tasa/lib/bcc-2.2.3-gcc/bin/../sparc-gaisler-elf/bsp/leon3/leon3v7/mfix-b2bst/soft/libbcc.a(heap.c.o)
 .text          0x000000004000ee74       0x64 /home/fsw/rep/tasa/lib/bcc-2.2.3-gcc/bin/../sparc-gaisler-elf/bsp/leon3/leon3v7/mfix-b2bst/soft/libbcc.a(write.c.o)
                0x000000004000ee74                write
 .text          0x000000004000eed8       0x20 /home/fsw/rep/tasa/lib/bcc-2.2.3-gcc/bin/../sparc-gaisler-elf/bsp/leon3/leon3v7/mfix-b2bst/soft/libbcc.a(stubs.S.o)
                0x000000004000eed8                execve
                0x000000004000eed8                lseek
                0x000000004000eed8                fstat
                0x000000004000eed8                kill
                0x000000004000eed8                wait
                0x000000004000eed8                unlink
                0x000000004000eed8                fork
                0x000000004000eed8                stat
                0x000000004000eed8                link
                0x000000004000eed8                open
                0x000000004000eed8                close
                0x000000004000eef0                getpid
                0x000000004000eef0                isatty
 .text          0x000000004000eef8       0xc4 /home/fsw/rep/tasa/lib/bcc-2.2.3-gcc/bin/../sparc-gaisler-elf/bsp/leon3/leon3v7/mfix-b2bst/soft/libbcc.a(con_apbuart.c.o)
                0x000000004000eef8                __bcc_con_outbyte
                0x000000004000ef88                __bcc_con_inbyte
 .text          0x000000004000efbc       0xe8 /home/fsw/rep/tasa/lib/bcc-2.2.3-gcc/bin/../lib/gcc/sparc-gaisler-elf/10.2.0/leon3v7/mfix-b2bst/soft/libgcc.a(_mulsi3.o)
                0x000000004000efbc                .umul
 .text          0x000000004000f0a4      0x2b0 /home/fsw/rep/tasa/lib/bcc-2.2.3-gcc/bin/../lib/gcc/sparc-gaisler-elf/10.2.0/leon3v7/mfix-b2bst/soft/libgcc.a(_divsi3.o)
                0x000000004000f0a4                .udiv
                0x000000004000f0ac                .div
 .text          0x000000004000f354      0x2b0 /home/fsw/rep/tasa/lib/bcc-2.2.3-gcc/bin/../lib/gcc/sparc-gaisler-elf/10.2.0/leon3v7/mfix-b2bst/soft/libgcc.a(_modsi3.o)
                0x000000004000f354                .urem
                0x000000004000f35c                .rem
 .text          0x000000004000f604      0x354 /home/fsw/rep/tasa/lib/bcc-2.2.3-gcc/bin/../lib/gcc/sparc-gaisler-elf/10.2.0/leon3v7/mfix-b2bst/soft/libgcc.a(_udivdi3.o)
                0x000000004000f604                __udivdi3
 .text          0x000000004000f958      0x370 /home/fsw/rep/tasa/lib/bcc-2.2.3-gcc/bin/../lib/gcc/sparc-gaisler-elf/10.2.0/leon3v7/mfix-b2bst/soft/libgcc.a(_umoddi3.o)
                0x000000004000f958                __umoddi3
 .text          0x000000004000fcc8      0x77c /home/fsw/rep/tasa/lib/bcc-2.2.3-gcc/bin/../lib/gcc/sparc-gaisler-elf/10.2.0/leon3v7/mfix-b2bst/soft/libgcc.a(_addsub_df.o)
                0x000000004000fcc8                __adddf3
                0x0000000040010088                __subdf3
 .text          0x0000000040010444      0x330 /home/fsw/rep/tasa/lib/bcc-2.2.3-gcc/bin/../lib/gcc/sparc-gaisler-elf/10.2.0/leon3v7/mfix-b2bst/soft/libgcc.a(_mul_df.o)
                0x0000000040010444                __muldf3
 .text          0x0000000040010774      0x200 /home/fsw/rep/tasa/lib/bcc-2.2.3-gcc/bin/../lib/gcc/sparc-gaisler-elf/10.2.0/leon3v7/mfix-b2bst/soft/libgcc.a(_div_df.o)
                0x0000000040010774                __divdf3
 .text          0x0000000040010974       0x5c /home/fsw/rep/tasa/lib/bcc-2.2.3-gcc/bin/../lib/gcc/sparc-gaisler-elf/10.2.0/leon3v7/mfix-b2bst/soft/libgcc.a(_eq_df.o)
                0x0000000040010974                __eqdf2
 .text          0x00000000400109d0       0x5c /home/fsw/rep/tasa/lib/bcc-2.2.3-gcc/bin/../lib/gcc/sparc-gaisler-elf/10.2.0/leon3v7/mfix-b2bst/soft/libgcc.a(_ne_df.o)
                0x00000000400109d0                __nedf2
 .text          0x0000000040010a2c       0x5c /home/fsw/rep/tasa/lib/bcc-2.2.3-gcc/bin/../lib/gcc/sparc-gaisler-elf/10.2.0/leon3v7/mfix-b2bst/soft/libgcc.a(_gt_df.o)
                0x0000000040010a2c                __gtdf2
 .text          0x0000000040010a88       0x5c /home/fsw/rep/tasa/lib/bcc-2.2.3-gcc/bin/../lib/gcc/sparc-gaisler-elf/10.2.0/leon3v7/mfix-b2bst/soft/libgcc.a(_lt_df.o)
                0x0000000040010a88                __ltdf2
 .text          0x0000000040010ae4       0x5c /home/fsw/rep/tasa/lib/bcc-2.2.3-gcc/bin/../lib/gcc/sparc-gaisler-elf/10.2.0/leon3v7/mfix-b2bst/soft/libgcc.a(_le_df.o)
                0x0000000040010ae4                __ledf2
 .text          0x0000000040010b40       0x50 /home/fsw/rep/tasa/lib/bcc-2.2.3-gcc/bin/../lib/gcc/sparc-gaisler-elf/10.2.0/leon3v7/mfix-b2bst/soft/libgcc.a(_unord_df.o)
                0x0000000040010b40                __unorddf2
 .text          0x0000000040010b90       0xdc /home/fsw/rep/tasa/lib/bcc-2.2.3-gcc/bin/../lib/gcc/sparc-gaisler-elf/10.2.0/leon3v7/mfix-b2bst/soft/libgcc.a(_si_to_df.o)
                0x0000000040010b90                __floatsidf
 .text          0x0000000040010c6c       0xc8 /home/fsw/rep/tasa/lib/bcc-2.2.3-gcc/bin/../lib/gcc/sparc-gaisler-elf/10.2.0/leon3v7/mfix-b2bst/soft/libgcc.a(_df_to_si.o)
                0x0000000040010c6c                __fixdfsi
 .text          0x0000000040010d34        0x0 /home/fsw/rep/tasa/lib/bcc-2.2.3-gcc/bin/../lib/gcc/sparc-gaisler-elf/10.2.0/leon3v7/mfix-b2bst/soft/libgcc.a(_thenan_df.o)
 .text          0x0000000040010d34       0x80 /home/fsw/rep/tasa/lib/bcc-2.2.3-gcc/bin/../lib/gcc/sparc-gaisler-elf/10.2.0/leon3v7/mfix-b2bst/soft/libgcc.a(_usi_to_df.o)
                0x0000000040010d34                __floatunsidf
 .text          0x0000000040010db4       0xc4 /home/fsw/rep/tasa/lib/bcc-2.2.3-gcc/bin/../lib/gcc/sparc-gaisler-elf/10.2.0/leon3v7/mfix-b2bst/soft/libgcc.a(_muldi3.o)
                0x0000000040010db4                __muldi3
 .text          0x0000000040010e78        0x0 /home/fsw/rep/tasa/lib/bcc-2.2.3-gcc/bin/../lib/gcc/sparc-gaisler-elf/10.2.0/leon3v7/mfix-b2bst/soft/libgcc.a(_clz.o)
 .text          0x0000000040010e78       0x94 /home/fsw/rep/tasa/lib/bcc-2.2.3-gcc/bin/../lib/gcc/sparc-gaisler-elf/10.2.0/leon3v7/mfix-b2bst/soft/libgcc.a(_clzsi2.o)
                0x0000000040010e78                __clzsi2
 .text          0x0000000040010f0c      0x244 /home/fsw/rep/tasa/lib/bcc-2.2.3-gcc/bin/../lib/gcc/sparc-gaisler-elf/10.2.0/leon3v7/mfix-b2bst/soft/libgcc.a(_pack_df.o)
                0x0000000040010f0c                __pack_d
 .text          0x0000000040011150      0x124 /home/fsw/rep/tasa/lib/bcc-2.2.3-gcc/bin/../lib/gcc/sparc-gaisler-elf/10.2.0/leon3v7/mfix-b2bst/soft/libgcc.a(_unpack_df.o)
                0x0000000040011150                __unpack_d
 .text          0x0000000040011274      0x158 /home/fsw/rep/tasa/lib/bcc-2.2.3-gcc/bin/../lib/gcc/sparc-gaisler-elf/10.2.0/leon3v7/mfix-b2bst/soft/libgcc.a(_fpcmp_parts_df.o)
                0x0000000040011274                __fpcmp_parts_d
 .text          0x00000000400113cc       0x48 /home/fsw/rep/tasa/lib/bcc-2.2.3-gcc/bin/../lib/gcc/sparc-gaisler-elf/10.2.0/leon3v7/mfix-b2bst/soft/crtend.o
 .text          0x0000000040011414        0x0 /home/fsw/rep/tasa/lib/bcc-2.2.3-gcc/bin/../lib/gcc/sparc-gaisler-elf/10.2.0/leon3v7/mfix-b2bst/soft/crtn.o
                0x0000000040011420                . = ALIGN (0x10)
 *fill*         0x0000000040011414        0xc 
 *(.eh_frame)
 .eh_frame      0x0000000040011420        0x0 /home/fsw/rep/tasa/lib/bcc-2.2.3-gcc/bin/../lib/gcc/sparc-gaisler-elf/10.2.0/leon3v7/mfix-b2bst/soft/crtbegin.o
 .eh_frame      0x0000000040011420       0x2c /home/fsw/rep/tasa/lib/bcc-2.2.3-gcc/bin/../lib/gcc/sparc-gaisler-elf/10.2.0/leon3v7/mfix-b2bst/soft/libgcc.a(_udivdi3.o)
 .eh_frame      0x000000004001144c       0x2c /home/fsw/rep/tasa/lib/bcc-2.2.3-gcc/bin/../lib/gcc/sparc-gaisler-elf/10.2.0/leon3v7/mfix-b2bst/soft/libgcc.a(_umoddi3.o)
 .eh_frame      0x0000000040011478        0x4 /home/fsw/rep/tasa/lib/bcc-2.2.3-gcc/bin/../lib/gcc/sparc-gaisler-elf/10.2.0/leon3v7/mfix-b2bst/soft/crtend.o
                0x0000000040011480                . = ALIGN (0x10)
 *fill*         0x000000004001147c        0x4 
 *(.gnu.linkonce.t*)
                0x0000000040011480                ___CTOR_LIST__ = .
                0x0000000040011480        0x4 LONG 0x2 (((___CTOR_END__ - ___CTOR_LIST__) / 0x4) - 0x2)
 *(SORT_BY_NAME(.ctors.*))
 *(.ctors)
 .ctors         0x0000000040011484        0x4 /home/fsw/rep/tasa/lib/bcc-2.2.3-gcc/bin/../lib/gcc/sparc-gaisler-elf/10.2.0/leon3v7/mfix-b2bst/soft/crtbegin.o
 .ctors         0x0000000040011488        0x4 /home/fsw/rep/tasa/lib/bcc-2.2.3-gcc/bin/../lib/gcc/sparc-gaisler-elf/10.2.0/leon3v7/mfix-b2bst/soft/crtend.o
                0x000000004001148c        0x4 LONG 0x0
                0x0000000040011490                ___CTOR_END__ = .
                0x0000000040011490                ___DTOR_LIST__ = .
                0x0000000040011490        0x4 LONG 0x2 (((___DTOR_END__ - ___DTOR_LIST__) / 0x4) - 0x2)
 *(SORT_BY_NAME(.dtors.*))
 *(.dtors)
 .dtors         0x0000000040011494        0x4 /home/fsw/rep/tasa/lib/bcc-2.2.3-gcc/bin/../lib/gcc/sparc-gaisler-elf/10.2.0/leon3v7/mfix-b2bst/soft/crtbegin.o
 .dtors         0x0000000040011498        0x4 /home/fsw/rep/tasa/lib/bcc-2.2.3-gcc/bin/../lib/gcc/sparc-gaisler-elf/10.2.0/leon3v7/mfix-b2bst/soft/crtend.o
                0x0000000040011498                __DTOR_END__
                0x000000004001149c        0x4 LONG 0x0
                0x00000000400114a0                ___DTOR_END__ = .
 *(.gnu.linkonce*)
 *(.init)
 .init          0x00000000400114a0        0x4 /home/fsw/rep/tasa/lib/bcc-2.2.3-gcc/bin/../lib/gcc/sparc-gaisler-elf/10.2.0/leon3v7/mfix-b2bst/soft/crti.o
                0x00000000400114a0                _init
 .init          0x00000000400114a4        0x8 /home/fsw/rep/tasa/lib/bcc-2.2.3-gcc/bin/../lib/gcc/sparc-gaisler-elf/10.2.0/leon3v7/mfix-b2bst/soft/crtbegin.o
 .init          0x00000000400114ac        0x8 /home/fsw/rep/tasa/lib/bcc-2.2.3-gcc/bin/../lib/gcc/sparc-gaisler-elf/10.2.0/leon3v7/mfix-b2bst/soft/crtend.o
 .init          0x00000000400114b4        0xc /home/fsw/rep/tasa/lib/bcc-2.2.3-gcc/bin/../lib/gcc/sparc-gaisler-elf/10.2.0/leon3v7/mfix-b2bst/soft/crtn.o
 *(.fini)
 .fini          0x00000000400114c0        0x4 /home/fsw/rep/tasa/lib/bcc-2.2.3-gcc/bin/../lib/gcc/sparc-gaisler-elf/10.2.0/leon3v7/mfix-b2bst/soft/crti.o
                0x00000000400114c0                _fini
 .fini          0x00000000400114c4        0x8 /home/fsw/rep/tasa/lib/bcc-2.2.3-gcc/bin/../lib/gcc/sparc-gaisler-elf/10.2.0/leon3v7/mfix-b2bst/soft/crtbegin.o
 .fini          0x00000000400114cc        0xc /home/fsw/rep/tasa/lib/bcc-2.2.3-gcc/bin/../lib/gcc/sparc-gaisler-elf/10.2.0/leon3v7/mfix-b2bst/soft/crtn.o
 *(.lit)
 *(.shdata)
                0x00000000400114e0                . = ALIGN (0x10)
 *fill*         0x00000000400114d8        0x8 
                0x00000000400114e0                __text_end = .

.gcc_except_table
 *(.gcc_except_table.*)

.rodata         0x00000000400114e0      0x750
                0x00000000400114e0                __rodata_start = .
 *(.rodata*)
 .rodata.str1.8
                0x00000000400114e0       0xcf /tmp/ccerdz8l.o
 *fill*         0x00000000400115af        0x1 
 .rodata        0x00000000400115b0        0x5 /tmp/ccerdz8l.o
 *fill*         0x00000000400115b5        0x3 
 .rodata        0x00000000400115b8        0x4 /home/fsw/rep/tasa/lib/bcc-2.2.3-gcc/bin/../lib/gcc/sparc-gaisler-elf/10.2.0/../../../../sparc-gaisler-elf/lib/leon3v7/mfix-b2bst/soft/libc.a(lib_a-impure.o)
                0x00000000400115b8                _global_impure_ptr
 *fill*         0x00000000400115bc        0x4 
 .rodata.str1.8
                0x00000000400115c0        0x2 /home/fsw/rep/tasa/lib/bcc-2.2.3-gcc/bin/../lib/gcc/sparc-gaisler-elf/10.2.0/../../../../sparc-gaisler-elf/lib/leon3v7/mfix-b2bst/soft/libc.a(lib_a-puts.o)
 *fill*         0x00000000400115c2        0x6 
 .rodata.str1.8
                0x00000000400115c8       0x5a /home/fsw/rep/tasa/lib/bcc-2.2.3-gcc/bin/../lib/gcc/sparc-gaisler-elf/10.2.0/../../../../sparc-gaisler-elf/lib/leon3v7/mfix-b2bst/soft/libc.a(lib_a-vfprintf.o)
 *fill*         0x0000000040011622        0x6 
 .rodata.cst8   0x0000000040011628       0x18 /home/fsw/rep/tasa/lib/bcc-2.2.3-gcc/bin/../lib/gcc/sparc-gaisler-elf/10.2.0/../../../../sparc-gaisler-elf/lib/leon3v7/mfix-b2bst/soft/libc.a(lib_a-vfprintf.o)
 .rodata        0x0000000040011640       0x20 /home/fsw/rep/tasa/lib/bcc-2.2.3-gcc/bin/../lib/gcc/sparc-gaisler-elf/10.2.0/../../../../sparc-gaisler-elf/lib/leon3v7/mfix-b2bst/soft/libc.a(lib_a-vfprintf.o)
 .rodata.str1.8
                0x0000000040011660       0x14 /home/fsw/rep/tasa/lib/bcc-2.2.3-gcc/bin/../lib/gcc/sparc-gaisler-elf/10.2.0/../../../../sparc-gaisler-elf/lib/leon3v7/mfix-b2bst/soft/libc.a(lib_a-dtoa.o)
                                         0x1a (size before relaxing)
 *fill*         0x0000000040011674        0x4 
 .rodata.cst8   0x0000000040011678       0x48 /home/fsw/rep/tasa/lib/bcc-2.2.3-gcc/bin/../lib/gcc/sparc-gaisler-elf/10.2.0/../../../../sparc-gaisler-elf/lib/leon3v7/mfix-b2bst/soft/libc.a(lib_a-dtoa.o)
 .rodata        0x00000000400116c0       0x60 /home/fsw/rep/tasa/lib/bcc-2.2.3-gcc/bin/../lib/gcc/sparc-gaisler-elf/10.2.0/../../../../sparc-gaisler-elf/lib/leon3v7/mfix-b2bst/soft/libc.a(lib_a-findfp.o)
                0x00000000400116c0                __sf_fake_stderr
                0x00000000400116e0                __sf_fake_stdout
                0x0000000040011700                __sf_fake_stdin
 .rodata.cst8   0x0000000040011720       0x10 /home/fsw/rep/tasa/lib/bcc-2.2.3-gcc/bin/../lib/gcc/sparc-gaisler-elf/10.2.0/../../../../sparc-gaisler-elf/lib/leon3v7/mfix-b2bst/soft/libc.a(lib_a-mprec.o)
 .rodata        0x0000000040011720      0x128 /home/fsw/rep/tasa/lib/bcc-2.2.3-gcc/bin/../lib/gcc/sparc-gaisler-elf/10.2.0/../../../../sparc-gaisler-elf/lib/leon3v7/mfix-b2bst/soft/libc.a(lib_a-mprec.o)
                0x0000000040011730                __mprec_tinytens
                0x0000000040011758                __mprec_bigtens
                0x0000000040011780                __mprec_tens
 .rodata.cst8   0x0000000040011848        0x8 /home/fsw/rep/tasa/lib/bcc-2.2.3-gcc/bin/../lib/gcc/sparc-gaisler-elf/10.2.0/../../../../sparc-gaisler-elf/lib/leon3v7/mfix-b2bst/soft/libc.a(lib_a-s_frexp.o)
 .rodata.str1.8
                0x0000000040011850       0x37 /home/fsw/rep/tasa/lib/bcc-2.2.3-gcc/bin/../lib/gcc/sparc-gaisler-elf/10.2.0/../../../../sparc-gaisler-elf/lib/leon3v7/mfix-b2bst/soft/libc.a(lib_a-vfiprintf.o)
 .rodata        0x0000000040011850       0x20 /home/fsw/rep/tasa/lib/bcc-2.2.3-gcc/bin/../lib/gcc/sparc-gaisler-elf/10.2.0/../../../../sparc-gaisler-elf/lib/leon3v7/mfix-b2bst/soft/libc.a(lib_a-vfiprintf.o)
 .rodata.str1.8
                0x0000000040011870       0x12 /home/fsw/rep/tasa/lib/bcc-2.2.3-gcc/bin/../lib/gcc/sparc-gaisler-elf/10.2.0/../../../../sparc-gaisler-elf/lib/leon3v7/mfix-b2bst/soft/libc.a(lib_a-locale.o)
                                         0x1a (size before relaxing)
 *fill*         0x0000000040011882        0x6 
 .rodata        0x0000000040011888      0x288 /home/fsw/rep/tasa/lib/bcc-2.2.3-gcc/bin/../lib/gcc/sparc-gaisler-elf/10.2.0/../../../../sparc-gaisler-elf/lib/leon3v7/mfix-b2bst/soft/libc.a(lib_a-ctype_.o)
                0x0000000040011888                _ctype_
                0x0000000040011990                _ctype_b
 .rodata.cst8   0x0000000040011b10        0x8 /home/fsw/rep/tasa/lib/bcc-2.2.3-gcc/bin/../lib/gcc/sparc-gaisler-elf/10.2.0/leon3v7/mfix-b2bst/soft/libgcc.a(_si_to_df.o)
 .rodata        0x0000000040011b18       0x18 /home/fsw/rep/tasa/lib/bcc-2.2.3-gcc/bin/../lib/gcc/sparc-gaisler-elf/10.2.0/leon3v7/mfix-b2bst/soft/libgcc.a(_thenan_df.o)
                0x0000000040011b18                __thenan_df
 .rodata        0x0000000040011b30      0x100 /home/fsw/rep/tasa/lib/bcc-2.2.3-gcc/bin/../lib/gcc/sparc-gaisler-elf/10.2.0/leon3v7/mfix-b2bst/soft/libgcc.a(_clz.o)
                0x0000000040011b30                __clz_tab
 *(.gnu.linkonce.r*)
                0x0000000040011c30                . = ALIGN (0x10)
                0x0000000040011c30                __rodata_end = .

.rela.dyn       0x0000000040011c30        0x0
 .rela.iplt     0x0000000040011c30        0x0 /home/fsw/rep/tasa/lib/bcc-2.2.3-gcc/bin/../sparc-gaisler-elf/bsp/leon3/leon3v7/mfix-b2bst/soft/trap_table_mvt.S.o
 .rela.text.traptable
                0x0000000040011c30        0x0 /home/fsw/rep/tasa/lib/bcc-2.2.3-gcc/bin/../sparc-gaisler-elf/bsp/leon3/leon3v7/mfix-b2bst/soft/trap_table_mvt.S.o
 .rela.text     0x0000000040011c30        0x0 /home/fsw/rep/tasa/lib/bcc-2.2.3-gcc/bin/../sparc-gaisler-elf/bsp/leon3/leon3v7/mfix-b2bst/soft/trap_table_mvt.S.o

.ext.data       0x0000000040011c30        0x0
                0x0000000040011c30                . = ALIGN (0x8)
                0x0000000040011c30                __extdata_start = .
 *(.data.ext)
                0x0000000040011c30                . = ALIGN (0x8)
                0x0000000040011c30                __extdata_end = .
                0x0000000040011c30                __extdata_start_lma = LOADADDR (.ext.data)
                0x0000000000000000                __extdata_size = SIZEOF (.ext.data)

.data           0x0000000040011c30      0x610
                0x0000000040011c30                . = ALIGN (0x8)
                0x0000000040011c30                __data_start = .
 *(.data .data.*)
 .data          0x0000000040011c30        0x0 /home/fsw/rep/tasa/lib/bcc-2.2.3-gcc/bin/../sparc-gaisler-elf/bsp/leon3/leon3v7/mfix-b2bst/soft/trap_table_mvt.S.o
 .data          0x0000000040011c30        0x0 /home/fsw/rep/tasa/lib/bcc-2.2.3-gcc/bin/../sparc-gaisler-elf/bsp/leon3/leon3v7/mfix-b2bst/soft/crt0.S.o
 .data          0x0000000040011c30        0x0 /home/fsw/rep/tasa/lib/bcc-2.2.3-gcc/bin/../lib/gcc/sparc-gaisler-elf/10.2.0/leon3v7/mfix-b2bst/soft/crti.o
 .data          0x0000000040011c30        0x4 /home/fsw/rep/tasa/lib/bcc-2.2.3-gcc/bin/../lib/gcc/sparc-gaisler-elf/10.2.0/leon3v7/mfix-b2bst/soft/crtbegin.o
                0x0000000040011c30                __dso_handle
 .data          0x0000000040011c34        0x0 /tmp/ccerdz8l.o
 .data          0x0000000040011c34        0x0 /home/fsw/rep/tasa/lib/bcc-2.2.3-gcc/bin/../sparc-gaisler-elf/bsp/leon3/leon3v7/mfix-b2bst/soft/libbcc.a(reset_trap_mvt.S.o)
 .data          0x0000000040011c34        0x0 /home/fsw/rep/tasa/lib/bcc-2.2.3-gcc/bin/../sparc-gaisler-elf/bsp/leon3/leon3v7/mfix-b2bst/soft/libbcc.a(window_trap.S.o)
 .data          0x0000000040011c34        0x0 /home/fsw/rep/tasa/lib/bcc-2.2.3-gcc/bin/../sparc-gaisler-elf/bsp/leon3/leon3v7/mfix-b2bst/soft/libbcc.a(interrupt_trap.S.o)
 .data          0x0000000040011c34        0x0 /home/fsw/rep/tasa/lib/bcc-2.2.3-gcc/bin/../sparc-gaisler-elf/bsp/leon3/leon3v7/mfix-b2bst/soft/libbcc.a(flush_windows_trap.S.o)
 .data          0x0000000040011c34        0x0 /home/fsw/rep/tasa/lib/bcc-2.2.3-gcc/bin/../sparc-gaisler-elf/bsp/leon3/leon3v7/mfix-b2bst/soft/libbcc.a(sw_trap_set_pil.S.o)
 .data          0x0000000040011c34        0x0 /home/fsw/rep/tasa/lib/bcc-2.2.3-gcc/bin/../sparc-gaisler-elf/bsp/leon3/leon3v7/mfix-b2bst/soft/libbcc.a(isr.c.o)
 *fill*         0x0000000040011c34        0x4 
 .data          0x0000000040011c38       0x10 /home/fsw/rep/tasa/lib/bcc-2.2.3-gcc/bin/../sparc-gaisler-elf/bsp/leon3/leon3v7/mfix-b2bst/soft/libbcc.a(int_nest.c.o)
                0x0000000040011c38                __bcc_int_nest
 .data          0x0000000040011c48        0x0 /home/fsw/rep/tasa/lib/bcc-2.2.3-gcc/bin/../sparc-gaisler-elf/bsp/leon3/leon3v7/mfix-b2bst/soft/libbcc.a(init.S.o)
 .data          0x0000000040011c48       0x10 /home/fsw/rep/tasa/lib/bcc-2.2.3-gcc/bin/../sparc-gaisler-elf/bsp/leon3/leon3v7/mfix-b2bst/soft/libbcc.a(leon_info.S.o)
                0x0000000040011c48                __bcc_leon_version
                0x0000000040011c4c                __bcc_nwindows_min1
                0x0000000040011c50                __bcc_nwindows
                0x0000000040011c54                __bcc_cpuid
 .data          0x0000000040011c58        0x0 /home/fsw/rep/tasa/lib/bcc-2.2.3-gcc/bin/../sparc-gaisler-elf/bsp/leon3/leon3v7/mfix-b2bst/soft/libbcc.a(dwzero.S.o)
 .data          0x0000000040011c58        0x0 /home/fsw/rep/tasa/lib/bcc-2.2.3-gcc/bin/../sparc-gaisler-elf/bsp/leon3/leon3v7/mfix-b2bst/soft/libbcc.a(copy_data.c.o)
 .data          0x0000000040011c58        0x4 /home/fsw/rep/tasa/lib/bcc-2.2.3-gcc/bin/../sparc-gaisler-elf/bsp/leon3/leon3v7/mfix-b2bst/soft/libbcc.a(argv.c.o)
                0x0000000040011c58                __bcc_argvp
 .data          0x0000000040011c5c        0x0 /home/fsw/rep/tasa/lib/bcc-2.2.3-gcc/bin/../sparc-gaisler-elf/bsp/leon3/leon3v7/mfix-b2bst/soft/libbcc.a(int_irqmp_get_source.c.o)
 .data          0x0000000040011c5c        0x0 /home/fsw/rep/tasa/lib/bcc-2.2.3-gcc/bin/../sparc-gaisler-elf/bsp/leon3/leon3v7/mfix-b2bst/soft/libbcc.a(int_irqmp_mp.c.o)
 .data          0x0000000040011c5c        0x0 /home/fsw/rep/tasa/lib/bcc-2.2.3-gcc/bin/../sparc-gaisler-elf/bsp/leon3/leon3v7/mfix-b2bst/soft/libbcc.a(int_irqmp_init.c.o)
 .data          0x0000000040011c5c        0x0 /home/fsw/rep/tasa/lib/bcc-2.2.3-gcc/bin/../sparc-gaisler-elf/bsp/leon3/leon3v7/mfix-b2bst/soft/libbcc.a(con_apbuart_init.c.o)
 .data          0x0000000040011c5c        0x0 /home/fsw/rep/tasa/lib/bcc-2.2.3-gcc/bin/../sparc-gaisler-elf/bsp/leon3/leon3v7/mfix-b2bst/soft/libbcc.a(timer_gptimer_init.c.o)
 .data          0x0000000040011c5c        0x0 /home/fsw/rep/tasa/lib/bcc-2.2.3-gcc/bin/../sparc-gaisler-elf/bsp/leon3/leon3v7/mfix-b2bst/soft/libbcc.a(ambapp.c.o)
 .data          0x0000000040011c5c        0x0 /home/fsw/rep/tasa/lib/bcc-2.2.3-gcc/bin/../sparc-gaisler-elf/bsp/leon3/leon3v7/mfix-b2bst/soft/libbcc.a(ambapp_findfirst_fn.c.o)
 .data          0x0000000040011c5c        0x0 /home/fsw/rep/tasa/lib/bcc-2.2.3-gcc/bin/../sparc-gaisler-elf/bsp/leon3/leon3v7/mfix-b2bst/soft/libbcc.a(int_irqmp_handle.c.o)
 .data          0x0000000040011c5c        0x0 /home/fsw/rep/tasa/lib/bcc-2.2.3-gcc/bin/../sparc-gaisler-elf/bsp/leon3/leon3v7/mfix-b2bst/soft/libbcc.a(con_handle.c.o)
 .data          0x0000000040011c5c        0x0 /home/fsw/rep/tasa/lib/bcc-2.2.3-gcc/bin/../sparc-gaisler-elf/bsp/leon3/leon3v7/mfix-b2bst/soft/libbcc.a(timer_handle.c.o)
 .data          0x0000000040011c5c        0x0 /home/fsw/rep/tasa/lib/bcc-2.2.3-gcc/bin/../lib/gcc/sparc-gaisler-elf/10.2.0/../../../../sparc-gaisler-elf/lib/leon3v7/mfix-b2bst/soft/libc.a(lib_a-atexit.o)
 .data          0x0000000040011c5c        0x0 /home/fsw/rep/tasa/lib/bcc-2.2.3-gcc/bin/../lib/gcc/sparc-gaisler-elf/10.2.0/../../../../sparc-gaisler-elf/lib/leon3v7/mfix-b2bst/soft/libc.a(lib_a-exit.o)
 .data          0x0000000040011c5c       0x64 /home/fsw/rep/tasa/lib/bcc-2.2.3-gcc/bin/../lib/gcc/sparc-gaisler-elf/10.2.0/../../../../sparc-gaisler-elf/lib/leon3v7/mfix-b2bst/soft/libc.a(lib_a-impure.o)
                0x0000000040011c5c                _impure_ptr
 .data          0x0000000040011cc0        0x0 /home/fsw/rep/tasa/lib/bcc-2.2.3-gcc/bin/../lib/gcc/sparc-gaisler-elf/10.2.0/../../../../sparc-gaisler-elf/lib/leon3v7/mfix-b2bst/soft/libc.a(lib_a-memcpy.o)
 .data          0x0000000040011cc0        0x0 /home/fsw/rep/tasa/lib/bcc-2.2.3-gcc/bin/../lib/gcc/sparc-gaisler-elf/10.2.0/../../../../sparc-gaisler-elf/lib/leon3v7/mfix-b2bst/soft/libc.a(lib_a-printf.o)
 .data          0x0000000040011cc0        0x0 /home/fsw/rep/tasa/lib/bcc-2.2.3-gcc/bin/../lib/gcc/sparc-gaisler-elf/10.2.0/../../../../sparc-gaisler-elf/lib/leon3v7/mfix-b2bst/soft/libc.a(lib_a-putchar.o)
 .data          0x0000000040011cc0        0x0 /home/fsw/rep/tasa/lib/bcc-2.2.3-gcc/bin/../lib/gcc/sparc-gaisler-elf/10.2.0/../../../../sparc-gaisler-elf/lib/leon3v7/mfix-b2bst/soft/libc.a(lib_a-puts.o)
 .data          0x0000000040011cc0        0x0 /home/fsw/rep/tasa/lib/bcc-2.2.3-gcc/bin/../lib/gcc/sparc-gaisler-elf/10.2.0/../../../../sparc-gaisler-elf/lib/leon3v7/mfix-b2bst/soft/libc.a(lib_a-strlen.o)
 .data          0x0000000040011cc0        0x0 /home/fsw/rep/tasa/lib/bcc-2.2.3-gcc/bin/../lib/gcc/sparc-gaisler-elf/10.2.0/../../../../sparc-gaisler-elf/lib/leon3v7/mfix-b2bst/soft/libc.a(lib_a-vfprintf.o)
 .data          0x0000000040011cc0        0x0 /home/fsw/rep/tasa/lib/bcc-2.2.3-gcc/bin/../lib/gcc/sparc-gaisler-elf/10.2.0/../../../../sparc-gaisler-elf/lib/leon3v7/mfix-b2bst/soft/libc.a(lib_a-wsetup.o)
 .data          0x0000000040011cc0        0x0 /home/fsw/rep/tasa/lib/bcc-2.2.3-gcc/bin/../lib/gcc/sparc-gaisler-elf/10.2.0/../../../../sparc-gaisler-elf/lib/leon3v7/mfix-b2bst/soft/libc.a(lib_a-__atexit.o)
 .data          0x0000000040011cc0        0x0 /home/fsw/rep/tasa/lib/bcc-2.2.3-gcc/bin/../lib/gcc/sparc-gaisler-elf/10.2.0/../../../../sparc-gaisler-elf/lib/leon3v7/mfix-b2bst/soft/libc.a(lib_a-__call_atexit.o)
 .data          0x0000000040011cc0        0x0 /home/fsw/rep/tasa/lib/bcc-2.2.3-gcc/bin/../lib/gcc/sparc-gaisler-elf/10.2.0/../../../../sparc-gaisler-elf/lib/leon3v7/mfix-b2bst/soft/libc.a(lib_a-dtoa.o)
 .data          0x0000000040011cc0        0x0 /home/fsw/rep/tasa/lib/bcc-2.2.3-gcc/bin/../lib/gcc/sparc-gaisler-elf/10.2.0/../../../../sparc-gaisler-elf/lib/leon3v7/mfix-b2bst/soft/libc.a(lib_a-fflush.o)
 .data          0x0000000040011cc0        0x0 /home/fsw/rep/tasa/lib/bcc-2.2.3-gcc/bin/../lib/gcc/sparc-gaisler-elf/10.2.0/../../../../sparc-gaisler-elf/lib/leon3v7/mfix-b2bst/soft/libc.a(lib_a-findfp.o)
 .data          0x0000000040011cc0        0x0 /home/fsw/rep/tasa/lib/bcc-2.2.3-gcc/bin/../lib/gcc/sparc-gaisler-elf/10.2.0/../../../../sparc-gaisler-elf/lib/leon3v7/mfix-b2bst/soft/libc.a(lib_a-freer.o)
 .data          0x0000000040011cc0        0x0 /home/fsw/rep/tasa/lib/bcc-2.2.3-gcc/bin/../lib/gcc/sparc-gaisler-elf/10.2.0/../../../../sparc-gaisler-elf/lib/leon3v7/mfix-b2bst/soft/libc.a(lib_a-fvwrite.o)
 .data          0x0000000040011cc0        0x0 /home/fsw/rep/tasa/lib/bcc-2.2.3-gcc/bin/../lib/gcc/sparc-gaisler-elf/10.2.0/../../../../sparc-gaisler-elf/lib/leon3v7/mfix-b2bst/soft/libc.a(lib_a-fwalk.o)
 .data          0x0000000040011cc0        0x0 /home/fsw/rep/tasa/lib/bcc-2.2.3-gcc/bin/../lib/gcc/sparc-gaisler-elf/10.2.0/../../../../sparc-gaisler-elf/lib/leon3v7/mfix-b2bst/soft/libc.a(lib_a-localeconv.o)
 .data          0x0000000040011cc0        0x0 /home/fsw/rep/tasa/lib/bcc-2.2.3-gcc/bin/../lib/gcc/sparc-gaisler-elf/10.2.0/../../../../sparc-gaisler-elf/lib/leon3v7/mfix-b2bst/soft/libc.a(lib_a-makebuf.o)
 .data          0x0000000040011cc0        0x0 /home/fsw/rep/tasa/lib/bcc-2.2.3-gcc/bin/../lib/gcc/sparc-gaisler-elf/10.2.0/../../../../sparc-gaisler-elf/lib/leon3v7/mfix-b2bst/soft/libc.a(lib_a-malloc.o)
 .data          0x0000000040011cc0      0x410 /home/fsw/rep/tasa/lib/bcc-2.2.3-gcc/bin/../lib/gcc/sparc-gaisler-elf/10.2.0/../../../../sparc-gaisler-elf/lib/leon3v7/mfix-b2bst/soft/libc.a(lib_a-mallocr.o)
                0x0000000040011cc0                __malloc_sbrk_base
                0x0000000040011cc4                __malloc_trim_threshold
                0x0000000040011cc8                __malloc_av_
 .data          0x00000000400120d0        0x0 /home/fsw/rep/tasa/lib/bcc-2.2.3-gcc/bin/../lib/gcc/sparc-gaisler-elf/10.2.0/../../../../sparc-gaisler-elf/lib/leon3v7/mfix-b2bst/soft/libc.a(lib_a-memchr.o)
 .data          0x00000000400120d0        0x0 /home/fsw/rep/tasa/lib/bcc-2.2.3-gcc/bin/../lib/gcc/sparc-gaisler-elf/10.2.0/../../../../sparc-gaisler-elf/lib/leon3v7/mfix-b2bst/soft/libc.a(lib_a-memmove.o)
 .data          0x00000000400120d0        0x0 /home/fsw/rep/tasa/lib/bcc-2.2.3-gcc/bin/../lib/gcc/sparc-gaisler-elf/10.2.0/../../../../sparc-gaisler-elf/lib/leon3v7/mfix-b2bst/soft/libc.a(lib_a-memset.o)
 .data          0x00000000400120d0        0x0 /home/fsw/rep/tasa/lib/bcc-2.2.3-gcc/bin/../lib/gcc/sparc-gaisler-elf/10.2.0/../../../../sparc-gaisler-elf/lib/leon3v7/mfix-b2bst/soft/libc.a(lib_a-mlock.o)
 .data          0x00000000400120d0        0x0 /home/fsw/rep/tasa/lib/bcc-2.2.3-gcc/bin/../lib/gcc/sparc-gaisler-elf/10.2.0/../../../../sparc-gaisler-elf/lib/leon3v7/mfix-b2bst/soft/libc.a(lib_a-mprec.o)
 .data          0x00000000400120d0        0x0 /home/fsw/rep/tasa/lib/bcc-2.2.3-gcc/bin/../lib/gcc/sparc-gaisler-elf/10.2.0/../../../../sparc-gaisler-elf/lib/leon3v7/mfix-b2bst/soft/libc.a(lib_a-putc.o)
 .data          0x00000000400120d0        0x0 /home/fsw/rep/tasa/lib/bcc-2.2.3-gcc/bin/../lib/gcc/sparc-gaisler-elf/10.2.0/../../../../sparc-gaisler-elf/lib/leon3v7/mfix-b2bst/soft/libc.a(lib_a-reallocr.o)
 .data          0x00000000400120d0        0x0 /home/fsw/rep/tasa/lib/bcc-2.2.3-gcc/bin/../lib/gcc/sparc-gaisler-elf/10.2.0/../../../../sparc-gaisler-elf/lib/leon3v7/mfix-b2bst/soft/libc.a(lib_a-s_frexp.o)
 .data          0x00000000400120d0        0x0 /home/fsw/rep/tasa/lib/bcc-2.2.3-gcc/bin/../lib/gcc/sparc-gaisler-elf/10.2.0/../../../../sparc-gaisler-elf/lib/leon3v7/mfix-b2bst/soft/libc.a(lib_a-sbrkr.o)
 .data          0x00000000400120d0        0x0 /home/fsw/rep/tasa/lib/bcc-2.2.3-gcc/bin/../lib/gcc/sparc-gaisler-elf/10.2.0/../../../../sparc-gaisler-elf/lib/leon3v7/mfix-b2bst/soft/libc.a(lib_a-stdio.o)
 .data          0x00000000400120d0        0x0 /home/fsw/rep/tasa/lib/bcc-2.2.3-gcc/bin/../lib/gcc/sparc-gaisler-elf/10.2.0/../../../../sparc-gaisler-elf/lib/leon3v7/mfix-b2bst/soft/libc.a(lib_a-strncpy.o)
 .data          0x00000000400120d0        0x0 /home/fsw/rep/tasa/lib/bcc-2.2.3-gcc/bin/../lib/gcc/sparc-gaisler-elf/10.2.0/../../../../sparc-gaisler-elf/lib/leon3v7/mfix-b2bst/soft/libc.a(lib_a-vfiprintf.o)
 .data          0x00000000400120d0        0x0 /home/fsw/rep/tasa/lib/bcc-2.2.3-gcc/bin/../lib/gcc/sparc-gaisler-elf/10.2.0/../../../../sparc-gaisler-elf/lib/leon3v7/mfix-b2bst/soft/libc.a(lib_a-wbuf.o)
 .data          0x00000000400120d0        0x0 /home/fsw/rep/tasa/lib/bcc-2.2.3-gcc/bin/../lib/gcc/sparc-gaisler-elf/10.2.0/../../../../sparc-gaisler-elf/lib/leon3v7/mfix-b2bst/soft/libc.a(lib_a-writer.o)
 .data          0x00000000400120d0        0x0 /home/fsw/rep/tasa/lib/bcc-2.2.3-gcc/bin/../lib/gcc/sparc-gaisler-elf/10.2.0/../../../../sparc-gaisler-elf/lib/leon3v7/mfix-b2bst/soft/libc.a(lib_a-callocr.o)
 .data          0x00000000400120d0        0x0 /home/fsw/rep/tasa/lib/bcc-2.2.3-gcc/bin/../lib/gcc/sparc-gaisler-elf/10.2.0/../../../../sparc-gaisler-elf/lib/leon3v7/mfix-b2bst/soft/libc.a(lib_a-closer.o)
 .data          0x00000000400120d0        0x0 /home/fsw/rep/tasa/lib/bcc-2.2.3-gcc/bin/../lib/gcc/sparc-gaisler-elf/10.2.0/../../../../sparc-gaisler-elf/lib/leon3v7/mfix-b2bst/soft/libc.a(lib_a-fclose.o)
 .data          0x00000000400120d0        0x0 /home/fsw/rep/tasa/lib/bcc-2.2.3-gcc/bin/../lib/gcc/sparc-gaisler-elf/10.2.0/../../../../sparc-gaisler-elf/lib/leon3v7/mfix-b2bst/soft/libc.a(lib_a-fputwc.o)
 .data          0x00000000400120d0        0x0 /home/fsw/rep/tasa/lib/bcc-2.2.3-gcc/bin/../lib/gcc/sparc-gaisler-elf/10.2.0/../../../../sparc-gaisler-elf/lib/leon3v7/mfix-b2bst/soft/libc.a(lib_a-fstatr.o)
 .data          0x00000000400120d0        0x0 /home/fsw/rep/tasa/lib/bcc-2.2.3-gcc/bin/../lib/gcc/sparc-gaisler-elf/10.2.0/../../../../sparc-gaisler-elf/lib/leon3v7/mfix-b2bst/soft/libc.a(lib_a-isattyr.o)
 .data          0x00000000400120d0      0x16c /home/fsw/rep/tasa/lib/bcc-2.2.3-gcc/bin/../lib/gcc/sparc-gaisler-elf/10.2.0/../../../../sparc-gaisler-elf/lib/leon3v7/mfix-b2bst/soft/libc.a(lib_a-locale.o)
                0x00000000400120d0                __global_locale
 .data          0x000000004001223c        0x0 /home/fsw/rep/tasa/lib/bcc-2.2.3-gcc/bin/../lib/gcc/sparc-gaisler-elf/10.2.0/../../../../sparc-gaisler-elf/lib/leon3v7/mfix-b2bst/soft/libc.a(lib_a-lseekr.o)
 .data          0x000000004001223c        0x0 /home/fsw/rep/tasa/lib/bcc-2.2.3-gcc/bin/../lib/gcc/sparc-gaisler-elf/10.2.0/../../../../sparc-gaisler-elf/lib/leon3v7/mfix-b2bst/soft/libc.a(lib_a-mbtowc_r.o)
 .data          0x000000004001223c        0x0 /home/fsw/rep/tasa/lib/bcc-2.2.3-gcc/bin/../lib/gcc/sparc-gaisler-elf/10.2.0/../../../../sparc-gaisler-elf/lib/leon3v7/mfix-b2bst/soft/libc.a(lib_a-readr.o)
 .data          0x000000004001223c        0x0 /home/fsw/rep/tasa/lib/bcc-2.2.3-gcc/bin/../lib/gcc/sparc-gaisler-elf/10.2.0/../../../../sparc-gaisler-elf/lib/leon3v7/mfix-b2bst/soft/libc.a(lib_a-reent.o)
 .data          0x000000004001223c        0x0 /home/fsw/rep/tasa/lib/bcc-2.2.3-gcc/bin/../lib/gcc/sparc-gaisler-elf/10.2.0/../../../../sparc-gaisler-elf/lib/leon3v7/mfix-b2bst/soft/libc.a(lib_a-strcmp.o)
 .data          0x000000004001223c        0x0 /home/fsw/rep/tasa/lib/bcc-2.2.3-gcc/bin/../lib/gcc/sparc-gaisler-elf/10.2.0/../../../../sparc-gaisler-elf/lib/leon3v7/mfix-b2bst/soft/libc.a(lib_a-wcrtomb.o)
 .data          0x000000004001223c        0x0 /home/fsw/rep/tasa/lib/bcc-2.2.3-gcc/bin/../lib/gcc/sparc-gaisler-elf/10.2.0/../../../../sparc-gaisler-elf/lib/leon3v7/mfix-b2bst/soft/libc.a(lib_a-wctomb_r.o)
 .data          0x000000004001223c        0x0 /home/fsw/rep/tasa/lib/bcc-2.2.3-gcc/bin/../lib/gcc/sparc-gaisler-elf/10.2.0/../../../../sparc-gaisler-elf/lib/leon3v7/mfix-b2bst/soft/libc.a(lib_a-ctype_.o)
 .data          0x000000004001223c        0x0 /home/fsw/rep/tasa/lib/bcc-2.2.3-gcc/bin/../sparc-gaisler-elf/bsp/leon3/leon3v7/mfix-b2bst/soft/libbcc.a(_exit.S.o)
 .data          0x000000004001223c        0x0 /home/fsw/rep/tasa/lib/bcc-2.2.3-gcc/bin/../sparc-gaisler-elf/bsp/leon3/leon3v7/mfix-b2bst/soft/libbcc.a(read.c.o)
 .data          0x000000004001223c        0x0 /home/fsw/rep/tasa/lib/bcc-2.2.3-gcc/bin/../sparc-gaisler-elf/bsp/leon3/leon3v7/mfix-b2bst/soft/libbcc.a(sbrk.c.o)
 .data          0x000000004001223c        0x0 /home/fsw/rep/tasa/lib/bcc-2.2.3-gcc/bin/../sparc-gaisler-elf/bsp/leon3/leon3v7/mfix-b2bst/soft/libbcc.a(heap.c.o)
 .data          0x000000004001223c        0x0 /home/fsw/rep/tasa/lib/bcc-2.2.3-gcc/bin/../sparc-gaisler-elf/bsp/leon3/leon3v7/mfix-b2bst/soft/libbcc.a(write.c.o)
 .data          0x000000004001223c        0x0 /home/fsw/rep/tasa/lib/bcc-2.2.3-gcc/bin/../sparc-gaisler-elf/bsp/leon3/leon3v7/mfix-b2bst/soft/libbcc.a(stubs.S.o)
 .data          0x000000004001223c        0x0 /home/fsw/rep/tasa/lib/bcc-2.2.3-gcc/bin/../sparc-gaisler-elf/bsp/leon3/leon3v7/mfix-b2bst/soft/libbcc.a(con_apbuart.c.o)
 .data          0x000000004001223c        0x0 /home/fsw/rep/tasa/lib/bcc-2.2.3-gcc/bin/../lib/gcc/sparc-gaisler-elf/10.2.0/leon3v7/mfix-b2bst/soft/libgcc.a(_mulsi3.o)
 .data          0x000000004001223c        0x0 /home/fsw/rep/tasa/lib/bcc-2.2.3-gcc/bin/../lib/gcc/sparc-gaisler-elf/10.2.0/leon3v7/mfix-b2bst/soft/libgcc.a(_divsi3.o)
 .data          0x000000004001223c        0x0 /home/fsw/rep/tasa/lib/bcc-2.2.3-gcc/bin/../lib/gcc/sparc-gaisler-elf/10.2.0/leon3v7/mfix-b2bst/soft/libgcc.a(_modsi3.o)
 .data          0x000000004001223c        0x0 /home/fsw/rep/tasa/lib/bcc-2.2.3-gcc/bin/../lib/gcc/sparc-gaisler-elf/10.2.0/leon3v7/mfix-b2bst/soft/libgcc.a(_udivdi3.o)
 .data          0x000000004001223c        0x0 /home/fsw/rep/tasa/lib/bcc-2.2.3-gcc/bin/../lib/gcc/sparc-gaisler-elf/10.2.0/leon3v7/mfix-b2bst/soft/libgcc.a(_umoddi3.o)
 .data          0x000000004001223c        0x0 /home/fsw/rep/tasa/lib/bcc-2.2.3-gcc/bin/../lib/gcc/sparc-gaisler-elf/10.2.0/leon3v7/mfix-b2bst/soft/libgcc.a(_addsub_df.o)
 .data          0x000000004001223c        0x0 /home/fsw/rep/tasa/lib/bcc-2.2.3-gcc/bin/../lib/gcc/sparc-gaisler-elf/10.2.0/leon3v7/mfix-b2bst/soft/libgcc.a(_mul_df.o)
 .data          0x000000004001223c        0x0 /home/fsw/rep/tasa/lib/bcc-2.2.3-gcc/bin/../lib/gcc/sparc-gaisler-elf/10.2.0/leon3v7/mfix-b2bst/soft/libgcc.a(_div_df.o)
 .data          0x000000004001223c        0x0 /home/fsw/rep/tasa/lib/bcc-2.2.3-gcc/bin/../lib/gcc/sparc-gaisler-elf/10.2.0/leon3v7/mfix-b2bst/soft/libgcc.a(_eq_df.o)
 .data          0x000000004001223c        0x0 /home/fsw/rep/tasa/lib/bcc-2.2.3-gcc/bin/../lib/gcc/sparc-gaisler-elf/10.2.0/leon3v7/mfix-b2bst/soft/libgcc.a(_ne_df.o)
 .data          0x000000004001223c        0x0 /home/fsw/rep/tasa/lib/bcc-2.2.3-gcc/bin/../lib/gcc/sparc-gaisler-elf/10.2.0/leon3v7/mfix-b2bst/soft/libgcc.a(_gt_df.o)
 .data          0x000000004001223c        0x0 /home/fsw/rep/tasa/lib/bcc-2.2.3-gcc/bin/../lib/gcc/sparc-gaisler-elf/10.2.0/leon3v7/mfix-b2bst/soft/libgcc.a(_lt_df.o)
 .data          0x000000004001223c        0x0 /home/fsw/rep/tasa/lib/bcc-2.2.3-gcc/bin/../lib/gcc/sparc-gaisler-elf/10.2.0/leon3v7/mfix-b2bst/soft/libgcc.a(_le_df.o)
 .data          0x000000004001223c        0x0 /home/fsw/rep/tasa/lib/bcc-2.2.3-gcc/bin/../lib/gcc/sparc-gaisler-elf/10.2.0/leon3v7/mfix-b2bst/soft/libgcc.a(_unord_df.o)
 .data          0x000000004001223c        0x0 /home/fsw/rep/tasa/lib/bcc-2.2.3-gcc/bin/../lib/gcc/sparc-gaisler-elf/10.2.0/leon3v7/mfix-b2bst/soft/libgcc.a(_si_to_df.o)
 .data          0x000000004001223c        0x0 /home/fsw/rep/tasa/lib/bcc-2.2.3-gcc/bin/../lib/gcc/sparc-gaisler-elf/10.2.0/leon3v7/mfix-b2bst/soft/libgcc.a(_df_to_si.o)
 .data          0x000000004001223c        0x0 /home/fsw/rep/tasa/lib/bcc-2.2.3-gcc/bin/../lib/gcc/sparc-gaisler-elf/10.2.0/leon3v7/mfix-b2bst/soft/libgcc.a(_thenan_df.o)
 .data          0x000000004001223c        0x0 /home/fsw/rep/tasa/lib/bcc-2.2.3-gcc/bin/../lib/gcc/sparc-gaisler-elf/10.2.0/leon3v7/mfix-b2bst/soft/libgcc.a(_usi_to_df.o)
 .data          0x000000004001223c        0x0 /home/fsw/rep/tasa/lib/bcc-2.2.3-gcc/bin/../lib/gcc/sparc-gaisler-elf/10.2.0/leon3v7/mfix-b2bst/soft/libgcc.a(_muldi3.o)
 .data          0x000000004001223c        0x0 /home/fsw/rep/tasa/lib/bcc-2.2.3-gcc/bin/../lib/gcc/sparc-gaisler-elf/10.2.0/leon3v7/mfix-b2bst/soft/libgcc.a(_clz.o)
 .data          0x000000004001223c        0x0 /home/fsw/rep/tasa/lib/bcc-2.2.3-gcc/bin/../lib/gcc/sparc-gaisler-elf/10.2.0/leon3v7/mfix-b2bst/soft/libgcc.a(_clzsi2.o)
 .data          0x000000004001223c        0x0 /home/fsw/rep/tasa/lib/bcc-2.2.3-gcc/bin/../lib/gcc/sparc-gaisler-elf/10.2.0/leon3v7/mfix-b2bst/soft/libgcc.a(_pack_df.o)
 .data          0x000000004001223c        0x0 /home/fsw/rep/tasa/lib/bcc-2.2.3-gcc/bin/../lib/gcc/sparc-gaisler-elf/10.2.0/leon3v7/mfix-b2bst/soft/libgcc.a(_unpack_df.o)
 .data          0x000000004001223c        0x0 /home/fsw/rep/tasa/lib/bcc-2.2.3-gcc/bin/../lib/gcc/sparc-gaisler-elf/10.2.0/leon3v7/mfix-b2bst/soft/libgcc.a(_fpcmp_parts_df.o)
 .data          0x000000004001223c        0x0 /home/fsw/rep/tasa/lib/bcc-2.2.3-gcc/bin/../lib/gcc/sparc-gaisler-elf/10.2.0/leon3v7/mfix-b2bst/soft/crtend.o
 .data          0x000000004001223c        0x0 /home/fsw/rep/tasa/lib/bcc-2.2.3-gcc/bin/../lib/gcc/sparc-gaisler-elf/10.2.0/leon3v7/mfix-b2bst/soft/crtn.o
                0x0000000040012240                . = ALIGN (0x8)
 *fill*         0x000000004001223c        0x4 
                0x0000000040012240                __data_end = .
                0x0000000040011c30                __data_start_lma = LOADADDR (.data)
                0x0000000000000610                __data_size = SIZEOF (.data)

.iplt           0x0000000040012240        0x0
 .iplt          0x0000000040012240        0x0 /home/fsw/rep/tasa/lib/bcc-2.2.3-gcc/bin/../sparc-gaisler-elf/bsp/leon3/leon3v7/mfix-b2bst/soft/trap_table_mvt.S.o

.tm_clone_table
                0x0000000040012240        0x0
 .tm_clone_table
                0x0000000040012240        0x0 /home/fsw/rep/tasa/lib/bcc-2.2.3-gcc/bin/../lib/gcc/sparc-gaisler-elf/10.2.0/leon3v7/mfix-b2bst/soft/crtbegin.o
 .tm_clone_table
                0x0000000040012240        0x0 /home/fsw/rep/tasa/lib/bcc-2.2.3-gcc/bin/../lib/gcc/sparc-gaisler-elf/10.2.0/leon3v7/mfix-b2bst/soft/crtend.o

.bss            0x0000000040012240      0x1c0
                0x0000000040012240                . = ALIGN (0x8)
                0x0000000040012240                __bss_start = .
 *(.bss .bss.*)
 .bss           0x0000000040012240        0x0 /home/fsw/rep/tasa/lib/bcc-2.2.3-gcc/bin/../sparc-gaisler-elf/bsp/leon3/leon3v7/mfix-b2bst/soft/trap_table_mvt.S.o
 .bss           0x0000000040012240        0x4 /home/fsw/rep/tasa/lib/bcc-2.2.3-gcc/bin/../sparc-gaisler-elf/bsp/leon3/leon3v7/mfix-b2bst/soft/crt0.S.o
                0x0000000040012240                __bcc_sp_at_entry
 .bss           0x0000000040012244        0x0 /home/fsw/rep/tasa/lib/bcc-2.2.3-gcc/bin/../lib/gcc/sparc-gaisler-elf/10.2.0/leon3v7/mfix-b2bst/soft/crti.o
 .bss           0x0000000040012244       0x20 /home/fsw/rep/tasa/lib/bcc-2.2.3-gcc/bin/../lib/gcc/sparc-gaisler-elf/10.2.0/leon3v7/mfix-b2bst/soft/crtbegin.o
 .bss           0x0000000040012264        0x0 /tmp/ccerdz8l.o
 .bss           0x0000000040012264        0x0 /home/fsw/rep/tasa/lib/bcc-2.2.3-gcc/bin/../sparc-gaisler-elf/bsp/leon3/leon3v7/mfix-b2bst/soft/libbcc.a(reset_trap_mvt.S.o)
 .bss           0x0000000040012264        0x0 /home/fsw/rep/tasa/lib/bcc-2.2.3-gcc/bin/../sparc-gaisler-elf/bsp/leon3/leon3v7/mfix-b2bst/soft/libbcc.a(window_trap.S.o)
 .bss           0x0000000040012264        0x0 /home/fsw/rep/tasa/lib/bcc-2.2.3-gcc/bin/../sparc-gaisler-elf/bsp/leon3/leon3v7/mfix-b2bst/soft/libbcc.a(interrupt_trap.S.o)
 *fill*         0x0000000040012264        0x4 
 .bss           0x0000000040012268       0x14 /home/fsw/rep/tasa/lib/bcc-2.2.3-gcc/bin/../sparc-gaisler-elf/bsp/leon3/leon3v7/mfix-b2bst/soft/libbcc.a(flush_windows_trap.S.o)
 .bss           0x000000004001227c        0x0 /home/fsw/rep/tasa/lib/bcc-2.2.3-gcc/bin/../sparc-gaisler-elf/bsp/leon3/leon3v7/mfix-b2bst/soft/libbcc.a(sw_trap_set_pil.S.o)
 .bss           0x000000004001227c       0x80 /home/fsw/rep/tasa/lib/bcc-2.2.3-gcc/bin/../sparc-gaisler-elf/bsp/leon3/leon3v7/mfix-b2bst/soft/libbcc.a(isr.c.o)
                0x000000004001227c                __bcc_isr_list
 .bss           0x00000000400122fc        0x0 /home/fsw/rep/tasa/lib/bcc-2.2.3-gcc/bin/../sparc-gaisler-elf/bsp/leon3/leon3v7/mfix-b2bst/soft/libbcc.a(int_nest.c.o)
 .bss           0x00000000400122fc        0x0 /home/fsw/rep/tasa/lib/bcc-2.2.3-gcc/bin/../sparc-gaisler-elf/bsp/leon3/leon3v7/mfix-b2bst/soft/libbcc.a(init.S.o)
 .bss           0x00000000400122fc        0x0 /home/fsw/rep/tasa/lib/bcc-2.2.3-gcc/bin/../sparc-gaisler-elf/bsp/leon3/leon3v7/mfix-b2bst/soft/libbcc.a(leon_info.S.o)
 .bss           0x00000000400122fc        0x0 /home/fsw/rep/tasa/lib/bcc-2.2.3-gcc/bin/../sparc-gaisler-elf/bsp/leon3/leon3v7/mfix-b2bst/soft/libbcc.a(dwzero.S.o)
 .bss           0x00000000400122fc        0x0 /home/fsw/rep/tasa/lib/bcc-2.2.3-gcc/bin/../sparc-gaisler-elf/bsp/leon3/leon3v7/mfix-b2bst/soft/libbcc.a(copy_data.c.o)
 .bss           0x00000000400122fc        0x8 /home/fsw/rep/tasa/lib/bcc-2.2.3-gcc/bin/../sparc-gaisler-elf/bsp/leon3/leon3v7/mfix-b2bst/soft/libbcc.a(argv.c.o)
                0x0000000040012300                __bcc_argc
 .bss           0x0000000040012304        0x0 /home/fsw/rep/tasa/lib/bcc-2.2.3-gcc/bin/../sparc-gaisler-elf/bsp/leon3/leon3v7/mfix-b2bst/soft/libbcc.a(int_irqmp_get_source.c.o)
 .bss           0x0000000040012304        0x0 /home/fsw/rep/tasa/lib/bcc-2.2.3-gcc/bin/../sparc-gaisler-elf/bsp/leon3/leon3v7/mfix-b2bst/soft/libbcc.a(int_irqmp_mp.c.o)
 .bss           0x0000000040012304        0x0 /home/fsw/rep/tasa/lib/bcc-2.2.3-gcc/bin/../sparc-gaisler-elf/bsp/leon3/leon3v7/mfix-b2bst/soft/libbcc.a(int_irqmp_init.c.o)
 .bss           0x0000000040012304        0x0 /home/fsw/rep/tasa/lib/bcc-2.2.3-gcc/bin/../sparc-gaisler-elf/bsp/leon3/leon3v7/mfix-b2bst/soft/libbcc.a(con_apbuart_init.c.o)
 .bss           0x0000000040012304        0x0 /home/fsw/rep/tasa/lib/bcc-2.2.3-gcc/bin/../sparc-gaisler-elf/bsp/leon3/leon3v7/mfix-b2bst/soft/libbcc.a(timer_gptimer_init.c.o)
 .bss           0x0000000040012304        0x0 /home/fsw/rep/tasa/lib/bcc-2.2.3-gcc/bin/../sparc-gaisler-elf/bsp/leon3/leon3v7/mfix-b2bst/soft/libbcc.a(ambapp.c.o)
 .bss           0x0000000040012304        0x0 /home/fsw/rep/tasa/lib/bcc-2.2.3-gcc/bin/../sparc-gaisler-elf/bsp/leon3/leon3v7/mfix-b2bst/soft/libbcc.a(ambapp_findfirst_fn.c.o)
 .bss           0x0000000040012304       0x10 /home/fsw/rep/tasa/lib/bcc-2.2.3-gcc/bin/../sparc-gaisler-elf/bsp/leon3/leon3v7/mfix-b2bst/soft/libbcc.a(int_irqmp_handle.c.o)
                0x0000000040012304                __bcc_int_irqmp_nts
                0x0000000040012308                __bcc_int_irqmp_map
                0x000000004001230c                __bcc_int_irqmp_eirq
                0x0000000040012310                __bcc_int_handle
 .bss           0x0000000040012314        0x4 /home/fsw/rep/tasa/lib/bcc-2.2.3-gcc/bin/../sparc-gaisler-elf/bsp/leon3/leon3v7/mfix-b2bst/soft/libbcc.a(con_handle.c.o)
                0x0000000040012314                __bcc_con_handle
 .bss           0x0000000040012318        0x8 /home/fsw/rep/tasa/lib/bcc-2.2.3-gcc/bin/../sparc-gaisler-elf/bsp/leon3/leon3v7/mfix-b2bst/soft/libbcc.a(timer_handle.c.o)
                0x0000000040012318                __bcc_timer_interrupt
                0x000000004001231c                __bcc_timer_handle
 .bss           0x0000000040012320        0x0 /home/fsw/rep/tasa/lib/bcc-2.2.3-gcc/bin/../lib/gcc/sparc-gaisler-elf/10.2.0/../../../../sparc-gaisler-elf/lib/leon3v7/mfix-b2bst/soft/libc.a(lib_a-atexit.o)
 .bss           0x0000000040012320        0x0 /home/fsw/rep/tasa/lib/bcc-2.2.3-gcc/bin/../lib/gcc/sparc-gaisler-elf/10.2.0/../../../../sparc-gaisler-elf/lib/leon3v7/mfix-b2bst/soft/libc.a(lib_a-exit.o)
 .bss           0x0000000040012320        0x0 /home/fsw/rep/tasa/lib/bcc-2.2.3-gcc/bin/../lib/gcc/sparc-gaisler-elf/10.2.0/../../../../sparc-gaisler-elf/lib/leon3v7/mfix-b2bst/soft/libc.a(lib_a-impure.o)
 .bss           0x0000000040012320        0x0 /home/fsw/rep/tasa/lib/bcc-2.2.3-gcc/bin/../lib/gcc/sparc-gaisler-elf/10.2.0/../../../../sparc-gaisler-elf/lib/leon3v7/mfix-b2bst/soft/libc.a(lib_a-memcpy.o)
 .bss           0x0000000040012320        0x0 /home/fsw/rep/tasa/lib/bcc-2.2.3-gcc/bin/../lib/gcc/sparc-gaisler-elf/10.2.0/../../../../sparc-gaisler-elf/lib/leon3v7/mfix-b2bst/soft/libc.a(lib_a-printf.o)
 .bss           0x0000000040012320        0x0 /home/fsw/rep/tasa/lib/bcc-2.2.3-gcc/bin/../lib/gcc/sparc-gaisler-elf/10.2.0/../../../../sparc-gaisler-elf/lib/leon3v7/mfix-b2bst/soft/libc.a(lib_a-putchar.o)
 .bss           0x0000000040012320        0x0 /home/fsw/rep/tasa/lib/bcc-2.2.3-gcc/bin/../lib/gcc/sparc-gaisler-elf/10.2.0/../../../../sparc-gaisler-elf/lib/leon3v7/mfix-b2bst/soft/libc.a(lib_a-puts.o)
 .bss           0x0000000040012320        0x0 /home/fsw/rep/tasa/lib/bcc-2.2.3-gcc/bin/../lib/gcc/sparc-gaisler-elf/10.2.0/../../../../sparc-gaisler-elf/lib/leon3v7/mfix-b2bst/soft/libc.a(lib_a-strlen.o)
 .bss           0x0000000040012320        0x0 /home/fsw/rep/tasa/lib/bcc-2.2.3-gcc/bin/../lib/gcc/sparc-gaisler-elf/10.2.0/../../../../sparc-gaisler-elf/lib/leon3v7/mfix-b2bst/soft/libc.a(lib_a-vfprintf.o)
 .bss           0x0000000040012320        0x0 /home/fsw/rep/tasa/lib/bcc-2.2.3-gcc/bin/../lib/gcc/sparc-gaisler-elf/10.2.0/../../../../sparc-gaisler-elf/lib/leon3v7/mfix-b2bst/soft/libc.a(lib_a-wsetup.o)
 .bss           0x0000000040012320       0x8c /home/fsw/rep/tasa/lib/bcc-2.2.3-gcc/bin/../lib/gcc/sparc-gaisler-elf/10.2.0/../../../../sparc-gaisler-elf/lib/leon3v7/mfix-b2bst/soft/libc.a(lib_a-__atexit.o)
 .bss           0x00000000400123ac        0x4 /home/fsw/rep/tasa/lib/bcc-2.2.3-gcc/bin/../lib/gcc/sparc-gaisler-elf/10.2.0/../../../../sparc-gaisler-elf/lib/leon3v7/mfix-b2bst/soft/libc.a(lib_a-__call_atexit.o)
                0x00000000400123ac                _global_atexit
 .bss           0x00000000400123b0        0x0 /home/fsw/rep/tasa/lib/bcc-2.2.3-gcc/bin/../lib/gcc/sparc-gaisler-elf/10.2.0/../../../../sparc-gaisler-elf/lib/leon3v7/mfix-b2bst/soft/libc.a(lib_a-dtoa.o)
 .bss           0x00000000400123b0        0x0 /home/fsw/rep/tasa/lib/bcc-2.2.3-gcc/bin/../lib/gcc/sparc-gaisler-elf/10.2.0/../../../../sparc-gaisler-elf/lib/leon3v7/mfix-b2bst/soft/libc.a(lib_a-fflush.o)
 .bss           0x00000000400123b0        0x0 /home/fsw/rep/tasa/lib/bcc-2.2.3-gcc/bin/../lib/gcc/sparc-gaisler-elf/10.2.0/../../../../sparc-gaisler-elf/lib/leon3v7/mfix-b2bst/soft/libc.a(lib_a-findfp.o)
 .bss           0x00000000400123b0        0x0 /home/fsw/rep/tasa/lib/bcc-2.2.3-gcc/bin/../lib/gcc/sparc-gaisler-elf/10.2.0/../../../../sparc-gaisler-elf/lib/leon3v7/mfix-b2bst/soft/libc.a(lib_a-freer.o)
 .bss           0x00000000400123b0        0x0 /home/fsw/rep/tasa/lib/bcc-2.2.3-gcc/bin/../lib/gcc/sparc-gaisler-elf/10.2.0/../../../../sparc-gaisler-elf/lib/leon3v7/mfix-b2bst/soft/libc.a(lib_a-fvwrite.o)
 .bss           0x00000000400123b0        0x0 /home/fsw/rep/tasa/lib/bcc-2.2.3-gcc/bin/../lib/gcc/sparc-gaisler-elf/10.2.0/../../../../sparc-gaisler-elf/lib/leon3v7/mfix-b2bst/soft/libc.a(lib_a-fwalk.o)
 .bss           0x00000000400123b0        0x0 /home/fsw/rep/tasa/lib/bcc-2.2.3-gcc/bin/../lib/gcc/sparc-gaisler-elf/10.2.0/../../../../sparc-gaisler-elf/lib/leon3v7/mfix-b2bst/soft/libc.a(lib_a-localeconv.o)
 .bss           0x00000000400123b0        0x0 /home/fsw/rep/tasa/lib/bcc-2.2.3-gcc/bin/../lib/gcc/sparc-gaisler-elf/10.2.0/../../../../sparc-gaisler-elf/lib/leon3v7/mfix-b2bst/soft/libc.a(lib_a-makebuf.o)
 .bss           0x00000000400123b0        0x0 /home/fsw/rep/tasa/lib/bcc-2.2.3-gcc/bin/../lib/gcc/sparc-gaisler-elf/10.2.0/../../../../sparc-gaisler-elf/lib/leon3v7/mfix-b2bst/soft/libc.a(lib_a-malloc.o)
 .bss           0x00000000400123b0       0x34 /home/fsw/rep/tasa/lib/bcc-2.2.3-gcc/bin/../lib/gcc/sparc-gaisler-elf/10.2.0/../../../../sparc-gaisler-elf/lib/leon3v7/mfix-b2bst/soft/libc.a(lib_a-mallocr.o)
                0x00000000400123b0                __malloc_current_mallinfo
                0x00000000400123d8                __malloc_max_total_mem
                0x00000000400123dc                __malloc_max_sbrked_mem
                0x00000000400123e0                __malloc_top_pad
 .bss           0x00000000400123e4        0x0 /home/fsw/rep/tasa/lib/bcc-2.2.3-gcc/bin/../lib/gcc/sparc-gaisler-elf/10.2.0/../../../../sparc-gaisler-elf/lib/leon3v7/mfix-b2bst/soft/libc.a(lib_a-memchr.o)
 .bss           0x00000000400123e4        0x0 /home/fsw/rep/tasa/lib/bcc-2.2.3-gcc/bin/../lib/gcc/sparc-gaisler-elf/10.2.0/../../../../sparc-gaisler-elf/lib/leon3v7/mfix-b2bst/soft/libc.a(lib_a-memmove.o)
 .bss           0x00000000400123e4        0x0 /home/fsw/rep/tasa/lib/bcc-2.2.3-gcc/bin/../lib/gcc/sparc-gaisler-elf/10.2.0/../../../../sparc-gaisler-elf/lib/leon3v7/mfix-b2bst/soft/libc.a(lib_a-memset.o)
 .bss           0x00000000400123e4        0x0 /home/fsw/rep/tasa/lib/bcc-2.2.3-gcc/bin/../lib/gcc/sparc-gaisler-elf/10.2.0/../../../../sparc-gaisler-elf/lib/leon3v7/mfix-b2bst/soft/libc.a(lib_a-mlock.o)
 .bss           0x00000000400123e4        0x0 /home/fsw/rep/tasa/lib/bcc-2.2.3-gcc/bin/../lib/gcc/sparc-gaisler-elf/10.2.0/../../../../sparc-gaisler-elf/lib/leon3v7/mfix-b2bst/soft/libc.a(lib_a-mprec.o)
 .bss           0x00000000400123e4        0x0 /home/fsw/rep/tasa/lib/bcc-2.2.3-gcc/bin/../lib/gcc/sparc-gaisler-elf/10.2.0/../../../../sparc-gaisler-elf/lib/leon3v7/mfix-b2bst/soft/libc.a(lib_a-putc.o)
 .bss           0x00000000400123e4        0x0 /home/fsw/rep/tasa/lib/bcc-2.2.3-gcc/bin/../lib/gcc/sparc-gaisler-elf/10.2.0/../../../../sparc-gaisler-elf/lib/leon3v7/mfix-b2bst/soft/libc.a(lib_a-reallocr.o)
 .bss           0x00000000400123e4        0x0 /home/fsw/rep/tasa/lib/bcc-2.2.3-gcc/bin/../lib/gcc/sparc-gaisler-elf/10.2.0/../../../../sparc-gaisler-elf/lib/leon3v7/mfix-b2bst/soft/libc.a(lib_a-s_frexp.o)
 .bss           0x00000000400123e4        0x0 /home/fsw/rep/tasa/lib/bcc-2.2.3-gcc/bin/../lib/gcc/sparc-gaisler-elf/10.2.0/../../../../sparc-gaisler-elf/lib/leon3v7/mfix-b2bst/soft/libc.a(lib_a-sbrkr.o)
 .bss           0x00000000400123e4        0x0 /home/fsw/rep/tasa/lib/bcc-2.2.3-gcc/bin/../lib/gcc/sparc-gaisler-elf/10.2.0/../../../../sparc-gaisler-elf/lib/leon3v7/mfix-b2bst/soft/libc.a(lib_a-stdio.o)
 .bss           0x00000000400123e4        0x0 /home/fsw/rep/tasa/lib/bcc-2.2.3-gcc/bin/../lib/gcc/sparc-gaisler-elf/10.2.0/../../../../sparc-gaisler-elf/lib/leon3v7/mfix-b2bst/soft/libc.a(lib_a-strncpy.o)
 .bss           0x00000000400123e4        0x0 /home/fsw/rep/tasa/lib/bcc-2.2.3-gcc/bin/../lib/gcc/sparc-gaisler-elf/10.2.0/../../../../sparc-gaisler-elf/lib/leon3v7/mfix-b2bst/soft/libc.a(lib_a-vfiprintf.o)
 .bss           0x00000000400123e4        0x0 /home/fsw/rep/tasa/lib/bcc-2.2.3-gcc/bin/../lib/gcc/sparc-gaisler-elf/10.2.0/../../../../sparc-gaisler-elf/lib/leon3v7/mfix-b2bst/soft/libc.a(lib_a-wbuf.o)
 .bss           0x00000000400123e4        0x0 /home/fsw/rep/tasa/lib/bcc-2.2.3-gcc/bin/../lib/gcc/sparc-gaisler-elf/10.2.0/../../../../sparc-gaisler-elf/lib/leon3v7/mfix-b2bst/soft/libc.a(lib_a-writer.o)
 .bss           0x00000000400123e4        0x0 /home/fsw/rep/tasa/lib/bcc-2.2.3-gcc/bin/../lib/gcc/sparc-gaisler-elf/10.2.0/../../../../sparc-gaisler-elf/lib/leon3v7/mfix-b2bst/soft/libc.a(lib_a-callocr.o)
 .bss           0x00000000400123e4        0x0 /home/fsw/rep/tasa/lib/bcc-2.2.3-gcc/bin/../lib/gcc/sparc-gaisler-elf/10.2.0/../../../../sparc-gaisler-elf/lib/leon3v7/mfix-b2bst/soft/libc.a(lib_a-closer.o)
 .bss           0x00000000400123e4        0x0 /home/fsw/rep/tasa/lib/bcc-2.2.3-gcc/bin/../lib/gcc/sparc-gaisler-elf/10.2.0/../../../../sparc-gaisler-elf/lib/leon3v7/mfix-b2bst/soft/libc.a(lib_a-fclose.o)
 .bss           0x00000000400123e4        0x0 /home/fsw/rep/tasa/lib/bcc-2.2.3-gcc/bin/../lib/gcc/sparc-gaisler-elf/10.2.0/../../../../sparc-gaisler-elf/lib/leon3v7/mfix-b2bst/soft/libc.a(lib_a-fputwc.o)
 .bss           0x00000000400123e4        0x0 /home/fsw/rep/tasa/lib/bcc-2.2.3-gcc/bin/../lib/gcc/sparc-gaisler-elf/10.2.0/../../../../sparc-gaisler-elf/lib/leon3v7/mfix-b2bst/soft/libc.a(lib_a-fstatr.o)
 .bss           0x00000000400123e4        0x0 /home/fsw/rep/tasa/lib/bcc-2.2.3-gcc/bin/../lib/gcc/sparc-gaisler-elf/10.2.0/../../../../sparc-gaisler-elf/lib/leon3v7/mfix-b2bst/soft/libc.a(lib_a-isattyr.o)
 .bss           0x00000000400123e4        0x4 /home/fsw/rep/tasa/lib/bcc-2.2.3-gcc/bin/../lib/gcc/sparc-gaisler-elf/10.2.0/../../../../sparc-gaisler-elf/lib/leon3v7/mfix-b2bst/soft/libc.a(lib_a-locale.o)
                0x00000000400123e4                _PathLocale
 .bss           0x00000000400123e8        0x0 /home/fsw/rep/tasa/lib/bcc-2.2.3-gcc/bin/../lib/gcc/sparc-gaisler-elf/10.2.0/../../../../sparc-gaisler-elf/lib/leon3v7/mfix-b2bst/soft/libc.a(lib_a-lseekr.o)
 .bss           0x00000000400123e8        0x0 /home/fsw/rep/tasa/lib/bcc-2.2.3-gcc/bin/../lib/gcc/sparc-gaisler-elf/10.2.0/../../../../sparc-gaisler-elf/lib/leon3v7/mfix-b2bst/soft/libc.a(lib_a-mbtowc_r.o)
 .bss           0x00000000400123e8        0x0 /home/fsw/rep/tasa/lib/bcc-2.2.3-gcc/bin/../lib/gcc/sparc-gaisler-elf/10.2.0/../../../../sparc-gaisler-elf/lib/leon3v7/mfix-b2bst/soft/libc.a(lib_a-readr.o)
 .bss           0x00000000400123e8        0x4 /home/fsw/rep/tasa/lib/bcc-2.2.3-gcc/bin/../lib/gcc/sparc-gaisler-elf/10.2.0/../../../../sparc-gaisler-elf/lib/leon3v7/mfix-b2bst/soft/libc.a(lib_a-reent.o)
                0x00000000400123e8                errno
 .bss           0x00000000400123ec        0x0 /home/fsw/rep/tasa/lib/bcc-2.2.3-gcc/bin/../lib/gcc/sparc-gaisler-elf/10.2.0/../../../../sparc-gaisler-elf/lib/leon3v7/mfix-b2bst/soft/libc.a(lib_a-strcmp.o)
 .bss           0x00000000400123ec        0x0 /home/fsw/rep/tasa/lib/bcc-2.2.3-gcc/bin/../lib/gcc/sparc-gaisler-elf/10.2.0/../../../../sparc-gaisler-elf/lib/leon3v7/mfix-b2bst/soft/libc.a(lib_a-wcrtomb.o)
 .bss           0x00000000400123ec        0x0 /home/fsw/rep/tasa/lib/bcc-2.2.3-gcc/bin/../lib/gcc/sparc-gaisler-elf/10.2.0/../../../../sparc-gaisler-elf/lib/leon3v7/mfix-b2bst/soft/libc.a(lib_a-wctomb_r.o)
 .bss           0x00000000400123ec        0x0 /home/fsw/rep/tasa/lib/bcc-2.2.3-gcc/bin/../lib/gcc/sparc-gaisler-elf/10.2.0/../../../../sparc-gaisler-elf/lib/leon3v7/mfix-b2bst/soft/libc.a(lib_a-ctype_.o)
 .bss           0x00000000400123ec        0x0 /home/fsw/rep/tasa/lib/bcc-2.2.3-gcc/bin/../sparc-gaisler-elf/bsp/leon3/leon3v7/mfix-b2bst/soft/libbcc.a(_exit.S.o)
 .bss           0x00000000400123ec        0x0 /home/fsw/rep/tasa/lib/bcc-2.2.3-gcc/bin/../sparc-gaisler-elf/bsp/leon3/leon3v7/mfix-b2bst/soft/libbcc.a(read.c.o)
 .bss           0x00000000400123ec        0x4 /home/fsw/rep/tasa/lib/bcc-2.2.3-gcc/bin/../sparc-gaisler-elf/bsp/leon3/leon3v7/mfix-b2bst/soft/libbcc.a(sbrk.c.o)
 .bss           0x00000000400123f0        0x8 /home/fsw/rep/tasa/lib/bcc-2.2.3-gcc/bin/../sparc-gaisler-elf/bsp/leon3/leon3v7/mfix-b2bst/soft/libbcc.a(heap.c.o)
                0x00000000400123f0                __bcc_heap_max
                0x00000000400123f4                __bcc_heap_min
 .bss           0x00000000400123f8        0x0 /home/fsw/rep/tasa/lib/bcc-2.2.3-gcc/bin/../sparc-gaisler-elf/bsp/leon3/leon3v7/mfix-b2bst/soft/libbcc.a(write.c.o)
 .bss           0x00000000400123f8        0x0 /home/fsw/rep/tasa/lib/bcc-2.2.3-gcc/bin/../sparc-gaisler-elf/bsp/leon3/leon3v7/mfix-b2bst/soft/libbcc.a(stubs.S.o)
 .bss           0x00000000400123f8        0x4 /home/fsw/rep/tasa/lib/bcc-2.2.3-gcc/bin/../sparc-gaisler-elf/bsp/leon3/leon3v7/mfix-b2bst/soft/libbcc.a(con_apbuart.c.o)
 .bss           0x00000000400123fc        0x0 /home/fsw/rep/tasa/lib/bcc-2.2.3-gcc/bin/../lib/gcc/sparc-gaisler-elf/10.2.0/leon3v7/mfix-b2bst/soft/libgcc.a(_mulsi3.o)
 .bss           0x00000000400123fc        0x0 /home/fsw/rep/tasa/lib/bcc-2.2.3-gcc/bin/../lib/gcc/sparc-gaisler-elf/10.2.0/leon3v7/mfix-b2bst/soft/libgcc.a(_divsi3.o)
 .bss           0x00000000400123fc        0x0 /home/fsw/rep/tasa/lib/bcc-2.2.3-gcc/bin/../lib/gcc/sparc-gaisler-elf/10.2.0/leon3v7/mfix-b2bst/soft/libgcc.a(_modsi3.o)
 .bss           0x00000000400123fc        0x0 /home/fsw/rep/tasa/lib/bcc-2.2.3-gcc/bin/../lib/gcc/sparc-gaisler-elf/10.2.0/leon3v7/mfix-b2bst/soft/libgcc.a(_udivdi3.o)
 .bss           0x00000000400123fc        0x0 /home/fsw/rep/tasa/lib/bcc-2.2.3-gcc/bin/../lib/gcc/sparc-gaisler-elf/10.2.0/leon3v7/mfix-b2bst/soft/libgcc.a(_umoddi3.o)
 .bss           0x00000000400123fc        0x0 /home/fsw/rep/tasa/lib/bcc-2.2.3-gcc/bin/../lib/gcc/sparc-gaisler-elf/10.2.0/leon3v7/mfix-b2bst/soft/libgcc.a(_addsub_df.o)
 .bss           0x00000000400123fc        0x0 /home/fsw/rep/tasa/lib/bcc-2.2.3-gcc/bin/../lib/gcc/sparc-gaisler-elf/10.2.0/leon3v7/mfix-b2bst/soft/libgcc.a(_mul_df.o)
 .bss           0x00000000400123fc        0x0 /home/fsw/rep/tasa/lib/bcc-2.2.3-gcc/bin/../lib/gcc/sparc-gaisler-elf/10.2.0/leon3v7/mfix-b2bst/soft/libgcc.a(_div_df.o)
 .bss           0x00000000400123fc        0x0 /home/fsw/rep/tasa/lib/bcc-2.2.3-gcc/bin/../lib/gcc/sparc-gaisler-elf/10.2.0/leon3v7/mfix-b2bst/soft/libgcc.a(_eq_df.o)
 .bss           0x00000000400123fc        0x0 /home/fsw/rep/tasa/lib/bcc-2.2.3-gcc/bin/../lib/gcc/sparc-gaisler-elf/10.2.0/leon3v7/mfix-b2bst/soft/libgcc.a(_ne_df.o)
 .bss           0x00000000400123fc        0x0 /home/fsw/rep/tasa/lib/bcc-2.2.3-gcc/bin/../lib/gcc/sparc-gaisler-elf/10.2.0/leon3v7/mfix-b2bst/soft/libgcc.a(_gt_df.o)
 .bss           0x00000000400123fc        0x0 /home/fsw/rep/tasa/lib/bcc-2.2.3-gcc/bin/../lib/gcc/sparc-gaisler-elf/10.2.0/leon3v7/mfix-b2bst/soft/libgcc.a(_lt_df.o)
 .bss           0x00000000400123fc        0x0 /home/fsw/rep/tasa/lib/bcc-2.2.3-gcc/bin/../lib/gcc/sparc-gaisler-elf/10.2.0/leon3v7/mfix-b2bst/soft/libgcc.a(_le_df.o)
 .bss           0x00000000400123fc        0x0 /home/fsw/rep/tasa/lib/bcc-2.2.3-gcc/bin/../lib/gcc/sparc-gaisler-elf/10.2.0/leon3v7/mfix-b2bst/soft/libgcc.a(_unord_df.o)
 .bss           0x00000000400123fc        0x0 /home/fsw/rep/tasa/lib/bcc-2.2.3-gcc/bin/../lib/gcc/sparc-gaisler-elf/10.2.0/leon3v7/mfix-b2bst/soft/libgcc.a(_si_to_df.o)
 .bss           0x00000000400123fc        0x0 /home/fsw/rep/tasa/lib/bcc-2.2.3-gcc/bin/../lib/gcc/sparc-gaisler-elf/10.2.0/leon3v7/mfix-b2bst/soft/libgcc.a(_df_to_si.o)
 .bss           0x00000000400123fc        0x0 /home/fsw/rep/tasa/lib/bcc-2.2.3-gcc/bin/../lib/gcc/sparc-gaisler-elf/10.2.0/leon3v7/mfix-b2bst/soft/libgcc.a(_thenan_df.o)
 .bss           0x00000000400123fc        0x0 /home/fsw/rep/tasa/lib/bcc-2.2.3-gcc/bin/../lib/gcc/sparc-gaisler-elf/10.2.0/leon3v7/mfix-b2bst/soft/libgcc.a(_usi_to_df.o)
 .bss           0x00000000400123fc        0x0 /home/fsw/rep/tasa/lib/bcc-2.2.3-gcc/bin/../lib/gcc/sparc-gaisler-elf/10.2.0/leon3v7/mfix-b2bst/soft/libgcc.a(_muldi3.o)
 .bss           0x00000000400123fc        0x0 /home/fsw/rep/tasa/lib/bcc-2.2.3-gcc/bin/../lib/gcc/sparc-gaisler-elf/10.2.0/leon3v7/mfix-b2bst/soft/libgcc.a(_clz.o)
 .bss           0x00000000400123fc        0x0 /home/fsw/rep/tasa/lib/bcc-2.2.3-gcc/bin/../lib/gcc/sparc-gaisler-elf/10.2.0/leon3v7/mfix-b2bst/soft/libgcc.a(_clzsi2.o)
 .bss           0x00000000400123fc        0x0 /home/fsw/rep/tasa/lib/bcc-2.2.3-gcc/bin/../lib/gcc/sparc-gaisler-elf/10.2.0/leon3v7/mfix-b2bst/soft/libgcc.a(_pack_df.o)
 .bss           0x00000000400123fc        0x0 /home/fsw/rep/tasa/lib/bcc-2.2.3-gcc/bin/../lib/gcc/sparc-gaisler-elf/10.2.0/leon3v7/mfix-b2bst/soft/libgcc.a(_unpack_df.o)
 .bss           0x00000000400123fc        0x0 /home/fsw/rep/tasa/lib/bcc-2.2.3-gcc/bin/../lib/gcc/sparc-gaisler-elf/10.2.0/leon3v7/mfix-b2bst/soft/libgcc.a(_fpcmp_parts_df.o)
 .bss           0x00000000400123fc        0x0 /home/fsw/rep/tasa/lib/bcc-2.2.3-gcc/bin/../lib/gcc/sparc-gaisler-elf/10.2.0/leon3v7/mfix-b2bst/soft/crtend.o
 .bss           0x00000000400123fc        0x0 /home/fsw/rep/tasa/lib/bcc-2.2.3-gcc/bin/../lib/gcc/sparc-gaisler-elf/10.2.0/leon3v7/mfix-b2bst/soft/crtn.o
 *(COMMON)
                0x0000000040012400                . = ALIGN (0x8)
 *fill*         0x00000000400123fc        0x4 
                0x0000000040012400                __bss_end = .
                0x0000000040012400                __heap_min = .
                0x0000000040012400                . = ALIGN (0x8)

.jcr
 *(.jcr)

.stab
 *(.stab)

.stabstr
 *(.stabstr)

.debug
 *(.debug)

.line
 *(.line)

.debug_srcinfo
 *(.debug_srcinfo)

.debug_sfnames
 *(.debug_sfnames)

.debug_aranges  0x0000000000000000      0xd08
 *(.debug_aranges)
 .debug_aranges
                0x0000000000000000       0x20 /home/fsw/rep/tasa/lib/bcc-2.2.3-gcc/bin/../sparc-gaisler-elf/bsp/leon3/leon3v7/mfix-b2bst/soft/trap_table_mvt.S.o
 .debug_aranges
                0x0000000000000020       0x20 /home/fsw/rep/tasa/lib/bcc-2.2.3-gcc/bin/../sparc-gaisler-elf/bsp/leon3/leon3v7/mfix-b2bst/soft/crt0.S.o
 .debug_aranges
                0x0000000000000040       0x20 /tmp/ccerdz8l.o
 .debug_aranges
                0x0000000000000060       0x20 /home/fsw/rep/tasa/lib/bcc-2.2.3-gcc/bin/../sparc-gaisler-elf/bsp/leon3/leon3v7/mfix-b2bst/soft/libbcc.a(reset_trap_mvt.S.o)
 .debug_aranges
                0x0000000000000080       0x20 /home/fsw/rep/tasa/lib/bcc-2.2.3-gcc/bin/../sparc-gaisler-elf/bsp/leon3/leon3v7/mfix-b2bst/soft/libbcc.a(window_trap.S.o)
 .debug_aranges
                0x00000000000000a0       0x20 /home/fsw/rep/tasa/lib/bcc-2.2.3-gcc/bin/../sparc-gaisler-elf/bsp/leon3/leon3v7/mfix-b2bst/soft/libbcc.a(interrupt_trap.S.o)
 .debug_aranges
                0x00000000000000c0       0x20 /home/fsw/rep/tasa/lib/bcc-2.2.3-gcc/bin/../sparc-gaisler-elf/bsp/leon3/leon3v7/mfix-b2bst/soft/libbcc.a(flush_windows_trap.S.o)
 .debug_aranges
                0x00000000000000e0       0x20 /home/fsw/rep/tasa/lib/bcc-2.2.3-gcc/bin/../sparc-gaisler-elf/bsp/leon3/leon3v7/mfix-b2bst/soft/libbcc.a(sw_trap_set_pil.S.o)
 .debug_aranges
                0x0000000000000100       0x18 /home/fsw/rep/tasa/lib/bcc-2.2.3-gcc/bin/../sparc-gaisler-elf/bsp/leon3/leon3v7/mfix-b2bst/soft/libbcc.a(isr.c.o)
 .debug_aranges
                0x0000000000000118       0x18 /home/fsw/rep/tasa/lib/bcc-2.2.3-gcc/bin/../sparc-gaisler-elf/bsp/leon3/leon3v7/mfix-b2bst/soft/libbcc.a(int_nest.c.o)
 .debug_aranges
                0x0000000000000130       0x20 /home/fsw/rep/tasa/lib/bcc-2.2.3-gcc/bin/../sparc-gaisler-elf/bsp/leon3/leon3v7/mfix-b2bst/soft/libbcc.a(init.S.o)
 .debug_aranges
                0x0000000000000150       0x20 /home/fsw/rep/tasa/lib/bcc-2.2.3-gcc/bin/../sparc-gaisler-elf/bsp/leon3/leon3v7/mfix-b2bst/soft/libbcc.a(leon_info.S.o)
 .debug_aranges
                0x0000000000000170       0x20 /home/fsw/rep/tasa/lib/bcc-2.2.3-gcc/bin/../sparc-gaisler-elf/bsp/leon3/leon3v7/mfix-b2bst/soft/libbcc.a(dwzero.S.o)
 .debug_aranges
                0x0000000000000190       0x20 /home/fsw/rep/tasa/lib/bcc-2.2.3-gcc/bin/../sparc-gaisler-elf/bsp/leon3/leon3v7/mfix-b2bst/soft/libbcc.a(copy_data.c.o)
 .debug_aranges
                0x00000000000001b0       0x18 /home/fsw/rep/tasa/lib/bcc-2.2.3-gcc/bin/../sparc-gaisler-elf/bsp/leon3/leon3v7/mfix-b2bst/soft/libbcc.a(argv.c.o)
 .debug_aranges
                0x00000000000001c8       0x20 /home/fsw/rep/tasa/lib/bcc-2.2.3-gcc/bin/../sparc-gaisler-elf/bsp/leon3/leon3v7/mfix-b2bst/soft/libbcc.a(int_irqmp_get_source.c.o)
 .debug_aranges
                0x00000000000001e8       0x20 /home/fsw/rep/tasa/lib/bcc-2.2.3-gcc/bin/../sparc-gaisler-elf/bsp/leon3/leon3v7/mfix-b2bst/soft/libbcc.a(int_irqmp_mp.c.o)
 .debug_aranges
                0x0000000000000208       0x20 /home/fsw/rep/tasa/lib/bcc-2.2.3-gcc/bin/../sparc-gaisler-elf/bsp/leon3/leon3v7/mfix-b2bst/soft/libbcc.a(int_irqmp_init.c.o)
 .debug_aranges
                0x0000000000000228       0x20 /home/fsw/rep/tasa/lib/bcc-2.2.3-gcc/bin/../sparc-gaisler-elf/bsp/leon3/leon3v7/mfix-b2bst/soft/libbcc.a(con_apbuart_init.c.o)
 .debug_aranges
                0x0000000000000248       0x20 /home/fsw/rep/tasa/lib/bcc-2.2.3-gcc/bin/../sparc-gaisler-elf/bsp/leon3/leon3v7/mfix-b2bst/soft/libbcc.a(timer_gptimer_init.c.o)
 .debug_aranges
                0x0000000000000268       0x20 /home/fsw/rep/tasa/lib/bcc-2.2.3-gcc/bin/../sparc-gaisler-elf/bsp/leon3/leon3v7/mfix-b2bst/soft/libbcc.a(ambapp.c.o)
 .debug_aranges
                0x0000000000000288       0x20 /home/fsw/rep/tasa/lib/bcc-2.2.3-gcc/bin/../sparc-gaisler-elf/bsp/leon3/leon3v7/mfix-b2bst/soft/libbcc.a(ambapp_findfirst_fn.c.o)
 .debug_aranges
                0x00000000000002a8       0x18 /home/fsw/rep/tasa/lib/bcc-2.2.3-gcc/bin/../sparc-gaisler-elf/bsp/leon3/leon3v7/mfix-b2bst/soft/libbcc.a(int_irqmp_handle.c.o)
 .debug_aranges
                0x00000000000002c0       0x18 /home/fsw/rep/tasa/lib/bcc-2.2.3-gcc/bin/../sparc-gaisler-elf/bsp/leon3/leon3v7/mfix-b2bst/soft/libbcc.a(con_handle.c.o)
 .debug_aranges
                0x00000000000002d8       0x18 /home/fsw/rep/tasa/lib/bcc-2.2.3-gcc/bin/../sparc-gaisler-elf/bsp/leon3/leon3v7/mfix-b2bst/soft/libbcc.a(timer_handle.c.o)
 .debug_aranges
                0x00000000000002f0       0x20 /home/fsw/rep/tasa/lib/bcc-2.2.3-gcc/bin/../lib/gcc/sparc-gaisler-elf/10.2.0/../../../../sparc-gaisler-elf/lib/leon3v7/mfix-b2bst/soft/libc.a(lib_a-atexit.o)
 .debug_aranges
                0x0000000000000310       0x20 /home/fsw/rep/tasa/lib/bcc-2.2.3-gcc/bin/../lib/gcc/sparc-gaisler-elf/10.2.0/../../../../sparc-gaisler-elf/lib/leon3v7/mfix-b2bst/soft/libc.a(lib_a-exit.o)
 .debug_aranges
                0x0000000000000330       0x18 /home/fsw/rep/tasa/lib/bcc-2.2.3-gcc/bin/../lib/gcc/sparc-gaisler-elf/10.2.0/../../../../sparc-gaisler-elf/lib/leon3v7/mfix-b2bst/soft/libc.a(lib_a-impure.o)
 .debug_aranges
                0x0000000000000348       0x20 /home/fsw/rep/tasa/lib/bcc-2.2.3-gcc/bin/../lib/gcc/sparc-gaisler-elf/10.2.0/../../../../sparc-gaisler-elf/lib/leon3v7/mfix-b2bst/soft/libc.a(lib_a-memcpy.o)
 .debug_aranges
                0x0000000000000368       0x20 /home/fsw/rep/tasa/lib/bcc-2.2.3-gcc/bin/../lib/gcc/sparc-gaisler-elf/10.2.0/../../../../sparc-gaisler-elf/lib/leon3v7/mfix-b2bst/soft/libc.a(lib_a-printf.o)
 .debug_aranges
                0x0000000000000388       0x20 /home/fsw/rep/tasa/lib/bcc-2.2.3-gcc/bin/../lib/gcc/sparc-gaisler-elf/10.2.0/../../../../sparc-gaisler-elf/lib/leon3v7/mfix-b2bst/soft/libc.a(lib_a-putchar.o)
 .debug_aranges
                0x00000000000003a8       0x20 /home/fsw/rep/tasa/lib/bcc-2.2.3-gcc/bin/../lib/gcc/sparc-gaisler-elf/10.2.0/../../../../sparc-gaisler-elf/lib/leon3v7/mfix-b2bst/soft/libc.a(lib_a-puts.o)
 .debug_aranges
                0x00000000000003c8       0x20 /home/fsw/rep/tasa/lib/bcc-2.2.3-gcc/bin/../lib/gcc/sparc-gaisler-elf/10.2.0/../../../../sparc-gaisler-elf/lib/leon3v7/mfix-b2bst/soft/libc.a(lib_a-strlen.o)
 .debug_aranges
                0x00000000000003e8       0x20 /home/fsw/rep/tasa/lib/bcc-2.2.3-gcc/bin/../lib/gcc/sparc-gaisler-elf/10.2.0/../../../../sparc-gaisler-elf/lib/leon3v7/mfix-b2bst/soft/libc.a(lib_a-vfprintf.o)
 .debug_aranges
                0x0000000000000408       0x20 /home/fsw/rep/tasa/lib/bcc-2.2.3-gcc/bin/../lib/gcc/sparc-gaisler-elf/10.2.0/../../../../sparc-gaisler-elf/lib/leon3v7/mfix-b2bst/soft/libc.a(lib_a-wsetup.o)
 .debug_aranges
                0x0000000000000428       0x20 /home/fsw/rep/tasa/lib/bcc-2.2.3-gcc/bin/../lib/gcc/sparc-gaisler-elf/10.2.0/../../../../sparc-gaisler-elf/lib/leon3v7/mfix-b2bst/soft/libc.a(lib_a-__atexit.o)
 .debug_aranges
                0x0000000000000448       0x20 /home/fsw/rep/tasa/lib/bcc-2.2.3-gcc/bin/../lib/gcc/sparc-gaisler-elf/10.2.0/../../../../sparc-gaisler-elf/lib/leon3v7/mfix-b2bst/soft/libc.a(lib_a-__call_atexit.o)
 .debug_aranges
                0x0000000000000468       0x20 /home/fsw/rep/tasa/lib/bcc-2.2.3-gcc/bin/../lib/gcc/sparc-gaisler-elf/10.2.0/../../../../sparc-gaisler-elf/lib/leon3v7/mfix-b2bst/soft/libc.a(lib_a-dtoa.o)
 .debug_aranges
                0x0000000000000488       0x20 /home/fsw/rep/tasa/lib/bcc-2.2.3-gcc/bin/../lib/gcc/sparc-gaisler-elf/10.2.0/../../../../sparc-gaisler-elf/lib/leon3v7/mfix-b2bst/soft/libc.a(lib_a-fflush.o)
 .debug_aranges
                0x00000000000004a8       0x20 /home/fsw/rep/tasa/lib/bcc-2.2.3-gcc/bin/../lib/gcc/sparc-gaisler-elf/10.2.0/../../../../sparc-gaisler-elf/lib/leon3v7/mfix-b2bst/soft/libc.a(lib_a-findfp.o)
 .debug_aranges