Archive member included to satisfy reference by file (symbol)

/home/fsw/rep/tasa/lib/bcc-2.2.3-gcc/bin/../sparc-gaisler-elf/bsp/gr712rc/leon3/mfix-gr712rc/soft/flat/libbcc.a(reset_trap_mvt.S.o)
                              /home/fsw/rep/tasa/lib/bcc-2.2.3-gcc/bin/../sparc-gaisler-elf/bsp/gr712rc/leon3/mfix-gr712rc/soft/flat/trap_table_mvt_tn0018.S.o (__bcc_trap_reset_mvt)
/home/fsw/rep/tasa/lib/bcc-2.2.3-gcc/bin/../sparc-gaisler-elf/bsp/gr712rc/leon3/mfix-gr712rc/soft/flat/libbcc.a(sw_trap_set_pil.S.o)
                              /home/fsw/rep/tasa/lib/bcc-2.2.3-gcc/bin/../sparc-gaisler-elf/bsp/gr712rc/leon3/mfix-gr712rc/soft/flat/trap_table_mvt_tn0018.S.o (__bcc_trap_sw_set_pil)
/home/fsw/rep/tasa/lib/bcc-2.2.3-gcc/bin/../sparc-gaisler-elf/bsp/gr712rc/leon3/mfix-gr712rc/soft/flat/libbcc.a(init.S.o)
                              /home/fsw/rep/tasa/lib/bcc-2.2.3-gcc/bin/../sparc-gaisler-elf/bsp/gr712rc/leon3/mfix-gr712rc/soft/flat/libbcc.a(reset_trap_mvt.S.o) (__bcc_init40)
/home/fsw/rep/tasa/lib/bcc-2.2.3-gcc/bin/../sparc-gaisler-elf/bsp/gr712rc/leon3/mfix-gr712rc/soft/flat/libbcc.a(leon_info.S.o)
                              /home/fsw/rep/tasa/lib/bcc-2.2.3-gcc/bin/../sparc-gaisler-elf/bsp/gr712rc/leon3/mfix-gr712rc/soft/flat/crt0.S.o (__bcc_get_leon_info)
/home/fsw/rep/tasa/lib/bcc-2.2.3-gcc/bin/../sparc-gaisler-elf/bsp/gr712rc/leon3/mfix-gr712rc/soft/flat/libbcc.a(dwzero.S.o)
                              /home/fsw/rep/tasa/lib/bcc-2.2.3-gcc/bin/../sparc-gaisler-elf/bsp/gr712rc/leon3/mfix-gr712rc/soft/flat/crt0.S.o (bcc_dwzero)
/home/fsw/rep/tasa/lib/bcc-2.2.3-gcc/bin/../sparc-gaisler-elf/bsp/gr712rc/leon3/mfix-gr712rc/soft/flat/libbcc.a(copy_data.c.o)
                              /home/fsw/rep/tasa/lib/bcc-2.2.3-gcc/bin/../sparc-gaisler-elf/bsp/gr712rc/leon3/mfix-gr712rc/soft/flat/crt0.S.o (__bcc_copy_data)
/home/fsw/rep/tasa/lib/bcc-2.2.3-gcc/bin/../sparc-gaisler-elf/bsp/gr712rc/leon3/mfix-gr712rc/soft/flat/libbcc.a(argv.c.o)
                              /home/fsw/rep/tasa/lib/bcc-2.2.3-gcc/bin/../sparc-gaisler-elf/bsp/gr712rc/leon3/mfix-gr712rc/soft/flat/crt0.S.o (__bcc_argvp)
/home/fsw/rep/tasa/lib/bcc-2.2.3-gcc/bin/../sparc-gaisler-elf/bsp/gr712rc/leon3/mfix-gr712rc/soft/flat/libbcc.a(interrupt_trap_flat_tn0018.S.o)
                              /home/fsw/rep/tasa/lib/bcc-2.2.3-gcc/bin/../sparc-gaisler-elf/bsp/gr712rc/leon3/mfix-gr712rc/soft/flat/trap_table_mvt_tn0018.S.o (__bcc_trap_interrupt_flat_tn0018)
/home/fsw/rep/tasa/lib/bcc-2.2.3-gcc/bin/../sparc-gaisler-elf/bsp/gr712rc/leon3/mfix-gr712rc/soft/flat/libbcc.a(int_irqmp_get_source.c.o)
                              /home/fsw/rep/tasa/lib/bcc-2.2.3-gcc/bin/../sparc-gaisler-elf/bsp/gr712rc/leon3/mfix-gr712rc/soft/flat/libbcc.a(interrupt_trap_flat_tn0018.S.o) (__bcc_int_get_source)
/home/fsw/rep/tasa/lib/bcc-2.2.3-gcc/bin/../sparc-gaisler-elf/bsp/gr712rc/leon3/mfix-gr712rc/soft/flat/libbcc.a(int_irqmp_mp.c.o)
                              /tmp/cc2kn1Pf.o (bcc_get_cpu_count)
/home/fsw/rep/tasa/lib/bcc-2.2.3-gcc/bin/../sparc-gaisler-elf/bsp/gr712rc/leon3/mfix-gr712rc/soft/flat/libbcc.a(int_irqmp_init.c.o)
                              /home/fsw/rep/tasa/lib/bcc-2.2.3-gcc/bin/../sparc-gaisler-elf/bsp/gr712rc/leon3/mfix-gr712rc/soft/flat/crt0.S.o (__bcc_int_init)
/home/fsw/rep/tasa/lib/bcc-2.2.3-gcc/bin/../sparc-gaisler-elf/bsp/gr712rc/leon3/mfix-gr712rc/soft/flat/libbcc.a(con_apbuart_init.c.o)
                              /home/fsw/rep/tasa/lib/bcc-2.2.3-gcc/bin/../sparc-gaisler-elf/bsp/gr712rc/leon3/mfix-gr712rc/soft/flat/crt0.S.o (__bcc_con_init)
/home/fsw/rep/tasa/lib/bcc-2.2.3-gcc/bin/../sparc-gaisler-elf/bsp/gr712rc/leon3/mfix-gr712rc/soft/flat/libbcc.a(timer_gptimer_init.c.o)
                              /home/fsw/rep/tasa/lib/bcc-2.2.3-gcc/bin/../sparc-gaisler-elf/bsp/gr712rc/leon3/mfix-gr712rc/soft/flat/crt0.S.o (__bcc_timer_init)
/home/fsw/rep/tasa/lib/bcc-2.2.3-gcc/bin/../sparc-gaisler-elf/bsp/gr712rc/leon3/mfix-gr712rc/soft/flat/libbcc.a(isr.c.o)
                              /home/fsw/rep/tasa/lib/bcc-2.2.3-gcc/bin/../sparc-gaisler-elf/bsp/gr712rc/leon3/mfix-gr712rc/soft/flat/libbcc.a(interrupt_trap_flat_tn0018.S.o) (__bcc_isr_list)
/home/fsw/rep/tasa/lib/bcc-2.2.3-gcc/bin/../sparc-gaisler-elf/bsp/gr712rc/leon3/mfix-gr712rc/soft/flat/libbcc.a(int_nest.c.o)
                              /home/fsw/rep/tasa/lib/bcc-2.2.3-gcc/bin/../sparc-gaisler-elf/bsp/gr712rc/leon3/mfix-gr712rc/soft/flat/libbcc.a(interrupt_trap_flat_tn0018.S.o) (__bcc_int_nest)
/home/fsw/rep/tasa/lib/bcc-2.2.3-gcc/bin/../sparc-gaisler-elf/bsp/gr712rc/leon3/mfix-gr712rc/soft/flat/libbcc.a(int_irqmp_handle.c.o)
                              /home/fsw/rep/tasa/lib/bcc-2.2.3-gcc/bin/../sparc-gaisler-elf/bsp/gr712rc/leon3/mfix-gr712rc/soft/flat/libbcc.a(int_irqmp_get_source.c.o) (__bcc_int_irqmp_eirq)
/home/fsw/rep/tasa/lib/bcc-2.2.3-gcc/bin/../lib/gcc/sparc-gaisler-elf/10.2.0/../../../../sparc-gaisler-elf/lib/leon3/mfix-gr712rc/soft/flat/libc.a(lib_a-atexit.o)
[...]
Memory Configuration

Name             Origin             Length             Attributes
rom              0x0000000000000000 0x0000000020000000
ram              0x0000000040000000 0x0000000040000000
ahbram           0x00000000a0000000 0x0000000000030000
*default*        0x0000000000000000 0xffffffffffffffff

Linker script and memory map

LOAD /home/fsw/rep/tasa/lib/bcc-2.2.3-gcc/bin/../sparc-gaisler-elf/bsp/gr712rc/leon3/mfix-gr712rc/soft/flat/trap_table_mvt_tn0018.S.o
LOAD /home/fsw/rep/tasa/lib/bcc-2.2.3-gcc/bin/../sparc-gaisler-elf/bsp/gr712rc/leon3/mfix-gr712rc/soft/flat/crt0.S.o
LOAD /home/fsw/rep/tasa/lib/bcc-2.2.3-gcc/bin/../lib/gcc/sparc-gaisler-elf/10.2.0/leon3/mfix-gr712rc/soft/flat/crti.o
LOAD /home/fsw/rep/tasa/lib/bcc-2.2.3-gcc/bin/../lib/gcc/sparc-gaisler-elf/10.2.0/leon3/mfix-gr712rc/soft/flat/crtbegin.o
Address of section .text set to 0x40001000
LOAD /tmp/cc2kn1Pf.o
                0x0000000000000000                PROVIDE (__bcc_cfg_skip_clear_bss = 0x0)

.text           0x0000000040001000    0x113b0
 CREATE_OBJECT_SYMBOLS
                0x0000000040001000                __text_start = .
                0x0000000040001000                . = ALIGN (0x1000)
 *(.text.traptable)
 .text.traptable
                0x0000000040001000     0x1000 /home/fsw/rep/tasa/lib/bcc-2.2.3-gcc/bin/../sparc-gaisler-elf/bsp/gr712rc/leon3/mfix-gr712rc/soft/flat/trap_table_mvt_tn0018.S.o
                0x0000000040001000                __bcc_trap_table
                0x0000000040001000                __bcc_entry_point
 *(.text .text.*)
 .text          0x0000000040002000        0x0 /home/fsw/rep/tasa/lib/bcc-2.2.3-gcc/bin/../sparc-gaisler-elf/bsp/gr712rc/leon3/mfix-gr712rc/soft/flat/trap_table_mvt_tn0018.S.o
 .text          0x0000000040002000       0xc8 /home/fsw/rep/tasa/lib/bcc-2.2.3-gcc/bin/../sparc-gaisler-elf/bsp/gr712rc/leon3/mfix-gr712rc/soft/flat/crt0.S.o
                0x0000000040002000                __bcc_crt0
 .text          0x00000000400020c8        0x0 /home/fsw/rep/tasa/lib/bcc-2.2.3-gcc/bin/../lib/gcc/sparc-gaisler-elf/10.2.0/leon3/mfix-gr712rc/soft/flat/crti.o
 .text          0x00000000400020c8      0x200 /home/fsw/rep/tasa/lib/bcc-2.2.3-gcc/bin/../lib/gcc/sparc-gaisler-elf/10.2.0/leon3/mfix-gr712rc/soft/flat/crtbegin.o
 .text          0x00000000400022c8        0x0 /tmp/cc2kn1Pf.o
 .text.startup  0x00000000400022c8      0x1c4 /tmp/cc2kn1Pf.o
                0x00000000400022c8                main
 .text          0x000000004000248c       0x90 /home/fsw/rep/tasa/lib/bcc-2.2.3-gcc/bin/../sparc-gaisler-elf/bsp/gr712rc/leon3/mfix-gr712rc/soft/flat/libbcc.a(reset_trap_mvt.S.o)
                0x000000004000248c                __bcc_trap_reset_mvt
 .text          0x000000004000251c       0x2c /home/fsw/rep/tasa/lib/bcc-2.2.3-gcc/bin/../sparc-gaisler-elf/bsp/gr712rc/leon3/mfix-gr712rc/soft/flat/libbcc.a(sw_trap_set_pil.S.o)
                0x000000004000251c                __bcc_trap_sw_set_pil
 .text          0x0000000040002548        0x8 /home/fsw/rep/tasa/lib/bcc-2.2.3-gcc/bin/../sparc-gaisler-elf/bsp/gr712rc/leon3/mfix-gr712rc/soft/flat/libbcc.a(init.S.o)
                0x0000000040002548                __bcc_init50
                0x0000000040002548                __bcc_init40
                0x0000000040002548                __bcc_init70
                0x0000000040002548                __bcc_init60
 .text          0x0000000040002550       0x98 /home/fsw/rep/tasa/lib/bcc-2.2.3-gcc/bin/../sparc-gaisler-elf/bsp/gr712rc/leon3/mfix-gr712rc/soft/flat/libbcc.a(leon_info.S.o)
                0x0000000040002550                __bcc_get_leon_info
                0x00000000400025d8                bcc_get_cpuid
 .text          0x00000000400025e8       0x2c /home/fsw/rep/tasa/lib/bcc-2.2.3-gcc/bin/../sparc-gaisler-elf/bsp/gr712rc/leon3/mfix-gr712rc/soft/flat/libbcc.a(dwzero.S.o)
                0x00000000400025e8                bcc_dwzero
 .text          0x0000000040002614       0x78 /home/fsw/rep/tasa/lib/bcc-2.2.3-gcc/bin/../sparc-gaisler-elf/bsp/gr712rc/leon3/mfix-gr712rc/soft/flat/libbcc.a(copy_data.c.o)
                0x0000000040002614                __bcc_copy_data
 .text          0x000000004000268c        0x0 /home/fsw/rep/tasa/lib/bcc-2.2.3-gcc/bin/../sparc-gaisler-elf/bsp/gr712rc/leon3/mfix-gr712rc/soft/flat/libbcc.a(argv.c.o)
 *fill*         0x000000004000268c       0x14 
 .text          0x00000000400026a0      0x1a0 /home/fsw/rep/tasa/lib/bcc-2.2.3-gcc/bin/../sparc-gaisler-elf/bsp/gr712rc/leon3/mfix-gr712rc/soft/flat/libbcc.a(interrupt_trap_flat_tn0018.S.o)
                0x00000000400026a0                __bcc_trap_interrupt_flat_svt_tn0018
                0x00000000400026a4                __bcc_trap_interrupt_flat_tn0018
 .text          0x0000000040002840       0x48 /home/fsw/rep/tasa/lib/bcc-2.2.3-gcc/bin/../sparc-gaisler-elf/bsp/gr712rc/leon3/mfix-gr712rc/soft/flat/libbcc.a(int_irqmp_get_source.c.o)
                0x0000000040002840                __bcc_int_get_source
 .text          0x0000000040002888       0xa0 /home/fsw/rep/tasa/lib/bcc-2.2.3-gcc/bin/../sparc-gaisler-elf/bsp/gr712rc/leon3/mfix-gr712rc/soft/flat/libbcc.a(int_irqmp_mp.c.o)
                0x0000000040002888                bcc_send_interrupt
                0x00000000400028c8                bcc_get_cpu_count
                0x00000000400028f4                bcc_start_processor
 .text          0x0000000040002928        0x8 /home/fsw/rep/tasa/lib/bcc-2.2.3-gcc/bin/../sparc-gaisler-elf/bsp/gr712rc/leon3/mfix-gr712rc/soft/flat/libbcc.a(int_irqmp_init.c.o)
                0x0000000040002928                __bcc_int_init
 .text          0x0000000040002930        0x8 /home/fsw/rep/tasa/lib/bcc-2.2.3-gcc/bin/../sparc-gaisler-elf/bsp/gr712rc/leon3/mfix-gr712rc/soft/flat/libbcc.a(con_apbuart_init.c.o)
                0x0000000040002930                __bcc_con_init
 .text          0x0000000040002938        0x8 /home/fsw/rep/tasa/lib/bcc-2.2.3-gcc/bin/../sparc-gaisler-elf/bsp/gr712rc/leon3/mfix-gr712rc/soft/flat/libbcc.a(timer_gptimer_init.c.o)
                0x0000000040002938                __bcc_timer_init
 .text          0x0000000040002940        0x0 /home/fsw/rep/tasa/lib/bcc-2.2.3-gcc/bin/../sparc-gaisler-elf/bsp/gr712rc/leon3/mfix-gr712rc/soft/flat/libbcc.a(isr.c.o)
 .text          0x0000000040002940        0x0 /home/fsw/rep/tasa/lib/bcc-2.2.3-gcc/bin/../sparc-gaisler-elf/bsp/gr712rc/leon3/mfix-gr712rc/soft/flat/libbcc.a(int_nest.c.o)
 .text          0x0000000040002940        0x0 /home/fsw/rep/tasa/lib/bcc-2.2.3-gcc/bin/../sparc-gaisler-elf/bsp/gr712rc/leon3/mfix-gr712rc/soft/flat/libbcc.a(int_irqmp_handle.c.o)
 .text          0x0000000040002940       0x1c /home/fsw/rep/tasa/lib/bcc-2.2.3-gcc/bin/../lib/gcc/sparc-gaisler-elf/10.2.0/../../../../sparc-gaisler-elf/lib/leon3/mfix-gr712rc/soft/flat/libc.a(lib_a-atexit.o)
                0x0000000040002940                atexit
 .text          0x000000004000295c       0x50 /home/fsw/rep/tasa/lib/bcc-2.2.3-gcc/bin/../lib/gcc/sparc-gaisler-elf/10.2.0/../../../../sparc-gaisler-elf/lib/leon3/mfix-gr712rc/soft/flat/libc.a(lib_a-exit.o)
                0x000000004000295c                exit
 .text          0x00000000400029ac        0x0 /home/fsw/rep/tasa/lib/bcc-2.2.3-gcc/bin/../lib/gcc/sparc-gaisler-elf/10.2.0/../../../../sparc-gaisler-elf/lib/leon3/mfix-gr712rc/soft/flat/libc.a(lib_a-impure.o)
 .text          0x00000000400029ac      0x160 /home/fsw/rep/tasa/lib/bcc-2.2.3-gcc/bin/../lib/gcc/sparc-gaisler-elf/10.2.0/../../../../sparc-gaisler-elf/lib/leon3/mfix-gr712rc/soft/flat/libc.a(lib_a-printf.o)
                0x00000000400029ac                _printf_r
                0x0000000040002a5c                printf
 .text          0x0000000040002b0c      0x114 /home/fsw/rep/tasa/lib/bcc-2.2.3-gcc/bin/../lib/gcc/sparc-gaisler-elf/10.2.0/../../../../sparc-gaisler-elf/lib/leon3/mfix-gr712rc/soft/flat/libc.a(lib_a-putchar.o)
                0x0000000040002b0c                _putchar_r
                0x0000000040002b90                putchar
 .text          0x0000000040002c20      0x2a8 /home/fsw/rep/tasa/lib/bcc-2.2.3-gcc/bin/../lib/gcc/sparc-gaisler-elf/10.2.0/../../../../sparc-gaisler-elf/lib/leon3/mfix-gr712rc/soft/flat/libc.a(lib_a-puts.o)
                0x0000000040002c20                _puts_r
                0x0000000040002d74                puts
 .text          0x0000000040002ec8       0xc4 /home/fsw/rep/tasa/lib/bcc-2.2.3-gcc/bin/../lib/gcc/sparc-gaisler-elf/10.2.0/../../../../sparc-gaisler-elf/lib/leon3/mfix-gr712rc/soft/flat/libc.a(lib_a-strlen.o)
                0x0000000040002ec8                strlen
 .text          0x0000000040002f8c     0x3034 /home/fsw/rep/tasa/lib/bcc-2.2.3-gcc/bin/../lib/gcc/sparc-gaisler-elf/10.2.0/../../../../sparc-gaisler-elf/lib/leon3/mfix-gr712rc/soft/flat/libc.a(lib_a-vfprintf.o)
                0x00000000400030f8                _vfprintf_r
                0x0000000040005ec8                vfprintf
 .text          0x0000000040005fc0      0x200 /home/fsw/rep/tasa/lib/bcc-2.2.3-gcc/bin/../lib/gcc/sparc-gaisler-elf/10.2.0/../../../../sparc-gaisler-elf/lib/leon3/mfix-gr712rc/soft/flat/libc.a(lib_a-wsetup.o)
                0x0000000040005fc0                __swsetup_r
 .text          0x00000000400061c0      0x19c /home/fsw/rep/tasa/lib/bcc-2.2.3-gcc/bin/../lib/gcc/sparc-gaisler-elf/10.2.0/../../../../sparc-gaisler-elf/lib/leon3/mfix-gr712rc/soft/flat/libc.a(lib_a-__atexit.o)
                0x00000000400061c0                __register_exitproc
 .text          0x000000004000635c      0x30c /home/fsw/rep/tasa/lib/bcc-2.2.3-gcc/bin/../lib/gcc/sparc-gaisler-elf/10.2.0/../../../../sparc-gaisler-elf/lib/leon3/mfix-gr712rc/soft/flat/libc.a(lib_a-__call_atexit.o)
                0x000000004000635c                __call_exitprocs
 .text          0x0000000040006668     0x18fc /home/fsw/rep/tasa/lib/bcc-2.2.3-gcc/bin/../lib/gcc/sparc-gaisler-elf/10.2.0/../../../../sparc-gaisler-elf/lib/leon3/mfix-gr712rc/soft/flat/libc.a(lib_a-dtoa.o)
                0x000000004000688c                _dtoa_r
 .text          0x0000000040007f64      0x4b8 /home/fsw/rep/tasa/lib/bcc-2.2.3-gcc/bin/../lib/gcc/sparc-gaisler-elf/10.2.0/../../../../sparc-gaisler-elf/lib/leon3/mfix-gr712rc/soft/flat/libc.a(lib_a-fflush.o)
                0x0000000040007f64                __sflush_r
                0x0000000040008214                _fflush_r
                0x00000000400082f4                fflush
 .text          0x000000004000841c      0x418 /home/fsw/rep/tasa/lib/bcc-2.2.3-gcc/bin/../lib/gcc/sparc-gaisler-elf/10.2.0/../../../../sparc-gaisler-elf/lib/leon3/mfix-gr712rc/soft/flat/libc.a(lib_a-findfp.o)
                0x000000004000841c                _cleanup_r
                0x0000000040008430                __sfmoreglue
                0x000000004000849c                __sfp
                0x00000000400087f4                _cleanup
                0x0000000040008810                __sinit
 .text          0x0000000040008834      0x4c0 /home/fsw/rep/tasa/lib/bcc-2.2.3-gcc/bin/../lib/gcc/sparc-gaisler-elf/10.2.0/../../../../sparc-gaisler-elf/lib/leon3/mfix-gr712rc/soft/flat/libc.a(lib_a-freer.o)
                0x0000000040008834                _malloc_trim_r
                0x0000000040008954                _free_r
 .text          0x0000000040008cf4      0x580 /home/fsw/rep/tasa/lib/bcc-2.2.3-gcc/bin/../lib/gcc/sparc-gaisler-elf/10.2.0/../../../../sparc-gaisler-elf/lib/leon3/mfix-gr712rc/soft/flat/libc.a(lib_a-fvwrite.o)
                0x0000000040008cf4                __sfvwrite_r
 .text          0x0000000040009274      0x150 /home/fsw/rep/tasa/lib/bcc-2.2.3-gcc/bin/../lib/gcc/sparc-gaisler-elf/10.2.0/../../../../sparc-gaisler-elf/lib/leon3/mfix-gr712rc/soft/flat/libc.a(lib_a-fwalk.o)
                0x0000000040009274                _fwalk
                0x000000004000931c                _fwalk_reent
 .text          0x00000000400093c4       0x60 /home/fsw/rep/tasa/lib/bcc-2.2.3-gcc/bin/../lib/gcc/sparc-gaisler-elf/10.2.0/../../../../sparc-gaisler-elf/lib/leon3/mfix-gr712rc/soft/flat/libc.a(lib_a-localeconv.o)
                0x00000000400093c4                __localeconv_l
                0x00000000400093cc                _localeconv_r
                0x00000000400093f8                localeconv
 .text          0x0000000040009424      0x2a4 /home/fsw/rep/tasa/lib/bcc-2.2.3-gcc/bin/../lib/gcc/sparc-gaisler-elf/10.2.0/../../../../sparc-gaisler-elf/lib/leon3/mfix-gr712rc/soft/flat/libc.a(lib_a-makebuf.o)
                0x0000000040009424                __smakebuf_r
                0x00000000400095e8                __swhatbuf_r
 .text          0x00000000400096c8       0x30 /home/fsw/rep/tasa/lib/bcc-2.2.3-gcc/bin/../lib/gcc/sparc-gaisler-elf/10.2.0/../../../../sparc-gaisler-elf/lib/leon3/mfix-gr712rc/soft/flat/libc.a(lib_a-malloc.o)
                0x00000000400096c8                malloc
                0x00000000400096e0                free
 .text          0x00000000400096f8      0x8ac /home/fsw/rep/tasa/lib/bcc-2.2.3-gcc/bin/../lib/gcc/sparc-gaisler-elf/10.2.0/../../../../sparc-gaisler-elf/lib/leon3/mfix-gr712rc/soft/flat/libc.a(lib_a-mallocr.o)
                0x00000000400096f8                _malloc_r
 .text          0x0000000040009fa4      0x120 /home/fsw/rep/tasa/lib/bcc-2.2.3-gcc/bin/../lib/gcc/sparc-gaisler-elf/10.2.0/../../../../sparc-gaisler-elf/lib/leon3/mfix-gr712rc/soft/flat/libc.a(lib_a-memchr.o)
                0x0000000040009fa4                memchr
 .text          0x000000004000a0c4      0x1d8 /home/fsw/rep/tasa/lib/bcc-2.2.3-gcc/bin/../lib/gcc/sparc-gaisler-elf/10.2.0/../../../../sparc-gaisler-elf/lib/leon3/mfix-gr712rc/soft/flat/libc.a(lib_a-memcpy.o)
                0x000000004000a0c4                memcpy
 .text          0x000000004000a29c      0x22c /home/fsw/rep/tasa/lib/bcc-2.2.3-gcc/bin/../lib/gcc/sparc-gaisler-elf/10.2.0/../../../../sparc-gaisler-elf/lib/leon3/mfix-gr712rc/soft/flat/libc.a(lib_a-memmove.o)
                0x000000004000a29c                memmove
 .text          0x000000004000a4c8      0x144 /home/fsw/rep/tasa/lib/bcc-2.2.3-gcc/bin/../lib/gcc/sparc-gaisler-elf/10.2.0/../../../../sparc-gaisler-elf/lib/leon3/mfix-gr712rc/soft/flat/libc.a(lib_a-memset.o)
                0x000000004000a4c8                memset
 .text          0x000000004000a60c       0x10 /home/fsw/rep/tasa/lib/bcc-2.2.3-gcc/bin/../lib/gcc/sparc-gaisler-elf/10.2.0/../../../../sparc-gaisler-elf/lib/leon3/mfix-gr712rc/soft/flat/libc.a(lib_a-mlock.o)
                0x000000004000a60c                __malloc_lock
                0x000000004000a614                __malloc_unlock
 .text          0x000000004000a61c     0x1a14 /home/fsw/rep/tasa/lib/bcc-2.2.3-gcc/bin/../lib/gcc/sparc-gaisler-elf/10.2.0/../../../../sparc-gaisler-elf/lib/leon3/mfix-gr712rc/soft/flat/libc.a(lib_a-mprec.o)
                0x000000004000a61c                _Balloc
                0x000000004000a718                _Bfree
                0x000000004000a798                __multadd
                0x000000004000a8ec                __s2b
                0x000000004000aa1c                __hi0bits
                0x000000004000aab0                __lo0bits
                0x000000004000ab88                __i2b
                0x000000004000acb4                __multiply
                0x000000004000af1c                __pow5mult
                0x000000004000b0e8                __lshift
                0x000000004000b318                __mcmp
                0x000000004000b3a0                __mdiff
                0x000000004000b604                __ulp
                0x000000004000b66c                __b2d
                0x000000004000b814                __d2b
                0x000000004000bc38                __ratio
                0x000000004000be84                _mprec_log10
                0x000000004000bf18                __copybits
                0x000000004000bfac                __any_on
 .text          0x000000004000c030      0x260 /home/fsw/rep/tasa/lib/bcc-2.2.3-gcc/bin/../lib/gcc/sparc-gaisler-elf/10.2.0/../../../../sparc-gaisler-elf/lib/leon3/mfix-gr712rc/soft/flat/libc.a(lib_a-putc.o)
                0x000000004000c030                _putc_r
                0x000000004000c150                putc
 .text          0x000000004000c290      0x5ec /home/fsw/rep/tasa/lib/bcc-2.2.3-gcc/bin/../lib/gcc/sparc-gaisler-elf/10.2.0/../../../../sparc-gaisler-elf/lib/leon3/mfix-gr712rc/soft/flat/libc.a(lib_a-reallocr.o)
                0x000000004000c290                _realloc_r
 .text          0x000000004000c87c       0xb8 /home/fsw/rep/tasa/lib/bcc-2.2.3-gcc/bin/../lib/gcc/sparc-gaisler-elf/10.2.0/../../../../sparc-gaisler-elf/lib/leon3/mfix-gr712rc/soft/flat/libc.a(lib_a-s_frexp.o)
                0x000000004000c87c                frexp
 .text          0x000000004000c934       0x68 /home/fsw/rep/tasa/lib/bcc-2.2.3-gcc/bin/../lib/gcc/sparc-gaisler-elf/10.2.0/../../../../sparc-gaisler-elf/lib/leon3/mfix-gr712rc/soft/flat/libc.a(lib_a-sbrkr.o)
                0x000000004000c934                _sbrk_r
 .text          0x000000004000c99c      0x1b0 /home/fsw/rep/tasa/lib/bcc-2.2.3-gcc/bin/../lib/gcc/sparc-gaisler-elf/10.2.0/../../../../sparc-gaisler-elf/lib/leon3/mfix-gr712rc/soft/flat/libc.a(lib_a-stdio.o)
                0x000000004000c99c                __sread
                0x000000004000ca08                __seofread
                0x000000004000ca10                __swrite
                0x000000004000cac8                __sseek
                0x000000004000cb3c                __sclose
 .text          0x000000004000cb4c      0x1d0 /home/fsw/rep/tasa/lib/bcc-2.2.3-gcc/bin/../lib/gcc/sparc-gaisler-elf/10.2.0/../../../../sparc-gaisler-elf/lib/leon3/mfix-gr712rc/soft/flat/libc.a(lib_a-strncpy.o)
                0x000000004000cb4c                strncpy
 .text          0x000000004000cd1c     0x2060 /home/fsw/rep/tasa/lib/bcc-2.2.3-gcc/bin/../lib/gcc/sparc-gaisler-elf/10.2.0/../../../../sparc-gaisler-elf/lib/leon3/mfix-gr712rc/soft/flat/libc.a(lib_a-vfiprintf.o)
                0x000000004000ce88                __sprint_r
                0x000000004000cfa4                _vfiprintf_r
                0x000000004000ec84                vfiprintf
 .text          0x000000004000ed7c      0x3b4 /home/fsw/rep/tasa/lib/bcc-2.2.3-gcc/bin/../lib/gcc/sparc-gaisler-elf/10.2.0/../../../../sparc-gaisler-elf/lib/leon3/mfix-gr712rc/soft/flat/libc.a(lib_a-wbuf.o)
                0x000000004000ed7c                __swbuf_r
                0x000000004000ef54                __swbuf
 .text          0x000000004000f130       0x70 /home/fsw/rep/tasa/lib/bcc-2.2.3-gcc/bin/../lib/gcc/sparc-gaisler-elf/10.2.0/../../../../sparc-gaisler-elf/lib/leon3/mfix-gr712rc/soft/flat/libc.a(lib_a-writer.o)
                0x000000004000f130                _write_r
 .text          0x000000004000f1a0       0xc8 /home/fsw/rep/tasa/lib/bcc-2.2.3-gcc/bin/../lib/gcc/sparc-gaisler-elf/10.2.0/../../../../sparc-gaisler-elf/lib/leon3/mfix-gr712rc/soft/flat/libc.a(lib_a-callocr.o)
                0x000000004000f1a0                _calloc_r
 .text          0x000000004000f268       0x68 /home/fsw/rep/tasa/lib/bcc-2.2.3-gcc/bin/../lib/gcc/sparc-gaisler-elf/10.2.0/../../../../sparc-gaisler-elf/lib/leon3/mfix-gr712rc/soft/flat/libc.a(lib_a-closer.o)
                0x000000004000f268                _close_r
 .text          0x000000004000f2d0      0x324 /home/fsw/rep/tasa/lib/bcc-2.2.3-gcc/bin/../lib/gcc/sparc-gaisler-elf/10.2.0/../../../../sparc-gaisler-elf/lib/leon3/mfix-gr712rc/soft/flat/libc.a(lib_a-fclose.o)
                0x000000004000f2d0                _fclose_r
                0x000000004000f460                fclose
 .text          0x000000004000f5f4      0x258 /home/fsw/rep/tasa/lib/bcc-2.2.3-gcc/bin/../lib/gcc/sparc-gaisler-elf/10.2.0/../../../../sparc-gaisler-elf/lib/leon3/mfix-gr712rc/soft/flat/libc.a(lib_a-fputwc.o)
                0x000000004000f5f4                __fputwc
                0x000000004000f72c                _fputwc_r
                0x000000004000f75c                fputwc
 .text          0x000000004000f84c       0x6c /home/fsw/rep/tasa/lib/bcc-2.2.3-gcc/bin/../lib/gcc/sparc-gaisler-elf/10.2.0/../../../../sparc-gaisler-elf/lib/leon3/mfix-gr712rc/soft/flat/libc.a(lib_a-fstatr.o)
                0x000000004000f84c                _fstat_r
 .text          0x000000004000f8b8       0x68 /home/fsw/rep/tasa/lib/bcc-2.2.3-gcc/bin/../lib/gcc/sparc-gaisler-elf/10.2.0/../../../../sparc-gaisler-elf/lib/leon3/mfix-gr712rc/soft/flat/libc.a(lib_a-isattyr.o)
                0x000000004000f8b8                _isatty_r
 .text          0x000000004000f920      0x180 /home/fsw/rep/tasa/lib/bcc-2.2.3-gcc/bin/../lib/gcc/sparc-gaisler-elf/10.2.0/../../../../sparc-gaisler-elf/lib/leon3/mfix-gr712rc/soft/flat/libc.a(lib_a-locale.o)
                0x000000004000f920                _setlocale_r
                0x000000004000f9b0                __locale_mb_cur_max
                0x000000004000f9dc                __locale_ctype_ptr_l
                0x000000004000f9e4                __locale_ctype_ptr
                0x000000004000fa10                setlocale
 .text          0x000000004000faa0       0x70 /home/fsw/rep/tasa/lib/bcc-2.2.3-gcc/bin/../lib/gcc/sparc-gaisler-elf/10.2.0/../../../../sparc-gaisler-elf/lib/leon3/mfix-gr712rc/soft/flat/libc.a(lib_a-lseekr.o)
                0x000000004000faa0                _lseek_r
 .text          0x000000004000fb10       0xb4 /home/fsw/rep/tasa/lib/bcc-2.2.3-gcc/bin/../lib/gcc/sparc-gaisler-elf/10.2.0/../../../../sparc-gaisler-elf/lib/leon3/mfix-gr712rc/soft/flat/libc.a(lib_a-mbtowc_r.o)
                0x000000004000fb10                _mbtowc_r
                0x000000004000fb70                __ascii_mbtowc
 .text          0x000000004000fbc4       0x70 /home/fsw/rep/tasa/lib/bcc-2.2.3-gcc/bin/../lib/gcc/sparc-gaisler-elf/10.2.0/../../../../sparc-gaisler-elf/lib/leon3/mfix-gr712rc/soft/flat/libc.a(lib_a-readr.o)
                0x000000004000fbc4                _read_r
 .text          0x000000004000fc34      0x3cc /home/fsw/rep/tasa/lib/bcc-2.2.3-gcc/bin/../lib/gcc/sparc-gaisler-elf/10.2.0/../../../../sparc-gaisler-elf/lib/leon3/mfix-gr712rc/soft/flat/libc.a(lib_a-reent.o)
                0x000000004000fc34                cleanup_glue
                0x000000004000fcf0                _reclaim_reent
 .text          0x0000000040010000       0xc8 /home/fsw/rep/tasa/lib/bcc-2.2.3-gcc/bin/../lib/gcc/sparc-gaisler-elf/10.2.0/../../../../sparc-gaisler-elf/lib/leon3/mfix-gr712rc/soft/flat/libc.a(lib_a-strcmp.o)
                0x0000000040010000                strcmp
 .text          0x00000000400100c8      0x19c /home/fsw/rep/tasa/lib/bcc-2.2.3-gcc/bin/../lib/gcc/sparc-gaisler-elf/10.2.0/../../../../sparc-gaisler-elf/lib/leon3/mfix-gr712rc/soft/flat/libc.a(lib_a-wcrtomb.o)
                0x00000000400100c8                _wcrtomb_r
                0x0000000040010194                wcrtomb
 .text          0x0000000040010264       0x98 /home/fsw/rep/tasa/lib/bcc-2.2.3-gcc/bin/../lib/gcc/sparc-gaisler-elf/10.2.0/../../../../sparc-gaisler-elf/lib/leon3/mfix-gr712rc/soft/flat/libc.a(lib_a-wctomb_r.o)
                0x0000000040010264                _wctomb_r
                0x00000000400102c4                __ascii_wctomb
 .text          0x00000000400102fc        0x0 /home/fsw/rep/tasa/lib/bcc-2.2.3-gcc/bin/../lib/gcc/sparc-gaisler-elf/10.2.0/../../../../sparc-gaisler-elf/lib/leon3/mfix-gr712rc/soft/flat/libc.a(lib_a-ctype_.o)
 .text          0x00000000400102fc       0x10 /home/fsw/rep/tasa/lib/bcc-2.2.3-gcc/bin/../sparc-gaisler-elf/bsp/gr712rc/leon3/mfix-gr712rc/soft/flat/libbcc.a(_exit.S.o)
                0x00000000400102fc                _exit
 .text          0x000000004001030c       0x80 /home/fsw/rep/tasa/lib/bcc-2.2.3-gcc/bin/../sparc-gaisler-elf/bsp/gr712rc/leon3/mfix-gr712rc/soft/flat/libbcc.a(read.c.o)
                0x000000004001030c                read
 .text          0x000000004001038c       0xd0 /home/fsw/rep/tasa/lib/bcc-2.2.3-gcc/bin/../sparc-gaisler-elf/bsp/gr712rc/leon3/mfix-gr712rc/soft/flat/libbcc.a(sbrk.c.o)
                0x000000004001038c                sbrk
 .text          0x000000004001045c        0x0 /home/fsw/rep/tasa/lib/bcc-2.2.3-gcc/bin/../sparc-gaisler-elf/bsp/gr712rc/leon3/mfix-gr712rc/soft/flat/libbcc.a(heap.c.o)
 .text          0x000000004001045c       0xa4 /home/fsw/rep/tasa/lib/bcc-2.2.3-gcc/bin/../sparc-gaisler-elf/bsp/gr712rc/leon3/mfix-gr712rc/soft/flat/libbcc.a(write.c.o)
                0x000000004001045c                write
 .text          0x0000000040010500       0x20 /home/fsw/rep/tasa/lib/bcc-2.2.3-gcc/bin/../sparc-gaisler-elf/bsp/gr712rc/leon3/mfix-gr712rc/soft/flat/libbcc.a(stubs.S.o)
                0x0000000040010500                execve
                0x0000000040010500                lseek
                0x0000000040010500                fstat
                0x0000000040010500                kill
                0x0000000040010500                wait
                0x0000000040010500                unlink
                0x0000000040010500                fork
                0x0000000040010500                stat
                0x0000000040010500                link
                0x0000000040010500                open
                0x0000000040010500                close
                0x0000000040010518                getpid
                0x0000000040010518                isatty
 .text          0x0000000040010520       0xc4 /home/fsw/rep/tasa/lib/bcc-2.2.3-gcc/bin/../sparc-gaisler-elf/bsp/gr712rc/leon3/mfix-gr712rc/soft/flat/libbcc.a(con_apbuart.c.o)
                0x0000000040010520                __bcc_con_outbyte
                0x00000000400105b0                __bcc_con_inbyte
 .text          0x00000000400105e4        0x0 /home/fsw/rep/tasa/lib/bcc-2.2.3-gcc/bin/../sparc-gaisler-elf/bsp/gr712rc/leon3/mfix-gr712rc/soft/flat/libbcc.a(con_handle.c.o)
 .text          0x00000000400105e4      0x1f0 /home/fsw/rep/tasa/lib/bcc-2.2.3-gcc/bin/../lib/gcc/sparc-gaisler-elf/10.2.0/leon3/mfix-gr712rc/soft/flat/libgcc.a(_udivdi3.o)
                0x00000000400105e4                __udivdi3
 .text          0x00000000400107d4      0x21c /home/fsw/rep/tasa/lib/bcc-2.2.3-gcc/bin/../lib/gcc/sparc-gaisler-elf/10.2.0/leon3/mfix-gr712rc/soft/flat/libgcc.a(_umoddi3.o)
                0x00000000400107d4                __umoddi3
 .text          0x00000000400109f0      0x7e8 /home/fsw/rep/tasa/lib/bcc-2.2.3-gcc/bin/../lib/gcc/sparc-gaisler-elf/10.2.0/leon3/mfix-gr712rc/soft/flat/libgcc.a(_addsub_df.o)
                0x00000000400109f0                __adddf3
                0x0000000040010de8                __subdf3
 .text          0x00000000400111d8      0x31c /home/fsw/rep/tasa/lib/bcc-2.2.3-gcc/bin/../lib/gcc/sparc-gaisler-elf/10.2.0/leon3/mfix-gr712rc/soft/flat/libgcc.a(_mul_df.o)
                0x00000000400111d8                __muldf3
 .text          0x00000000400114f4      0x230 /home/fsw/rep/tasa/lib/bcc-2.2.3-gcc/bin/../lib/gcc/sparc-gaisler-elf/10.2.0/leon3/mfix-gr712rc/soft/flat/libgcc.a(_div_df.o)
                0x00000000400114f4                __divdf3
 .text          0x0000000040011724       0x7c /home/fsw/rep/tasa/lib/bcc-2.2.3-gcc/bin/../lib/gcc/sparc-gaisler-elf/10.2.0/leon3/mfix-gr712rc/soft/flat/libgcc.a(_eq_df.o)
                0x0000000040011724                __eqdf2
 .text          0x00000000400117a0       0x7c /home/fsw/rep/tasa/lib/bcc-2.2.3-gcc/bin/../lib/gcc/sparc-gaisler-elf/10.2.0/leon3/mfix-gr712rc/soft/flat/libgcc.a(_ne_df.o)
                0x00000000400117a0                __nedf2
 .text          0x000000004001181c       0x7c /home/fsw/rep/tasa/lib/bcc-2.2.3-gcc/bin/../lib/gcc/sparc-gaisler-elf/10.2.0/leon3/mfix-gr712rc/soft/flat/libgcc.a(_gt_df.o)
                0x000000004001181c                __gtdf2
 .text          0x0000000040011898       0x7c /home/fsw/rep/tasa/lib/bcc-2.2.3-gcc/bin/../lib/gcc/sparc-gaisler-elf/10.2.0/leon3/mfix-gr712rc/soft/flat/libgcc.a(_lt_df.o)
                0x0000000040011898                __ltdf2
 .text          0x0000000040011914       0x7c /home/fsw/rep/tasa/lib/bcc-2.2.3-gcc/bin/../lib/gcc/sparc-gaisler-elf/10.2.0/leon3/mfix-gr712rc/soft/flat/libgcc.a(_le_df.o)
                0x0000000040011914                __ledf2
 .text          0x0000000040011990       0x70 /home/fsw/rep/tasa/lib/bcc-2.2.3-gcc/bin/../lib/gcc/sparc-gaisler-elf/10.2.0/leon3/mfix-gr712rc/soft/flat/libgcc.a(_unord_df.o)
                0x0000000040011990                __unorddf2
 .text          0x0000000040011a00       0xcc /home/fsw/rep/tasa/lib/bcc-2.2.3-gcc/bin/../lib/gcc/sparc-gaisler-elf/10.2.0/leon3/mfix-gr712rc/soft/flat/libgcc.a(_si_to_df.o)
                0x0000000040011a00                __floatsidf
 .text          0x0000000040011acc       0xe4 /home/fsw/rep/tasa/lib/bcc-2.2.3-gcc/bin/../lib/gcc/sparc-gaisler-elf/10.2.0/leon3/mfix-gr712rc/soft/flat/libgcc.a(_df_to_si.o)
                0x0000000040011acc                __fixdfsi
 .text          0x0000000040011bb0        0x0 /home/fsw/rep/tasa/lib/bcc-2.2.3-gcc/bin/../lib/gcc/sparc-gaisler-elf/10.2.0/leon3/mfix-gr712rc/soft/flat/libgcc.a(_thenan_df.o)
 .text          0x0000000040011bb0       0x9c /home/fsw/rep/tasa/lib/bcc-2.2.3-gcc/bin/../lib/gcc/sparc-gaisler-elf/10.2.0/leon3/mfix-gr712rc/soft/flat/libgcc.a(_usi_to_df.o)
                0x0000000040011bb0                __floatunsidf
 .text          0x0000000040011c4c        0x0 /home/fsw/rep/tasa/lib/bcc-2.2.3-gcc/bin/../lib/gcc/sparc-gaisler-elf/10.2.0/leon3/mfix-gr712rc/soft/flat/libgcc.a(_clz.o)
 .text          0x0000000040011c4c       0x94 /home/fsw/rep/tasa/lib/bcc-2.2.3-gcc/bin/../lib/gcc/sparc-gaisler-elf/10.2.0/leon3/mfix-gr712rc/soft/flat/libgcc.a(_clzsi2.o)
                0x0000000040011c4c                __clzsi2
 .text          0x0000000040011ce0      0x298 /home/fsw/rep/tasa/lib/bcc-2.2.3-gcc/bin/../lib/gcc/sparc-gaisler-elf/10.2.0/leon3/mfix-gr712rc/soft/flat/libgcc.a(_pack_df.o)
                0x0000000040011ce0                __pack_d
 .text          0x0000000040011f78      0x14c /home/fsw/rep/tasa/lib/bcc-2.2.3-gcc/bin/../lib/gcc/sparc-gaisler-elf/10.2.0/leon3/mfix-gr712rc/soft/flat/libgcc.a(_unpack_df.o)
                0x0000000040011f78                __unpack_d
 .text          0x00000000400120c4      0x188 /home/fsw/rep/tasa/lib/bcc-2.2.3-gcc/bin/../lib/gcc/sparc-gaisler-elf/10.2.0/leon3/mfix-gr712rc/soft/flat/libgcc.a(_fpcmp_parts_df.o)
                0x00000000400120c4                __fpcmp_parts_d
 .text          0x000000004001224c       0x74 /home/fsw/rep/tasa/lib/bcc-2.2.3-gcc/bin/../lib/gcc/sparc-gaisler-elf/10.2.0/leon3/mfix-gr712rc/soft/flat/crtend.o
 .text          0x00000000400122c0        0x0 /home/fsw/rep/tasa/lib/bcc-2.2.3-gcc/bin/../lib/gcc/sparc-gaisler-elf/10.2.0/leon3/mfix-gr712rc/soft/flat/crtn.o
                0x00000000400122c0                . = ALIGN (0x10)
 *(.eh_frame)
 .eh_frame      0x00000000400122c0        0x0 /home/fsw/rep/tasa/lib/bcc-2.2.3-gcc/bin/../lib/gcc/sparc-gaisler-elf/10.2.0/leon3/mfix-gr712rc/soft/flat/crtbegin.o
 .eh_frame      0x00000000400122c0       0x30 /home/fsw/rep/tasa/lib/bcc-2.2.3-gcc/bin/../lib/gcc/sparc-gaisler-elf/10.2.0/leon3/mfix-gr712rc/soft/flat/libgcc.a(_udivdi3.o)
 .eh_frame      0x00000000400122f0       0x30 /home/fsw/rep/tasa/lib/bcc-2.2.3-gcc/bin/../lib/gcc/sparc-gaisler-elf/10.2.0/leon3/mfix-gr712rc/soft/flat/libgcc.a(_umoddi3.o)
 .eh_frame      0x0000000040012320        0x4 /home/fsw/rep/tasa/lib/bcc-2.2.3-gcc/bin/../lib/gcc/sparc-gaisler-elf/10.2.0/leon3/mfix-gr712rc/soft/flat/crtend.o
                0x0000000040012330                . = ALIGN (0x10)
 *fill*         0x0000000040012324        0xc 
 *(.gnu.linkonce.t*)
                0x0000000040012330                ___CTOR_LIST__ = .
                0x0000000040012330        0x4 LONG 0x2 (((___CTOR_END__ - ___CTOR_LIST__) / 0x4) - 0x2)
 *(SORT_BY_NAME(.ctors.*))
 *(.ctors)
 .ctors         0x0000000040012334        0x4 /home/fsw/rep/tasa/lib/bcc-2.2.3-gcc/bin/../lib/gcc/sparc-gaisler-elf/10.2.0/leon3/mfix-gr712rc/soft/flat/crtbegin.o
 .ctors         0x0000000040012338        0x4 /home/fsw/rep/tasa/lib/bcc-2.2.3-gcc/bin/../lib/gcc/sparc-gaisler-elf/10.2.0/leon3/mfix-gr712rc/soft/flat/crtend.o
                0x000000004001233c        0x4 LONG 0x0
                0x0000000040012340                ___CTOR_END__ = .
                0x0000000040012340                ___DTOR_LIST__ = .
                0x0000000040012340        0x4 LONG 0x2 (((___DTOR_END__ - ___DTOR_LIST__) / 0x4) - 0x2)
 *(SORT_BY_NAME(.dtors.*))
 *(.dtors)
 .dtors         0x0000000040012344        0x4 /home/fsw/rep/tasa/lib/bcc-2.2.3-gcc/bin/../lib/gcc/sparc-gaisler-elf/10.2.0/leon3/mfix-gr712rc/soft/flat/crtbegin.o
 .dtors         0x0000000040012348        0x4 /home/fsw/rep/tasa/lib/bcc-2.2.3-gcc/bin/../lib/gcc/sparc-gaisler-elf/10.2.0/leon3/mfix-gr712rc/soft/flat/crtend.o
                0x0000000040012348                __DTOR_END__
                0x000000004001234c        0x4 LONG 0x0
                0x0000000040012350                ___DTOR_END__ = .
 *(.gnu.linkonce*)
 *(.init)
 .init          0x0000000040012350        0xc /home/fsw/rep/tasa/lib/bcc-2.2.3-gcc/bin/../lib/gcc/sparc-gaisler-elf/10.2.0/leon3/mfix-gr712rc/soft/flat/crti.o
                0x0000000040012350                _init
 .init          0x000000004001235c        0x8 /home/fsw/rep/tasa/lib/bcc-2.2.3-gcc/bin/../lib/gcc/sparc-gaisler-elf/10.2.0/leon3/mfix-gr712rc/soft/flat/crtbegin.o
 .init          0x0000000040012364        0x8 /home/fsw/rep/tasa/lib/bcc-2.2.3-gcc/bin/../lib/gcc/sparc-gaisler-elf/10.2.0/leon3/mfix-gr712rc/soft/flat/crtend.o
 .init          0x000000004001236c       0x14 /home/fsw/rep/tasa/lib/bcc-2.2.3-gcc/bin/../lib/gcc/sparc-gaisler-elf/10.2.0/leon3/mfix-gr712rc/soft/flat/crtn.o
 *(.fini)
 .fini          0x0000000040012380        0xc /home/fsw/rep/tasa/lib/bcc-2.2.3-gcc/bin/../lib/gcc/sparc-gaisler-elf/10.2.0/leon3/mfix-gr712rc/soft/flat/crti.o
                0x0000000040012380                _fini
 .fini          0x000000004001238c        0x8 /home/fsw/rep/tasa/lib/bcc-2.2.3-gcc/bin/../lib/gcc/sparc-gaisler-elf/10.2.0/leon3/mfix-gr712rc/soft/flat/crtbegin.o
 .fini          0x0000000040012394       0x14 /home/fsw/rep/tasa/lib/bcc-2.2.3-gcc/bin/../lib/gcc/sparc-gaisler-elf/10.2.0/leon3/mfix-gr712rc/soft/flat/crtn.o
 *(.lit)
 *(.shdata)
                0x00000000400123b0                . = ALIGN (0x10)
 *fill*         0x00000000400123a8        0x8 
                0x00000000400123b0                __text_end = .

.gcc_except_table
 *(.gcc_except_table.*)

.rodata         0x00000000400123b0      0x780
                0x00000000400123b0                __rodata_start = .
 *(.rodata*)
 .rodata.str1.8
                0x00000000400123b0       0xff /tmp/cc2kn1Pf.o
 *fill*         0x00000000400124af        0x1 
 .rodata        0x00000000400124b0        0x5 /tmp/cc2kn1Pf.o
 *fill*         0x00000000400124b5        0x3 
 .rodata        0x00000000400124b8        0x4 /home/fsw/rep/tasa/lib/bcc-2.2.3-gcc/bin/../lib/gcc/sparc-gaisler-elf/10.2.0/../../../../sparc-gaisler-elf/lib/leon3/mfix-gr712rc/soft/flat/libc.a(lib_a-impure.o)
                0x00000000400124b8                _global_impure_ptr
 *fill*         0x00000000400124bc        0x4 
 .rodata.str1.8
                0x00000000400124c0        0x2 /home/fsw/rep/tasa/lib/bcc-2.2.3-gcc/bin/../lib/gcc/sparc-gaisler-elf/10.2.0/../../../../sparc-gaisler-elf/lib/leon3/mfix-gr712rc/soft/flat/libc.a(lib_a-puts.o)
 *fill*         0x00000000400124c2        0x6 
 .rodata.str1.8
                0x00000000400124c8       0x5a /home/fsw/rep/tasa/lib/bcc-2.2.3-gcc/bin/../lib/gcc/sparc-gaisler-elf/10.2.0/../../../../sparc-gaisler-elf/lib/leon3/mfix-gr712rc/soft/flat/libc.a(lib_a-vfprintf.o)
 *fill*         0x0000000040012522        0x6 
 .rodata.cst8   0x0000000040012528       0x18 /home/fsw/rep/tasa/lib/bcc-2.2.3-gcc/bin/../lib/gcc/sparc-gaisler-elf/10.2.0/../../../../sparc-gaisler-elf/lib/leon3/mfix-gr712rc/soft/flat/libc.a(lib_a-vfprintf.o)
 .rodata        0x0000000040012540       0x20 /home/fsw/rep/tasa/lib/bcc-2.2.3-gcc/bin/../lib/gcc/sparc-gaisler-elf/10.2.0/../../../../sparc-gaisler-elf/lib/leon3/mfix-gr712rc/soft/flat/libc.a(lib_a-vfprintf.o)
 .rodata.str1.8
                0x0000000040012560       0x14 /home/fsw/rep/tasa/lib/bcc-2.2.3-gcc/bin/../lib/gcc/sparc-gaisler-elf/10.2.0/../../../../sparc-gaisler-elf/lib/leon3/mfix-gr712rc/soft/flat/libc.a(lib_a-dtoa.o)
                                         0x1a (size before relaxing)
 *fill*         0x0000000040012574        0x4 
 .rodata.cst8   0x0000000040012578       0x48 /home/fsw/rep/tasa/lib/bcc-2.2.3-gcc/bin/../lib/gcc/sparc-gaisler-elf/10.2.0/../../../../sparc-gaisler-elf/lib/leon3/mfix-gr712rc/soft/flat/libc.a(lib_a-dtoa.o)
 .rodata        0x00000000400125c0       0x60 /home/fsw/rep/tasa/lib/bcc-2.2.3-gcc/bin/../lib/gcc/sparc-gaisler-elf/10.2.0/../../../../sparc-gaisler-elf/lib/leon3/mfix-gr712rc/soft/flat/libc.a(lib_a-findfp.o)
                0x00000000400125c0                __sf_fake_stderr
                0x00000000400125e0                __sf_fake_stdout
                0x0000000040012600                __sf_fake_stdin
 .rodata.cst8   0x0000000040012620       0x10 /home/fsw/rep/tasa/lib/bcc-2.2.3-gcc/bin/../lib/gcc/sparc-gaisler-elf/10.2.0/../../../../sparc-gaisler-elf/lib/leon3/mfix-gr712rc/soft/flat/libc.a(lib_a-mprec.o)
 .rodata        0x0000000040012620      0x128 /home/fsw/rep/tasa/lib/bcc-2.2.3-gcc/bin/../lib/gcc/sparc-gaisler-elf/10.2.0/../../../../sparc-gaisler-elf/lib/leon3/mfix-gr712rc/soft/flat/libc.a(lib_a-mprec.o)
                0x0000000040012630                __mprec_tinytens
                0x0000000040012658                __mprec_bigtens
                0x0000000040012680                __mprec_tens
 .rodata.cst8   0x0000000040012748        0x8 /home/fsw/rep/tasa/lib/bcc-2.2.3-gcc/bin/../lib/gcc/sparc-gaisler-elf/10.2.0/../../../../sparc-gaisler-elf/lib/leon3/mfix-gr712rc/soft/flat/libc.a(lib_a-s_frexp.o)
 .rodata.str1.8
                0x0000000040012750       0x37 /home/fsw/rep/tasa/lib/bcc-2.2.3-gcc/bin/../lib/gcc/sparc-gaisler-elf/10.2.0/../../../../sparc-gaisler-elf/lib/leon3/mfix-gr712rc/soft/flat/libc.a(lib_a-vfiprintf.o)
 .rodata        0x0000000040012750       0x20 /home/fsw/rep/tasa/lib/bcc-2.2.3-gcc/bin/../lib/gcc/sparc-gaisler-elf/10.2.0/../../../../sparc-gaisler-elf/lib/leon3/mfix-gr712rc/soft/flat/libc.a(lib_a-vfiprintf.o)
 .rodata.str1.8
                0x0000000040012770       0x12 /home/fsw/rep/tasa/lib/bcc-2.2.3-gcc/bin/../lib/gcc/sparc-gaisler-elf/10.2.0/../../../../sparc-gaisler-elf/lib/leon3/mfix-gr712rc/soft/flat/libc.a(lib_a-locale.o)
                                         0x1a (size before relaxing)
 *fill*         0x0000000040012782        0x6 
 .rodata        0x0000000040012788      0x288 /home/fsw/rep/tasa/lib/bcc-2.2.3-gcc/bin/../lib/gcc/sparc-gaisler-elf/10.2.0/../../../../sparc-gaisler-elf/lib/leon3/mfix-gr712rc/soft/flat/libc.a(lib_a-ctype_.o)
                0x0000000040012788                _ctype_
                0x0000000040012890                _ctype_b
 .rodata.cst8   0x0000000040012a10        0x8 /home/fsw/rep/tasa/lib/bcc-2.2.3-gcc/bin/../lib/gcc/sparc-gaisler-elf/10.2.0/leon3/mfix-gr712rc/soft/flat/libgcc.a(_si_to_df.o)
 .rodata        0x0000000040012a18       0x18 /home/fsw/rep/tasa/lib/bcc-2.2.3-gcc/bin/../lib/gcc/sparc-gaisler-elf/10.2.0/leon3/mfix-gr712rc/soft/flat/libgcc.a(_thenan_df.o)
                0x0000000040012a18                __thenan_df
 .rodata        0x0000000040012a30      0x100 /home/fsw/rep/tasa/lib/bcc-2.2.3-gcc/bin/../lib/gcc/sparc-gaisler-elf/10.2.0/leon3/mfix-gr712rc/soft/flat/libgcc.a(_clz.o)
                0x0000000040012a30                __clz_tab
 *(.gnu.linkonce.r*)
                0x0000000040012b30                . = ALIGN (0x10)
                0x0000000040012b30                __rodata_end = .

.rela.dyn       0x0000000040012b30        0x0
 .rela.iplt     0x0000000040012b30        0x0 /home/fsw/rep/tasa/lib/bcc-2.2.3-gcc/bin/../sparc-gaisler-elf/bsp/gr712rc/leon3/mfix-gr712rc/soft/flat/trap_table_mvt_tn0018.S.o
 .rela.text.traptable
                0x0000000040012b30        0x0 /home/fsw/rep/tasa/lib/bcc-2.2.3-gcc/bin/../sparc-gaisler-elf/bsp/gr712rc/leon3/mfix-gr712rc/soft/flat/trap_table_mvt_tn0018.S.o
 .rela.text     0x0000000040012b30        0x0 /home/fsw/rep/tasa/lib/bcc-2.2.3-gcc/bin/../sparc-gaisler-elf/bsp/gr712rc/leon3/mfix-gr712rc/soft/flat/trap_table_mvt_tn0018.S.o

.ext.data       0x0000000040012b30        0x0
                0x0000000040012b30                . = ALIGN (0x8)
                0x0000000040012b30                __extdata_start = .
 *(.data.ext)
                0x0000000040012b30                . = ALIGN (0x8)
                0x0000000040012b30                __extdata_end = .
                0x0000000040012b30                __extdata_start_lma = LOADADDR (.ext.data)
                0x0000000000000000                __extdata_size = SIZEOF (.ext.data)

.data           0x0000000040012b30      0x618
                0x0000000040012b30                . = ALIGN (0x8)
                0x0000000040012b30                __data_start = .
 *(.data .data.*)
 .data          0x0000000040012b30        0x0 /home/fsw/rep/tasa/lib/bcc-2.2.3-gcc/bin/../sparc-gaisler-elf/bsp/gr712rc/leon3/mfix-gr712rc/soft/flat/trap_table_mvt_tn0018.S.o
 .data          0x0000000040012b30        0x0 /home/fsw/rep/tasa/lib/bcc-2.2.3-gcc/bin/../sparc-gaisler-elf/bsp/gr712rc/leon3/mfix-gr712rc/soft/flat/crt0.S.o
 .data          0x0000000040012b30        0x0 /home/fsw/rep/tasa/lib/bcc-2.2.3-gcc/bin/../lib/gcc/sparc-gaisler-elf/10.2.0/leon3/mfix-gr712rc/soft/flat/crti.o
 .data          0x0000000040012b30        0x4 /home/fsw/rep/tasa/lib/bcc-2.2.3-gcc/bin/../lib/gcc/sparc-gaisler-elf/10.2.0/leon3/mfix-gr712rc/soft/flat/crtbegin.o
                0x0000000040012b30                __dso_handle
 .data          0x0000000040012b34        0x0 /tmp/cc2kn1Pf.o
 .data          0x0000000040012b34        0x0 /home/fsw/rep/tasa/lib/bcc-2.2.3-gcc/bin/../sparc-gaisler-elf/bsp/gr712rc/leon3/mfix-gr712rc/soft/flat/libbcc.a(reset_trap_mvt.S.o)
 .data          0x0000000040012b34        0x0 /home/fsw/rep/tasa/lib/bcc-2.2.3-gcc/bin/../sparc-gaisler-elf/bsp/gr712rc/leon3/mfix-gr712rc/soft/flat/libbcc.a(sw_trap_set_pil.S.o)
 .data          0x0000000040012b34        0x0 /home/fsw/rep/tasa/lib/bcc-2.2.3-gcc/bin/../sparc-gaisler-elf/bsp/gr712rc/leon3/mfix-gr712rc/soft/flat/libbcc.a(init.S.o)
 .data          0x0000000040012b34       0x10 /home/fsw/rep/tasa/lib/bcc-2.2.3-gcc/bin/../sparc-gaisler-elf/bsp/gr712rc/leon3/mfix-gr712rc/soft/flat/libbcc.a(leon_info.S.o)
                0x0000000040012b34                __bcc_leon_version
                0x0000000040012b38                __bcc_nwindows_min1
                0x0000000040012b3c                __bcc_nwindows
                0x0000000040012b40                __bcc_cpuid
 .data          0x0000000040012b44        0x0 /home/fsw/rep/tasa/lib/bcc-2.2.3-gcc/bin/../sparc-gaisler-elf/bsp/gr712rc/leon3/mfix-gr712rc/soft/flat/libbcc.a(dwzero.S.o)
 .data          0x0000000040012b44        0x0 /home/fsw/rep/tasa/lib/bcc-2.2.3-gcc/bin/../sparc-gaisler-elf/bsp/gr712rc/leon3/mfix-gr712rc/soft/flat/libbcc.a(copy_data.c.o)
 .data          0x0000000040012b44        0x4 /home/fsw/rep/tasa/lib/bcc-2.2.3-gcc/bin/../sparc-gaisler-elf/bsp/gr712rc/leon3/mfix-gr712rc/soft/flat/libbcc.a(argv.c.o)
                0x0000000040012b44                __bcc_argvp
 .data          0x0000000040012b48        0x0 /home/fsw/rep/tasa/lib/bcc-2.2.3-gcc/bin/../sparc-gaisler-elf/bsp/gr712rc/leon3/mfix-gr712rc/soft/flat/libbcc.a(interrupt_trap_flat_tn0018.S.o)
 .data          0x0000000040012b48        0x0 /home/fsw/rep/tasa/lib/bcc-2.2.3-gcc/bin/../sparc-gaisler-elf/bsp/gr712rc/leon3/mfix-gr712rc/soft/flat/libbcc.a(int_irqmp_get_source.c.o)
 .data          0x0000000040012b48        0x0 /home/fsw/rep/tasa/lib/bcc-2.2.3-gcc/bin/../sparc-gaisler-elf/bsp/gr712rc/leon3/mfix-gr712rc/soft/flat/libbcc.a(int_irqmp_mp.c.o)
 .data          0x0000000040012b48        0x0 /home/fsw/rep/tasa/lib/bcc-2.2.3-gcc/bin/../sparc-gaisler-elf/bsp/gr712rc/leon3/mfix-gr712rc/soft/flat/libbcc.a(int_irqmp_init.c.o)
 .data          0x0000000040012b48        0x0 /home/fsw/rep/tasa/lib/bcc-2.2.3-gcc/bin/../sparc-gaisler-elf/bsp/gr712rc/leon3/mfix-gr712rc/soft/flat/libbcc.a(con_apbuart_init.c.o)
 .data          0x0000000040012b48        0x0 /home/fsw/rep/tasa/lib/bcc-2.2.3-gcc/bin/../sparc-gaisler-elf/bsp/gr712rc/leon3/mfix-gr712rc/soft/flat/libbcc.a(timer_gptimer_init.c.o)
 .data          0x0000000040012b48        0x0 /home/fsw/rep/tasa/lib/bcc-2.2.3-gcc/bin/../sparc-gaisler-elf/bsp/gr712rc/leon3/mfix-gr712rc/soft/flat/libbcc.a(isr.c.o)
 .data          0x0000000040012b48       0x10 /home/fsw/rep/tasa/lib/bcc-2.2.3-gcc/bin/../sparc-gaisler-elf/bsp/gr712rc/leon3/mfix-gr712rc/soft/flat/libbcc.a(int_nest.c.o)
                0x0000000040012b48                __bcc_int_nest
 .data          0x0000000040012b58        0x8 /home/fsw/rep/tasa/lib/bcc-2.2.3-gcc/bin/../sparc-gaisler-elf/bsp/gr712rc/leon3/mfix-gr712rc/soft/flat/libbcc.a(int_irqmp_handle.c.o)
                0x0000000040012b58                __bcc_int_irqmp_eirq
                0x0000000040012b5c                __bcc_int_handle
 .data          0x0000000040012b60        0x0 /home/fsw/rep/tasa/lib/bcc-2.2.3-gcc/bin/../lib/gcc/sparc-gaisler-elf/10.2.0/../../../../sparc-gaisler-elf/lib/leon3/mfix-gr712rc/soft/flat/libc.a(lib_a-atexit.o)
 .data          0x0000000040012b60        0x0 /home/fsw/rep/tasa/lib/bcc-2.2.3-gcc/bin/../lib/gcc/sparc-gaisler-elf/10.2.0/../../../../sparc-gaisler-elf/lib/leon3/mfix-gr712rc/soft/flat/libc.a(lib_a-exit.o)
 .data          0x0000000040012b60       0x64 /home/fsw/rep/tasa/lib/bcc-2.2.3-gcc/bin/../lib/gcc/sparc-gaisler-elf/10.2.0/../../../../sparc-gaisler-elf/lib/leon3/mfix-gr712rc/soft/flat/libc.a(lib_a-impure.o)
                0x0000000040012b60                _impure_ptr
 .data          0x0000000040012bc4        0x0 /home/fsw/rep/tasa/lib/bcc-2.2.3-gcc/bin/../lib/gcc/sparc-gaisler-elf/10.2.0/../../../../sparc-gaisler-elf/lib/leon3/mfix-gr712rc/soft/flat/libc.a(lib_a-printf.o)
 .data          0x0000000040012bc4        0x0 /home/fsw/rep/tasa/lib/bcc-2.2.3-gcc/bin/../lib/gcc/sparc-gaisler-elf/10.2.0/../../../../sparc-gaisler-elf/lib/leon3/mfix-gr712rc/soft/flat/libc.a(lib_a-putchar.o)
 .data          0x0000000040012bc4        0x0 /home/fsw/rep/tasa/lib/bcc-2.2.3-gcc/bin/../lib/gcc/sparc-gaisler-elf/10.2.0/../../../../sparc-gaisler-elf/lib/leon3/mfix-gr712rc/soft/flat/libc.a(lib_a-puts.o)
 .data          0x0000000040012bc4        0x0 /home/fsw/rep/tasa/lib/bcc-2.2.3-gcc/bin/../lib/gcc/sparc-gaisler-elf/10.2.0/../../../../sparc-gaisler-elf/lib/leon3/mfix-gr712rc/soft/flat/libc.a(lib_a-strlen.o)
 .data          0x0000000040012bc4        0x0 /home/fsw/rep/tasa/lib/bcc-2.2.3-gcc/bin/../lib/gcc/sparc-gaisler-elf/10.2.0/../../../../sparc-gaisler-elf/lib/leon3/mfix-gr712rc/soft/flat/libc.a(lib_a-vfprintf.o)
 .data          0x0000000040012bc4        0x0 /home/fsw/rep/tasa/lib/bcc-2.2.3-gcc/bin/../lib/gcc/sparc-gaisler-elf/10.2.0/../../../../sparc-gaisler-elf/lib/leon3/mfix-gr712rc/soft/flat/libc.a(lib_a-wsetup.o)
 .data          0x0000000040012bc4        0x0 /home/fsw/rep/tasa/lib/bcc-2.2.3-gcc/bin/../lib/gcc/sparc-gaisler-elf/10.2.0/../../../../sparc-gaisler-elf/lib/leon3/mfix-gr712rc/soft/flat/libc.a(lib_a-__atexit.o)
 .data          0x0000000040012bc4        0x0 /home/fsw/rep/tasa/lib/bcc-2.2.3-gcc/bin/../lib/gcc/sparc-gaisler-elf/10.2.0/../../../../sparc-gaisler-elf/lib/leon3/mfix-gr712rc/soft/flat/libc.a(lib_a-__call_atexit.o)
 .data          0x0000000040012bc4        0x0 /home/fsw/rep/tasa/lib/bcc-2.2.3-gcc/bin/../lib/gcc/sparc-gaisler-elf/10.2.0/../../../../sparc-gaisler-elf/lib/leon3/mfix-gr712rc/soft/flat/libc.a(lib_a-dtoa.o)
 .data          0x0000000040012bc4        0x0 /home/fsw/rep/tasa/lib/bcc-2.2.3-gcc/bin/../lib/gcc/sparc-gaisler-elf/10.2.0/../../../../sparc-gaisler-elf/lib/leon3/mfix-gr712rc/soft/flat/libc.a(lib_a-fflush.o)
 .data          0x0000000040012bc4        0x0 /home/fsw/rep/tasa/lib/bcc-2.2.3-gcc/bin/../lib/gcc/sparc-gaisler-elf/10.2.0/../../../../sparc-gaisler-elf/lib/leon3/mfix-gr712rc/soft/flat/libc.a(lib_a-findfp.o)
 .data          0x0000000040012bc4        0x0 /home/fsw/rep/tasa/lib/bcc-2.2.3-gcc/bin/../lib/gcc/sparc-gaisler-elf/10.2.0/../../../../sparc-gaisler-elf/lib/leon3/mfix-gr712rc/soft/flat/libc.a(lib_a-freer.o)
 .data          0x0000000040012bc4        0x0 /home/fsw/rep/tasa/lib/bcc-2.2.3-gcc/bin/../lib/gcc/sparc-gaisler-elf/10.2.0/../../../../sparc-gaisler-elf/lib/leon3/mfix-gr712rc/soft/flat/libc.a(lib_a-fvwrite.o)
 .data          0x0000000040012bc4        0x0 /home/fsw/rep/tasa/lib/bcc-2.2.3-gcc/bin/../lib/gcc/sparc-gaisler-elf/10.2.0/../../../../sparc-gaisler-elf/lib/leon3/mfix-gr712rc/soft/flat/libc.a(lib_a-fwalk.o)
 .data          0x0000000040012bc4        0x0 /home/fsw/rep/tasa/lib/bcc-2.2.3-gcc/bin/../lib/gcc/sparc-gaisler-elf/10.2.0/../../../../sparc-gaisler-elf/lib/leon3/mfix-gr712rc/soft/flat/libc.a(lib_a-localeconv.o)
 .data          0x0000000040012bc4        0x0 /home/fsw/rep/tasa/lib/bcc-2.2.3-gcc/bin/../lib/gcc/sparc-gaisler-elf/10.2.0/../../../../sparc-gaisler-elf/lib/leon3/mfix-gr712rc/soft/flat/libc.a(lib_a-makebuf.o)
 .data          0x0000000040012bc4        0x0 /home/fsw/rep/tasa/lib/bcc-2.2.3-gcc/bin/../lib/gcc/sparc-gaisler-elf/10.2.0/../../../../sparc-gaisler-elf/lib/leon3/mfix-gr712rc/soft/flat/libc.a(lib_a-malloc.o)
 .data          0x0000000040012bc4      0x410 /home/fsw/rep/tasa/lib/bcc-2.2.3-gcc/bin/../lib/gcc/sparc-gaisler-elf/10.2.0/../../../../sparc-gaisler-elf/lib/leon3/mfix-gr712rc/soft/flat/libc.a(lib_a-mallocr.o)
                0x0000000040012bc4                __malloc_sbrk_base
                0x0000000040012bc8                __malloc_trim_threshold
                0x0000000040012bcc                __malloc_av_
 .data          0x0000000040012fd4        0x0 /home/fsw/rep/tasa/lib/bcc-2.2.3-gcc/bin/../lib/gcc/sparc-gaisler-elf/10.2.0/../../../../sparc-gaisler-elf/lib/leon3/mfix-gr712rc/soft/flat/libc.a(lib_a-memchr.o)
 .data          0x0000000040012fd4        0x0 /home/fsw/rep/tasa/lib/bcc-2.2.3-gcc/bin/../lib/gcc/sparc-gaisler-elf/10.2.0/../../../../sparc-gaisler-elf/lib/leon3/mfix-gr712rc/soft/flat/libc.a(lib_a-memcpy.o)
 .data          0x0000000040012fd4        0x0 /home/fsw/rep/tasa/lib/bcc-2.2.3-gcc/bin/../lib/gcc/sparc-gaisler-elf/10.2.0/../../../../sparc-gaisler-elf/lib/leon3/mfix-gr712rc/soft/flat/libc.a(lib_a-memmove.o)
 .data          0x0000000040012fd4        0x0 /home/fsw/rep/tasa/lib/bcc-2.2.3-gcc/bin/../lib/gcc/sparc-gaisler-elf/10.2.0/../../../../sparc-gaisler-elf/lib/leon3/mfix-gr712rc/soft/flat/libc.a(lib_a-memset.o)
 .data          0x0000000040012fd4        0x0 /home/fsw/rep/tasa/lib/bcc-2.2.3-gcc/bin/../lib/gcc/sparc-gaisler-elf/10.2.0/../../../../sparc-gaisler-elf/lib/leon3/mfix-gr712rc/soft/flat/libc.a(lib_a-mlock.o)
 .data          0x0000000040012fd4        0x0 /home/fsw/rep/tasa/lib/bcc-2.2.3-gcc/bin/../lib/gcc/sparc-gaisler-elf/10.2.0/../../../../sparc-gaisler-elf/lib/leon3/mfix-gr712rc/soft/flat/libc.a(lib_a-mprec.o)
 .data          0x0000000040012fd4        0x0 /home/fsw/rep/tasa/lib/bcc-2.2.3-gcc/bin/../lib/gcc/sparc-gaisler-elf/10.2.0/../../../../sparc-gaisler-elf/lib/leon3/mfix-gr712rc/soft/flat/libc.a(lib_a-putc.o)
 .data          0x0000000040012fd4        0x0 /home/fsw/rep/tasa/lib/bcc-2.2.3-gcc/bin/../lib/gcc/sparc-gaisler-elf/10.2.0/../../../../sparc-gaisler-elf/lib/leon3/mfix-gr712rc/soft/flat/libc.a(lib_a-reallocr.o)
 .data          0x0000000040012fd4        0x0 /home/fsw/rep/tasa/lib/bcc-2.2.3-gcc/bin/../lib/gcc/sparc-gaisler-elf/10.2.0/../../../../sparc-gaisler-elf/lib/leon3/mfix-gr712rc/soft/flat/libc.a(lib_a-s_frexp.o)
 .data          0x0000000040012fd4        0x0 /home/fsw/rep/tasa/lib/bcc-2.2.3-gcc/bin/../lib/gcc/sparc-gaisler-elf/10.2.0/../../../../sparc-gaisler-elf/lib/leon3/mfix-gr712rc/soft/flat/libc.a(lib_a-sbrkr.o)
 .data          0x0000000040012fd4        0x0 /home/fsw/rep/tasa/lib/bcc-2.2.3-gcc/bin/../lib/gcc/sparc-gaisler-elf/10.2.0/../../../../sparc-gaisler-elf/lib/leon3/mfix-gr712rc/soft/flat/libc.a(lib_a-stdio.o)
 .data          0x0000000040012fd4        0x0 /home/fsw/rep/tasa/lib/bcc-2.2.3-gcc/bin/../lib/gcc/sparc-gaisler-elf/10.2.0/../../../../sparc-gaisler-elf/lib/leon3/mfix-gr712rc/soft/flat/libc.a(lib_a-strncpy.o)
 .data          0x0000000040012fd4        0x0 /home/fsw/rep/tasa/lib/bcc-2.2.3-gcc/bin/../lib/gcc/sparc-gaisler-elf/10.2.0/../../../../sparc-gaisler-elf/lib/leon3/mfix-gr712rc/soft/flat/libc.a(lib_a-vfiprintf.o)
 .data          0x0000000040012fd4        0x0 /home/fsw/rep/tasa/lib/bcc-2.2.3-gcc/bin/../lib/gcc/sparc-gaisler-elf/10.2.0/../../../../sparc-gaisler-elf/lib/leon3/mfix-gr712rc/soft/flat/libc.a(lib_a-wbuf.o)
 .data          0x0000000040012fd4        0x0 /home/fsw/rep/tasa/lib/bcc-2.2.3-gcc/bin/../lib/gcc/sparc-gaisler-elf/10.2.0/../../../../sparc-gaisler-elf/lib/leon3/mfix-gr712rc/soft/flat/libc.a(lib_a-writer.o)
 .data          0x0000000040012fd4        0x0 /home/fsw/rep/tasa/lib/bcc-2.2.3-gcc/bin/../lib/gcc/sparc-gaisler-elf/10.2.0/../../../../sparc-gaisler-elf/lib/leon3/mfix-gr712rc/soft/flat/libc.a(lib_a-callocr.o)
 .data          0x0000000040012fd4        0x0 /home/fsw/rep/tasa/lib/bcc-2.2.3-gcc/bin/../lib/gcc/sparc-gaisler-elf/10.2.0/../../../../sparc-gaisler-elf/lib/leon3/mfix-gr712rc/soft/flat/libc.a(lib_a-closer.o)
 .data          0x0000000040012fd4        0x0 /home/fsw/rep/tasa/lib/bcc-2.2.3-gcc/bin/../lib/gcc/sparc-gaisler-elf/10.2.0/../../../../sparc-gaisler-elf/lib/leon3/mfix-gr712rc/soft/flat/libc.a(lib_a-fclose.o)
 .data          0x0000000040012fd4        0x0 /home/fsw/rep/tasa/lib/bcc-2.2.3-gcc/bin/../lib/gcc/sparc-gaisler-elf/10.2.0/../../../../sparc-gaisler-elf/lib/leon3/mfix-gr712rc/soft/flat/libc.a(lib_a-fputwc.o)
 .data          0x0000000040012fd4        0x0 /home/fsw/rep/tasa/lib/bcc-2.2.3-gcc/bin/../lib/gcc/sparc-gaisler-elf/10.2.0/../../../../sparc-gaisler-elf/lib/leon3/mfix-gr712rc/soft/flat/libc.a(lib_a-fstatr.o)
 .data          0x0000000040012fd4        0x0 /home/fsw/rep/tasa/lib/bcc-2.2.3-gcc/bin/../lib/gcc/sparc-gaisler-elf/10.2.0/../../../../sparc-gaisler-elf/lib/leon3/mfix-gr712rc/soft/flat/libc.a(lib_a-isattyr.o)
 .data          0x0000000040012fd4      0x16c /home/fsw/rep/tasa/lib/bcc-2.2.3-gcc/bin/../lib/gcc/sparc-gaisler-elf/10.2.0/../../../../sparc-gaisler-elf/lib/leon3/mfix-gr712rc/soft/flat/libc.a(lib_a-locale.o)
                0x0000000040012fd4                __global_locale
 .data          0x0000000040013140        0x0 /home/fsw/rep/tasa/lib/bcc-2.2.3-gcc/bin/../lib/gcc/sparc-gaisler-elf/10.2.0/../../../../sparc-gaisler-elf/lib/leon3/mfix-gr712rc/soft/flat/libc.a(lib_a-lseekr.o)
 .data          0x0000000040013140        0x0 /home/fsw/rep/tasa/lib/bcc-2.2.3-gcc/bin/../lib/gcc/sparc-gaisler-elf/10.2.0/../../../../sparc-gaisler-elf/lib/leon3/mfix-gr712rc/soft/flat/libc.a(lib_a-mbtowc_r.o)
 .data          0x0000000040013140        0x0 /home/fsw/rep/tasa/lib/bcc-2.2.3-gcc/bin/../lib/gcc/sparc-gaisler-elf/10.2.0/../../../../sparc-gaisler-elf/lib/leon3/mfix-gr712rc/soft/flat/libc.a(lib_a-readr.o)
 .data          0x0000000040013140        0x0 /home/fsw/rep/tasa/lib/bcc-2.2.3-gcc/bin/../lib/gcc/sparc-gaisler-elf/10.2.0/../../../../sparc-gaisler-elf/lib/leon3/mfix-gr712rc/soft/flat/libc.a(lib_a-reent.o)
 .data          0x0000000040013140        0x0 /home/fsw/rep/tasa/lib/bcc-2.2.3-gcc/bin/../lib/gcc/sparc-gaisler-elf/10.2.0/../../../../sparc-gaisler-elf/lib/leon3/mfix-gr712rc/soft/flat/libc.a(lib_a-strcmp.o)
 .data          0x0000000040013140        0x0 /home/fsw/rep/tasa/lib/bcc-2.2.3-gcc/bin/../lib/gcc/sparc-gaisler-elf/10.2.0/../../../../sparc-gaisler-elf/lib/leon3/mfix-gr712rc/soft/flat/libc.a(lib_a-wcrtomb.o)
 .data          0x0000000040013140        0x0 /home/fsw/rep/tasa/lib/bcc-2.2.3-gcc/bin/../lib/gcc/sparc-gaisler-elf/10.2.0/../../../../sparc-gaisler-elf/lib/leon3/mfix-gr712rc/soft/flat/libc.a(lib_a-wctomb_r.o)
 .data          0x0000000040013140        0x0 /home/fsw/rep/tasa/lib/bcc-2.2.3-gcc/bin/../lib/gcc/sparc-gaisler-elf/10.2.0/../../../../sparc-gaisler-elf/lib/leon3/mfix-gr712rc/soft/flat/libc.a(lib_a-ctype_.o)
 .data          0x0000000040013140        0x0 /home/fsw/rep/tasa/lib/bcc-2.2.3-gcc/bin/../sparc-gaisler-elf/bsp/gr712rc/leon3/mfix-gr712rc/soft/flat/libbcc.a(_exit.S.o)
 .data          0x0000000040013140        0x0 /home/fsw/rep/tasa/lib/bcc-2.2.3-gcc/bin/../sparc-gaisler-elf/bsp/gr712rc/leon3/mfix-gr712rc/soft/flat/libbcc.a(read.c.o)
 .data          0x0000000040013140        0x0 /home/fsw/rep/tasa/lib/bcc-2.2.3-gcc/bin/../sparc-gaisler-elf/bsp/gr712rc/leon3/mfix-gr712rc/soft/flat/libbcc.a(sbrk.c.o)
 .data          0x0000000040013140        0x0 /home/fsw/rep/tasa/lib/bcc-2.2.3-gcc/bin/../sparc-gaisler-elf/bsp/gr712rc/leon3/mfix-gr712rc/soft/flat/libbcc.a(heap.c.o)
 .data          0x0000000040013140        0x0 /home/fsw/rep/tasa/lib/bcc-2.2.3-gcc/bin/../sparc-gaisler-elf/bsp/gr712rc/leon3/mfix-gr712rc/soft/flat/libbcc.a(write.c.o)
 .data          0x0000000040013140        0x0 /home/fsw/rep/tasa/lib/bcc-2.2.3-gcc/bin/../sparc-gaisler-elf/bsp/gr712rc/leon3/mfix-gr712rc/soft/flat/libbcc.a(stubs.S.o)
 .data          0x0000000040013140        0x0 /home/fsw/rep/tasa/lib/bcc-2.2.3-gcc/bin/../sparc-gaisler-elf/bsp/gr712rc/leon3/mfix-gr712rc/soft/flat/libbcc.a(con_apbuart.c.o)
 .data          0x0000000040013140        0x4 /home/fsw/rep/tasa/lib/bcc-2.2.3-gcc/bin/../sparc-gaisler-elf/bsp/gr712rc/leon3/mfix-gr712rc/soft/flat/libbcc.a(con_handle.c.o)
                0x0000000040013140                __bcc_con_handle
 .data          0x0000000040013144        0x0 /home/fsw/rep/tasa/lib/bcc-2.2.3-gcc/bin/../lib/gcc/sparc-gaisler-elf/10.2.0/leon3/mfix-gr712rc/soft/flat/libgcc.a(_udivdi3.o)
 .data          0x0000000040013144        0x0 /home/fsw/rep/tasa/lib/bcc-2.2.3-gcc/bin/../lib/gcc/sparc-gaisler-elf/10.2.0/leon3/mfix-gr712rc/soft/flat/libgcc.a(_umoddi3.o)
 .data          0x0000000040013144        0x0 /home/fsw/rep/tasa/lib/bcc-2.2.3-gcc/bin/../lib/gcc/sparc-gaisler-elf/10.2.0/leon3/mfix-gr712rc/soft/flat/libgcc.a(_addsub_df.o)
 .data          0x0000000040013144        0x0 /home/fsw/rep/tasa/lib/bcc-2.2.3-gcc/bin/../lib/gcc/sparc-gaisler-elf/10.2.0/leon3/mfix-gr712rc/soft/flat/libgcc.a(_mul_df.o)
 .data          0x0000000040013144        0x0 /home/fsw/rep/tasa/lib/bcc-2.2.3-gcc/bin/../lib/gcc/sparc-gaisler-elf/10.2.0/leon3/mfix-gr712rc/soft/flat/libgcc.a(_div_df.o)
 .data          0x0000000040013144        0x0 /home/fsw/rep/tasa/lib/bcc-2.2.3-gcc/bin/../lib/gcc/sparc-gaisler-elf/10.2.0/leon3/mfix-gr712rc/soft/flat/libgcc.a(_eq_df.o)
 .data          0x0000000040013144        0x0 /home/fsw/rep/tasa/lib/bcc-2.2.3-gcc/bin/../lib/gcc/sparc-gaisler-elf/10.2.0/leon3/mfix-gr712rc/soft/flat/libgcc.a(_ne_df.o)
 .data          0x0000000040013144        0x0 /home/fsw/rep/tasa/lib/bcc-2.2.3-gcc/bin/../lib/gcc/sparc-gaisler-elf/10.2.0/leon3/mfix-gr712rc/soft/flat/libgcc.a(_gt_df.o)
 .data          0x0000000040013144        0x0 /home/fsw/rep/tasa/lib/bcc-2.2.3-gcc/bin/../lib/gcc/sparc-gaisler-elf/10.2.0/leon3/mfix-gr712rc/soft/flat/libgcc.a(_lt_df.o)
 .data          0x0000000040013144        0x0 /home/fsw/rep/tasa/lib/bcc-2.2.3-gcc/bin/../lib/gcc/sparc-gaisler-elf/10.2.0/leon3/mfix-gr712rc/soft/flat/libgcc.a(_le_df.o)
 .data          0x0000000040013144        0x0 /home/fsw/rep/tasa/lib/bcc-2.2.3-gcc/bin/../lib/gcc/sparc-gaisler-elf/10.2.0/leon3/mfix-gr712rc/soft/flat/libgcc.a(_unord_df.o)
 .data          0x0000000040013144        0x0 /home/fsw/rep/tasa/lib/bcc-2.2.3-gcc/bin/../lib/gcc/sparc-gaisler-elf/10.2.0/leon3/mfix-gr712rc/soft/flat/libgcc.a(_si_to_df.o)
 .data          0x0000000040013144        0x0 /home/fsw/rep/tasa/lib/bcc-2.2.3-gcc/bin/../lib/gcc/sparc-gaisler-elf/10.2.0/leon3/mfix-gr712rc/soft/flat/libgcc.a(_df_to_si.o)
 .data          0x0000000040013144        0x0 /home/fsw/rep/tasa/lib/bcc-2.2.3-gcc/bin/../lib/gcc/sparc-gaisler-elf/10.2.0/leon3/mfix-gr712rc/soft/flat/libgcc.a(_thenan_df.o)
 .data          0x0000000040013144        0x0 /home/fsw/rep/tasa/lib/bcc-2.2.3-gcc/bin/../lib/gcc/sparc-gaisler-elf/10.2.0/leon3/mfix-gr712rc/soft/flat/libgcc.a(_usi_to_df.o)
 .data          0x0000000040013144        0x0 /home/fsw/rep/tasa/lib/bcc-2.2.3-gcc/bin/../lib/gcc/sparc-gaisler-elf/10.2.0/leon3/mfix-gr712rc/soft/flat/libgcc.a(_clz.o)
 .data          0x0000000040013144        0x0 /home/fsw/rep/tasa/lib/bcc-2.2.3-gcc/bin/../lib/gcc/sparc-gaisler-elf/10.2.0/leon3/mfix-gr712rc/soft/flat/libgcc.a(_clzsi2.o)
 .data          0x0000000040013144        0x0 /home/fsw/rep/tasa/lib/bcc-2.2.3-gcc/bin/../lib/gcc/sparc-gaisler-elf/10.2.0/leon3/mfix-gr712rc/soft/flat/libgcc.a(_pack_df.o)
 .data          0x0000000040013144        0x0 /home/fsw/rep/tasa/lib/bcc-2.2.3-gcc/bin/../lib/gcc/sparc-gaisler-elf/10.2.0/leon3/mfix-gr712rc/soft/flat/libgcc.a(_unpack_df.o)
 .data          0x0000000040013144        0x0 /home/fsw/rep/tasa/lib/bcc-2.2.3-gcc/bin/../lib/gcc/sparc-gaisler-elf/10.2.0/leon3/mfix-gr712rc/soft/flat/libgcc.a(_fpcmp_parts_df.o)
 .data          0x0000000040013144        0x0 /home/fsw/rep/tasa/lib/bcc-2.2.3-gcc/bin/../lib/gcc/sparc-gaisler-elf/10.2.0/leon3/mfix-gr712rc/soft/flat/crtend.o
 .data          0x0000000040013144        0x0 /home/fsw/rep/tasa/lib/bcc-2.2.3-gcc/bin/../lib/gcc/sparc-gaisler-elf/10.2.0/leon3/mfix-gr712rc/soft/flat/crtn.o
                0x0000000040013148                . = ALIGN (0x8)
 *fill*         0x0000000040013144        0x4 
                0x0000000040013148                __data_end = .
                0x0000000040012b30                __data_start_lma = LOADADDR (.data)
                0x0000000000000618                __data_size = SIZEOF (.data)

.iplt           0x0000000040013148        0x0
 .iplt          0x0000000040013148        0x0 /home/fsw/rep/tasa/lib/bcc-2.2.3-gcc/bin/../sparc-gaisler-elf/bsp/gr712rc/leon3/mfix-gr712rc/soft/flat/trap_table_mvt_tn0018.S.o

.tm_clone_table
                0x0000000040013148        0x0
 .tm_clone_table
                0x0000000040013148        0x0 /home/fsw/rep/tasa/lib/bcc-2.2.3-gcc/bin/../lib/gcc/sparc-gaisler-elf/10.2.0/leon3/mfix-gr712rc/soft/flat/crtbegin.o
 .tm_clone_table
                0x0000000040013148        0x0 /home/fsw/rep/tasa/lib/bcc-2.2.3-gcc/bin/../lib/gcc/sparc-gaisler-elf/10.2.0/leon3/mfix-gr712rc/soft/flat/crtend.o

.bss            0x0000000040013148      0x190
                0x0000000040013148                . = ALIGN (0x8)
                0x0000000040013148                __bss_start = .
 *(.bss .bss.*)
 .bss           0x0000000040013148        0x0 /home/fsw/rep/tasa/lib/bcc-2.2.3-gcc/bin/../sparc-gaisler-elf/bsp/gr712rc/leon3/mfix-gr712rc/soft/flat/trap_table_mvt_tn0018.S.o
 .bss           0x0000000040013148        0x4 /home/fsw/rep/tasa/lib/bcc-2.2.3-gcc/bin/../sparc-gaisler-elf/bsp/gr712rc/leon3/mfix-gr712rc/soft/flat/crt0.S.o
                0x0000000040013148                __bcc_sp_at_entry
 .bss           0x000000004001314c        0x0 /home/fsw/rep/tasa/lib/bcc-2.2.3-gcc/bin/../lib/gcc/sparc-gaisler-elf/10.2.0/leon3/mfix-gr712rc/soft/flat/crti.o
 .bss           0x000000004001314c       0x20 /home/fsw/rep/tasa/lib/bcc-2.2.3-gcc/bin/../lib/gcc/sparc-gaisler-elf/10.2.0/leon3/mfix-gr712rc/soft/flat/crtbegin.o
 .bss           0x000000004001316c        0x0 /tmp/cc2kn1Pf.o
 .bss           0x000000004001316c        0x0 /home/fsw/rep/tasa/lib/bcc-2.2.3-gcc/bin/../sparc-gaisler-elf/bsp/gr712rc/leon3/mfix-gr712rc/soft/flat/libbcc.a(reset_trap_mvt.S.o)
 .bss           0x000000004001316c        0x0 /home/fsw/rep/tasa/lib/bcc-2.2.3-gcc/bin/../sparc-gaisler-elf/bsp/gr712rc/leon3/mfix-gr712rc/soft/flat/libbcc.a(sw_trap_set_pil.S.o)
 .bss           0x000000004001316c        0x0 /home/fsw/rep/tasa/lib/bcc-2.2.3-gcc/bin/../sparc-gaisler-elf/bsp/gr712rc/leon3/mfix-gr712rc/soft/flat/libbcc.a(init.S.o)
 .bss           0x000000004001316c        0x0 /home/fsw/rep/tasa/lib/bcc-2.2.3-gcc/bin/../sparc-gaisler-elf/bsp/gr712rc/leon3/mfix-gr712rc/soft/flat/libbcc.a(leon_info.S.o)
 .bss           0x000000004001316c        0x0 /home/fsw/rep/tasa/lib/bcc-2.2.3-gcc/bin/../sparc-gaisler-elf/bsp/gr712rc/leon3/mfix-gr712rc/soft/flat/libbcc.a(dwzero.S.o)
 .bss           0x000000004001316c        0x0 /home/fsw/rep/tasa/lib/bcc-2.2.3-gcc/bin/../sparc-gaisler-elf/bsp/gr712rc/leon3/mfix-gr712rc/soft/flat/libbcc.a(copy_data.c.o)
 .bss           0x000000004001316c        0x8 /home/fsw/rep/tasa/lib/bcc-2.2.3-gcc/bin/../sparc-gaisler-elf/bsp/gr712rc/leon3/mfix-gr712rc/soft/flat/libbcc.a(argv.c.o)
                0x0000000040013170                __bcc_argc
 .bss           0x0000000040013174        0x0 /home/fsw/rep/tasa/lib/bcc-2.2.3-gcc/bin/../sparc-gaisler-elf/bsp/gr712rc/leon3/mfix-gr712rc/soft/flat/libbcc.a(interrupt_trap_flat_tn0018.S.o)
 .bss           0x0000000040013174        0x0 /home/fsw/rep/tasa/lib/bcc-2.2.3-gcc/bin/../sparc-gaisler-elf/bsp/gr712rc/leon3/mfix-gr712rc/soft/flat/libbcc.a(int_irqmp_get_source.c.o)
 .bss           0x0000000040013174        0x0 /home/fsw/rep/tasa/lib/bcc-2.2.3-gcc/bin/../sparc-gaisler-elf/bsp/gr712rc/leon3/mfix-gr712rc/soft/flat/libbcc.a(int_irqmp_mp.c.o)
 .bss           0x0000000040013174        0x0 /home/fsw/rep/tasa/lib/bcc-2.2.3-gcc/bin/../sparc-gaisler-elf/bsp/gr712rc/leon3/mfix-gr712rc/soft/flat/libbcc.a(int_irqmp_init.c.o)
 .bss           0x0000000040013174        0x0 /home/fsw/rep/tasa/lib/bcc-2.2.3-gcc/bin/../sparc-gaisler-elf/bsp/gr712rc/leon3/mfix-gr712rc/soft/flat/libbcc.a(con_apbuart_init.c.o)
 .bss           0x0000000040013174        0x0 /home/fsw/rep/tasa/lib/bcc-2.2.3-gcc/bin/../sparc-gaisler-elf/bsp/gr712rc/leon3/mfix-gr712rc/soft/flat/libbcc.a(timer_gptimer_init.c.o)
 .bss           0x0000000040013174       0x80 /home/fsw/rep/tasa/lib/bcc-2.2.3-gcc/bin/../sparc-gaisler-elf/bsp/gr712rc/leon3/mfix-gr712rc/soft/flat/libbcc.a(isr.c.o)
                0x0000000040013174                __bcc_isr_list
 .bss           0x00000000400131f4        0x0 /home/fsw/rep/tasa/lib/bcc-2.2.3-gcc/bin/../sparc-gaisler-elf/bsp/gr712rc/leon3/mfix-gr712rc/soft/flat/libbcc.a(int_nest.c.o)
 .bss           0x00000000400131f4        0x8 /home/fsw/rep/tasa/lib/bcc-2.2.3-gcc/bin/../sparc-gaisler-elf/bsp/gr712rc/leon3/mfix-gr712rc/soft/flat/libbcc.a(int_irqmp_handle.c.o)
                0x00000000400131f4                __bcc_int_irqmp_nts
                0x00000000400131f8                __bcc_int_irqmp_map
 .bss           0x00000000400131fc        0x0 /home/fsw/rep/tasa/lib/bcc-2.2.3-gcc/bin/../lib/gcc/sparc-gaisler-elf/10.2.0/../../../../sparc-gaisler-elf/lib/leon3/mfix-gr712rc/soft/flat/libc.a(lib_a-atexit.o)
 .bss           0x00000000400131fc        0x0 /home/fsw/rep/tasa/lib/bcc-2.2.3-gcc/bin/../lib/gcc/sparc-gaisler-elf/10.2.0/../../../../sparc-gaisler-elf/lib/leon3/mfix-gr712rc/soft/flat/libc.a(lib_a-exit.o)
 .bss           0x00000000400131fc        0x0 /home/fsw/rep/tasa/lib/bcc-2.2.3-gcc/bin/../lib/gcc/sparc-gaisler-elf/10.2.0/../../../../sparc-gaisler-elf/lib/leon3/mfix-gr712rc/soft/flat/libc.a(lib_a-impure.o)
 .bss           0x00000000400131fc        0x0 /home/fsw/rep/tasa/lib/bcc-2.2.3-gcc/bin/../lib/gcc/sparc-gaisler-elf/10.2.0/../../../../sparc-gaisler-elf/lib/leon3/mfix-gr712rc/soft/flat/libc.a(lib_a-printf.o)
 .bss           0x00000000400131fc        0x0 /home/fsw/rep/tasa/lib/bcc-2.2.3-gcc/bin/../lib/gcc/sparc-gaisler-elf/10.2.0/../../../../sparc-gaisler-elf/lib/leon3/mfix-gr712rc/soft/flat/libc.a(lib_a-putchar.o)
 .bss           0x00000000400131fc        0x0 /home/fsw/rep/tasa/lib/bcc-2.2.3-gcc/bin/../lib/gcc/sparc-gaisler-elf/10.2.0/../../../../sparc-gaisler-elf/lib/leon3/mfix-gr712rc/soft/flat/libc.a(lib_a-puts.o)
 .bss           0x00000000400131fc        0x0 /home/fsw/rep/tasa/lib/bcc-2.2.3-gcc/bin/../lib/gcc/sparc-gaisler-elf/10.2.0/../../../../sparc-gaisler-elf/lib/leon3/mfix-gr712rc/soft/flat/libc.a(lib_a-strlen.o)
 .bss           0x00000000400131fc        0x0 /home/fsw/rep/tasa/lib/bcc-2.2.3-gcc/bin/../lib/gcc/sparc-gaisler-elf/10.2.0/../../../../sparc-gaisler-elf/lib/leon3/mfix-gr712rc/soft/flat/libc.a(lib_a-vfprintf.o)
 .bss           0x00000000400131fc        0x0 /home/fsw/rep/tasa/lib/bcc-2.2.3-gcc/bin/../lib/gcc/sparc-gaisler-elf/10.2.0/../../../../sparc-gaisler-elf/lib/leon3/mfix-gr712rc/soft/flat/libc.a(lib_a-wsetup.o)
 .bss           0x00000000400131fc       0x8c /home/fsw/rep/tasa/lib/bcc-2.2.3-gcc/bin/../lib/gcc/sparc-gaisler-elf/10.2.0/../../../../sparc-gaisler-elf/lib/leon3/mfix-gr712rc/soft/flat/libc.a(lib_a-__atexit.o)
 .bss           0x0000000040013288        0x4 /home/fsw/rep/tasa/lib/bcc-2.2.3-gcc/bin/../lib/gcc/sparc-gaisler-elf/10.2.0/../../../../sparc-gaisler-elf/lib/leon3/mfix-gr712rc/soft/flat/libc.a(lib_a-__call_atexit.o)
                0x0000000040013288                _global_atexit
 .bss           0x000000004001328c        0x0 /home/fsw/rep/tasa/lib/bcc-2.2.3-gcc/bin/../lib/gcc/sparc-gaisler-elf/10.2.0/../../../../sparc-gaisler-elf/lib/leon3/mfix-gr712rc/soft/flat/libc.a(lib_a-dtoa.o)
 .bss           0x000000004001328c        0x0 /home/fsw/rep/tasa/lib/bcc-2.2.3-gcc/bin/../lib/gcc/sparc-gaisler-elf/10.2.0/../../../../sparc-gaisler-elf/lib/leon3/mfix-gr712rc/soft/flat/libc.a(lib_a-fflush.o)
 .bss           0x000000004001328c        0x0 /home/fsw/rep/tasa/lib/bcc-2.2.3-gcc/bin/../lib/gcc/sparc-gaisler-elf/10.2.0/../../../../sparc-gaisler-elf/lib/leon3/mfix-gr712rc/soft/flat/libc.a(lib_a-findfp.o)
 .bss           0x000000004001328c        0x0 /home/fsw/rep/tasa/lib/bcc-2.2.3-gcc/bin/../lib/gcc/sparc-gaisler-elf/10.2.0/../../../../sparc-gaisler-elf/lib/leon3/mfix-gr712rc/soft/flat/libc.a(lib_a-freer.o)
 .bss           0x000000004001328c        0x0 /home/fsw/rep/tasa/lib/bcc-2.2.3-gcc/bin/../lib/gcc/sparc-gaisler-elf/10.2.0/../../../../sparc-gaisler-elf/lib/leon3/mfix-gr712rc/soft/flat/libc.a(lib_a-fvwrite.o)
 .bss           0x000000004001328c        0x0 /home/fsw/rep/tasa/lib/bcc-2.2.3-gcc/bin/../lib/gcc/sparc-gaisler-elf/10.2.0/../../../../sparc-gaisler-elf/lib/leon3/mfix-gr712rc/soft/flat/libc.a(lib_a-fwalk.o)
 .bss           0x000000004001328c        0x0 /home/fsw/rep/tasa/lib/bcc-2.2.3-gcc/bin/../lib/gcc/sparc-gaisler-elf/10.2.0/../../../../sparc-gaisler-elf/lib/leon3/mfix-gr712rc/soft/flat/libc.a(lib_a-localeconv.o)
 .bss           0x000000004001328c        0x0 /home/fsw/rep/tasa/lib/bcc-2.2.3-gcc/bin/../lib/gcc/sparc-gaisler-elf/10.2.0/../../../../sparc-gaisler-elf/lib/leon3/mfix-gr712rc/soft/flat/libc.a(lib_a-makebuf.o)
 .bss           0x000000004001328c        0x0 /home/fsw/rep/tasa/lib/bcc-2.2.3-gcc/bin/../lib/gcc/sparc-gaisler-elf/10.2.0/../../../../sparc-gaisler-elf/lib/leon3/mfix-gr712rc/soft/flat/libc.a(lib_a-malloc.o)
 .bss           0x000000004001328c       0x34 /home/fsw/rep/tasa/lib/bcc-2.2.3-gcc/bin/../lib/gcc/sparc-gaisler-elf/10.2.0/../../../../sparc-gaisler-elf/lib/leon3/mfix-gr712rc/soft/flat/libc.a(lib_a-mallocr.o)
                0x000000004001328c                __malloc_current_mallinfo
                0x00000000400132b4                __malloc_max_total_mem
                0x00000000400132b8                __malloc_max_sbrked_mem
                0x00000000400132bc                __malloc_top_pad
 .bss           0x00000000400132c0        0x0 /home/fsw/rep/tasa/lib/bcc-2.2.3-gcc/bin/../lib/gcc/sparc-gaisler-elf/10.2.0/../../../../sparc-gaisler-elf/lib/leon3/mfix-gr712rc/soft/flat/libc.a(lib_a-memchr.o)
 .bss           0x00000000400132c0        0x0 /home/fsw/rep/tasa/lib/bcc-2.2.3-gcc/bin/../lib/gcc/sparc-gaisler-elf/10.2.0/../../../../sparc-gaisler-elf/lib/leon3/mfix-gr712rc/soft/flat/libc.a(lib_a-memcpy.o)
 .bss           0x00000000400132c0        0x0 /home/fsw/rep/tasa/lib/bcc-2.2.3-gcc/bin/../lib/gcc/sparc-gaisler-elf/10.2.0/../../../../sparc-gaisler-elf/lib/leon3/mfix-gr712rc/soft/flat/libc.a(lib_a-memmove.o)
 .bss           0x00000000400132c0        0x0 /home/fsw/rep/tasa/lib/bcc-2.2.3-gcc/bin/../lib/gcc/sparc-gaisler-elf/10.2.0/../../../../sparc-gaisler-elf/lib/leon3/mfix-gr712rc/soft/flat/libc.a(lib_a-memset.o)
 .bss           0x00000000400132c0        0x0 /home/fsw/rep/tasa/lib/bcc-2.2.3-gcc/bin/../lib/gcc/sparc-gaisler-elf/10.2.0/../../../../sparc-gaisler-elf/lib/leon3/mfix-gr712rc/soft/flat/libc.a(lib_a-mlock.o)
 .bss           0x00000000400132c0        0x0 /home/fsw/rep/tasa/lib/bcc-2.2.3-gcc/bin/../lib/gcc/sparc-gaisler-elf/10.2.0/../../../../sparc-gaisler-elf/lib/leon3/mfix-gr712rc/soft/flat/libc.a(lib_a-mprec.o)
 .bss           0x00000000400132c0        0x0 /home/fsw/rep/tasa/lib/bcc-2.2.3-gcc/bin/../lib/gcc/sparc-gaisler-elf/10.2.0/../../../../sparc-gaisler-elf/lib/leon3/mfix-gr712rc/soft/flat/libc.a(lib_a-putc.o)
 .bss           0x00000000400132c0        0x0 /home/fsw/rep/tasa/lib/bcc-2.2.3-gcc/bin/../lib/gcc/sparc-gaisler-elf/10.2.0/../../../../sparc-gaisler-elf/lib/leon3/mfix-gr712rc/soft/flat/libc.a(lib_a-reallocr.o)
 .bss           0x00000000400132c0        0x0 /home/fsw/rep/tasa/lib/bcc-2.2.3-gcc/bin/../lib/gcc/sparc-gaisler-elf/10.2.0/../../../../sparc-gaisler-elf/lib/leon3/mfix-gr712rc/soft/flat/libc.a(lib_a-s_frexp.o)
 .bss           0x00000000400132c0        0x0 /home/fsw/rep/tasa/lib/bcc-2.2.3-gcc/bin/../lib/gcc/sparc-gaisler-elf/10.2.0/../../../../sparc-gaisler-elf/lib/leon3/mfix-gr712rc/soft/flat/libc.a(lib_a-sbrkr.o)
 .bss           0x00000000400132c0        0x0 /home/fsw/rep/tasa/lib/bcc-2.2.3-gcc/bin/../lib/gcc/sparc-gaisler-elf/10.2.0/../../../../sparc-gaisler-elf/lib/leon3/mfix-gr712rc/soft/flat/libc.a(lib_a-stdio.o)
 .bss           0x00000000400132c0        0x0 /home/fsw/rep/tasa/lib/bcc-2.2.3-gcc/bin/../lib/gcc/sparc-gaisler-elf/10.2.0/../../../../sparc-gaisler-elf/lib/leon3/mfix-gr712rc/soft/flat/libc.a(lib_a-strncpy.o)
 .bss           0x00000000400132c0        0x0 /home/fsw/rep/tasa/lib/bcc-2.2.3-gcc/bin/../lib/gcc/sparc-gaisler-elf/10.2.0/../../../../sparc-gaisler-elf/lib/leon3/mfix-gr712rc/soft/flat/libc.a(lib_a-vfiprintf.o)
 .bss           0x00000000400132c0        0x0 /home/fsw/rep/tasa/lib/bcc-2.2.3-gcc/bin/../lib/gcc/sparc-gaisler-elf/10.2.0/../../../../sparc-gaisler-elf/lib/leon3/mfix-gr712rc/soft/flat/libc.a(lib_a-wbuf.o)
 .bss           0x00000000400132c0        0x0 /home/fsw/rep/tasa/lib/bcc-2.2.3-gcc/bin/../lib/gcc/sparc-gaisler-elf/10.2.0/../../../../sparc-gaisler-elf/lib/leon3/mfix-gr712rc/soft/flat/libc.a(lib_a-writer.o)
 .bss           0x00000000400132c0        0x0 /home/fsw/rep/tasa/lib/bcc-2.2.3-gcc/bin/../lib/gcc/sparc-gaisler-elf/10.2.0/../../../../sparc-gaisler-elf/lib/leon3/mfix-gr712rc/soft/flat/libc.a(lib_a-callocr.o)
 .bss           0x00000000400132c0        0x0 /home/fsw/rep/tasa/lib/bcc-2.2.3-gcc/bin/../lib/gcc/sparc-gaisler-elf/10.2.0/../../../../sparc-gaisler-elf/lib/leon3/mfix-gr712rc/soft/flat/libc.a(lib_a-closer.o)
 .bss           0x00000000400132c0        0x0 /home/fsw/rep/tasa/lib/bcc-2.2.3-gcc/bin/../lib/gcc/sparc-gaisler-elf/10.2.0/../../../../sparc-gaisler-elf/lib/leon3/mfix-gr712rc/soft/flat/libc.a(lib_a-fclose.o)
 .bss           0x00000000400132c0        0x0 /home/fsw/rep/tasa/lib/bcc-2.2.3-gcc/bin/../lib/gcc/sparc-gaisler-elf/10.2.0/../../../../sparc-gaisler-elf/lib/leon3/mfix-gr712rc/soft/flat/libc.a(lib_a-fputwc.o)
 .bss           0x00000000400132c0        0x0 /home/fsw/rep/tasa/lib/bcc-2.2.3-gcc/bin/../lib/gcc/sparc-gaisler-elf/10.2.0/../../../../sparc-gaisler-elf/lib/leon3/mfix-gr712rc/soft/flat/libc.a(lib_a-fstatr.o)
 .bss           0x00000000400132c0        0x0 /home/fsw/rep/tasa/lib/bcc-2.2.3-gcc/bin/../lib/gcc/sparc-gaisler-elf/10.2.0/../../../../sparc-gaisler-elf/lib/leon3/mfix-gr712rc/soft/flat/libc.a(lib_a-isattyr.o)
 .bss           0x00000000400132c0        0x4 /home/fsw/rep/tasa/lib/bcc-2.2.3-gcc/bin/../lib/gcc/sparc-gaisler-elf/10.2.0/../../../../sparc-gaisler-elf/lib/leon3/mfix-gr712rc/soft/flat/libc.a(lib_a-locale.o)
                0x00000000400132c0                _PathLocale
 .bss           0x00000000400132c4        0x0 /home/fsw/rep/tasa/lib/bcc-2.2.3-gcc/bin/../lib/gcc/sparc-gaisler-elf/10.2.0/../../../../sparc-gaisler-elf/lib/leon3/mfix-gr712rc/soft/flat/libc.a(lib_a-lseekr.o)
 .bss           0x00000000400132c4        0x0 /home/fsw/rep/tasa/lib/bcc-2.2.3-gcc/bin/../lib/gcc/sparc-gaisler-elf/10.2.0/../../../../sparc-gaisler-elf/lib/leon3/mfix-gr712rc/soft/flat/libc.a(lib_a-mbtowc_r.o)
 .bss           0x00000000400132c4        0x0 /home/fsw/rep/tasa/lib/bcc-2.2.3-gcc/bin/../lib/gcc/sparc-gaisler-elf/10.2.0/../../../../sparc-gaisler-elf/lib/leon3/mfix-gr712rc/soft/flat/libc.a(lib_a-readr.o)
 .bss           0x00000000400132c4        0x4 /home/fsw/rep/tasa/lib/bcc-2.2.3-gcc/bin/../lib/gcc/sparc-gaisler-elf/10.2.0/../../../../sparc-gaisler-elf/lib/leon3/mfix-gr712rc/soft/flat/libc.a(lib_a-reent.o)
                0x00000000400132c4                errno
 .bss           0x00000000400132c8        0x0 /home/fsw/rep/tasa/lib/bcc-2.2.3-gcc/bin/../lib/gcc/sparc-gaisler-elf/10.2.0/../../../../sparc-gaisler-elf/lib/leon3/mfix-gr712rc/soft/flat/libc.a(lib_a-strcmp.o)
 .bss           0x00000000400132c8        0x0 /home/fsw/rep/tasa/lib/bcc-2.2.3-gcc/bin/../lib/gcc/sparc-gaisler-elf/10.2.0/../../../../sparc-gaisler-elf/lib/leon3/mfix-gr712rc/soft/flat/libc.a(lib_a-wcrtomb.o)
 .bss           0x00000000400132c8        0x0 /home/fsw/rep/tasa/lib/bcc-2.2.3-gcc/bin/../lib/gcc/sparc-gaisler-elf/10.2.0/../../../../sparc-gaisler-elf/lib/leon3/mfix-gr712rc/soft/flat/libc.a(lib_a-wctomb_r.o)
 .bss           0x00000000400132c8        0x0 /home/fsw/rep/tasa/lib/bcc-2.2.3-gcc/bin/../lib/gcc/sparc-gaisler-elf/10.2.0/../../../../sparc-gaisler-elf/lib/leon3/mfix-gr712rc/soft/flat/libc.a(lib_a-ctype_.o)
 .bss           0x00000000400132c8        0x0 /home/fsw/rep/tasa/lib/bcc-2.2.3-gcc/bin/../sparc-gaisler-elf/bsp/gr712rc/leon3/mfix-gr712rc/soft/flat/libbcc.a(_exit.S.o)
 .bss           0x00000000400132c8        0x0 /home/fsw/rep/tasa/lib/bcc-2.2.3-gcc/bin/../sparc-gaisler-elf/bsp/gr712rc/leon3/mfix-gr712rc/soft/flat/libbcc.a(read.c.o)
 .bss           0x00000000400132c8        0x4 /home/fsw/rep/tasa/lib/bcc-2.2.3-gcc/bin/../sparc-gaisler-elf/bsp/gr712rc/leon3/mfix-gr712rc/soft/flat/libbcc.a(sbrk.c.o)
 .bss           0x00000000400132cc        0x8 /home/fsw/rep/tasa/lib/bcc-2.2.3-gcc/bin/../sparc-gaisler-elf/bsp/gr712rc/leon3/mfix-gr712rc/soft/flat/libbcc.a(heap.c.o)
                0x00000000400132cc                __bcc_heap_max
                0x00000000400132d0                __bcc_heap_min
 .bss           0x00000000400132d4        0x0 /home/fsw/rep/tasa/lib/bcc-2.2.3-gcc/bin/../sparc-gaisler-elf/bsp/gr712rc/leon3/mfix-gr712rc/soft/flat/libbcc.a(write.c.o)
 .bss           0x00000000400132d4        0x0 /home/fsw/rep/tasa/lib/bcc-2.2.3-gcc/bin/../sparc-gaisler-elf/bsp/gr712rc/leon3/mfix-gr712rc/soft/flat/libbcc.a(stubs.S.o)
 .bss           0x00000000400132d4        0x4 /home/fsw/rep/tasa/lib/bcc-2.2.3-gcc/bin/../sparc-gaisler-elf/bsp/gr712rc/leon3/mfix-gr712rc/soft/flat/libbcc.a(con_apbuart.c.o)
 .bss           0x00000000400132d8        0x0 /home/fsw/rep/tasa/lib/bcc-2.2.3-gcc/bin/../sparc-gaisler-elf/bsp/gr712rc/leon3/mfix-gr712rc/soft/flat/libbcc.a(con_handle.c.o)
 .bss           0x00000000400132d8        0x0 /home/fsw/rep/tasa/lib/bcc-2.2.3-gcc/bin/../lib/gcc/sparc-gaisler-elf/10.2.0/leon3/mfix-gr712rc/soft/flat/libgcc.a(_udivdi3.o)
 .bss           0x00000000400132d8        0x0 /home/fsw/rep/tasa/lib/bcc-2.2.3-gcc/bin/../lib/gcc/sparc-gaisler-elf/10.2.0/leon3/mfix-gr712rc/soft/flat/libgcc.a(_umoddi3.o)
 .bss           0x00000000400132d8        0x0 /home/fsw/rep/tasa/lib/bcc-2.2.3-gcc/bin/../lib/gcc/sparc-gaisler-elf/10.2.0/leon3/mfix-gr712rc/soft/flat/libgcc.a(_addsub_df.o)
 .bss           0x00000000400132d8        0x0 /home/fsw/rep/tasa/lib/bcc-2.2.3-gcc/bin/../lib/gcc/sparc-gaisler-elf/10.2.0/leon3/mfix-gr712rc/soft/flat/libgcc.a(_mul_df.o)
 .bss           0x00000000400132d8        0x0 /home/fsw/rep/tasa/lib/bcc-2.2.3-gcc/bin/../lib/gcc/sparc-gaisler-elf/10.2.0/leon3/mfix-gr712rc/soft/flat/libgcc.a(_div_df.o)
 .bss           0x00000000400132d8        0x0 /home/fsw/rep/tasa/lib/bcc-2.2.3-gcc/bin/../lib/gcc/sparc-gaisler-elf/10.2.0/leon3/mfix-gr712rc/soft/flat/libgcc.a(_eq_df.o)
 .bss           0x00000000400132d8        0x0 /home/fsw/rep/tasa/lib/bcc-2.2.3-gcc/bin/../lib/gcc/sparc-gaisler-elf/10.2.0/leon3/mfix-gr712rc/soft/flat/libgcc.a(_ne_df.o)
 .bss           0x00000000400132d8        0x0 /home/fsw/rep/tasa/lib/bcc-2.2.3-gcc/bin/../lib/gcc/sparc-gaisler-elf/10.2.0/leon3/mfix-gr712rc/soft/flat/libgcc.a(_gt_df.o)
 .bss           0x00000000400132d8        0x0 /home/fsw/rep/tasa/lib/bcc-2.2.3-gcc/bin/../lib/gcc/sparc-gaisler-elf/10.2.0/leon3/mfix-gr712rc/soft/flat/libgcc.a(_lt_df.o)
 .bss           0x00000000400132d8        0x0 /home/fsw/rep/tasa/lib/bcc-2.2.3-gcc/bin/../lib/gcc/sparc-gaisler-elf/10.2.0/leon3/mfix-gr712rc/soft/flat/libgcc.a(_le_df.o)
 .bss           0x00000000400132d8        0x0 /home/fsw/rep/tasa/lib/bcc-2.2.3-gcc/bin/../lib/gcc/sparc-gaisler-elf/10.2.0/leon3/mfix-gr712rc/soft/flat/libgcc.a(_unord_df.o)
 .bss           0x00000000400132d8        0x0 /home/fsw/rep/tasa/lib/bcc-2.2.3-gcc/bin/../lib/gcc/sparc-gaisler-elf/10.2.0/leon3/mfix-gr712rc/soft/flat/libgcc.a(_si_to_df.o)
 .bss           0x00000000400132d8        0x0 /home/fsw/rep/tasa/lib/bcc-2.2.3-gcc/bin/../lib/gcc/sparc-gaisler-elf/10.2.0/leon3/mfix-gr712rc/soft/flat/libgcc.a(_df_to_si.o)
 .bss           0x00000000400132d8        0x0 /home/fsw/rep/tasa/lib/bcc-2.2.3-gcc/bin/../lib/gcc/sparc-gaisler-elf/10.2.0/leon3/mfix-gr712rc/soft/flat/libgcc.a(_thenan_df.o)
 .bss           0x00000000400132d8        0x0 /home/fsw/rep/tasa/lib/bcc-2.2.3-gcc/bin/../lib/gcc/sparc-gaisler-elf/10.2.0/leon3/mfix-gr712rc/soft/flat/libgcc.a(_usi_to_df.o)
 .bss           0x00000000400132d8        0x0 /home/fsw/rep/tasa/lib/bcc-2.2.3-gcc/bin/../lib/gcc/sparc-gaisler-elf/10.2.0/leon3/mfix-gr712rc/soft/flat/libgcc.a(_clz.o)
 .bss           0x00000000400132d8        0x0 /home/fsw/rep/tasa/lib/bcc-2.2.3-gcc/bin/../lib/gcc/sparc-gaisler-elf/10.2.0/leon3/mfix-gr712rc/soft/flat/libgcc.a(_clzsi2.o)
 .bss           0x00000000400132d8        0x0 /home/fsw/rep/tasa/lib/bcc-2.2.3-gcc/bin/../lib/gcc/sparc-gaisler-elf/10.2.0/leon3/mfix-gr712rc/soft/flat/libgcc.a(_pack_df.o)
 .bss           0x00000000400132d8        0x0 /home/fsw/rep/tasa/lib/bcc-2.2.3-gcc/bin/../lib/gcc/sparc-gaisler-elf/10.2.0/leon3/mfix-gr712rc/soft/flat/libgcc.a(_unpack_df.o)
 .bss           0x00000000400132d8        0x0 /home/fsw/rep/tasa/lib/bcc-2.2.3-gcc/bin/../lib/gcc/sparc-gaisler-elf/10.2.0/leon3/mfix-gr712rc/soft/flat/libgcc.a(_fpcmp_parts_df.o)
 .bss           0x00000000400132d8        0x0 /home/fsw/rep/tasa/lib/bcc-2.2.3-gcc/bin/../lib/gcc/sparc-gaisler-elf/10.2.0/leon3/mfix-gr712rc/soft/flat/crtend.o
 .bss           0x00000000400132d8        0x0 /home/fsw/rep/tasa/lib/bcc-2.2.3-gcc/bin/../lib/gcc/sparc-gaisler-elf/10.2.0/leon3/mfix-gr712rc/soft/flat/crtn.o
 *(COMMON)
                0x00000000400132d8                . = ALIGN (0x8)
                0x00000000400132d8                __bss_end = .
                0x00000000400132d8                __heap_min = .
                0x00000000400132d8                . = ALIGN (0x8)

.jcr
 *(.jcr)

.stab
 *(.stab)

.stabstr
 *(.stabstr)

.debug
 *(.debug)

.line
 *(.line)

.debug_srcinfo
 *(.debug_srcinfo)

.debug_sfnames
 *(.debug_sfnames)

.debug_aranges  0x0000000000000000      0xbf0
 *(.debug_aranges)
 .debug_aranges
                0x0000000000000000       0x20 /home/fsw/rep/tasa/lib/bcc-2.2.3-gcc/bin/../sparc-gaisler-elf/bsp/gr712rc/leon3/mfix-gr712rc/soft/flat/trap_table_mvt_tn0018.S.o
 .debug_aranges
                0x0000000000000020       0x20 /home/fsw/rep/tasa/lib/bcc-2.2.3-gcc/bin/../sparc-gaisler-elf/bsp/gr712rc/leon3/mfix-gr712rc/soft/flat/crt0.S.o
 .debug_aranges
                0x0000000000000040       0x20 /tmp/cc2kn1Pf.o
 .debug_aranges
                0x0000000000000060       0x20 /home/fsw/rep/tasa/lib/bcc-2.2.3-gcc/bin/../sparc-gaisler-elf/bsp/gr712rc/leon3/mfix-gr712rc/soft/flat/libbcc.a(reset_trap_mvt.S.o)
 .debug_aranges
                0x0000000000000080       0x20 /home/fsw/rep/tasa/lib/bcc-2.2.3-gcc/bin/../sparc-gaisler-elf/bsp/gr712rc/leon3/mfix-gr712rc/soft/flat/libbcc.a(sw_trap_set_pil.S.o)
 .debug_aranges
                0x00000000000000a0       0x20 /home/fsw/rep/tasa/lib/bcc-2.2.3-gcc/bin/../sparc-gaisler-elf/bsp/gr712rc/leon3/mfix-gr712rc/soft/flat/libbcc.a(init.S.o)
 .debug_aranges
                0x00000000000000c0       0x20 /home/fsw/rep/tasa/lib/bcc-2.2.3-gcc/bin/../sparc-gaisler-elf/bsp/gr712rc/leon3/mfix-gr712rc/soft/flat/libbcc.a(leon_info.S.o)
 .debug_aranges
                0x00000000000000e0       0x20 /home/fsw/rep/tasa/lib/bcc-2.2.3-gcc/bin/../sparc-gaisler-elf/bsp/gr712rc/leon3/mfix-gr712rc/soft/flat/libbcc.a(dwzero.S.o)
 .debug_aranges
                0x0000000000000100       0x20 /home/fsw/rep/tasa/lib/bcc-2.2.3-gcc/bin/../sparc-gaisler-elf/bsp/gr712rc/leon3/mfix-gr712rc/soft/flat/libbcc.a(copy_data.c.o)
 .debug_aranges
                0x0000000000000120       0x18 /home/fsw/rep/tasa/lib/bcc-2.2.3-gcc/bin/../sparc-gaisler-elf/bsp/gr712rc/leon3/mfix-gr712rc/soft/flat/libbcc.a(argv.c.o)
 .debug_aranges
                0x0000000000000138       0x20 /home/fsw/rep/tasa/lib/bcc-2.2.3-gcc/bin/../sparc-gaisler-elf/bsp/gr712rc/leon3/mfix-gr712rc/soft/flat/libbcc.a(interrupt_trap_flat_tn0018.S.o)
 .debug_aranges
                0x0000000000000158       0x20 /home/fsw/rep/tasa/lib/bcc-2.2.3-gcc/bin/../sparc-gaisler-elf/bsp/gr712rc/leon3/mfix-gr712rc/soft/flat/libbcc.a(int_irqmp_get_source.c.o)
 .debug_aranges
                0x0000000000000178       0x20 /home/fsw/rep/tasa/lib/bcc-2.2.3-gcc/bin/../sparc-gaisler-elf/bsp/gr712rc/leon3/mfix-gr712rc/soft/flat/libbcc.a(int_irqmp_mp.c.o)
 .debug_aranges
                0x0000000000000198       0x20 /home/fsw/rep/tasa/lib/bcc-2.2.3-gcc/bin/../sparc-gaisler-elf/bsp/gr712rc/leon3/mfix-gr712rc/soft/flat/libbcc.a(int_irqmp_init.c.o)
 .debug_aranges
                0x00000000000001b8       0x20 /home/fsw/rep/tasa/lib/bcc-2.2.3-gcc/bin/../sparc-gaisler-elf/bsp/gr712rc/leon3/mfix-gr712rc/soft/flat/libbcc.a(con_apbuart_init.c.o)
 .debug_aranges
                0x00000000000001d8       0x20 /home/fsw/rep/tasa/lib/bcc-2.2.3-gcc/bin/../sparc-gaisler-elf/bsp/gr712rc/leon3/mfix-gr712rc/soft/flat/libbcc.a(timer_gptimer_init.c.o)
 .debug_aranges
                0x00000000000001f8       0x18 /home/fsw/rep/tasa/lib/bcc-2.2.3-gcc/bin/../sparc-gaisler-elf/bsp/gr712rc/leon3/mfix-gr712rc/soft/flat/libbcc.a(isr.c.o)
 .debug_aranges
                0x0000000000000210       0x18 /home/fsw/rep/tasa/lib/bcc-2.2.3-gcc/bin/../sparc-gaisler-elf/bsp/gr712rc/leon3/mfix-gr712rc/soft/flat/libbcc.a(int_nest.c.o)
 .debug_aranges
                0x0000000000000228       0x18 /home/fsw/rep/tasa/lib/bcc-2.2.3-gcc/bin/../sparc-gaisler-elf/bsp/gr712rc/leon3/mfix-gr712rc/soft/flat/libbcc.a(int_irqmp_handle.c.o)
 .debug_aranges
                0x0000000000000240       0x20 /home/fsw/rep/tasa/lib/bcc-2.2.3-gcc/bin/../lib/gcc/sparc-gaisler-elf/10.2.0/../../../../sparc-gaisler-elf/lib/leon3/mfix-gr712rc/soft/flat/libc.a(lib_a-atexit.o)
 .debug_aranges
                0x0000000000000260       0x20 /home/fsw/rep/tasa/lib/bcc-2.2.3-gcc/bin/../lib/gcc/sparc-gaisler-elf/10.2.0/../../../../sparc-gaisler-elf/lib/leon3/mfix-gr712rc/soft/flat/libc.a(lib_a-exit.o)
 .debug_aranges
                0x0000000000000280       0x18 /home/fsw/rep/tasa/lib/bcc-2.2.3-gcc/bin/../lib/gcc/sparc-gaisler-elf/10.2.0/../../../../sparc-gaisler-elf/lib/leon3/mfix-gr712rc/soft/flat/libc.a(lib_a-impure.o)
 .debug_aranges
                0x0000000000000298       0x20 /home/fsw/rep/tasa/lib/bcc-2.2.3-gcc/bin/../lib/gcc/sparc-gaisler-elf/10.2.0/../../../../sparc-gaisler-elf/lib/leon3/mfix-gr712rc/soft/flat/libc.a(lib_a-printf.o)
 .debug_aranges
                0x00000000000002b8       0x20 /home/fsw/rep/tasa/lib/bcc-2.2.3-gcc/bin/../lib/gcc/sparc-gaisler-elf/10.2.0/../../../../sparc-gaisler-elf/lib/leon3/mfix-gr712rc/soft/flat/libc.a(lib_a-putchar.o)
 .debug_aranges
                0x00000000000002d8       0x20 /home/fsw/rep/tasa/lib/bcc-2.2.3-gcc/bin/../lib/gcc/sparc-gaisler-elf/10.2.0/../../../../sparc-gaisler-elf/lib/leon3/mfix-gr712rc/soft/flat/libc.a(lib_a-puts.o)
 .debug_aranges
                0x00000000000002f8       0x20 /home/fsw/rep/tasa/lib/bcc-2.2.3-gcc/bin/../lib/gcc/sparc-gaisler-elf/10.2.0/../../../../sparc-gaisler-elf/lib/leon3/mfix-gr712rc/soft/flat/libc.a(lib_a-strlen.o)
 .debug_aranges
                0x0000000000000318       0x20 /home/fsw/rep/tasa/lib/bcc-2.2.3-gcc/bin/../lib/gcc/sparc-gaisler-elf/10.2.0/../../../../sparc-gaisler-elf/lib/leon3/mfix-gr712rc/soft/flat/libc.a(lib_a-vfprintf.o)
 .debug_aranges
                0x0000000000000338       0x20 /home/fsw/rep/tasa/lib/bcc-2.2.3-gcc/bin/../lib/gcc/sparc-gaisler-elf/10.2.0/../../../../sparc-gaisler-elf/lib/leon3/mfix-gr712rc/soft/flat/libc.a(lib_a-wsetup.o)
 .debug_aranges
                0x0000000000000358       0x20 /home/fsw/rep/tasa/lib/bcc-2.2.3-gcc/bin/../lib/gcc/sparc-gaisler-elf/10.2.0/../../../../sparc-gaisler-elf/lib/leon3/mfix-gr712rc/soft/flat/libc.a(lib_a-__atexit.o)
 .debug_aranges
                0x0000000000000378       0x20 /home/fsw/rep/tasa/lib/bcc-2.2.3-gcc/bin/../lib/gcc/sparc-gaisler-elf/10.2.0/../../../../sparc-gaisler-elf/lib/leon3/mfix-gr712rc/soft/flat/libc.a(lib_a-__call_atexit.o)
 .debug_aranges
                0x0000000000000398       0x20 /home/fsw/rep/tasa/lib/bcc-2.2.3-gcc/bin/../lib/gcc/sparc-gaisler-elf/10.2.0/../../../../sparc-gaisler-elf/lib/leon3/mfix-gr712rc/soft/flat/libc.a(lib_a-dtoa.o)
 .debug_aranges
                0x00000000000003b8       0x20 /home/fsw/rep/tasa/lib/bcc-2.2.3-gcc/bin/../lib/gcc/sparc-gaisler-elf/10.2.0/../../../../sparc-gaisler-elf/lib/leon3/mfix-gr712rc/soft/flat/libc.a(lib_a-fflush.o)
 .debug_aranges
                0x00000000000003d8       0x20 /home/fsw/rep/tasa/lib/bcc-2.2.3-gcc/bin/../lib/gcc/sparc-gaisler-elf/10.2.0/../../../../sparc-gaisler-elf/lib/leon3/mfix-gr712rc/soft/flat/libc.a(lib_a-findfp.o)
 .debug_aranges
                0x00000000000003f8       0x20 /home/fsw/rep/tasa/lib/bcc-2.2.3-gcc/bin/../lib/gcc/sparc-gaisler-elf/10.2.0/../../../../sparc-gaisler-elf/lib/leon3/mfix-gr712rc/soft/flat/libc.a(lib_a-freer.o)
 .debug_aranges
                0x0000000000000418       0x20 /home/fsw/rep/tasa/lib/bcc-2.2.3-gcc/bin/../lib/gcc/sparc-gaisler-elf/10.2.0/../../../../sparc-gaisler-elf/lib/leon3/mfix-gr712rc/soft/flat/libc.a(lib_a-fvwrite.o)
 .debug_aranges
                0x0000000000000438       0x20 /home/fsw/rep/tasa/lib/bcc-2.2.3-gcc/bin/../lib/gcc/sparc-gaisler-elf/10.2.0/../../../../sparc-gaisler-elf/lib/leon3/mfix-gr712rc/soft/flat/libc.a(lib_a-fwalk.o)
 .debug_aranges
                0x0000000000000458       0x20 /home/fsw/rep/tasa/lib/bcc-2.2.3-gcc/bin/../lib/gcc/sparc-gaisler-elf/10.2.0/../../../../sparc-gaisler-elf/lib/leon3/mfix-gr712rc/soft/flat/libc.a(lib_a-localeconv.o)
 .debug_aranges
                0x0000000000000478       0x20 /home/fsw/rep/tasa/lib/bcc-2.2.3-gcc/bin/../lib/gcc/sparc-gaisler-elf/10.2.0/../../../../sparc-gaisler-elf/lib/leon3/mfix-gr712rc/soft/flat/libc.a(lib_a-makebuf.o)
 .debug_aranges
                0x0000000000000498       0x20 /home/fsw/rep/tasa/lib/bcc-2.2.3-gcc/bin/../lib/gcc/sparc-gaisler-elf/10.2.0/../../../../sparc-gaisler-elf/lib/leon3/mfix-gr712rc/soft/flat/libc.a(lib_a-malloc.o)
 .debug_aranges
                0x00000000000004b8       0x20 /home/fsw/rep/tasa/lib/bcc-2.2.3-gcc/bin/../lib/gcc/sparc-gaisler-elf/10.2.0/../../../../sparc-gaisler-elf/lib/leon3/mfix-gr712rc/soft/flat/libc.a(lib_a-mallocr.o)
 .debug_aranges
                0x00000000000004d8       0x20 /home/fsw/rep/tasa/lib/bcc-2.2.3-gcc/bin/../lib/gcc/sparc-gaisler-elf/10.2.0/../../../../sparc-gaisler-elf/lib/leon3/mfix-gr712rc/soft/flat/libc.a(lib_a-memchr.o)
 .debug_aranges
                0x00000000000004f8       0x20 /home/fsw/rep/tasa/lib/bcc-2.2.3-gcc/bin/../lib/gcc/sparc-gaisler-elf/10.2.0/../../../../sparc-gaisler-elf/lib/leon3/mfix-gr712rc/soft/flat/libc.a(lib_a-memcpy.o)
 .debug_aranges
                0x0000000000000518       0x20 /home/fsw/rep/tasa/lib/bcc-2.2.3-gcc/bin/../lib/gcc/sparc-gaisler-elf/10.2.0/../../../../sparc-gaisler-elf/lib/leon3/mfix-gr712rc/soft/flat/libc.a(lib_a-memmove.o)
 .debug_aranges
                0x0000000000000538       0x20 /home/fsw/rep/tasa/lib/bcc-2.2.3-gcc/bin/../lib/gcc/sparc-gaisler-elf/10.2.0/../../../../sparc-gaisler-elf/lib/leon3/mfix-gr712rc/soft/flat/libc.a(lib_a-memset.o)
 .debug_aranges
                0x0000000000000558       0x20 /home/fsw/rep/tasa/lib/bcc-2.2.3-gcc/bin/../lib/gcc/sparc-gaisler-elf/10.2.0/../../../../sparc-gaisler-elf/lib/leon3/mfix-gr712rc/soft/flat/libc.a(lib_a-mlock.o)
 .debug_aranges
                0x0000000000000578       0x20 /home/fsw/rep/tasa/lib/bcc-2.2.3-gcc/bin/../lib/gcc/sparc-gaisler-elf/10.2.0/../../../../sparc-gaisler-elf/lib/leon3/mfix-gr712rc/soft/flat/libc.a(lib_a-mprec.o)
 .debug_aranges
                0x0000000000000598       0x20 /home/fsw/rep/tasa/lib/bcc-2.2.3-gcc/bin/../lib/gcc/sparc-gaisler-elf/10.2.0/../../../../sparc-gaisler-elf/lib/leon3/mfix-gr712rc/soft/flat/libc.a(lib_a-putc.o)
 .debug_aranges
                0x00000000000005b8       0x20 /home/fsw/rep/tasa/lib/bcc-2.2.3-gcc/bin/../lib/gcc/sparc-gaisler-elf/10.2.0/../../../../sparc-gaisler-elf/lib/leon3/mfix-gr712rc/soft/flat/libc.a(lib_a-reallocr.o)
 .debug_aranges
                0x00000000000005d8       0x20 /home/fsw/rep/tasa/lib/bcc-2.2.3-gcc/bin/../lib/gcc/sparc-gaisler-elf/10.2.0/../../../../sparc-gaisler-elf/lib/leon3/mfix-gr712rc/soft/flat/libc.a(lib_a-s_frexp.o)
 .debug_aranges
                0x00000000000005f8       0x20 /home/fsw/rep/tasa/lib/bcc-2.2.3-gcc/bin/../lib/gcc/sparc-gaisler-elf/10.2.0/../../../../sparc-gaisler-elf/lib/leon3/mfix-gr712rc/soft/flat/libc.a(lib_a-sbrkr.o)
 .debug_aranges
                0x0000000000000618       0x20 /home/fsw/rep/tasa/lib/bcc-2.2.3-gcc/bin/../lib/gcc/sparc-gaisler-elf/10.2.0/../../../../sparc-gaisler-elf/lib/leon3/mfix-gr712rc/soft/flat/libc.a(lib_a-stdio.o)
 .debug_aranges
                0x0000000000000638       0x20 /home/fsw/rep/tasa/lib/bcc-2.2.3-gcc/bin/../lib/gcc/sparc-gaisler-elf/10.2.0/../../../../sparc-gaisler-elf/lib/leon3/mfix-gr712rc/soft/flat/libc.a(lib_a-strncpy.o)
 .debug_aranges
                0x0000000000000658       0x20 /home/fsw/rep/tasa/lib/bcc-2.2.3-gcc/bin/../lib/gcc/sparc-gaisler-elf/10.2.0/../../../../sparc-gaisler-elf/lib/leon3/mfix-gr712rc/soft/flat/libc.a(lib_a-vfiprintf.o)
 .debug_aranges
                0x0000000000000678       0x20 /home/fsw/rep/tasa/lib/bcc-2.2.3-gcc/bin/../lib/gcc/sparc-gaisler-elf/10.2.0/../../../../sparc-gaisler-elf/lib/leon3/mfix-gr712rc/soft/flat/libc.a(lib_a-wbuf.o)
 .debug_aranges