Archive member included to satisfy reference by file (symbol)

/home/fsw/rep/tasa/lib/bcc-2.2.3-gcc/bin/../sparc-gaisler-elf/bsp/gr712rc/leon3/mfix-gr712rc/flat/libbcc.a(reset_trap_mvt.S.o)
                              /home/fsw/rep/tasa/lib/bcc-2.2.3-gcc/bin/../sparc-gaisler-elf/bsp/gr712rc/leon3/mfix-gr712rc/flat/trap_table_mvt_tn0018.S.o (__bcc_trap_reset_mvt)
/home/fsw/rep/tasa/lib/bcc-2.2.3-gcc/bin/../sparc-gaisler-elf/bsp/gr712rc/leon3/mfix-gr712rc/flat/libbcc.a(sw_trap_set_pil.S.o)
                              /home/fsw/rep/tasa/lib/bcc-2.2.3-gcc/bin/../sparc-gaisler-elf/bsp/gr712rc/leon3/mfix-gr712rc/flat/trap_table_mvt_tn0018.S.o (__bcc_trap_sw_set_pil)
/home/fsw/rep/tasa/lib/bcc-2.2.3-gcc/bin/../sparc-gaisler-elf/bsp/gr712rc/leon3/mfix-gr712rc/flat/libbcc.a(init.S.o)
                              /home/fsw/rep/tasa/lib/bcc-2.2.3-gcc/bin/../sparc-gaisler-elf/bsp/gr712rc/leon3/mfix-gr712rc/flat/libbcc.a(reset_trap_mvt.S.o) (__bcc_init40)
/home/fsw/rep/tasa/lib/bcc-2.2.3-gcc/bin/../sparc-gaisler-elf/bsp/gr712rc/leon3/mfix-gr712rc/flat/libbcc.a(leon_info.S.o)
                              /home/fsw/rep/tasa/lib/bcc-2.2.3-gcc/bin/../sparc-gaisler-elf/bsp/gr712rc/leon3/mfix-gr712rc/flat/crt0.S.o (__bcc_get_leon_info)
/home/fsw/rep/tasa/lib/bcc-2.2.3-gcc/bin/../sparc-gaisler-elf/bsp/gr712rc/leon3/mfix-gr712rc/flat/libbcc.a(dwzero.S.o)
                              /home/fsw/rep/tasa/lib/bcc-2.2.3-gcc/bin/../sparc-gaisler-elf/bsp/gr712rc/leon3/mfix-gr712rc/flat/crt0.S.o (bcc_dwzero)
/home/fsw/rep/tasa/lib/bcc-2.2.3-gcc/bin/../sparc-gaisler-elf/bsp/gr712rc/leon3/mfix-gr712rc/flat/libbcc.a(copy_data.c.o)
                              /home/fsw/rep/tasa/lib/bcc-2.2.3-gcc/bin/../sparc-gaisler-elf/bsp/gr712rc/leon3/mfix-gr712rc/flat/crt0.S.o (__bcc_copy_data)
/home/fsw/rep/tasa/lib/bcc-2.2.3-gcc/bin/../sparc-gaisler-elf/bsp/gr712rc/leon3/mfix-gr712rc/flat/libbcc.a(argv.c.o)
                              /home/fsw/rep/tasa/lib/bcc-2.2.3-gcc/bin/../sparc-gaisler-elf/bsp/gr712rc/leon3/mfix-gr712rc/flat/crt0.S.o (__bcc_argvp)
/home/fsw/rep/tasa/lib/bcc-2.2.3-gcc/bin/../sparc-gaisler-elf/bsp/gr712rc/leon3/mfix-gr712rc/flat/libbcc.a(interrupt_trap_flat_tn0018.S.o)
                              /home/fsw/rep/tasa/lib/bcc-2.2.3-gcc/bin/../sparc-gaisler-elf/bsp/gr712rc/leon3/mfix-gr712rc/flat/trap_table_mvt_tn0018.S.o (__bcc_trap_interrupt_flat_tn0018)
/home/fsw/rep/tasa/lib/bcc-2.2.3-gcc/bin/../sparc-gaisler-elf/bsp/gr712rc/leon3/mfix-gr712rc/flat/libbcc.a(int_irqmp_get_source.c.o)
                              /home/fsw/rep/tasa/lib/bcc-2.2.3-gcc/bin/../sparc-gaisler-elf/bsp/gr712rc/leon3/mfix-gr712rc/flat/libbcc.a(interrupt_trap_flat_tn0018.S.o) (__bcc_int_get_source)
/home/fsw/rep/tasa/lib/bcc-2.2.3-gcc/bin/../sparc-gaisler-elf/bsp/gr712rc/leon3/mfix-gr712rc/flat/libbcc.a(int_irqmp_mp.c.o)
                              /tmp/ccure457.o (bcc_get_cpu_count)
/home/fsw/rep/tasa/lib/bcc-2.2.3-gcc/bin/../sparc-gaisler-elf/bsp/gr712rc/leon3/mfix-gr712rc/flat/libbcc.a(int_irqmp_init.c.o)
                              /home/fsw/rep/tasa/lib/bcc-2.2.3-gcc/bin/../sparc-gaisler-elf/bsp/gr712rc/leon3/mfix-gr712rc/flat/crt0.S.o (__bcc_int_init)
/home/fsw/rep/tasa/lib/bcc-2.2.3-gcc/bin/../sparc-gaisler-elf/bsp/gr712rc/leon3/mfix-gr712rc/flat/libbcc.a(con_apbuart_init.c.o)
                              /home/fsw/rep/tasa/lib/bcc-2.2.3-gcc/bin/../sparc-gaisler-elf/bsp/gr712rc/leon3/mfix-gr712rc/flat/crt0.S.o (__bcc_con_init)
/home/fsw/rep/tasa/lib/bcc-2.2.3-gcc/bin/../sparc-gaisler-elf/bsp/gr712rc/leon3/mfix-gr712rc/flat/libbcc.a(timer_gptimer_init.c.o)
                              /home/fsw/rep/tasa/lib/bcc-2.2.3-gcc/bin/../sparc-gaisler-elf/bsp/gr712rc/leon3/mfix-gr712rc/flat/crt0.S.o (__bcc_timer_init)
/home/fsw/rep/tasa/lib/bcc-2.2.3-gcc/bin/../sparc-gaisler-elf/bsp/gr712rc/leon3/mfix-gr712rc/flat/libbcc.a(isr.c.o)
                              /home/fsw/rep/tasa/lib/bcc-2.2.3-gcc/bin/../sparc-gaisler-elf/bsp/gr712rc/leon3/mfix-gr712rc/flat/libbcc.a(interrupt_trap_flat_tn0018.S.o) (__bcc_isr_list)
/home/fsw/rep/tasa/lib/bcc-2.2.3-gcc/bin/../sparc-gaisler-elf/bsp/gr712rc/leon3/mfix-gr712rc/flat/libbcc.a(int_nest.c.o)
                              /home/fsw/rep/tasa/lib/bcc-2.2.3-gcc/bin/../sparc-gaisler-elf/bsp/gr712rc/leon3/mfix-gr712rc/flat/libbcc.a(interrupt_trap_flat_tn0018.S.o) (__bcc_int_nest)
/home/fsw/rep/tasa/lib/bcc-2.2.3-gcc/bin/../sparc-gaisler-elf/bsp/gr712rc/leon3/mfix-gr712rc/flat/libbcc.a(int_irqmp_handle.c.o)
                              /home/fsw/rep/tasa/lib/bcc-2.2.3-gcc/bin/../sparc-gaisler-elf/bsp/gr712rc/leon3/mfix-gr712rc/flat/libbcc.a(int_irqmp_get_source.c.o) (__bcc_int_irqmp_eirq)
/home/fsw/rep/tasa/lib/bcc-2.2.3-gcc/bin/../lib/gcc/sparc-gaisler-elf/10.2.0/../../../../sparc-gaisler-elf/lib/leon3/mfix-gr712rc/flat/libc.a(lib_a-atexit.o)
                              /home/fsw/rep/tasa/lib/bcc-2.2.3-gcc/bin/../sparc-gaisler-elf/bsp/gr712rc/leon3/mfix-gr712rc/flat/crt0.S.o (atexit)
[...]
Memory Configuration

Name             Origin             Length             Attributes
rom              0x0000000000000000 0x0000000020000000
ram              0x0000000040000000 0x0000000040000000
ahbram           0x00000000a0000000 0x0000000000030000
*default*        0x0000000000000000 0xffffffffffffffff

Linker script and memory map

LOAD /home/fsw/rep/tasa/lib/bcc-2.2.3-gcc/bin/../sparc-gaisler-elf/bsp/gr712rc/leon3/mfix-gr712rc/flat/trap_table_mvt_tn0018.S.o
LOAD /home/fsw/rep/tasa/lib/bcc-2.2.3-gcc/bin/../sparc-gaisler-elf/bsp/gr712rc/leon3/mfix-gr712rc/flat/crt0.S.o
LOAD /home/fsw/rep/tasa/lib/bcc-2.2.3-gcc/bin/../lib/gcc/sparc-gaisler-elf/10.2.0/leon3/mfix-gr712rc/flat/crti.o
LOAD /home/fsw/rep/tasa/lib/bcc-2.2.3-gcc/bin/../lib/gcc/sparc-gaisler-elf/10.2.0/leon3/mfix-gr712rc/flat/crtbegin.o
Address of section .text set to 0x40100000
LOAD /tmp/ccure457.o
                0x0000000000000000                PROVIDE (__bcc_cfg_skip_clear_bss = 0x0)

.text           0x0000000040100000     0xf700
 CREATE_OBJECT_SYMBOLS
                0x0000000040100000                __text_start = .
                0x0000000040100000                . = ALIGN (0x1000)
 *(.text.traptable)
 .text.traptable
                0x0000000040100000     0x1000 /home/fsw/rep/tasa/lib/bcc-2.2.3-gcc/bin/../sparc-gaisler-elf/bsp/gr712rc/leon3/mfix-gr712rc/flat/trap_table_mvt_tn0018.S.o
                0x0000000040100000                __bcc_trap_table
                0x0000000040100000                __bcc_entry_point
 *(.text .text.*)
 .text          0x0000000040101000        0x0 /home/fsw/rep/tasa/lib/bcc-2.2.3-gcc/bin/../sparc-gaisler-elf/bsp/gr712rc/leon3/mfix-gr712rc/flat/trap_table_mvt_tn0018.S.o
 .text          0x0000000040101000       0xc8 /home/fsw/rep/tasa/lib/bcc-2.2.3-gcc/bin/../sparc-gaisler-elf/bsp/gr712rc/leon3/mfix-gr712rc/flat/crt0.S.o
                0x0000000040101000                __bcc_crt0
 .text          0x00000000401010c8        0x0 /home/fsw/rep/tasa/lib/bcc-2.2.3-gcc/bin/../lib/gcc/sparc-gaisler-elf/10.2.0/leon3/mfix-gr712rc/flat/crti.o
 .text          0x00000000401010c8      0x200 /home/fsw/rep/tasa/lib/bcc-2.2.3-gcc/bin/../lib/gcc/sparc-gaisler-elf/10.2.0/leon3/mfix-gr712rc/flat/crtbegin.o
 .text          0x00000000401012c8        0x0 /tmp/ccure457.o
 .text.startup  0x00000000401012c8      0x170 /tmp/ccure457.o
                0x00000000401012c8                main
 .text          0x0000000040101438       0x90 /home/fsw/rep/tasa/lib/bcc-2.2.3-gcc/bin/../sparc-gaisler-elf/bsp/gr712rc/leon3/mfix-gr712rc/flat/libbcc.a(reset_trap_mvt.S.o)
                0x0000000040101438                __bcc_trap_reset_mvt
 .text          0x00000000401014c8       0x2c /home/fsw/rep/tasa/lib/bcc-2.2.3-gcc/bin/../sparc-gaisler-elf/bsp/gr712rc/leon3/mfix-gr712rc/flat/libbcc.a(sw_trap_set_pil.S.o)
                0x00000000401014c8                __bcc_trap_sw_set_pil
 .text          0x00000000401014f4        0x8 /home/fsw/rep/tasa/lib/bcc-2.2.3-gcc/bin/../sparc-gaisler-elf/bsp/gr712rc/leon3/mfix-gr712rc/flat/libbcc.a(init.S.o)
                0x00000000401014f4                __bcc_init50
                0x00000000401014f4                __bcc_init40
                0x00000000401014f4                __bcc_init70
                0x00000000401014f4                __bcc_init60
 .text          0x00000000401014fc       0x98 /home/fsw/rep/tasa/lib/bcc-2.2.3-gcc/bin/../sparc-gaisler-elf/bsp/gr712rc/leon3/mfix-gr712rc/flat/libbcc.a(leon_info.S.o)
                0x00000000401014fc                __bcc_get_leon_info
                0x0000000040101584                bcc_get_cpuid
 .text          0x0000000040101594       0x2c /home/fsw/rep/tasa/lib/bcc-2.2.3-gcc/bin/../sparc-gaisler-elf/bsp/gr712rc/leon3/mfix-gr712rc/flat/libbcc.a(dwzero.S.o)
                0x0000000040101594                bcc_dwzero
 .text          0x00000000401015c0       0x78 /home/fsw/rep/tasa/lib/bcc-2.2.3-gcc/bin/../sparc-gaisler-elf/bsp/gr712rc/leon3/mfix-gr712rc/flat/libbcc.a(copy_data.c.o)
                0x00000000401015c0                __bcc_copy_data
 .text          0x0000000040101638        0x0 /home/fsw/rep/tasa/lib/bcc-2.2.3-gcc/bin/../sparc-gaisler-elf/bsp/gr712rc/leon3/mfix-gr712rc/flat/libbcc.a(argv.c.o)
 *fill*         0x0000000040101638        0x8 
 .text          0x0000000040101640      0x1a0 /home/fsw/rep/tasa/lib/bcc-2.2.3-gcc/bin/../sparc-gaisler-elf/bsp/gr712rc/leon3/mfix-gr712rc/flat/libbcc.a(interrupt_trap_flat_tn0018.S.o)
                0x0000000040101640                __bcc_trap_interrupt_flat_svt_tn0018
                0x0000000040101644                __bcc_trap_interrupt_flat_tn0018
 .text          0x00000000401017e0       0x48 /home/fsw/rep/tasa/lib/bcc-2.2.3-gcc/bin/../sparc-gaisler-elf/bsp/gr712rc/leon3/mfix-gr712rc/flat/libbcc.a(int_irqmp_get_source.c.o)
                0x00000000401017e0                __bcc_int_get_source
 .text          0x0000000040101828       0xa0 /home/fsw/rep/tasa/lib/bcc-2.2.3-gcc/bin/../sparc-gaisler-elf/bsp/gr712rc/leon3/mfix-gr712rc/flat/libbcc.a(int_irqmp_mp.c.o)
                0x0000000040101828                bcc_send_interrupt
                0x0000000040101868                bcc_get_cpu_count
                0x0000000040101894                bcc_start_processor
 .text          0x00000000401018c8        0x8 /home/fsw/rep/tasa/lib/bcc-2.2.3-gcc/bin/../sparc-gaisler-elf/bsp/gr712rc/leon3/mfix-gr712rc/flat/libbcc.a(int_irqmp_init.c.o)
                0x00000000401018c8                __bcc_int_init
 .text          0x00000000401018d0        0x8 /home/fsw/rep/tasa/lib/bcc-2.2.3-gcc/bin/../sparc-gaisler-elf/bsp/gr712rc/leon3/mfix-gr712rc/flat/libbcc.a(con_apbuart_init.c.o)
                0x00000000401018d0                __bcc_con_init
 .text          0x00000000401018d8        0x8 /home/fsw/rep/tasa/lib/bcc-2.2.3-gcc/bin/../sparc-gaisler-elf/bsp/gr712rc/leon3/mfix-gr712rc/flat/libbcc.a(timer_gptimer_init.c.o)
                0x00000000401018d8                __bcc_timer_init
 .text          0x00000000401018e0        0x0 /home/fsw/rep/tasa/lib/bcc-2.2.3-gcc/bin/../sparc-gaisler-elf/bsp/gr712rc/leon3/mfix-gr712rc/flat/libbcc.a(isr.c.o)
 .text          0x00000000401018e0        0x0 /home/fsw/rep/tasa/lib/bcc-2.2.3-gcc/bin/../sparc-gaisler-elf/bsp/gr712rc/leon3/mfix-gr712rc/flat/libbcc.a(int_nest.c.o)
 .text          0x00000000401018e0        0x0 /home/fsw/rep/tasa/lib/bcc-2.2.3-gcc/bin/../sparc-gaisler-elf/bsp/gr712rc/leon3/mfix-gr712rc/flat/libbcc.a(int_irqmp_handle.c.o)
 .text          0x00000000401018e0       0x1c /home/fsw/rep/tasa/lib/bcc-2.2.3-gcc/bin/../lib/gcc/sparc-gaisler-elf/10.2.0/../../../../sparc-gaisler-elf/lib/leon3/mfix-gr712rc/flat/libc.a(lib_a-atexit.o)
                0x00000000401018e0                atexit
 .text          0x00000000401018fc       0x50 /home/fsw/rep/tasa/lib/bcc-2.2.3-gcc/bin/../lib/gcc/sparc-gaisler-elf/10.2.0/../../../../sparc-gaisler-elf/lib/leon3/mfix-gr712rc/flat/libc.a(lib_a-exit.o)
                0x00000000401018fc                exit
 .text          0x000000004010194c        0x0 /home/fsw/rep/tasa/lib/bcc-2.2.3-gcc/bin/../lib/gcc/sparc-gaisler-elf/10.2.0/../../../../sparc-gaisler-elf/lib/leon3/mfix-gr712rc/flat/libc.a(lib_a-impure.o)
 .text          0x000000004010194c      0x160 /home/fsw/rep/tasa/lib/bcc-2.2.3-gcc/bin/../lib/gcc/sparc-gaisler-elf/10.2.0/../../../../sparc-gaisler-elf/lib/leon3/mfix-gr712rc/flat/libc.a(lib_a-printf.o)
                0x000000004010194c                _printf_r
                0x00000000401019fc                printf
 .text          0x0000000040101aac      0x114 /home/fsw/rep/tasa/lib/bcc-2.2.3-gcc/bin/../lib/gcc/sparc-gaisler-elf/10.2.0/../../../../sparc-gaisler-elf/lib/leon3/mfix-gr712rc/flat/libc.a(lib_a-putchar.o)
                0x0000000040101aac                _putchar_r
                0x0000000040101b30                putchar
 .text          0x0000000040101bc0      0x2a8 /home/fsw/rep/tasa/lib/bcc-2.2.3-gcc/bin/../lib/gcc/sparc-gaisler-elf/10.2.0/../../../../sparc-gaisler-elf/lib/leon3/mfix-gr712rc/flat/libc.a(lib_a-puts.o)
                0x0000000040101bc0                _puts_r
                0x0000000040101d14                puts
 .text          0x0000000040101e68       0xc4 /home/fsw/rep/tasa/lib/bcc-2.2.3-gcc/bin/../lib/gcc/sparc-gaisler-elf/10.2.0/../../../../sparc-gaisler-elf/lib/leon3/mfix-gr712rc/flat/libc.a(lib_a-strlen.o)
                0x0000000040101e68                strlen
 .text          0x0000000040101f2c     0x2f30 /home/fsw/rep/tasa/lib/bcc-2.2.3-gcc/bin/../lib/gcc/sparc-gaisler-elf/10.2.0/../../../../sparc-gaisler-elf/lib/leon3/mfix-gr712rc/flat/libc.a(lib_a-vfprintf.o)
                0x0000000040102098                _vfprintf_r
                0x0000000040104d64                vfprintf
 .text          0x0000000040104e5c      0x200 /home/fsw/rep/tasa/lib/bcc-2.2.3-gcc/bin/../lib/gcc/sparc-gaisler-elf/10.2.0/../../../../sparc-gaisler-elf/lib/leon3/mfix-gr712rc/flat/libc.a(lib_a-wsetup.o)
                0x0000000040104e5c                __swsetup_r
 .text          0x000000004010505c      0x19c /home/fsw/rep/tasa/lib/bcc-2.2.3-gcc/bin/../lib/gcc/sparc-gaisler-elf/10.2.0/../../../../sparc-gaisler-elf/lib/leon3/mfix-gr712rc/flat/libc.a(lib_a-__atexit.o)
                0x000000004010505c                __register_exitproc
 .text          0x00000000401051f8      0x30c /home/fsw/rep/tasa/lib/bcc-2.2.3-gcc/bin/../lib/gcc/sparc-gaisler-elf/10.2.0/../../../../sparc-gaisler-elf/lib/leon3/mfix-gr712rc/flat/libc.a(lib_a-__call_atexit.o)
                0x00000000401051f8                __call_exitprocs
 .text          0x0000000040105504     0x15f8 /home/fsw/rep/tasa/lib/bcc-2.2.3-gcc/bin/../lib/gcc/sparc-gaisler-elf/10.2.0/../../../../sparc-gaisler-elf/lib/leon3/mfix-gr712rc/flat/libc.a(lib_a-dtoa.o)
                0x0000000040105728                _dtoa_r
 .text          0x0000000040106afc      0x4b8 /home/fsw/rep/tasa/lib/bcc-2.2.3-gcc/bin/../lib/gcc/sparc-gaisler-elf/10.2.0/../../../../sparc-gaisler-elf/lib/leon3/mfix-gr712rc/flat/libc.a(lib_a-fflush.o)
                0x0000000040106afc                __sflush_r
                0x0000000040106dac                _fflush_r
                0x0000000040106e8c                fflush
 .text          0x0000000040106fb4      0x418 /home/fsw/rep/tasa/lib/bcc-2.2.3-gcc/bin/../lib/gcc/sparc-gaisler-elf/10.2.0/../../../../sparc-gaisler-elf/lib/leon3/mfix-gr712rc/flat/libc.a(lib_a-findfp.o)
                0x0000000040106fb4                _cleanup_r
                0x0000000040106fc8                __sfmoreglue
                0x0000000040107034                __sfp
                0x000000004010738c                _cleanup
                0x00000000401073a8                __sinit
 .text          0x00000000401073cc      0x4c0 /home/fsw/rep/tasa/lib/bcc-2.2.3-gcc/bin/../lib/gcc/sparc-gaisler-elf/10.2.0/../../../../sparc-gaisler-elf/lib/leon3/mfix-gr712rc/flat/libc.a(lib_a-freer.o)
                0x00000000401073cc                _malloc_trim_r
                0x00000000401074ec                _free_r
 .text          0x000000004010788c      0x580 /home/fsw/rep/tasa/lib/bcc-2.2.3-gcc/bin/../lib/gcc/sparc-gaisler-elf/10.2.0/../../../../sparc-gaisler-elf/lib/leon3/mfix-gr712rc/flat/libc.a(lib_a-fvwrite.o)
                0x000000004010788c                __sfvwrite_r
 .text          0x0000000040107e0c      0x150 /home/fsw/rep/tasa/lib/bcc-2.2.3-gcc/bin/../lib/gcc/sparc-gaisler-elf/10.2.0/../../../../sparc-gaisler-elf/lib/leon3/mfix-gr712rc/flat/libc.a(lib_a-fwalk.o)
                0x0000000040107e0c                _fwalk
                0x0000000040107eb4                _fwalk_reent
 .text          0x0000000040107f5c       0x60 /home/fsw/rep/tasa/lib/bcc-2.2.3-gcc/bin/../lib/gcc/sparc-gaisler-elf/10.2.0/../../../../sparc-gaisler-elf/lib/leon3/mfix-gr712rc/flat/libc.a(lib_a-localeconv.o)
                0x0000000040107f5c                __localeconv_l
                0x0000000040107f64                _localeconv_r
                0x0000000040107f90                localeconv
 .text          0x0000000040107fbc      0x2a4 /home/fsw/rep/tasa/lib/bcc-2.2.3-gcc/bin/../lib/gcc/sparc-gaisler-elf/10.2.0/../../../../sparc-gaisler-elf/lib/leon3/mfix-gr712rc/flat/libc.a(lib_a-makebuf.o)
                0x0000000040107fbc                __smakebuf_r
                0x0000000040108180                __swhatbuf_r
 .text          0x0000000040108260       0x30 /home/fsw/rep/tasa/lib/bcc-2.2.3-gcc/bin/../lib/gcc/sparc-gaisler-elf/10.2.0/../../../../sparc-gaisler-elf/lib/leon3/mfix-gr712rc/flat/libc.a(lib_a-malloc.o)
                0x0000000040108260                malloc
                0x0000000040108278                free
 .text          0x0000000040108290      0x8ac /home/fsw/rep/tasa/lib/bcc-2.2.3-gcc/bin/../lib/gcc/sparc-gaisler-elf/10.2.0/../../../../sparc-gaisler-elf/lib/leon3/mfix-gr712rc/flat/libc.a(lib_a-mallocr.o)
                0x0000000040108290                _malloc_r
 .text          0x0000000040108b3c      0x120 /home/fsw/rep/tasa/lib/bcc-2.2.3-gcc/bin/../lib/gcc/sparc-gaisler-elf/10.2.0/../../../../sparc-gaisler-elf/lib/leon3/mfix-gr712rc/flat/libc.a(lib_a-memchr.o)
                0x0000000040108b3c                memchr
 .text          0x0000000040108c5c      0x1d8 /home/fsw/rep/tasa/lib/bcc-2.2.3-gcc/bin/../lib/gcc/sparc-gaisler-elf/10.2.0/../../../../sparc-gaisler-elf/lib/leon3/mfix-gr712rc/flat/libc.a(lib_a-memcpy.o)
                0x0000000040108c5c                memcpy
 .text          0x0000000040108e34      0x22c /home/fsw/rep/tasa/lib/bcc-2.2.3-gcc/bin/../lib/gcc/sparc-gaisler-elf/10.2.0/../../../../sparc-gaisler-elf/lib/leon3/mfix-gr712rc/flat/libc.a(lib_a-memmove.o)
                0x0000000040108e34                memmove
 .text          0x0000000040109060      0x144 /home/fsw/rep/tasa/lib/bcc-2.2.3-gcc/bin/../lib/gcc/sparc-gaisler-elf/10.2.0/../../../../sparc-gaisler-elf/lib/leon3/mfix-gr712rc/flat/libc.a(lib_a-memset.o)
                0x0000000040109060                memset
 .text          0x00000000401091a4       0x10 /home/fsw/rep/tasa/lib/bcc-2.2.3-gcc/bin/../lib/gcc/sparc-gaisler-elf/10.2.0/../../../../sparc-gaisler-elf/lib/leon3/mfix-gr712rc/flat/libc.a(lib_a-mlock.o)
                0x00000000401091a4                __malloc_lock
                0x00000000401091ac                __malloc_unlock
 .text          0x00000000401091b4     0x1a18 /home/fsw/rep/tasa/lib/bcc-2.2.3-gcc/bin/../lib/gcc/sparc-gaisler-elf/10.2.0/../../../../sparc-gaisler-elf/lib/leon3/mfix-gr712rc/flat/libc.a(lib_a-mprec.o)
                0x00000000401091b4                _Balloc
                0x00000000401092b0                _Bfree
                0x0000000040109330                __multadd
                0x0000000040109484                __s2b
                0x00000000401095b4                __hi0bits
                0x0000000040109648                __lo0bits
                0x0000000040109720                __i2b
                0x000000004010984c                __multiply
                0x0000000040109ab4                __pow5mult
                0x0000000040109c80                __lshift
                0x0000000040109eb0                __mcmp
                0x0000000040109f38                __mdiff
                0x000000004010a19c                __ulp
                0x000000004010a22c                __b2d
                0x000000004010a3e4                __d2b
                0x000000004010a808                __ratio
                0x000000004010aa74                _mprec_log10
                0x000000004010aab4                __copybits
                0x000000004010ab48                __any_on
 .text          0x000000004010abcc      0x260 /home/fsw/rep/tasa/lib/bcc-2.2.3-gcc/bin/../lib/gcc/sparc-gaisler-elf/10.2.0/../../../../sparc-gaisler-elf/lib/leon3/mfix-gr712rc/flat/libc.a(lib_a-putc.o)
                0x000000004010abcc                _putc_r
                0x000000004010acec                putc
 .text          0x000000004010ae2c      0x5ec /home/fsw/rep/tasa/lib/bcc-2.2.3-gcc/bin/../lib/gcc/sparc-gaisler-elf/10.2.0/../../../../sparc-gaisler-elf/lib/leon3/mfix-gr712rc/flat/libc.a(lib_a-reallocr.o)
                0x000000004010ae2c                _realloc_r
 .text          0x000000004010b418       0xbc /home/fsw/rep/tasa/lib/bcc-2.2.3-gcc/bin/../lib/gcc/sparc-gaisler-elf/10.2.0/../../../../sparc-gaisler-elf/lib/leon3/mfix-gr712rc/flat/libc.a(lib_a-s_frexp.o)
                0x000000004010b418                frexp
 .text          0x000000004010b4d4       0x68 /home/fsw/rep/tasa/lib/bcc-2.2.3-gcc/bin/../lib/gcc/sparc-gaisler-elf/10.2.0/../../../../sparc-gaisler-elf/lib/leon3/mfix-gr712rc/flat/libc.a(lib_a-sbrkr.o)
                0x000000004010b4d4                _sbrk_r
 .text          0x000000004010b53c      0x1b0 /home/fsw/rep/tasa/lib/bcc-2.2.3-gcc/bin/../lib/gcc/sparc-gaisler-elf/10.2.0/../../../../sparc-gaisler-elf/lib/leon3/mfix-gr712rc/flat/libc.a(lib_a-stdio.o)
                0x000000004010b53c                __sread
                0x000000004010b5a8                __seofread
                0x000000004010b5b0                __swrite
                0x000000004010b668                __sseek
                0x000000004010b6dc                __sclose
 .text          0x000000004010b6ec      0x1d0 /home/fsw/rep/tasa/lib/bcc-2.2.3-gcc/bin/../lib/gcc/sparc-gaisler-elf/10.2.0/../../../../sparc-gaisler-elf/lib/leon3/mfix-gr712rc/flat/libc.a(lib_a-strncpy.o)
                0x000000004010b6ec                strncpy
 .text          0x000000004010b8bc     0x2060 /home/fsw/rep/tasa/lib/bcc-2.2.3-gcc/bin/../lib/gcc/sparc-gaisler-elf/10.2.0/../../../../sparc-gaisler-elf/lib/leon3/mfix-gr712rc/flat/libc.a(lib_a-vfiprintf.o)
                0x000000004010ba28                __sprint_r
                0x000000004010bb44                _vfiprintf_r
                0x000000004010d824                vfiprintf
 .text          0x000000004010d91c      0x3b4 /home/fsw/rep/tasa/lib/bcc-2.2.3-gcc/bin/../lib/gcc/sparc-gaisler-elf/10.2.0/../../../../sparc-gaisler-elf/lib/leon3/mfix-gr712rc/flat/libc.a(lib_a-wbuf.o)
                0x000000004010d91c                __swbuf_r
                0x000000004010daf4                __swbuf
 .text          0x000000004010dcd0       0x70 /home/fsw/rep/tasa/lib/bcc-2.2.3-gcc/bin/../lib/gcc/sparc-gaisler-elf/10.2.0/../../../../sparc-gaisler-elf/lib/leon3/mfix-gr712rc/flat/libc.a(lib_a-writer.o)
                0x000000004010dcd0                _write_r
 .text          0x000000004010dd40       0xc8 /home/fsw/rep/tasa/lib/bcc-2.2.3-gcc/bin/../lib/gcc/sparc-gaisler-elf/10.2.0/../../../../sparc-gaisler-elf/lib/leon3/mfix-gr712rc/flat/libc.a(lib_a-callocr.o)
                0x000000004010dd40                _calloc_r
 .text          0x000000004010de08       0x68 /home/fsw/rep/tasa/lib/bcc-2.2.3-gcc/bin/../lib/gcc/sparc-gaisler-elf/10.2.0/../../../../sparc-gaisler-elf/lib/leon3/mfix-gr712rc/flat/libc.a(lib_a-closer.o)
                0x000000004010de08                _close_r
 .text          0x000000004010de70      0x324 /home/fsw/rep/tasa/lib/bcc-2.2.3-gcc/bin/../lib/gcc/sparc-gaisler-elf/10.2.0/../../../../sparc-gaisler-elf/lib/leon3/mfix-gr712rc/flat/libc.a(lib_a-fclose.o)
                0x000000004010de70                _fclose_r
                0x000000004010e000                fclose
 .text          0x000000004010e194      0x258 /home/fsw/rep/tasa/lib/bcc-2.2.3-gcc/bin/../lib/gcc/sparc-gaisler-elf/10.2.0/../../../../sparc-gaisler-elf/lib/leon3/mfix-gr712rc/flat/libc.a(lib_a-fputwc.o)
                0x000000004010e194                __fputwc
                0x000000004010e2cc                _fputwc_r
                0x000000004010e2fc                fputwc
 .text          0x000000004010e3ec       0x6c /home/fsw/rep/tasa/lib/bcc-2.2.3-gcc/bin/../lib/gcc/sparc-gaisler-elf/10.2.0/../../../../sparc-gaisler-elf/lib/leon3/mfix-gr712rc/flat/libc.a(lib_a-fstatr.o)
                0x000000004010e3ec                _fstat_r
 .text          0x000000004010e458       0x68 /home/fsw/rep/tasa/lib/bcc-2.2.3-gcc/bin/../lib/gcc/sparc-gaisler-elf/10.2.0/../../../../sparc-gaisler-elf/lib/leon3/mfix-gr712rc/flat/libc.a(lib_a-isattyr.o)
                0x000000004010e458                _isatty_r
 .text          0x000000004010e4c0      0x180 /home/fsw/rep/tasa/lib/bcc-2.2.3-gcc/bin/../lib/gcc/sparc-gaisler-elf/10.2.0/../../../../sparc-gaisler-elf/lib/leon3/mfix-gr712rc/flat/libc.a(lib_a-locale.o)
                0x000000004010e4c0                _setlocale_r
                0x000000004010e550                __locale_mb_cur_max
                0x000000004010e57c                __locale_ctype_ptr_l
                0x000000004010e584                __locale_ctype_ptr
                0x000000004010e5b0                setlocale
 .text          0x000000004010e640       0x70 /home/fsw/rep/tasa/lib/bcc-2.2.3-gcc/bin/../lib/gcc/sparc-gaisler-elf/10.2.0/../../../../sparc-gaisler-elf/lib/leon3/mfix-gr712rc/flat/libc.a(lib_a-lseekr.o)
                0x000000004010e640                _lseek_r
 .text          0x000000004010e6b0       0xb4 /home/fsw/rep/tasa/lib/bcc-2.2.3-gcc/bin/../lib/gcc/sparc-gaisler-elf/10.2.0/../../../../sparc-gaisler-elf/lib/leon3/mfix-gr712rc/flat/libc.a(lib_a-mbtowc_r.o)
                0x000000004010e6b0                _mbtowc_r
                0x000000004010e710                __ascii_mbtowc
 .text          0x000000004010e764       0x70 /home/fsw/rep/tasa/lib/bcc-2.2.3-gcc/bin/../lib/gcc/sparc-gaisler-elf/10.2.0/../../../../sparc-gaisler-elf/lib/leon3/mfix-gr712rc/flat/libc.a(lib_a-readr.o)
                0x000000004010e764                _read_r
 .text          0x000000004010e7d4      0x3cc /home/fsw/rep/tasa/lib/bcc-2.2.3-gcc/bin/../lib/gcc/sparc-gaisler-elf/10.2.0/../../../../sparc-gaisler-elf/lib/leon3/mfix-gr712rc/flat/libc.a(lib_a-reent.o)
                0x000000004010e7d4                cleanup_glue
                0x000000004010e890                _reclaim_reent
 .text          0x000000004010eba0       0xc8 /home/fsw/rep/tasa/lib/bcc-2.2.3-gcc/bin/../lib/gcc/sparc-gaisler-elf/10.2.0/../../../../sparc-gaisler-elf/lib/leon3/mfix-gr712rc/flat/libc.a(lib_a-strcmp.o)
                0x000000004010eba0                strcmp
 .text          0x000000004010ec68      0x19c /home/fsw/rep/tasa/lib/bcc-2.2.3-gcc/bin/../lib/gcc/sparc-gaisler-elf/10.2.0/../../../../sparc-gaisler-elf/lib/leon3/mfix-gr712rc/flat/libc.a(lib_a-wcrtomb.o)
                0x000000004010ec68                _wcrtomb_r
                0x000000004010ed34                wcrtomb
 .text          0x000000004010ee04       0x98 /home/fsw/rep/tasa/lib/bcc-2.2.3-gcc/bin/../lib/gcc/sparc-gaisler-elf/10.2.0/../../../../sparc-gaisler-elf/lib/leon3/mfix-gr712rc/flat/libc.a(lib_a-wctomb_r.o)
                0x000000004010ee04                _wctomb_r
                0x000000004010ee64                __ascii_wctomb
 .text          0x000000004010ee9c        0x0 /home/fsw/rep/tasa/lib/bcc-2.2.3-gcc/bin/../lib/gcc/sparc-gaisler-elf/10.2.0/../../../../sparc-gaisler-elf/lib/leon3/mfix-gr712rc/flat/libc.a(lib_a-ctype_.o)
 .text          0x000000004010ee9c       0x10 /home/fsw/rep/tasa/lib/bcc-2.2.3-gcc/bin/../sparc-gaisler-elf/bsp/gr712rc/leon3/mfix-gr712rc/flat/libbcc.a(_exit.S.o)
                0x000000004010ee9c                _exit
 .text          0x000000004010eeac       0x80 /home/fsw/rep/tasa/lib/bcc-2.2.3-gcc/bin/../sparc-gaisler-elf/bsp/gr712rc/leon3/mfix-gr712rc/flat/libbcc.a(read.c.o)
                0x000000004010eeac                read
 .text          0x000000004010ef2c       0xd0 /home/fsw/rep/tasa/lib/bcc-2.2.3-gcc/bin/../sparc-gaisler-elf/bsp/gr712rc/leon3/mfix-gr712rc/flat/libbcc.a(sbrk.c.o)
                0x000000004010ef2c                sbrk
 .text          0x000000004010effc        0x0 /home/fsw/rep/tasa/lib/bcc-2.2.3-gcc/bin/../sparc-gaisler-elf/bsp/gr712rc/leon3/mfix-gr712rc/flat/libbcc.a(heap.c.o)
 .text          0x000000004010effc       0xa4 /home/fsw/rep/tasa/lib/bcc-2.2.3-gcc/bin/../sparc-gaisler-elf/bsp/gr712rc/leon3/mfix-gr712rc/flat/libbcc.a(write.c.o)
                0x000000004010effc                write
 .text          0x000000004010f0a0       0x20 /home/fsw/rep/tasa/lib/bcc-2.2.3-gcc/bin/../sparc-gaisler-elf/bsp/gr712rc/leon3/mfix-gr712rc/flat/libbcc.a(stubs.S.o)
                0x000000004010f0a0                execve
                0x000000004010f0a0                lseek
                0x000000004010f0a0                fstat
                0x000000004010f0a0                kill
                0x000000004010f0a0                wait
                0x000000004010f0a0                unlink
                0x000000004010f0a0                fork
                0x000000004010f0a0                stat
                0x000000004010f0a0                link
                0x000000004010f0a0                open
                0x000000004010f0a0                close
                0x000000004010f0b8                getpid
                0x000000004010f0b8                isatty
 .text          0x000000004010f0c0       0xc4 /home/fsw/rep/tasa/lib/bcc-2.2.3-gcc/bin/../sparc-gaisler-elf/bsp/gr712rc/leon3/mfix-gr712rc/flat/libbcc.a(con_apbuart.c.o)
                0x000000004010f0c0                __bcc_con_outbyte
                0x000000004010f150                __bcc_con_inbyte
 .text          0x000000004010f184        0x0 /home/fsw/rep/tasa/lib/bcc-2.2.3-gcc/bin/../sparc-gaisler-elf/bsp/gr712rc/leon3/mfix-gr712rc/flat/libbcc.a(con_handle.c.o)
 .text          0x000000004010f184      0x1fc /home/fsw/rep/tasa/lib/bcc-2.2.3-gcc/bin/../lib/gcc/sparc-gaisler-elf/10.2.0/leon3/mfix-gr712rc/flat/libgcc.a(_udivdi3.o)
                0x000000004010f184                __udivdi3
 .text          0x000000004010f380      0x21c /home/fsw/rep/tasa/lib/bcc-2.2.3-gcc/bin/../lib/gcc/sparc-gaisler-elf/10.2.0/leon3/mfix-gr712rc/flat/libgcc.a(_umoddi3.o)
                0x000000004010f380                __umoddi3
 .text          0x000000004010f59c        0x0 /home/fsw/rep/tasa/lib/bcc-2.2.3-gcc/bin/../lib/gcc/sparc-gaisler-elf/10.2.0/leon3/mfix-gr712rc/flat/libgcc.a(_clz.o)
 .text          0x000000004010f59c       0x74 /home/fsw/rep/tasa/lib/bcc-2.2.3-gcc/bin/../lib/gcc/sparc-gaisler-elf/10.2.0/leon3/mfix-gr712rc/flat/crtend.o
 .text          0x000000004010f610        0x0 /home/fsw/rep/tasa/lib/bcc-2.2.3-gcc/bin/../lib/gcc/sparc-gaisler-elf/10.2.0/leon3/mfix-gr712rc/flat/crtn.o
                0x000000004010f610                . = ALIGN (0x10)
 *(.eh_frame)
 .eh_frame      0x000000004010f610        0x0 /home/fsw/rep/tasa/lib/bcc-2.2.3-gcc/bin/../lib/gcc/sparc-gaisler-elf/10.2.0/leon3/mfix-gr712rc/flat/crtbegin.o
 .eh_frame      0x000000004010f610       0x30 /home/fsw/rep/tasa/lib/bcc-2.2.3-gcc/bin/../lib/gcc/sparc-gaisler-elf/10.2.0/leon3/mfix-gr712rc/flat/libgcc.a(_udivdi3.o)
 .eh_frame      0x000000004010f640       0x30 /home/fsw/rep/tasa/lib/bcc-2.2.3-gcc/bin/../lib/gcc/sparc-gaisler-elf/10.2.0/leon3/mfix-gr712rc/flat/libgcc.a(_umoddi3.o)
 .eh_frame      0x000000004010f670        0x4 /home/fsw/rep/tasa/lib/bcc-2.2.3-gcc/bin/../lib/gcc/sparc-gaisler-elf/10.2.0/leon3/mfix-gr712rc/flat/crtend.o
                0x000000004010f680                . = ALIGN (0x10)
 *fill*         0x000000004010f674        0xc 
 *(.gnu.linkonce.t*)
                0x000000004010f680                ___CTOR_LIST__ = .
                0x000000004010f680        0x4 LONG 0x2 (((___CTOR_END__ - ___CTOR_LIST__) / 0x4) - 0x2)
 *(SORT_BY_NAME(.ctors.*))
 *(.ctors)
 .ctors         0x000000004010f684        0x4 /home/fsw/rep/tasa/lib/bcc-2.2.3-gcc/bin/../lib/gcc/sparc-gaisler-elf/10.2.0/leon3/mfix-gr712rc/flat/crtbegin.o
 .ctors         0x000000004010f688        0x4 /home/fsw/rep/tasa/lib/bcc-2.2.3-gcc/bin/../lib/gcc/sparc-gaisler-elf/10.2.0/leon3/mfix-gr712rc/flat/crtend.o
                0x000000004010f68c        0x4 LONG 0x0
                0x000000004010f690                ___CTOR_END__ = .
                0x000000004010f690                ___DTOR_LIST__ = .
                0x000000004010f690        0x4 LONG 0x2 (((___DTOR_END__ - ___DTOR_LIST__) / 0x4) - 0x2)
 *(SORT_BY_NAME(.dtors.*))
 *(.dtors)
 .dtors         0x000000004010f694        0x4 /home/fsw/rep/tasa/lib/bcc-2.2.3-gcc/bin/../lib/gcc/sparc-gaisler-elf/10.2.0/leon3/mfix-gr712rc/flat/crtbegin.o
 .dtors         0x000000004010f698        0x4 /home/fsw/rep/tasa/lib/bcc-2.2.3-gcc/bin/../lib/gcc/sparc-gaisler-elf/10.2.0/leon3/mfix-gr712rc/flat/crtend.o
                0x000000004010f698                __DTOR_END__
                0x000000004010f69c        0x4 LONG 0x0
                0x000000004010f6a0                ___DTOR_END__ = .
 *(.gnu.linkonce*)
 *(.init)
 .init          0x000000004010f6a0        0xc /home/fsw/rep/tasa/lib/bcc-2.2.3-gcc/bin/../lib/gcc/sparc-gaisler-elf/10.2.0/leon3/mfix-gr712rc/flat/crti.o
                0x000000004010f6a0                _init
 .init          0x000000004010f6ac        0x8 /home/fsw/rep/tasa/lib/bcc-2.2.3-gcc/bin/../lib/gcc/sparc-gaisler-elf/10.2.0/leon3/mfix-gr712rc/flat/crtbegin.o
 .init          0x000000004010f6b4        0x8 /home/fsw/rep/tasa/lib/bcc-2.2.3-gcc/bin/../lib/gcc/sparc-gaisler-elf/10.2.0/leon3/mfix-gr712rc/flat/crtend.o
 .init          0x000000004010f6bc       0x14 /home/fsw/rep/tasa/lib/bcc-2.2.3-gcc/bin/../lib/gcc/sparc-gaisler-elf/10.2.0/leon3/mfix-gr712rc/flat/crtn.o
 *(.fini)
 .fini          0x000000004010f6d0        0xc /home/fsw/rep/tasa/lib/bcc-2.2.3-gcc/bin/../lib/gcc/sparc-gaisler-elf/10.2.0/leon3/mfix-gr712rc/flat/crti.o
                0x000000004010f6d0                _fini
 .fini          0x000000004010f6dc        0x8 /home/fsw/rep/tasa/lib/bcc-2.2.3-gcc/bin/../lib/gcc/sparc-gaisler-elf/10.2.0/leon3/mfix-gr712rc/flat/crtbegin.o
 .fini          0x000000004010f6e4       0x14 /home/fsw/rep/tasa/lib/bcc-2.2.3-gcc/bin/../lib/gcc/sparc-gaisler-elf/10.2.0/leon3/mfix-gr712rc/flat/crtn.o
 *(.lit)
 *(.shdata)
                0x000000004010f700                . = ALIGN (0x10)
 *fill*         0x000000004010f6f8        0x8 
                0x000000004010f700                __text_end = .

.gcc_except_table
 *(.gcc_except_table.*)

.rodata         0x000000004010f700      0x740
                0x000000004010f700                __rodata_start = .
 *(.rodata*)
 .rodata.str1.8
                0x000000004010f700       0xcf /tmp/ccure457.o
 *fill*         0x000000004010f7cf        0x1 
 .rodata        0x000000004010f7d0        0x5 /tmp/ccure457.o
 *fill*         0x000000004010f7d5        0x3 
 .rodata        0x000000004010f7d8        0x4 /home/fsw/rep/tasa/lib/bcc-2.2.3-gcc/bin/../lib/gcc/sparc-gaisler-elf/10.2.0/../../../../sparc-gaisler-elf/lib/leon3/mfix-gr712rc/flat/libc.a(lib_a-impure.o)
                0x000000004010f7d8                _global_impure_ptr
 *fill*         0x000000004010f7dc        0x4 
 .rodata.str1.8
                0x000000004010f7e0        0x2 /home/fsw/rep/tasa/lib/bcc-2.2.3-gcc/bin/../lib/gcc/sparc-gaisler-elf/10.2.0/../../../../sparc-gaisler-elf/lib/leon3/mfix-gr712rc/flat/libc.a(lib_a-puts.o)
 *fill*         0x000000004010f7e2        0x6 
 .rodata.str1.8
                0x000000004010f7e8       0x5a /home/fsw/rep/tasa/lib/bcc-2.2.3-gcc/bin/../lib/gcc/sparc-gaisler-elf/10.2.0/../../../../sparc-gaisler-elf/lib/leon3/mfix-gr712rc/flat/libc.a(lib_a-vfprintf.o)
 *fill*         0x000000004010f842        0x6 
 .rodata.cst8   0x000000004010f848       0x28 /home/fsw/rep/tasa/lib/bcc-2.2.3-gcc/bin/../lib/gcc/sparc-gaisler-elf/10.2.0/../../../../sparc-gaisler-elf/lib/leon3/mfix-gr712rc/flat/libc.a(lib_a-vfprintf.o)
 .rodata        0x000000004010f870       0x20 /home/fsw/rep/tasa/lib/bcc-2.2.3-gcc/bin/../lib/gcc/sparc-gaisler-elf/10.2.0/../../../../sparc-gaisler-elf/lib/leon3/mfix-gr712rc/flat/libc.a(lib_a-vfprintf.o)
 .rodata.str1.8
                0x000000004010f890       0x14 /home/fsw/rep/tasa/lib/bcc-2.2.3-gcc/bin/../lib/gcc/sparc-gaisler-elf/10.2.0/../../../../sparc-gaisler-elf/lib/leon3/mfix-gr712rc/flat/libc.a(lib_a-dtoa.o)
                                         0x1a (size before relaxing)
 *fill*         0x000000004010f8a4        0x4 
 .rodata.cst8   0x000000004010f8a8       0x48 /home/fsw/rep/tasa/lib/bcc-2.2.3-gcc/bin/../lib/gcc/sparc-gaisler-elf/10.2.0/../../../../sparc-gaisler-elf/lib/leon3/mfix-gr712rc/flat/libc.a(lib_a-dtoa.o)
                                         0x58 (size before relaxing)
 .rodata        0x000000004010f8f0       0x60 /home/fsw/rep/tasa/lib/bcc-2.2.3-gcc/bin/../lib/gcc/sparc-gaisler-elf/10.2.0/../../../../sparc-gaisler-elf/lib/leon3/mfix-gr712rc/flat/libc.a(lib_a-findfp.o)
                0x000000004010f8f0                __sf_fake_stderr
                0x000000004010f910                __sf_fake_stdout
                0x000000004010f930                __sf_fake_stdin
 .rodata.cst8   0x000000004010f950       0x10 /home/fsw/rep/tasa/lib/bcc-2.2.3-gcc/bin/../lib/gcc/sparc-gaisler-elf/10.2.0/../../../../sparc-gaisler-elf/lib/leon3/mfix-gr712rc/flat/libc.a(lib_a-mprec.o)
 .rodata        0x000000004010f950      0x128 /home/fsw/rep/tasa/lib/bcc-2.2.3-gcc/bin/../lib/gcc/sparc-gaisler-elf/10.2.0/../../../../sparc-gaisler-elf/lib/leon3/mfix-gr712rc/flat/libc.a(lib_a-mprec.o)
                0x000000004010f960                __mprec_tinytens
                0x000000004010f988                __mprec_bigtens
                0x000000004010f9b0                __mprec_tens
 .rodata.cst8   0x000000004010fa78        0x8 /home/fsw/rep/tasa/lib/bcc-2.2.3-gcc/bin/../lib/gcc/sparc-gaisler-elf/10.2.0/../../../../sparc-gaisler-elf/lib/leon3/mfix-gr712rc/flat/libc.a(lib_a-s_frexp.o)
 .rodata.str1.8
                0x000000004010fa80       0x37 /home/fsw/rep/tasa/lib/bcc-2.2.3-gcc/bin/../lib/gcc/sparc-gaisler-elf/10.2.0/../../../../sparc-gaisler-elf/lib/leon3/mfix-gr712rc/flat/libc.a(lib_a-vfiprintf.o)
 .rodata        0x000000004010fa80       0x20 /home/fsw/rep/tasa/lib/bcc-2.2.3-gcc/bin/../lib/gcc/sparc-gaisler-elf/10.2.0/../../../../sparc-gaisler-elf/lib/leon3/mfix-gr712rc/flat/libc.a(lib_a-vfiprintf.o)
 .rodata.str1.8
                0x000000004010faa0       0x12 /home/fsw/rep/tasa/lib/bcc-2.2.3-gcc/bin/../lib/gcc/sparc-gaisler-elf/10.2.0/../../../../sparc-gaisler-elf/lib/leon3/mfix-gr712rc/flat/libc.a(lib_a-locale.o)
                                         0x1a (size before relaxing)
 *fill*         0x000000004010fab2        0x6 
 .rodata        0x000000004010fab8      0x288 /home/fsw/rep/tasa/lib/bcc-2.2.3-gcc/bin/../lib/gcc/sparc-gaisler-elf/10.2.0/../../../../sparc-gaisler-elf/lib/leon3/mfix-gr712rc/flat/libc.a(lib_a-ctype_.o)
                0x000000004010fab8                _ctype_
                0x000000004010fbc0                _ctype_b
 .rodata        0x000000004010fd40      0x100 /home/fsw/rep/tasa/lib/bcc-2.2.3-gcc/bin/../lib/gcc/sparc-gaisler-elf/10.2.0/leon3/mfix-gr712rc/flat/libgcc.a(_clz.o)
                0x000000004010fd40                __clz_tab
 *(.gnu.linkonce.r*)
                0x000000004010fe40                . = ALIGN (0x10)
                0x000000004010fe40                __rodata_end = .

.rela.dyn       0x000000004010fe40        0x0
 .rela.iplt     0x000000004010fe40        0x0 /home/fsw/rep/tasa/lib/bcc-2.2.3-gcc/bin/../sparc-gaisler-elf/bsp/gr712rc/leon3/mfix-gr712rc/flat/trap_table_mvt_tn0018.S.o
 .rela.text.traptable
                0x000000004010fe40        0x0 /home/fsw/rep/tasa/lib/bcc-2.2.3-gcc/bin/../sparc-gaisler-elf/bsp/gr712rc/leon3/mfix-gr712rc/flat/trap_table_mvt_tn0018.S.o
 .rela.text     0x000000004010fe40        0x0 /home/fsw/rep/tasa/lib/bcc-2.2.3-gcc/bin/../sparc-gaisler-elf/bsp/gr712rc/leon3/mfix-gr712rc/flat/trap_table_mvt_tn0018.S.o

.ext.data       0x000000004010fe40        0x0
                0x000000004010fe40                . = ALIGN (0x8)
                0x000000004010fe40                __extdata_start = .
 *(.data.ext)
                0x000000004010fe40                . = ALIGN (0x8)
                0x000000004010fe40                __extdata_end = .
                0x000000004010fe40                __extdata_start_lma = LOADADDR (.ext.data)
                0x0000000000000000                __extdata_size = SIZEOF (.ext.data)

.data           0x000000004010fe40      0x618
                0x000000004010fe40                . = ALIGN (0x8)
                0x000000004010fe40                __data_start = .
 *(.data .data.*)
 .data          0x000000004010fe40        0x0 /home/fsw/rep/tasa/lib/bcc-2.2.3-gcc/bin/../sparc-gaisler-elf/bsp/gr712rc/leon3/mfix-gr712rc/flat/trap_table_mvt_tn0018.S.o
 .data          0x000000004010fe40        0x0 /home/fsw/rep/tasa/lib/bcc-2.2.3-gcc/bin/../sparc-gaisler-elf/bsp/gr712rc/leon3/mfix-gr712rc/flat/crt0.S.o
 .data          0x000000004010fe40        0x0 /home/fsw/rep/tasa/lib/bcc-2.2.3-gcc/bin/../lib/gcc/sparc-gaisler-elf/10.2.0/leon3/mfix-gr712rc/flat/crti.o
 .data          0x000000004010fe40        0x4 /home/fsw/rep/tasa/lib/bcc-2.2.3-gcc/bin/../lib/gcc/sparc-gaisler-elf/10.2.0/leon3/mfix-gr712rc/flat/crtbegin.o
                0x000000004010fe40                __dso_handle
 .data          0x000000004010fe44        0x0 /tmp/ccure457.o
 .data          0x000000004010fe44        0x0 /home/fsw/rep/tasa/lib/bcc-2.2.3-gcc/bin/../sparc-gaisler-elf/bsp/gr712rc/leon3/mfix-gr712rc/flat/libbcc.a(reset_trap_mvt.S.o)
 .data          0x000000004010fe44        0x0 /home/fsw/rep/tasa/lib/bcc-2.2.3-gcc/bin/../sparc-gaisler-elf/bsp/gr712rc/leon3/mfix-gr712rc/flat/libbcc.a(sw_trap_set_pil.S.o)
 .data          0x000000004010fe44        0x0 /home/fsw/rep/tasa/lib/bcc-2.2.3-gcc/bin/../sparc-gaisler-elf/bsp/gr712rc/leon3/mfix-gr712rc/flat/libbcc.a(init.S.o)
 .data          0x000000004010fe44       0x10 /home/fsw/rep/tasa/lib/bcc-2.2.3-gcc/bin/../sparc-gaisler-elf/bsp/gr712rc/leon3/mfix-gr712rc/flat/libbcc.a(leon_info.S.o)
                0x000000004010fe44                __bcc_leon_version
                0x000000004010fe48                __bcc_nwindows_min1
                0x000000004010fe4c                __bcc_nwindows
                0x000000004010fe50                __bcc_cpuid
 .data          0x000000004010fe54        0x0 /home/fsw/rep/tasa/lib/bcc-2.2.3-gcc/bin/../sparc-gaisler-elf/bsp/gr712rc/leon3/mfix-gr712rc/flat/libbcc.a(dwzero.S.o)
 .data          0x000000004010fe54        0x0 /home/fsw/rep/tasa/lib/bcc-2.2.3-gcc/bin/../sparc-gaisler-elf/bsp/gr712rc/leon3/mfix-gr712rc/flat/libbcc.a(copy_data.c.o)
 .data          0x000000004010fe54        0x4 /home/fsw/rep/tasa/lib/bcc-2.2.3-gcc/bin/../sparc-gaisler-elf/bsp/gr712rc/leon3/mfix-gr712rc/flat/libbcc.a(argv.c.o)
                0x000000004010fe54                __bcc_argvp
 .data          0x000000004010fe58        0x0 /home/fsw/rep/tasa/lib/bcc-2.2.3-gcc/bin/../sparc-gaisler-elf/bsp/gr712rc/leon3/mfix-gr712rc/flat/libbcc.a(interrupt_trap_flat_tn0018.S.o)
 .data          0x000000004010fe58        0x0 /home/fsw/rep/tasa/lib/bcc-2.2.3-gcc/bin/../sparc-gaisler-elf/bsp/gr712rc/leon3/mfix-gr712rc/flat/libbcc.a(int_irqmp_get_source.c.o)
 .data          0x000000004010fe58        0x0 /home/fsw/rep/tasa/lib/bcc-2.2.3-gcc/bin/../sparc-gaisler-elf/bsp/gr712rc/leon3/mfix-gr712rc/flat/libbcc.a(int_irqmp_mp.c.o)
 .data          0x000000004010fe58        0x0 /home/fsw/rep/tasa/lib/bcc-2.2.3-gcc/bin/../sparc-gaisler-elf/bsp/gr712rc/leon3/mfix-gr712rc/flat/libbcc.a(int_irqmp_init.c.o)
 .data          0x000000004010fe58        0x0 /home/fsw/rep/tasa/lib/bcc-2.2.3-gcc/bin/../sparc-gaisler-elf/bsp/gr712rc/leon3/mfix-gr712rc/flat/libbcc.a(con_apbuart_init.c.o)
 .data          0x000000004010fe58        0x0 /home/fsw/rep/tasa/lib/bcc-2.2.3-gcc/bin/../sparc-gaisler-elf/bsp/gr712rc/leon3/mfix-gr712rc/flat/libbcc.a(timer_gptimer_init.c.o)
 .data          0x000000004010fe58        0x0 /home/fsw/rep/tasa/lib/bcc-2.2.3-gcc/bin/../sparc-gaisler-elf/bsp/gr712rc/leon3/mfix-gr712rc/flat/libbcc.a(isr.c.o)
 .data          0x000000004010fe58       0x10 /home/fsw/rep/tasa/lib/bcc-2.2.3-gcc/bin/../sparc-gaisler-elf/bsp/gr712rc/leon3/mfix-gr712rc/flat/libbcc.a(int_nest.c.o)
                0x000000004010fe58                __bcc_int_nest
 .data          0x000000004010fe68        0x8 /home/fsw/rep/tasa/lib/bcc-2.2.3-gcc/bin/../sparc-gaisler-elf/bsp/gr712rc/leon3/mfix-gr712rc/flat/libbcc.a(int_irqmp_handle.c.o)
                0x000000004010fe68                __bcc_int_irqmp_eirq
                0x000000004010fe6c                __bcc_int_handle
 .data          0x000000004010fe70        0x0 /home/fsw/rep/tasa/lib/bcc-2.2.3-gcc/bin/../lib/gcc/sparc-gaisler-elf/10.2.0/../../../../sparc-gaisler-elf/lib/leon3/mfix-gr712rc/flat/libc.a(lib_a-atexit.o)
 .data          0x000000004010fe70        0x0 /home/fsw/rep/tasa/lib/bcc-2.2.3-gcc/bin/../lib/gcc/sparc-gaisler-elf/10.2.0/../../../../sparc-gaisler-elf/lib/leon3/mfix-gr712rc/flat/libc.a(lib_a-exit.o)
 .data          0x000000004010fe70       0x64 /home/fsw/rep/tasa/lib/bcc-2.2.3-gcc/bin/../lib/gcc/sparc-gaisler-elf/10.2.0/../../../../sparc-gaisler-elf/lib/leon3/mfix-gr712rc/flat/libc.a(lib_a-impure.o)
                0x000000004010fe70                _impure_ptr
 .data          0x000000004010fed4        0x0 /home/fsw/rep/tasa/lib/bcc-2.2.3-gcc/bin/../lib/gcc/sparc-gaisler-elf/10.2.0/../../../../sparc-gaisler-elf/lib/leon3/mfix-gr712rc/flat/libc.a(lib_a-printf.o)
 .data          0x000000004010fed4        0x0 /home/fsw/rep/tasa/lib/bcc-2.2.3-gcc/bin/../lib/gcc/sparc-gaisler-elf/10.2.0/../../../../sparc-gaisler-elf/lib/leon3/mfix-gr712rc/flat/libc.a(lib_a-putchar.o)
 .data          0x000000004010fed4        0x0 /home/fsw/rep/tasa/lib/bcc-2.2.3-gcc/bin/../lib/gcc/sparc-gaisler-elf/10.2.0/../../../../sparc-gaisler-elf/lib/leon3/mfix-gr712rc/flat/libc.a(lib_a-puts.o)
 .data          0x000000004010fed4        0x0 /home/fsw/rep/tasa/lib/bcc-2.2.3-gcc/bin/../lib/gcc/sparc-gaisler-elf/10.2.0/../../../../sparc-gaisler-elf/lib/leon3/mfix-gr712rc/flat/libc.a(lib_a-strlen.o)
 .data          0x000000004010fed4        0x0 /home/fsw/rep/tasa/lib/bcc-2.2.3-gcc/bin/../lib/gcc/sparc-gaisler-elf/10.2.0/../../../../sparc-gaisler-elf/lib/leon3/mfix-gr712rc/flat/libc.a(lib_a-vfprintf.o)
 .data          0x000000004010fed4        0x0 /home/fsw/rep/tasa/lib/bcc-2.2.3-gcc/bin/../lib/gcc/sparc-gaisler-elf/10.2.0/../../../../sparc-gaisler-elf/lib/leon3/mfix-gr712rc/flat/libc.a(lib_a-wsetup.o)
 .data          0x000000004010fed4        0x0 /home/fsw/rep/tasa/lib/bcc-2.2.3-gcc/bin/../lib/gcc/sparc-gaisler-elf/10.2.0/../../../../sparc-gaisler-elf/lib/leon3/mfix-gr712rc/flat/libc.a(lib_a-__atexit.o)
 .data          0x000000004010fed4        0x0 /home/fsw/rep/tasa/lib/bcc-2.2.3-gcc/bin/../lib/gcc/sparc-gaisler-elf/10.2.0/../../../../sparc-gaisler-elf/lib/leon3/mfix-gr712rc/flat/libc.a(lib_a-__call_atexit.o)
 .data          0x000000004010fed4        0x0 /home/fsw/rep/tasa/lib/bcc-2.2.3-gcc/bin/../lib/gcc/sparc-gaisler-elf/10.2.0/../../../../sparc-gaisler-elf/lib/leon3/mfix-gr712rc/flat/libc.a(lib_a-dtoa.o)
 .data          0x000000004010fed4        0x0 /home/fsw/rep/tasa/lib/bcc-2.2.3-gcc/bin/../lib/gcc/sparc-gaisler-elf/10.2.0/../../../../sparc-gaisler-elf/lib/leon3/mfix-gr712rc/flat/libc.a(lib_a-fflush.o)
 .data          0x000000004010fed4        0x0 /home/fsw/rep/tasa/lib/bcc-2.2.3-gcc/bin/../lib/gcc/sparc-gaisler-elf/10.2.0/../../../../sparc-gaisler-elf/lib/leon3/mfix-gr712rc/flat/libc.a(lib_a-findfp.o)
 .data          0x000000004010fed4        0x0 /home/fsw/rep/tasa/lib/bcc-2.2.3-gcc/bin/../lib/gcc/sparc-gaisler-elf/10.2.0/../../../../sparc-gaisler-elf/lib/leon3/mfix-gr712rc/flat/libc.a(lib_a-freer.o)
 .data          0x000000004010fed4        0x0 /home/fsw/rep/tasa/lib/bcc-2.2.3-gcc/bin/../lib/gcc/sparc-gaisler-elf/10.2.0/../../../../sparc-gaisler-elf/lib/leon3/mfix-gr712rc/flat/libc.a(lib_a-fvwrite.o)
 .data          0x000000004010fed4        0x0 /home/fsw/rep/tasa/lib/bcc-2.2.3-gcc/bin/../lib/gcc/sparc-gaisler-elf/10.2.0/../../../../sparc-gaisler-elf/lib/leon3/mfix-gr712rc/flat/libc.a(lib_a-fwalk.o)
 .data          0x000000004010fed4        0x0 /home/fsw/rep/tasa/lib/bcc-2.2.3-gcc/bin/../lib/gcc/sparc-gaisler-elf/10.2.0/../../../../sparc-gaisler-elf/lib/leon3/mfix-gr712rc/flat/libc.a(lib_a-localeconv.o)
 .data          0x000000004010fed4        0x0 /home/fsw/rep/tasa/lib/bcc-2.2.3-gcc/bin/../lib/gcc/sparc-gaisler-elf/10.2.0/../../../../sparc-gaisler-elf/lib/leon3/mfix-gr712rc/flat/libc.a(lib_a-makebuf.o)
 .data          0x000000004010fed4        0x0 /home/fsw/rep/tasa/lib/bcc-2.2.3-gcc/bin/../lib/gcc/sparc-gaisler-elf/10.2.0/../../../../sparc-gaisler-elf/lib/leon3/mfix-gr712rc/flat/libc.a(lib_a-malloc.o)
 .data          0x000000004010fed4      0x410 /home/fsw/rep/tasa/lib/bcc-2.2.3-gcc/bin/../lib/gcc/sparc-gaisler-elf/10.2.0/../../../../sparc-gaisler-elf/lib/leon3/mfix-gr712rc/flat/libc.a(lib_a-mallocr.o)
                0x000000004010fed4                __malloc_sbrk_base
                0x000000004010fed8                __malloc_trim_threshold
                0x000000004010fedc                __malloc_av_
 .data          0x00000000401102e4        0x0 /home/fsw/rep/tasa/lib/bcc-2.2.3-gcc/bin/../lib/gcc/sparc-gaisler-elf/10.2.0/../../../../sparc-gaisler-elf/lib/leon3/mfix-gr712rc/flat/libc.a(lib_a-memchr.o)
 .data          0x00000000401102e4        0x0 /home/fsw/rep/tasa/lib/bcc-2.2.3-gcc/bin/../lib/gcc/sparc-gaisler-elf/10.2.0/../../../../sparc-gaisler-elf/lib/leon3/mfix-gr712rc/flat/libc.a(lib_a-memcpy.o)
 .data          0x00000000401102e4        0x0 /home/fsw/rep/tasa/lib/bcc-2.2.3-gcc/bin/../lib/gcc/sparc-gaisler-elf/10.2.0/../../../../sparc-gaisler-elf/lib/leon3/mfix-gr712rc/flat/libc.a(lib_a-memmove.o)
 .data          0x00000000401102e4        0x0 /home/fsw/rep/tasa/lib/bcc-2.2.3-gcc/bin/../lib/gcc/sparc-gaisler-elf/10.2.0/../../../../sparc-gaisler-elf/lib/leon3/mfix-gr712rc/flat/libc.a(lib_a-memset.o)
 .data          0x00000000401102e4        0x0 /home/fsw/rep/tasa/lib/bcc-2.2.3-gcc/bin/../lib/gcc/sparc-gaisler-elf/10.2.0/../../../../sparc-gaisler-elf/lib/leon3/mfix-gr712rc/flat/libc.a(lib_a-mlock.o)
 .data          0x00000000401102e4        0x0 /home/fsw/rep/tasa/lib/bcc-2.2.3-gcc/bin/../lib/gcc/sparc-gaisler-elf/10.2.0/../../../../sparc-gaisler-elf/lib/leon3/mfix-gr712rc/flat/libc.a(lib_a-mprec.o)
 .data          0x00000000401102e4        0x0 /home/fsw/rep/tasa/lib/bcc-2.2.3-gcc/bin/../lib/gcc/sparc-gaisler-elf/10.2.0/../../../../sparc-gaisler-elf/lib/leon3/mfix-gr712rc/flat/libc.a(lib_a-putc.o)
 .data          0x00000000401102e4        0x0 /home/fsw/rep/tasa/lib/bcc-2.2.3-gcc/bin/../lib/gcc/sparc-gaisler-elf/10.2.0/../../../../sparc-gaisler-elf/lib/leon3/mfix-gr712rc/flat/libc.a(lib_a-reallocr.o)
 .data          0x00000000401102e4        0x0 /home/fsw/rep/tasa/lib/bcc-2.2.3-gcc/bin/../lib/gcc/sparc-gaisler-elf/10.2.0/../../../../sparc-gaisler-elf/lib/leon3/mfix-gr712rc/flat/libc.a(lib_a-s_frexp.o)
 .data          0x00000000401102e4        0x0 /home/fsw/rep/tasa/lib/bcc-2.2.3-gcc/bin/../lib/gcc/sparc-gaisler-elf/10.2.0/../../../../sparc-gaisler-elf/lib/leon3/mfix-gr712rc/flat/libc.a(lib_a-sbrkr.o)
 .data          0x00000000401102e4        0x0 /home/fsw/rep/tasa/lib/bcc-2.2.3-gcc/bin/../lib/gcc/sparc-gaisler-elf/10.2.0/../../../../sparc-gaisler-elf/lib/leon3/mfix-gr712rc/flat/libc.a(lib_a-stdio.o)
 .data          0x00000000401102e4        0x0 /home/fsw/rep/tasa/lib/bcc-2.2.3-gcc/bin/../lib/gcc/sparc-gaisler-elf/10.2.0/../../../../sparc-gaisler-elf/lib/leon3/mfix-gr712rc/flat/libc.a(lib_a-strncpy.o)
 .data          0x00000000401102e4        0x0 /home/fsw/rep/tasa/lib/bcc-2.2.3-gcc/bin/../lib/gcc/sparc-gaisler-elf/10.2.0/../../../../sparc-gaisler-elf/lib/leon3/mfix-gr712rc/flat/libc.a(lib_a-vfiprintf.o)
 .data          0x00000000401102e4        0x0 /home/fsw/rep/tasa/lib/bcc-2.2.3-gcc/bin/../lib/gcc/sparc-gaisler-elf/10.2.0/../../../../sparc-gaisler-elf/lib/leon3/mfix-gr712rc/flat/libc.a(lib_a-wbuf.o)
 .data          0x00000000401102e4        0x0 /home/fsw/rep/tasa/lib/bcc-2.2.3-gcc/bin/../lib/gcc/sparc-gaisler-elf/10.2.0/../../../../sparc-gaisler-elf/lib/leon3/mfix-gr712rc/flat/libc.a(lib_a-writer.o)
 .data          0x00000000401102e4        0x0 /home/fsw/rep/tasa/lib/bcc-2.2.3-gcc/bin/../lib/gcc/sparc-gaisler-elf/10.2.0/../../../../sparc-gaisler-elf/lib/leon3/mfix-gr712rc/flat/libc.a(lib_a-callocr.o)
 .data          0x00000000401102e4        0x0 /home/fsw/rep/tasa/lib/bcc-2.2.3-gcc/bin/../lib/gcc/sparc-gaisler-elf/10.2.0/../../../../sparc-gaisler-elf/lib/leon3/mfix-gr712rc/flat/libc.a(lib_a-closer.o)
 .data          0x00000000401102e4        0x0 /home/fsw/rep/tasa/lib/bcc-2.2.3-gcc/bin/../lib/gcc/sparc-gaisler-elf/10.2.0/../../../../sparc-gaisler-elf/lib/leon3/mfix-gr712rc/flat/libc.a(lib_a-fclose.o)
 .data          0x00000000401102e4        0x0 /home/fsw/rep/tasa/lib/bcc-2.2.3-gcc/bin/../lib/gcc/sparc-gaisler-elf/10.2.0/../../../../sparc-gaisler-elf/lib/leon3/mfix-gr712rc/flat/libc.a(lib_a-fputwc.o)
 .data          0x00000000401102e4        0x0 /home/fsw/rep/tasa/lib/bcc-2.2.3-gcc/bin/../lib/gcc/sparc-gaisler-elf/10.2.0/../../../../sparc-gaisler-elf/lib/leon3/mfix-gr712rc/flat/libc.a(lib_a-fstatr.o)
 .data          0x00000000401102e4        0x0 /home/fsw/rep/tasa/lib/bcc-2.2.3-gcc/bin/../lib/gcc/sparc-gaisler-elf/10.2.0/../../../../sparc-gaisler-elf/lib/leon3/mfix-gr712rc/flat/libc.a(lib_a-isattyr.o)
 .data          0x00000000401102e4      0x16c /home/fsw/rep/tasa/lib/bcc-2.2.3-gcc/bin/../lib/gcc/sparc-gaisler-elf/10.2.0/../../../../sparc-gaisler-elf/lib/leon3/mfix-gr712rc/flat/libc.a(lib_a-locale.o)
                0x00000000401102e4                __global_locale
 .data          0x0000000040110450        0x0 /home/fsw/rep/tasa/lib/bcc-2.2.3-gcc/bin/../lib/gcc/sparc-gaisler-elf/10.2.0/../../../../sparc-gaisler-elf/lib/leon3/mfix-gr712rc/flat/libc.a(lib_a-lseekr.o)
 .data          0x0000000040110450        0x0 /home/fsw/rep/tasa/lib/bcc-2.2.3-gcc/bin/../lib/gcc/sparc-gaisler-elf/10.2.0/../../../../sparc-gaisler-elf/lib/leon3/mfix-gr712rc/flat/libc.a(lib_a-mbtowc_r.o)
 .data          0x0000000040110450        0x0 /home/fsw/rep/tasa/lib/bcc-2.2.3-gcc/bin/../lib/gcc/sparc-gaisler-elf/10.2.0/../../../../sparc-gaisler-elf/lib/leon3/mfix-gr712rc/flat/libc.a(lib_a-readr.o)
 .data          0x0000000040110450        0x0 /home/fsw/rep/tasa/lib/bcc-2.2.3-gcc/bin/../lib/gcc/sparc-gaisler-elf/10.2.0/../../../../sparc-gaisler-elf/lib/leon3/mfix-gr712rc/flat/libc.a(lib_a-reent.o)
 .data          0x0000000040110450        0x0 /home/fsw/rep/tasa/lib/bcc-2.2.3-gcc/bin/../lib/gcc/sparc-gaisler-elf/10.2.0/../../../../sparc-gaisler-elf/lib/leon3/mfix-gr712rc/flat/libc.a(lib_a-strcmp.o)
 .data          0x0000000040110450        0x0 /home/fsw/rep/tasa/lib/bcc-2.2.3-gcc/bin/../lib/gcc/sparc-gaisler-elf/10.2.0/../../../../sparc-gaisler-elf/lib/leon3/mfix-gr712rc/flat/libc.a(lib_a-wcrtomb.o)
 .data          0x0000000040110450        0x0 /home/fsw/rep/tasa/lib/bcc-2.2.3-gcc/bin/../lib/gcc/sparc-gaisler-elf/10.2.0/../../../../sparc-gaisler-elf/lib/leon3/mfix-gr712rc/flat/libc.a(lib_a-wctomb_r.o)
 .data          0x0000000040110450        0x0 /home/fsw/rep/tasa/lib/bcc-2.2.3-gcc/bin/../lib/gcc/sparc-gaisler-elf/10.2.0/../../../../sparc-gaisler-elf/lib/leon3/mfix-gr712rc/flat/libc.a(lib_a-ctype_.o)
 .data          0x0000000040110450        0x0 /home/fsw/rep/tasa/lib/bcc-2.2.3-gcc/bin/../sparc-gaisler-elf/bsp/gr712rc/leon3/mfix-gr712rc/flat/libbcc.a(_exit.S.o)
 .data          0x0000000040110450        0x0 /home/fsw/rep/tasa/lib/bcc-2.2.3-gcc/bin/../sparc-gaisler-elf/bsp/gr712rc/leon3/mfix-gr712rc/flat/libbcc.a(read.c.o)
 .data          0x0000000040110450        0x0 /home/fsw/rep/tasa/lib/bcc-2.2.3-gcc/bin/../sparc-gaisler-elf/bsp/gr712rc/leon3/mfix-gr712rc/flat/libbcc.a(sbrk.c.o)
 .data          0x0000000040110450        0x0 /home/fsw/rep/tasa/lib/bcc-2.2.3-gcc/bin/../sparc-gaisler-elf/bsp/gr712rc/leon3/mfix-gr712rc/flat/libbcc.a(heap.c.o)
 .data          0x0000000040110450        0x0 /home/fsw/rep/tasa/lib/bcc-2.2.3-gcc/bin/../sparc-gaisler-elf/bsp/gr712rc/leon3/mfix-gr712rc/flat/libbcc.a(write.c.o)
 .data          0x0000000040110450        0x0 /home/fsw/rep/tasa/lib/bcc-2.2.3-gcc/bin/../sparc-gaisler-elf/bsp/gr712rc/leon3/mfix-gr712rc/flat/libbcc.a(stubs.S.o)
 .data          0x0000000040110450        0x0 /home/fsw/rep/tasa/lib/bcc-2.2.3-gcc/bin/../sparc-gaisler-elf/bsp/gr712rc/leon3/mfix-gr712rc/flat/libbcc.a(con_apbuart.c.o)
 .data          0x0000000040110450        0x4 /home/fsw/rep/tasa/lib/bcc-2.2.3-gcc/bin/../sparc-gaisler-elf/bsp/gr712rc/leon3/mfix-gr712rc/flat/libbcc.a(con_handle.c.o)
                0x0000000040110450                __bcc_con_handle
 .data          0x0000000040110454        0x0 /home/fsw/rep/tasa/lib/bcc-2.2.3-gcc/bin/../lib/gcc/sparc-gaisler-elf/10.2.0/leon3/mfix-gr712rc/flat/libgcc.a(_udivdi3.o)
 .data          0x0000000040110454        0x0 /home/fsw/rep/tasa/lib/bcc-2.2.3-gcc/bin/../lib/gcc/sparc-gaisler-elf/10.2.0/leon3/mfix-gr712rc/flat/libgcc.a(_umoddi3.o)
 .data          0x0000000040110454        0x0 /home/fsw/rep/tasa/lib/bcc-2.2.3-gcc/bin/../lib/gcc/sparc-gaisler-elf/10.2.0/leon3/mfix-gr712rc/flat/libgcc.a(_clz.o)
 .data          0x0000000040110454        0x0 /home/fsw/rep/tasa/lib/bcc-2.2.3-gcc/bin/../lib/gcc/sparc-gaisler-elf/10.2.0/leon3/mfix-gr712rc/flat/crtend.o
 .data          0x0000000040110454        0x0 /home/fsw/rep/tasa/lib/bcc-2.2.3-gcc/bin/../lib/gcc/sparc-gaisler-elf/10.2.0/leon3/mfix-gr712rc/flat/crtn.o
                0x0000000040110458                . = ALIGN (0x8)
 *fill*         0x0000000040110454        0x4 
                0x0000000040110458                __data_end = .
                0x000000004010fe40                __data_start_lma = LOADADDR (.data)
                0x0000000000000618                __data_size = SIZEOF (.data)

.iplt           0x0000000040110458        0x0
 .iplt          0x0000000040110458        0x0 /home/fsw/rep/tasa/lib/bcc-2.2.3-gcc/bin/../sparc-gaisler-elf/bsp/gr712rc/leon3/mfix-gr712rc/flat/trap_table_mvt_tn0018.S.o

.tm_clone_table
                0x0000000040110458        0x0
 .tm_clone_table
                0x0000000040110458        0x0 /home/fsw/rep/tasa/lib/bcc-2.2.3-gcc/bin/../lib/gcc/sparc-gaisler-elf/10.2.0/leon3/mfix-gr712rc/flat/crtbegin.o
 .tm_clone_table
                0x0000000040110458        0x0 /home/fsw/rep/tasa/lib/bcc-2.2.3-gcc/bin/../lib/gcc/sparc-gaisler-elf/10.2.0/leon3/mfix-gr712rc/flat/crtend.o

.bss            0x0000000040110458      0x190
                0x0000000040110458                . = ALIGN (0x8)
                0x0000000040110458                __bss_start = .
 *(.bss .bss.*)
 .bss           0x0000000040110458        0x0 /home/fsw/rep/tasa/lib/bcc-2.2.3-gcc/bin/../sparc-gaisler-elf/bsp/gr712rc/leon3/mfix-gr712rc/flat/trap_table_mvt_tn0018.S.o
 .bss           0x0000000040110458        0x4 /home/fsw/rep/tasa/lib/bcc-2.2.3-gcc/bin/../sparc-gaisler-elf/bsp/gr712rc/leon3/mfix-gr712rc/flat/crt0.S.o
                0x0000000040110458                __bcc_sp_at_entry
 .bss           0x000000004011045c        0x0 /home/fsw/rep/tasa/lib/bcc-2.2.3-gcc/bin/../lib/gcc/sparc-gaisler-elf/10.2.0/leon3/mfix-gr712rc/flat/crti.o
 .bss           0x000000004011045c       0x20 /home/fsw/rep/tasa/lib/bcc-2.2.3-gcc/bin/../lib/gcc/sparc-gaisler-elf/10.2.0/leon3/mfix-gr712rc/flat/crtbegin.o
 .bss           0x000000004011047c        0x0 /tmp/ccure457.o
 .bss           0x000000004011047c        0x0 /home/fsw/rep/tasa/lib/bcc-2.2.3-gcc/bin/../sparc-gaisler-elf/bsp/gr712rc/leon3/mfix-gr712rc/flat/libbcc.a(reset_trap_mvt.S.o)
 .bss           0x000000004011047c        0x0 /home/fsw/rep/tasa/lib/bcc-2.2.3-gcc/bin/../sparc-gaisler-elf/bsp/gr712rc/leon3/mfix-gr712rc/flat/libbcc.a(sw_trap_set_pil.S.o)
 .bss           0x000000004011047c        0x0 /home/fsw/rep/tasa/lib/bcc-2.2.3-gcc/bin/../sparc-gaisler-elf/bsp/gr712rc/leon3/mfix-gr712rc/flat/libbcc.a(init.S.o)
 .bss           0x000000004011047c        0x0 /home/fsw/rep/tasa/lib/bcc-2.2.3-gcc/bin/../sparc-gaisler-elf/bsp/gr712rc/leon3/mfix-gr712rc/flat/libbcc.a(leon_info.S.o)
 .bss           0x000000004011047c        0x0 /home/fsw/rep/tasa/lib/bcc-2.2.3-gcc/bin/../sparc-gaisler-elf/bsp/gr712rc/leon3/mfix-gr712rc/flat/libbcc.a(dwzero.S.o)
 .bss           0x000000004011047c        0x0 /home/fsw/rep/tasa/lib/bcc-2.2.3-gcc/bin/../sparc-gaisler-elf/bsp/gr712rc/leon3/mfix-gr712rc/flat/libbcc.a(copy_data.c.o)
 .bss           0x000000004011047c        0x8 /home/fsw/rep/tasa/lib/bcc-2.2.3-gcc/bin/../sparc-gaisler-elf/bsp/gr712rc/leon3/mfix-gr712rc/flat/libbcc.a(argv.c.o)
                0x0000000040110480                __bcc_argc
 .bss           0x0000000040110484        0x0 /home/fsw/rep/tasa/lib/bcc-2.2.3-gcc/bin/../sparc-gaisler-elf/bsp/gr712rc/leon3/mfix-gr712rc/flat/libbcc.a(interrupt_trap_flat_tn0018.S.o)
 .bss           0x0000000040110484        0x0 /home/fsw/rep/tasa/lib/bcc-2.2.3-gcc/bin/../sparc-gaisler-elf/bsp/gr712rc/leon3/mfix-gr712rc/flat/libbcc.a(int_irqmp_get_source.c.o)
 .bss           0x0000000040110484        0x0 /home/fsw/rep/tasa/lib/bcc-2.2.3-gcc/bin/../sparc-gaisler-elf/bsp/gr712rc/leon3/mfix-gr712rc/flat/libbcc.a(int_irqmp_mp.c.o)
 .bss           0x0000000040110484        0x0 /home/fsw/rep/tasa/lib/bcc-2.2.3-gcc/bin/../sparc-gaisler-elf/bsp/gr712rc/leon3/mfix-gr712rc/flat/libbcc.a(int_irqmp_init.c.o)
 .bss           0x0000000040110484        0x0 /home/fsw/rep/tasa/lib/bcc-2.2.3-gcc/bin/../sparc-gaisler-elf/bsp/gr712rc/leon3/mfix-gr712rc/flat/libbcc.a(con_apbuart_init.c.o)
 .bss           0x0000000040110484        0x0 /home/fsw/rep/tasa/lib/bcc-2.2.3-gcc/bin/../sparc-gaisler-elf/bsp/gr712rc/leon3/mfix-gr712rc/flat/libbcc.a(timer_gptimer_init.c.o)
 .bss           0x0000000040110484       0x80 /home/fsw/rep/tasa/lib/bcc-2.2.3-gcc/bin/../sparc-gaisler-elf/bsp/gr712rc/leon3/mfix-gr712rc/flat/libbcc.a(isr.c.o)
                0x0000000040110484                __bcc_isr_list
 .bss           0x0000000040110504        0x0 /home/fsw/rep/tasa/lib/bcc-2.2.3-gcc/bin/../sparc-gaisler-elf/bsp/gr712rc/leon3/mfix-gr712rc/flat/libbcc.a(int_nest.c.o)
 .bss           0x0000000040110504        0x8 /home/fsw/rep/tasa/lib/bcc-2.2.3-gcc/bin/../sparc-gaisler-elf/bsp/gr712rc/leon3/mfix-gr712rc/flat/libbcc.a(int_irqmp_handle.c.o)
                0x0000000040110504                __bcc_int_irqmp_nts
                0x0000000040110508                __bcc_int_irqmp_map
 .bss           0x000000004011050c        0x0 /home/fsw/rep/tasa/lib/bcc-2.2.3-gcc/bin/../lib/gcc/sparc-gaisler-elf/10.2.0/../../../../sparc-gaisler-elf/lib/leon3/mfix-gr712rc/flat/libc.a(lib_a-atexit.o)
 .bss           0x000000004011050c        0x0 /home/fsw/rep/tasa/lib/bcc-2.2.3-gcc/bin/../lib/gcc/sparc-gaisler-elf/10.2.0/../../../../sparc-gaisler-elf/lib/leon3/mfix-gr712rc/flat/libc.a(lib_a-exit.o)
 .bss           0x000000004011050c        0x0 /home/fsw/rep/tasa/lib/bcc-2.2.3-gcc/bin/../lib/gcc/sparc-gaisler-elf/10.2.0/../../../../sparc-gaisler-elf/lib/leon3/mfix-gr712rc/flat/libc.a(lib_a-impure.o)
 .bss           0x000000004011050c        0x0 /home/fsw/rep/tasa/lib/bcc-2.2.3-gcc/bin/../lib/gcc/sparc-gaisler-elf/10.2.0/../../../../sparc-gaisler-elf/lib/leon3/mfix-gr712rc/flat/libc.a(lib_a-printf.o)
 .bss           0x000000004011050c        0x0 /home/fsw/rep/tasa/lib/bcc-2.2.3-gcc/bin/../lib/gcc/sparc-gaisler-elf/10.2.0/../../../../sparc-gaisler-elf/lib/leon3/mfix-gr712rc/flat/libc.a(lib_a-putchar.o)
 .bss           0x000000004011050c        0x0 /home/fsw/rep/tasa/lib/bcc-2.2.3-gcc/bin/../lib/gcc/sparc-gaisler-elf/10.2.0/../../../../sparc-gaisler-elf/lib/leon3/mfix-gr712rc/flat/libc.a(lib_a-puts.o)
 .bss           0x000000004011050c        0x0 /home/fsw/rep/tasa/lib/bcc-2.2.3-gcc/bin/../lib/gcc/sparc-gaisler-elf/10.2.0/../../../../sparc-gaisler-elf/lib/leon3/mfix-gr712rc/flat/libc.a(lib_a-strlen.o)
 .bss           0x000000004011050c        0x0 /home/fsw/rep/tasa/lib/bcc-2.2.3-gcc/bin/../lib/gcc/sparc-gaisler-elf/10.2.0/../../../../sparc-gaisler-elf/lib/leon3/mfix-gr712rc/flat/libc.a(lib_a-vfprintf.o)
 .bss           0x000000004011050c        0x0 /home/fsw/rep/tasa/lib/bcc-2.2.3-gcc/bin/../lib/gcc/sparc-gaisler-elf/10.2.0/../../../../sparc-gaisler-elf/lib/leon3/mfix-gr712rc/flat/libc.a(lib_a-wsetup.o)
 .bss           0x000000004011050c       0x8c /home/fsw/rep/tasa/lib/bcc-2.2.3-gcc/bin/../lib/gcc/sparc-gaisler-elf/10.2.0/../../../../sparc-gaisler-elf/lib/leon3/mfix-gr712rc/flat/libc.a(lib_a-__atexit.o)
 .bss           0x0000000040110598        0x4 /home/fsw/rep/tasa/lib/bcc-2.2.3-gcc/bin/../lib/gcc/sparc-gaisler-elf/10.2.0/../../../../sparc-gaisler-elf/lib/leon3/mfix-gr712rc/flat/libc.a(lib_a-__call_atexit.o)
                0x0000000040110598                _global_atexit
 .bss           0x000000004011059c        0x0 /home/fsw/rep/tasa/lib/bcc-2.2.3-gcc/bin/../lib/gcc/sparc-gaisler-elf/10.2.0/../../../../sparc-gaisler-elf/lib/leon3/mfix-gr712rc/flat/libc.a(lib_a-dtoa.o)
 .bss           0x000000004011059c        0x0 /home/fsw/rep/tasa/lib/bcc-2.2.3-gcc/bin/../lib/gcc/sparc-gaisler-elf/10.2.0/../../../../sparc-gaisler-elf/lib/leon3/mfix-gr712rc/flat/libc.a(lib_a-fflush.o)
 .bss           0x000000004011059c        0x0 /home/fsw/rep/tasa/lib/bcc-2.2.3-gcc/bin/../lib/gcc/sparc-gaisler-elf/10.2.0/../../../../sparc-gaisler-elf/lib/leon3/mfix-gr712rc/flat/libc.a(lib_a-findfp.o)
 .bss           0x000000004011059c        0x0 /home/fsw/rep/tasa/lib/bcc-2.2.3-gcc/bin/../lib/gcc/sparc-gaisler-elf/10.2.0/../../../../sparc-gaisler-elf/lib/leon3/mfix-gr712rc/flat/libc.a(lib_a-freer.o)
 .bss           0x000000004011059c        0x0 /home/fsw/rep/tasa/lib/bcc-2.2.3-gcc/bin/../lib/gcc/sparc-gaisler-elf/10.2.0/../../../../sparc-gaisler-elf/lib/leon3/mfix-gr712rc/flat/libc.a(lib_a-fvwrite.o)
 .bss           0x000000004011059c        0x0 /home/fsw/rep/tasa/lib/bcc-2.2.3-gcc/bin/../lib/gcc/sparc-gaisler-elf/10.2.0/../../../../sparc-gaisler-elf/lib/leon3/mfix-gr712rc/flat/libc.a(lib_a-fwalk.o)
 .bss           0x000000004011059c        0x0 /home/fsw/rep/tasa/lib/bcc-2.2.3-gcc/bin/../lib/gcc/sparc-gaisler-elf/10.2.0/../../../../sparc-gaisler-elf/lib/leon3/mfix-gr712rc/flat/libc.a(lib_a-localeconv.o)
 .bss           0x000000004011059c        0x0 /home/fsw/rep/tasa/lib/bcc-2.2.3-gcc/bin/../lib/gcc/sparc-gaisler-elf/10.2.0/../../../../sparc-gaisler-elf/lib/leon3/mfix-gr712rc/flat/libc.a(lib_a-makebuf.o)
 .bss           0x000000004011059c        0x0 /home/fsw/rep/tasa/lib/bcc-2.2.3-gcc/bin/../lib/gcc/sparc-gaisler-elf/10.2.0/../../../../sparc-gaisler-elf/lib/leon3/mfix-gr712rc/flat/libc.a(lib_a-malloc.o)
 .bss           0x000000004011059c       0x34 /home/fsw/rep/tasa/lib/bcc-2.2.3-gcc/bin/../lib/gcc/sparc-gaisler-elf/10.2.0/../../../../sparc-gaisler-elf/lib/leon3/mfix-gr712rc/flat/libc.a(lib_a-mallocr.o)
                0x000000004011059c                __malloc_current_mallinfo
                0x00000000401105c4                __malloc_max_total_mem
                0x00000000401105c8                __malloc_max_sbrked_mem
                0x00000000401105cc                __malloc_top_pad
 .bss           0x00000000401105d0        0x0 /home/fsw/rep/tasa/lib/bcc-2.2.3-gcc/bin/../lib/gcc/sparc-gaisler-elf/10.2.0/../../../../sparc-gaisler-elf/lib/leon3/mfix-gr712rc/flat/libc.a(lib_a-memchr.o)
 .bss           0x00000000401105d0        0x0 /home/fsw/rep/tasa/lib/bcc-2.2.3-gcc/bin/../lib/gcc/sparc-gaisler-elf/10.2.0/../../../../sparc-gaisler-elf/lib/leon3/mfix-gr712rc/flat/libc.a(lib_a-memcpy.o)
 .bss           0x00000000401105d0        0x0 /home/fsw/rep/tasa/lib/bcc-2.2.3-gcc/bin/../lib/gcc/sparc-gaisler-elf/10.2.0/../../../../sparc-gaisler-elf/lib/leon3/mfix-gr712rc/flat/libc.a(lib_a-memmove.o)
 .bss           0x00000000401105d0        0x0 /home/fsw/rep/tasa/lib/bcc-2.2.3-gcc/bin/../lib/gcc/sparc-gaisler-elf/10.2.0/../../../../sparc-gaisler-elf/lib/leon3/mfix-gr712rc/flat/libc.a(lib_a-memset.o)
 .bss           0x00000000401105d0        0x0 /home/fsw/rep/tasa/lib/bcc-2.2.3-gcc/bin/../lib/gcc/sparc-gaisler-elf/10.2.0/../../../../sparc-gaisler-elf/lib/leon3/mfix-gr712rc/flat/libc.a(lib_a-mlock.o)
 .bss           0x00000000401105d0        0x0 /home/fsw/rep/tasa/lib/bcc-2.2.3-gcc/bin/../lib/gcc/sparc-gaisler-elf/10.2.0/../../../../sparc-gaisler-elf/lib/leon3/mfix-gr712rc/flat/libc.a(lib_a-mprec.o)
 .bss           0x00000000401105d0        0x0 /home/fsw/rep/tasa/lib/bcc-2.2.3-gcc/bin/../lib/gcc/sparc-gaisler-elf/10.2.0/../../../../sparc-gaisler-elf/lib/leon3/mfix-gr712rc/flat/libc.a(lib_a-putc.o)
 .bss           0x00000000401105d0        0x0 /home/fsw/rep/tasa/lib/bcc-2.2.3-gcc/bin/../lib/gcc/sparc-gaisler-elf/10.2.0/../../../../sparc-gaisler-elf/lib/leon3/mfix-gr712rc/flat/libc.a(lib_a-reallocr.o)
 .bss           0x00000000401105d0        0x0 /home/fsw/rep/tasa/lib/bcc-2.2.3-gcc/bin/../lib/gcc/sparc-gaisler-elf/10.2.0/../../../../sparc-gaisler-elf/lib/leon3/mfix-gr712rc/flat/libc.a(lib_a-s_frexp.o)
 .bss           0x00000000401105d0        0x0 /home/fsw/rep/tasa/lib/bcc-2.2.3-gcc/bin/../lib/gcc/sparc-gaisler-elf/10.2.0/../../../../sparc-gaisler-elf/lib/leon3/mfix-gr712rc/flat/libc.a(lib_a-sbrkr.o)
 .bss           0x00000000401105d0        0x0 /home/fsw/rep/tasa/lib/bcc-2.2.3-gcc/bin/../lib/gcc/sparc-gaisler-elf/10.2.0/../../../../sparc-gaisler-elf/lib/leon3/mfix-gr712rc/flat/libc.a(lib_a-stdio.o)
 .bss           0x00000000401105d0        0x0 /home/fsw/rep/tasa/lib/bcc-2.2.3-gcc/bin/../lib/gcc/sparc-gaisler-elf/10.2.0/../../../../sparc-gaisler-elf/lib/leon3/mfix-gr712rc/flat/libc.a(lib_a-strncpy.o)
 .bss           0x00000000401105d0        0x0 /home/fsw/rep/tasa/lib/bcc-2.2.3-gcc/bin/../lib/gcc/sparc-gaisler-elf/10.2.0/../../../../sparc-gaisler-elf/lib/leon3/mfix-gr712rc/flat/libc.a(lib_a-vfiprintf.o)
 .bss           0x00000000401105d0        0x0 /home/fsw/rep/tasa/lib/bcc-2.2.3-gcc/bin/../lib/gcc/sparc-gaisler-elf/10.2.0/../../../../sparc-gaisler-elf/lib/leon3/mfix-gr712rc/flat/libc.a(lib_a-wbuf.o)
 .bss           0x00000000401105d0        0x0 /home/fsw/rep/tasa/lib/bcc-2.2.3-gcc/bin/../lib/gcc/sparc-gaisler-elf/10.2.0/../../../../sparc-gaisler-elf/lib/leon3/mfix-gr712rc/flat/libc.a(lib_a-writer.o)
 .bss           0x00000000401105d0        0x0 /home/fsw/rep/tasa/lib/bcc-2.2.3-gcc/bin/../lib/gcc/sparc-gaisler-elf/10.2.0/../../../../sparc-gaisler-elf/lib/leon3/mfix-gr712rc/flat/libc.a(lib_a-callocr.o)
 .bss           0x00000000401105d0        0x0 /home/fsw/rep/tasa/lib/bcc-2.2.3-gcc/bin/../lib/gcc/sparc-gaisler-elf/10.2.0/../../../../sparc-gaisler-elf/lib/leon3/mfix-gr712rc/flat/libc.a(lib_a-closer.o)
 .bss           0x00000000401105d0        0x0 /home/fsw/rep/tasa/lib/bcc-2.2.3-gcc/bin/../lib/gcc/sparc-gaisler-elf/10.2.0/../../../../sparc-gaisler-elf/lib/leon3/mfix-gr712rc/flat/libc.a(lib_a-fclose.o)
 .bss           0x00000000401105d0        0x0 /home/fsw/rep/tasa/lib/bcc-2.2.3-gcc/bin/../lib/gcc/sparc-gaisler-elf/10.2.0/../../../../sparc-gaisler-elf/lib/leon3/mfix-gr712rc/flat/libc.a(lib_a-fputwc.o)
 .bss           0x00000000401105d0        0x0 /home/fsw/rep/tasa/lib/bcc-2.2.3-gcc/bin/../lib/gcc/sparc-gaisler-elf/10.2.0/../../../../sparc-gaisler-elf/lib/leon3/mfix-gr712rc/flat/libc.a(lib_a-fstatr.o)
 .bss           0x00000000401105d0        0x0 /home/fsw/rep/tasa/lib/bcc-2.2.3-gcc/bin/../lib/gcc/sparc-gaisler-elf/10.2.0/../../../../sparc-gaisler-elf/lib/leon3/mfix-gr712rc/flat/libc.a(lib_a-isattyr.o)
 .bss           0x00000000401105d0        0x4 /home/fsw/rep/tasa/lib/bcc-2.2.3-gcc/bin/../lib/gcc/sparc-gaisler-elf/10.2.0/../../../../sparc-gaisler-elf/lib/leon3/mfix-gr712rc/flat/libc.a(lib_a-locale.o)
                0x00000000401105d0                _PathLocale
 .bss           0x00000000401105d4        0x0 /home/fsw/rep/tasa/lib/bcc-2.2.3-gcc/bin/../lib/gcc/sparc-gaisler-elf/10.2.0/../../../../sparc-gaisler-elf/lib/leon3/mfix-gr712rc/flat/libc.a(lib_a-lseekr.o)
 .bss           0x00000000401105d4        0x0 /home/fsw/rep/tasa/lib/bcc-2.2.3-gcc/bin/../lib/gcc/sparc-gaisler-elf/10.2.0/../../../../sparc-gaisler-elf/lib/leon3/mfix-gr712rc/flat/libc.a(lib_a-mbtowc_r.o)
 .bss           0x00000000401105d4        0x0 /home/fsw/rep/tasa/lib/bcc-2.2.3-gcc/bin/../lib/gcc/sparc-gaisler-elf/10.2.0/../../../../sparc-gaisler-elf/lib/leon3/mfix-gr712rc/flat/libc.a(lib_a-readr.o)
 .bss           0x00000000401105d4        0x4 /home/fsw/rep/tasa/lib/bcc-2.2.3-gcc/bin/../lib/gcc/sparc-gaisler-elf/10.2.0/../../../../sparc-gaisler-elf/lib/leon3/mfix-gr712rc/flat/libc.a(lib_a-reent.o)
                0x00000000401105d4                errno
 .bss           0x00000000401105d8        0x0 /home/fsw/rep/tasa/lib/bcc-2.2.3-gcc/bin/../lib/gcc/sparc-gaisler-elf/10.2.0/../../../../sparc-gaisler-elf/lib/leon3/mfix-gr712rc/flat/libc.a(lib_a-strcmp.o)
 .bss           0x00000000401105d8        0x0 /home/fsw/rep/tasa/lib/bcc-2.2.3-gcc/bin/../lib/gcc/sparc-gaisler-elf/10.2.0/../../../../sparc-gaisler-elf/lib/leon3/mfix-gr712rc/flat/libc.a(lib_a-wcrtomb.o)
 .bss           0x00000000401105d8        0x0 /home/fsw/rep/tasa/lib/bcc-2.2.3-gcc/bin/../lib/gcc/sparc-gaisler-elf/10.2.0/../../../../sparc-gaisler-elf/lib/leon3/mfix-gr712rc/flat/libc.a(lib_a-wctomb_r.o)
 .bss           0x00000000401105d8        0x0 /home/fsw/rep/tasa/lib/bcc-2.2.3-gcc/bin/../lib/gcc/sparc-gaisler-elf/10.2.0/../../../../sparc-gaisler-elf/lib/leon3/mfix-gr712rc/flat/libc.a(lib_a-ctype_.o)
 .bss           0x00000000401105d8        0x0 /home/fsw/rep/tasa/lib/bcc-2.2.3-gcc/bin/../sparc-gaisler-elf/bsp/gr712rc/leon3/mfix-gr712rc/flat/libbcc.a(_exit.S.o)
 .bss           0x00000000401105d8        0x0 /home/fsw/rep/tasa/lib/bcc-2.2.3-gcc/bin/../sparc-gaisler-elf/bsp/gr712rc/leon3/mfix-gr712rc/flat/libbcc.a(read.c.o)
 .bss           0x00000000401105d8        0x4 /home/fsw/rep/tasa/lib/bcc-2.2.3-gcc/bin/../sparc-gaisler-elf/bsp/gr712rc/leon3/mfix-gr712rc/flat/libbcc.a(sbrk.c.o)
 .bss           0x00000000401105dc        0x8 /home/fsw/rep/tasa/lib/bcc-2.2.3-gcc/bin/../sparc-gaisler-elf/bsp/gr712rc/leon3/mfix-gr712rc/flat/libbcc.a(heap.c.o)
                0x00000000401105dc                __bcc_heap_max
                0x00000000401105e0                __bcc_heap_min
 .bss           0x00000000401105e4        0x0 /home/fsw/rep/tasa/lib/bcc-2.2.3-gcc/bin/../sparc-gaisler-elf/bsp/gr712rc/leon3/mfix-gr712rc/flat/libbcc.a(write.c.o)
 .bss           0x00000000401105e4        0x0 /home/fsw/rep/tasa/lib/bcc-2.2.3-gcc/bin/../sparc-gaisler-elf/bsp/gr712rc/leon3/mfix-gr712rc/flat/libbcc.a(stubs.S.o)
 .bss           0x00000000401105e4        0x4 /home/fsw/rep/tasa/lib/bcc-2.2.3-gcc/bin/../sparc-gaisler-elf/bsp/gr712rc/leon3/mfix-gr712rc/flat/libbcc.a(con_apbuart.c.o)
 .bss           0x00000000401105e8        0x0 /home/fsw/rep/tasa/lib/bcc-2.2.3-gcc/bin/../sparc-gaisler-elf/bsp/gr712rc/leon3/mfix-gr712rc/flat/libbcc.a(con_handle.c.o)
 .bss           0x00000000401105e8        0x0 /home/fsw/rep/tasa/lib/bcc-2.2.3-gcc/bin/../lib/gcc/sparc-gaisler-elf/10.2.0/leon3/mfix-gr712rc/flat/libgcc.a(_udivdi3.o)
 .bss           0x00000000401105e8        0x0 /home/fsw/rep/tasa/lib/bcc-2.2.3-gcc/bin/../lib/gcc/sparc-gaisler-elf/10.2.0/leon3/mfix-gr712rc/flat/libgcc.a(_umoddi3.o)
 .bss           0x00000000401105e8        0x0 /home/fsw/rep/tasa/lib/bcc-2.2.3-gcc/bin/../lib/gcc/sparc-gaisler-elf/10.2.0/leon3/mfix-gr712rc/flat/libgcc.a(_clz.o)
 .bss           0x00000000401105e8        0x0 /home/fsw/rep/tasa/lib/bcc-2.2.3-gcc/bin/../lib/gcc/sparc-gaisler-elf/10.2.0/leon3/mfix-gr712rc/flat/crtend.o
 .bss           0x00000000401105e8        0x0 /home/fsw/rep/tasa/lib/bcc-2.2.3-gcc/bin/../lib/gcc/sparc-gaisler-elf/10.2.0/leon3/mfix-gr712rc/flat/crtn.o
 *(COMMON)
                0x00000000401105e8                . = ALIGN (0x8)
                0x00000000401105e8                __bss_end = .
                0x00000000401105e8                __heap_min = .
                0x00000000401105e8                . = ALIGN (0x8)

.jcr
 *(.jcr)

.stab
 *(.stab)

.stabstr
 *(.stabstr)

.debug
 *(.debug)

.line
 *(.line)

.debug_srcinfo
 *(.debug_srcinfo)

.debug_sfnames
 *(.debug_sfnames)

.debug_aranges  0x0000000000000000      0x9d8
 *(.debug_aranges)
 .debug_aranges
                0x0000000000000000       0x20 /home/fsw/rep/tasa/lib/bcc-2.2.3-gcc/bin/../sparc-gaisler-elf/bsp/gr712rc/leon3/mfix-gr712rc/flat/trap_table_mvt_tn0018.S.o
 .debug_aranges
                0x0000000000000020       0x20 /home/fsw/rep/tasa/lib/bcc-2.2.3-gcc/bin/../sparc-gaisler-elf/bsp/gr712rc/leon3/mfix-gr712rc/flat/crt0.S.o
 .debug_aranges
                0x0000000000000040       0x20 /tmp/ccure457.o
 .debug_aranges
                0x0000000000000060       0x20 /home/fsw/rep/tasa/lib/bcc-2.2.3-gcc/bin/../sparc-gaisler-elf/bsp/gr712rc/leon3/mfix-gr712rc/flat/libbcc.a(reset_trap_mvt.S.o)
 .debug_aranges
                0x0000000000000080       0x20 /home/fsw/rep/tasa/lib/bcc-2.2.3-gcc/bin/../sparc-gaisler-elf/bsp/gr712rc/leon3/mfix-gr712rc/flat/libbcc.a(sw_trap_set_pil.S.o)
 .debug_aranges
                0x00000000000000a0       0x20 /home/fsw/rep/tasa/lib/bcc-2.2.3-gcc/bin/../sparc-gaisler-elf/bsp/gr712rc/leon3/mfix-gr712rc/flat/libbcc.a(init.S.o)
 .debug_aranges
                0x00000000000000c0       0x20 /home/fsw/rep/tasa/lib/bcc-2.2.3-gcc/bin/../sparc-gaisler-elf/bsp/gr712rc/leon3/mfix-gr712rc/flat/libbcc.a(leon_info.S.o)
 .debug_aranges
                0x00000000000000e0       0x20 /home/fsw/rep/tasa/lib/bcc-2.2.3-gcc/bin/../sparc-gaisler-elf/bsp/gr712rc/leon3/mfix-gr712rc/flat/libbcc.a(dwzero.S.o)
 .debug_aranges
                0x0000000000000100       0x20 /home/fsw/rep/tasa/lib/bcc-2.2.3-gcc/bin/../sparc-gaisler-elf/bsp/gr712rc/leon3/mfix-gr712rc/flat/libbcc.a(copy_data.c.o)
 .debug_aranges
                0x0000000000000120       0x18 /home/fsw/rep/tasa/lib/bcc-2.2.3-gcc/bin/../sparc-gaisler-elf/bsp/gr712rc/leon3/mfix-gr712rc/flat/libbcc.a(argv.c.o)
 .debug_aranges
                0x0000000000000138       0x20 /home/fsw/rep/tasa/lib/bcc-2.2.3-gcc/bin/../sparc-gaisler-elf/bsp/gr712rc/leon3/mfix-gr712rc/flat/libbcc.a(interrupt_trap_flat_tn0018.S.o)
 .debug_aranges
                0x0000000000000158       0x20 /home/fsw/rep/tasa/lib/bcc-2.2.3-gcc/bin/../sparc-gaisler-elf/bsp/gr712rc/leon3/mfix-gr712rc/flat/libbcc.a(int_irqmp_get_source.c.o)
 .debug_aranges
                0x0000000000000178       0x20 /home/fsw/rep/tasa/lib/bcc-2.2.3-gcc/bin/../sparc-gaisler-elf/bsp/gr712rc/leon3/mfix-gr712rc/flat/libbcc.a(int_irqmp_mp.c.o)
 .debug_aranges
                0x0000000000000198       0x20 /home/fsw/rep/tasa/lib/bcc-2.2.3-gcc/bin/../sparc-gaisler-elf/bsp/gr712rc/leon3/mfix-gr712rc/flat/libbcc.a(int_irqmp_init.c.o)
 .debug_aranges
                0x00000000000001b8       0x20 /home/fsw/rep/tasa/lib/bcc-2.2.3-gcc/bin/../sparc-gaisler-elf/bsp/gr712rc/leon3/mfix-gr712rc/flat/libbcc.a(con_apbuart_init.c.o)
 .debug_aranges
                0x00000000000001d8       0x20 /home/fsw/rep/tasa/lib/bcc-2.2.3-gcc/bin/../sparc-gaisler-elf/bsp/gr712rc/leon3/mfix-gr712rc/flat/libbcc.a(timer_gptimer_init.c.o)
 .debug_aranges
                0x00000000000001f8       0x18 /home/fsw/rep/tasa/lib/bcc-2.2.3-gcc/bin/../sparc-gaisler-elf/bsp/gr712rc/leon3/mfix-gr712rc/flat/libbcc.a(isr.c.o)
 .debug_aranges
                0x0000000000000210       0x18 /home/fsw/rep/tasa/lib/bcc-2.2.3-gcc/bin/../sparc-gaisler-elf/bsp/gr712rc/leon3/mfix-gr712rc/flat/libbcc.a(int_nest.c.o)
 .debug_aranges
                0x0000000000000228       0x18 /home/fsw/rep/tasa/lib/bcc-2.2.3-gcc/bin/../sparc-gaisler-elf/bsp/gr712rc/leon3/mfix-gr712rc/flat/libbcc.a(int_irqmp_handle.c.o)
 .debug_aranges
                0x0000000000000240       0x20 /home/fsw/rep/tasa/lib/bcc-2.2.3-gcc/bin/../lib/gcc/sparc-gaisler-elf/10.2.0/../../../../sparc-gaisler-elf/lib/leon3/mfix-gr712rc/flat/libc.a(lib_a-atexit.o)
 .debug_aranges
                0x0000000000000260       0x20 /home/fsw/rep/tasa/lib/bcc-2.2.3-gcc/bin/../lib/gcc/sparc-gaisler-elf/10.2.0/../../../../sparc-gaisler-elf/lib/leon3/mfix-gr712rc/flat/libc.a(lib_a-exit.o)
 .debug_aranges
                0x0000000000000280       0x18 /home/fsw/rep/tasa/lib/bcc-2.2.3-gcc/bin/../lib/gcc/sparc-gaisler-elf/10.2.0/../../../../sparc-gaisler-elf/lib/leon3/mfix-gr712rc/flat/libc.a(lib_a-impure.o)
 .debug_aranges
                0x0000000000000298       0x20 /home/fsw/rep/tasa/lib/bcc-2.2.3-gcc/bin/../lib/gcc/sparc-gaisler-elf/10.2.0/../../../../sparc-gaisler-elf/lib/leon3/mfix-gr712rc/flat/libc.a(lib_a-printf.o)
 .debug_aranges
                0x00000000000002b8       0x20 /home/fsw/rep/tasa/lib/bcc-2.2.3-gcc/bin/../lib/gcc/sparc-gaisler-elf/10.2.0/../../../../sparc-gaisler-elf/lib/leon3/mfix-gr712rc/flat/libc.a(lib_a-putchar.o)
 .debug_aranges
                0x00000000000002d8       0x20 /home/fsw/rep/tasa/lib/bcc-2.2.3-gcc/bin/../lib/gcc/sparc-gaisler-elf/10.2.0/../../../../sparc-gaisler-elf/lib/leon3/mfix-gr712rc/flat/libc.a(lib_a-puts.o)
 .debug_aranges
                0x00000000000002f8       0x20 /home/fsw/rep/tasa/lib/bcc-2.2.3-gcc/bin/../lib/gcc/sparc-gaisler-elf/10.2.0/../../../../sparc-gaisler-elf/lib/leon3/mfix-gr712rc/flat/libc.a(lib_a-strlen.o)
 .debug_aranges
                0x0000000000000318       0x20 /home/fsw/rep/tasa/lib/bcc-2.2.3-gcc/bin/../lib/gcc/sparc-gaisler-elf/10.2.0/../../../../sparc-gaisler-elf/lib/leon3/mfix-gr712rc/flat/libc.a(lib_a-vfprintf.o)
 .debug_aranges
                0x0000000000000338       0x20 /home/fsw/rep/tasa/lib/bcc-2.2.3-gcc/bin/../lib/gcc/sparc-gaisler-elf/10.2.0/../../../../sparc-gaisler-elf/lib/leon3/mfix-gr712rc/flat/libc.a(lib_a-wsetup.o)
 .debug_aranges
                0x0000000000000358       0x20 /home/fsw/rep/tasa/lib/bcc-2.2.3-gcc/bin/../lib/gcc/sparc-gaisler-elf/10.2.0/../../../../sparc-gaisler-elf/lib/leon3/mfix-gr712rc/flat/libc.a(lib_a-__atexit.o)
 .debug_aranges
                0x0000000000000378       0x20 /home/fsw/rep/tasa/lib/bcc-2.2.3-gcc/bin/../lib/gcc/sparc-gaisler-elf/10.2.0/../../../../sparc-gaisler-elf/lib/leon3/mfix-gr712rc/flat/libc.a(lib_a-__call_atexit.o)
 .debug_aranges
                0x0000000000000398       0x20 /home/fsw/rep/tasa/lib/bcc-2.2.3-gcc/bin/../lib/gcc/sparc-gaisler-elf/10.2.0/../../../../sparc-gaisler-elf/lib/leon3/mfix-gr712rc/flat/libc.a(lib_a-dtoa.o)
 .debug_aranges
                0x00000000000003b8       0x20 /home/fsw/rep/tasa/lib/bcc-2.2.3-gcc/bin/../lib/gcc/sparc-gaisler-elf/10.2.0/../../../../sparc-gaisler-elf/lib/leon3/mfix-gr712rc/flat/libc.a(lib_a-fflush.o)
 .debug_aranges
                0x00000000000003d8       0x20 /home/fsw/rep/tasa/lib/bcc-2.2.3-gcc/bin/../lib/gcc/sparc-gaisler-elf/10.2.0/../../../../sparc-gaisler-elf/lib/leon3/mfix-gr712rc/flat/libc.a(lib_a-findfp.o)
 .debug_aranges
                0x00000000000003f8       0x20 /home/fsw/rep/tasa/lib/bcc-2.2.3-gcc/bin/../lib/gcc/sparc-gaisler-elf/10.2.0/../../../../sparc-gaisler-elf/lib/leon3/mfix-gr712rc/flat/libc.a(lib_a-freer.o)
 .debug_aranges
                0x0000000000000418       0x20 /home/fsw/rep/tasa/lib/bcc-2.2.3-gcc/bin/../lib/gcc/sparc-gaisler-elf/10.2.0/../../../../sparc-gaisler-elf/lib/leon3/mfix-gr712rc/flat/libc.a(lib_a-fvwrite.o)
 .debug_aranges
                0x0000000000000438       0x20 /home/fsw/rep/tasa/lib/bcc-2.2.3-gcc/bin/../lib/gcc/sparc-gaisler-elf/10.2.0/../../../../sparc-gaisler-elf/lib/leon3/mfix-gr712rc/flat/libc.a(lib_a-fwalk.o)
 .debug_aranges
                0x0000000000000458       0x20 /home/fsw/rep/tasa/lib/bcc-2.2.3-gcc/bin/../lib/gcc/sparc-gaisler-elf/10.2.0/../../../../sparc-gaisler-elf/lib/leon3/mfix-gr712rc/flat/libc.a(lib_a-localeconv.o)
 .debug_aranges
                0x0000000000000478       0x20 /home/fsw/rep/tasa/lib/bcc-2.2.3-gcc/bin/../lib/gcc/sparc-gaisler-elf/10.2.0/../../../../sparc-gaisler-elf/lib/leon3/mfix-gr712rc/flat/libc.a(lib_a-makebuf.o)
 .debug_aranges
                0x0000000000000498       0x20 /home/fsw/rep/tasa/lib/bcc-2.2.3-gcc/bin/../lib/gcc/sparc-gaisler-elf/10.2.0/../../../../sparc-gaisler-elf/lib/leon3/mfix-gr712rc/flat/libc.a(lib_a-malloc.o)
 .debug_aranges
                0x00000000000004b8       0x20 /home/fsw/rep/tasa/lib/bcc-2.2.3-gcc/bin/../lib/gcc/sparc-gaisler-elf/10.2.0/../../../../sparc-gaisler-elf/lib/leon3/mfix-gr712rc/flat/libc.a(lib_a-mallocr.o)
 .debug_aranges
                0x00000000000004d8       0x20 /home/fsw/rep/tasa/lib/bcc-2.2.3-gcc/bin/../lib/gcc/sparc-gaisler-elf/10.2.0/../../../../sparc-gaisler-elf/lib/leon3/mfix-gr712rc/flat/libc.a(lib_a-memchr.o)
 .debug_aranges
                0x00000000000004f8       0x20 /home/fsw/rep/tasa/lib/bcc-2.2.3-gcc/bin/../lib/gcc/sparc-gaisler-elf/10.2.0/../../../../sparc-gaisler-elf/lib/leon3/mfix-gr712rc/flat/libc.a(lib_a-memcpy.o)
 .debug_aranges
                0x0000000000000518       0x20 /home/fsw/rep/tasa/lib/bcc-2.2.3-gcc/bin/../lib/gcc/sparc-gaisler-elf/10.2.0/../../../../sparc-gaisler-elf/lib/leon3/mfix-gr712rc/flat/libc.a(lib_a-memmove.o)
 .debug_aranges
                0x0000000000000538       0x20 /home/fsw/rep/tasa/lib/bcc-2.2.3-gcc/bin/../lib/gcc/sparc-gaisler-elf/10.2.0/../../../../sparc-gaisler-elf/lib/leon3/mfix-gr712rc/flat/libc.a(lib_a-memset.o)
 .debug_aranges
                0x0000000000000558       0x20 /home/fsw/rep/tasa/lib/bcc-2.2.3-gcc/bin/../lib/gcc/sparc-gaisler-elf/10.2.0/../../../../sparc-gaisler-elf/lib/leon3/mfix-gr712rc/flat/libc.a(lib_a-mlock.o)
 .debug_aranges
                0x0000000000000578       0x20 /home/fsw/rep/tasa/lib/bcc-2.2.3-gcc/bin/../lib/gcc/sparc-gaisler-elf/10.2.0/../../../../sparc-gaisler-elf/lib/leon3/mfix-gr712rc/flat/libc.a(lib_a-mprec.o)
 .debug_aranges
                0x0000000000000598       0x20 /home/fsw/rep/tasa/lib/bcc-2.2.3-gcc/bin/../lib/gcc/sparc-gaisler-elf/10.2.0/../../../../sparc-gaisler-elf/lib/leon3/mfix-gr712rc/flat/libc.a(lib_a-putc.o)
 .debug_aranges
                0x00000000000005b8       0x20 /home/fsw/rep/tasa/lib/bcc-2.2.3-gcc/bin/../lib/gcc/sparc-gaisler-elf/10.2.0/../../../../sparc-gaisler-elf/lib/leon3/mfix-gr712rc/flat/libc.a(lib_a-reallocr.o)
 .debug_aranges
                0x00000000000005d8       0x20 /home/fsw/rep/tasa/lib/bcc-2.2.3-gcc/bin/../lib/gcc/sparc-gaisler-elf/10.2.0/../../../../sparc-gaisler-elf/lib/leon3/mfix-gr712rc/flat/libc.a(lib_a-s_frexp.o)
 .debug_aranges
                0x00000000000005f8       0x20 /home/fsw/rep/tasa/lib/bcc-2.2.3-gcc/bin/../lib/gcc/sparc-gaisler-elf/10.2.0/../../../../sparc-gaisler-elf/lib/leon3/mfix-gr712rc/flat/libc.a(lib_a-sbrkr.o)
 .debug_aranges
                0x0000000000000618       0x20 /home/fsw/rep/tasa/lib/bcc-2.2.3-gcc/bin/../lib/gcc/sparc-gaisler-elf/10.2.0/../../../../sparc-gaisler-elf/lib/leon3/mfix-gr712rc/flat/libc.a(lib_a-stdio.o)
 .debug_aranges
                0x0000000000000638       0x20 /home/fsw/rep/tasa/lib/bcc-2.2.3-gcc/bin/../lib/gcc/sparc-gaisler-elf/10.2.0/../../../../sparc-gaisler-elf/lib/leon3/mfix-gr712rc/flat/libc.a(lib_a-strncpy.o)
 .debug_aranges
                0x0000000000000658       0x20 /home/fsw/rep/tasa/lib/bcc-2.2.3-gcc/bin/../lib/gcc/sparc-gaisler-elf/10.2.0/../../../../sparc-gaisler-elf/lib/leon3/mfix-gr712rc/flat/libc.a(lib_a-vfiprintf.o)
 .debug_aranges
                0x0000000000000678       0x20 /home/fsw/rep/tasa/lib/bcc-2.2.3-gcc/bin/../lib/gcc/sparc-gaisler-elf/10.2.0/../../../../sparc-gaisler-elf/lib/leon3/mfix-gr712rc/flat/libc.a(lib_a-wbuf.o)
 .debug_aranges
                0x0000000000000698       0x20 /home/fsw/rep/tasa/lib/bcc-2.2.3-gcc/bin/../lib/gcc/sparc-gaisler-elf/10.2.0/../../../../sparc-gaisler-elf/lib/leon3/mfix-gr712rc/flat/libc.a(lib_a-writer.o)
 .debug_aranges
                0x00000000000006b8       0x20 /home/fsw/rep/tasa/lib/bcc-2.2.3-gcc/bin/../lib/gcc/sparc-gaisler-elf/10.2.0/../../../../sparc-gaisler-elf/lib/leon3/mfix-gr712rc/flat/libc.a(lib_a-callocr.o)
 .debug_aranges
                0x00000000000006d8       0x20 /home/fsw/rep/tasa/lib/bcc-2.2.3-gcc/bin/../lib/gcc/sparc-gaisler-elf/10.2.0/../../../../sparc-gaisler-elf/lib/leon3/mfix-gr712rc/flat/libc.a(lib_a-closer.o)
 .debug_aranges
                0x00000000000006f8       0x20 /home/fsw/rep/tasa/lib/bcc-2.2.3-gcc/bin/../lib/gcc/sparc-gaisler-elf/10.2.0/../../../../sparc-gaisler-elf/lib/leon3/mfix-gr712rc/flat/libc.a(lib_a-fclose.o)
 .debug_aranges
                0x0000000000000718       0x20 /home/fsw/rep/tasa/lib/bcc-2.2.3-gcc/bin/../lib/gcc/sparc-gaisler-elf/10.2.0/../../../../sparc-gaisler-elf/lib/leon3/mfix-gr712rc/flat/libc.a(lib_a-fputwc.o)
 .debug_aranges
                0x0000000000000738       0x20 /home/fsw/rep/tasa/lib/bcc-2.2.3-gcc/bin/../lib/gcc/sparc-gaisler-elf/10.2.0/../../../../sparc-gaisler-elf/lib/leon3/mfix-gr712rc/flat/libc.a(lib_a-fstatr.o)
 .debug_aranges
                0x0000000000000758       0x20 /home/fsw/rep/tasa/lib/bcc-2.2.3-gcc/bin/../lib/gcc/sparc-gaisler-elf/10.2.0/../../../../sparc-gaisler-elf/lib/leon3/mfix-gr712rc/flat/libc.a(lib_a-isattyr.o)
 .debug_aranges
                0x0000000000000778       0x20 /home/fsw/rep/tasa/lib/bcc-2.2.3-gcc/bin/../lib/gcc/sparc-gaisler-elf/10.2.0/../../../../sparc-gaisler-elf/lib/leon3/mfix-gr712rc/flat/libc.a(lib_a-locale.o)
 .debug_aranges
                0x0000000000000798       0x20 /home/fsw/rep/tasa/lib/bcc-2.2.3-gcc/bin/../lib/gcc/sparc-gaisler-elf/10.2.0/../../../../sparc-gaisler-elf/lib/leon3/mfix-gr712rc/flat/libc.a(lib_a-lseekr.o)
 .debug_aranges
                0x00000000000007b8       0x20 /home/fsw/rep/tasa/lib/bcc-2.2.3-gcc/bin/../lib/gcc/sparc-gaisler-elf/10.2.0/../../../../sparc-gaisler-elf/lib/leon3/mfix-gr712rc/flat/libc.a(lib_a-mbtowc_r.o)
 .debug_aranges
                0x00000000000007d8       0x20 /home/fsw/rep/tasa/lib/bcc-2.2.3-gcc/bin/../lib/gcc/sparc-gaisler-elf/10.2.0/../../../../sparc-gaisler-elf/lib/leon3/mfix-gr712rc/flat/libc.a(lib_a-readr.o)
 .debug_aranges
                0x00000000000007f8       0x20 /home/fsw/rep/tasa/lib/bcc-2.2.3-gcc/bin/../lib/gcc/sparc-gaisler-elf/10.2.0/../../../../sparc-gaisler-elf/lib/leon3/mfix-gr712rc/flat/libc.a(lib_a-reent.o)
 .debug_aranges
                0x0000000000000818       0x20 /home/fsw/rep/tasa/lib/bcc-2.2.3-gcc/bin/../lib/gcc/sparc-gaisler-elf/10.2.0/../../../../sparc-gaisler-elf/lib/leon3/mfix-gr712rc/flat/libc.a(lib_a-strcmp.o)
 .debug_aranges
                0x0000000000000838       0x20 /home/fsw/rep/tasa/lib/bcc-2.2.3-gcc/bin/../lib/gcc/sparc-gaisler-elf/10.2.0/../../../../sparc-gaisler-elf/lib/leon3/mfix-gr712rc/flat/libc.a(lib_a-wcrtomb.o)
 .debug_aranges
                0x0000000000000858       0x20 /home/fsw/rep/tasa/lib/bcc-2.2.3-gcc/bin/../lib/gcc/sparc-gaisler-elf/10.2.0/../../../../sparc-gaisler-elf/lib/leon3/mfix-gr712rc/flat/libc.a(lib_a-wctomb_r.o)
 .debug_aranges
                0x0000000000000878       0x18 /home/fsw/rep/tasa/lib/bcc-2.2.3-gcc/bin/../lib/gcc/sparc-gaisler-elf/10.2.0/../../../../sparc-gaisler-elf/lib/leon3/mfix-gr712rc/flat/libc.a(lib_a-ctype_.o)
 .debug_aranges
                0x0000000000000890       0x20 /home/fsw/rep/tasa/lib/bcc-2.2.3-gcc/bin/../sparc-gaisler-elf/bsp/gr712rc/leon3/mfix-gr712rc/flat/libbcc.a(_exit.S.o)
 .debug_aranges
                0x00000000000008b0       0x20 /home/fsw/rep/tasa/lib/bcc-2.2.3-gcc/bin/../sparc-gaisler-elf/bsp/gr712rc/leon3/mfix-gr712rc/flat/libbcc.a(read.c.o)
 .debug_aranges
                0x00000000000008d0       0x20 /home/fsw/rep/tasa/lib/bcc-2.2.3-gcc/bin/../sparc-gaisler-elf/bsp/gr712rc/leon3/mfix-gr712rc/flat/libbcc.a(sbrk.c.o)
 .debug_aranges
                0x00000000000008f0       0x18 /home/fsw/rep/tasa/lib/bcc-2.2.3-gcc/bin/../sparc-gaisler-elf/bsp/gr712rc/leon3/mfix-gr712rc/flat/libbcc.a(heap.c.o)
 .debug_aranges
                0x0000000000000908       0x20 /home/fsw/rep/tasa/lib/bcc-2.2.3-gcc/bin/../sparc-gaisler-elf/bsp/gr712rc/leon3/mfix-gr712rc/flat/libbcc.a(write.c.o)
 .debug_aranges
                0x0000000000000928       0x20 /home/fsw/rep/tasa/lib/bcc-2.2.3-gcc/bin/../sparc-gaisler-elf/bsp/gr712rc/leon3/mfix-gr712rc/flat/libbcc.a(stubs.S.o)
 .debug_aranges
                0x0000000000000948       0x20 /home/fsw/rep/tasa/lib/bcc-2.2.3-gcc/bin/../sparc-gaisler-elf/bsp/gr712rc/leon3/mfix-gr712rc/flat/libbcc.a(con_apbuart.c.o)
 .debug_aranges
                0x0000000000000968       0x18 /home/fsw/rep/tasa/lib/bcc-2.2.3-gcc/bin/../sparc-gaisler-elf/bsp/gr712rc/leon3/mfix-gr712rc/flat/libbcc.a(con_handle.c.o)
 .debug_aranges
                0x0000000000000980       0x20 /home/fsw/rep/tasa/lib/bcc-2.2.3-gcc/bin/../lib/gcc/sparc-gaisler-elf/10.2.0/leon3/mfix-gr712rc/flat/libgcc.a(_udivdi3.o)
 .debug_aranges
                0x00000000000009a0       0x20 /home/fsw/rep/tasa/lib/bcc-2.2.3-gcc/bin/../lib/gcc/sparc-gaisler-elf/10.2.0/leon3/mfix-gr712rc/flat/libgcc.a(_umoddi3.o)
 .debug_aranges
                0x00000000000009c0       0x18 /home/fsw/rep/tasa/lib/bcc-2.2.3-gcc/bin/../lib/gcc/sparc-gaisler-elf/10.2.0/leon3/mfix-gr712rc/flat/libgcc.a(_clz.o)

.debug_pubnames
 *(.debug_pubnames)

.debug_info     0x0000000000000000    0x20e5f
 *(.debug_info)
 .debug_info    0x0000000000000000       0x26 /home/fsw/rep/tasa/lib/bcc-2.2.3-gcc/bin/../sparc-gaisler-elf/bsp/gr712rc/leon3/mfix-gr712rc/flat/trap_table_mvt_tn0018.S.o
 .debug_info    0x0000000000000026       0x26 /home/fsw/rep/tasa/lib/bcc-2.2.3-gcc/bin/../sparc-gaisler-elf/bsp/gr712rc/leon3/mfix-gr712rc/flat/crt0.S.o
 .debug_info    0x000000000000004c      0x368 /tmp/ccure457.o
 .debug_info    0x00000000000003b4       0x26 /home/fsw/rep/tasa/lib/bcc-2.2.3-gcc/bin/../sparc-gaisler-elf/bsp/gr712rc/leon3/mfix-gr712rc/flat/libbcc.a(reset_trap_mvt.S.o)
 .debug_info    0x00000000000003da       0x26 /home/fsw/rep/tasa/lib/bcc-2.2.3-gcc/bin/../sparc-gaisler-elf/bsp/gr712rc/leon3/mfix-gr712rc/flat/libbcc.a(sw_trap_set_pil.S.o)
 .debug_info    0x0000000000000400       0x26 /home/fsw/rep/tasa/lib/bcc-2.2.3-gcc/bin/../sparc-gaisler-elf/bsp/gr712rc/leon3/mfix-gr712rc/flat/libbcc.a(init.S.o)
 .debug_info    0x0000000000000426       0x26 /home/fsw/rep/tasa/lib/bcc-2.2.3-gcc/bin/../sparc-gaisler-elf/bsp/gr712rc/leon3/mfix-gr712rc/flat/libbcc.a(leon_info.S.o)
 .debug_info    0x000000000000044c       0x26 /home/fsw/rep/tasa/lib/bcc-2.2.3-gcc/bin/../sparc-gaisler-elf/bsp/gr712rc/leon3/mfix-gr712rc/flat/libbcc.a(dwzero.S.o)
 .debug_info    0x0000000000000472       0xe8 /home/fsw/rep/tasa/lib/bcc-2.2.3-gcc/bin/../sparc-gaisler-elf/bsp/gr712rc/leon3/mfix-gr712rc/flat/libbcc.a(copy_data.c.o)
 .debug_info    0x000000000000055a       0xd9 /home/fsw/rep/tasa/lib/bcc-2.2.3-gcc/bin/../sparc-gaisler-elf/bsp/gr712rc/leon3/mfix-gr712rc/flat/libbcc.a(argv.c.o)
 .debug_info    0x0000000000000633       0x26 /home/fsw/rep/tasa/lib/bcc-2.2.3-gcc/bin/../sparc-gaisler-elf/bsp/gr712rc/leon3/mfix-gr712rc/flat/libbcc.a(interrupt_trap_flat_tn0018.S.o)
 .debug_info    0x0000000000000659      0x2db /home/fsw/rep/tasa/lib/bcc-2.2.3-gcc/bin/../sparc-gaisler-elf/bsp/gr712rc/leon3/mfix-gr712rc/flat/libbcc.a(int_irqmp_get_source.c.o)
 .debug_info    0x0000000000000934      0x3a6 /home/fsw/rep/tasa/lib/bcc-2.2.3-gcc/bin/../sparc-gaisler-elf/bsp/gr712rc/leon3/mfix-gr712rc/flat/libbcc.a(int_irqmp_mp.c.o)
 .debug_info    0x0000000000000cda      0x390 /home/fsw/rep/tasa/lib/bcc-2.2.3-gcc/bin/../sparc-gaisler-elf/bsp/gr712rc/leon3/mfix-gr712rc/flat/libbcc.a(int_irqmp_init.c.o)
 .debug_info    0x000000000000106a       0xd7 /home/fsw/rep/tasa/lib/bcc-2.2.3-gcc/bin/../sparc-gaisler-elf/bsp/gr712rc/leon3/mfix-gr712rc/flat/libbcc.a(con_apbuart_init.c.o)
 .debug_info    0x0000000000001141      0x17d /home/fsw/rep/tasa/lib/bcc-2.2.3-gcc/bin/../sparc-gaisler-elf/bsp/gr712rc/leon3/mfix-gr712rc/flat/libbcc.a(timer_gptimer_init.c.o)
 .debug_info    0x00000000000012be       0xf5 /home/fsw/rep/tasa/lib/bcc-2.2.3-gcc/bin/../sparc-gaisler-elf/bsp/gr712rc/leon3/mfix-gr712rc/flat/libbcc.a(isr.c.o)
 .debug_info    0x00000000000013b3       0xcd /home/fsw/rep/tasa/lib/bcc-2.2.3-gcc/bin/../sparc-gaisler-elf/bsp/gr712rc/leon3/mfix-gr712rc/flat/libbcc.a(int_nest.c.o)
 .debug_info    0x0000000000001480       0xeb /home/fsw/rep/tasa/lib/bcc-2.2.3-gcc/bin/../sparc-gaisler-elf/bsp/gr712rc/leon3/mfix-gr712rc/flat/libbcc.a(int_irqmp_handle.c.o)
 .debug_info    0x000000000000156b      0x100 /home/fsw/rep/tasa/lib/bcc-2.2.3-gcc/bin/../lib/gcc/sparc-gaisler-elf/10.2.0/../../../../sparc-gaisler-elf/lib/leon3/mfix-gr712rc/flat/libc.a(lib_a-atexit.o)
 .debug_info    0x000000000000166b      0x7de /home/fsw/rep/tasa/lib/bcc-2.2.3-gcc/bin/../lib/gcc/sparc-gaisler-elf/10.2.0/../../../../sparc-gaisler-elf/lib/leon3/mfix-gr712rc/flat/libc.a(lib_a-exit.o)
 .debug_info    0x0000000000001e49      0x83e /home/fsw/rep/tasa/lib/bcc-2.2.3-gcc/bin/../lib/gcc/sparc-gaisler-elf/10.2.0/../../../../sparc-gaisler-elf/lib/leon3/mfix-gr712rc/flat/libc.a(lib_a-impure.o)
 .debug_info    0x0000000000002687      0x903 /home/fsw/rep/tasa/lib/bcc-2.2.3-gcc/bin/../lib/gcc/sparc-gaisler-elf/10.2.0/../../../../sparc-gaisler-elf/lib/leon3/mfix-gr712rc/flat/libc.a(lib_a-printf.o)
 .debug_info    0x0000000000002f8a      0x86d /home/fsw/rep/tasa/lib/bcc-2.2.3-gcc/bin/../lib/gcc/sparc-gaisler-elf/10.2.0/../../../../sparc-gaisler-elf/lib/leon3/mfix-gr712rc/flat/libc.a(lib_a-putchar.o)
 .debug_info    0x00000000000037f7      0xaf5 /home/fsw/rep/tasa/lib/bcc-2.2.3-gcc/bin/../lib/gcc/sparc-gaisler-elf/10.2.0/../../../../sparc-gaisler-elf/lib/leon3/mfix-gr712rc/flat/libc.a(lib_a-puts.o)
 .debug_info    0x00000000000042ec       0xee /home/fsw/rep/tasa/lib/bcc-2.2.3-gcc/bin/../lib/gcc/sparc-gaisler-elf/10.2.0/../../../../sparc-gaisler-elf/lib/leon3/mfix-gr712rc/flat/libc.a(lib_a-strlen.o)
 .debug_info    0x00000000000043da     0x1da3 /home/fsw/rep/tasa/lib/bcc-2.2.3-gcc/bin/../lib/gcc/sparc-gaisler-elf/10.2.0/../../../../sparc-gaisler-elf/lib/leon3/mfix-gr712rc/flat/libc.a(lib_a-vfprintf.o)
 .debug_info    0x000000000000617d      0x8dd /home/fsw/rep/tasa/lib/bcc-2.2.3-gcc/bin/../lib/gcc/sparc-gaisler-elf/10.2.0/../../../../sparc-gaisler-elf/lib/leon3/mfix-gr712rc/flat/libc.a(lib_a-wsetup.o)
 .debug_info    0x0000000000006a5a      0x264 /home/fsw/rep/tasa/lib/bcc-2.2.3-gcc/bin/../lib/gcc/sparc-gaisler-elf/10.2.0/../../../../sparc-gaisler-elf/lib/leon3/mfix-gr712rc/flat/libc.a(lib_a-__atexit.o)
 .debug_info    0x0000000000006cbe      0x28d /home/fsw/rep/tasa/lib/bcc-2.2.3-gcc/bin/../lib/gcc/sparc-gaisler-elf/10.2.0/../../../../sparc-gaisler-elf/lib/leon3/mfix-gr712rc/flat/libc.a(lib_a-__call_atexit.o)
 .debug_info    0x0000000000006f4b     0x1534 /home/fsw/rep/tasa/lib/bcc-2.2.3-gcc/bin/../lib/gcc/sparc-gaisler-elf/10.2.0/../../../../sparc-gaisler-elf/lib/leon3/mfix-gr712rc/flat/libc.a(lib_a-dtoa.o)
 .debug_info    0x000000000000847f      0xae9 /home/fsw/rep/tasa/lib/bcc-2.2.3-gcc/bin/../lib/gcc/sparc-gaisler-elf/10.2.0/../../../../sparc-gaisler-elf/lib/leon3/mfix-gr712rc/flat/libc.a(lib_a-fflush.o)
 .debug_info    0x0000000000008f68      0xddd /home/fsw/rep/tasa/lib/bcc-2.2.3-gcc/bin/../lib/gcc/sparc-gaisler-elf/10.2.0/../../../../sparc-gaisler-elf/lib/leon3/mfix-gr712rc/flat/libc.a(lib_a-findfp.o)
 .debug_info    0x0000000000009d45      0xb85 /home/fsw/rep/tasa/lib/bcc-2.2.3-gcc/bin/../lib/gcc/sparc-gaisler-elf/10.2.0/../../../../sparc-gaisler-elf/lib/leon3/mfix-gr712rc/flat/libc.a(lib_a-freer.o)